a100-llm-05:3879622:3879757 [7] NCCL INFO GPU Direct RDMA Enabled for GPU/0-1044576 (rank 7) - NET/0-12 (distance 5 <= 6, read 0, mode Default)
a100-llm-05:3879622:3879749 [5] NCCL INFO New proxy recv connection 0 from local rank 0, transport 2
a100-llm-05:3879622:3879746 [7] NCCL INFO New proxy recv connection 1 from local rank 0, transport 2
a100-llm-05:3879622:3879741 [1] NCCL INFO New proxy recv connection 0 from local rank 0, transport 2
a100-llm-05:3879622:3879757 [7] NCCL INFO Connected to proxy localRank 0 -> connection 0x7f3b08000d88
a100-llm-05:3879622:3879763 [1] NCCL INFO Connected to proxy localRank 0 -> connection 0x7f3c4bfc1180
a100-llm-05:3879622:3879759 [5] NCCL INFO Connected to proxy localRank 0 -> connection 0x7f3c37431180
a100-llm-05:3879622:3879763 [1] NCCL INFO Channel 00/0 : 0[0] -> 1[1] [receive] via NET/IB/9/GDRDMA
a100-llm-05:3879622:3879763 [1] NCCL INFO GPU Direct RDMA Enabled for GPU/0-1020000 (rank 1) - NET/0-9 (distance 5 <= 6, read 0, mode Default)
a100-llm-05:3879622:3879764 [0] NCCL INFO Channel 00/0 : 7[7] -> 0[0] [receive] via NET/IB/9/GDRDMA
a100-llm-05:3879622:3879764 [0] NCCL INFO GPU Direct RDMA Enabled for GPU/0-1019984 (rank 0) - NET/0-9 (distance 5 <= 6, read 0, mode Default)
a100-llm-05:3879622:3879741 [1] NCCL INFO New proxy recv connection 1 from local rank 0, transport 2
a100-llm-05:3879622:3879751 [4] NCCL INFO New proxy recv connection 0 from local rank 0, transport 2
a100-llm-05:3879622:3879754 [0] NCCL INFO New proxy recv connection 1 from local rank 0, transport 2
a100-llm-05:3879622:3879763 [1] NCCL INFO Connected to proxy localRank 0 -> connection 0x7f3c4bfc11f8
a100-llm-05:3879622:3879763 [1] NCCL INFO Channel 01/0 : 0[0] -> 1[1] [receive] via NET/IB/9/GDRDMA
a100-llm-05:3879622:3879763 [1] NCCL INFO GPU Direct RDMA Enabled for GPU/0-1020000 (rank 1) - NET/0-9 (distance 5 <= 6, read 1, mode Default)
a100-llm-05:3879622:3879741 [1] NCCL INFO New proxy send connection 2 from local rank 0, transport 2
a100-llm-05:3879622:3879763 [1] NCCL INFO Connected to proxy localRank 0 -> connection 0x7f3c4bfc1270
a100-llm-05:3879622:3879763 [1] NCCL INFO Channel 00/0 : 1[1] -> 2[2] [send] via NET/IB/9/GDRDMA
a100-llm-05:3879622:3879763 [1] NCCL INFO GPU Direct RDMA Enabled for GPU/0-1020000 (rank 1) - NET/0-9 (distance 5 <= 6, read 1, mode Default)
a100-llm-05:3879622:3879741 [1] NCCL INFO New proxy send connection 3 from local rank 0, transport 2
a100-llm-05:3879622:3879763 [1] NCCL INFO Connected to proxy localRank 0 -> connection 0x7f3c4bfc12e8
a100-llm-05:3879622:3879763 [1] NCCL INFO Channel 01/0 : 1[1] -> 2[2] [send] via NET/IB/9/GDRDMA
a100-llm-05:3879622:3879759 [5] NCCL INFO Channel 00/0 : 4[4] -> 5[5] [receive] via NET/IB/11/GDRDMA
a100-llm-05:3879622:3879759 [5] NCCL INFO GPU Direct RDMA Enabled for GPU/0-1036384 (rank 5) - NET/0-11 (distance 5 <= 6, read 0, mode Default)
a100-llm-05:3879622:3879745 [6] NCCL INFO New proxy recv connection 0 from local rank 0, transport 2
a100-llm-05:3879622:3879758 [6] NCCL INFO Connected to proxy localRank 0 -> connection 0x7f3b00000d10
a100-llm-05:3879622:3879757 [7] NCCL INFO Channel 01/0 : 6[6] -> 7[7] [receive] via NET/IB/12/GDRDMA
a100-llm-05:3879622:3879757 [7] NCCL INFO GPU Direct RDMA Enabled for GPU/0-1044576 (rank 7) - NET/0-12 (distance 5 <= 6, read 1, mode Default)
a100-llm-05:3879622:3879746 [7] NCCL INFO New proxy send connection 2 from local rank 0, transport 2
a100-llm-05:3879622:3879757 [7] NCCL INFO Connected to proxy localRank 0 -> connection 0x7f3b08000e00
a100-llm-05:3879622:3879757 [7] NCCL INFO Channel 00/0 : 7[7] -> 0[0] [send] via NET/IB/12/GDRDMA
a100-llm-05:3879622:3879757 [7] NCCL INFO GPU Direct RDMA Enabled for GPU/0-1044576 (rank 7) - NET/0-12 (distance 5 <= 6, read 1, mode Default)
a100-llm-05:3879622:3879746 [7] NCCL INFO New proxy send connection 3 from local rank 0, transport 2
a100-llm-05:3879622:3879757 [7] NCCL INFO Connected to proxy localRank 0 -> connection 0x7f3b08000e78
a100-llm-05:3879622:3879757 [7] NCCL INFO Channel 01/0 : 7[7] -> 0[0] [send] via NET/IB/12/GDRDMA
a100-llm-05:3879622:3879760 [4] NCCL INFO Connected to proxy localRank 0 -> connection 0x7f3aec000d10
a100-llm-05:3879622:3879764 [0] NCCL INFO Connected to proxy localRank 0 -> connection 0x7f3ae4000d88
a100-llm-05:3879622:3879750 [3] NCCL INFO New proxy recv connection 0 from local rank 0, transport 2
a100-llm-05:3879622:3879749 [5] NCCL INFO New proxy recv connection 1 from local rank 0, transport 2
a100-llm-05:3879622:3879759 [5] NCCL INFO Connected to proxy localRank 0 -> connection 0x7f3c374311f8
a100-llm-05:3879622:3879764 [0] NCCL INFO Channel 01/0 : 7[7] -> 0[0] [receive] via NET/IB/9/GDRDMA
a100-llm-05:3879622:3879764 [0] NCCL INFO GPU Direct RDMA Enabled for GPU/0-1019984 (rank 0) - NET/0-9 (distance 5 <= 6, read 1, mode Default)
a100-llm-05:3879622:3879754 [0] NCCL INFO New proxy send connection 2 from local rank 0, transport 2
a100-llm-05:3879622:3879764 [0] NCCL INFO Connected to proxy localRank 0 -> connection 0x7f3ae4000e00
a100-llm-05:3879622:3879759 [5] NCCL INFO Channel 01/0 : 4[4] -> 5[5] [receive] via NET/IB/11/GDRDMA
a100-llm-05:3879622:3879759 [5] NCCL INFO GPU Direct RDMA Enabled for GPU/0-1036384 (rank 5) - NET/0-11 (distance 5 <= 6, read 1, mode Default)
a100-llm-05:3879622:3879749 [5] NCCL INFO New proxy send connection 2 from local rank 0, transport 2
a100-llm-05:3879622:3879759 [5] NCCL INFO Connected to proxy localRank 0 -> connection 0x7f3c37431270
a100-llm-05:3879622:3879758 [6] NCCL INFO Channel 00/0 : 5[5] -> 6[6] [receive] via NET/IB/12/GDRDMA
a100-llm-05:3879622:3879758 [6] NCCL INFO GPU Direct RDMA Enabled for GPU/0-1044560 (rank 6) - NET/0-12 (distance 5 <= 6, read 0, mode Default)
a100-llm-05:3879622:3879759 [5] NCCL INFO Channel 00/0 : 5[5] -> 6[6] [send] via NET/IB/11/GDRDMA
a100-llm-05:3879622:3879759 [5] NCCL INFO GPU Direct RDMA Enabled for GPU/0-1036384 (rank 5) - NET/0-11 (distance 5 <= 6, read 1, mode Default)
a100-llm-05:3879622:3879749 [5] NCCL INFO New proxy send connection 3 from local rank 0, transport 2
a100-llm-05:3879622:3879759 [5] NCCL INFO Connected to proxy localRank 0 -> connection 0x7f3c374312e8
a100-llm-05:3879622:3879759 [5] NCCL INFO Channel 01/0 : 5[5] -> 6[6] [send] via NET/IB/11/GDRDMA
a100-llm-05:3879622:3879743 [2] NCCL INFO New proxy recv connection 0 from local rank 0, transport 2
a100-llm-05:3879622:3879764 [0] NCCL INFO Channel 00/0 : 0[0] -> 1[1] [send] via NET/IB/9/GDRDMA
a100-llm-05:3879622:3879764 [0] NCCL INFO GPU Direct RDMA Enabled for GPU/0-1019984 (rank 0) - NET/0-9 (distance 5 <= 6, read 1, mode Default)
a100-llm-05:3879622:3879754 [0] NCCL INFO New proxy send connection 3 from local rank 0, transport 2
a100-llm-05:3879622:3879764 [0] NCCL INFO Connected to proxy localRank 0 -> connection 0x7f3ae4000e78
a100-llm-05:3879622:3879760 [4] NCCL INFO Channel 00/0 : 3[3] -> 4[4] [receive] via NET/IB/11/GDRDMA
a100-llm-05:3879622:3879760 [4] NCCL INFO GPU Direct RDMA Enabled for GPU/0-1036368 (rank 4) - NET/0-11 (distance 5 <= 6, read 0, mode Default)
a100-llm-05:3879622:3879764 [0] NCCL INFO Channel 01/0 : 0[0] -> 1[1] [send] via NET/IB/9/GDRDMA
a100-llm-05:3879622:3879762 [2] NCCL INFO Connected to proxy localRank 0 -> connection 0x7f3b4c000d10
a100-llm-05:3879622:3879761 [3] NCCL INFO Connected to proxy localRank 0 -> connection 0x7f3c3bfc9650
a100-llm-05:3879622:3879761 [3] NCCL INFO Channel 00/0 : 2[2] -> 3[3] [receive] via NET/IB/10/GDRDMA
a100-llm-05:3879622:3879761 [3] NCCL INFO GPU Direct RDMA Enabled for GPU/0-1028192 (rank 3) - NET/0-10 (distance 5 <= 6, read 0, mode Default)
a100-llm-05:3879622:3879745 [6] NCCL INFO New proxy recv connection 1 from local rank 0, transport 2
a100-llm-05:3879622:3879762 [2] NCCL INFO Channel 00/0 : 1[1] -> 2[2] [receive] via NET/IB/10/GDRDMA
a100-llm-05:3879622:3879762 [2] NCCL INFO GPU Direct RDMA Enabled for GPU/0-1028176 (rank 2) - NET/0-10 (distance 5 <= 6, read 0, mode Default)
a100-llm-05:3879622:3879751 [4] NCCL INFO New proxy recv connection 1 from local rank 0, transport 2
a100-llm-05:3879622:3879760 [4] NCCL INFO Connected to proxy localRank 0 -> connection 0x7f3aec000d88
a100-llm-05:3879622:3879758 [6] NCCL INFO Connected to proxy localRank 0 -> connection 0x7f3b00000d88
a100-llm-05:3879622:3879750 [3] NCCL INFO New proxy recv connection 1 from local rank 0, transport 2
a100-llm-05:3879622:3879760 [4] NCCL INFO Channel 01/0 : 3[3] -> 4[4] [receive] via NET/IB/11/GDRDMA
a100-llm-05:3879622:3879760 [4] NCCL INFO GPU Direct RDMA Enabled for GPU/0-1036368 (rank 4) - NET/0-11 (distance 5 <= 6, read 1, mode Default)
a100-llm-05:3879622:3879743 [2] NCCL INFO New proxy recv connection 1 from local rank 0, transport 2
a100-llm-05:3879622:3879758 [6] NCCL INFO Channel 01/0 : 5[5] -> 6[6] [receive] via NET/IB/12/GDRDMA
a100-llm-05:3879622:3879758 [6] NCCL INFO GPU Direct RDMA Enabled for GPU/0-1044560 (rank 6) - NET/0-12 (distance 5 <= 6, read 1, mode Default)
a100-llm-05:3879622:3879745 [6] NCCL INFO New proxy send connection 2 from local rank 0, transport 2
a100-llm-05:3879622:3879762 [2] NCCL INFO Connected to proxy localRank 0 -> connection 0x7f3b4c000d88
a100-llm-05:3879622:3879761 [3] NCCL INFO Connected to proxy localRank 0 -> connection 0x7f3c3bfc96c8
a100-llm-05:3879622:3879758 [6] NCCL INFO Connected to proxy localRank 0 -> connection 0x7f3b00000e00
a100-llm-05:3879622:3879761 [3] NCCL INFO Channel 01/0 : 2[2] -> 3[3] [receive] via NET/IB/10/GDRDMA
a100-llm-05:3879622:3879761 [3] NCCL INFO GPU Direct RDMA Enabled for GPU/0-1028192 (rank 3) - NET/0-10 (distance 5 <= 6, read 1, mode Default)
a100-llm-05:3879622:3879750 [3] NCCL INFO New proxy send connection 2 from local rank 0, transport 2
a100-llm-05:3879622:3879751 [4] NCCL INFO New proxy send connection 2 from local rank 0, transport 2
a100-llm-05:3879622:3879761 [3] NCCL INFO Connected to proxy localRank 0 -> connection 0x7f3c3bfc9740
a100-llm-05:3879622:3879762 [2] NCCL INFO Channel 01/0 : 1[1] -> 2[2] [receive] via NET/IB/10/GDRDMA
a100-llm-05:3879622:3879762 [2] NCCL INFO GPU Direct RDMA Enabled for GPU/0-1028176 (rank 2) - NET/0-10 (distance 5 <= 6, read 1, mode Default)
a100-llm-05:3879622:3879760 [4] NCCL INFO Connected to proxy localRank 0 -> connection 0x7f3aec000e00
a100-llm-05:3879622:3879761 [3] NCCL INFO Channel 00/0 : 3[3] -> 4[4] [send] via NET/IB/10/GDRDMA
a100-llm-05:3879622:3879761 [3] NCCL INFO GPU Direct RDMA Enabled for GPU/0-1028192 (rank 3) - NET/0-10 (distance 5 <= 6, read 1, mode Default)
a100-llm-05:3879622:3879758 [6] NCCL INFO Channel 00/0 : 6[6] -> 7[7] [send] via NET/IB/12/GDRDMA
a100-llm-05:3879622:3879758 [6] NCCL INFO GPU Direct RDMA Enabled for GPU/0-1044560 (rank 6) - NET/0-12 (distance 5 <= 6, read 1, mode Default)
a100-llm-05:3879622:3879750 [3] NCCL INFO New proxy send connection 3 from local rank 0, transport 2
a100-llm-05:3879622:3879760 [4] NCCL INFO Channel 00/0 : 4[4] -> 5[5] [send] via NET/IB/11/GDRDMA
a100-llm-05:3879622:3879760 [4] NCCL INFO GPU Direct RDMA Enabled for GPU/0-1036368 (rank 4) - NET/0-11 (distance 5 <= 6, read 1, mode Default)
a100-llm-05:3879622:3879751 [4] NCCL INFO New proxy send connection 3 from local rank 0, transport 2
a100-llm-05:3879622:3879761 [3] NCCL INFO Connected to proxy localRank 0 -> connection 0x7f3c3bfc97b8
a100-llm-05:3879622:3879745 [6] NCCL INFO New proxy send connection 3 from local rank 0, transport 2
a100-llm-05:3879622:3879743 [2] NCCL INFO New proxy send connection 2 from local rank 0, transport 2
a100-llm-05:3879622:3879758 [6] NCCL INFO Connected to proxy localRank 0 -> connection 0x7f3b00000e78
a100-llm-05:3879622:3879762 [2] NCCL INFO Connected to proxy localRank 0 -> connection 0x7f3b4c000e00
a100-llm-05:3879622:3879760 [4] NCCL INFO Connected to proxy localRank 0 -> connection 0x7f3aec000e78
a100-llm-05:3879622:3879762 [2] NCCL INFO Channel 00/0 : 2[2] -> 3[3] [send] via NET/IB/10/GDRDMA
a100-llm-05:3879622:3879762 [2] NCCL INFO GPU Direct RDMA Enabled for GPU/0-1028176 (rank 2) - NET/0-10 (distance 5 <= 6, read 1, mode Default)
a100-llm-05:3879622:3879761 [3] NCCL INFO Channel 01/0 : 3[3] -> 4[4] [send] via NET/IB/10/GDRDMA
a100-llm-05:3879622:3879758 [6] NCCL INFO Channel 01/0 : 6[6] -> 7[7] [send] via NET/IB/12/GDRDMA
a100-llm-05:3879622:3879760 [4] NCCL INFO Channel 01/0 : 4[4] -> 5[5] [send] via NET/IB/11/GDRDMA
a100-llm-05:3879622:3879749 [5] NCCL INFO NET/IB: NCCL Dev 11 IbDev 5 Port 1 qpn 892 mtu 5 GID 3 (0/520113C6FFFF0000) ctsFifoRkey=0x12b3b2 ctsFifoLkey=0x12b3b2
a100-llm-05:3879622:3879749 [5] NCCL INFO NET/IB: IbDev 5 Port 1 qpn 892 query_ece={supported=1, vendor_id=0x15b3, options=0x30000000, comp_mask=0x0}
a100-llm-05:3879622:3879749 [5] NCCL INFO NET/IB: NCCL Dev 11 IbDev 6 Port 1 qpn 636 mtu 5 GID 3 (0/B90713C6FFFF0000) ctsFifoRkey=0xee8a7 ctsFifoLkey=0xee8a7
a100-llm-05:3879622:3879749 [5] NCCL INFO NET/IB: IbDev 6 Port 1 qpn 636 query_ece={supported=1, vendor_id=0x15b3, options=0x30000000, comp_mask=0x0}
a100-llm-05:3879622:3879743 [2] NCCL INFO New proxy send connection 3 from local rank 0, transport 2
a100-llm-05:3879622:3879762 [2] NCCL INFO Connected to proxy localRank 0 -> connection 0x7f3b4c000e78
a100-llm-05:3879622:3879762 [2] NCCL INFO Channel 01/0 : 2[2] -> 3[3] [send] via NET/IB/10/GDRDMA
a100-llm-05:3879622:3879749 [5] NCCL INFO NET/IB: IbDev 5 Port 1 qpn 892 set_ece={supported=1, vendor_id=0x15b3, options=0x30000000, comp_mask=0x0}
a100-llm-05:3879622:3879746 [7] NCCL INFO NET/IB: NCCL Dev 12 IbDev 7 Port 1 qpn 894 mtu 5 GID 3 (0/4E5A13C6FFFF0000) ctsFifoRkey=0x124241 ctsFifoLkey=0x124241
a100-llm-05:3879622:3879746 [7] NCCL INFO NET/IB: IbDev 7 Port 1 qpn 894 query_ece={supported=1, vendor_id=0x15b3, options=0x30000000, comp_mask=0x0}
a100-llm-05:3879622:3879749 [5] NCCL INFO NET/IB: IbDev 6 Port 1 qpn 636 set_ece={supported=1, vendor_id=0x15b3, options=0x30000000, comp_mask=0x0}
a100-llm-05:3879622:3879745 [6] NCCL INFO NET/IB: NCCL Dev 12 IbDev 7 Port 1 qpn 895 mtu 5 GID 3 (0/4E5A13C6FFFF0000) ctsFifoRkey=0x124e4d ctsFifoLkey=0x124e4d
a100-llm-05:3879622:3879745 [6] NCCL INFO NET/IB: IbDev 7 Port 1 qpn 895 query_ece={supported=1, vendor_id=0x15b3, options=0x30000000, comp_mask=0x0}
a100-llm-05:3879622:3879746 [7] NCCL INFO NET/IB: NCCL Dev 12 IbDev 8 Port 1 qpn 638 mtu 5 GID 3 (0/57B013C6FFFF0000) ctsFifoRkey=0xea564 ctsFifoLkey=0xea564
a100-llm-05:3879622:3879746 [7] NCCL INFO NET/IB: IbDev 8 Port 1 qpn 638 query_ece={supported=1, vendor_id=0x15b3, options=0x30000000, comp_mask=0x0}
a100-llm-05:3879622:3879745 [6] NCCL INFO NET/IB: NCCL Dev 12 IbDev 8 Port 1 qpn 639 mtu 5 GID 3 (0/57B013C6FFFF0000) ctsFifoRkey=0xeb170 ctsFifoLkey=0xeb170
a100-llm-05:3879622:3879745 [6] NCCL INFO NET/IB: IbDev 8 Port 1 qpn 639 query_ece={supported=1, vendor_id=0x15b3, options=0x30000000, comp_mask=0x0}
a100-llm-05:3879622:3879745 [6] NCCL INFO NET/IB: NCCL Dev 12 IbDev 7 Port 1 qpn 896 mtu 5 GID 3 (0/4E5A13C6FFFF0000) ctsFifoRkey=0x125a59 ctsFifoLkey=0x125a59
a100-llm-05:3879622:3879745 [6] NCCL INFO NET/IB: IbDev 7 Port 1 qpn 896 query_ece={supported=1, vendor_id=0x15b3, options=0x30000000, comp_mask=0x0}
a100-llm-05:3879622:3879745 [6] NCCL INFO NET/IB: NCCL Dev 12 IbDev 8 Port 1 qpn 640 mtu 5 GID 3 (0/57B013C6FFFF0000) ctsFifoRkey=0xebd7c ctsFifoLkey=0xebd7c
a100-llm-05:3879622:3879745 [6] NCCL INFO NET/IB: IbDev 8 Port 1 qpn 640 query_ece={supported=1, vendor_id=0x15b3, options=0x30000000, comp_mask=0x0}
a100-llm-05:3879622:3879754 [0] NCCL INFO NET/IB: NCCL Dev 9 IbDev 1 Port 1 qpn 893 mtu 5 GID 3 (0/F34413C6FFFF0000) ctsFifoRkey=0x12a4a4 ctsFifoLkey=0x12a4a4
a100-llm-05:3879622:3879754 [0] NCCL INFO NET/IB: IbDev 1 Port 1 qpn 893 query_ece={supported=1, vendor_id=0x15b3, options=0x30000000, comp_mask=0x0}
a100-llm-05:3879622:3879741 [1] NCCL INFO NET/IB: NCCL Dev 9 IbDev 1 Port 1 qpn 892 mtu 5 GID 3 (0/F34413C6FFFF0000) ctsFifoRkey=0x12b0b0 ctsFifoLkey=0x12b0b0
a100-llm-05:3879622:3879741 [1] NCCL INFO NET/IB: IbDev 1 Port 1 qpn 892 query_ece={supported=1, vendor_id=0x15b3, options=0x30000000, comp_mask=0x0}
a100-llm-05:3879622:3879754 [0] NCCL INFO NET/IB: NCCL Dev 9 IbDev 2 Port 1 qpn 636 mtu 5 GID 3 (0/173F13C6FFFF0000) ctsFifoRkey=0xedd9c ctsFifoLkey=0xedd9c
a100-llm-05:3879622:3879754 [0] NCCL INFO NET/IB: IbDev 2 Port 1 qpn 636 query_ece={supported=1, vendor_id=0x15b3, options=0x30000000, comp_mask=0x0}
a100-llm-05:3879622:3879746 [7] NCCL INFO NET/IB: NCCL Dev 12 IbDev 7 Port 1 qpn 897 mtu 5 GID 3 (0/4E5A13C6FFFF0000) ctsFifoRkey=0x126665 ctsFifoLkey=0x126665
a100-llm-05:3879622:3879746 [7] NCCL INFO NET/IB: IbDev 7 Port 1 qpn 897 query_ece={supported=1, vendor_id=0x15b3, options=0x30000000, comp_mask=0x0}
a100-llm-05:3879622:3879741 [1] NCCL INFO NET/IB: NCCL Dev 9 IbDev 2 Port 1 qpn 637 mtu 5 GID 3 (0/173F13C6FFFF0000) ctsFifoRkey=0xeeaa9 ctsFifoLkey=0xeeaa9
a100-llm-05:3879622:3879741 [1] NCCL INFO NET/IB: IbDev 2 Port 1 qpn 637 query_ece={supported=1, vendor_id=0x15b3, options=0x30000000, comp_mask=0x0}
a100-llm-05:3879622:3879746 [7] NCCL INFO NET/IB: NCCL Dev 12 IbDev 8 Port 1 qpn 641 mtu 5 GID 3 (0/57B013C6FFFF0000) ctsFifoRkey=0xec888 ctsFifoLkey=0xec888
a100-llm-05:3879622:3879746 [7] NCCL INFO NET/IB: IbDev 8 Port 1 qpn 641 query_ece={supported=1, vendor_id=0x15b3, options=0x30000000, comp_mask=0x0}
a100-llm-05:3879622:3879749 [5] NCCL INFO NET/IB: NCCL Dev 11 IbDev 5 Port 1 qpn 894 mtu 5 GID 3 (0/520113C6FFFF0000) ctsFifoRkey=0x12c0be ctsFifoLkey=0x12c0be
a100-llm-05:3879622:3879749 [5] NCCL INFO NET/IB: IbDev 5 Port 1 qpn 894 query_ece={supported=1, vendor_id=0x15b3, options=0x30000000, comp_mask=0x0}
a100-llm-05:3879622:3879749 [5] NCCL INFO NET/IB: NCCL Dev 11 IbDev 6 Port 1 qpn 637 mtu 5 GID 3 (0/B90713C6FFFF0000) ctsFifoRkey=0xef4b3 ctsFifoLkey=0xef4b3
a100-llm-05:3879622:3879749 [5] NCCL INFO NET/IB: IbDev 6 Port 1 qpn 637 query_ece={supported=1, vendor_id=0x15b3, options=0x30000000, comp_mask=0x0}
a100-llm-05:3879622:3879751 [4] NCCL INFO NET/IB: NCCL Dev 11 IbDev 5 Port 1 qpn 893 mtu 5 GID 3 (0/520113C6FFFF0000) ctsFifoRkey=0x12cccb ctsFifoLkey=0x12cccb
a100-llm-05:3879622:3879751 [4] NCCL INFO NET/IB: IbDev 5 Port 1 qpn 893 query_ece={supported=1, vendor_id=0x15b3, options=0x30000000, comp_mask=0x0}
a100-llm-05:3879622:3879751 [4] NCCL INFO NET/IB: NCCL Dev 11 IbDev 6 Port 1 qpn 638 mtu 5 GID 3 (0/B90713C6FFFF0000) ctsFifoRkey=0xf01bf ctsFifoLkey=0xf01bf
a100-llm-05:3879622:3879751 [4] NCCL INFO NET/IB: IbDev 6 Port 1 qpn 638 query_ece={supported=1, vendor_id=0x15b3, options=0x30000000, comp_mask=0x0}
a100-llm-05:3879622:3879751 [4] NCCL INFO NET/IB: NCCL Dev 11 IbDev 5 Port 1 qpn 895 mtu 5 GID 3 (0/520113C6FFFF0000) ctsFifoRkey=0x12d8d7 ctsFifoLkey=0x12d8d7
a100-llm-05:3879622:3879751 [4] NCCL INFO NET/IB: IbDev 5 Port 1 qpn 895 query_ece={supported=1, vendor_id=0x15b3, options=0x30000000, comp_mask=0x0}
a100-llm-05:3879622:3879751 [4] NCCL INFO NET/IB: NCCL Dev 11 IbDev 6 Port 1 qpn 639 mtu 5 GID 3 (0/B90713C6FFFF0000) ctsFifoRkey=0xf0ccc ctsFifoLkey=0xf0ccc
a100-llm-05:3879622:3879751 [4] NCCL INFO NET/IB: IbDev 6 Port 1 qpn 639 query_ece={supported=1, vendor_id=0x15b3, options=0x30000000, comp_mask=0x0}
a100-llm-05:3879622:3879750 [3] NCCL INFO NET/IB: NCCL Dev 10 IbDev 3 Port 1 qpn 893 mtu 5 GID 3 (0/220D13C6FFFF0000) ctsFifoRkey=0x129b99 ctsFifoLkey=0x129b99
a100-llm-05:3879622:3879750 [3] NCCL INFO NET/IB: IbDev 3 Port 1 qpn 893 query_ece={supported=1, vendor_id=0x15b3, options=0x30000000, comp_mask=0x0}
a100-llm-05:3879622:3879750 [3] NCCL INFO NET/IB: NCCL Dev 10 IbDev 4 Port 1 qpn 637 mtu 5 GID 3 (0/422613C6FFFF0000) ctsFifoRkey=0xf3cfb ctsFifoLkey=0xf3cfb
a100-llm-05:3879622:3879750 [3] NCCL INFO NET/IB: IbDev 4 Port 1 qpn 637 query_ece={supported=1, vendor_id=0x15b3, options=0x30000000, comp_mask=0x0}
a100-llm-05:3879622:3879745 [6] NCCL INFO NET/IB: IbDev 7 Port 1 qpn 896 set_ece={supported=1, vendor_id=0x15b3, options=0x30000000, comp_mask=0x0}
a100-llm-05:3879622:3879746 [7] NCCL INFO NET/IB: IbDev 7 Port 1 qpn 894 set_ece={supported=1, vendor_id=0x15b3, options=0x30000000, comp_mask=0x0}
a100-llm-05:3879622:3879745 [6] NCCL INFO NET/IB: IbDev 8 Port 1 qpn 640 set_ece={supported=1, vendor_id=0x15b3, options=0x30000000, comp_mask=0x0}
a100-llm-05:3879622:3879746 [7] NCCL INFO NET/IB: IbDev 8 Port 1 qpn 638 set_ece={supported=1, vendor_id=0x15b3, options=0x30000000, comp_mask=0x0}
a100-llm-05:3879622:3879741 [1] NCCL INFO NET/IB: IbDev 1 Port 1 qpn 892 set_ece={supported=1, vendor_id=0x15b3, options=0x30000000, comp_mask=0x0}
a100-llm-05:3879622:3879741 [1] NCCL INFO NET/IB: IbDev 2 Port 1 qpn 637 set_ece={supported=1, vendor_id=0x15b3, options=0x30000000, comp_mask=0x0}
a100-llm-05:3879622:3879754 [0] NCCL INFO NET/IB: NCCL Dev 9 IbDev 1 Port 1 qpn 898 mtu 5 GID 3 (0/F34413C6FFFF0000) ctsFifoRkey=0x12d3d2 ctsFifoLkey=0x12d3d2
a100-llm-05:3879622:3879754 [0] NCCL INFO NET/IB: IbDev 1 Port 1 qpn 898 query_ece={supported=1, vendor_id=0x15b3, options=0x30000000, comp_mask=0x0}
a100-llm-05:3879622:3879754 [0] NCCL INFO NET/IB: NCCL Dev 9 IbDev 2 Port 1 qpn 642 mtu 5 GID 3 (0/173F13C6FFFF0000) ctsFifoRkey=0xf0fce ctsFifoLkey=0xf0fce
a100-llm-05:3879622:3879754 [0] NCCL INFO NET/IB: IbDev 2 Port 1 qpn 642 query_ece={supported=1, vendor_id=0x15b3, options=0x30000000, comp_mask=0x0}
a100-llm-05:3879622:3879743 [2] NCCL INFO NET/IB: NCCL Dev 10 IbDev 3 Port 1 qpn 896 mtu 5 GID 3 (0/220D13C6FFFF0000) ctsFifoRkey=0x12b6b4 ctsFifoLkey=0x12b6b4
a100-llm-05:3879622:3879743 [2] NCCL INFO NET/IB: IbDev 3 Port 1 qpn 896 query_ece={supported=1, vendor_id=0x15b3, options=0x30000000, comp_mask=0x0}
a100-llm-05:3879622:3879750 [3] NCCL INFO NET/IB: NCCL Dev 10 IbDev 3 Port 1 qpn 895 mtu 5 GID 3 (0/220D13C6FFFF0000) ctsFifoRkey=0x12a8a7 ctsFifoLkey=0x12a8a7
a100-llm-05:3879622:3879750 [3] NCCL INFO NET/IB: IbDev 3 Port 1 qpn 895 query_ece={supported=1, vendor_id=0x15b3, options=0x30000000, comp_mask=0x0}
a100-llm-05:3879622:3879743 [2] NCCL INFO NET/IB: NCCL Dev 10 IbDev 4 Port 1 qpn 640 mtu 5 GID 3 (0/422613C6FFFF0000) ctsFifoRkey=0xf4707 ctsFifoLkey=0xf4707
a100-llm-05:3879622:3879743 [2] NCCL INFO NET/IB: IbDev 4 Port 1 qpn 640 query_ece={supported=1, vendor_id=0x15b3, options=0x30000000, comp_mask=0x0}
a100-llm-05:3879622:3879750 [3] NCCL INFO NET/IB: NCCL Dev 10 IbDev 4 Port 1 qpn 639 mtu 5 GID 3 (0/422613C6FFFF0000) ctsFifoRkey=0xf5312 ctsFifoLkey=0xf5312
a100-llm-05:3879622:3879750 [3] NCCL INFO NET/IB: IbDev 4 Port 1 qpn 639 query_ece={supported=1, vendor_id=0x15b3, options=0x30000000, comp_mask=0x0}
a100-llm-05:3879622:3879745 [6] NCCL INFO NET/IB: IbDev 7 Port 1 qpn 895 set_ece={supported=1, vendor_id=0x15b3, options=0x30000000, comp_mask=0x0}
a100-llm-05:3879622:3879745 [6] NCCL INFO NET/IB: IbDev 8 Port 1 qpn 639 set_ece={supported=1, vendor_id=0x15b3, options=0x30000000, comp_mask=0x0}
a100-llm-05:3879622:3879743 [2] NCCL INFO NET/IB: NCCL Dev 10 IbDev 3 Port 1 qpn 897 mtu 5 GID 3 (0/220D13C6FFFF0000) ctsFifoRkey=0x12c0c1 ctsFifoLkey=0x12c0c1
a100-llm-05:3879622:3879743 [2] NCCL INFO NET/IB: IbDev 3 Port 1 qpn 897 query_ece={supported=1, vendor_id=0x15b3, options=0x30000000, comp_mask=0x0}
a100-llm-05:3879622:3879743 [2] NCCL INFO NET/IB: NCCL Dev 10 IbDev 4 Port 1 qpn 641 mtu 5 GID 3 (0/422613C6FFFF0000) ctsFifoRkey=0xf5f1e ctsFifoLkey=0xf5f1e
a100-llm-05:3879622:3879743 [2] NCCL INFO NET/IB: IbDev 4 Port 1 qpn 641 query_ece={supported=1, vendor_id=0x15b3, options=0x30000000, comp_mask=0x0}
a100-llm-05:3879622:3879741 [1] NCCL INFO NET/IB: NCCL Dev 9 IbDev 1 Port 1 qpn 900 mtu 5 GID 3 (0/F34413C6FFFF0000) ctsFifoRkey=0x12e8e5 ctsFifoLkey=0x12e8e5
a100-llm-05:3879622:3879741 [1] NCCL INFO NET/IB: IbDev 1 Port 1 qpn 900 query_ece={supported=1, vendor_id=0x15b3, options=0x30000000, comp_mask=0x0}
a100-llm-05:3879622:3879741 [1] NCCL INFO NET/IB: NCCL Dev 9 IbDev 2 Port 1 qpn 644 mtu 5 GID 3 (0/173F13C6FFFF0000) ctsFifoRkey=0xf26e5 ctsFifoLkey=0xf26e5
a100-llm-05:3879622:3879741 [1] NCCL INFO NET/IB: IbDev 2 Port 1 qpn 644 query_ece={supported=1, vendor_id=0x15b3, options=0x30000000, comp_mask=0x0}
a100-llm-05:3879622:3879754 [0] NCCL INFO NET/IB: IbDev 1 Port 1 qpn 893 set_ece={supported=1, vendor_id=0x15b3, options=0x30000000, comp_mask=0x0}
a100-llm-05:3879622:3879754 [0] NCCL INFO NET/IB: IbDev 2 Port 1 qpn 636 set_ece={supported=1, vendor_id=0x15b3, options=0x30000000, comp_mask=0x0}
a100-llm-05:3879622:3879751 [4] NCCL INFO NET/IB: IbDev 5 Port 1 qpn 893 set_ece={supported=1, vendor_id=0x15b3, options=0x30000000, comp_mask=0x0}
a100-llm-05:3879622:3879749 [5] NCCL INFO NET/IB: IbDev 5 Port 1 qpn 894 set_ece={supported=1, vendor_id=0x15b3, options=0x30000000, comp_mask=0x0}
a100-llm-05:3879622:3879751 [4] NCCL INFO NET/IB: IbDev 6 Port 1 qpn 638 set_ece={supported=1, vendor_id=0x15b3, options=0x30000000, comp_mask=0x0}
a100-llm-05:3879622:3879749 [5] NCCL INFO NET/IB: IbDev 6 Port 1 qpn 637 set_ece={supported=1, vendor_id=0x15b3, options=0x30000000, comp_mask=0x0}
a100-llm-05:3879622:3879750 [3] NCCL INFO NET/IB: IbDev 3 Port 1 qpn 893 set_ece={supported=1, vendor_id=0x15b3, options=0x30000000, comp_mask=0x0}
a100-llm-05:3879622:3879750 [3] NCCL INFO NET/IB: IbDev 4 Port 1 qpn 637 set_ece={supported=1, vendor_id=0x15b3, options=0x30000000, comp_mask=0x0}
a100-llm-05:3879622:3879746 [7] NCCL INFO NET/IB: IbDev 7 Port 1 qpn 897 set_ece={supported=1, vendor_id=0x15b3, options=0x30000000, comp_mask=0x0}
a100-llm-05:3879622:3879746 [7] NCCL INFO NET/IB: IbDev 8 Port 1 qpn 641 set_ece={supported=1, vendor_id=0x15b3, options=0x30000000, comp_mask=0x0}
a100-llm-05:3879622:3879743 [2] NCCL INFO NET/IB: IbDev 3 Port 1 qpn 896 set_ece={supported=1, vendor_id=0x15b3, options=0x30000000, comp_mask=0x0}
a100-llm-05:3879622:3879741 [1] NCCL INFO NET/IB: IbDev 1 Port 1 qpn 900 set_ece={supported=1, vendor_id=0x15b3, options=0x30000000, comp_mask=0x0}
a100-llm-05:3879622:3879743 [2] NCCL INFO NET/IB: IbDev 4 Port 1 qpn 640 set_ece={supported=1, vendor_id=0x15b3, options=0x30000000, comp_mask=0x0}
a100-llm-05:3879622:3879741 [1] NCCL INFO NET/IB: IbDev 2 Port 1 qpn 644 set_ece={supported=1, vendor_id=0x15b3, options=0x30000000, comp_mask=0x0}
a100-llm-05:3879622:3879754 [0] NCCL INFO NET/IB: IbDev 1 Port 1 qpn 898 set_ece={supported=1, vendor_id=0x15b3, options=0x30000000, comp_mask=0x0}
a100-llm-05:3879622:3879754 [0] NCCL INFO NET/IB: IbDev 2 Port 1 qpn 642 set_ece={supported=1, vendor_id=0x15b3, options=0x30000000, comp_mask=0x0}
a100-llm-05:3879622:3879750 [3] NCCL INFO NET/IB: IbDev 3 Port 1 qpn 895 set_ece={supported=1, vendor_id=0x15b3, options=0x30000000, comp_mask=0x0}
a100-llm-05:3879622:3879750 [3] NCCL INFO NET/IB: IbDev 4 Port 1 qpn 639 set_ece={supported=1, vendor_id=0x15b3, options=0x30000000, comp_mask=0x0}
a100-llm-05:3879622:3879743 [2] NCCL INFO NET/IB: IbDev 3 Port 1 qpn 897 set_ece={supported=1, vendor_id=0x15b3, options=0x30000000, comp_mask=0x0}
a100-llm-05:3879622:3879743 [2] NCCL INFO NET/IB: IbDev 4 Port 1 qpn 641 set_ece={supported=1, vendor_id=0x15b3, options=0x30000000, comp_mask=0x0}
a100-llm-05:3879622:3879751 [4] NCCL INFO NET/IB: IbDev 5 Port 1 qpn 895 set_ece={supported=1, vendor_id=0x15b3, options=0x30000000, comp_mask=0x0}
a100-llm-05:3879622:3879751 [4] NCCL INFO NET/IB: IbDev 6 Port 1 qpn 639 set_ece={supported=1, vendor_id=0x15b3, options=0x30000000, comp_mask=0x0}
[AIMD] FinalizeChunkRTT: cc=0x7f3afc001000 slot=0 inflight_before=1
warmup done.
[AIMD] FinalizeChunkRTT: cc=0x7f3af0001000 slot=714 inflight_before=6
[AIMD] FinalizeChunkRTT: cc=0x7f3af0001000 slot=432 inflight_before=6
[AIMD] FinalizeChunkRTT: cc=0x7f3b000659a0 slot=165 inflight_before=8
a100-llm-05:3879622:3879732 [0] NCCL INFO V2MIN: pressure=1.000 (fast=0.117 slow=0.001 dev=0.1159) state=SHRINK window=204 floor=204 high=3180 low=0 ncc=16
[AIMD] FinalizeChunkRTT: cc=0x7f3b00065be0 slot=879 inflight_before=8
[AIMD] FinalizeChunkRTT: cc=0x7f3b000659a0 slot=440 inflight_before=1
[AIMD] FinalizeChunkRTT: cc=0x7f3b000659a0 slot=89 inflight_before=8
[AIMD] FinalizeChunkRTT: cc=0x7f3af0001000 slot=634 inflight_before=8
[AIMD] FinalizeChunkRTT: cc=0x7f3afc001000 slot=253 inflight_before=1
a100-llm-05:3879622:3879732 [0] NCCL INFO V2MIN: pressure=1.000 (fast=0.122 slow=0.001 dev=0.1213) state=SHRINK window=204 floor=204 high=7902 low=0 ncc=16
[AIMD] FinalizeChunkRTT: cc=0x7f3b08065980 slot=366 inflight_before=1
[AIMD] FinalizeChunkRTT: cc=0x7f3b08065980 slot=127 inflight_before=2
[AIMD] FinalizeChunkRTT: cc=0x7f3afc001000 slot=728 inflight_before=5
[AIMD] FinalizeChunkRTT: cc=0x7f3b10001000 slot=150 inflight_before=1
[AIMD] FinalizeChunkRTT: cc=0x7f3b08065980 slot=516 inflight_before=1
a100-llm-05:3879622:3879732 [0] NCCL INFO V2MIN: pressure=1.000 (fast=0.214 slow=0.001 dev=0.2133) state=SHRINK window=204 floor=204 high=12619 low=0 ncc=16
[AIMD] FinalizeChunkRTT: cc=0x7f3afc001000 slot=38 inflight_before=3
[AIMD] FinalizeChunkRTT: cc=0x7f3af0001000 slot=582 inflight_before=8
[AIMD] FinalizeChunkRTT: cc=0x7f3af4017320 slot=174 inflight_before=1
[AIMD] FinalizeChunkRTT: cc=0x7f3b04001000 slot=720 inflight_before=1
[AIMD] FinalizeChunkRTT: cc=0x7f3b08065980 slot=650 inflight_before=2
a100-llm-05:3879622:3879732 [0] NCCL INFO V2MIN: pressure=1.000 (fast=0.212 slow=0.001 dev=0.2106) state=SHRINK window=204 floor=204 high=17332 low=0 ncc=16
[AIMD] FinalizeChunkRTT: cc=0x7f3b08065980 slot=74 inflight_before=2
[AIMD] FinalizeChunkRTT: cc=0x7f3aec065420 slot=590 inflight_before=1
[AIMD] FinalizeChunkRTT: cc=0x7f3af4017320 slot=125 inflight_before=1
CSV written to: det_v1_baseline_run3/bench_latency_20260416_171233.csv

========================================
  Oracle Experiment Results
========================================
Config: nDev=8  count=1048576  data=4.19 MB  iters=1000
NCCL_AIMD_ENABLE=1  NCCL_CC_ORACLE_FACTOR=(unset)

Wall-clock latency (us):
  mean= 20210.0  stddev= 16448.1
  p50 = 19667.0  p99   = 69618.2  max= 85641.0

Collective max GPU latency (us):
  mean= 20042.0  stddev= 16399.7
  p50 = 19608.6  p99   = 69593.8  max= 85619.7

Rank skew (us):
  mean=   584.3  stddev=  1965.6
  p50 =   157.2  p99   =  9380.1  max= 34932.7

Avg algo bandwidth: 0.36 GB/s
========================================

