a100-llm-05:3807029:3807166 [5] NCCL INFO GPU Direct RDMA Enabled for GPU/0-1036384 (rank 5) - NET/0-11 (distance 5 <= 6, read 1, mode Default)
a100-llm-05:3807029:3807148 [5] NCCL INFO New proxy send connection 2 from local rank 0, transport 2
a100-llm-05:3807029:3807166 [5] NCCL INFO Connected to proxy localRank 0 -> connection 0x7fd268000e00
a100-llm-05:3807029:3807166 [5] NCCL INFO Channel 00/0 : 5[5] -> 6[6] [send] via NET/IB/11/GDRDMA
a100-llm-05:3807029:3807166 [5] NCCL INFO GPU Direct RDMA Enabled for GPU/0-1036384 (rank 5) - NET/0-11 (distance 5 <= 6, read 1, mode Default)
a100-llm-05:3807029:3807148 [5] NCCL INFO New proxy send connection 3 from local rank 0, transport 2
a100-llm-05:3807029:3807166 [5] NCCL INFO Connected to proxy localRank 0 -> connection 0x7fd268000e78
a100-llm-05:3807029:3807166 [5] NCCL INFO Channel 01/0 : 5[5] -> 6[6] [send] via NET/IB/11/GDRDMA
a100-llm-05:3807029:3807162 [4] NCCL INFO New proxy recv connection 0 from local rank 0, transport 2
a100-llm-05:3807029:3807171 [0] NCCL INFO GPU Direct RDMA Enabled for GPU/0-1019984 (rank 0) - NET/0-9 (distance 5 <= 6, read 0, mode Default)
a100-llm-05:3807029:3807167 [4] NCCL INFO Connected to proxy localRank 0 -> connection 0x7fd2500010a0
a100-llm-05:3807029:3807167 [4] NCCL INFO Channel 00/0 : 3[3] -> 4[4] [receive] via NET/IB/11/GDRDMA
a100-llm-05:3807029:3807167 [4] NCCL INFO GPU Direct RDMA Enabled for GPU/0-1036368 (rank 4) - NET/0-11 (distance 5 <= 6, read 0, mode Default)
a100-llm-05:3807029:3807162 [4] NCCL INFO New proxy recv connection 1 from local rank 0, transport 2
a100-llm-05:3807029:3807167 [4] NCCL INFO Connected to proxy localRank 0 -> connection 0x7fd250001118
a100-llm-05:3807029:3807155 [3] NCCL INFO New proxy recv connection 0 from local rank 0, transport 2
a100-llm-05:3807029:3807168 [3] NCCL INFO Connected to proxy localRank 0 -> connection 0x7fd264000d10
a100-llm-05:3807029:3807168 [3] NCCL INFO Channel 00/0 : 2[2] -> 3[3] [receive] via NET/IB/10/GDRDMA
a100-llm-05:3807029:3807168 [3] NCCL INFO GPU Direct RDMA Enabled for GPU/0-1028192 (rank 3) - NET/0-10 (distance 5 <= 6, read 0, mode Default)
a100-llm-05:3807029:3807155 [3] NCCL INFO New proxy recv connection 1 from local rank 0, transport 2
a100-llm-05:3807029:3807168 [3] NCCL INFO Connected to proxy localRank 0 -> connection 0x7fd264000d88
a100-llm-05:3807029:3807168 [3] NCCL INFO Channel 01/0 : 2[2] -> 3[3] [receive] via NET/IB/10/GDRDMA
a100-llm-05:3807029:3807168 [3] NCCL INFO GPU Direct RDMA Enabled for GPU/0-1028192 (rank 3) - NET/0-10 (distance 5 <= 6, read 1, mode Default)
a100-llm-05:3807029:3807155 [3] NCCL INFO New proxy send connection 2 from local rank 0, transport 2
a100-llm-05:3807029:3807168 [3] NCCL INFO Connected to proxy localRank 0 -> connection 0x7fd264000e00
a100-llm-05:3807029:3807168 [3] NCCL INFO Channel 00/0 : 3[3] -> 4[4] [send] via NET/IB/10/GDRDMA
a100-llm-05:3807029:3807168 [3] NCCL INFO GPU Direct RDMA Enabled for GPU/0-1028192 (rank 3) - NET/0-10 (distance 5 <= 6, read 1, mode Default)
a100-llm-05:3807029:3807155 [3] NCCL INFO New proxy send connection 3 from local rank 0, transport 2
a100-llm-05:3807029:3807168 [3] NCCL INFO Connected to proxy localRank 0 -> connection 0x7fd264000e78
a100-llm-05:3807029:3807168 [3] NCCL INFO Channel 01/0 : 3[3] -> 4[4] [send] via NET/IB/10/GDRDMA
a100-llm-05:3807029:3807154 [7] NCCL INFO New proxy recv connection 0 from local rank 0, transport 2
a100-llm-05:3807029:3807152 [0] NCCL INFO New proxy recv connection 0 from local rank 0, transport 2
a100-llm-05:3807029:3807171 [0] NCCL INFO Connected to proxy localRank 0 -> connection 0x7fd26c000d10
a100-llm-05:3807029:3807153 [6] NCCL INFO New proxy recv connection 0 from local rank 0, transport 2
a100-llm-05:3807029:3807164 [7] NCCL INFO Connected to proxy localRank 0 -> connection 0x7fd260000d10
a100-llm-05:3807029:3807167 [4] NCCL INFO Channel 01/0 : 3[3] -> 4[4] [receive] via NET/IB/11/GDRDMA
a100-llm-05:3807029:3807167 [4] NCCL INFO GPU Direct RDMA Enabled for GPU/0-1036368 (rank 4) - NET/0-11 (distance 5 <= 6, read 1, mode Default)
a100-llm-05:3807029:3807171 [0] NCCL INFO Channel 00/0 : 7[7] -> 0[0] [receive] via NET/IB/9/GDRDMA
a100-llm-05:3807029:3807171 [0] NCCL INFO GPU Direct RDMA Enabled for GPU/0-1019984 (rank 0) - NET/0-9 (distance 5 <= 6, read 0, mode Default)
a100-llm-05:3807029:3807165 [6] NCCL INFO Connected to proxy localRank 0 -> connection 0x7fd28c000d10
a100-llm-05:3807029:3807165 [6] NCCL INFO Channel 00/0 : 5[5] -> 6[6] [receive] via NET/IB/12/GDRDMA
a100-llm-05:3807029:3807165 [6] NCCL INFO GPU Direct RDMA Enabled for GPU/0-1044560 (rank 6) - NET/0-12 (distance 5 <= 6, read 0, mode Default)
a100-llm-05:3807029:3807153 [6] NCCL INFO New proxy recv connection 1 from local rank 0, transport 2
a100-llm-05:3807029:3807165 [6] NCCL INFO Connected to proxy localRank 0 -> connection 0x7fd28c000d88
a100-llm-05:3807029:3807165 [6] NCCL INFO Channel 01/0 : 5[5] -> 6[6] [receive] via NET/IB/12/GDRDMA
a100-llm-05:3807029:3807165 [6] NCCL INFO GPU Direct RDMA Enabled for GPU/0-1044560 (rank 6) - NET/0-12 (distance 5 <= 6, read 1, mode Default)
a100-llm-05:3807029:3807153 [6] NCCL INFO New proxy send connection 2 from local rank 0, transport 2
a100-llm-05:3807029:3807165 [6] NCCL INFO Connected to proxy localRank 0 -> connection 0x7fd28c000e00
a100-llm-05:3807029:3807165 [6] NCCL INFO Channel 00/0 : 6[6] -> 7[7] [send] via NET/IB/12/GDRDMA
a100-llm-05:3807029:3807165 [6] NCCL INFO GPU Direct RDMA Enabled for GPU/0-1044560 (rank 6) - NET/0-12 (distance 5 <= 6, read 1, mode Default)
a100-llm-05:3807029:3807153 [6] NCCL INFO New proxy send connection 3 from local rank 0, transport 2
a100-llm-05:3807029:3807165 [6] NCCL INFO Connected to proxy localRank 0 -> connection 0x7fd28c000e78
a100-llm-05:3807029:3807165 [6] NCCL INFO Channel 01/0 : 6[6] -> 7[7] [send] via NET/IB/12/GDRDMA
a100-llm-05:3807029:3807151 [1] NCCL INFO New proxy recv connection 0 from local rank 0, transport 2
a100-llm-05:3807029:3807164 [7] NCCL INFO Channel 00/0 : 6[6] -> 7[7] [receive] via NET/IB/12/GDRDMA
a100-llm-05:3807029:3807164 [7] NCCL INFO GPU Direct RDMA Enabled for GPU/0-1044576 (rank 7) - NET/0-12 (distance 5 <= 6, read 0, mode Default)
a100-llm-05:3807029:3807154 [7] NCCL INFO New proxy recv connection 1 from local rank 0, transport 2
a100-llm-05:3807029:3807164 [7] NCCL INFO Connected to proxy localRank 0 -> connection 0x7fd260000d88
a100-llm-05:3807029:3807152 [0] NCCL INFO New proxy recv connection 1 from local rank 0, transport 2
a100-llm-05:3807029:3807171 [0] NCCL INFO Connected to proxy localRank 0 -> connection 0x7fd26c000d88
a100-llm-05:3807029:3807171 [0] NCCL INFO Channel 01/0 : 7[7] -> 0[0] [receive] via NET/IB/9/GDRDMA
a100-llm-05:3807029:3807171 [0] NCCL INFO GPU Direct RDMA Enabled for GPU/0-1019984 (rank 0) - NET/0-9 (distance 5 <= 6, read 1, mode Default)
a100-llm-05:3807029:3807152 [0] NCCL INFO New proxy send connection 2 from local rank 0, transport 2
a100-llm-05:3807029:3807171 [0] NCCL INFO Connected to proxy localRank 0 -> connection 0x7fd26c000e00
a100-llm-05:3807029:3807171 [0] NCCL INFO Channel 00/0 : 0[0] -> 1[1] [send] via NET/IB/9/GDRDMA
a100-llm-05:3807029:3807171 [0] NCCL INFO GPU Direct RDMA Enabled for GPU/0-1019984 (rank 0) - NET/0-9 (distance 5 <= 6, read 1, mode Default)
a100-llm-05:3807029:3807152 [0] NCCL INFO New proxy send connection 3 from local rank 0, transport 2
a100-llm-05:3807029:3807171 [0] NCCL INFO Connected to proxy localRank 0 -> connection 0x7fd26c000e78
a100-llm-05:3807029:3807171 [0] NCCL INFO Channel 01/0 : 0[0] -> 1[1] [send] via NET/IB/9/GDRDMA
a100-llm-05:3807029:3807170 [1] NCCL INFO Connected to proxy localRank 0 -> connection 0x7fd270000d10
a100-llm-05:3807029:3807150 [2] NCCL INFO New proxy recv connection 0 from local rank 0, transport 2
a100-llm-05:3807029:3807169 [2] NCCL INFO Connected to proxy localRank 0 -> connection 0x7fd3a3fc1060
a100-llm-05:3807029:3807164 [7] NCCL INFO Channel 01/0 : 6[6] -> 7[7] [receive] via NET/IB/12/GDRDMA
a100-llm-05:3807029:3807164 [7] NCCL INFO GPU Direct RDMA Enabled for GPU/0-1044576 (rank 7) - NET/0-12 (distance 5 <= 6, read 1, mode Default)
a100-llm-05:3807029:3807154 [7] NCCL INFO New proxy send connection 2 from local rank 0, transport 2
a100-llm-05:3807029:3807164 [7] NCCL INFO Connected to proxy localRank 0 -> connection 0x7fd260000e00
a100-llm-05:3807029:3807164 [7] NCCL INFO Channel 00/0 : 7[7] -> 0[0] [send] via NET/IB/12/GDRDMA
a100-llm-05:3807029:3807164 [7] NCCL INFO GPU Direct RDMA Enabled for GPU/0-1044576 (rank 7) - NET/0-12 (distance 5 <= 6, read 1, mode Default)
a100-llm-05:3807029:3807154 [7] NCCL INFO New proxy send connection 3 from local rank 0, transport 2
a100-llm-05:3807029:3807164 [7] NCCL INFO Connected to proxy localRank 0 -> connection 0x7fd260000e78
a100-llm-05:3807029:3807164 [7] NCCL INFO Channel 01/0 : 7[7] -> 0[0] [send] via NET/IB/12/GDRDMA
a100-llm-05:3807029:3807162 [4] NCCL INFO New proxy send connection 2 from local rank 0, transport 2
a100-llm-05:3807029:3807153 [6] NCCL INFO NET/IB: NCCL Dev 12 IbDev 7 Port 1 qpn 748 mtu 5 GID 3 (0/4E5A13C6FFFF0000) ctsFifoRkey=0xdbebe ctsFifoLkey=0xdbebe
a100-llm-05:3807029:3807153 [6] NCCL INFO NET/IB: IbDev 7 Port 1 qpn 748 query_ece={supported=1, vendor_id=0x15b3, options=0x30000000, comp_mask=0x0}
a100-llm-05:3807029:3807153 [6] NCCL INFO NET/IB: NCCL Dev 12 IbDev 8 Port 1 qpn 492 mtu 5 GID 3 (0/57B013C6FFFF0000) ctsFifoRkey=0xa0ecd ctsFifoLkey=0xa0ecd
a100-llm-05:3807029:3807153 [6] NCCL INFO NET/IB: IbDev 8 Port 1 qpn 492 query_ece={supported=1, vendor_id=0x15b3, options=0x30000000, comp_mask=0x0}
a100-llm-05:3807029:3807169 [2] NCCL INFO Channel 00/0 : 1[1] -> 2[2] [receive] via NET/IB/10/GDRDMA
a100-llm-05:3807029:3807169 [2] NCCL INFO GPU Direct RDMA Enabled for GPU/0-1028176 (rank 2) - NET/0-10 (distance 5 <= 6, read 0, mode Default)
a100-llm-05:3807029:3807167 [4] NCCL INFO Connected to proxy localRank 0 -> connection 0x7fd250001190
a100-llm-05:3807029:3807153 [6] NCCL INFO NET/IB: NCCL Dev 12 IbDev 7 Port 1 qpn 751 mtu 5 GID 3 (0/4E5A13C6FFFF0000) ctsFifoRkey=0xdd6d6 ctsFifoLkey=0xdd6d6
a100-llm-05:3807029:3807153 [6] NCCL INFO NET/IB: IbDev 7 Port 1 qpn 751 query_ece={supported=1, vendor_id=0x15b3, options=0x30000000, comp_mask=0x0}
a100-llm-05:3807029:3807150 [2] NCCL INFO New proxy recv connection 1 from local rank 0, transport 2
a100-llm-05:3807029:3807170 [1] NCCL INFO Channel 00/0 : 0[0] -> 1[1] [receive] via NET/IB/9/GDRDMA
a100-llm-05:3807029:3807170 [1] NCCL INFO GPU Direct RDMA Enabled for GPU/0-1020000 (rank 1) - NET/0-9 (distance 5 <= 6, read 0, mode Default)
a100-llm-05:3807029:3807153 [6] NCCL INFO NET/IB: NCCL Dev 12 IbDev 8 Port 1 qpn 495 mtu 5 GID 3 (0/57B013C6FFFF0000) ctsFifoRkey=0xa23e6 ctsFifoLkey=0xa23e6
a100-llm-05:3807029:3807153 [6] NCCL INFO NET/IB: IbDev 8 Port 1 qpn 495 query_ece={supported=1, vendor_id=0x15b3, options=0x30000000, comp_mask=0x0}
a100-llm-05:3807029:3807153 [6] NCCL INFO NET/IB: IbDev 7 Port 1 qpn 748 set_ece={supported=1, vendor_id=0x15b3, options=0x30000000, comp_mask=0x0}
a100-llm-05:3807029:3807153 [6] NCCL INFO NET/IB: IbDev 8 Port 1 qpn 492 set_ece={supported=1, vendor_id=0x15b3, options=0x30000000, comp_mask=0x0}
a100-llm-05:3807029:3807153 [6] NCCL INFO NET/IB: IbDev 7 Port 1 qpn 751 set_ece={supported=1, vendor_id=0x15b3, options=0x30000000, comp_mask=0x0}
a100-llm-05:3807029:3807153 [6] NCCL INFO NET/IB: IbDev 8 Port 1 qpn 495 set_ece={supported=1, vendor_id=0x15b3, options=0x30000000, comp_mask=0x0}
a100-llm-05:3807029:3807169 [2] NCCL INFO Connected to proxy localRank 0 -> connection 0x7fd3a3fc10d8
a100-llm-05:3807029:3807167 [4] NCCL INFO Channel 00/0 : 4[4] -> 5[5] [send] via NET/IB/11/GDRDMA
a100-llm-05:3807029:3807167 [4] NCCL INFO GPU Direct RDMA Enabled for GPU/0-1036368 (rank 4) - NET/0-11 (distance 5 <= 6, read 1, mode Default)
a100-llm-05:3807029:3807169 [2] NCCL INFO Channel 01/0 : 1[1] -> 2[2] [receive] via NET/IB/10/GDRDMA
a100-llm-05:3807029:3807169 [2] NCCL INFO GPU Direct RDMA Enabled for GPU/0-1028176 (rank 2) - NET/0-10 (distance 5 <= 6, read 1, mode Default)
a100-llm-05:3807029:3807151 [1] NCCL INFO New proxy recv connection 1 from local rank 0, transport 2
a100-llm-05:3807029:3807162 [4] NCCL INFO New proxy send connection 3 from local rank 0, transport 2
a100-llm-05:3807029:3807167 [4] NCCL INFO Connected to proxy localRank 0 -> connection 0x7fd250001208
a100-llm-05:3807029:3807150 [2] NCCL INFO New proxy send connection 2 from local rank 0, transport 2
a100-llm-05:3807029:3807170 [1] NCCL INFO Connected to proxy localRank 0 -> connection 0x7fd270000d88
a100-llm-05:3807029:3807170 [1] NCCL INFO Channel 01/0 : 0[0] -> 1[1] [receive] via NET/IB/9/GDRDMA
a100-llm-05:3807029:3807170 [1] NCCL INFO GPU Direct RDMA Enabled for GPU/0-1020000 (rank 1) - NET/0-9 (distance 5 <= 6, read 1, mode Default)
a100-llm-05:3807029:3807169 [2] NCCL INFO Connected to proxy localRank 0 -> connection 0x7fd3a3fc1150
a100-llm-05:3807029:3807167 [4] NCCL INFO Channel 01/0 : 4[4] -> 5[5] [send] via NET/IB/11/GDRDMA
a100-llm-05:3807029:3807169 [2] NCCL INFO Channel 00/0 : 2[2] -> 3[3] [send] via NET/IB/10/GDRDMA
a100-llm-05:3807029:3807169 [2] NCCL INFO GPU Direct RDMA Enabled for GPU/0-1028176 (rank 2) - NET/0-10 (distance 5 <= 6, read 1, mode Default)
a100-llm-05:3807029:3807151 [1] NCCL INFO New proxy send connection 2 from local rank 0, transport 2
a100-llm-05:3807029:3807148 [5] NCCL INFO NET/IB: NCCL Dev 11 IbDev 5 Port 1 qpn 748 mtu 5 GID 3 (0/520113C6FFFF0000) ctsFifoRkey=0xe3633 ctsFifoLkey=0xe3633
a100-llm-05:3807029:3807148 [5] NCCL INFO NET/IB: IbDev 5 Port 1 qpn 748 query_ece={supported=1, vendor_id=0x15b3, options=0x30000000, comp_mask=0x0}
a100-llm-05:3807029:3807148 [5] NCCL INFO NET/IB: NCCL Dev 11 IbDev 6 Port 1 qpn 492 mtu 5 GID 3 (0/B90713C6FFFF0000) ctsFifoRkey=0xa7130 ctsFifoLkey=0xa7130
a100-llm-05:3807029:3807148 [5] NCCL INFO NET/IB: IbDev 6 Port 1 qpn 492 query_ece={supported=1, vendor_id=0x15b3, options=0x30000000, comp_mask=0x0}
a100-llm-05:3807029:3807148 [5] NCCL INFO NET/IB: NCCL Dev 11 IbDev 5 Port 1 qpn 749 mtu 5 GID 3 (0/520113C6FFFF0000) ctsFifoRkey=0xe4241 ctsFifoLkey=0xe4241
a100-llm-05:3807029:3807148 [5] NCCL INFO NET/IB: IbDev 5 Port 1 qpn 749 query_ece={supported=1, vendor_id=0x15b3, options=0x30000000, comp_mask=0x0}
a100-llm-05:3807029:3807148 [5] NCCL INFO NET/IB: NCCL Dev 11 IbDev 6 Port 1 qpn 493 mtu 5 GID 3 (0/B90713C6FFFF0000) ctsFifoRkey=0xa7d3c ctsFifoLkey=0xa7d3c
a100-llm-05:3807029:3807148 [5] NCCL INFO NET/IB: IbDev 6 Port 1 qpn 493 query_ece={supported=1, vendor_id=0x15b3, options=0x30000000, comp_mask=0x0}
a100-llm-05:3807029:3807150 [2] NCCL INFO New proxy send connection 3 from local rank 0, transport 2
a100-llm-05:3807029:3807170 [1] NCCL INFO Connected to proxy localRank 0 -> connection 0x7fd270000e00
a100-llm-05:3807029:3807148 [5] NCCL INFO NET/IB: IbDev 5 Port 1 qpn 748 set_ece={supported=1, vendor_id=0x15b3, options=0x30000000, comp_mask=0x0}
a100-llm-05:3807029:3807148 [5] NCCL INFO NET/IB: IbDev 6 Port 1 qpn 492 set_ece={supported=1, vendor_id=0x15b3, options=0x30000000, comp_mask=0x0}
a100-llm-05:3807029:3807169 [2] NCCL INFO Connected to proxy localRank 0 -> connection 0x7fd3a3fc11c8
a100-llm-05:3807029:3807148 [5] NCCL INFO NET/IB: IbDev 5 Port 1 qpn 749 set_ece={supported=1, vendor_id=0x15b3, options=0x30000000, comp_mask=0x0}
a100-llm-05:3807029:3807148 [5] NCCL INFO NET/IB: IbDev 6 Port 1 qpn 493 set_ece={supported=1, vendor_id=0x15b3, options=0x30000000, comp_mask=0x0}
a100-llm-05:3807029:3807170 [1] NCCL INFO Channel 00/0 : 1[1] -> 2[2] [send] via NET/IB/9/GDRDMA
a100-llm-05:3807029:3807170 [1] NCCL INFO GPU Direct RDMA Enabled for GPU/0-1020000 (rank 1) - NET/0-9 (distance 5 <= 6, read 1, mode Default)
a100-llm-05:3807029:3807162 [4] NCCL INFO NET/IB: NCCL Dev 11 IbDev 5 Port 1 qpn 750 mtu 5 GID 3 (0/520113C6FFFF0000) ctsFifoRkey=0xe4e4d ctsFifoLkey=0xe4e4d
a100-llm-05:3807029:3807162 [4] NCCL INFO NET/IB: IbDev 5 Port 1 qpn 750 query_ece={supported=1, vendor_id=0x15b3, options=0x30000000, comp_mask=0x0}
a100-llm-05:3807029:3807162 [4] NCCL INFO NET/IB: NCCL Dev 11 IbDev 6 Port 1 qpn 494 mtu 5 GID 3 (0/B90713C6FFFF0000) ctsFifoRkey=0xa8948 ctsFifoLkey=0xa8948
a100-llm-05:3807029:3807162 [4] NCCL INFO NET/IB: IbDev 6 Port 1 qpn 494 query_ece={supported=1, vendor_id=0x15b3, options=0x30000000, comp_mask=0x0}
a100-llm-05:3807029:3807151 [1] NCCL INFO New proxy send connection 3 from local rank 0, transport 2
a100-llm-05:3807029:3807170 [1] NCCL INFO Connected to proxy localRank 0 -> connection 0x7fd270000e78
a100-llm-05:3807029:3807162 [4] NCCL INFO NET/IB: NCCL Dev 11 IbDev 5 Port 1 qpn 751 mtu 5 GID 3 (0/520113C6FFFF0000) ctsFifoRkey=0xe5959 ctsFifoLkey=0xe5959
a100-llm-05:3807029:3807162 [4] NCCL INFO NET/IB: IbDev 5 Port 1 qpn 751 query_ece={supported=1, vendor_id=0x15b3, options=0x30000000, comp_mask=0x0}
a100-llm-05:3807029:3807162 [4] NCCL INFO NET/IB: NCCL Dev 11 IbDev 6 Port 1 qpn 495 mtu 5 GID 3 (0/B90713C6FFFF0000) ctsFifoRkey=0xa9654 ctsFifoLkey=0xa9654
a100-llm-05:3807029:3807162 [4] NCCL INFO NET/IB: IbDev 6 Port 1 qpn 495 query_ece={supported=1, vendor_id=0x15b3, options=0x30000000, comp_mask=0x0}
a100-llm-05:3807029:3807170 [1] NCCL INFO Channel 01/0 : 1[1] -> 2[2] [send] via NET/IB/9/GDRDMA
a100-llm-05:3807029:3807169 [2] NCCL INFO Channel 01/0 : 2[2] -> 3[3] [send] via NET/IB/10/GDRDMA
a100-llm-05:3807029:3807162 [4] NCCL INFO NET/IB: IbDev 5 Port 1 qpn 750 set_ece={supported=1, vendor_id=0x15b3, options=0x30000000, comp_mask=0x0}
a100-llm-05:3807029:3807162 [4] NCCL INFO NET/IB: IbDev 6 Port 1 qpn 494 set_ece={supported=1, vendor_id=0x15b3, options=0x30000000, comp_mask=0x0}
a100-llm-05:3807029:3807162 [4] NCCL INFO NET/IB: IbDev 5 Port 1 qpn 751 set_ece={supported=1, vendor_id=0x15b3, options=0x30000000, comp_mask=0x0}
a100-llm-05:3807029:3807162 [4] NCCL INFO NET/IB: IbDev 6 Port 1 qpn 495 set_ece={supported=1, vendor_id=0x15b3, options=0x30000000, comp_mask=0x0}
a100-llm-05:3807029:3807155 [3] NCCL INFO NET/IB: NCCL Dev 10 IbDev 3 Port 1 qpn 748 mtu 5 GID 3 (0/220D13C6FFFF0000) ctsFifoRkey=0xe0505 ctsFifoLkey=0xe0505
a100-llm-05:3807029:3807155 [3] NCCL INFO NET/IB: IbDev 3 Port 1 qpn 748 query_ece={supported=1, vendor_id=0x15b3, options=0x30000000, comp_mask=0x0}
a100-llm-05:3807029:3807155 [3] NCCL INFO NET/IB: NCCL Dev 10 IbDev 4 Port 1 qpn 492 mtu 5 GID 3 (0/422613C6FFFF0000) ctsFifoRkey=0xa9251 ctsFifoLkey=0xa9251
a100-llm-05:3807029:3807155 [3] NCCL INFO NET/IB: IbDev 4 Port 1 qpn 492 query_ece={supported=1, vendor_id=0x15b3, options=0x30000000, comp_mask=0x0}
a100-llm-05:3807029:3807152 [0] NCCL INFO NET/IB: NCCL Dev 9 IbDev 1 Port 1 qpn 748 mtu 5 GID 3 (0/F34413C6FFFF0000) ctsFifoRkey=0xe1716 ctsFifoLkey=0xe1716
a100-llm-05:3807029:3807152 [0] NCCL INFO NET/IB: IbDev 1 Port 1 qpn 748 query_ece={supported=1, vendor_id=0x15b3, options=0x30000000, comp_mask=0x0}
a100-llm-05:3807029:3807152 [0] NCCL INFO NET/IB: NCCL Dev 9 IbDev 2 Port 1 qpn 492 mtu 5 GID 3 (0/173F13C6FFFF0000) ctsFifoRkey=0xa6423 ctsFifoLkey=0xa6423
a100-llm-05:3807029:3807152 [0] NCCL INFO NET/IB: IbDev 2 Port 1 qpn 492 query_ece={supported=1, vendor_id=0x15b3, options=0x30000000, comp_mask=0x0}
a100-llm-05:3807029:3807150 [2] NCCL INFO NET/IB: NCCL Dev 10 IbDev 3 Port 1 qpn 749 mtu 5 GID 3 (0/220D13C6FFFF0000) ctsFifoRkey=0xe1311 ctsFifoLkey=0xe1311
a100-llm-05:3807029:3807150 [2] NCCL INFO NET/IB: IbDev 3 Port 1 qpn 749 query_ece={supported=1, vendor_id=0x15b3, options=0x30000000, comp_mask=0x0}
a100-llm-05:3807029:3807150 [2] NCCL INFO NET/IB: NCCL Dev 10 IbDev 4 Port 1 qpn 493 mtu 5 GID 3 (0/422613C6FFFF0000) ctsFifoRkey=0xa9e5d ctsFifoLkey=0xa9e5d
a100-llm-05:3807029:3807150 [2] NCCL INFO NET/IB: IbDev 4 Port 1 qpn 493 query_ece={supported=1, vendor_id=0x15b3, options=0x30000000, comp_mask=0x0}
a100-llm-05:3807029:3807152 [0] NCCL INFO NET/IB: NCCL Dev 9 IbDev 1 Port 1 qpn 749 mtu 5 GID 3 (0/F34413C6FFFF0000) ctsFifoRkey=0xe2322 ctsFifoLkey=0xe2322
a100-llm-05:3807029:3807152 [0] NCCL INFO NET/IB: IbDev 1 Port 1 qpn 749 query_ece={supported=1, vendor_id=0x15b3, options=0x30000000, comp_mask=0x0}
a100-llm-05:3807029:3807154 [7] NCCL INFO NET/IB: NCCL Dev 12 IbDev 7 Port 1 qpn 758 mtu 5 GID 3 (0/4E5A13C6FFFF0000) ctsFifoRkey=0xe0706 ctsFifoLkey=0xe0706
a100-llm-05:3807029:3807154 [7] NCCL INFO NET/IB: IbDev 7 Port 1 qpn 758 query_ece={supported=1, vendor_id=0x15b3, options=0x30000000, comp_mask=0x0}
a100-llm-05:3807029:3807152 [0] NCCL INFO NET/IB: NCCL Dev 9 IbDev 2 Port 1 qpn 493 mtu 5 GID 3 (0/173F13C6FFFF0000) ctsFifoRkey=0xa702f ctsFifoLkey=0xa702f
a100-llm-05:3807029:3807152 [0] NCCL INFO NET/IB: IbDev 2 Port 1 qpn 493 query_ece={supported=1, vendor_id=0x15b3, options=0x30000000, comp_mask=0x0}
a100-llm-05:3807029:3807154 [7] NCCL INFO NET/IB: NCCL Dev 12 IbDev 8 Port 1 qpn 502 mtu 5 GID 3 (0/57B013C6FFFF0000) ctsFifoRkey=0xa5514 ctsFifoLkey=0xa5514
a100-llm-05:3807029:3807154 [7] NCCL INFO NET/IB: IbDev 8 Port 1 qpn 502 query_ece={supported=1, vendor_id=0x15b3, options=0x30000000, comp_mask=0x0}
a100-llm-05:3807029:3807150 [2] NCCL INFO NET/IB: NCCL Dev 10 IbDev 3 Port 1 qpn 750 mtu 5 GID 3 (0/220D13C6FFFF0000) ctsFifoRkey=0xe211e ctsFifoLkey=0xe211e
a100-llm-05:3807029:3807150 [2] NCCL INFO NET/IB: IbDev 3 Port 1 qpn 750 query_ece={supported=1, vendor_id=0x15b3, options=0x30000000, comp_mask=0x0}
a100-llm-05:3807029:3807150 [2] NCCL INFO NET/IB: NCCL Dev 10 IbDev 4 Port 1 qpn 494 mtu 5 GID 3 (0/422613C6FFFF0000) ctsFifoRkey=0xaaa69 ctsFifoLkey=0xaaa69
a100-llm-05:3807029:3807150 [2] NCCL INFO NET/IB: IbDev 4 Port 1 qpn 494 query_ece={supported=1, vendor_id=0x15b3, options=0x30000000, comp_mask=0x0}
a100-llm-05:3807029:3807154 [7] NCCL INFO NET/IB: NCCL Dev 12 IbDev 7 Port 1 qpn 759 mtu 5 GID 3 (0/4E5A13C6FFFF0000) ctsFifoRkey=0xe1413 ctsFifoLkey=0xe1413
a100-llm-05:3807029:3807154 [7] NCCL INFO NET/IB: IbDev 7 Port 1 qpn 759 query_ece={supported=1, vendor_id=0x15b3, options=0x30000000, comp_mask=0x0}
a100-llm-05:3807029:3807154 [7] NCCL INFO NET/IB: NCCL Dev 12 IbDev 8 Port 1 qpn 503 mtu 5 GID 3 (0/57B013C6FFFF0000) ctsFifoRkey=0xa6221 ctsFifoLkey=0xa6221
a100-llm-05:3807029:3807154 [7] NCCL INFO NET/IB: IbDev 8 Port 1 qpn 503 query_ece={supported=1, vendor_id=0x15b3, options=0x30000000, comp_mask=0x0}
a100-llm-05:3807029:3807154 [7] NCCL INFO NET/IB: IbDev 7 Port 1 qpn 758 set_ece={supported=1, vendor_id=0x15b3, options=0x30000000, comp_mask=0x0}
a100-llm-05:3807029:3807154 [7] NCCL INFO NET/IB: IbDev 8 Port 1 qpn 502 set_ece={supported=1, vendor_id=0x15b3, options=0x30000000, comp_mask=0x0}
a100-llm-05:3807029:3807155 [3] NCCL INFO NET/IB: NCCL Dev 10 IbDev 3 Port 1 qpn 753 mtu 5 GID 3 (0/220D13C6FFFF0000) ctsFifoRkey=0xe3938 ctsFifoLkey=0xe3938
a100-llm-05:3807029:3807155 [3] NCCL INFO NET/IB: IbDev 3 Port 1 qpn 753 query_ece={supported=1, vendor_id=0x15b3, options=0x30000000, comp_mask=0x0}
a100-llm-05:3807029:3807155 [3] NCCL INFO NET/IB: NCCL Dev 10 IbDev 4 Port 1 qpn 497 mtu 5 GID 3 (0/422613C6FFFF0000) ctsFifoRkey=0xac582 ctsFifoLkey=0xac582
a100-llm-05:3807029:3807155 [3] NCCL INFO NET/IB: IbDev 4 Port 1 qpn 497 query_ece={supported=1, vendor_id=0x15b3, options=0x30000000, comp_mask=0x0}
a100-llm-05:3807029:3807154 [7] NCCL INFO NET/IB: IbDev 7 Port 1 qpn 759 set_ece={supported=1, vendor_id=0x15b3, options=0x30000000, comp_mask=0x0}
a100-llm-05:3807029:3807154 [7] NCCL INFO NET/IB: IbDev 8 Port 1 qpn 503 set_ece={supported=1, vendor_id=0x15b3, options=0x30000000, comp_mask=0x0}
a100-llm-05:3807029:3807155 [3] NCCL INFO NET/IB: IbDev 3 Port 1 qpn 748 set_ece={supported=1, vendor_id=0x15b3, options=0x30000000, comp_mask=0x0}
a100-llm-05:3807029:3807155 [3] NCCL INFO NET/IB: IbDev 4 Port 1 qpn 492 set_ece={supported=1, vendor_id=0x15b3, options=0x30000000, comp_mask=0x0}
a100-llm-05:3807029:3807150 [2] NCCL INFO NET/IB: IbDev 3 Port 1 qpn 749 set_ece={supported=1, vendor_id=0x15b3, options=0x30000000, comp_mask=0x0}
a100-llm-05:3807029:3807155 [3] NCCL INFO NET/IB: IbDev 3 Port 1 qpn 753 set_ece={supported=1, vendor_id=0x15b3, options=0x30000000, comp_mask=0x0}
a100-llm-05:3807029:3807155 [3] NCCL INFO NET/IB: IbDev 4 Port 1 qpn 497 set_ece={supported=1, vendor_id=0x15b3, options=0x30000000, comp_mask=0x0}
a100-llm-05:3807029:3807151 [1] NCCL INFO NET/IB: NCCL Dev 9 IbDev 1 Port 1 qpn 754 mtu 5 GID 3 (0/F34413C6FFFF0000) ctsFifoRkey=0xe4746 ctsFifoLkey=0xe4746
a100-llm-05:3807029:3807151 [1] NCCL INFO NET/IB: IbDev 1 Port 1 qpn 754 query_ece={supported=1, vendor_id=0x15b3, options=0x30000000, comp_mask=0x0}
a100-llm-05:3807029:3807151 [1] NCCL INFO NET/IB: NCCL Dev 9 IbDev 2 Port 1 qpn 498 mtu 5 GID 3 (0/173F13C6FFFF0000) ctsFifoRkey=0xa9655 ctsFifoLkey=0xa9655
a100-llm-05:3807029:3807151 [1] NCCL INFO NET/IB: IbDev 2 Port 1 qpn 498 query_ece={supported=1, vendor_id=0x15b3, options=0x30000000, comp_mask=0x0}
a100-llm-05:3807029:3807150 [2] NCCL INFO NET/IB: IbDev 4 Port 1 qpn 493 set_ece={supported=1, vendor_id=0x15b3, options=0x30000000, comp_mask=0x0}
a100-llm-05:3807029:3807150 [2] NCCL INFO NET/IB: IbDev 3 Port 1 qpn 750 set_ece={supported=1, vendor_id=0x15b3, options=0x30000000, comp_mask=0x0}
a100-llm-05:3807029:3807150 [2] NCCL INFO NET/IB: IbDev 4 Port 1 qpn 494 set_ece={supported=1, vendor_id=0x15b3, options=0x30000000, comp_mask=0x0}
a100-llm-05:3807029:3807151 [1] NCCL INFO NET/IB: NCCL Dev 9 IbDev 1 Port 1 qpn 757 mtu 5 GID 3 (0/F34413C6FFFF0000) ctsFifoRkey=0xe5f5e ctsFifoLkey=0xe5f5e
a100-llm-05:3807029:3807151 [1] NCCL INFO NET/IB: IbDev 1 Port 1 qpn 757 query_ece={supported=1, vendor_id=0x15b3, options=0x30000000, comp_mask=0x0}
a100-llm-05:3807029:3807151 [1] NCCL INFO NET/IB: NCCL Dev 9 IbDev 2 Port 1 qpn 501 mtu 5 GID 3 (0/173F13C6FFFF0000) ctsFifoRkey=0xaac6b ctsFifoLkey=0xaac6b
a100-llm-05:3807029:3807151 [1] NCCL INFO NET/IB: IbDev 2 Port 1 qpn 501 query_ece={supported=1, vendor_id=0x15b3, options=0x30000000, comp_mask=0x0}
a100-llm-05:3807029:3807152 [0] NCCL INFO NET/IB: IbDev 1 Port 1 qpn 748 set_ece={supported=1, vendor_id=0x15b3, options=0x30000000, comp_mask=0x0}
a100-llm-05:3807029:3807152 [0] NCCL INFO NET/IB: IbDev 2 Port 1 qpn 492 set_ece={supported=1, vendor_id=0x15b3, options=0x30000000, comp_mask=0x0}
a100-llm-05:3807029:3807151 [1] NCCL INFO NET/IB: IbDev 1 Port 1 qpn 754 set_ece={supported=1, vendor_id=0x15b3, options=0x30000000, comp_mask=0x0}
a100-llm-05:3807029:3807151 [1] NCCL INFO NET/IB: IbDev 2 Port 1 qpn 498 set_ece={supported=1, vendor_id=0x15b3, options=0x30000000, comp_mask=0x0}
a100-llm-05:3807029:3807152 [0] NCCL INFO NET/IB: IbDev 1 Port 1 qpn 749 set_ece={supported=1, vendor_id=0x15b3, options=0x30000000, comp_mask=0x0}
a100-llm-05:3807029:3807152 [0] NCCL INFO NET/IB: IbDev 2 Port 1 qpn 493 set_ece={supported=1, vendor_id=0x15b3, options=0x30000000, comp_mask=0x0}
a100-llm-05:3807029:3807151 [1] NCCL INFO NET/IB: IbDev 1 Port 1 qpn 757 set_ece={supported=1, vendor_id=0x15b3, options=0x30000000, comp_mask=0x0}
a100-llm-05:3807029:3807151 [1] NCCL INFO NET/IB: IbDev 2 Port 1 qpn 501 set_ece={supported=1, vendor_id=0x15b3, options=0x30000000, comp_mask=0x0}
[AIMD] FinalizeChunkRTT: cc=0x7fd26c35ed40 slot=0 inflight_before=1
warmup done.
[AIMD] FinalizeChunkRTT: cc=0x7fd27c001000 slot=938 inflight_before=1
[AIMD] FinalizeChunkRTT: cc=0x7fd2b8002200 slot=656 inflight_before=1
[AIMD] FinalizeChunkRTT: cc=0x7fd2640659a0 slot=321 inflight_before=8
a100-llm-05:3807029:3807141 [0] NCCL INFO V2MIN: pressure=1.000 (fast=0.088 slow=0.001 dev=0.0872) state=SHRINK window=204 floor=204 high=3132 low=0 ncc=16
[AIMD] FinalizeChunkRTT: cc=0x7fd2640659a0 slot=54 inflight_before=8
[AIMD] FinalizeChunkRTT: cc=0x7fd2700659a0 slot=582 inflight_before=5
[AIMD] FinalizeChunkRTT: cc=0x7fd260007020 slot=210 inflight_before=2
[AIMD] FinalizeChunkRTT: cc=0x7fd27c001000 slot=959 inflight_before=8
[AIMD] FinalizeChunkRTT: cc=0x7fd28c0c7700 slot=844 inflight_before=1
a100-llm-05:3807029:3807141 [0] NCCL INFO V2MIN: pressure=1.000 (fast=0.171 slow=0.001 dev=0.1692) state=SHRINK window=204 floor=204 high=7853 low=0 ncc=16
[AIMD] FinalizeChunkRTT: cc=0x7fd2640659a0 slot=453 inflight_before=2
[AIMD] FinalizeChunkRTT: cc=0x7fd264065be0 slot=154 inflight_before=1
[AIMD] FinalizeChunkRTT: cc=0x7fd26c35ed40 slot=812 inflight_before=1
[AIMD] FinalizeChunkRTT: cc=0x7fd28c0c7700 slot=58 inflight_before=1
[AIMD] FinalizeChunkRTT: cc=0x7fd2700659a0 slot=68 inflight_before=1
a100-llm-05:3807029:3807141 [0] NCCL INFO V2MIN: pressure=1.000 (fast=0.278 slow=0.001 dev=0.2772) state=SHRINK window=204 floor=204 high=12570 low=0 ncc=16
[AIMD] FinalizeChunkRTT: cc=0x7fd260006de0 slot=862 inflight_before=1
[AIMD] FinalizeChunkRTT: cc=0x7fd2700659a0 slot=621 inflight_before=2
CSV written to: det_v1_baseline_run3/bench_latency_20260416_161007.csv

========================================
  Oracle Experiment Results
========================================
Config: nDev=8  count=1048576  data=4.19 MB  iters=1000
NCCL_AIMD_ENABLE=1  NCCL_CC_ORACLE_FACTOR=(unset)

Wall-clock latency (us):
  mean= 14986.6  stddev= 10719.6
  p50 = 14378.1  p99   = 45461.2  max= 68365.0

Collective max GPU latency (us):
  mean= 13155.8  stddev=  9364.0
  p50 = 12569.6  p99   = 39962.7  max= 46584.8

Rank skew (us):
  mean=  1769.3  stddev=  3378.9
  p50 =   217.6  p99   = 15651.5  max= 22052.9

Avg algo bandwidth: 0.49 GB/s
========================================

