a100-llm-02:1412585:1412777 [0] NCCL INFO New proxy recv connection 1 from local rank 0, transport 2
a100-llm-02:1412585:1412798 [0] NCCL INFO Connected to proxy localRank 0 -> connection 0x7f46fc000d88
a100-llm-02:1412585:1412798 [0] NCCL INFO Channel 01/0 : 7[7] -> 0[0] [receive] via NET/IB/9/GDRDMA
a100-llm-02:1412585:1412798 [0] NCCL INFO GPU Direct RDMA Enabled for GPU/0-1019984 (rank 0) - NET/0-9 (distance 5 <= 6, read 1, mode Default)
a100-llm-02:1412585:1412777 [0] NCCL INFO New proxy send connection 2 from local rank 0, transport 2
a100-llm-02:1412585:1412798 [0] NCCL INFO Connected to proxy localRank 0 -> connection 0x7f46fc000e00
a100-llm-02:1412585:1412798 [0] NCCL INFO Channel 00/0 : 0[0] -> 1[1] [send] via NET/IB/9/GDRDMA
a100-llm-02:1412585:1412798 [0] NCCL INFO GPU Direct RDMA Enabled for GPU/0-1019984 (rank 0) - NET/0-9 (distance 5 <= 6, read 1, mode Default)
a100-llm-02:1412585:1412785 [5] NCCL INFO New proxy recv connection 0 from local rank 0, transport 2
a100-llm-02:1412585:1412789 [7] NCCL INFO New proxy recv connection 0 from local rank 0, transport 2
a100-llm-02:1412585:1412791 [7] NCCL INFO Connected to proxy localRank 0 -> connection 0x7f468c000d10
a100-llm-02:1412585:1412777 [0] NCCL INFO New proxy send connection 3 from local rank 0, transport 2
a100-llm-02:1412585:1412798 [0] NCCL INFO Connected to proxy localRank 0 -> connection 0x7f46fc000e78
a100-llm-02:1412585:1412798 [0] NCCL INFO Channel 01/0 : 0[0] -> 1[1] [send] via NET/IB/9/GDRDMA
a100-llm-02:1412585:1412791 [7] NCCL INFO Channel 00/0 : 6[6] -> 7[7] [receive] via NET/IB/12/GDRDMA
a100-llm-02:1412585:1412791 [7] NCCL INFO GPU Direct RDMA Enabled for GPU/0-1044576 (rank 7) - NET/0-12 (distance 5 <= 6, read 0, mode Default)
a100-llm-02:1412585:1412789 [7] NCCL INFO New proxy recv connection 1 from local rank 0, transport 2
a100-llm-02:1412585:1412791 [7] NCCL INFO Connected to proxy localRank 0 -> connection 0x7f468c000d88
a100-llm-02:1412585:1412791 [7] NCCL INFO Channel 01/0 : 6[6] -> 7[7] [receive] via NET/IB/12/GDRDMA
a100-llm-02:1412585:1412791 [7] NCCL INFO GPU Direct RDMA Enabled for GPU/0-1044576 (rank 7) - NET/0-12 (distance 5 <= 6, read 1, mode Default)
a100-llm-02:1412585:1412789 [7] NCCL INFO New proxy send connection 2 from local rank 0, transport 2
a100-llm-02:1412585:1412791 [7] NCCL INFO Connected to proxy localRank 0 -> connection 0x7f468c000e00
a100-llm-02:1412585:1412793 [5] NCCL INFO Connected to proxy localRank 0 -> connection 0x7f47e3fa2720
a100-llm-02:1412585:1412791 [7] NCCL INFO Channel 00/0 : 7[7] -> 0[0] [send] via NET/IB/12/GDRDMA
a100-llm-02:1412585:1412791 [7] NCCL INFO GPU Direct RDMA Enabled for GPU/0-1044576 (rank 7) - NET/0-12 (distance 5 <= 6, read 1, mode Default)
a100-llm-02:1412585:1412789 [7] NCCL INFO New proxy send connection 3 from local rank 0, transport 2
a100-llm-02:1412585:1412791 [7] NCCL INFO Connected to proxy localRank 0 -> connection 0x7f468c000e78
a100-llm-02:1412585:1412793 [5] NCCL INFO Channel 00/0 : 4[4] -> 5[5] [receive] via NET/IB/11/GDRDMA
a100-llm-02:1412585:1412793 [5] NCCL INFO GPU Direct RDMA Enabled for GPU/0-1036384 (rank 5) - NET/0-11 (distance 5 <= 6, read 0, mode Default)
a100-llm-02:1412585:1412785 [5] NCCL INFO New proxy recv connection 1 from local rank 0, transport 2
a100-llm-02:1412585:1412793 [5] NCCL INFO Connected to proxy localRank 0 -> connection 0x7f47e3fa2798
a100-llm-02:1412585:1412791 [7] NCCL INFO Channel 01/0 : 7[7] -> 0[0] [send] via NET/IB/12/GDRDMA
a100-llm-02:1412585:1412786 [6] NCCL INFO New proxy recv connection 0 from local rank 0, transport 2
a100-llm-02:1412585:1412793 [5] NCCL INFO Channel 01/0 : 4[4] -> 5[5] [receive] via NET/IB/11/GDRDMA
a100-llm-02:1412585:1412793 [5] NCCL INFO GPU Direct RDMA Enabled for GPU/0-1036384 (rank 5) - NET/0-11 (distance 5 <= 6, read 1, mode Default)
a100-llm-02:1412585:1412775 [1] NCCL INFO New proxy recv connection 0 from local rank 0, transport 2
a100-llm-02:1412585:1412785 [5] NCCL INFO New proxy send connection 2 from local rank 0, transport 2
a100-llm-02:1412585:1412793 [5] NCCL INFO Connected to proxy localRank 0 -> connection 0x7f47e3fa2810
a100-llm-02:1412585:1412793 [5] NCCL INFO Channel 00/0 : 5[5] -> 6[6] [send] via NET/IB/11/GDRDMA
a100-llm-02:1412585:1412793 [5] NCCL INFO GPU Direct RDMA Enabled for GPU/0-1036384 (rank 5) - NET/0-11 (distance 5 <= 6, read 1, mode Default)
a100-llm-02:1412585:1412785 [5] NCCL INFO New proxy send connection 3 from local rank 0, transport 2
a100-llm-02:1412585:1412793 [5] NCCL INFO Connected to proxy localRank 0 -> connection 0x7f47e3fa2888
a100-llm-02:1412585:1412797 [1] NCCL INFO Connected to proxy localRank 0 -> connection 0x7f48037863e0
a100-llm-02:1412585:1412797 [1] NCCL INFO Channel 00/0 : 0[0] -> 1[1] [receive] via NET/IB/9/GDRDMA
a100-llm-02:1412585:1412797 [1] NCCL INFO GPU Direct RDMA Enabled for GPU/0-1020000 (rank 1) - NET/0-9 (distance 5 <= 6, read 0, mode Default)
a100-llm-02:1412585:1412775 [1] NCCL INFO New proxy recv connection 1 from local rank 0, transport 2
a100-llm-02:1412585:1412797 [1] NCCL INFO Connected to proxy localRank 0 -> connection 0x7f4803786458
a100-llm-02:1412585:1412797 [1] NCCL INFO Channel 01/0 : 0[0] -> 1[1] [receive] via NET/IB/9/GDRDMA
a100-llm-02:1412585:1412797 [1] NCCL INFO GPU Direct RDMA Enabled for GPU/0-1020000 (rank 1) - NET/0-9 (distance 5 <= 6, read 1, mode Default)
a100-llm-02:1412585:1412775 [1] NCCL INFO New proxy send connection 2 from local rank 0, transport 2
a100-llm-02:1412585:1412797 [1] NCCL INFO Connected to proxy localRank 0 -> connection 0x7f48037864d0
a100-llm-02:1412585:1412797 [1] NCCL INFO Channel 00/0 : 1[1] -> 2[2] [send] via NET/IB/9/GDRDMA
a100-llm-02:1412585:1412797 [1] NCCL INFO GPU Direct RDMA Enabled for GPU/0-1020000 (rank 1) - NET/0-9 (distance 5 <= 6, read 1, mode Default)
a100-llm-02:1412585:1412793 [5] NCCL INFO Channel 01/0 : 5[5] -> 6[6] [send] via NET/IB/11/GDRDMA
a100-llm-02:1412585:1412775 [1] NCCL INFO New proxy send connection 3 from local rank 0, transport 2
a100-llm-02:1412585:1412797 [1] NCCL INFO Connected to proxy localRank 0 -> connection 0x7f4803786548
a100-llm-02:1412585:1412797 [1] NCCL INFO Channel 01/0 : 1[1] -> 2[2] [send] via NET/IB/9/GDRDMA
a100-llm-02:1412585:1412792 [6] NCCL INFO Connected to proxy localRank 0 -> connection 0x7f4694000d10
a100-llm-02:1412585:1412780 [2] NCCL INFO New proxy recv connection 0 from local rank 0, transport 2
a100-llm-02:1412585:1412792 [6] NCCL INFO Channel 00/0 : 5[5] -> 6[6] [receive] via NET/IB/12/GDRDMA
a100-llm-02:1412585:1412792 [6] NCCL INFO GPU Direct RDMA Enabled for GPU/0-1044560 (rank 6) - NET/0-12 (distance 5 <= 6, read 0, mode Default)
a100-llm-02:1412585:1412779 [3] NCCL INFO New proxy recv connection 0 from local rank 0, transport 2
a100-llm-02:1412585:1412783 [4] NCCL INFO New proxy recv connection 0 from local rank 0, transport 2
a100-llm-02:1412585:1412796 [2] NCCL INFO Connected to proxy localRank 0 -> connection 0x7f46a8000d10
a100-llm-02:1412585:1412786 [6] NCCL INFO New proxy recv connection 1 from local rank 0, transport 2
a100-llm-02:1412585:1412794 [4] NCCL INFO Connected to proxy localRank 0 -> connection 0x7f469c000d10
a100-llm-02:1412585:1412792 [6] NCCL INFO Connected to proxy localRank 0 -> connection 0x7f4694000d88
a100-llm-02:1412585:1412795 [3] NCCL INFO Connected to proxy localRank 0 -> connection 0x7f46a4000d10
a100-llm-02:1412585:1412794 [4] NCCL INFO Channel 00/0 : 3[3] -> 4[4] [receive] via NET/IB/11/GDRDMA
a100-llm-02:1412585:1412794 [4] NCCL INFO GPU Direct RDMA Enabled for GPU/0-1036368 (rank 4) - NET/0-11 (distance 5 <= 6, read 0, mode Default)
a100-llm-02:1412585:1412796 [2] NCCL INFO Channel 00/0 : 1[1] -> 2[2] [receive] via NET/IB/10/GDRDMA
a100-llm-02:1412585:1412796 [2] NCCL INFO GPU Direct RDMA Enabled for GPU/0-1028176 (rank 2) - NET/0-10 (distance 5 <= 6, read 0, mode Default)
a100-llm-02:1412585:1412780 [2] NCCL INFO New proxy recv connection 1 from local rank 0, transport 2
a100-llm-02:1412585:1412796 [2] NCCL INFO Connected to proxy localRank 0 -> connection 0x7f46a8000d88
a100-llm-02:1412585:1412792 [6] NCCL INFO Channel 01/0 : 5[5] -> 6[6] [receive] via NET/IB/12/GDRDMA
a100-llm-02:1412585:1412792 [6] NCCL INFO GPU Direct RDMA Enabled for GPU/0-1044560 (rank 6) - NET/0-12 (distance 5 <= 6, read 1, mode Default)
a100-llm-02:1412585:1412795 [3] NCCL INFO Channel 00/0 : 2[2] -> 3[3] [receive] via NET/IB/10/GDRDMA
a100-llm-02:1412585:1412795 [3] NCCL INFO GPU Direct RDMA Enabled for GPU/0-1028192 (rank 3) - NET/0-10 (distance 5 <= 6, read 0, mode Default)
a100-llm-02:1412585:1412779 [3] NCCL INFO New proxy recv connection 1 from local rank 0, transport 2
a100-llm-02:1412585:1412783 [4] NCCL INFO New proxy recv connection 1 from local rank 0, transport 2
a100-llm-02:1412585:1412786 [6] NCCL INFO New proxy send connection 2 from local rank 0, transport 2
a100-llm-02:1412585:1412795 [3] NCCL INFO Connected to proxy localRank 0 -> connection 0x7f46a4000d88
a100-llm-02:1412585:1412794 [4] NCCL INFO Connected to proxy localRank 0 -> connection 0x7f469c000d88
a100-llm-02:1412585:1412796 [2] NCCL INFO Channel 01/0 : 1[1] -> 2[2] [receive] via NET/IB/10/GDRDMA
a100-llm-02:1412585:1412796 [2] NCCL INFO GPU Direct RDMA Enabled for GPU/0-1028176 (rank 2) - NET/0-10 (distance 5 <= 6, read 1, mode Default)
a100-llm-02:1412585:1412780 [2] NCCL INFO New proxy send connection 2 from local rank 0, transport 2
a100-llm-02:1412585:1412796 [2] NCCL INFO Connected to proxy localRank 0 -> connection 0x7f46a8000e00
a100-llm-02:1412585:1412792 [6] NCCL INFO Connected to proxy localRank 0 -> connection 0x7f4694000e00
a100-llm-02:1412585:1412795 [3] NCCL INFO Channel 01/0 : 2[2] -> 3[3] [receive] via NET/IB/10/GDRDMA
a100-llm-02:1412585:1412795 [3] NCCL INFO GPU Direct RDMA Enabled for GPU/0-1028192 (rank 3) - NET/0-10 (distance 5 <= 6, read 1, mode Default)
a100-llm-02:1412585:1412792 [6] NCCL INFO Channel 00/0 : 6[6] -> 7[7] [send] via NET/IB/12/GDRDMA
a100-llm-02:1412585:1412792 [6] NCCL INFO GPU Direct RDMA Enabled for GPU/0-1044560 (rank 6) - NET/0-12 (distance 5 <= 6, read 1, mode Default)
a100-llm-02:1412585:1412786 [6] NCCL INFO New proxy send connection 3 from local rank 0, transport 2
a100-llm-02:1412585:1412794 [4] NCCL INFO Channel 01/0 : 3[3] -> 4[4] [receive] via NET/IB/11/GDRDMA
a100-llm-02:1412585:1412794 [4] NCCL INFO GPU Direct RDMA Enabled for GPU/0-1036368 (rank 4) - NET/0-11 (distance 5 <= 6, read 1, mode Default)
a100-llm-02:1412585:1412779 [3] NCCL INFO New proxy send connection 2 from local rank 0, transport 2
a100-llm-02:1412585:1412796 [2] NCCL INFO Channel 00/0 : 2[2] -> 3[3] [send] via NET/IB/10/GDRDMA
a100-llm-02:1412585:1412796 [2] NCCL INFO GPU Direct RDMA Enabled for GPU/0-1028176 (rank 2) - NET/0-10 (distance 5 <= 6, read 1, mode Default)
a100-llm-02:1412585:1412780 [2] NCCL INFO New proxy send connection 3 from local rank 0, transport 2
a100-llm-02:1412585:1412795 [3] NCCL INFO Connected to proxy localRank 0 -> connection 0x7f46a4000e00
a100-llm-02:1412585:1412783 [4] NCCL INFO New proxy send connection 2 from local rank 0, transport 2
a100-llm-02:1412585:1412796 [2] NCCL INFO Connected to proxy localRank 0 -> connection 0x7f46a8000e78
a100-llm-02:1412585:1412794 [4] NCCL INFO Connected to proxy localRank 0 -> connection 0x7f469c000e00
a100-llm-02:1412585:1412795 [3] NCCL INFO Channel 00/0 : 3[3] -> 4[4] [send] via NET/IB/10/GDRDMA
a100-llm-02:1412585:1412795 [3] NCCL INFO GPU Direct RDMA Enabled for GPU/0-1028192 (rank 3) - NET/0-10 (distance 5 <= 6, read 1, mode Default)
a100-llm-02:1412585:1412792 [6] NCCL INFO Connected to proxy localRank 0 -> connection 0x7f4694000e78
a100-llm-02:1412585:1412779 [3] NCCL INFO New proxy send connection 3 from local rank 0, transport 2
a100-llm-02:1412585:1412796 [2] NCCL INFO Channel 01/0 : 2[2] -> 3[3] [send] via NET/IB/10/GDRDMA
a100-llm-02:1412585:1412794 [4] NCCL INFO Channel 00/0 : 4[4] -> 5[5] [send] via NET/IB/11/GDRDMA
a100-llm-02:1412585:1412794 [4] NCCL INFO GPU Direct RDMA Enabled for GPU/0-1036368 (rank 4) - NET/0-11 (distance 5 <= 6, read 1, mode Default)
a100-llm-02:1412585:1412795 [3] NCCL INFO Connected to proxy localRank 0 -> connection 0x7f46a4000e78
a100-llm-02:1412585:1412783 [4] NCCL INFO New proxy send connection 3 from local rank 0, transport 2
a100-llm-02:1412585:1412795 [3] NCCL INFO Channel 01/0 : 3[3] -> 4[4] [send] via NET/IB/10/GDRDMA
a100-llm-02:1412585:1412792 [6] NCCL INFO Channel 01/0 : 6[6] -> 7[7] [send] via NET/IB/12/GDRDMA
a100-llm-02:1412585:1412794 [4] NCCL INFO Connected to proxy localRank 0 -> connection 0x7f469c000e78
a100-llm-02:1412585:1412794 [4] NCCL INFO Channel 01/0 : 4[4] -> 5[5] [send] via NET/IB/11/GDRDMA
a100-llm-02:1412585:1412777 [0] NCCL INFO NET/IB: NCCL Dev 9 IbDev 1 Port 1 qpn 1072 mtu 5 GID 3 (0/F74413C6FFFF0000) ctsFifoRkey=0x153f3d ctsFifoLkey=0x153f3d
a100-llm-02:1412585:1412777 [0] NCCL INFO NET/IB: IbDev 1 Port 1 qpn 1072 query_ece={supported=1, vendor_id=0x15b3, options=0x30000000, comp_mask=0x0}
a100-llm-02:1412585:1412777 [0] NCCL INFO NET/IB: NCCL Dev 9 IbDev 2 Port 1 qpn 816 mtu 5 GID 3 (0/A3F13C6FFFF0000) ctsFifoRkey=0x118a49 ctsFifoLkey=0x118a49
a100-llm-02:1412585:1412777 [0] NCCL INFO NET/IB: IbDev 2 Port 1 qpn 816 query_ece={supported=1, vendor_id=0x15b3, options=0x30000000, comp_mask=0x0}
a100-llm-02:1412585:1412777 [0] NCCL INFO NET/IB: NCCL Dev 9 IbDev 1 Port 1 qpn 1073 mtu 5 GID 3 (0/F74413C6FFFF0000) ctsFifoRkey=0x154a4a ctsFifoLkey=0x154a4a
a100-llm-02:1412585:1412777 [0] NCCL INFO NET/IB: IbDev 1 Port 1 qpn 1073 query_ece={supported=1, vendor_id=0x15b3, options=0x30000000, comp_mask=0x0}
a100-llm-02:1412585:1412777 [0] NCCL INFO NET/IB: NCCL Dev 9 IbDev 2 Port 1 qpn 817 mtu 5 GID 3 (0/A3F13C6FFFF0000) ctsFifoRkey=0x119655 ctsFifoLkey=0x119655
a100-llm-02:1412585:1412777 [0] NCCL INFO NET/IB: IbDev 2 Port 1 qpn 817 query_ece={supported=1, vendor_id=0x15b3, options=0x30000000, comp_mask=0x0}
a100-llm-02:1412585:1412789 [7] NCCL INFO NET/IB: NCCL Dev 12 IbDev 7 Port 1 qpn 1072 mtu 5 GID 3 (0/455A13C6FFFF0000) ctsFifoRkey=0x154443 ctsFifoLkey=0x154443
a100-llm-02:1412585:1412789 [7] NCCL INFO NET/IB: IbDev 7 Port 1 qpn 1072 query_ece={supported=1, vendor_id=0x15b3, options=0x30000000, comp_mask=0x0}
a100-llm-02:1412585:1412789 [7] NCCL INFO NET/IB: NCCL Dev 12 IbDev 8 Port 1 qpn 816 mtu 5 GID 3 (0/58B013C6FFFF0000) ctsFifoRkey=0x116d2c ctsFifoLkey=0x116d2c
a100-llm-02:1412585:1412789 [7] NCCL INFO NET/IB: IbDev 8 Port 1 qpn 816 query_ece={supported=1, vendor_id=0x15b3, options=0x30000000, comp_mask=0x0}
a100-llm-02:1412585:1412789 [7] NCCL INFO NET/IB: NCCL Dev 12 IbDev 7 Port 1 qpn 1073 mtu 5 GID 3 (0/455A13C6FFFF0000) ctsFifoRkey=0x154f4e ctsFifoLkey=0x154f4e
a100-llm-02:1412585:1412789 [7] NCCL INFO NET/IB: IbDev 7 Port 1 qpn 1073 query_ece={supported=1, vendor_id=0x15b3, options=0x30000000, comp_mask=0x0}
a100-llm-02:1412585:1412789 [7] NCCL INFO NET/IB: NCCL Dev 12 IbDev 8 Port 1 qpn 817 mtu 5 GID 3 (0/58B013C6FFFF0000) ctsFifoRkey=0x117a39 ctsFifoLkey=0x117a39
a100-llm-02:1412585:1412789 [7] NCCL INFO NET/IB: IbDev 8 Port 1 qpn 817 query_ece={supported=1, vendor_id=0x15b3, options=0x30000000, comp_mask=0x0}
a100-llm-02:1412585:1412785 [5] NCCL INFO NET/IB: NCCL Dev 11 IbDev 5 Port 1 qpn 1072 mtu 5 GID 3 (0/5E0113C6FFFF0000) ctsFifoRkey=0x14e8e6 ctsFifoLkey=0x14e8e6
a100-llm-02:1412585:1412785 [5] NCCL INFO NET/IB: IbDev 5 Port 1 qpn 1072 query_ece={supported=1, vendor_id=0x15b3, options=0x30000000, comp_mask=0x0}
a100-llm-02:1412585:1412785 [5] NCCL INFO NET/IB: NCCL Dev 11 IbDev 6 Port 1 qpn 816 mtu 5 GID 3 (0/AF0713C6FFFF0000) ctsFifoRkey=0x1136f5 ctsFifoLkey=0x1136f5
a100-llm-02:1412585:1412785 [5] NCCL INFO NET/IB: IbDev 6 Port 1 qpn 816 query_ece={supported=1, vendor_id=0x15b3, options=0x30000000, comp_mask=0x0}
a100-llm-02:1412585:1412783 [4] NCCL INFO NET/IB: NCCL Dev 11 IbDev 5 Port 1 qpn 1073 mtu 5 GID 3 (0/5E0113C6FFFF0000) ctsFifoRkey=0x84c4c ctsFifoLkey=0x84c4c
a100-llm-02:1412585:1412783 [4] NCCL INFO NET/IB: IbDev 5 Port 1 qpn 1073 query_ece={supported=1, vendor_id=0x15b3, options=0x30000000, comp_mask=0x0}
a100-llm-02:1412585:1412783 [4] NCCL INFO NET/IB: NCCL Dev 11 IbDev 6 Port 1 qpn 817 mtu 5 GID 3 (0/AF0713C6FFFF0000) ctsFifoRkey=0x48947 ctsFifoLkey=0x48947
a100-llm-02:1412585:1412783 [4] NCCL INFO NET/IB: IbDev 6 Port 1 qpn 817 query_ece={supported=1, vendor_id=0x15b3, options=0x30000000, comp_mask=0x0}
a100-llm-02:1412585:1412786 [6] NCCL INFO NET/IB: NCCL Dev 12 IbDev 7 Port 1 qpn 1074 mtu 5 GID 3 (0/455A13C6FFFF0000) ctsFifoRkey=0x155d5c ctsFifoLkey=0x155d5c
a100-llm-02:1412585:1412786 [6] NCCL INFO NET/IB: IbDev 7 Port 1 qpn 1074 query_ece={supported=1, vendor_id=0x15b3, options=0x30000000, comp_mask=0x0}
a100-llm-02:1412585:1412786 [6] NCCL INFO NET/IB: NCCL Dev 12 IbDev 8 Port 1 qpn 818 mtu 5 GID 3 (0/58B013C6FFFF0000) ctsFifoRkey=0x118544 ctsFifoLkey=0x118544
a100-llm-02:1412585:1412786 [6] NCCL INFO NET/IB: IbDev 8 Port 1 qpn 818 query_ece={supported=1, vendor_id=0x15b3, options=0x30000000, comp_mask=0x0}
a100-llm-02:1412585:1412775 [1] NCCL INFO NET/IB: NCCL Dev 9 IbDev 1 Port 1 qpn 1078 mtu 5 GID 3 (0/F74413C6FFFF0000) ctsFifoRkey=0x15706e ctsFifoLkey=0x15706e
a100-llm-02:1412585:1412775 [1] NCCL INFO NET/IB: IbDev 1 Port 1 qpn 1078 query_ece={supported=1, vendor_id=0x15b3, options=0x30000000, comp_mask=0x0}
a100-llm-02:1412585:1412775 [1] NCCL INFO NET/IB: NCCL Dev 9 IbDev 2 Port 1 qpn 822 mtu 5 GID 3 (0/A3F13C6FFFF0000) ctsFifoRkey=0x11bc7b ctsFifoLkey=0x11bc7b
a100-llm-02:1412585:1412775 [1] NCCL INFO NET/IB: IbDev 2 Port 1 qpn 822 query_ece={supported=1, vendor_id=0x15b3, options=0x30000000, comp_mask=0x0}
a100-llm-02:1412585:1412783 [4] NCCL INFO NET/IB: NCCL Dev 11 IbDev 5 Port 1 qpn 1076 mtu 5 GID 3 (0/5E0113C6FFFF0000) ctsFifoRkey=0x14fe01 ctsFifoLkey=0x14fe01
a100-llm-02:1412585:1412783 [4] NCCL INFO NET/IB: IbDev 5 Port 1 qpn 1076 query_ece={supported=1, vendor_id=0x15b3, options=0x30000000, comp_mask=0x0}
a100-llm-02:1412585:1412777 [0] NCCL INFO NET/IB: IbDev 1 Port 1 qpn 1072 set_ece={supported=1, vendor_id=0x15b3, options=0x30000000, comp_mask=0x0}
a100-llm-02:1412585:1412783 [4] NCCL INFO NET/IB: NCCL Dev 11 IbDev 6 Port 1 qpn 820 mtu 5 GID 3 (0/AF0713C6FFFF0000) ctsFifoRkey=0x114e0d ctsFifoLkey=0x114e0d
a100-llm-02:1412585:1412783 [4] NCCL INFO NET/IB: IbDev 6 Port 1 qpn 820 query_ece={supported=1, vendor_id=0x15b3, options=0x30000000, comp_mask=0x0}
a100-llm-02:1412585:1412783 [4] NCCL INFO NET/IB: IbDev 5 Port 1 qpn 1073 set_ece={supported=1, vendor_id=0x15b3, options=0x30000000, comp_mask=0x0}
a100-llm-02:1412585:1412777 [0] NCCL INFO NET/IB: IbDev 2 Port 1 qpn 816 set_ece={supported=1, vendor_id=0x15b3, options=0x30000000, comp_mask=0x0}
a100-llm-02:1412585:1412783 [4] NCCL INFO NET/IB: IbDev 6 Port 1 qpn 817 set_ece={supported=1, vendor_id=0x15b3, options=0x30000000, comp_mask=0x0}
a100-llm-02:1412585:1412777 [0] NCCL INFO NET/IB: IbDev 1 Port 1 qpn 1073 set_ece={supported=1, vendor_id=0x15b3, options=0x30000000, comp_mask=0x0}
a100-llm-02:1412585:1412777 [0] NCCL INFO NET/IB: IbDev 2 Port 1 qpn 817 set_ece={supported=1, vendor_id=0x15b3, options=0x30000000, comp_mask=0x0}
a100-llm-02:1412585:1412775 [1] NCCL INFO NET/IB: NCCL Dev 9 IbDev 1 Port 1 qpn 1083 mtu 5 GID 3 (0/F74413C6FFFF0000) ctsFifoRkey=0x159897 ctsFifoLkey=0x159897
a100-llm-02:1412585:1412775 [1] NCCL INFO NET/IB: IbDev 1 Port 1 qpn 1083 query_ece={supported=1, vendor_id=0x15b3, options=0x30000000, comp_mask=0x0}
a100-llm-02:1412585:1412775 [1] NCCL INFO NET/IB: NCCL Dev 9 IbDev 2 Port 1 qpn 827 mtu 5 GID 3 (0/A3F13C6FFFF0000) ctsFifoRkey=0x11df9e ctsFifoLkey=0x11df9e
a100-llm-02:1412585:1412775 [1] NCCL INFO NET/IB: IbDev 2 Port 1 qpn 827 query_ece={supported=1, vendor_id=0x15b3, options=0x30000000, comp_mask=0x0}
a100-llm-02:1412585:1412779 [3] NCCL INFO NET/IB: NCCL Dev 10 IbDev 3 Port 1 qpn 1072 mtu 5 GID 3 (0/340D13C6FFFF0000) ctsFifoRkey=0x157473 ctsFifoLkey=0x157473
a100-llm-02:1412585:1412779 [3] NCCL INFO NET/IB: IbDev 3 Port 1 qpn 1072 query_ece={supported=1, vendor_id=0x15b3, options=0x30000000, comp_mask=0x0}
a100-llm-02:1412585:1412779 [3] NCCL INFO NET/IB: NCCL Dev 10 IbDev 4 Port 1 qpn 816 mtu 5 GID 3 (0/462613C6FFFF0000) ctsFifoRkey=0x11ba79 ctsFifoLkey=0x11ba79
a100-llm-02:1412585:1412779 [3] NCCL INFO NET/IB: IbDev 4 Port 1 qpn 816 query_ece={supported=1, vendor_id=0x15b3, options=0x30000000, comp_mask=0x0}
a100-llm-02:1412585:1412780 [2] NCCL INFO NET/IB: NCCL Dev 10 IbDev 3 Port 1 qpn 1073 mtu 5 GID 3 (0/340D13C6FFFF0000) ctsFifoRkey=0x15807f ctsFifoLkey=0x15807f
a100-llm-02:1412585:1412780 [2] NCCL INFO NET/IB: IbDev 3 Port 1 qpn 1073 query_ece={supported=1, vendor_id=0x15b3, options=0x30000000, comp_mask=0x0}
a100-llm-02:1412585:1412789 [7] NCCL INFO NET/IB: IbDev 7 Port 1 qpn 1072 set_ece={supported=1, vendor_id=0x15b3, options=0x30000000, comp_mask=0x0}
a100-llm-02:1412585:1412786 [6] NCCL INFO NET/IB: IbDev 7 Port 1 qpn 1074 set_ece={supported=1, vendor_id=0x15b3, options=0x30000000, comp_mask=0x0}
a100-llm-02:1412585:1412780 [2] NCCL INFO NET/IB: NCCL Dev 10 IbDev 4 Port 1 qpn 817 mtu 5 GID 3 (0/462613C6FFFF0000) ctsFifoRkey=0x11ca85 ctsFifoLkey=0x11ca85
a100-llm-02:1412585:1412780 [2] NCCL INFO NET/IB: IbDev 4 Port 1 qpn 817 query_ece={supported=1, vendor_id=0x15b3, options=0x30000000, comp_mask=0x0}
a100-llm-02:1412585:1412786 [6] NCCL INFO NET/IB: IbDev 8 Port 1 qpn 818 set_ece={supported=1, vendor_id=0x15b3, options=0x30000000, comp_mask=0x0}
a100-llm-02:1412585:1412789 [7] NCCL INFO NET/IB: IbDev 8 Port 1 qpn 816 set_ece={supported=1, vendor_id=0x15b3, options=0x30000000, comp_mask=0x0}
a100-llm-02:1412585:1412785 [5] NCCL INFO NET/IB: IbDev 5 Port 1 qpn 1072 set_ece={supported=1, vendor_id=0x15b3, options=0x30000000, comp_mask=0x0}
a100-llm-02:1412585:1412785 [5] NCCL INFO NET/IB: IbDev 6 Port 1 qpn 816 set_ece={supported=1, vendor_id=0x15b3, options=0x30000000, comp_mask=0x0}
a100-llm-02:1412585:1412779 [3] NCCL INFO NET/IB: NCCL Dev 10 IbDev 3 Port 1 qpn 1074 mtu 5 GID 3 (0/340D13C6FFFF0000) ctsFifoRkey=0x158c8b ctsFifoLkey=0x158c8b
a100-llm-02:1412585:1412779 [3] NCCL INFO NET/IB: IbDev 3 Port 1 qpn 1074 query_ece={supported=1, vendor_id=0x15b3, options=0x30000000, comp_mask=0x0}
a100-llm-02:1412585:1412779 [3] NCCL INFO NET/IB: NCCL Dev 10 IbDev 4 Port 1 qpn 818 mtu 5 GID 3 (0/462613C6FFFF0000) ctsFifoRkey=0x11d695 ctsFifoLkey=0x11d695
a100-llm-02:1412585:1412779 [3] NCCL INFO NET/IB: IbDev 4 Port 1 qpn 818 query_ece={supported=1, vendor_id=0x15b3, options=0x30000000, comp_mask=0x0}
a100-llm-02:1412585:1412779 [3] NCCL INFO NET/IB: IbDev 3 Port 1 qpn 1072 set_ece={supported=1, vendor_id=0x15b3, options=0x30000000, comp_mask=0x0}
a100-llm-02:1412585:1412779 [3] NCCL INFO NET/IB: IbDev 4 Port 1 qpn 816 set_ece={supported=1, vendor_id=0x15b3, options=0x30000000, comp_mask=0x0}
a100-llm-02:1412585:1412783 [4] NCCL INFO NET/IB: IbDev 5 Port 1 qpn 1076 set_ece={supported=1, vendor_id=0x15b3, options=0x30000000, comp_mask=0x0}
a100-llm-02:1412585:1412780 [2] NCCL INFO NET/IB: NCCL Dev 10 IbDev 3 Port 1 qpn 1079 mtu 5 GID 3 (0/340D13C6FFFF0000) ctsFifoRkey=0x15a3a2 ctsFifoLkey=0x15a3a2
a100-llm-02:1412585:1412780 [2] NCCL INFO NET/IB: IbDev 3 Port 1 qpn 1079 query_ece={supported=1, vendor_id=0x15b3, options=0x30000000, comp_mask=0x0}
a100-llm-02:1412585:1412783 [4] NCCL INFO NET/IB: IbDev 6 Port 1 qpn 820 set_ece={supported=1, vendor_id=0x15b3, options=0x30000000, comp_mask=0x0}
a100-llm-02:1412585:1412780 [2] NCCL INFO NET/IB: NCCL Dev 10 IbDev 4 Port 1 qpn 823 mtu 5 GID 3 (0/462613C6FFFF0000) ctsFifoRkey=0x11efad ctsFifoLkey=0x11efad
a100-llm-02:1412585:1412780 [2] NCCL INFO NET/IB: IbDev 4 Port 1 qpn 823 query_ece={supported=1, vendor_id=0x15b3, options=0x30000000, comp_mask=0x0}
a100-llm-02:1412585:1412775 [1] NCCL INFO NET/IB: IbDev 1 Port 1 qpn 1078 set_ece={supported=1, vendor_id=0x15b3, options=0x30000000, comp_mask=0x0}
a100-llm-02:1412585:1412775 [1] NCCL INFO NET/IB: IbDev 2 Port 1 qpn 822 set_ece={supported=1, vendor_id=0x15b3, options=0x30000000, comp_mask=0x0}
a100-llm-02:1412585:1412789 [7] NCCL INFO NET/IB: IbDev 7 Port 1 qpn 1073 set_ece={supported=1, vendor_id=0x15b3, options=0x30000000, comp_mask=0x0}
a100-llm-02:1412585:1412789 [7] NCCL INFO NET/IB: IbDev 8 Port 1 qpn 817 set_ece={supported=1, vendor_id=0x15b3, options=0x30000000, comp_mask=0x0}
a100-llm-02:1412585:1412785 [5] NCCL INFO NET/IB: NCCL Dev 11 IbDev 5 Port 1 qpn 1083 mtu 5 GID 3 (0/5E0113C6FFFF0000) ctsFifoRkey=0x153230 ctsFifoLkey=0x153230
a100-llm-02:1412585:1412785 [5] NCCL INFO NET/IB: IbDev 5 Port 1 qpn 1083 query_ece={supported=1, vendor_id=0x15b3, options=0x30000000, comp_mask=0x0}
a100-llm-02:1412585:1412779 [3] NCCL INFO NET/IB: IbDev 3 Port 1 qpn 1074 set_ece={supported=1, vendor_id=0x15b3, options=0x30000000, comp_mask=0x0}
a100-llm-02:1412585:1412785 [5] NCCL INFO NET/IB: NCCL Dev 11 IbDev 6 Port 1 qpn 827 mtu 5 GID 3 (0/AF0713C6FFFF0000) ctsFifoRkey=0x117c3c ctsFifoLkey=0x117c3c
a100-llm-02:1412585:1412785 [5] NCCL INFO NET/IB: IbDev 6 Port 1 qpn 827 query_ece={supported=1, vendor_id=0x15b3, options=0x30000000, comp_mask=0x0}
a100-llm-02:1412585:1412779 [3] NCCL INFO NET/IB: IbDev 4 Port 1 qpn 818 set_ece={supported=1, vendor_id=0x15b3, options=0x30000000, comp_mask=0x0}
a100-llm-02:1412585:1412775 [1] NCCL INFO NET/IB: IbDev 1 Port 1 qpn 1083 set_ece={supported=1, vendor_id=0x15b3, options=0x30000000, comp_mask=0x0}
a100-llm-02:1412585:1412780 [2] NCCL INFO NET/IB: IbDev 3 Port 1 qpn 1073 set_ece={supported=1, vendor_id=0x15b3, options=0x30000000, comp_mask=0x0}
a100-llm-02:1412585:1412780 [2] NCCL INFO NET/IB: IbDev 4 Port 1 qpn 817 set_ece={supported=1, vendor_id=0x15b3, options=0x30000000, comp_mask=0x0}
a100-llm-02:1412585:1412775 [1] NCCL INFO NET/IB: IbDev 2 Port 1 qpn 827 set_ece={supported=1, vendor_id=0x15b3, options=0x30000000, comp_mask=0x0}
a100-llm-02:1412585:1412786 [6] NCCL INFO NET/IB: NCCL Dev 12 IbDev 7 Port 1 qpn 1079 mtu 5 GID 3 (0/455A13C6FFFF0000) ctsFifoRkey=0x157574 ctsFifoLkey=0x157574
a100-llm-02:1412585:1412786 [6] NCCL INFO NET/IB: IbDev 7 Port 1 qpn 1079 query_ece={supported=1, vendor_id=0x15b3, options=0x30000000, comp_mask=0x0}
a100-llm-02:1412585:1412786 [6] NCCL INFO NET/IB: NCCL Dev 12 IbDev 8 Port 1 qpn 823 mtu 5 GID 3 (0/58B013C6FFFF0000) ctsFifoRkey=0x119d5c ctsFifoLkey=0x119d5c
a100-llm-02:1412585:1412786 [6] NCCL INFO NET/IB: IbDev 8 Port 1 qpn 823 query_ece={supported=1, vendor_id=0x15b3, options=0x30000000, comp_mask=0x0}
a100-llm-02:1412585:1412780 [2] NCCL INFO NET/IB: IbDev 3 Port 1 qpn 1079 set_ece={supported=1, vendor_id=0x15b3, options=0x30000000, comp_mask=0x0}
a100-llm-02:1412585:1412785 [5] NCCL INFO NET/IB: IbDev 5 Port 1 qpn 1083 set_ece={supported=1, vendor_id=0x15b3, options=0x30000000, comp_mask=0x0}
a100-llm-02:1412585:1412785 [5] NCCL INFO NET/IB: IbDev 6 Port 1 qpn 827 set_ece={supported=1, vendor_id=0x15b3, options=0x30000000, comp_mask=0x0}
a100-llm-02:1412585:1412780 [2] NCCL INFO NET/IB: IbDev 4 Port 1 qpn 823 set_ece={supported=1, vendor_id=0x15b3, options=0x30000000, comp_mask=0x0}
a100-llm-02:1412585:1412786 [6] NCCL INFO NET/IB: IbDev 7 Port 1 qpn 1079 set_ece={supported=1, vendor_id=0x15b3, options=0x30000000, comp_mask=0x0}
a100-llm-02:1412585:1412786 [6] NCCL INFO NET/IB: IbDev 8 Port 1 qpn 823 set_ece={supported=1, vendor_id=0x15b3, options=0x30000000, comp_mask=0x0}
[AIMD] FinalizeChunkRTT: cc=0x7f46a0001000 slot=0 inflight_before=1
[AIMD] FinalizeChunkRTT: cc=0x7f4694067bc0 slot=644 inflight_before=6
warmup done.
[AIMD] FinalizeChunkRTT: cc=0x7f468c0659a0 slot=460 inflight_before=1
[AIMD] FinalizeChunkRTT: cc=0x7f46a40659a0 slot=403 inflight_before=3
a100-llm-02:1412585:1412758 [0] NCCL INFO V2MIN: pressure=0.008 (backlog=0.020 loop_delay=0.000 stretch=0.16) state=RECOVER window=512 floor=204 high=0 low=17988 ncc=16
[AIMD] FinalizeChunkRTT: cc=0x7f4698001000 slot=417 inflight_before=5
[AIMD] FinalizeChunkRTT: cc=0x7f4698001000 slot=147 inflight_before=1
[AIMD] FinalizeChunkRTT: cc=0x7f46a0001000 slot=332 inflight_before=3
[AIMD] FinalizeChunkRTT: cc=0x7f46a80659a0 slot=809 inflight_before=1
[AIMD] FinalizeChunkRTT: cc=0x7f46941a7370 slot=911 inflight_before=1
a100-llm-02:1412585:1412760 [0] NCCL INFO V2MIN: pressure=0.029 (backlog=0.073 loop_delay=0.000 stretch=0.18) state=RECOVER window=512 floor=204 high=0 low=45739 ncc=16
[AIMD] FinalizeChunkRTT: cc=0x7f46b0001000 slot=308 inflight_before=1
CSV written to: timeline_results_v2/bench_latency_20260406_214534.csv

========================================
  Oracle Experiment Results
========================================
Config: nDev=8  count=1048576  data=4.19 MB  iters=1000
NCCL_AIMD_ENABLE=1  NCCL_CC_ORACLE_FACTOR=(unset)

Wall-clock latency (us):
  mean=  8252.3  stddev=  8640.1
  p50 =  3082.7  p99   = 34154.3  max= 61746.6

Collective max GPU latency (us):
  mean=  8186.8  stddev=  8601.2
  p50 =  3062.8  p99   = 34130.5  max= 61705.2

Rank skew (us):
  mean=   542.1  stddev=  1635.7
  p50 =   151.0  p99   =  8999.7  max= 23781.4

Avg algo bandwidth: 0.89 GB/s
========================================

