a100-llm-05:3699614:3699881 [6] NCCL INFO New proxy recv connection 1 from local rank 0, transport 2
a100-llm-05:3699614:3699898 [6] NCCL INFO Connected to proxy localRank 0 -> connection 0x7fd8f4000d88
a100-llm-05:3699614:3699898 [6] NCCL INFO Channel 01/0 : 5[5] -> 6[6] [receive] via NET/IB/12/GDRDMA
a100-llm-05:3699614:3699898 [6] NCCL INFO GPU Direct RDMA Enabled for GPU/0-1044560 (rank 6) - NET/0-12 (distance 5 <= 6, read 1, mode Default)
a100-llm-05:3699614:3699881 [6] NCCL INFO New proxy send connection 2 from local rank 0, transport 2
a100-llm-05:3699614:3699898 [6] NCCL INFO Connected to proxy localRank 0 -> connection 0x7fd8f4000e00
a100-llm-05:3699614:3699898 [6] NCCL INFO Channel 00/0 : 6[6] -> 7[7] [send] via NET/IB/12/GDRDMA
a100-llm-05:3699614:3699898 [6] NCCL INFO GPU Direct RDMA Enabled for GPU/0-1044560 (rank 6) - NET/0-12 (distance 5 <= 6, read 1, mode Default)
a100-llm-05:3699614:3699881 [6] NCCL INFO New proxy send connection 3 from local rank 0, transport 2
a100-llm-05:3699614:3699898 [6] NCCL INFO Connected to proxy localRank 0 -> connection 0x7fd8f4000e78
a100-llm-05:3699614:3699898 [6] NCCL INFO Channel 01/0 : 6[6] -> 7[7] [send] via NET/IB/12/GDRDMA
a100-llm-05:3699614:3699899 [5] NCCL INFO Connected to proxy localRank 0 -> connection 0x7fd8d8000d10
a100-llm-05:3699614:3699887 [1] NCCL INFO New proxy recv connection 0 from local rank 0, transport 2
a100-llm-05:3699614:3699894 [2] NCCL INFO New proxy recv connection 0 from local rank 0, transport 2
a100-llm-05:3699614:3699902 [2] NCCL INFO Connected to proxy localRank 0 -> connection 0x7fda33401950
a100-llm-05:3699614:3699903 [1] NCCL INFO Connected to proxy localRank 0 -> connection 0x7fda3bfc8160
a100-llm-05:3699614:3699903 [1] NCCL INFO Channel 00/0 : 0[0] -> 1[1] [receive] via NET/IB/9/GDRDMA
a100-llm-05:3699614:3699903 [1] NCCL INFO GPU Direct RDMA Enabled for GPU/0-1020000 (rank 1) - NET/0-9 (distance 5 <= 6, read 0, mode Default)
a100-llm-05:3699614:3699887 [1] NCCL INFO New proxy recv connection 1 from local rank 0, transport 2
a100-llm-05:3699614:3699903 [1] NCCL INFO Connected to proxy localRank 0 -> connection 0x7fda3bfc81d8
a100-llm-05:3699614:3699903 [1] NCCL INFO Channel 01/0 : 0[0] -> 1[1] [receive] via NET/IB/9/GDRDMA
a100-llm-05:3699614:3699903 [1] NCCL INFO GPU Direct RDMA Enabled for GPU/0-1020000 (rank 1) - NET/0-9 (distance 5 <= 6, read 1, mode Default)
a100-llm-05:3699614:3699887 [1] NCCL INFO New proxy send connection 2 from local rank 0, transport 2
a100-llm-05:3699614:3699903 [1] NCCL INFO Connected to proxy localRank 0 -> connection 0x7fda3bfc8250
a100-llm-05:3699614:3699903 [1] NCCL INFO Channel 00/0 : 1[1] -> 2[2] [send] via NET/IB/9/GDRDMA
a100-llm-05:3699614:3699903 [1] NCCL INFO GPU Direct RDMA Enabled for GPU/0-1020000 (rank 1) - NET/0-9 (distance 5 <= 6, read 1, mode Default)
a100-llm-05:3699614:3699887 [1] NCCL INFO New proxy send connection 3 from local rank 0, transport 2
a100-llm-05:3699614:3699903 [1] NCCL INFO Connected to proxy localRank 0 -> connection 0x7fda3bfc82c8
a100-llm-05:3699614:3699889 [4] NCCL INFO New proxy recv connection 0 from local rank 0, transport 2
a100-llm-05:3699614:3699903 [1] NCCL INFO Channel 01/0 : 1[1] -> 2[2] [send] via NET/IB/9/GDRDMA
a100-llm-05:3699614:3699899 [5] NCCL INFO Channel 00/0 : 4[4] -> 5[5] [receive] via NET/IB/11/GDRDMA
a100-llm-05:3699614:3699899 [5] NCCL INFO GPU Direct RDMA Enabled for GPU/0-1036384 (rank 5) - NET/0-11 (distance 5 <= 6, read 0, mode Default)
a100-llm-05:3699614:3699900 [4] NCCL INFO Connected to proxy localRank 0 -> connection 0x7fd900000d10
a100-llm-05:3699614:3699902 [2] NCCL INFO Channel 00/0 : 1[1] -> 2[2] [receive] via NET/IB/10/GDRDMA
a100-llm-05:3699614:3699902 [2] NCCL INFO GPU Direct RDMA Enabled for GPU/0-1028176 (rank 2) - NET/0-10 (distance 5 <= 6, read 0, mode Default)
a100-llm-05:3699614:3699900 [4] NCCL INFO Channel 00/0 : 3[3] -> 4[4] [receive] via NET/IB/11/GDRDMA
a100-llm-05:3699614:3699900 [4] NCCL INFO GPU Direct RDMA Enabled for GPU/0-1036368 (rank 4) - NET/0-11 (distance 5 <= 6, read 0, mode Default)
a100-llm-05:3699614:3699889 [4] NCCL INFO New proxy recv connection 1 from local rank 0, transport 2
a100-llm-05:3699614:3699894 [2] NCCL INFO New proxy recv connection 1 from local rank 0, transport 2
a100-llm-05:3699614:3699900 [4] NCCL INFO Connected to proxy localRank 0 -> connection 0x7fd900000d88
a100-llm-05:3699614:3699902 [2] NCCL INFO Connected to proxy localRank 0 -> connection 0x7fda334019c8
a100-llm-05:3699614:3699900 [4] NCCL INFO Channel 01/0 : 3[3] -> 4[4] [receive] via NET/IB/11/GDRDMA
a100-llm-05:3699614:3699900 [4] NCCL INFO GPU Direct RDMA Enabled for GPU/0-1036368 (rank 4) - NET/0-11 (distance 5 <= 6, read 1, mode Default)
a100-llm-05:3699614:3699889 [4] NCCL INFO New proxy send connection 2 from local rank 0, transport 2
a100-llm-05:3699614:3699902 [2] NCCL INFO Channel 01/0 : 1[1] -> 2[2] [receive] via NET/IB/10/GDRDMA
a100-llm-05:3699614:3699902 [2] NCCL INFO GPU Direct RDMA Enabled for GPU/0-1028176 (rank 2) - NET/0-10 (distance 5 <= 6, read 1, mode Default)
a100-llm-05:3699614:3699894 [2] NCCL INFO New proxy send connection 2 from local rank 0, transport 2
a100-llm-05:3699614:3699900 [4] NCCL INFO Connected to proxy localRank 0 -> connection 0x7fd900000e00
a100-llm-05:3699614:3699902 [2] NCCL INFO Connected to proxy localRank 0 -> connection 0x7fda33401a40
a100-llm-05:3699614:3699900 [4] NCCL INFO Channel 00/0 : 4[4] -> 5[5] [send] via NET/IB/11/GDRDMA
a100-llm-05:3699614:3699900 [4] NCCL INFO GPU Direct RDMA Enabled for GPU/0-1036368 (rank 4) - NET/0-11 (distance 5 <= 6, read 1, mode Default)
a100-llm-05:3699614:3699889 [4] NCCL INFO New proxy send connection 3 from local rank 0, transport 2
a100-llm-05:3699614:3699902 [2] NCCL INFO Channel 00/0 : 2[2] -> 3[3] [send] via NET/IB/10/GDRDMA
a100-llm-05:3699614:3699902 [2] NCCL INFO GPU Direct RDMA Enabled for GPU/0-1028176 (rank 2) - NET/0-10 (distance 5 <= 6, read 1, mode Default)
a100-llm-05:3699614:3699894 [2] NCCL INFO New proxy send connection 3 from local rank 0, transport 2
a100-llm-05:3699614:3699900 [4] NCCL INFO Connected to proxy localRank 0 -> connection 0x7fd900000e78
a100-llm-05:3699614:3699902 [2] NCCL INFO Connected to proxy localRank 0 -> connection 0x7fda33401ab8
a100-llm-05:3699614:3699900 [4] NCCL INFO Channel 01/0 : 4[4] -> 5[5] [send] via NET/IB/11/GDRDMA
a100-llm-05:3699614:3699902 [2] NCCL INFO Channel 01/0 : 2[2] -> 3[3] [send] via NET/IB/10/GDRDMA
a100-llm-05:3699614:3699883 [7] NCCL INFO New proxy recv connection 0 from local rank 0, transport 2
a100-llm-05:3699614:3699891 [5] NCCL INFO New proxy recv connection 1 from local rank 0, transport 2
a100-llm-05:3699614:3699884 [0] NCCL INFO New proxy recv connection 0 from local rank 0, transport 2
a100-llm-05:3699614:3699897 [7] NCCL INFO Connected to proxy localRank 0 -> connection 0x7fda1bfa15b0
a100-llm-05:3699614:3699904 [0] NCCL INFO Connected to proxy localRank 0 -> connection 0x7fd8ec000d10
a100-llm-05:3699614:3699904 [0] NCCL INFO Channel 00/0 : 7[7] -> 0[0] [receive] via NET/IB/9/GDRDMA
a100-llm-05:3699614:3699904 [0] NCCL INFO GPU Direct RDMA Enabled for GPU/0-1019984 (rank 0) - NET/0-9 (distance 5 <= 6, read 0, mode Default)
a100-llm-05:3699614:3699884 [0] NCCL INFO New proxy recv connection 1 from local rank 0, transport 2
a100-llm-05:3699614:3699904 [0] NCCL INFO Connected to proxy localRank 0 -> connection 0x7fd8ec000d88
a100-llm-05:3699614:3699904 [0] NCCL INFO Channel 01/0 : 7[7] -> 0[0] [receive] via NET/IB/9/GDRDMA
a100-llm-05:3699614:3699904 [0] NCCL INFO GPU Direct RDMA Enabled for GPU/0-1019984 (rank 0) - NET/0-9 (distance 5 <= 6, read 1, mode Default)
a100-llm-05:3699614:3699884 [0] NCCL INFO New proxy send connection 2 from local rank 0, transport 2
a100-llm-05:3699614:3699904 [0] NCCL INFO Connected to proxy localRank 0 -> connection 0x7fd8ec000e00
a100-llm-05:3699614:3699893 [3] NCCL INFO New proxy recv connection 0 from local rank 0, transport 2
a100-llm-05:3699614:3699904 [0] NCCL INFO Channel 00/0 : 0[0] -> 1[1] [send] via NET/IB/9/GDRDMA
a100-llm-05:3699614:3699904 [0] NCCL INFO GPU Direct RDMA Enabled for GPU/0-1019984 (rank 0) - NET/0-9 (distance 5 <= 6, read 1, mode Default)
a100-llm-05:3699614:3699884 [0] NCCL INFO New proxy send connection 3 from local rank 0, transport 2
a100-llm-05:3699614:3699904 [0] NCCL INFO Connected to proxy localRank 0 -> connection 0x7fd8ec000e78
a100-llm-05:3699614:3699904 [0] NCCL INFO Channel 01/0 : 0[0] -> 1[1] [send] via NET/IB/9/GDRDMA
a100-llm-05:3699614:3699901 [3] NCCL INFO Connected to proxy localRank 0 -> connection 0x7fd914c593e0
a100-llm-05:3699614:3699901 [3] NCCL INFO Channel 00/0 : 2[2] -> 3[3] [receive] via NET/IB/10/GDRDMA
a100-llm-05:3699614:3699901 [3] NCCL INFO GPU Direct RDMA Enabled for GPU/0-1028192 (rank 3) - NET/0-10 (distance 5 <= 6, read 0, mode Default)
a100-llm-05:3699614:3699893 [3] NCCL INFO New proxy recv connection 1 from local rank 0, transport 2
a100-llm-05:3699614:3699901 [3] NCCL INFO Connected to proxy localRank 0 -> connection 0x7fd914c59458
a100-llm-05:3699614:3699901 [3] NCCL INFO Channel 01/0 : 2[2] -> 3[3] [receive] via NET/IB/10/GDRDMA
a100-llm-05:3699614:3699901 [3] NCCL INFO GPU Direct RDMA Enabled for GPU/0-1028192 (rank 3) - NET/0-10 (distance 5 <= 6, read 1, mode Default)
a100-llm-05:3699614:3699893 [3] NCCL INFO New proxy send connection 2 from local rank 0, transport 2
a100-llm-05:3699614:3699901 [3] NCCL INFO Connected to proxy localRank 0 -> connection 0x7fd914c594d0
a100-llm-05:3699614:3699901 [3] NCCL INFO Channel 00/0 : 3[3] -> 4[4] [send] via NET/IB/10/GDRDMA
a100-llm-05:3699614:3699901 [3] NCCL INFO GPU Direct RDMA Enabled for GPU/0-1028192 (rank 3) - NET/0-10 (distance 5 <= 6, read 1, mode Default)
a100-llm-05:3699614:3699893 [3] NCCL INFO New proxy send connection 3 from local rank 0, transport 2
a100-llm-05:3699614:3699901 [3] NCCL INFO Connected to proxy localRank 0 -> connection 0x7fd914c59548
a100-llm-05:3699614:3699901 [3] NCCL INFO Channel 01/0 : 3[3] -> 4[4] [send] via NET/IB/10/GDRDMA
a100-llm-05:3699614:3699899 [5] NCCL INFO Connected to proxy localRank 0 -> connection 0x7fd8d8000d88
a100-llm-05:3699614:3699894 [2] NCCL INFO NET/IB: NCCL Dev 10 IbDev 3 Port 1 qpn 508 mtu 5 GID 3 (0/220D13C6FFFF0000) ctsFifoRkey=0x73e3d ctsFifoLkey=0x73e3d
a100-llm-05:3699614:3699894 [2] NCCL INFO NET/IB: IbDev 3 Port 1 qpn 508 query_ece={supported=1, vendor_id=0x15b3, options=0x30000000, comp_mask=0x0}
a100-llm-05:3699614:3699894 [2] NCCL INFO NET/IB: NCCL Dev 10 IbDev 4 Port 1 qpn 252 mtu 5 GID 3 (0/422613C6FFFF0000) ctsFifoRkey=0x3a05f ctsFifoLkey=0x3a05f
a100-llm-05:3699614:3699894 [2] NCCL INFO NET/IB: IbDev 4 Port 1 qpn 252 query_ece={supported=1, vendor_id=0x15b3, options=0x30000000, comp_mask=0x0}
a100-llm-05:3699614:3699897 [7] NCCL INFO Channel 00/0 : 6[6] -> 7[7] [receive] via NET/IB/12/GDRDMA
a100-llm-05:3699614:3699897 [7] NCCL INFO GPU Direct RDMA Enabled for GPU/0-1044576 (rank 7) - NET/0-12 (distance 5 <= 6, read 0, mode Default)
a100-llm-05:3699614:3699894 [2] NCCL INFO NET/IB: IbDev 3 Port 1 qpn 508 set_ece={supported=1, vendor_id=0x15b3, options=0x30000000, comp_mask=0x0}
a100-llm-05:3699614:3699894 [2] NCCL INFO NET/IB: IbDev 4 Port 1 qpn 252 set_ece={supported=1, vendor_id=0x15b3, options=0x30000000, comp_mask=0x0}
a100-llm-05:3699614:3699883 [7] NCCL INFO New proxy recv connection 1 from local rank 0, transport 2
a100-llm-05:3699614:3699894 [2] NCCL INFO NET/IB: NCCL Dev 10 IbDev 3 Port 1 qpn 511 mtu 5 GID 3 (0/220D13C6FFFF0000) ctsFifoRkey=0x42d2d ctsFifoLkey=0x42d2d
a100-llm-05:3699614:3699894 [2] NCCL INFO NET/IB: IbDev 3 Port 1 qpn 511 query_ece={supported=1, vendor_id=0x15b3, options=0x30000000, comp_mask=0x0}
a100-llm-05:3699614:3699894 [2] NCCL INFO NET/IB: NCCL Dev 10 IbDev 4 Port 1 qpn 255 mtu 5 GID 3 (0/422613C6FFFF0000) ctsFifoRkey=0x7330 ctsFifoLkey=0x7330
a100-llm-05:3699614:3699894 [2] NCCL INFO NET/IB: IbDev 4 Port 1 qpn 255 query_ece={supported=1, vendor_id=0x15b3, options=0x30000000, comp_mask=0x0}
a100-llm-05:3699614:3699899 [5] NCCL INFO Channel 01/0 : 4[4] -> 5[5] [receive] via NET/IB/11/GDRDMA
a100-llm-05:3699614:3699899 [5] NCCL INFO GPU Direct RDMA Enabled for GPU/0-1036384 (rank 5) - NET/0-11 (distance 5 <= 6, read 1, mode Default)
a100-llm-05:3699614:3699894 [2] NCCL INFO NET/IB: IbDev 3 Port 1 qpn 511 set_ece={supported=1, vendor_id=0x15b3, options=0x30000000, comp_mask=0x0}
a100-llm-05:3699614:3699894 [2] NCCL INFO NET/IB: IbDev 4 Port 1 qpn 255 set_ece={supported=1, vendor_id=0x15b3, options=0x30000000, comp_mask=0x0}
a100-llm-05:3699614:3699891 [5] NCCL INFO New proxy send connection 2 from local rank 0, transport 2
a100-llm-05:3699614:3699897 [7] NCCL INFO Connected to proxy localRank 0 -> connection 0x7fda1bfa1628
a100-llm-05:3699614:3699899 [5] NCCL INFO Connected to proxy localRank 0 -> connection 0x7fd8d8000e00
a100-llm-05:3699614:3699897 [7] NCCL INFO Channel 01/0 : 6[6] -> 7[7] [receive] via NET/IB/12/GDRDMA
a100-llm-05:3699614:3699897 [7] NCCL INFO GPU Direct RDMA Enabled for GPU/0-1044576 (rank 7) - NET/0-12 (distance 5 <= 6, read 1, mode Default)
a100-llm-05:3699614:3699883 [7] NCCL INFO New proxy send connection 2 from local rank 0, transport 2
a100-llm-05:3699614:3699899 [5] NCCL INFO Channel 00/0 : 5[5] -> 6[6] [send] via NET/IB/11/GDRDMA
a100-llm-05:3699614:3699899 [5] NCCL INFO GPU Direct RDMA Enabled for GPU/0-1036384 (rank 5) - NET/0-11 (distance 5 <= 6, read 1, mode Default)
a100-llm-05:3699614:3699891 [5] NCCL INFO New proxy send connection 3 from local rank 0, transport 2
a100-llm-05:3699614:3699897 [7] NCCL INFO Connected to proxy localRank 0 -> connection 0x7fda1bfa16a0
a100-llm-05:3699614:3699887 [1] NCCL INFO NET/IB: NCCL Dev 9 IbDev 1 Port 1 qpn 508 mtu 5 GID 3 (0/F34413C6FFFF0000) ctsFifoRkey=0x73539 ctsFifoLkey=0x73539
a100-llm-05:3699614:3699887 [1] NCCL INFO NET/IB: IbDev 1 Port 1 qpn 508 query_ece={supported=1, vendor_id=0x15b3, options=0x30000000, comp_mask=0x0}
a100-llm-05:3699614:3699887 [1] NCCL INFO NET/IB: NCCL Dev 9 IbDev 2 Port 1 qpn 252 mtu 5 GID 3 (0/173F13C6FFFF0000) ctsFifoRkey=0x36727 ctsFifoLkey=0x36727
a100-llm-05:3699614:3699887 [1] NCCL INFO NET/IB: IbDev 2 Port 1 qpn 252 query_ece={supported=1, vendor_id=0x15b3, options=0x30000000, comp_mask=0x0}
a100-llm-05:3699614:3699887 [1] NCCL INFO NET/IB: NCCL Dev 9 IbDev 1 Port 1 qpn 509 mtu 5 GID 3 (0/F34413C6FFFF0000) ctsFifoRkey=0x4413d ctsFifoLkey=0x4413d
a100-llm-05:3699614:3699887 [1] NCCL INFO NET/IB: IbDev 1 Port 1 qpn 509 query_ece={supported=1, vendor_id=0x15b3, options=0x30000000, comp_mask=0x0}
a100-llm-05:3699614:3699887 [1] NCCL INFO NET/IB: NCCL Dev 9 IbDev 2 Port 1 qpn 253 mtu 5 GID 3 (0/173F13C6FFFF0000) ctsFifoRkey=0x8544 ctsFifoLkey=0x8544
a100-llm-05:3699614:3699887 [1] NCCL INFO NET/IB: IbDev 2 Port 1 qpn 253 query_ece={supported=1, vendor_id=0x15b3, options=0x30000000, comp_mask=0x0}
a100-llm-05:3699614:3699899 [5] NCCL INFO Connected to proxy localRank 0 -> connection 0x7fd8d8000e78
a100-llm-05:3699614:3699887 [1] NCCL INFO NET/IB: IbDev 1 Port 1 qpn 508 set_ece={supported=1, vendor_id=0x15b3, options=0x30000000, comp_mask=0x0}
a100-llm-05:3699614:3699887 [1] NCCL INFO NET/IB: IbDev 2 Port 1 qpn 252 set_ece={supported=1, vendor_id=0x15b3, options=0x30000000, comp_mask=0x0}
a100-llm-05:3699614:3699887 [1] NCCL INFO NET/IB: IbDev 1 Port 1 qpn 509 set_ece={supported=1, vendor_id=0x15b3, options=0x30000000, comp_mask=0x0}
a100-llm-05:3699614:3699887 [1] NCCL INFO NET/IB: IbDev 2 Port 1 qpn 253 set_ece={supported=1, vendor_id=0x15b3, options=0x30000000, comp_mask=0x0}
a100-llm-05:3699614:3699897 [7] NCCL INFO Channel 00/0 : 7[7] -> 0[0] [send] via NET/IB/12/GDRDMA
a100-llm-05:3699614:3699897 [7] NCCL INFO GPU Direct RDMA Enabled for GPU/0-1044576 (rank 7) - NET/0-12 (distance 5 <= 6, read 1, mode Default)
a100-llm-05:3699614:3699883 [7] NCCL INFO New proxy send connection 3 from local rank 0, transport 2
a100-llm-05:3699614:3699897 [7] NCCL INFO Connected to proxy localRank 0 -> connection 0x7fda1bfa1718
a100-llm-05:3699614:3699899 [5] NCCL INFO Channel 01/0 : 5[5] -> 6[6] [send] via NET/IB/11/GDRDMA
a100-llm-05:3699614:3699897 [7] NCCL INFO Channel 01/0 : 7[7] -> 0[0] [send] via NET/IB/12/GDRDMA
a100-llm-05:3699614:3699881 [6] NCCL INFO NET/IB: NCCL Dev 12 IbDev 7 Port 1 qpn 508 mtu 5 GID 3 (0/4E5A13C6FFFF0000) ctsFifoRkey=0x72526 ctsFifoLkey=0x72526
a100-llm-05:3699614:3699881 [6] NCCL INFO NET/IB: IbDev 7 Port 1 qpn 508 query_ece={supported=1, vendor_id=0x15b3, options=0x30000000, comp_mask=0x0}
a100-llm-05:3699614:3699881 [6] NCCL INFO NET/IB: NCCL Dev 12 IbDev 8 Port 1 qpn 252 mtu 5 GID 3 (0/57B013C6FFFF0000) ctsFifoRkey=0x36021 ctsFifoLkey=0x36021
a100-llm-05:3699614:3699881 [6] NCCL INFO NET/IB: IbDev 8 Port 1 qpn 252 query_ece={supported=1, vendor_id=0x15b3, options=0x30000000, comp_mask=0x0}
a100-llm-05:3699614:3699884 [0] NCCL INFO NET/IB: NCCL Dev 9 IbDev 1 Port 1 qpn 510 mtu 5 GID 3 (0/F34413C6FFFF0000) ctsFifoRkey=0x74141 ctsFifoLkey=0x74141
a100-llm-05:3699614:3699884 [0] NCCL INFO NET/IB: IbDev 1 Port 1 qpn 510 query_ece={supported=1, vendor_id=0x15b3, options=0x30000000, comp_mask=0x0}
a100-llm-05:3699614:3699884 [0] NCCL INFO NET/IB: NCCL Dev 9 IbDev 2 Port 1 qpn 254 mtu 5 GID 3 (0/173F13C6FFFF0000) ctsFifoRkey=0x37232 ctsFifoLkey=0x37232
a100-llm-05:3699614:3699884 [0] NCCL INFO NET/IB: IbDev 2 Port 1 qpn 254 query_ece={supported=1, vendor_id=0x15b3, options=0x30000000, comp_mask=0x0}
a100-llm-05:3699614:3699891 [5] NCCL INFO NET/IB: NCCL Dev 11 IbDev 5 Port 1 qpn 508 mtu 5 GID 3 (0/520113C6FFFF0000) ctsFifoRkey=0x74a49 ctsFifoLkey=0x74a49
a100-llm-05:3699614:3699891 [5] NCCL INFO NET/IB: IbDev 5 Port 1 qpn 508 query_ece={supported=1, vendor_id=0x15b3, options=0x30000000, comp_mask=0x0}
a100-llm-05:3699614:3699891 [5] NCCL INFO NET/IB: NCCL Dev 11 IbDev 6 Port 1 qpn 252 mtu 5 GID 3 (0/B90713C6FFFF0000) ctsFifoRkey=0x37c3b ctsFifoLkey=0x37c3b
a100-llm-05:3699614:3699891 [5] NCCL INFO NET/IB: IbDev 6 Port 1 qpn 252 query_ece={supported=1, vendor_id=0x15b3, options=0x30000000, comp_mask=0x0}
a100-llm-05:3699614:3699881 [6] NCCL INFO NET/IB: NCCL Dev 12 IbDev 7 Port 1 qpn 509 mtu 5 GID 3 (0/4E5A13C6FFFF0000) ctsFifoRkey=0x44c45 ctsFifoLkey=0x44c45
a100-llm-05:3699614:3699881 [6] NCCL INFO NET/IB: IbDev 7 Port 1 qpn 509 query_ece={supported=1, vendor_id=0x15b3, options=0x30000000, comp_mask=0x0}
a100-llm-05:3699614:3699881 [6] NCCL INFO NET/IB: NCCL Dev 12 IbDev 8 Port 1 qpn 253 mtu 5 GID 3 (0/57B013C6FFFF0000) ctsFifoRkey=0x8b48 ctsFifoLkey=0x8b48
a100-llm-05:3699614:3699881 [6] NCCL INFO NET/IB: IbDev 8 Port 1 qpn 253 query_ece={supported=1, vendor_id=0x15b3, options=0x30000000, comp_mask=0x0}
a100-llm-05:3699614:3699891 [5] NCCL INFO NET/IB: NCCL Dev 11 IbDev 5 Port 1 qpn 509 mtu 5 GID 3 (0/520113C6FFFF0000) ctsFifoRkey=0x4322e ctsFifoLkey=0x4322e
a100-llm-05:3699614:3699891 [5] NCCL INFO NET/IB: IbDev 5 Port 1 qpn 509 query_ece={supported=1, vendor_id=0x15b3, options=0x30000000, comp_mask=0x0}
a100-llm-05:3699614:3699891 [5] NCCL INFO NET/IB: NCCL Dev 11 IbDev 6 Port 1 qpn 253 mtu 5 GID 3 (0/B90713C6FFFF0000) ctsFifoRkey=0x7434 ctsFifoLkey=0x7434
a100-llm-05:3699614:3699891 [5] NCCL INFO NET/IB: IbDev 6 Port 1 qpn 253 query_ece={supported=1, vendor_id=0x15b3, options=0x30000000, comp_mask=0x0}
a100-llm-05:3699614:3699889 [4] NCCL INFO NET/IB: NCCL Dev 11 IbDev 5 Port 1 qpn 510 mtu 5 GID 3 (0/520113C6FFFF0000) ctsFifoRkey=0x75756 ctsFifoLkey=0x75756
a100-llm-05:3699614:3699889 [4] NCCL INFO NET/IB: IbDev 5 Port 1 qpn 510 query_ece={supported=1, vendor_id=0x15b3, options=0x30000000, comp_mask=0x0}
a100-llm-05:3699614:3699884 [0] NCCL INFO NET/IB: NCCL Dev 9 IbDev 1 Port 1 qpn 511 mtu 5 GID 3 (0/F34413C6FFFF0000) ctsFifoRkey=0x44c4e ctsFifoLkey=0x44c4e
a100-llm-05:3699614:3699884 [0] NCCL INFO NET/IB: IbDev 1 Port 1 qpn 511 query_ece={supported=1, vendor_id=0x15b3, options=0x30000000, comp_mask=0x0}
a100-llm-05:3699614:3699889 [4] NCCL INFO NET/IB: NCCL Dev 11 IbDev 6 Port 1 qpn 254 mtu 5 GID 3 (0/B90713C6FFFF0000) ctsFifoRkey=0x38948 ctsFifoLkey=0x38948
a100-llm-05:3699614:3699889 [4] NCCL INFO NET/IB: IbDev 6 Port 1 qpn 254 query_ece={supported=1, vendor_id=0x15b3, options=0x30000000, comp_mask=0x0}
a100-llm-05:3699614:3699884 [0] NCCL INFO NET/IB: NCCL Dev 9 IbDev 2 Port 1 qpn 255 mtu 5 GID 3 (0/173F13C6FFFF0000) ctsFifoRkey=0x9655 ctsFifoLkey=0x9655
a100-llm-05:3699614:3699884 [0] NCCL INFO NET/IB: IbDev 2 Port 1 qpn 255 query_ece={supported=1, vendor_id=0x15b3, options=0x30000000, comp_mask=0x0}
a100-llm-05:3699614:3699893 [3] NCCL INFO NET/IB: NCCL Dev 10 IbDev 3 Port 1 qpn 518 mtu 5 GID 3 (0/220D13C6FFFF0000) ctsFifoRkey=0x76f6e ctsFifoLkey=0x76f6e
a100-llm-05:3699614:3699893 [3] NCCL INFO NET/IB: IbDev 3 Port 1 qpn 518 query_ece={supported=1, vendor_id=0x15b3, options=0x30000000, comp_mask=0x0}
a100-llm-05:3699614:3699893 [3] NCCL INFO NET/IB: NCCL Dev 10 IbDev 4 Port 1 qpn 262 mtu 5 GID 3 (0/422613C6FFFF0000) ctsFifoRkey=0x3d997 ctsFifoLkey=0x3d997
a100-llm-05:3699614:3699893 [3] NCCL INFO NET/IB: IbDev 4 Port 1 qpn 262 query_ece={supported=1, vendor_id=0x15b3, options=0x30000000, comp_mask=0x0}
a100-llm-05:3699614:3699889 [4] NCCL INFO NET/IB: NCCL Dev 11 IbDev 5 Port 1 qpn 513 mtu 5 GID 3 (0/520113C6FFFF0000) ctsFifoRkey=0x76363 ctsFifoLkey=0x76363
a100-llm-05:3699614:3699889 [4] NCCL INFO NET/IB: IbDev 5 Port 1 qpn 513 query_ece={supported=1, vendor_id=0x15b3, options=0x30000000, comp_mask=0x0}
a100-llm-05:3699614:3699889 [4] NCCL INFO NET/IB: NCCL Dev 11 IbDev 6 Port 1 qpn 257 mtu 5 GID 3 (0/B90713C6FFFF0000) ctsFifoRkey=0x39355 ctsFifoLkey=0x39355
a100-llm-05:3699614:3699889 [4] NCCL INFO NET/IB: IbDev 6 Port 1 qpn 257 query_ece={supported=1, vendor_id=0x15b3, options=0x30000000, comp_mask=0x0}
a100-llm-05:3699614:3699889 [4] NCCL INFO NET/IB: IbDev 5 Port 1 qpn 510 set_ece={supported=1, vendor_id=0x15b3, options=0x30000000, comp_mask=0x0}
a100-llm-05:3699614:3699889 [4] NCCL INFO NET/IB: IbDev 6 Port 1 qpn 254 set_ece={supported=1, vendor_id=0x15b3, options=0x30000000, comp_mask=0x0}
a100-llm-05:3699614:3699891 [5] NCCL INFO NET/IB: IbDev 5 Port 1 qpn 508 set_ece={supported=1, vendor_id=0x15b3, options=0x30000000, comp_mask=0x0}
a100-llm-05:3699614:3699893 [3] NCCL INFO NET/IB: NCCL Dev 10 IbDev 3 Port 1 qpn 519 mtu 5 GID 3 (0/220D13C6FFFF0000) ctsFifoRkey=0x77b7a ctsFifoLkey=0x77b7a
a100-llm-05:3699614:3699893 [3] NCCL INFO NET/IB: IbDev 3 Port 1 qpn 519 query_ece={supported=1, vendor_id=0x15b3, options=0x30000000, comp_mask=0x0}
a100-llm-05:3699614:3699893 [3] NCCL INFO NET/IB: NCCL Dev 10 IbDev 4 Port 1 qpn 263 mtu 5 GID 3 (0/422613C6FFFF0000) ctsFifoRkey=0x3e7a4 ctsFifoLkey=0x3e7a4
a100-llm-05:3699614:3699893 [3] NCCL INFO NET/IB: IbDev 4 Port 1 qpn 263 query_ece={supported=1, vendor_id=0x15b3, options=0x30000000, comp_mask=0x0}
a100-llm-05:3699614:3699883 [7] NCCL INFO NET/IB: NCCL Dev 12 IbDev 7 Port 1 qpn 515 mtu 5 GID 3 (0/4E5A13C6FFFF0000) ctsFifoRkey=0x4605b ctsFifoLkey=0x4605b
a100-llm-05:3699614:3699883 [7] NCCL INFO NET/IB: IbDev 7 Port 1 qpn 515 query_ece={supported=1, vendor_id=0x15b3, options=0x30000000, comp_mask=0x0}
a100-llm-05:3699614:3699883 [7] NCCL INFO NET/IB: NCCL Dev 12 IbDev 8 Port 1 qpn 258 mtu 5 GID 3 (0/57B013C6FFFF0000) ctsFifoRkey=0x9959 ctsFifoLkey=0x9959
a100-llm-05:3699614:3699883 [7] NCCL INFO NET/IB: IbDev 8 Port 1 qpn 258 query_ece={supported=1, vendor_id=0x15b3, options=0x30000000, comp_mask=0x0}
a100-llm-05:3699614:3699891 [5] NCCL INFO NET/IB: IbDev 6 Port 1 qpn 252 set_ece={supported=1, vendor_id=0x15b3, options=0x30000000, comp_mask=0x0}
a100-llm-05:3699614:3699893 [3] NCCL INFO NET/IB: IbDev 3 Port 1 qpn 518 set_ece={supported=1, vendor_id=0x15b3, options=0x30000000, comp_mask=0x0}
a100-llm-05:3699614:3699881 [6] NCCL INFO NET/IB: IbDev 7 Port 1 qpn 508 set_ece={supported=1, vendor_id=0x15b3, options=0x30000000, comp_mask=0x0}
a100-llm-05:3699614:3699881 [6] NCCL INFO NET/IB: IbDev 8 Port 1 qpn 252 set_ece={supported=1, vendor_id=0x15b3, options=0x30000000, comp_mask=0x0}
a100-llm-05:3699614:3699883 [7] NCCL INFO NET/IB: NCCL Dev 12 IbDev 7 Port 1 qpn 519 mtu 5 GID 3 (0/4E5A13C6FFFF0000) ctsFifoRkey=0x47e7d ctsFifoLkey=0x47e7d
a100-llm-05:3699614:3699883 [7] NCCL INFO NET/IB: IbDev 7 Port 1 qpn 519 query_ece={supported=1, vendor_id=0x15b3, options=0x30000000, comp_mask=0x0}
a100-llm-05:3699614:3699883 [7] NCCL INFO NET/IB: NCCL Dev 12 IbDev 8 Port 1 qpn 263 mtu 5 GID 3 (0/57B013C6FFFF0000) ctsFifoRkey=0xb677 ctsFifoLkey=0xb677
a100-llm-05:3699614:3699883 [7] NCCL INFO NET/IB: IbDev 8 Port 1 qpn 263 query_ece={supported=1, vendor_id=0x15b3, options=0x30000000, comp_mask=0x0}
a100-llm-05:3699614:3699893 [3] NCCL INFO NET/IB: IbDev 4 Port 1 qpn 262 set_ece={supported=1, vendor_id=0x15b3, options=0x30000000, comp_mask=0x0}
a100-llm-05:3699614:3699884 [0] NCCL INFO NET/IB: IbDev 1 Port 1 qpn 510 set_ece={supported=1, vendor_id=0x15b3, options=0x30000000, comp_mask=0x0}
a100-llm-05:3699614:3699884 [0] NCCL INFO NET/IB: IbDev 2 Port 1 qpn 254 set_ece={supported=1, vendor_id=0x15b3, options=0x30000000, comp_mask=0x0}
a100-llm-05:3699614:3699883 [7] NCCL INFO NET/IB: IbDev 7 Port 1 qpn 515 set_ece={supported=1, vendor_id=0x15b3, options=0x30000000, comp_mask=0x0}
a100-llm-05:3699614:3699883 [7] NCCL INFO NET/IB: IbDev 8 Port 1 qpn 258 set_ece={supported=1, vendor_id=0x15b3, options=0x30000000, comp_mask=0x0}
a100-llm-05:3699614:3699881 [6] NCCL INFO NET/IB: IbDev 7 Port 1 qpn 509 set_ece={supported=1, vendor_id=0x15b3, options=0x30000000, comp_mask=0x0}
a100-llm-05:3699614:3699881 [6] NCCL INFO NET/IB: IbDev 8 Port 1 qpn 253 set_ece={supported=1, vendor_id=0x15b3, options=0x30000000, comp_mask=0x0}
a100-llm-05:3699614:3699893 [3] NCCL INFO NET/IB: IbDev 3 Port 1 qpn 519 set_ece={supported=1, vendor_id=0x15b3, options=0x30000000, comp_mask=0x0}
a100-llm-05:3699614:3699893 [3] NCCL INFO NET/IB: IbDev 4 Port 1 qpn 263 set_ece={supported=1, vendor_id=0x15b3, options=0x30000000, comp_mask=0x0}
a100-llm-05:3699614:3699891 [5] NCCL INFO NET/IB: IbDev 5 Port 1 qpn 509 set_ece={supported=1, vendor_id=0x15b3, options=0x30000000, comp_mask=0x0}
a100-llm-05:3699614:3699891 [5] NCCL INFO NET/IB: IbDev 6 Port 1 qpn 253 set_ece={supported=1, vendor_id=0x15b3, options=0x30000000, comp_mask=0x0}
a100-llm-05:3699614:3699884 [0] NCCL INFO NET/IB: IbDev 1 Port 1 qpn 511 set_ece={supported=1, vendor_id=0x15b3, options=0x30000000, comp_mask=0x0}
a100-llm-05:3699614:3699883 [7] NCCL INFO NET/IB: IbDev 7 Port 1 qpn 519 set_ece={supported=1, vendor_id=0x15b3, options=0x30000000, comp_mask=0x0}
a100-llm-05:3699614:3699884 [0] NCCL INFO NET/IB: IbDev 2 Port 1 qpn 255 set_ece={supported=1, vendor_id=0x15b3, options=0x30000000, comp_mask=0x0}
a100-llm-05:3699614:3699883 [7] NCCL INFO NET/IB: IbDev 8 Port 1 qpn 263 set_ece={supported=1, vendor_id=0x15b3, options=0x30000000, comp_mask=0x0}
a100-llm-05:3699614:3699889 [4] NCCL INFO NET/IB: IbDev 5 Port 1 qpn 513 set_ece={supported=1, vendor_id=0x15b3, options=0x30000000, comp_mask=0x0}
a100-llm-05:3699614:3699889 [4] NCCL INFO NET/IB: IbDev 6 Port 1 qpn 257 set_ece={supported=1, vendor_id=0x15b3, options=0x30000000, comp_mask=0x0}
[AIMD] FinalizeChunkRTT: cc=0x7fd8ec037420 slot=0 inflight_before=1
warmup done.
[AIMD] FinalizeChunkRTT: cc=0x7fd8d80659a0 slot=799 inflight_before=8
[AIMD] FinalizeChunkRTT: cc=0x7fd8d8065be0 slot=517 inflight_before=8
[AIMD] FinalizeChunkRTT: cc=0x7fd8d4001000 slot=207 inflight_before=1
a100-llm-05:3699614:3699740 [0] NCCL INFO V2MIN: pressure=1.000 (fast=0.118 slow=0.001 dev=0.1162) state=SHRINK window=204 floor=204 high=3106 low=0 ncc=16
[AIMD] FinalizeChunkRTT: cc=0x7fd8fc017320 slot=2 inflight_before=2
[AIMD] FinalizeChunkRTT: cc=0x7fd8dc001000 slot=345 inflight_before=2
[AIMD] FinalizeChunkRTT: cc=0x7fd8d80659a0 slot=959 inflight_before=8
[AIMD] FinalizeChunkRTT: cc=0x7fd8fc001000 slot=566 inflight_before=7
[AIMD] FinalizeChunkRTT: cc=0x7fd8fc001000 slot=172 inflight_before=1
a100-llm-05:3699614:3699740 [0] NCCL INFO V2MIN: pressure=1.000 (fast=0.094 slow=0.001 dev=0.0928) state=SHRINK window=204 floor=204 high=7816 low=0 ncc=16
[AIMD] FinalizeChunkRTT: cc=0x7fd900065400 slot=751 inflight_before=1
[AIMD] FinalizeChunkRTT: cc=0x7fd8d4001000 slot=658 inflight_before=1
[AIMD] FinalizeChunkRTT: cc=0x7fd8ec037420 slot=280 inflight_before=2
[AIMD] FinalizeChunkRTT: cc=0x7fd8fc001000 slot=168 inflight_before=1
[AIMD] FinalizeChunkRTT: cc=0x7fd8d4001000 slot=737 inflight_before=1
a100-llm-05:3699614:3699740 [0] NCCL INFO V2MIN: pressure=1.000 (fast=0.155 slow=0.001 dev=0.1538) state=SHRINK window=204 floor=204 high=12520 low=0 ncc=16
[AIMD] FinalizeChunkRTT: cc=0x7fd900065400 slot=217 inflight_before=1
[AIMD] FinalizeChunkRTT: cc=0x7fd8ec037420 slot=723 inflight_before=1
[AIMD] FinalizeChunkRTT: cc=0x7fd8fc001000 slot=368 inflight_before=1
[AIMD] FinalizeChunkRTT: cc=0x7fd8fc001000 slot=914 inflight_before=1
[AIMD] FinalizeChunkRTT: cc=0x7fd8dc001000 slot=422 inflight_before=1
a100-llm-05:3699614:3699740 [0] NCCL INFO V2MIN: pressure=1.000 (fast=0.239 slow=0.001 dev=0.2378) state=SHRINK window=204 floor=204 high=17247 low=0 ncc=16
[AIMD] FinalizeChunkRTT: cc=0x7fd8ec037420 slot=984 inflight_before=2
CSV written to: timeline_p0_run1/bench_latency_20260416_121135.csv

========================================
  Oracle Experiment Results
========================================
Config: nDev=8  count=1048576  data=4.19 MB  iters=1000
NCCL_AIMD_ENABLE=1  NCCL_CC_ORACLE_FACTOR=(unset)

Wall-clock latency (us):
  mean= 18921.0  stddev= 11971.3
  p50 = 19717.2  p99   = 55952.0  max= 78220.1

Collective max GPU latency (us):
  mean= 18860.8  stddev= 11931.5
  p50 = 19703.8  p99   = 55940.7  max= 78188.5

Rank skew (us):
  mean=  1145.6  stddev=  2735.7
  p50 =   182.3  p99   = 13410.5  max= 23353.3

Avg algo bandwidth: 0.39 GB/s
========================================

