a100-llm-05:3707292:3707410 [1] NCCL INFO New proxy recv connection 0 from local rank 0, transport 2
a100-llm-05:3707292:3707425 [1] NCCL INFO Connected to proxy localRank 0 -> connection 0x7f19f4000d10
a100-llm-05:3707292:3707414 [7] NCCL INFO New proxy recv connection 0 from local rank 0, transport 2
a100-llm-05:3707292:3707411 [3] NCCL INFO New proxy recv connection 0 from local rank 0, transport 2
a100-llm-05:3707292:3707407 [4] NCCL INFO New proxy recv connection 0 from local rank 0, transport 2
a100-llm-05:3707292:3707401 [6] NCCL INFO New proxy recv connection 1 from local rank 0, transport 2
a100-llm-05:3707292:3707421 [5] NCCL INFO Connected to proxy localRank 0 -> connection 0x7f1a04000d10
a100-llm-05:3707292:3707422 [4] NCCL INFO Connected to proxy localRank 0 -> connection 0x7f1b3bf9c200
a100-llm-05:3707292:3707420 [6] NCCL INFO Connected to proxy localRank 0 -> connection 0x7f1a08000d88
a100-llm-05:3707292:3707409 [2] NCCL INFO New proxy recv connection 0 from local rank 0, transport 2
a100-llm-05:3707292:3707422 [4] NCCL INFO Channel 00/0 : 3[3] -> 4[4] [receive] via NET/IB/11/GDRDMA
a100-llm-05:3707292:3707422 [4] NCCL INFO GPU Direct RDMA Enabled for GPU/0-1036368 (rank 4) - NET/0-11 (distance 5 <= 6, read 0, mode Default)
a100-llm-05:3707292:3707407 [4] NCCL INFO New proxy recv connection 1 from local rank 0, transport 2
a100-llm-05:3707292:3707422 [4] NCCL INFO Connected to proxy localRank 0 -> connection 0x7f1b3bf9c278
a100-llm-05:3707292:3707422 [4] NCCL INFO Channel 01/0 : 3[3] -> 4[4] [receive] via NET/IB/11/GDRDMA
a100-llm-05:3707292:3707422 [4] NCCL INFO GPU Direct RDMA Enabled for GPU/0-1036368 (rank 4) - NET/0-11 (distance 5 <= 6, read 1, mode Default)
a100-llm-05:3707292:3707407 [4] NCCL INFO New proxy send connection 2 from local rank 0, transport 2
a100-llm-05:3707292:3707422 [4] NCCL INFO Connected to proxy localRank 0 -> connection 0x7f1b3bf9c2f0
a100-llm-05:3707292:3707422 [4] NCCL INFO Channel 00/0 : 4[4] -> 5[5] [send] via NET/IB/11/GDRDMA
a100-llm-05:3707292:3707422 [4] NCCL INFO GPU Direct RDMA Enabled for GPU/0-1036368 (rank 4) - NET/0-11 (distance 5 <= 6, read 1, mode Default)
a100-llm-05:3707292:3707407 [4] NCCL INFO New proxy send connection 3 from local rank 0, transport 2
a100-llm-05:3707292:3707422 [4] NCCL INFO Connected to proxy localRank 0 -> connection 0x7f1b3bf9c368
a100-llm-05:3707292:3707422 [4] NCCL INFO Channel 01/0 : 4[4] -> 5[5] [send] via NET/IB/11/GDRDMA
a100-llm-05:3707292:3707419 [7] NCCL INFO Connected to proxy localRank 0 -> connection 0x7f19e4000d10
a100-llm-05:3707292:3707419 [7] NCCL INFO Channel 00/0 : 6[6] -> 7[7] [receive] via NET/IB/12/GDRDMA
a100-llm-05:3707292:3707419 [7] NCCL INFO GPU Direct RDMA Enabled for GPU/0-1044576 (rank 7) - NET/0-12 (distance 5 <= 6, read 0, mode Default)
a100-llm-05:3707292:3707414 [7] NCCL INFO New proxy recv connection 1 from local rank 0, transport 2
a100-llm-05:3707292:3707424 [2] NCCL INFO Connected to proxy localRank 0 -> connection 0x7f19fc000d10
a100-llm-05:3707292:3707419 [7] NCCL INFO Connected to proxy localRank 0 -> connection 0x7f19e4000d88
a100-llm-05:3707292:3707405 [0] NCCL INFO New proxy recv connection 0 from local rank 0, transport 2
a100-llm-05:3707292:3707423 [3] NCCL INFO Connected to proxy localRank 0 -> connection 0x7f19f8000d10
a100-llm-05:3707292:3707419 [7] NCCL INFO Channel 01/0 : 6[6] -> 7[7] [receive] via NET/IB/12/GDRDMA
a100-llm-05:3707292:3707419 [7] NCCL INFO GPU Direct RDMA Enabled for GPU/0-1044576 (rank 7) - NET/0-12 (distance 5 <= 6, read 1, mode Default)
a100-llm-05:3707292:3707414 [7] NCCL INFO New proxy send connection 2 from local rank 0, transport 2
a100-llm-05:3707292:3707419 [7] NCCL INFO Connected to proxy localRank 0 -> connection 0x7f19e4000e00
a100-llm-05:3707292:3707419 [7] NCCL INFO Channel 00/0 : 7[7] -> 0[0] [send] via NET/IB/12/GDRDMA
a100-llm-05:3707292:3707419 [7] NCCL INFO GPU Direct RDMA Enabled for GPU/0-1044576 (rank 7) - NET/0-12 (distance 5 <= 6, read 1, mode Default)
a100-llm-05:3707292:3707414 [7] NCCL INFO New proxy send connection 3 from local rank 0, transport 2
a100-llm-05:3707292:3707419 [7] NCCL INFO Connected to proxy localRank 0 -> connection 0x7f19e4000e78
a100-llm-05:3707292:3707425 [1] NCCL INFO Channel 00/0 : 0[0] -> 1[1] [receive] via NET/IB/9/GDRDMA
a100-llm-05:3707292:3707425 [1] NCCL INFO GPU Direct RDMA Enabled for GPU/0-1020000 (rank 1) - NET/0-9 (distance 5 <= 6, read 0, mode Default)
a100-llm-05:3707292:3707420 [6] NCCL INFO Channel 01/0 : 5[5] -> 6[6] [receive] via NET/IB/12/GDRDMA
a100-llm-05:3707292:3707420 [6] NCCL INFO GPU Direct RDMA Enabled for GPU/0-1044560 (rank 6) - NET/0-12 (distance 5 <= 6, read 1, mode Default)
a100-llm-05:3707292:3707423 [3] NCCL INFO Channel 00/0 : 2[2] -> 3[3] [receive] via NET/IB/10/GDRDMA
a100-llm-05:3707292:3707423 [3] NCCL INFO GPU Direct RDMA Enabled for GPU/0-1028192 (rank 3) - NET/0-10 (distance 5 <= 6, read 0, mode Default)
a100-llm-05:3707292:3707419 [7] NCCL INFO Channel 01/0 : 7[7] -> 0[0] [send] via NET/IB/12/GDRDMA
a100-llm-05:3707292:3707410 [1] NCCL INFO New proxy recv connection 1 from local rank 0, transport 2
a100-llm-05:3707292:3707425 [1] NCCL INFO Connected to proxy localRank 0 -> connection 0x7f19f4000d88
a100-llm-05:3707292:3707425 [1] NCCL INFO Channel 01/0 : 0[0] -> 1[1] [receive] via NET/IB/9/GDRDMA
a100-llm-05:3707292:3707425 [1] NCCL INFO GPU Direct RDMA Enabled for GPU/0-1020000 (rank 1) - NET/0-9 (distance 5 <= 6, read 1, mode Default)
a100-llm-05:3707292:3707421 [5] NCCL INFO Channel 00/0 : 4[4] -> 5[5] [receive] via NET/IB/11/GDRDMA
a100-llm-05:3707292:3707421 [5] NCCL INFO GPU Direct RDMA Enabled for GPU/0-1036384 (rank 5) - NET/0-11 (distance 5 <= 6, read 0, mode Default)
a100-llm-05:3707292:3707410 [1] NCCL INFO New proxy send connection 2 from local rank 0, transport 2
a100-llm-05:3707292:3707425 [1] NCCL INFO Connected to proxy localRank 0 -> connection 0x7f19f4000e00
a100-llm-05:3707292:3707411 [3] NCCL INFO New proxy recv connection 1 from local rank 0, transport 2
a100-llm-05:3707292:3707423 [3] NCCL INFO Connected to proxy localRank 0 -> connection 0x7f19f8000d88
a100-llm-05:3707292:3707423 [3] NCCL INFO Channel 01/0 : 2[2] -> 3[3] [receive] via NET/IB/10/GDRDMA
a100-llm-05:3707292:3707423 [3] NCCL INFO GPU Direct RDMA Enabled for GPU/0-1028192 (rank 3) - NET/0-10 (distance 5 <= 6, read 1, mode Default)
a100-llm-05:3707292:3707411 [3] NCCL INFO New proxy send connection 2 from local rank 0, transport 2
a100-llm-05:3707292:3707423 [3] NCCL INFO Connected to proxy localRank 0 -> connection 0x7f19f8000e00
a100-llm-05:3707292:3707423 [3] NCCL INFO Channel 00/0 : 3[3] -> 4[4] [send] via NET/IB/10/GDRDMA
a100-llm-05:3707292:3707423 [3] NCCL INFO GPU Direct RDMA Enabled for GPU/0-1028192 (rank 3) - NET/0-10 (distance 5 <= 6, read 1, mode Default)
a100-llm-05:3707292:3707411 [3] NCCL INFO New proxy send connection 3 from local rank 0, transport 2
a100-llm-05:3707292:3707423 [3] NCCL INFO Connected to proxy localRank 0 -> connection 0x7f19f8000e78
a100-llm-05:3707292:3707423 [3] NCCL INFO Channel 01/0 : 3[3] -> 4[4] [send] via NET/IB/10/GDRDMA
a100-llm-05:3707292:3707425 [1] NCCL INFO Channel 00/0 : 1[1] -> 2[2] [send] via NET/IB/9/GDRDMA
a100-llm-05:3707292:3707425 [1] NCCL INFO GPU Direct RDMA Enabled for GPU/0-1020000 (rank 1) - NET/0-9 (distance 5 <= 6, read 1, mode Default)
a100-llm-05:3707292:3707410 [1] NCCL INFO New proxy send connection 3 from local rank 0, transport 2
a100-llm-05:3707292:3707425 [1] NCCL INFO Connected to proxy localRank 0 -> connection 0x7f19f4000e78
a100-llm-05:3707292:3707425 [1] NCCL INFO Channel 01/0 : 1[1] -> 2[2] [send] via NET/IB/9/GDRDMA
a100-llm-05:3707292:3707401 [6] NCCL INFO New proxy send connection 2 from local rank 0, transport 2
a100-llm-05:3707292:3707420 [6] NCCL INFO Connected to proxy localRank 0 -> connection 0x7f1a08000e00
a100-llm-05:3707292:3707424 [2] NCCL INFO Channel 00/0 : 1[1] -> 2[2] [receive] via NET/IB/10/GDRDMA
a100-llm-05:3707292:3707424 [2] NCCL INFO GPU Direct RDMA Enabled for GPU/0-1028176 (rank 2) - NET/0-10 (distance 5 <= 6, read 0, mode Default)
a100-llm-05:3707292:3707403 [5] NCCL INFO New proxy recv connection 1 from local rank 0, transport 2
a100-llm-05:3707292:3707409 [2] NCCL INFO New proxy recv connection 1 from local rank 0, transport 2
a100-llm-05:3707292:3707426 [0] NCCL INFO Connected to proxy localRank 0 -> connection 0x7f1b37f86e80
a100-llm-05:3707292:3707426 [0] NCCL INFO Channel 00/0 : 7[7] -> 0[0] [receive] via NET/IB/9/GDRDMA
a100-llm-05:3707292:3707426 [0] NCCL INFO GPU Direct RDMA Enabled for GPU/0-1019984 (rank 0) - NET/0-9 (distance 5 <= 6, read 0, mode Default)
a100-llm-05:3707292:3707420 [6] NCCL INFO Channel 00/0 : 6[6] -> 7[7] [send] via NET/IB/12/GDRDMA
a100-llm-05:3707292:3707420 [6] NCCL INFO GPU Direct RDMA Enabled for GPU/0-1044560 (rank 6) - NET/0-12 (distance 5 <= 6, read 1, mode Default)
a100-llm-05:3707292:3707421 [5] NCCL INFO Connected to proxy localRank 0 -> connection 0x7f1a04000d88
a100-llm-05:3707292:3707421 [5] NCCL INFO Channel 01/0 : 4[4] -> 5[5] [receive] via NET/IB/11/GDRDMA
a100-llm-05:3707292:3707421 [5] NCCL INFO GPU Direct RDMA Enabled for GPU/0-1036384 (rank 5) - NET/0-11 (distance 5 <= 6, read 1, mode Default)
a100-llm-05:3707292:3707403 [5] NCCL INFO New proxy send connection 2 from local rank 0, transport 2
a100-llm-05:3707292:3707421 [5] NCCL INFO Connected to proxy localRank 0 -> connection 0x7f1a04000e00
a100-llm-05:3707292:3707421 [5] NCCL INFO Channel 00/0 : 5[5] -> 6[6] [send] via NET/IB/11/GDRDMA
a100-llm-05:3707292:3707421 [5] NCCL INFO GPU Direct RDMA Enabled for GPU/0-1036384 (rank 5) - NET/0-11 (distance 5 <= 6, read 1, mode Default)
a100-llm-05:3707292:3707403 [5] NCCL INFO New proxy send connection 3 from local rank 0, transport 2
a100-llm-05:3707292:3707421 [5] NCCL INFO Connected to proxy localRank 0 -> connection 0x7f1a04000e78
a100-llm-05:3707292:3707421 [5] NCCL INFO Channel 01/0 : 5[5] -> 6[6] [send] via NET/IB/11/GDRDMA
a100-llm-05:3707292:3707401 [6] NCCL INFO New proxy send connection 3 from local rank 0, transport 2
a100-llm-05:3707292:3707420 [6] NCCL INFO Connected to proxy localRank 0 -> connection 0x7f1a08000e78
a100-llm-05:3707292:3707420 [6] NCCL INFO Channel 01/0 : 6[6] -> 7[7] [send] via NET/IB/12/GDRDMA
a100-llm-05:3707292:3707405 [0] NCCL INFO New proxy recv connection 1 from local rank 0, transport 2
a100-llm-05:3707292:3707424 [2] NCCL INFO Connected to proxy localRank 0 -> connection 0x7f19fc000d88
a100-llm-05:3707292:3707403 [5] NCCL INFO NET/IB: NCCL Dev 11 IbDev 5 Port 1 qpn 532 mtu 5 GID 3 (0/520113C6FFFF0000) ctsFifoRkey=0x7aead ctsFifoLkey=0x7aead
a100-llm-05:3707292:3707403 [5] NCCL INFO NET/IB: IbDev 5 Port 1 qpn 532 query_ece={supported=1, vendor_id=0x15b3, options=0x30000000, comp_mask=0x0}
a100-llm-05:3707292:3707403 [5] NCCL INFO NET/IB: NCCL Dev 11 IbDev 6 Port 1 qpn 276 mtu 5 GID 3 (0/B90713C6FFFF0000) ctsFifoRkey=0x3dc9b ctsFifoLkey=0x3dc9b
a100-llm-05:3707292:3707403 [5] NCCL INFO NET/IB: IbDev 6 Port 1 qpn 276 query_ece={supported=1, vendor_id=0x15b3, options=0x30000000, comp_mask=0x0}
a100-llm-05:3707292:3707424 [2] NCCL INFO Channel 01/0 : 1[1] -> 2[2] [receive] via NET/IB/10/GDRDMA
a100-llm-05:3707292:3707424 [2] NCCL INFO GPU Direct RDMA Enabled for GPU/0-1028176 (rank 2) - NET/0-10 (distance 5 <= 6, read 1, mode Default)
a100-llm-05:3707292:3707409 [2] NCCL INFO New proxy send connection 2 from local rank 0, transport 2
a100-llm-05:3707292:3707424 [2] NCCL INFO Connected to proxy localRank 0 -> connection 0x7f19fc000e00
a100-llm-05:3707292:3707424 [2] NCCL INFO Channel 00/0 : 2[2] -> 3[3] [send] via NET/IB/10/GDRDMA
a100-llm-05:3707292:3707424 [2] NCCL INFO GPU Direct RDMA Enabled for GPU/0-1028176 (rank 2) - NET/0-10 (distance 5 <= 6, read 1, mode Default)
a100-llm-05:3707292:3707409 [2] NCCL INFO New proxy send connection 3 from local rank 0, transport 2
a100-llm-05:3707292:3707403 [5] NCCL INFO NET/IB: NCCL Dev 11 IbDev 5 Port 1 qpn 533 mtu 5 GID 3 (0/520113C6FFFF0000) ctsFifoRkey=0x7bab9 ctsFifoLkey=0x7bab9
a100-llm-05:3707292:3707403 [5] NCCL INFO NET/IB: IbDev 5 Port 1 qpn 533 query_ece={supported=1, vendor_id=0x15b3, options=0x30000000, comp_mask=0x0}
a100-llm-05:3707292:3707424 [2] NCCL INFO Connected to proxy localRank 0 -> connection 0x7f19fc000e78
a100-llm-05:3707292:3707403 [5] NCCL INFO NET/IB: NCCL Dev 11 IbDev 6 Port 1 qpn 277 mtu 5 GID 3 (0/B90713C6FFFF0000) ctsFifoRkey=0x3e7a7 ctsFifoLkey=0x3e7a7
a100-llm-05:3707292:3707403 [5] NCCL INFO NET/IB: IbDev 6 Port 1 qpn 277 query_ece={supported=1, vendor_id=0x15b3, options=0x30000000, comp_mask=0x0}
a100-llm-05:3707292:3707403 [5] NCCL INFO NET/IB: IbDev 5 Port 1 qpn 532 set_ece={supported=1, vendor_id=0x15b3, options=0x30000000, comp_mask=0x0}
a100-llm-05:3707292:3707426 [0] NCCL INFO Connected to proxy localRank 0 -> connection 0x7f1b37f86ef8
a100-llm-05:3707292:3707403 [5] NCCL INFO NET/IB: IbDev 6 Port 1 qpn 276 set_ece={supported=1, vendor_id=0x15b3, options=0x30000000, comp_mask=0x0}
a100-llm-05:3707292:3707403 [5] NCCL INFO NET/IB: IbDev 5 Port 1 qpn 533 set_ece={supported=1, vendor_id=0x15b3, options=0x30000000, comp_mask=0x0}
a100-llm-05:3707292:3707403 [5] NCCL INFO NET/IB: IbDev 6 Port 1 qpn 277 set_ece={supported=1, vendor_id=0x15b3, options=0x30000000, comp_mask=0x0}
a100-llm-05:3707292:3707426 [0] NCCL INFO Channel 01/0 : 7[7] -> 0[0] [receive] via NET/IB/9/GDRDMA
a100-llm-05:3707292:3707426 [0] NCCL INFO GPU Direct RDMA Enabled for GPU/0-1019984 (rank 0) - NET/0-9 (distance 5 <= 6, read 1, mode Default)
a100-llm-05:3707292:3707407 [4] NCCL INFO NET/IB: NCCL Dev 11 IbDev 5 Port 1 qpn 534 mtu 5 GID 3 (0/520113C6FFFF0000) ctsFifoRkey=0x7c6c5 ctsFifoLkey=0x7c6c5
a100-llm-05:3707292:3707407 [4] NCCL INFO NET/IB: IbDev 5 Port 1 qpn 534 query_ece={supported=1, vendor_id=0x15b3, options=0x30000000, comp_mask=0x0}
a100-llm-05:3707292:3707407 [4] NCCL INFO NET/IB: NCCL Dev 11 IbDev 6 Port 1 qpn 278 mtu 5 GID 3 (0/B90713C6FFFF0000) ctsFifoRkey=0x3f2b1 ctsFifoLkey=0x3f2b1
a100-llm-05:3707292:3707407 [4] NCCL INFO NET/IB: IbDev 6 Port 1 qpn 278 query_ece={supported=1, vendor_id=0x15b3, options=0x30000000, comp_mask=0x0}
a100-llm-05:3707292:3707407 [4] NCCL INFO NET/IB: NCCL Dev 11 IbDev 5 Port 1 qpn 535 mtu 5 GID 3 (0/520113C6FFFF0000) ctsFifoRkey=0x4a8a6 ctsFifoLkey=0x4a8a6
a100-llm-05:3707292:3707407 [4] NCCL INFO NET/IB: IbDev 5 Port 1 qpn 535 query_ece={supported=1, vendor_id=0x15b3, options=0x30000000, comp_mask=0x0}
a100-llm-05:3707292:3707407 [4] NCCL INFO NET/IB: NCCL Dev 11 IbDev 6 Port 1 qpn 279 mtu 5 GID 3 (0/B90713C6FFFF0000) ctsFifoRkey=0xe4a2 ctsFifoLkey=0xe4a2
a100-llm-05:3707292:3707407 [4] NCCL INFO NET/IB: IbDev 6 Port 1 qpn 279 query_ece={supported=1, vendor_id=0x15b3, options=0x30000000, comp_mask=0x0}
a100-llm-05:3707292:3707424 [2] NCCL INFO Channel 01/0 : 2[2] -> 3[3] [send] via NET/IB/10/GDRDMA
a100-llm-05:3707292:3707405 [0] NCCL INFO New proxy send connection 2 from local rank 0, transport 2
a100-llm-05:3707292:3707407 [4] NCCL INFO NET/IB: IbDev 5 Port 1 qpn 534 set_ece={supported=1, vendor_id=0x15b3, options=0x30000000, comp_mask=0x0}
a100-llm-05:3707292:3707407 [4] NCCL INFO NET/IB: IbDev 6 Port 1 qpn 278 set_ece={supported=1, vendor_id=0x15b3, options=0x30000000, comp_mask=0x0}
a100-llm-05:3707292:3707426 [0] NCCL INFO Connected to proxy localRank 0 -> connection 0x7f1b37f86f70
a100-llm-05:3707292:3707426 [0] NCCL INFO Channel 00/0 : 0[0] -> 1[1] [send] via NET/IB/9/GDRDMA
a100-llm-05:3707292:3707426 [0] NCCL INFO GPU Direct RDMA Enabled for GPU/0-1019984 (rank 0) - NET/0-9 (distance 5 <= 6, read 1, mode Default)
a100-llm-05:3707292:3707405 [0] NCCL INFO New proxy send connection 3 from local rank 0, transport 2
a100-llm-05:3707292:3707426 [0] NCCL INFO Connected to proxy localRank 0 -> connection 0x7f1b37f86fe8
a100-llm-05:3707292:3707426 [0] NCCL INFO Channel 01/0 : 0[0] -> 1[1] [send] via NET/IB/9/GDRDMA
a100-llm-05:3707292:3707409 [2] NCCL INFO NET/IB: NCCL Dev 10 IbDev 3 Port 1 qpn 532 mtu 5 GID 3 (0/220D13C6FFFF0000) ctsFifoRkey=0x4b3b2 ctsFifoLkey=0x4b3b2
a100-llm-05:3707292:3707409 [2] NCCL INFO NET/IB: IbDev 3 Port 1 qpn 532 query_ece={supported=1, vendor_id=0x15b3, options=0x30000000, comp_mask=0x0}
a100-llm-05:3707292:3707409 [2] NCCL INFO NET/IB: NCCL Dev 10 IbDev 4 Port 1 qpn 276 mtu 5 GID 3 (0/422613C6FFFF0000) ctsFifoRkey=0xedac ctsFifoLkey=0xedac
a100-llm-05:3707292:3707409 [2] NCCL INFO NET/IB: IbDev 4 Port 1 qpn 276 query_ece={supported=1, vendor_id=0x15b3, options=0x30000000, comp_mask=0x0}
a100-llm-05:3707292:3707407 [4] NCCL INFO NET/IB: IbDev 5 Port 1 qpn 535 set_ece={supported=1, vendor_id=0x15b3, options=0x30000000, comp_mask=0x0}
a100-llm-05:3707292:3707407 [4] NCCL INFO NET/IB: IbDev 6 Port 1 qpn 279 set_ece={supported=1, vendor_id=0x15b3, options=0x30000000, comp_mask=0x0}
a100-llm-05:3707292:3707411 [3] NCCL INFO NET/IB: NCCL Dev 10 IbDev 3 Port 1 qpn 533 mtu 5 GID 3 (0/220D13C6FFFF0000) ctsFifoRkey=0x4c1c0 ctsFifoLkey=0x4c1c0
a100-llm-05:3707292:3707411 [3] NCCL INFO NET/IB: IbDev 3 Port 1 qpn 533 query_ece={supported=1, vendor_id=0x15b3, options=0x30000000, comp_mask=0x0}
a100-llm-05:3707292:3707411 [3] NCCL INFO NET/IB: NCCL Dev 10 IbDev 4 Port 1 qpn 277 mtu 5 GID 3 (0/422613C6FFFF0000) ctsFifoRkey=0xfcbc ctsFifoLkey=0xfcbc
a100-llm-05:3707292:3707411 [3] NCCL INFO NET/IB: IbDev 4 Port 1 qpn 277 query_ece={supported=1, vendor_id=0x15b3, options=0x30000000, comp_mask=0x0}
a100-llm-05:3707292:3707411 [3] NCCL INFO NET/IB: NCCL Dev 10 IbDev 3 Port 1 qpn 534 mtu 5 GID 3 (0/220D13C6FFFF0000) ctsFifoRkey=0x79f9e ctsFifoLkey=0x79f9e
a100-llm-05:3707292:3707411 [3] NCCL INFO NET/IB: IbDev 3 Port 1 qpn 534 query_ece={supported=1, vendor_id=0x15b3, options=0x30000000, comp_mask=0x0}
a100-llm-05:3707292:3707411 [3] NCCL INFO NET/IB: NCCL Dev 10 IbDev 4 Port 1 qpn 278 mtu 5 GID 3 (0/422613C6FFFF0000) ctsFifoRkey=0x40bca ctsFifoLkey=0x40bca
a100-llm-05:3707292:3707411 [3] NCCL INFO NET/IB: IbDev 4 Port 1 qpn 278 query_ece={supported=1, vendor_id=0x15b3, options=0x30000000, comp_mask=0x0}
a100-llm-05:3707292:3707409 [2] NCCL INFO NET/IB: NCCL Dev 10 IbDev 3 Port 1 qpn 535 mtu 5 GID 3 (0/220D13C6FFFF0000) ctsFifoRkey=0x4d1d0 ctsFifoLkey=0x4d1d0
a100-llm-05:3707292:3707409 [2] NCCL INFO NET/IB: IbDev 3 Port 1 qpn 535 query_ece={supported=1, vendor_id=0x15b3, options=0x30000000, comp_mask=0x0}
a100-llm-05:3707292:3707409 [2] NCCL INFO NET/IB: NCCL Dev 10 IbDev 4 Port 1 qpn 279 mtu 5 GID 3 (0/422613C6FFFF0000) ctsFifoRkey=0x109ca ctsFifoLkey=0x109ca
a100-llm-05:3707292:3707409 [2] NCCL INFO NET/IB: IbDev 4 Port 1 qpn 279 query_ece={supported=1, vendor_id=0x15b3, options=0x30000000, comp_mask=0x0}
a100-llm-05:3707292:3707409 [2] NCCL INFO NET/IB: IbDev 3 Port 1 qpn 532 set_ece={supported=1, vendor_id=0x15b3, options=0x30000000, comp_mask=0x0}
a100-llm-05:3707292:3707409 [2] NCCL INFO NET/IB: IbDev 4 Port 1 qpn 276 set_ece={supported=1, vendor_id=0x15b3, options=0x30000000, comp_mask=0x0}
a100-llm-05:3707292:3707411 [3] NCCL INFO NET/IB: IbDev 3 Port 1 qpn 534 set_ece={supported=1, vendor_id=0x15b3, options=0x30000000, comp_mask=0x0}
a100-llm-05:3707292:3707411 [3] NCCL INFO NET/IB: IbDev 4 Port 1 qpn 278 set_ece={supported=1, vendor_id=0x15b3, options=0x30000000, comp_mask=0x0}
a100-llm-05:3707292:3707409 [2] NCCL INFO NET/IB: IbDev 3 Port 1 qpn 535 set_ece={supported=1, vendor_id=0x15b3, options=0x30000000, comp_mask=0x0}
a100-llm-05:3707292:3707409 [2] NCCL INFO NET/IB: IbDev 4 Port 1 qpn 279 set_ece={supported=1, vendor_id=0x15b3, options=0x30000000, comp_mask=0x0}
a100-llm-05:3707292:3707411 [3] NCCL INFO NET/IB: IbDev 3 Port 1 qpn 533 set_ece={supported=1, vendor_id=0x15b3, options=0x30000000, comp_mask=0x0}
a100-llm-05:3707292:3707411 [3] NCCL INFO NET/IB: IbDev 4 Port 1 qpn 277 set_ece={supported=1, vendor_id=0x15b3, options=0x30000000, comp_mask=0x0}
a100-llm-05:3707292:3707401 [6] NCCL INFO NET/IB: NCCL Dev 12 IbDev 7 Port 1 qpn 536 mtu 5 GID 3 (0/4E5A13C6FFFF0000) ctsFifoRkey=0x4a8a9 ctsFifoLkey=0x4a8a9
a100-llm-05:3707292:3707401 [6] NCCL INFO NET/IB: IbDev 7 Port 1 qpn 536 query_ece={supported=1, vendor_id=0x15b3, options=0x30000000, comp_mask=0x0}
a100-llm-05:3707292:3707401 [6] NCCL INFO NET/IB: NCCL Dev 12 IbDev 8 Port 1 qpn 280 mtu 5 GID 3 (0/57B013C6FFFF0000) ctsFifoRkey=0xe6a5 ctsFifoLkey=0xe6a5
a100-llm-05:3707292:3707401 [6] NCCL INFO NET/IB: IbDev 8 Port 1 qpn 280 query_ece={supported=1, vendor_id=0x15b3, options=0x30000000, comp_mask=0x0}
a100-llm-05:3707292:3707410 [1] NCCL INFO NET/IB: NCCL Dev 9 IbDev 1 Port 1 qpn 532 mtu 5 GID 3 (0/F34413C6FFFF0000) ctsFifoRkey=0x4cdcb ctsFifoLkey=0x4cdcb
a100-llm-05:3707292:3707410 [1] NCCL INFO NET/IB: IbDev 1 Port 1 qpn 532 query_ece={supported=1, vendor_id=0x15b3, options=0x30000000, comp_mask=0x0}
a100-llm-05:3707292:3707410 [1] NCCL INFO NET/IB: NCCL Dev 9 IbDev 2 Port 1 qpn 276 mtu 5 GID 3 (0/173F13C6FFFF0000) ctsFifoRkey=0x105c5 ctsFifoLkey=0x105c5
a100-llm-05:3707292:3707410 [1] NCCL INFO NET/IB: IbDev 2 Port 1 qpn 276 query_ece={supported=1, vendor_id=0x15b3, options=0x30000000, comp_mask=0x0}
a100-llm-05:3707292:3707401 [6] NCCL INFO NET/IB: NCCL Dev 12 IbDev 7 Port 1 qpn 537 mtu 5 GID 3 (0/4E5A13C6FFFF0000) ctsFifoRkey=0x4b5b5 ctsFifoLkey=0x4b5b5
a100-llm-05:3707292:3707401 [6] NCCL INFO NET/IB: IbDev 7 Port 1 qpn 537 query_ece={supported=1, vendor_id=0x15b3, options=0x30000000, comp_mask=0x0}
a100-llm-05:3707292:3707401 [6] NCCL INFO NET/IB: NCCL Dev 12 IbDev 8 Port 1 qpn 281 mtu 5 GID 3 (0/57B013C6FFFF0000) ctsFifoRkey=0xfab5 ctsFifoLkey=0xfab5
a100-llm-05:3707292:3707401 [6] NCCL INFO NET/IB: IbDev 8 Port 1 qpn 281 query_ece={supported=1, vendor_id=0x15b3, options=0x30000000, comp_mask=0x0}
a100-llm-05:3707292:3707405 [0] NCCL INFO NET/IB: NCCL Dev 9 IbDev 1 Port 1 qpn 533 mtu 5 GID 3 (0/F34413C6FFFF0000) ctsFifoRkey=0x4dddc ctsFifoLkey=0x4dddc
a100-llm-05:3707292:3707405 [0] NCCL INFO NET/IB: IbDev 1 Port 1 qpn 533 query_ece={supported=1, vendor_id=0x15b3, options=0x30000000, comp_mask=0x0}
a100-llm-05:3707292:3707405 [0] NCCL INFO NET/IB: NCCL Dev 9 IbDev 2 Port 1 qpn 277 mtu 5 GID 3 (0/173F13C6FFFF0000) ctsFifoRkey=0x114d3 ctsFifoLkey=0x114d3
a100-llm-05:3707292:3707405 [0] NCCL INFO NET/IB: IbDev 2 Port 1 qpn 277 query_ece={supported=1, vendor_id=0x15b3, options=0x30000000, comp_mask=0x0}
a100-llm-05:3707292:3707405 [0] NCCL INFO NET/IB: NCCL Dev 9 IbDev 1 Port 1 qpn 534 mtu 5 GID 3 (0/F34413C6FFFF0000) ctsFifoRkey=0x4eaea ctsFifoLkey=0x4eaea
a100-llm-05:3707292:3707405 [0] NCCL INFO NET/IB: IbDev 1 Port 1 qpn 534 query_ece={supported=1, vendor_id=0x15b3, options=0x30000000, comp_mask=0x0}
a100-llm-05:3707292:3707405 [0] NCCL INFO NET/IB: NCCL Dev 9 IbDev 2 Port 1 qpn 278 mtu 5 GID 3 (0/173F13C6FFFF0000) ctsFifoRkey=0x11de0 ctsFifoLkey=0x11de0
a100-llm-05:3707292:3707405 [0] NCCL INFO NET/IB: IbDev 2 Port 1 qpn 278 query_ece={supported=1, vendor_id=0x15b3, options=0x30000000, comp_mask=0x0}
a100-llm-05:3707292:3707401 [6] NCCL INFO NET/IB: IbDev 7 Port 1 qpn 536 set_ece={supported=1, vendor_id=0x15b3, options=0x30000000, comp_mask=0x0}
a100-llm-05:3707292:3707401 [6] NCCL INFO NET/IB: IbDev 8 Port 1 qpn 280 set_ece={supported=1, vendor_id=0x15b3, options=0x30000000, comp_mask=0x0}
a100-llm-05:3707292:3707414 [7] NCCL INFO NET/IB: NCCL Dev 12 IbDev 7 Port 1 qpn 540 mtu 5 GID 3 (0/4E5A13C6FFFF0000) ctsFifoRkey=0x7bebd ctsFifoLkey=0x7bebd
a100-llm-05:3707292:3707414 [7] NCCL INFO NET/IB: IbDev 7 Port 1 qpn 540 query_ece={supported=1, vendor_id=0x15b3, options=0x30000000, comp_mask=0x0}
a100-llm-05:3707292:3707414 [7] NCCL INFO NET/IB: NCCL Dev 12 IbDev 8 Port 1 qpn 284 mtu 5 GID 3 (0/57B013C6FFFF0000) ctsFifoRkey=0x3fcbb ctsFifoLkey=0x3fcbb
a100-llm-05:3707292:3707414 [7] NCCL INFO NET/IB: IbDev 8 Port 1 qpn 284 query_ece={supported=1, vendor_id=0x15b3, options=0x30000000, comp_mask=0x0}
a100-llm-05:3707292:3707414 [7] NCCL INFO NET/IB: NCCL Dev 12 IbDev 7 Port 1 qpn 543 mtu 5 GID 3 (0/4E5A13C6FFFF0000) ctsFifoRkey=0x7d9d7 ctsFifoLkey=0x7d9d7
a100-llm-05:3707292:3707414 [7] NCCL INFO NET/IB: IbDev 7 Port 1 qpn 543 query_ece={supported=1, vendor_id=0x15b3, options=0x30000000, comp_mask=0x0}
a100-llm-05:3707292:3707410 [1] NCCL INFO NET/IB: NCCL Dev 9 IbDev 1 Port 1 qpn 538 mtu 5 GID 3 (0/F34413C6FFFF0000) ctsFifoRkey=0x7afae ctsFifoLkey=0x7afae
a100-llm-05:3707292:3707410 [1] NCCL INFO NET/IB: IbDev 1 Port 1 qpn 538 query_ece={supported=1, vendor_id=0x15b3, options=0x30000000, comp_mask=0x0}
a100-llm-05:3707292:3707414 [7] NCCL INFO NET/IB: NCCL Dev 12 IbDev 8 Port 1 qpn 287 mtu 5 GID 3 (0/57B013C6FFFF0000) ctsFifoRkey=0x414d3 ctsFifoLkey=0x414d3
a100-llm-05:3707292:3707414 [7] NCCL INFO NET/IB: IbDev 8 Port 1 qpn 287 query_ece={supported=1, vendor_id=0x15b3, options=0x30000000, comp_mask=0x0}
a100-llm-05:3707292:3707410 [1] NCCL INFO NET/IB: NCCL Dev 9 IbDev 2 Port 1 qpn 282 mtu 5 GID 3 (0/173F13C6FFFF0000) ctsFifoRkey=0x3e3a3 ctsFifoLkey=0x3e3a3
a100-llm-05:3707292:3707410 [1] NCCL INFO NET/IB: IbDev 2 Port 1 qpn 282 query_ece={supported=1, vendor_id=0x15b3, options=0x30000000, comp_mask=0x0}
a100-llm-05:3707292:3707410 [1] NCCL INFO NET/IB: IbDev 1 Port 1 qpn 532 set_ece={supported=1, vendor_id=0x15b3, options=0x30000000, comp_mask=0x0}
a100-llm-05:3707292:3707410 [1] NCCL INFO NET/IB: IbDev 2 Port 1 qpn 276 set_ece={supported=1, vendor_id=0x15b3, options=0x30000000, comp_mask=0x0}
a100-llm-05:3707292:3707401 [6] NCCL INFO NET/IB: IbDev 7 Port 1 qpn 537 set_ece={supported=1, vendor_id=0x15b3, options=0x30000000, comp_mask=0x0}
a100-llm-05:3707292:3707401 [6] NCCL INFO NET/IB: IbDev 8 Port 1 qpn 281 set_ece={supported=1, vendor_id=0x15b3, options=0x30000000, comp_mask=0x0}
a100-llm-05:3707292:3707405 [0] NCCL INFO NET/IB: IbDev 1 Port 1 qpn 533 set_ece={supported=1, vendor_id=0x15b3, options=0x30000000, comp_mask=0x0}
a100-llm-05:3707292:3707405 [0] NCCL INFO NET/IB: IbDev 2 Port 1 qpn 277 set_ece={supported=1, vendor_id=0x15b3, options=0x30000000, comp_mask=0x0}
a100-llm-05:3707292:3707414 [7] NCCL INFO NET/IB: IbDev 7 Port 1 qpn 540 set_ece={supported=1, vendor_id=0x15b3, options=0x30000000, comp_mask=0x0}
a100-llm-05:3707292:3707414 [7] NCCL INFO NET/IB: IbDev 8 Port 1 qpn 284 set_ece={supported=1, vendor_id=0x15b3, options=0x30000000, comp_mask=0x0}
a100-llm-05:3707292:3707410 [1] NCCL INFO NET/IB: IbDev 1 Port 1 qpn 538 set_ece={supported=1, vendor_id=0x15b3, options=0x30000000, comp_mask=0x0}
a100-llm-05:3707292:3707410 [1] NCCL INFO NET/IB: IbDev 2 Port 1 qpn 282 set_ece={supported=1, vendor_id=0x15b3, options=0x30000000, comp_mask=0x0}
a100-llm-05:3707292:3707405 [0] NCCL INFO NET/IB: IbDev 1 Port 1 qpn 534 set_ece={supported=1, vendor_id=0x15b3, options=0x30000000, comp_mask=0x0}
a100-llm-05:3707292:3707405 [0] NCCL INFO NET/IB: IbDev 2 Port 1 qpn 278 set_ece={supported=1, vendor_id=0x15b3, options=0x30000000, comp_mask=0x0}
a100-llm-05:3707292:3707414 [7] NCCL INFO NET/IB: IbDev 7 Port 1 qpn 543 set_ece={supported=1, vendor_id=0x15b3, options=0x30000000, comp_mask=0x0}
a100-llm-05:3707292:3707414 [7] NCCL INFO NET/IB: IbDev 8 Port 1 qpn 287 set_ece={supported=1, vendor_id=0x15b3, options=0x30000000, comp_mask=0x0}
[AIMD] FinalizeChunkRTT: cc=0x7f19f8065980 slot=0 inflight_before=1
warmup done.
[AIMD] FinalizeChunkRTT: cc=0x7f1a08065420 slot=854 inflight_before=6
[AIMD] FinalizeChunkRTT: cc=0x7f1a08065420 slot=880 inflight_before=5
[AIMD] FinalizeChunkRTT: cc=0x7f1a10017320 slot=612 inflight_before=1
a100-llm-05:3707292:3707377 [0] NCCL INFO V2MIN: pressure=1.000 (fast=0.314 slow=0.001 dev=0.3132) state=SHRINK window=204 floor=204 high=3218 low=0 ncc=16
[AIMD] FinalizeChunkRTT: cc=0x7f19f8065bc0 slot=48 inflight_before=1
[AIMD] FinalizeChunkRTT: cc=0x7f1a08065420 slot=353 inflight_before=1
[AIMD] FinalizeChunkRTT: cc=0x7f19f8065980 slot=688 inflight_before=1
[AIMD] FinalizeChunkRTT: cc=0x7f19fc1212d0 slot=773 inflight_before=8
[AIMD] FinalizeChunkRTT: cc=0x7f19f8065980 slot=628 inflight_before=1
a100-llm-05:3707292:3707377 [0] NCCL INFO V2MIN: pressure=1.000 (fast=0.106 slow=0.001 dev=0.1050) state=SHRINK window=204 floor=204 high=7938 low=0 ncc=16
[AIMD] FinalizeChunkRTT: cc=0x7f19fc1212d0 slot=402 inflight_before=1
[AIMD] FinalizeChunkRTT: cc=0x7f19ec001000 slot=836 inflight_before=1
[AIMD] FinalizeChunkRTT: cc=0x7f1a04037420 slot=390 inflight_before=2
[AIMD] FinalizeChunkRTT: cc=0x7f1a10001000 slot=125 inflight_before=3
[AIMD] FinalizeChunkRTT: cc=0x7f1a10001000 slot=651 inflight_before=8
a100-llm-05:3707292:3707377 [0] NCCL INFO V2MIN: pressure=1.000 (fast=0.206 slow=0.001 dev=0.2053) state=SHRINK window=204 floor=204 high=12663 low=0 ncc=16
[AIMD] FinalizeChunkRTT: cc=0x7f1a10001000 slot=145 inflight_before=8
[AIMD] FinalizeChunkRTT: cc=0x7f19fc1212d0 slot=788 inflight_before=1
[AIMD] FinalizeChunkRTT: cc=0x7f19fc121510 slot=365 inflight_before=1
[AIMD] FinalizeChunkRTT: cc=0x7f19ec017320 slot=926 inflight_before=1
CSV written to: timeline_p0_run2/bench_latency_20260416_122200.csv

========================================
  Oracle Experiment Results
========================================
Config: nDev=8  count=1048576  data=4.19 MB  iters=1000
NCCL_AIMD_ENABLE=1  NCCL_CC_ORACLE_FACTOR=(unset)

Wall-clock latency (us):
  mean= 17124.8  stddev= 12982.9
  p50 = 16405.4  p99   = 58472.7  max= 79901.4

Collective max GPU latency (us):
  mean= 14478.3  stddev= 11169.9
  p50 = 13520.4  p99   = 51940.9  max= 67972.1

Rank skew (us):
  mean=  2539.9  stddev=  4732.5
  p50 =   204.8  p99   = 19508.6  max= 31341.6

Avg algo bandwidth: 0.43 GB/s
========================================

