a100-llm-02:1445052:1445151 [5] NCCL INFO GPU Direct RDMA Enabled for GPU/0-1036384 (rank 5) - NET/0-11 (distance 5 <= 6, read 0, mode Default)
a100-llm-02:1445052:1445153 [3] NCCL INFO Channel 00/0 : 2[2] -> 3[3] [receive] via NET/IB/10/GDRDMA
a100-llm-02:1445052:1445153 [3] NCCL INFO GPU Direct RDMA Enabled for GPU/0-1028192 (rank 3) - NET/0-10 (distance 5 <= 6, read 0, mode Default)
a100-llm-02:1445052:1445147 [6] NCCL INFO New proxy recv connection 0 from local rank 0, transport 2
a100-llm-02:1445052:1445133 [3] NCCL INFO New proxy recv connection 1 from local rank 0, transport 2
a100-llm-02:1445052:1445142 [5] NCCL INFO New proxy recv connection 1 from local rank 0, transport 2
a100-llm-02:1445052:1445139 [4] NCCL INFO New proxy recv connection 0 from local rank 0, transport 2
a100-llm-02:1445052:1445153 [3] NCCL INFO Connected to proxy localRank 0 -> connection 0x7f62bc000d88
a100-llm-02:1445052:1445135 [1] NCCL INFO New proxy recv connection 0 from local rank 0, transport 2
a100-llm-02:1445052:1445151 [5] NCCL INFO Connected to proxy localRank 0 -> connection 0x7f62a4001118
a100-llm-02:1445052:1445150 [6] NCCL INFO Connected to proxy localRank 0 -> connection 0x7f63fbfbc000
a100-llm-02:1445052:1445141 [0] NCCL INFO New proxy recv connection 0 from local rank 0, transport 2
a100-llm-02:1445052:1445156 [0] NCCL INFO Connected to proxy localRank 0 -> connection 0x7f62b00010a0
a100-llm-02:1445052:1445145 [7] NCCL INFO New proxy recv connection 0 from local rank 0, transport 2
a100-llm-02:1445052:1445155 [1] NCCL INFO Connected to proxy localRank 0 -> connection 0x7f62c8000d10
a100-llm-02:1445052:1445149 [7] NCCL INFO Connected to proxy localRank 0 -> connection 0x55ef0b364300
a100-llm-02:1445052:1445136 [2] NCCL INFO New proxy recv connection 0 from local rank 0, transport 2
a100-llm-02:1445052:1445154 [2] NCCL INFO Connected to proxy localRank 0 -> connection 0x7f62c4000d10
a100-llm-02:1445052:1445154 [2] NCCL INFO Channel 00/0 : 1[1] -> 2[2] [receive] via NET/IB/10/GDRDMA
a100-llm-02:1445052:1445154 [2] NCCL INFO GPU Direct RDMA Enabled for GPU/0-1028176 (rank 2) - NET/0-10 (distance 5 <= 6, read 0, mode Default)
a100-llm-02:1445052:1445136 [2] NCCL INFO New proxy recv connection 1 from local rank 0, transport 2
a100-llm-02:1445052:1445154 [2] NCCL INFO Connected to proxy localRank 0 -> connection 0x7f62c4000d88
a100-llm-02:1445052:1445154 [2] NCCL INFO Channel 01/0 : 1[1] -> 2[2] [receive] via NET/IB/10/GDRDMA
a100-llm-02:1445052:1445154 [2] NCCL INFO GPU Direct RDMA Enabled for GPU/0-1028176 (rank 2) - NET/0-10 (distance 5 <= 6, read 1, mode Default)
a100-llm-02:1445052:1445136 [2] NCCL INFO New proxy send connection 2 from local rank 0, transport 2
a100-llm-02:1445052:1445154 [2] NCCL INFO Connected to proxy localRank 0 -> connection 0x7f62c4000e00
a100-llm-02:1445052:1445154 [2] NCCL INFO Channel 00/0 : 2[2] -> 3[3] [send] via NET/IB/10/GDRDMA
a100-llm-02:1445052:1445154 [2] NCCL INFO GPU Direct RDMA Enabled for GPU/0-1028176 (rank 2) - NET/0-10 (distance 5 <= 6, read 1, mode Default)
a100-llm-02:1445052:1445136 [2] NCCL INFO New proxy send connection 3 from local rank 0, transport 2
a100-llm-02:1445052:1445154 [2] NCCL INFO Connected to proxy localRank 0 -> connection 0x7f62c4000e78
a100-llm-02:1445052:1445154 [2] NCCL INFO Channel 01/0 : 2[2] -> 3[3] [send] via NET/IB/10/GDRDMA
a100-llm-02:1445052:1445150 [6] NCCL INFO Channel 00/0 : 5[5] -> 6[6] [receive] via NET/IB/12/GDRDMA
a100-llm-02:1445052:1445150 [6] NCCL INFO GPU Direct RDMA Enabled for GPU/0-1044560 (rank 6) - NET/0-12 (distance 5 <= 6, read 0, mode Default)
a100-llm-02:1445052:1445147 [6] NCCL INFO New proxy recv connection 1 from local rank 0, transport 2
a100-llm-02:1445052:1445150 [6] NCCL INFO Connected to proxy localRank 0 -> connection 0x7f63fbfbc078
a100-llm-02:1445052:1445150 [6] NCCL INFO Channel 01/0 : 5[5] -> 6[6] [receive] via NET/IB/12/GDRDMA
a100-llm-02:1445052:1445150 [6] NCCL INFO GPU Direct RDMA Enabled for GPU/0-1044560 (rank 6) - NET/0-12 (distance 5 <= 6, read 1, mode Default)
a100-llm-02:1445052:1445147 [6] NCCL INFO New proxy send connection 2 from local rank 0, transport 2
a100-llm-02:1445052:1445150 [6] NCCL INFO Connected to proxy localRank 0 -> connection 0x7f63fbfbc0f0
a100-llm-02:1445052:1445150 [6] NCCL INFO Channel 00/0 : 6[6] -> 7[7] [send] via NET/IB/12/GDRDMA
a100-llm-02:1445052:1445150 [6] NCCL INFO GPU Direct RDMA Enabled for GPU/0-1044560 (rank 6) - NET/0-12 (distance 5 <= 6, read 1, mode Default)
a100-llm-02:1445052:1445147 [6] NCCL INFO New proxy send connection 3 from local rank 0, transport 2
a100-llm-02:1445052:1445150 [6] NCCL INFO Connected to proxy localRank 0 -> connection 0x7f63fbfbc168
a100-llm-02:1445052:1445150 [6] NCCL INFO Channel 01/0 : 6[6] -> 7[7] [send] via NET/IB/12/GDRDMA
a100-llm-02:1445052:1445152 [4] NCCL INFO Connected to proxy localRank 0 -> connection 0x7f62b4000d10
a100-llm-02:1445052:1445152 [4] NCCL INFO Channel 00/0 : 3[3] -> 4[4] [receive] via NET/IB/11/GDRDMA
a100-llm-02:1445052:1445152 [4] NCCL INFO GPU Direct RDMA Enabled for GPU/0-1036368 (rank 4) - NET/0-11 (distance 5 <= 6, read 0, mode Default)
a100-llm-02:1445052:1445139 [4] NCCL INFO New proxy recv connection 1 from local rank 0, transport 2
a100-llm-02:1445052:1445152 [4] NCCL INFO Connected to proxy localRank 0 -> connection 0x7f62b4000d88
a100-llm-02:1445052:1445152 [4] NCCL INFO Channel 01/0 : 3[3] -> 4[4] [receive] via NET/IB/11/GDRDMA
a100-llm-02:1445052:1445152 [4] NCCL INFO GPU Direct RDMA Enabled for GPU/0-1036368 (rank 4) - NET/0-11 (distance 5 <= 6, read 1, mode Default)
a100-llm-02:1445052:1445139 [4] NCCL INFO New proxy send connection 2 from local rank 0, transport 2
a100-llm-02:1445052:1445152 [4] NCCL INFO Connected to proxy localRank 0 -> connection 0x7f62b4000e00
a100-llm-02:1445052:1445152 [4] NCCL INFO Channel 00/0 : 4[4] -> 5[5] [send] via NET/IB/11/GDRDMA
a100-llm-02:1445052:1445152 [4] NCCL INFO GPU Direct RDMA Enabled for GPU/0-1036368 (rank 4) - NET/0-11 (distance 5 <= 6, read 1, mode Default)
a100-llm-02:1445052:1445139 [4] NCCL INFO New proxy send connection 3 from local rank 0, transport 2
a100-llm-02:1445052:1445152 [4] NCCL INFO Connected to proxy localRank 0 -> connection 0x7f62b4000e78
a100-llm-02:1445052:1445152 [4] NCCL INFO Channel 01/0 : 4[4] -> 5[5] [send] via NET/IB/11/GDRDMA
a100-llm-02:1445052:1445156 [0] NCCL INFO Channel 00/0 : 7[7] -> 0[0] [receive] via NET/IB/9/GDRDMA
a100-llm-02:1445052:1445156 [0] NCCL INFO GPU Direct RDMA Enabled for GPU/0-1019984 (rank 0) - NET/0-9 (distance 5 <= 6, read 0, mode Default)
a100-llm-02:1445052:1445141 [0] NCCL INFO New proxy recv connection 1 from local rank 0, transport 2
a100-llm-02:1445052:1445149 [7] NCCL INFO Channel 00/0 : 6[6] -> 7[7] [receive] via NET/IB/12/GDRDMA
a100-llm-02:1445052:1445149 [7] NCCL INFO GPU Direct RDMA Enabled for GPU/0-1044576 (rank 7) - NET/0-12 (distance 5 <= 6, read 0, mode Default)
a100-llm-02:1445052:1445145 [7] NCCL INFO New proxy recv connection 1 from local rank 0, transport 2
a100-llm-02:1445052:1445156 [0] NCCL INFO Connected to proxy localRank 0 -> connection 0x7f62b0001118
a100-llm-02:1445052:1445149 [7] NCCL INFO Connected to proxy localRank 0 -> connection 0x55ef0b364378
a100-llm-02:1445052:1445156 [0] NCCL INFO Channel 01/0 : 7[7] -> 0[0] [receive] via NET/IB/9/GDRDMA
a100-llm-02:1445052:1445156 [0] NCCL INFO GPU Direct RDMA Enabled for GPU/0-1019984 (rank 0) - NET/0-9 (distance 5 <= 6, read 1, mode Default)
a100-llm-02:1445052:1445141 [0] NCCL INFO New proxy send connection 2 from local rank 0, transport 2
a100-llm-02:1445052:1445149 [7] NCCL INFO Channel 01/0 : 6[6] -> 7[7] [receive] via NET/IB/12/GDRDMA
a100-llm-02:1445052:1445149 [7] NCCL INFO GPU Direct RDMA Enabled for GPU/0-1044576 (rank 7) - NET/0-12 (distance 5 <= 6, read 1, mode Default)
a100-llm-02:1445052:1445145 [7] NCCL INFO New proxy send connection 2 from local rank 0, transport 2
a100-llm-02:1445052:1445156 [0] NCCL INFO Connected to proxy localRank 0 -> connection 0x7f62b0001190
a100-llm-02:1445052:1445155 [1] NCCL INFO Channel 00/0 : 0[0] -> 1[1] [receive] via NET/IB/9/GDRDMA
a100-llm-02:1445052:1445155 [1] NCCL INFO GPU Direct RDMA Enabled for GPU/0-1020000 (rank 1) - NET/0-9 (distance 5 <= 6, read 0, mode Default)
a100-llm-02:1445052:1445153 [3] NCCL INFO Channel 01/0 : 2[2] -> 3[3] [receive] via NET/IB/10/GDRDMA
a100-llm-02:1445052:1445153 [3] NCCL INFO GPU Direct RDMA Enabled for GPU/0-1028192 (rank 3) - NET/0-10 (distance 5 <= 6, read 1, mode Default)
a100-llm-02:1445052:1445149 [7] NCCL INFO Connected to proxy localRank 0 -> connection 0x55ef0b3643f0
a100-llm-02:1445052:1445156 [0] NCCL INFO Channel 00/0 : 0[0] -> 1[1] [send] via NET/IB/9/GDRDMA
a100-llm-02:1445052:1445156 [0] NCCL INFO GPU Direct RDMA Enabled for GPU/0-1019984 (rank 0) - NET/0-9 (distance 5 <= 6, read 1, mode Default)
a100-llm-02:1445052:1445141 [0] NCCL INFO New proxy send connection 3 from local rank 0, transport 2
a100-llm-02:1445052:1445149 [7] NCCL INFO Channel 00/0 : 7[7] -> 0[0] [send] via NET/IB/12/GDRDMA
a100-llm-02:1445052:1445149 [7] NCCL INFO GPU Direct RDMA Enabled for GPU/0-1044576 (rank 7) - NET/0-12 (distance 5 <= 6, read 1, mode Default)
a100-llm-02:1445052:1445145 [7] NCCL INFO New proxy send connection 3 from local rank 0, transport 2
a100-llm-02:1445052:1445156 [0] NCCL INFO Connected to proxy localRank 0 -> connection 0x7f62b0001208
a100-llm-02:1445052:1445149 [7] NCCL INFO Connected to proxy localRank 0 -> connection 0x55ef0b364468
a100-llm-02:1445052:1445156 [0] NCCL INFO Channel 01/0 : 0[0] -> 1[1] [send] via NET/IB/9/GDRDMA
a100-llm-02:1445052:1445149 [7] NCCL INFO Channel 01/0 : 7[7] -> 0[0] [send] via NET/IB/12/GDRDMA
a100-llm-02:1445052:1445135 [1] NCCL INFO New proxy recv connection 1 from local rank 0, transport 2
a100-llm-02:1445052:1445151 [5] NCCL INFO Channel 01/0 : 4[4] -> 5[5] [receive] via NET/IB/11/GDRDMA
a100-llm-02:1445052:1445151 [5] NCCL INFO GPU Direct RDMA Enabled for GPU/0-1036384 (rank 5) - NET/0-11 (distance 5 <= 6, read 1, mode Default)
a100-llm-02:1445052:1445142 [5] NCCL INFO New proxy send connection 2 from local rank 0, transport 2
a100-llm-02:1445052:1445155 [1] NCCL INFO Connected to proxy localRank 0 -> connection 0x7f62c8000d88
a100-llm-02:1445052:1445133 [3] NCCL INFO New proxy send connection 2 from local rank 0, transport 2
a100-llm-02:1445052:1445153 [3] NCCL INFO Connected to proxy localRank 0 -> connection 0x7f62bc000e00
a100-llm-02:1445052:1445151 [5] NCCL INFO Connected to proxy localRank 0 -> connection 0x7f62a4001190
a100-llm-02:1445052:1445153 [3] NCCL INFO Channel 00/0 : 3[3] -> 4[4] [send] via NET/IB/10/GDRDMA
a100-llm-02:1445052:1445155 [1] NCCL INFO Channel 01/0 : 0[0] -> 1[1] [receive] via NET/IB/9/GDRDMA
a100-llm-02:1445052:1445153 [3] NCCL INFO GPU Direct RDMA Enabled for GPU/0-1028192 (rank 3) - NET/0-10 (distance 5 <= 6, read 1, mode Default)
a100-llm-02:1445052:1445155 [1] NCCL INFO GPU Direct RDMA Enabled for GPU/0-1020000 (rank 1) - NET/0-9 (distance 5 <= 6, read 1, mode Default)
a100-llm-02:1445052:1445151 [5] NCCL INFO Channel 00/0 : 5[5] -> 6[6] [send] via NET/IB/11/GDRDMA
a100-llm-02:1445052:1445151 [5] NCCL INFO GPU Direct RDMA Enabled for GPU/0-1036384 (rank 5) - NET/0-11 (distance 5 <= 6, read 1, mode Default)
a100-llm-02:1445052:1445133 [3] NCCL INFO New proxy send connection 3 from local rank 0, transport 2
a100-llm-02:1445052:1445153 [3] NCCL INFO Connected to proxy localRank 0 -> connection 0x7f62bc000e78
a100-llm-02:1445052:1445135 [1] NCCL INFO New proxy send connection 2 from local rank 0, transport 2
a100-llm-02:1445052:1445142 [5] NCCL INFO New proxy send connection 3 from local rank 0, transport 2
a100-llm-02:1445052:1445155 [1] NCCL INFO Connected to proxy localRank 0 -> connection 0x7f62c8000e00
a100-llm-02:1445052:1445153 [3] NCCL INFO Channel 01/0 : 3[3] -> 4[4] [send] via NET/IB/10/GDRDMA
a100-llm-02:1445052:1445151 [5] NCCL INFO Connected to proxy localRank 0 -> connection 0x7f62a4001208
a100-llm-02:1445052:1445155 [1] NCCL INFO Channel 00/0 : 1[1] -> 2[2] [send] via NET/IB/9/GDRDMA
a100-llm-02:1445052:1445155 [1] NCCL INFO GPU Direct RDMA Enabled for GPU/0-1020000 (rank 1) - NET/0-9 (distance 5 <= 6, read 1, mode Default)
a100-llm-02:1445052:1445151 [5] NCCL INFO Channel 01/0 : 5[5] -> 6[6] [send] via NET/IB/11/GDRDMA
a100-llm-02:1445052:1445135 [1] NCCL INFO New proxy send connection 3 from local rank 0, transport 2
a100-llm-02:1445052:1445133 [3] NCCL INFO NET/IB: NCCL Dev 10 IbDev 3 Port 1 qpn 1108 mtu 5 GID 3 (0/340D13C6FFFF0000) ctsFifoRkey=0x16100f ctsFifoLkey=0x16100f
a100-llm-02:1445052:1445133 [3] NCCL INFO NET/IB: IbDev 3 Port 1 qpn 1108 query_ece={supported=1, vendor_id=0x15b3, options=0x30000000, comp_mask=0x0}
a100-llm-02:1445052:1445133 [3] NCCL INFO NET/IB: NCCL Dev 10 IbDev 4 Port 1 qpn 852 mtu 5 GID 3 (0/462613C6FFFF0000) ctsFifoRkey=0x125612 ctsFifoLkey=0x125612
a100-llm-02:1445052:1445133 [3] NCCL INFO NET/IB: IbDev 4 Port 1 qpn 852 query_ece={supported=1, vendor_id=0x15b3, options=0x30000000, comp_mask=0x0}
a100-llm-02:1445052:1445133 [3] NCCL INFO NET/IB: NCCL Dev 10 IbDev 3 Port 1 qpn 1109 mtu 5 GID 3 (0/340D13C6FFFF0000) ctsFifoRkey=0x161c1b ctsFifoLkey=0x161c1b
a100-llm-02:1445052:1445133 [3] NCCL INFO NET/IB: IbDev 3 Port 1 qpn 1109 query_ece={supported=1, vendor_id=0x15b3, options=0x30000000, comp_mask=0x0}
a100-llm-02:1445052:1445133 [3] NCCL INFO NET/IB: NCCL Dev 10 IbDev 4 Port 1 qpn 853 mtu 5 GID 3 (0/462613C6FFFF0000) ctsFifoRkey=0x126420 ctsFifoLkey=0x126420
a100-llm-02:1445052:1445133 [3] NCCL INFO NET/IB: IbDev 4 Port 1 qpn 853 query_ece={supported=1, vendor_id=0x15b3, options=0x30000000, comp_mask=0x0}
a100-llm-02:1445052:1445139 [4] NCCL INFO NET/IB: NCCL Dev 11 IbDev 5 Port 1 qpn 1108 mtu 5 GID 3 (0/5E0113C6FFFF0000) ctsFifoRkey=0x8807f ctsFifoLkey=0x8807f
a100-llm-02:1445052:1445139 [4] NCCL INFO NET/IB: IbDev 5 Port 1 qpn 1108 query_ece={supported=1, vendor_id=0x15b3, options=0x30000000, comp_mask=0x0}
a100-llm-02:1445052:1445139 [4] NCCL INFO NET/IB: NCCL Dev 11 IbDev 6 Port 1 qpn 852 mtu 5 GID 3 (0/AF0713C6FFFF0000) ctsFifoRkey=0x4b978 ctsFifoLkey=0x4b978
a100-llm-02:1445052:1445139 [4] NCCL INFO NET/IB: IbDev 6 Port 1 qpn 852 query_ece={supported=1, vendor_id=0x15b3, options=0x30000000, comp_mask=0x0}
a100-llm-02:1445052:1445147 [6] NCCL INFO NET/IB: NCCL Dev 12 IbDev 7 Port 1 qpn 1108 mtu 5 GID 3 (0/455A13C6FFFF0000) ctsFifoRkey=0x15ffff ctsFifoLkey=0x15ffff
a100-llm-02:1445052:1445147 [6] NCCL INFO NET/IB: IbDev 7 Port 1 qpn 1108 query_ece={supported=1, vendor_id=0x15b3, options=0x30000000, comp_mask=0x0}
a100-llm-02:1445052:1445155 [1] NCCL INFO Connected to proxy localRank 0 -> connection 0x7f62c8000e78
a100-llm-02:1445052:1445147 [6] NCCL INFO NET/IB: NCCL Dev 12 IbDev 8 Port 1 qpn 852 mtu 5 GID 3 (0/58B013C6FFFF0000) ctsFifoRkey=0x1226e5 ctsFifoLkey=0x1226e5
a100-llm-02:1445052:1445147 [6] NCCL INFO NET/IB: IbDev 8 Port 1 qpn 852 query_ece={supported=1, vendor_id=0x15b3, options=0x30000000, comp_mask=0x0}
a100-llm-02:1445052:1445147 [6] NCCL INFO NET/IB: NCCL Dev 12 IbDev 7 Port 1 qpn 1109 mtu 5 GID 3 (0/455A13C6FFFF0000) ctsFifoRkey=0x160b0a ctsFifoLkey=0x160b0a
a100-llm-02:1445052:1445147 [6] NCCL INFO NET/IB: IbDev 7 Port 1 qpn 1109 query_ece={supported=1, vendor_id=0x15b3, options=0x30000000, comp_mask=0x0}
a100-llm-02:1445052:1445147 [6] NCCL INFO NET/IB: NCCL Dev 12 IbDev 8 Port 1 qpn 853 mtu 5 GID 3 (0/58B013C6FFFF0000) ctsFifoRkey=0x1232f0 ctsFifoLkey=0x1232f0
a100-llm-02:1445052:1445147 [6] NCCL INFO NET/IB: IbDev 8 Port 1 qpn 853 query_ece={supported=1, vendor_id=0x15b3, options=0x30000000, comp_mask=0x0}
a100-llm-02:1445052:1445139 [4] NCCL INFO NET/IB: NCCL Dev 11 IbDev 5 Port 1 qpn 1111 mtu 5 GID 3 (0/5E0113C6FFFF0000) ctsFifoRkey=0x88c8b ctsFifoLkey=0x88c8b
a100-llm-02:1445052:1445139 [4] NCCL INFO NET/IB: IbDev 5 Port 1 qpn 1111 query_ece={supported=1, vendor_id=0x15b3, options=0x30000000, comp_mask=0x0}
a100-llm-02:1445052:1445139 [4] NCCL INFO NET/IB: NCCL Dev 11 IbDev 6 Port 1 qpn 855 mtu 5 GID 3 (0/AF0713C6FFFF0000) ctsFifoRkey=0x4c584 ctsFifoLkey=0x4c584
a100-llm-02:1445052:1445139 [4] NCCL INFO NET/IB: IbDev 6 Port 1 qpn 855 query_ece={supported=1, vendor_id=0x15b3, options=0x30000000, comp_mask=0x0}
a100-llm-02:1445052:1445155 [1] NCCL INFO Channel 01/0 : 1[1] -> 2[2] [send] via NET/IB/9/GDRDMA
a100-llm-02:1445052:1445133 [3] NCCL INFO NET/IB: IbDev 3 Port 1 qpn 1108 set_ece={supported=1, vendor_id=0x15b3, options=0x30000000, comp_mask=0x0}
a100-llm-02:1445052:1445133 [3] NCCL INFO NET/IB: IbDev 4 Port 1 qpn 852 set_ece={supported=1, vendor_id=0x15b3, options=0x30000000, comp_mask=0x0}
a100-llm-02:1445052:1445133 [3] NCCL INFO NET/IB: IbDev 3 Port 1 qpn 1109 set_ece={supported=1, vendor_id=0x15b3, options=0x30000000, comp_mask=0x0}
a100-llm-02:1445052:1445133 [3] NCCL INFO NET/IB: IbDev 4 Port 1 qpn 853 set_ece={supported=1, vendor_id=0x15b3, options=0x30000000, comp_mask=0x0}
a100-llm-02:1445052:1445147 [6] NCCL INFO NET/IB: IbDev 7 Port 1 qpn 1108 set_ece={supported=1, vendor_id=0x15b3, options=0x30000000, comp_mask=0x0}
a100-llm-02:1445052:1445147 [6] NCCL INFO NET/IB: IbDev 8 Port 1 qpn 852 set_ece={supported=1, vendor_id=0x15b3, options=0x30000000, comp_mask=0x0}
a100-llm-02:1445052:1445141 [0] NCCL INFO NET/IB: NCCL Dev 9 IbDev 1 Port 1 qpn 1108 mtu 5 GID 3 (0/F74413C6FFFF0000) ctsFifoRkey=0x164948 ctsFifoLkey=0x164948
a100-llm-02:1445052:1445141 [0] NCCL INFO NET/IB: IbDev 1 Port 1 qpn 1108 query_ece={supported=1, vendor_id=0x15b3, options=0x30000000, comp_mask=0x0}
a100-llm-02:1445052:1445141 [0] NCCL INFO NET/IB: NCCL Dev 9 IbDev 2 Port 1 qpn 852 mtu 5 GID 3 (0/A3F13C6FFFF0000) ctsFifoRkey=0x128746 ctsFifoLkey=0x128746
a100-llm-02:1445052:1445141 [0] NCCL INFO NET/IB: IbDev 2 Port 1 qpn 852 query_ece={supported=1, vendor_id=0x15b3, options=0x30000000, comp_mask=0x0}
a100-llm-02:1445052:1445142 [5] NCCL INFO NET/IB: NCCL Dev 11 IbDev 5 Port 1 qpn 1114 mtu 5 GID 3 (0/5E0113C6FFFF0000) ctsFifoRkey=0x15e8e6 ctsFifoLkey=0x15e8e6
a100-llm-02:1445052:1445142 [5] NCCL INFO NET/IB: IbDev 5 Port 1 qpn 1114 query_ece={supported=1, vendor_id=0x15b3, options=0x30000000, comp_mask=0x0}
a100-llm-02:1445052:1445142 [5] NCCL INFO NET/IB: NCCL Dev 11 IbDev 6 Port 1 qpn 858 mtu 5 GID 3 (0/AF0713C6FFFF0000) ctsFifoRkey=0x1232f1 ctsFifoLkey=0x1232f1
a100-llm-02:1445052:1445142 [5] NCCL INFO NET/IB: IbDev 6 Port 1 qpn 858 query_ece={supported=1, vendor_id=0x15b3, options=0x30000000, comp_mask=0x0}
a100-llm-02:1445052:1445141 [0] NCCL INFO NET/IB: NCCL Dev 9 IbDev 1 Port 1 qpn 1109 mtu 5 GID 3 (0/F74413C6FFFF0000) ctsFifoRkey=0x165554 ctsFifoLkey=0x165554
a100-llm-02:1445052:1445141 [0] NCCL INFO NET/IB: IbDev 1 Port 1 qpn 1109 query_ece={supported=1, vendor_id=0x15b3, options=0x30000000, comp_mask=0x0}
a100-llm-02:1445052:1445141 [0] NCCL INFO NET/IB: NCCL Dev 9 IbDev 2 Port 1 qpn 853 mtu 5 GID 3 (0/A3F13C6FFFF0000) ctsFifoRkey=0x129352 ctsFifoLkey=0x129352
a100-llm-02:1445052:1445141 [0] NCCL INFO NET/IB: IbDev 2 Port 1 qpn 853 query_ece={supported=1, vendor_id=0x15b3, options=0x30000000, comp_mask=0x0}
a100-llm-02:1445052:1445136 [2] NCCL INFO NET/IB: NCCL Dev 10 IbDev 3 Port 1 qpn 1110 mtu 5 GID 3 (0/340D13C6FFFF0000) ctsFifoRkey=0x162227 ctsFifoLkey=0x162227
a100-llm-02:1445052:1445136 [2] NCCL INFO NET/IB: IbDev 3 Port 1 qpn 1110 query_ece={supported=1, vendor_id=0x15b3, options=0x30000000, comp_mask=0x0}
a100-llm-02:1445052:1445136 [2] NCCL INFO NET/IB: NCCL Dev 10 IbDev 4 Port 1 qpn 854 mtu 5 GID 3 (0/462613C6FFFF0000) ctsFifoRkey=0x12702f ctsFifoLkey=0x12702f
a100-llm-02:1445052:1445136 [2] NCCL INFO NET/IB: IbDev 4 Port 1 qpn 854 query_ece={supported=1, vendor_id=0x15b3, options=0x30000000, comp_mask=0x0}
a100-llm-02:1445052:1445145 [7] NCCL INFO NET/IB: NCCL Dev 12 IbDev 7 Port 1 qpn 1114 mtu 5 GID 3 (0/455A13C6FFFF0000) ctsFifoRkey=0x16201f ctsFifoLkey=0x16201f
a100-llm-02:1445052:1445145 [7] NCCL INFO NET/IB: IbDev 7 Port 1 qpn 1114 query_ece={supported=1, vendor_id=0x15b3, options=0x30000000, comp_mask=0x0}
a100-llm-02:1445052:1445145 [7] NCCL INFO NET/IB: NCCL Dev 12 IbDev 8 Port 1 qpn 858 mtu 5 GID 3 (0/58B013C6FFFF0000) ctsFifoRkey=0x124b09 ctsFifoLkey=0x124b09
a100-llm-02:1445052:1445145 [7] NCCL INFO NET/IB: IbDev 8 Port 1 qpn 858 query_ece={supported=1, vendor_id=0x15b3, options=0x30000000, comp_mask=0x0}
a100-llm-02:1445052:1445136 [2] NCCL INFO NET/IB: NCCL Dev 10 IbDev 3 Port 1 qpn 1112 mtu 5 GID 3 (0/340D13C6FFFF0000) ctsFifoRkey=0x163938 ctsFifoLkey=0x163938
a100-llm-02:1445052:1445136 [2] NCCL INFO NET/IB: IbDev 3 Port 1 qpn 1112 query_ece={supported=1, vendor_id=0x15b3, options=0x30000000, comp_mask=0x0}
a100-llm-02:1445052:1445139 [4] NCCL INFO NET/IB: IbDev 5 Port 1 qpn 1108 set_ece={supported=1, vendor_id=0x15b3, options=0x30000000, comp_mask=0x0}
a100-llm-02:1445052:1445136 [2] NCCL INFO NET/IB: NCCL Dev 10 IbDev 4 Port 1 qpn 856 mtu 5 GID 3 (0/462613C6FFFF0000) ctsFifoRkey=0x128847 ctsFifoLkey=0x128847
a100-llm-02:1445052:1445136 [2] NCCL INFO NET/IB: IbDev 4 Port 1 qpn 856 query_ece={supported=1, vendor_id=0x15b3, options=0x30000000, comp_mask=0x0}
a100-llm-02:1445052:1445139 [4] NCCL INFO NET/IB: IbDev 6 Port 1 qpn 852 set_ece={supported=1, vendor_id=0x15b3, options=0x30000000, comp_mask=0x0}
a100-llm-02:1445052:1445147 [6] NCCL INFO NET/IB: IbDev 7 Port 1 qpn 1109 set_ece={supported=1, vendor_id=0x15b3, options=0x30000000, comp_mask=0x0}
a100-llm-02:1445052:1445147 [6] NCCL INFO NET/IB: IbDev 8 Port 1 qpn 853 set_ece={supported=1, vendor_id=0x15b3, options=0x30000000, comp_mask=0x0}
a100-llm-02:1445052:1445136 [2] NCCL INFO NET/IB: IbDev 3 Port 1 qpn 1110 set_ece={supported=1, vendor_id=0x15b3, options=0x30000000, comp_mask=0x0}
a100-llm-02:1445052:1445145 [7] NCCL INFO NET/IB: NCCL Dev 12 IbDev 7 Port 1 qpn 1117 mtu 5 GID 3 (0/455A13C6FFFF0000) ctsFifoRkey=0x86160 ctsFifoLkey=0x86160
a100-llm-02:1445052:1445145 [7] NCCL INFO NET/IB: IbDev 7 Port 1 qpn 1117 query_ece={supported=1, vendor_id=0x15b3, options=0x30000000, comp_mask=0x0}
a100-llm-02:1445052:1445145 [7] NCCL INFO NET/IB: NCCL Dev 12 IbDev 8 Port 1 qpn 861 mtu 5 GID 3 (0/58B013C6FFFF0000) ctsFifoRkey=0x4a463 ctsFifoLkey=0x4a463
a100-llm-02:1445052:1445145 [7] NCCL INFO NET/IB: IbDev 8 Port 1 qpn 861 query_ece={supported=1, vendor_id=0x15b3, options=0x30000000, comp_mask=0x0}
a100-llm-02:1445052:1445136 [2] NCCL INFO NET/IB: IbDev 4 Port 1 qpn 854 set_ece={supported=1, vendor_id=0x15b3, options=0x30000000, comp_mask=0x0}
a100-llm-02:1445052:1445142 [5] NCCL INFO NET/IB: NCCL Dev 11 IbDev 5 Port 1 qpn 1117 mtu 5 GID 3 (0/5E0113C6FFFF0000) ctsFifoRkey=0x8a4a3 ctsFifoLkey=0x8a4a3
a100-llm-02:1445052:1445142 [5] NCCL INFO NET/IB: IbDev 5 Port 1 qpn 1117 query_ece={supported=1, vendor_id=0x15b3, options=0x30000000, comp_mask=0x0}
a100-llm-02:1445052:1445142 [5] NCCL INFO NET/IB: NCCL Dev 11 IbDev 6 Port 1 qpn 861 mtu 5 GID 3 (0/AF0713C6FFFF0000) ctsFifoRkey=0x4db99 ctsFifoLkey=0x4db99
a100-llm-02:1445052:1445142 [5] NCCL INFO NET/IB: IbDev 6 Port 1 qpn 861 query_ece={supported=1, vendor_id=0x15b3, options=0x30000000, comp_mask=0x0}
a100-llm-02:1445052:1445139 [4] NCCL INFO NET/IB: IbDev 5 Port 1 qpn 1111 set_ece={supported=1, vendor_id=0x15b3, options=0x30000000, comp_mask=0x0}
a100-llm-02:1445052:1445142 [5] NCCL INFO NET/IB: IbDev 5 Port 1 qpn 1114 set_ece={supported=1, vendor_id=0x15b3, options=0x30000000, comp_mask=0x0}
a100-llm-02:1445052:1445139 [4] NCCL INFO NET/IB: IbDev 6 Port 1 qpn 855 set_ece={supported=1, vendor_id=0x15b3, options=0x30000000, comp_mask=0x0}
a100-llm-02:1445052:1445142 [5] NCCL INFO NET/IB: IbDev 6 Port 1 qpn 858 set_ece={supported=1, vendor_id=0x15b3, options=0x30000000, comp_mask=0x0}
a100-llm-02:1445052:1445135 [1] NCCL INFO NET/IB: NCCL Dev 9 IbDev 1 Port 1 qpn 1116 mtu 5 GID 3 (0/F74413C6FFFF0000) ctsFifoRkey=0x166d6c ctsFifoLkey=0x166d6c
a100-llm-02:1445052:1445135 [1] NCCL INFO NET/IB: IbDev 1 Port 1 qpn 1116 query_ece={supported=1, vendor_id=0x15b3, options=0x30000000, comp_mask=0x0}
a100-llm-02:1445052:1445135 [1] NCCL INFO NET/IB: NCCL Dev 9 IbDev 2 Port 1 qpn 860 mtu 5 GID 3 (0/A3F13C6FFFF0000) ctsFifoRkey=0x12a666 ctsFifoLkey=0x12a666
a100-llm-02:1445052:1445135 [1] NCCL INFO NET/IB: IbDev 2 Port 1 qpn 860 query_ece={supported=1, vendor_id=0x15b3, options=0x30000000, comp_mask=0x0}
a100-llm-02:1445052:1445141 [0] NCCL INFO NET/IB: IbDev 1 Port 1 qpn 1108 set_ece={supported=1, vendor_id=0x15b3, options=0x30000000, comp_mask=0x0}
a100-llm-02:1445052:1445141 [0] NCCL INFO NET/IB: IbDev 2 Port 1 qpn 852 set_ece={supported=1, vendor_id=0x15b3, options=0x30000000, comp_mask=0x0}
a100-llm-02:1445052:1445135 [1] NCCL INFO NET/IB: NCCL Dev 9 IbDev 1 Port 1 qpn 1119 mtu 5 GID 3 (0/F74413C6FFFF0000) ctsFifoRkey=0x167978 ctsFifoLkey=0x167978
a100-llm-02:1445052:1445135 [1] NCCL INFO NET/IB: IbDev 1 Port 1 qpn 1119 query_ece={supported=1, vendor_id=0x15b3, options=0x30000000, comp_mask=0x0}
a100-llm-02:1445052:1445135 [1] NCCL INFO NET/IB: NCCL Dev 9 IbDev 2 Port 1 qpn 863 mtu 5 GID 3 (0/A3F13C6FFFF0000) ctsFifoRkey=0x12b171 ctsFifoLkey=0x12b171
a100-llm-02:1445052:1445135 [1] NCCL INFO NET/IB: IbDev 2 Port 1 qpn 863 query_ece={supported=1, vendor_id=0x15b3, options=0x30000000, comp_mask=0x0}
a100-llm-02:1445052:1445145 [7] NCCL INFO NET/IB: IbDev 7 Port 1 qpn 1114 set_ece={supported=1, vendor_id=0x15b3, options=0x30000000, comp_mask=0x0}
a100-llm-02:1445052:1445145 [7] NCCL INFO NET/IB: IbDev 8 Port 1 qpn 858 set_ece={supported=1, vendor_id=0x15b3, options=0x30000000, comp_mask=0x0}
a100-llm-02:1445052:1445136 [2] NCCL INFO NET/IB: IbDev 3 Port 1 qpn 1112 set_ece={supported=1, vendor_id=0x15b3, options=0x30000000, comp_mask=0x0}
a100-llm-02:1445052:1445136 [2] NCCL INFO NET/IB: IbDev 4 Port 1 qpn 856 set_ece={supported=1, vendor_id=0x15b3, options=0x30000000, comp_mask=0x0}
a100-llm-02:1445052:1445145 [7] NCCL INFO NET/IB: IbDev 7 Port 1 qpn 1117 set_ece={supported=1, vendor_id=0x15b3, options=0x30000000, comp_mask=0x0}
a100-llm-02:1445052:1445145 [7] NCCL INFO NET/IB: IbDev 8 Port 1 qpn 861 set_ece={supported=1, vendor_id=0x15b3, options=0x30000000, comp_mask=0x0}
a100-llm-02:1445052:1445142 [5] NCCL INFO NET/IB: IbDev 5 Port 1 qpn 1117 set_ece={supported=1, vendor_id=0x15b3, options=0x30000000, comp_mask=0x0}
a100-llm-02:1445052:1445142 [5] NCCL INFO NET/IB: IbDev 6 Port 1 qpn 861 set_ece={supported=1, vendor_id=0x15b3, options=0x30000000, comp_mask=0x0}
a100-llm-02:1445052:1445135 [1] NCCL INFO NET/IB: IbDev 1 Port 1 qpn 1116 set_ece={supported=1, vendor_id=0x15b3, options=0x30000000, comp_mask=0x0}
a100-llm-02:1445052:1445135 [1] NCCL INFO NET/IB: IbDev 2 Port 1 qpn 860 set_ece={supported=1, vendor_id=0x15b3, options=0x30000000, comp_mask=0x0}
a100-llm-02:1445052:1445141 [0] NCCL INFO NET/IB: IbDev 1 Port 1 qpn 1109 set_ece={supported=1, vendor_id=0x15b3, options=0x30000000, comp_mask=0x0}
a100-llm-02:1445052:1445141 [0] NCCL INFO NET/IB: IbDev 2 Port 1 qpn 853 set_ece={supported=1, vendor_id=0x15b3, options=0x30000000, comp_mask=0x0}
a100-llm-02:1445052:1445135 [1] NCCL INFO NET/IB: IbDev 1 Port 1 qpn 1119 set_ece={supported=1, vendor_id=0x15b3, options=0x30000000, comp_mask=0x0}
a100-llm-02:1445052:1445135 [1] NCCL INFO NET/IB: IbDev 2 Port 1 qpn 863 set_ece={supported=1, vendor_id=0x15b3, options=0x30000000, comp_mask=0x0}
[AIMD] FinalizeChunkRTT: cc=0x7f62c4163650 slot=0 inflight_before=1
warmup done.
[AIMD] FinalizeChunkRTT: cc=0x7f62c4163650 slot=731 inflight_before=8
[AIMD] FinalizeChunkRTT: cc=0x7f62c0001000 slot=531 inflight_before=8
[AIMD] FinalizeChunkRTT: cc=0x7f6308002200 slot=194 inflight_before=7
a100-llm-02:1445052:1445124 [0] NCCL INFO V2MIN: pressure=0.010 (backlog=0.003 loop_delay=0.015 stretch=1.06) state=RECOVER window=512 floor=204 high=0 low=4456 ncc=16
[AIMD] FinalizeChunkRTT: cc=0x7f62c80659a0 slot=976 inflight_before=7
[AIMD] FinalizeChunkRTT: cc=0x7f62c8065be0 slot=778 inflight_before=7
[AIMD] FinalizeChunkRTT: cc=0x7f62b8001000 slot=664 inflight_before=1
[AIMD] FinalizeChunkRTT: cc=0x7f62c0001000 slot=607 inflight_before=1
[AIMD] FinalizeChunkRTT: cc=0x7f6308002200 slot=199 inflight_before=1
a100-llm-02:1445052:1445124 [0] NCCL INFO V2MIN: pressure=0.068 (backlog=0.148 loop_delay=0.015 stretch=1.06) state=RECOVER window=512 floor=204 high=0 low=8777 ncc=16
[AIMD] FinalizeChunkRTT: cc=0x7f6308018520 slot=21 inflight_before=1
[AIMD] FinalizeChunkRTT: cc=0x7f62d0017320 slot=795 inflight_before=1
[AIMD] FinalizeChunkRTT: cc=0x7f62c4163650 slot=327 inflight_before=6
[AIMD] FinalizeChunkRTT: cc=0x7f62c0001000 slot=978 inflight_before=1
[AIMD] FinalizeChunkRTT: cc=0x7f62b8017320 slot=596 inflight_before=1
a100-llm-02:1445052:1445124 [0] NCCL INFO V2MIN: pressure=0.300 (backlog=0.727 loop_delay=0.015 stretch=1.06) state=RECOVER window=512 floor=204 high=0 low=1883 ncc=16
[AIMD] FinalizeChunkRTT: cc=0x7f62c4163650 slot=530 inflight_before=3
[AIMD] FinalizeChunkRTT: cc=0x7f62b4065420 slot=468 inflight_before=1
[AIMD] FinalizeChunkRTT: cc=0x7f62bc066c40 slot=123 inflight_before=2
[AIMD] FinalizeChunkRTT: cc=0x7f6308002200 slot=182 inflight_before=1
CSV written to: timeline_results_v3/bench_latency_20260406_220818.csv

========================================
  Oracle Experiment Results
========================================
Config: nDev=8  count=1048576  data=4.19 MB  iters=1000
NCCL_AIMD_ENABLE=1  NCCL_CC_ORACLE_FACTOR=(unset)

Wall-clock latency (us):
  mean= 16346.5  stddev= 12453.1
  p50 = 15658.8  p99   = 58557.9  max= 68050.4

Collective max GPU latency (us):
  mean= 16289.1  stddev= 12406.3
  p50 = 15638.5  p99   = 58525.8  max= 66857.0

Rank skew (us):
  mean=  1264.0  stddev=  2748.3
  p50 =   170.5  p99   = 13041.4  max= 18868.2

Avg algo bandwidth: 0.45 GB/s
========================================

