a100-llm-05:3991937:3992152 [6] NCCL INFO Connected to proxy localRank 0 -> connection 0x7f0204001118
a100-llm-05:3991937:3992152 [6] NCCL INFO Channel 01/0 : 5[5] -> 6[6] [receive] via NET/IB/12/GDRDMA
a100-llm-05:3991937:3992152 [6] NCCL INFO GPU Direct RDMA Enabled for GPU/0-1044560 (rank 6) - NET/0-12 (distance 5 <= 6, read 1, mode Default)
a100-llm-05:3991937:3992149 [6] NCCL INFO New proxy send connection 2 from local rank 0, transport 2
a100-llm-05:3991937:3992152 [6] NCCL INFO Connected to proxy localRank 0 -> connection 0x7f0204001190
a100-llm-05:3991937:3992152 [6] NCCL INFO Channel 00/0 : 6[6] -> 7[7] [send] via NET/IB/12/GDRDMA
a100-llm-05:3991937:3992152 [6] NCCL INFO GPU Direct RDMA Enabled for GPU/0-1044560 (rank 6) - NET/0-12 (distance 5 <= 6, read 1, mode Default)
a100-llm-05:3991937:3992149 [6] NCCL INFO New proxy send connection 3 from local rank 0, transport 2
a100-llm-05:3991937:3992152 [6] NCCL INFO Connected to proxy localRank 0 -> connection 0x7f0204001208
a100-llm-05:3991937:3992152 [6] NCCL INFO Channel 01/0 : 6[6] -> 7[7] [send] via NET/IB/12/GDRDMA
a100-llm-05:3991937:3992147 [2] NCCL INFO New proxy recv connection 0 from local rank 0, transport 2
a100-llm-05:3991937:3992156 [2] NCCL INFO Connected to proxy localRank 0 -> connection 0x7f02080010a0
a100-llm-05:3991937:3992156 [2] NCCL INFO Channel 00/0 : 1[1] -> 2[2] [receive] via NET/IB/10/GDRDMA
a100-llm-05:3991937:3992156 [2] NCCL INFO GPU Direct RDMA Enabled for GPU/0-1028176 (rank 2) - NET/0-10 (distance 5 <= 6, read 0, mode Default)
a100-llm-05:3991937:3992147 [2] NCCL INFO New proxy recv connection 1 from local rank 0, transport 2
a100-llm-05:3991937:3992156 [2] NCCL INFO Connected to proxy localRank 0 -> connection 0x7f0208001118
a100-llm-05:3991937:3992144 [1] NCCL INFO New proxy recv connection 0 from local rank 0, transport 2
a100-llm-05:3991937:3992156 [2] NCCL INFO Channel 01/0 : 1[1] -> 2[2] [receive] via NET/IB/10/GDRDMA
a100-llm-05:3991937:3992156 [2] NCCL INFO GPU Direct RDMA Enabled for GPU/0-1028176 (rank 2) - NET/0-10 (distance 5 <= 6, read 1, mode Default)
a100-llm-05:3991937:3992143 [7] NCCL INFO New proxy recv connection 0 from local rank 0, transport 2
a100-llm-05:3991937:3992147 [2] NCCL INFO New proxy send connection 2 from local rank 0, transport 2
a100-llm-05:3991937:3992151 [7] NCCL INFO Connected to proxy localRank 0 -> connection 0x7f021c000d10
a100-llm-05:3991937:3992157 [1] NCCL INFO Connected to proxy localRank 0 -> connection 0x7f0210000d10
a100-llm-05:3991937:3992157 [1] NCCL INFO Channel 00/0 : 0[0] -> 1[1] [receive] via NET/IB/9/GDRDMA
a100-llm-05:3991937:3992157 [1] NCCL INFO GPU Direct RDMA Enabled for GPU/0-1020000 (rank 1) - NET/0-9 (distance 5 <= 6, read 0, mode Default)
a100-llm-05:3991937:3992144 [1] NCCL INFO New proxy recv connection 1 from local rank 0, transport 2
a100-llm-05:3991937:3992156 [2] NCCL INFO Connected to proxy localRank 0 -> connection 0x7f0208001190
a100-llm-05:3991937:3992135 [3] NCCL INFO New proxy recv connection 0 from local rank 0, transport 2
a100-llm-05:3991937:3992157 [1] NCCL INFO Connected to proxy localRank 0 -> connection 0x7f0210000d88
a100-llm-05:3991937:3992156 [2] NCCL INFO Channel 00/0 : 2[2] -> 3[3] [send] via NET/IB/10/GDRDMA
a100-llm-05:3991937:3992156 [2] NCCL INFO GPU Direct RDMA Enabled for GPU/0-1028176 (rank 2) - NET/0-10 (distance 5 <= 6, read 1, mode Default)
a100-llm-05:3991937:3992151 [7] NCCL INFO Channel 00/0 : 6[6] -> 7[7] [receive] via NET/IB/12/GDRDMA
a100-llm-05:3991937:3992141 [0] NCCL INFO New proxy recv connection 0 from local rank 0, transport 2
a100-llm-05:3991937:3992151 [7] NCCL INFO GPU Direct RDMA Enabled for GPU/0-1044576 (rank 7) - NET/0-12 (distance 5 <= 6, read 0, mode Default)
a100-llm-05:3991937:3992155 [3] NCCL INFO Connected to proxy localRank 0 -> connection 0x7f0240c593a0
a100-llm-05:3991937:3992139 [5] NCCL INFO New proxy recv connection 0 from local rank 0, transport 2
a100-llm-05:3991937:3992158 [0] NCCL INFO Connected to proxy localRank 0 -> connection 0x7f0234000d10
a100-llm-05:3991937:3992137 [4] NCCL INFO New proxy recv connection 0 from local rank 0, transport 2
a100-llm-05:3991937:3992147 [2] NCCL INFO New proxy send connection 3 from local rank 0, transport 2
a100-llm-05:3991937:3992157 [1] NCCL INFO Channel 01/0 : 0[0] -> 1[1] [receive] via NET/IB/9/GDRDMA
a100-llm-05:3991937:3992157 [1] NCCL INFO GPU Direct RDMA Enabled for GPU/0-1020000 (rank 1) - NET/0-9 (distance 5 <= 6, read 1, mode Default)
a100-llm-05:3991937:3992144 [1] NCCL INFO New proxy send connection 2 from local rank 0, transport 2
a100-llm-05:3991937:3992156 [2] NCCL INFO Connected to proxy localRank 0 -> connection 0x7f0208001208
a100-llm-05:3991937:3992155 [3] NCCL INFO Channel 00/0 : 2[2] -> 3[3] [receive] via NET/IB/10/GDRDMA
a100-llm-05:3991937:3992155 [3] NCCL INFO GPU Direct RDMA Enabled for GPU/0-1028192 (rank 3) - NET/0-10 (distance 5 <= 6, read 0, mode Default)
a100-llm-05:3991937:3992135 [3] NCCL INFO New proxy recv connection 1 from local rank 0, transport 2
a100-llm-05:3991937:3992155 [3] NCCL INFO Connected to proxy localRank 0 -> connection 0x7f0240c59418
a100-llm-05:3991937:3992155 [3] NCCL INFO Channel 01/0 : 2[2] -> 3[3] [receive] via NET/IB/10/GDRDMA
a100-llm-05:3991937:3992155 [3] NCCL INFO GPU Direct RDMA Enabled for GPU/0-1028192 (rank 3) - NET/0-10 (distance 5 <= 6, read 1, mode Default)
a100-llm-05:3991937:3992135 [3] NCCL INFO New proxy send connection 2 from local rank 0, transport 2
a100-llm-05:3991937:3992155 [3] NCCL INFO Connected to proxy localRank 0 -> connection 0x7f0240c59490
a100-llm-05:3991937:3992155 [3] NCCL INFO Channel 00/0 : 3[3] -> 4[4] [send] via NET/IB/10/GDRDMA
a100-llm-05:3991937:3992155 [3] NCCL INFO GPU Direct RDMA Enabled for GPU/0-1028192 (rank 3) - NET/0-10 (distance 5 <= 6, read 1, mode Default)
a100-llm-05:3991937:3992135 [3] NCCL INFO New proxy send connection 3 from local rank 0, transport 2
a100-llm-05:3991937:3992155 [3] NCCL INFO Connected to proxy localRank 0 -> connection 0x7f0240c59508
a100-llm-05:3991937:3992155 [3] NCCL INFO Channel 01/0 : 3[3] -> 4[4] [send] via NET/IB/10/GDRDMA
a100-llm-05:3991937:3992157 [1] NCCL INFO Connected to proxy localRank 0 -> connection 0x7f0210000e00
a100-llm-05:3991937:3992156 [2] NCCL INFO Channel 01/0 : 2[2] -> 3[3] [send] via NET/IB/10/GDRDMA
a100-llm-05:3991937:3992154 [4] NCCL INFO Connected to proxy localRank 0 -> connection 0x7f0218000d10
a100-llm-05:3991937:3992157 [1] NCCL INFO Channel 00/0 : 1[1] -> 2[2] [send] via NET/IB/9/GDRDMA
a100-llm-05:3991937:3992157 [1] NCCL INFO GPU Direct RDMA Enabled for GPU/0-1020000 (rank 1) - NET/0-9 (distance 5 <= 6, read 1, mode Default)
a100-llm-05:3991937:3992143 [7] NCCL INFO New proxy recv connection 1 from local rank 0, transport 2
a100-llm-05:3991937:3992151 [7] NCCL INFO Connected to proxy localRank 0 -> connection 0x7f021c000d88
a100-llm-05:3991937:3992153 [5] NCCL INFO Connected to proxy localRank 0 -> connection 0x7f0220000d10
a100-llm-05:3991937:3992154 [4] NCCL INFO Channel 00/0 : 3[3] -> 4[4] [receive] via NET/IB/11/GDRDMA
a100-llm-05:3991937:3992154 [4] NCCL INFO GPU Direct RDMA Enabled for GPU/0-1036368 (rank 4) - NET/0-11 (distance 5 <= 6, read 0, mode Default)
a100-llm-05:3991937:3992137 [4] NCCL INFO New proxy recv connection 1 from local rank 0, transport 2
a100-llm-05:3991937:3992154 [4] NCCL INFO Connected to proxy localRank 0 -> connection 0x7f0218000d88
a100-llm-05:3991937:3992154 [4] NCCL INFO Channel 01/0 : 3[3] -> 4[4] [receive] via NET/IB/11/GDRDMA
a100-llm-05:3991937:3992154 [4] NCCL INFO GPU Direct RDMA Enabled for GPU/0-1036368 (rank 4) - NET/0-11 (distance 5 <= 6, read 1, mode Default)
a100-llm-05:3991937:3992137 [4] NCCL INFO New proxy send connection 2 from local rank 0, transport 2
a100-llm-05:3991937:3992154 [4] NCCL INFO Connected to proxy localRank 0 -> connection 0x7f0218000e00
a100-llm-05:3991937:3992154 [4] NCCL INFO Channel 00/0 : 4[4] -> 5[5] [send] via NET/IB/11/GDRDMA
a100-llm-05:3991937:3992154 [4] NCCL INFO GPU Direct RDMA Enabled for GPU/0-1036368 (rank 4) - NET/0-11 (distance 5 <= 6, read 1, mode Default)
a100-llm-05:3991937:3992137 [4] NCCL INFO New proxy send connection 3 from local rank 0, transport 2
a100-llm-05:3991937:3992154 [4] NCCL INFO Connected to proxy localRank 0 -> connection 0x7f0218000e78
a100-llm-05:3991937:3992154 [4] NCCL INFO Channel 01/0 : 4[4] -> 5[5] [send] via NET/IB/11/GDRDMA
a100-llm-05:3991937:3992144 [1] NCCL INFO New proxy send connection 3 from local rank 0, transport 2
a100-llm-05:3991937:3992157 [1] NCCL INFO Connected to proxy localRank 0 -> connection 0x7f0210000e78
a100-llm-05:3991937:3992157 [1] NCCL INFO Channel 01/0 : 1[1] -> 2[2] [send] via NET/IB/9/GDRDMA
a100-llm-05:3991937:3992158 [0] NCCL INFO Channel 00/0 : 7[7] -> 0[0] [receive] via NET/IB/9/GDRDMA
a100-llm-05:3991937:3992158 [0] NCCL INFO GPU Direct RDMA Enabled for GPU/0-1019984 (rank 0) - NET/0-9 (distance 5 <= 6, read 0, mode Default)
a100-llm-05:3991937:3992151 [7] NCCL INFO Channel 01/0 : 6[6] -> 7[7] [receive] via NET/IB/12/GDRDMA
a100-llm-05:3991937:3992151 [7] NCCL INFO GPU Direct RDMA Enabled for GPU/0-1044576 (rank 7) - NET/0-12 (distance 5 <= 6, read 1, mode Default)
a100-llm-05:3991937:3992147 [2] NCCL INFO NET/IB: NCCL Dev 10 IbDev 3 Port 1 qpn 1204 mtu 5 GID 3 (0/220D13C6FFFF0000) ctsFifoRkey=0x45553 ctsFifoLkey=0x45553
a100-llm-05:3991937:3992147 [2] NCCL INFO NET/IB: IbDev 3 Port 1 qpn 1204 query_ece={supported=1, vendor_id=0x15b3, options=0x30000000, comp_mask=0x0}
a100-llm-05:3991937:3992147 [2] NCCL INFO NET/IB: NCCL Dev 10 IbDev 4 Port 1 qpn 948 mtu 5 GID 3 (0/422613C6FFFF0000) ctsFifoRkey=0x9957 ctsFifoLkey=0x9957
a100-llm-05:3991937:3992147 [2] NCCL INFO NET/IB: IbDev 4 Port 1 qpn 948 query_ece={supported=1, vendor_id=0x15b3, options=0x30000000, comp_mask=0x0}
a100-llm-05:3991937:3992147 [2] NCCL INFO NET/IB: IbDev 3 Port 1 qpn 1204 set_ece={supported=1, vendor_id=0x15b3, options=0x30000000, comp_mask=0x0}
a100-llm-05:3991937:3992143 [7] NCCL INFO New proxy send connection 2 from local rank 0, transport 2
a100-llm-05:3991937:3992153 [5] NCCL INFO Channel 00/0 : 4[4] -> 5[5] [receive] via NET/IB/11/GDRDMA
a100-llm-05:3991937:3992153 [5] NCCL INFO GPU Direct RDMA Enabled for GPU/0-1036384 (rank 5) - NET/0-11 (distance 5 <= 6, read 0, mode Default)
a100-llm-05:3991937:3992151 [7] NCCL INFO Connected to proxy localRank 0 -> connection 0x7f021c000e00
a100-llm-05:3991937:3992139 [5] NCCL INFO New proxy recv connection 1 from local rank 0, transport 2
a100-llm-05:3991937:3992153 [5] NCCL INFO Connected to proxy localRank 0 -> connection 0x7f0220000d88
a100-llm-05:3991937:3992153 [5] NCCL INFO Channel 01/0 : 4[4] -> 5[5] [receive] via NET/IB/11/GDRDMA
a100-llm-05:3991937:3992153 [5] NCCL INFO GPU Direct RDMA Enabled for GPU/0-1036384 (rank 5) - NET/0-11 (distance 5 <= 6, read 1, mode Default)
a100-llm-05:3991937:3992139 [5] NCCL INFO New proxy send connection 2 from local rank 0, transport 2
a100-llm-05:3991937:3992153 [5] NCCL INFO Connected to proxy localRank 0 -> connection 0x7f0220000e00
a100-llm-05:3991937:3992153 [5] NCCL INFO Channel 00/0 : 5[5] -> 6[6] [send] via NET/IB/11/GDRDMA
a100-llm-05:3991937:3992153 [5] NCCL INFO GPU Direct RDMA Enabled for GPU/0-1036384 (rank 5) - NET/0-11 (distance 5 <= 6, read 1, mode Default)
a100-llm-05:3991937:3992139 [5] NCCL INFO New proxy send connection 3 from local rank 0, transport 2
a100-llm-05:3991937:3992153 [5] NCCL INFO Connected to proxy localRank 0 -> connection 0x7f0220000e78
a100-llm-05:3991937:3992153 [5] NCCL INFO Channel 01/0 : 5[5] -> 6[6] [send] via NET/IB/11/GDRDMA
a100-llm-05:3991937:3992147 [2] NCCL INFO NET/IB: IbDev 4 Port 1 qpn 948 set_ece={supported=1, vendor_id=0x15b3, options=0x30000000, comp_mask=0x0}
a100-llm-05:3991937:3992141 [0] NCCL INFO New proxy recv connection 1 from local rank 0, transport 2
a100-llm-05:3991937:3992147 [2] NCCL INFO NET/IB: NCCL Dev 10 IbDev 3 Port 1 qpn 1207 mtu 5 GID 3 (0/220D13C6FFFF0000) ctsFifoRkey=0x4393c ctsFifoLkey=0x4393c
a100-llm-05:3991937:3992147 [2] NCCL INFO NET/IB: IbDev 3 Port 1 qpn 1207 query_ece={supported=1, vendor_id=0x15b3, options=0x30000000, comp_mask=0x0}
a100-llm-05:3991937:3992147 [2] NCCL INFO NET/IB: NCCL Dev 10 IbDev 4 Port 1 qpn 951 mtu 5 GID 3 (0/422613C6FFFF0000) ctsFifoRkey=0x7c39 ctsFifoLkey=0x7c39
a100-llm-05:3991937:3992147 [2] NCCL INFO NET/IB: IbDev 4 Port 1 qpn 951 query_ece={supported=1, vendor_id=0x15b3, options=0x30000000, comp_mask=0x0}
a100-llm-05:3991937:3992135 [3] NCCL INFO NET/IB: NCCL Dev 10 IbDev 3 Port 1 qpn 1208 mtu 5 GID 3 (0/220D13C6FFFF0000) ctsFifoRkey=0x41f1d ctsFifoLkey=0x41f1d
a100-llm-05:3991937:3992135 [3] NCCL INFO NET/IB: IbDev 3 Port 1 qpn 1208 query_ece={supported=1, vendor_id=0x15b3, options=0x30000000, comp_mask=0x0}
a100-llm-05:3991937:3992135 [3] NCCL INFO NET/IB: NCCL Dev 10 IbDev 4 Port 1 qpn 952 mtu 5 GID 3 (0/422613C6FFFF0000) ctsFifoRkey=0x5f20 ctsFifoLkey=0x5f20
a100-llm-05:3991937:3992135 [3] NCCL INFO NET/IB: IbDev 4 Port 1 qpn 952 query_ece={supported=1, vendor_id=0x15b3, options=0x30000000, comp_mask=0x0}
a100-llm-05:3991937:3992158 [0] NCCL INFO Connected to proxy localRank 0 -> connection 0x7f0234000d88
a100-llm-05:3991937:3992135 [3] NCCL INFO NET/IB: NCCL Dev 10 IbDev 3 Port 1 qpn 1211 mtu 5 GID 3 (0/220D13C6FFFF0000) ctsFifoRkey=0x4d7d6 ctsFifoLkey=0x4d7d6
a100-llm-05:3991937:3992135 [3] NCCL INFO NET/IB: IbDev 3 Port 1 qpn 1211 query_ece={supported=1, vendor_id=0x15b3, options=0x30000000, comp_mask=0x0}
a100-llm-05:3991937:3992135 [3] NCCL INFO NET/IB: NCCL Dev 10 IbDev 4 Port 1 qpn 955 mtu 5 GID 3 (0/422613C6FFFF0000) ctsFifoRkey=0x121e0 ctsFifoLkey=0x121e0
a100-llm-05:3991937:3992135 [3] NCCL INFO NET/IB: IbDev 4 Port 1 qpn 955 query_ece={supported=1, vendor_id=0x15b3, options=0x30000000, comp_mask=0x0}
a100-llm-05:3991937:3992135 [3] NCCL INFO NET/IB: IbDev 3 Port 1 qpn 1208 set_ece={supported=1, vendor_id=0x15b3, options=0x30000000, comp_mask=0x0}
a100-llm-05:3991937:3992135 [3] NCCL INFO NET/IB: IbDev 4 Port 1 qpn 952 set_ece={supported=1, vendor_id=0x15b3, options=0x30000000, comp_mask=0x0}
a100-llm-05:3991937:3992147 [2] NCCL INFO NET/IB: IbDev 3 Port 1 qpn 1207 set_ece={supported=1, vendor_id=0x15b3, options=0x30000000, comp_mask=0x0}
a100-llm-05:3991937:3992137 [4] NCCL INFO NET/IB: NCCL Dev 11 IbDev 5 Port 1 qpn 1206 mtu 5 GID 3 (0/520113C6FFFF0000) ctsFifoRkey=0x4221a ctsFifoLkey=0x4221a
a100-llm-05:3991937:3992137 [4] NCCL INFO NET/IB: IbDev 5 Port 1 qpn 1206 query_ece={supported=1, vendor_id=0x15b3, options=0x30000000, comp_mask=0x0}
a100-llm-05:3991937:3992137 [4] NCCL INFO NET/IB: NCCL Dev 11 IbDev 6 Port 1 qpn 950 mtu 5 GID 3 (0/B90713C6FFFF0000) ctsFifoRkey=0x5917 ctsFifoLkey=0x5917
a100-llm-05:3991937:3992137 [4] NCCL INFO NET/IB: IbDev 6 Port 1 qpn 950 query_ece={supported=1, vendor_id=0x15b3, options=0x30000000, comp_mask=0x0}
a100-llm-05:3991937:3992151 [7] NCCL INFO Channel 00/0 : 7[7] -> 0[0] [send] via NET/IB/12/GDRDMA
a100-llm-05:3991937:3992151 [7] NCCL INFO GPU Direct RDMA Enabled for GPU/0-1044576 (rank 7) - NET/0-12 (distance 5 <= 6, read 1, mode Default)
a100-llm-05:3991937:3992147 [2] NCCL INFO NET/IB: IbDev 4 Port 1 qpn 951 set_ece={supported=1, vendor_id=0x15b3, options=0x30000000, comp_mask=0x0}
a100-llm-05:3991937:3992137 [4] NCCL INFO NET/IB: NCCL Dev 11 IbDev 5 Port 1 qpn 1209 mtu 5 GID 3 (0/520113C6FFFF0000) ctsFifoRkey=0x4d2d1 ctsFifoLkey=0x4d2d1
a100-llm-05:3991937:3992137 [4] NCCL INFO NET/IB: IbDev 5 Port 1 qpn 1209 query_ece={supported=1, vendor_id=0x15b3, options=0x30000000, comp_mask=0x0}
a100-llm-05:3991937:3992137 [4] NCCL INFO NET/IB: NCCL Dev 11 IbDev 6 Port 1 qpn 953 mtu 5 GID 3 (0/B90713C6FFFF0000) ctsFifoRkey=0x104c4 ctsFifoLkey=0x104c4
a100-llm-05:3991937:3992137 [4] NCCL INFO NET/IB: IbDev 6 Port 1 qpn 953 query_ece={supported=1, vendor_id=0x15b3, options=0x30000000, comp_mask=0x0}
a100-llm-05:3991937:3992135 [3] NCCL INFO NET/IB: IbDev 3 Port 1 qpn 1211 set_ece={supported=1, vendor_id=0x15b3, options=0x30000000, comp_mask=0x0}
a100-llm-05:3991937:3992135 [3] NCCL INFO NET/IB: IbDev 4 Port 1 qpn 955 set_ece={supported=1, vendor_id=0x15b3, options=0x30000000, comp_mask=0x0}
a100-llm-05:3991937:3992143 [7] NCCL INFO New proxy send connection 3 from local rank 0, transport 2
a100-llm-05:3991937:3992151 [7] NCCL INFO Connected to proxy localRank 0 -> connection 0x7f021c000e78
a100-llm-05:3991937:3992137 [4] NCCL INFO NET/IB: IbDev 5 Port 1 qpn 1206 set_ece={supported=1, vendor_id=0x15b3, options=0x30000000, comp_mask=0x0}
a100-llm-05:3991937:3992137 [4] NCCL INFO NET/IB: IbDev 6 Port 1 qpn 950 set_ece={supported=1, vendor_id=0x15b3, options=0x30000000, comp_mask=0x0}
a100-llm-05:3991937:3992151 [7] NCCL INFO Channel 01/0 : 7[7] -> 0[0] [send] via NET/IB/12/GDRDMA
a100-llm-05:3991937:3992137 [4] NCCL INFO NET/IB: IbDev 5 Port 1 qpn 1209 set_ece={supported=1, vendor_id=0x15b3, options=0x30000000, comp_mask=0x0}
a100-llm-05:3991937:3992137 [4] NCCL INFO NET/IB: IbDev 6 Port 1 qpn 953 set_ece={supported=1, vendor_id=0x15b3, options=0x30000000, comp_mask=0x0}
a100-llm-05:3991937:3992158 [0] NCCL INFO Channel 01/0 : 7[7] -> 0[0] [receive] via NET/IB/9/GDRDMA
a100-llm-05:3991937:3992158 [0] NCCL INFO GPU Direct RDMA Enabled for GPU/0-1019984 (rank 0) - NET/0-9 (distance 5 <= 6, read 1, mode Default)
a100-llm-05:3991937:3992139 [5] NCCL INFO NET/IB: NCCL Dev 11 IbDev 5 Port 1 qpn 1214 mtu 5 GID 3 (0/520113C6FFFF0000) ctsFifoRkey=0x4b2b1 ctsFifoLkey=0x4b2b1
a100-llm-05:3991937:3992139 [5] NCCL INFO NET/IB: IbDev 5 Port 1 qpn 1214 query_ece={supported=1, vendor_id=0x15b3, options=0x30000000, comp_mask=0x0}
a100-llm-05:3991937:3992139 [5] NCCL INFO NET/IB: NCCL Dev 11 IbDev 6 Port 1 qpn 958 mtu 5 GID 3 (0/B90713C6FFFF0000) ctsFifoRkey=0xe6a7 ctsFifoLkey=0xe6a7
a100-llm-05:3991937:3992139 [5] NCCL INFO NET/IB: IbDev 6 Port 1 qpn 958 query_ece={supported=1, vendor_id=0x15b3, options=0x30000000, comp_mask=0x0}
a100-llm-05:3991937:3992139 [5] NCCL INFO NET/IB: NCCL Dev 11 IbDev 5 Port 1 qpn 1215 mtu 5 GID 3 (0/520113C6FFFF0000) ctsFifoRkey=0x48987 ctsFifoLkey=0x48987
a100-llm-05:3991937:3992139 [5] NCCL INFO NET/IB: IbDev 5 Port 1 qpn 1215 query_ece={supported=1, vendor_id=0x15b3, options=0x30000000, comp_mask=0x0}
a100-llm-05:3991937:3992139 [5] NCCL INFO NET/IB: NCCL Dev 11 IbDev 6 Port 1 qpn 959 mtu 5 GID 3 (0/B90713C6FFFF0000) ctsFifoRkey=0xba78 ctsFifoLkey=0xba78
a100-llm-05:3991937:3992139 [5] NCCL INFO NET/IB: IbDev 6 Port 1 qpn 959 query_ece={supported=1, vendor_id=0x15b3, options=0x30000000, comp_mask=0x0}
a100-llm-05:3991937:3992141 [0] NCCL INFO New proxy send connection 2 from local rank 0, transport 2
a100-llm-05:3991937:3992158 [0] NCCL INFO Connected to proxy localRank 0 -> connection 0x7f0234000e00
a100-llm-05:3991937:3992139 [5] NCCL INFO NET/IB: IbDev 5 Port 1 qpn 1214 set_ece={supported=1, vendor_id=0x15b3, options=0x30000000, comp_mask=0x0}
a100-llm-05:3991937:3992139 [5] NCCL INFO NET/IB: IbDev 6 Port 1 qpn 958 set_ece={supported=1, vendor_id=0x15b3, options=0x30000000, comp_mask=0x0}
a100-llm-05:3991937:3992139 [5] NCCL INFO NET/IB: IbDev 5 Port 1 qpn 1215 set_ece={supported=1, vendor_id=0x15b3, options=0x30000000, comp_mask=0x0}
a100-llm-05:3991937:3992158 [0] NCCL INFO Channel 00/0 : 0[0] -> 1[1] [send] via NET/IB/9/GDRDMA
a100-llm-05:3991937:3992158 [0] NCCL INFO GPU Direct RDMA Enabled for GPU/0-1019984 (rank 0) - NET/0-9 (distance 5 <= 6, read 1, mode Default)
a100-llm-05:3991937:3992141 [0] NCCL INFO New proxy send connection 3 from local rank 0, transport 2
a100-llm-05:3991937:3992139 [5] NCCL INFO NET/IB: IbDev 6 Port 1 qpn 959 set_ece={supported=1, vendor_id=0x15b3, options=0x30000000, comp_mask=0x0}
a100-llm-05:3991937:3992158 [0] NCCL INFO Connected to proxy localRank 0 -> connection 0x7f0234000e78
a100-llm-05:3991937:3992158 [0] NCCL INFO Channel 01/0 : 0[0] -> 1[1] [send] via NET/IB/9/GDRDMA
a100-llm-05:3991937:3992144 [1] NCCL INFO NET/IB: NCCL Dev 9 IbDev 1 Port 1 qpn 1204 mtu 5 GID 3 (0/F34413C6FFFF0000) ctsFifoRkey=0x42322 ctsFifoLkey=0x42322
a100-llm-05:3991937:3992144 [1] NCCL INFO NET/IB: IbDev 1 Port 1 qpn 1204 query_ece={supported=1, vendor_id=0x15b3, options=0x30000000, comp_mask=0x0}
a100-llm-05:3991937:3992141 [0] NCCL INFO NET/IB: NCCL Dev 9 IbDev 1 Port 1 qpn 1205 mtu 5 GID 3 (0/F34413C6FFFF0000) ctsFifoRkey=0x46867 ctsFifoLkey=0x46867
a100-llm-05:3991937:3992141 [0] NCCL INFO NET/IB: IbDev 1 Port 1 qpn 1205 query_ece={supported=1, vendor_id=0x15b3, options=0x30000000, comp_mask=0x0}
a100-llm-05:3991937:3992144 [1] NCCL INFO NET/IB: NCCL Dev 9 IbDev 2 Port 1 qpn 948 mtu 5 GID 3 (0/173F13C6FFFF0000) ctsFifoRkey=0x4c18 ctsFifoLkey=0x4c18
a100-llm-05:3991937:3992141 [0] NCCL INFO NET/IB: NCCL Dev 9 IbDev 2 Port 1 qpn 949 mtu 5 GID 3 (0/173F13C6FFFF0000) ctsFifoRkey=0x8b4b ctsFifoLkey=0x8b4b
a100-llm-05:3991937:3992141 [0] NCCL INFO NET/IB: IbDev 2 Port 1 qpn 949 query_ece={supported=1, vendor_id=0x15b3, options=0x30000000, comp_mask=0x0}
a100-llm-05:3991937:3992144 [1] NCCL INFO NET/IB: IbDev 2 Port 1 qpn 948 query_ece={supported=1, vendor_id=0x15b3, options=0x30000000, comp_mask=0x0}
a100-llm-05:3991937:3992141 [0] NCCL INFO NET/IB: NCCL Dev 9 IbDev 1 Port 1 qpn 1206 mtu 5 GID 3 (0/F34413C6FFFF0000) ctsFifoRkey=0x45857 ctsFifoLkey=0x45857
a100-llm-05:3991937:3992141 [0] NCCL INFO NET/IB: IbDev 1 Port 1 qpn 1206 query_ece={supported=1, vendor_id=0x15b3, options=0x30000000, comp_mask=0x0}
a100-llm-05:3991937:3992144 [1] NCCL INFO NET/IB: NCCL Dev 9 IbDev 1 Port 1 qpn 1207 mtu 5 GID 3 (0/F34413C6FFFF0000) ctsFifoRkey=0x44a4b ctsFifoLkey=0x44a4b
a100-llm-05:3991937:3992144 [1] NCCL INFO NET/IB: IbDev 1 Port 1 qpn 1207 query_ece={supported=1, vendor_id=0x15b3, options=0x30000000, comp_mask=0x0}
a100-llm-05:3991937:3992141 [0] NCCL INFO NET/IB: NCCL Dev 9 IbDev 2 Port 1 qpn 950 mtu 5 GID 3 (0/173F13C6FFFF0000) ctsFifoRkey=0x7c3c ctsFifoLkey=0x7c3c
a100-llm-05:3991937:3992141 [0] NCCL INFO NET/IB: IbDev 2 Port 1 qpn 950 query_ece={supported=1, vendor_id=0x15b3, options=0x30000000, comp_mask=0x0}
a100-llm-05:3991937:3992144 [1] NCCL INFO NET/IB: NCCL Dev 9 IbDev 2 Port 1 qpn 951 mtu 5 GID 3 (0/173F13C6FFFF0000) ctsFifoRkey=0x6d2c ctsFifoLkey=0x6d2c
a100-llm-05:3991937:3992144 [1] NCCL INFO NET/IB: IbDev 2 Port 1 qpn 951 query_ece={supported=1, vendor_id=0x15b3, options=0x30000000, comp_mask=0x0}
a100-llm-05:3991937:3992144 [1] NCCL INFO NET/IB: IbDev 1 Port 1 qpn 1204 set_ece={supported=1, vendor_id=0x15b3, options=0x30000000, comp_mask=0x0}
a100-llm-05:3991937:3992144 [1] NCCL INFO NET/IB: IbDev 2 Port 1 qpn 948 set_ece={supported=1, vendor_id=0x15b3, options=0x30000000, comp_mask=0x0}
a100-llm-05:3991937:3992144 [1] NCCL INFO NET/IB: IbDev 1 Port 1 qpn 1207 set_ece={supported=1, vendor_id=0x15b3, options=0x30000000, comp_mask=0x0}
a100-llm-05:3991937:3992144 [1] NCCL INFO NET/IB: IbDev 2 Port 1 qpn 951 set_ece={supported=1, vendor_id=0x15b3, options=0x30000000, comp_mask=0x0}
a100-llm-05:3991937:3992141 [0] NCCL INFO NET/IB: IbDev 1 Port 1 qpn 1205 set_ece={supported=1, vendor_id=0x15b3, options=0x30000000, comp_mask=0x0}
a100-llm-05:3991937:3992141 [0] NCCL INFO NET/IB: IbDev 2 Port 1 qpn 949 set_ece={supported=1, vendor_id=0x15b3, options=0x30000000, comp_mask=0x0}
a100-llm-05:3991937:3992141 [0] NCCL INFO NET/IB: IbDev 1 Port 1 qpn 1206 set_ece={supported=1, vendor_id=0x15b3, options=0x30000000, comp_mask=0x0}
a100-llm-05:3991937:3992141 [0] NCCL INFO NET/IB: IbDev 2 Port 1 qpn 950 set_ece={supported=1, vendor_id=0x15b3, options=0x30000000, comp_mask=0x0}
a100-llm-05:3991937:3992149 [6] NCCL INFO NET/IB: NCCL Dev 12 IbDev 7 Port 1 qpn 1208 mtu 5 GID 3 (0/4E5A13C6FFFF0000) ctsFifoRkey=0x46564 ctsFifoLkey=0x46564
a100-llm-05:3991937:3992149 [6] NCCL INFO NET/IB: IbDev 7 Port 1 qpn 1208 query_ece={supported=1, vendor_id=0x15b3, options=0x30000000, comp_mask=0x0}
a100-llm-05:3991937:3992149 [6] NCCL INFO NET/IB: NCCL Dev 12 IbDev 8 Port 1 qpn 952 mtu 5 GID 3 (0/57B013C6FFFF0000) ctsFifoRkey=0xaa68 ctsFifoLkey=0xaa68
a100-llm-05:3991937:3992149 [6] NCCL INFO NET/IB: IbDev 8 Port 1 qpn 952 query_ece={supported=1, vendor_id=0x15b3, options=0x30000000, comp_mask=0x0}
a100-llm-05:3991937:3992149 [6] NCCL INFO NET/IB: NCCL Dev 12 IbDev 7 Port 1 qpn 1209 mtu 5 GID 3 (0/4E5A13C6FFFF0000) ctsFifoRkey=0x45756 ctsFifoLkey=0x45756
a100-llm-05:3991937:3992149 [6] NCCL INFO NET/IB: IbDev 7 Port 1 qpn 1209 query_ece={supported=1, vendor_id=0x15b3, options=0x30000000, comp_mask=0x0}
a100-llm-05:3991937:3992149 [6] NCCL INFO NET/IB: NCCL Dev 12 IbDev 8 Port 1 qpn 953 mtu 5 GID 3 (0/57B013C6FFFF0000) ctsFifoRkey=0x9c5b ctsFifoLkey=0x9c5b
a100-llm-05:3991937:3992149 [6] NCCL INFO NET/IB: IbDev 8 Port 1 qpn 953 query_ece={supported=1, vendor_id=0x15b3, options=0x30000000, comp_mask=0x0}
a100-llm-05:3991937:3992143 [7] NCCL INFO NET/IB: NCCL Dev 12 IbDev 7 Port 1 qpn 1210 mtu 5 GID 3 (0/4E5A13C6FFFF0000) ctsFifoRkey=0x47272 ctsFifoLkey=0x47272
a100-llm-05:3991937:3992143 [7] NCCL INFO NET/IB: IbDev 7 Port 1 qpn 1210 query_ece={supported=1, vendor_id=0x15b3, options=0x30000000, comp_mask=0x0}
a100-llm-05:3991937:3992143 [7] NCCL INFO NET/IB: NCCL Dev 12 IbDev 8 Port 1 qpn 954 mtu 5 GID 3 (0/57B013C6FFFF0000) ctsFifoRkey=0x8f4d ctsFifoLkey=0x8f4d
a100-llm-05:3991937:3992143 [7] NCCL INFO NET/IB: IbDev 8 Port 1 qpn 954 query_ece={supported=1, vendor_id=0x15b3, options=0x30000000, comp_mask=0x0}
a100-llm-05:3991937:3992149 [6] NCCL INFO NET/IB: IbDev 7 Port 1 qpn 1208 set_ece={supported=1, vendor_id=0x15b3, options=0x30000000, comp_mask=0x0}
a100-llm-05:3991937:3992149 [6] NCCL INFO NET/IB: IbDev 8 Port 1 qpn 952 set_ece={supported=1, vendor_id=0x15b3, options=0x30000000, comp_mask=0x0}
a100-llm-05:3991937:3992143 [7] NCCL INFO NET/IB: NCCL Dev 12 IbDev 7 Port 1 qpn 1213 mtu 5 GID 3 (0/4E5A13C6FFFF0000) ctsFifoRkey=0x4201c ctsFifoLkey=0x4201c
a100-llm-05:3991937:3992143 [7] NCCL INFO NET/IB: IbDev 7 Port 1 qpn 1213 query_ece={supported=1, vendor_id=0x15b3, options=0x30000000, comp_mask=0x0}
a100-llm-05:3991937:3992143 [7] NCCL INFO NET/IB: NCCL Dev 12 IbDev 8 Port 1 qpn 957 mtu 5 GID 3 (0/57B013C6FFFF0000) ctsFifoRkey=0x6f2d ctsFifoLkey=0x6f2d
a100-llm-05:3991937:3992143 [7] NCCL INFO NET/IB: IbDev 8 Port 1 qpn 957 query_ece={supported=1, vendor_id=0x15b3, options=0x30000000, comp_mask=0x0}
a100-llm-05:3991937:3992143 [7] NCCL INFO NET/IB: IbDev 7 Port 1 qpn 1210 set_ece={supported=1, vendor_id=0x15b3, options=0x30000000, comp_mask=0x0}
a100-llm-05:3991937:3992143 [7] NCCL INFO NET/IB: IbDev 8 Port 1 qpn 954 set_ece={supported=1, vendor_id=0x15b3, options=0x30000000, comp_mask=0x0}
a100-llm-05:3991937:3992149 [6] NCCL INFO NET/IB: IbDev 7 Port 1 qpn 1209 set_ece={supported=1, vendor_id=0x15b3, options=0x30000000, comp_mask=0x0}
a100-llm-05:3991937:3992149 [6] NCCL INFO NET/IB: IbDev 8 Port 1 qpn 953 set_ece={supported=1, vendor_id=0x15b3, options=0x30000000, comp_mask=0x0}
a100-llm-05:3991937:3992143 [7] NCCL INFO NET/IB: IbDev 7 Port 1 qpn 1213 set_ece={supported=1, vendor_id=0x15b3, options=0x30000000, comp_mask=0x0}
a100-llm-05:3991937:3992143 [7] NCCL INFO NET/IB: IbDev 8 Port 1 qpn 957 set_ece={supported=1, vendor_id=0x15b3, options=0x30000000, comp_mask=0x0}
[AIMD] FinalizeChunkRTT: cc=0x7f021c0659a0 slot=0 inflight_before=1
warmup done.
[AIMD] FinalizeChunkRTT: cc=0x7f022c001000 slot=882 inflight_before=8
[AIMD] FinalizeChunkRTT: cc=0x7f0220007020 slot=600 inflight_before=1
[AIMD] FinalizeChunkRTT: cc=0x7f0230001000 slot=251 inflight_before=8
a100-llm-05:3991937:3992129 [0] NCCL INFO V2MIN: pressure=1.000 (fast=0.091 slow=0.003 dev=0.0879) state=SHRINK window=204 floor=204 high=3251 low=0 ncc=16
[AIMD] FinalizeChunkRTT: cc=0x7f0218065420 slot=1004 inflight_before=1
[AIMD] FinalizeChunkRTT: cc=0x7f0228001000 slot=708 inflight_before=1
[AIMD] FinalizeChunkRTT: cc=0x7f0228001000 slot=402 inflight_before=3
[AIMD] FinalizeChunkRTT: cc=0x7f022c001000 slot=74 inflight_before=6
[AIMD] FinalizeChunkRTT: cc=0x7f0218065420 slot=592 inflight_before=1
a100-llm-05:3991937:3992129 [0] NCCL INFO V2MIN: pressure=1.000 (fast=0.204 slow=0.003 dev=0.2008) state=SHRINK window=204 floor=204 high=7976 low=0 ncc=16
[AIMD] FinalizeChunkRTT: cc=0x7f0220006de0 slot=886 inflight_before=1
[AIMD] FinalizeChunkRTT: cc=0x7f02340659a0 slot=239 inflight_before=1
[AIMD] FinalizeChunkRTT: cc=0x7f0228017320 slot=570 inflight_before=6
[AIMD] FinalizeChunkRTT: cc=0x7f0234065be0 slot=902 inflight_before=7
[AIMD] FinalizeChunkRTT: cc=0x7f0224001000 slot=262 inflight_before=1
a100-llm-05:3991937:3992129 [0] NCCL INFO V2MIN: pressure=1.000 (fast=0.216 slow=0.003 dev=0.2132) state=SHRINK window=204 floor=204 high=12701 low=0 ncc=16
[AIMD] FinalizeChunkRTT: cc=0x7f0218065420 slot=658 inflight_before=1
[AIMD] FinalizeChunkRTT: cc=0x7f0224001000 slot=70 inflight_before=8
[AIMD] FinalizeChunkRTT: cc=0x7f021c0659a0 slot=530 inflight_before=1
[AIMD] FinalizeChunkRTT: cc=0x7f0228001000 slot=978 inflight_before=1
[AIMD] FinalizeChunkRTT: cc=0x7f0224017320 slot=388 inflight_before=1
a100-llm-05:3991937:3992129 [0] NCCL INFO V2MIN: pressure=1.000 (fast=0.119 slow=0.003 dev=0.1160) state=SHRINK window=204 floor=204 high=17424 low=0 ncc=16
[AIMD] FinalizeChunkRTT: cc=0x7f0230001000 slot=793 inflight_before=1
[AIMD] FinalizeChunkRTT: cc=0x7f021c0659a0 slot=278 inflight_before=2
[AIMD] FinalizeChunkRTT: cc=0x7f0220006de0 slot=638 inflight_before=1
[AIMD] FinalizeChunkRTT: cc=0x7f021c0659a0 slot=20 inflight_before=1
[AIMD] FinalizeChunkRTT: cc=0x7f0218065420 slot=412 inflight_before=1
a100-llm-05:3991937:3992129 [0] NCCL INFO V2MIN: pressure=1.000 (fast=0.256 slow=0.003 dev=0.2535) state=SHRINK window=204 floor=204 high=22148 low=0 ncc=16
[AIMD] FinalizeChunkRTT: cc=0x7f02340659a0 slot=901 inflight_before=1
[AIMD] FinalizeChunkRTT: cc=0x7f02340659a0 slot=638 inflight_before=8
[AIMD] FinalizeChunkRTT: cc=0x7f02340659a0 slot=325 inflight_before=1
[AIMD] FinalizeChunkRTT: cc=0x7f021c0659a0 slot=753 inflight_before=4
[AIMD] FinalizeChunkRTT: cc=0x7f021c0659a0 slot=225 inflight_before=2
CSV written to: det_v3_sweep_run3/bench_latency_20260416_203458.csv

========================================
  Oracle Experiment Results
========================================
Config: nDev=8  count=1048576  data=4.19 MB  iters=1000
NCCL_AIMD_ENABLE=1  NCCL_CC_ORACLE_FACTOR=(unset)

Wall-clock latency (us):
  mean= 27352.9  stddev= 14822.4
  p50 = 23333.2  p99   = 72074.0  max=111781.7

Collective max GPU latency (us):
  mean= 24849.7  stddev= 13263.3
  p50 = 21042.7  p99   = 67957.9  max= 75819.0

Rank skew (us):
  mean=  3643.0  stddev=  5085.2
  p50 =   392.7  p99   = 19519.2  max= 26834.9

Avg algo bandwidth: 0.27 GB/s
========================================

