a100-llm-05:3817004:3817139 [7] NCCL INFO GPU Direct RDMA Enabled for GPU/0-1044576 (rank 7) - NET/0-12 (distance 5 <= 6, read 0, mode Default)
a100-llm-05:3817004:3817143 [3] NCCL INFO Channel 00/0 : 2[2] -> 3[3] [receive] via NET/IB/10/GDRDMA
a100-llm-05:3817004:3817143 [3] NCCL INFO GPU Direct RDMA Enabled for GPU/0-1028192 (rank 3) - NET/0-10 (distance 5 <= 6, read 0, mode Default)
a100-llm-05:3817004:3817131 [3] NCCL INFO New proxy recv connection 1 from local rank 0, transport 2
a100-llm-05:3817004:3817143 [3] NCCL INFO Connected to proxy localRank 0 -> connection 0x7fd79c000d88
a100-llm-05:3817004:3817128 [7] NCCL INFO New proxy recv connection 1 from local rank 0, transport 2
a100-llm-05:3817004:3817139 [7] NCCL INFO Connected to proxy localRank 0 -> connection 0x7fd7a4000d88
a100-llm-05:3817004:3817143 [3] NCCL INFO Channel 01/0 : 2[2] -> 3[3] [receive] via NET/IB/10/GDRDMA
a100-llm-05:3817004:3817143 [3] NCCL INFO GPU Direct RDMA Enabled for GPU/0-1028192 (rank 3) - NET/0-10 (distance 5 <= 6, read 1, mode Default)
a100-llm-05:3817004:3817131 [3] NCCL INFO New proxy send connection 2 from local rank 0, transport 2
a100-llm-05:3817004:3817143 [3] NCCL INFO Connected to proxy localRank 0 -> connection 0x7fd79c000e00
a100-llm-05:3817004:3817139 [7] NCCL INFO Channel 01/0 : 6[6] -> 7[7] [receive] via NET/IB/12/GDRDMA
a100-llm-05:3817004:3817139 [7] NCCL INFO GPU Direct RDMA Enabled for GPU/0-1044576 (rank 7) - NET/0-12 (distance 5 <= 6, read 1, mode Default)
a100-llm-05:3817004:3817127 [0] NCCL INFO New proxy recv connection 0 from local rank 0, transport 2
a100-llm-05:3817004:3817128 [7] NCCL INFO New proxy send connection 2 from local rank 0, transport 2
a100-llm-05:3817004:3817139 [7] NCCL INFO Connected to proxy localRank 0 -> connection 0x7fd7a4000e00
a100-llm-05:3817004:3817143 [3] NCCL INFO Channel 00/0 : 3[3] -> 4[4] [send] via NET/IB/10/GDRDMA
a100-llm-05:3817004:3817143 [3] NCCL INFO GPU Direct RDMA Enabled for GPU/0-1028192 (rank 3) - NET/0-10 (distance 5 <= 6, read 1, mode Default)
a100-llm-05:3817004:3817131 [3] NCCL INFO New proxy send connection 3 from local rank 0, transport 2
a100-llm-05:3817004:3817146 [0] NCCL INFO Connected to proxy localRank 0 -> connection 0x7fd7a0000d10
a100-llm-05:3817004:3817139 [7] NCCL INFO Channel 00/0 : 7[7] -> 0[0] [send] via NET/IB/12/GDRDMA
a100-llm-05:3817004:3817143 [3] NCCL INFO Connected to proxy localRank 0 -> connection 0x7fd79c000e78
a100-llm-05:3817004:3817139 [7] NCCL INFO GPU Direct RDMA Enabled for GPU/0-1044576 (rank 7) - NET/0-12 (distance 5 <= 6, read 1, mode Default)
a100-llm-05:3817004:3817146 [0] NCCL INFO Channel 00/0 : 7[7] -> 0[0] [receive] via NET/IB/9/GDRDMA
a100-llm-05:3817004:3817146 [0] NCCL INFO GPU Direct RDMA Enabled for GPU/0-1019984 (rank 0) - NET/0-9 (distance 5 <= 6, read 0, mode Default)
a100-llm-05:3817004:3817143 [3] NCCL INFO Channel 01/0 : 3[3] -> 4[4] [send] via NET/IB/10/GDRDMA
a100-llm-05:3817004:3817123 [6] NCCL INFO New proxy recv connection 0 from local rank 0, transport 2
a100-llm-05:3817004:3817140 [6] NCCL INFO Connected to proxy localRank 0 -> connection 0x7fd7e4000d10
a100-llm-05:3817004:3817140 [6] NCCL INFO Channel 00/0 : 5[5] -> 6[6] [receive] via NET/IB/12/GDRDMA
a100-llm-05:3817004:3817140 [6] NCCL INFO GPU Direct RDMA Enabled for GPU/0-1044560 (rank 6) - NET/0-12 (distance 5 <= 6, read 0, mode Default)
a100-llm-05:3817004:3817123 [6] NCCL INFO New proxy recv connection 1 from local rank 0, transport 2
a100-llm-05:3817004:3817140 [6] NCCL INFO Connected to proxy localRank 0 -> connection 0x7fd7e4000d88
a100-llm-05:3817004:3817132 [1] NCCL INFO New proxy recv connection 0 from local rank 0, transport 2
a100-llm-05:3817004:3817140 [6] NCCL INFO Channel 01/0 : 5[5] -> 6[6] [receive] via NET/IB/12/GDRDMA
a100-llm-05:3817004:3817140 [6] NCCL INFO GPU Direct RDMA Enabled for GPU/0-1044560 (rank 6) - NET/0-12 (distance 5 <= 6, read 1, mode Default)
a100-llm-05:3817004:3817123 [6] NCCL INFO New proxy send connection 2 from local rank 0, transport 2
a100-llm-05:3817004:3817140 [6] NCCL INFO Connected to proxy localRank 0 -> connection 0x7fd7e4000e00
a100-llm-05:3817004:3817145 [1] NCCL INFO Connected to proxy localRank 0 -> connection 0x7fd788000d10
a100-llm-05:3817004:3817134 [5] NCCL INFO New proxy recv connection 0 from local rank 0, transport 2
a100-llm-05:3817004:3817127 [0] NCCL INFO New proxy recv connection 1 from local rank 0, transport 2
a100-llm-05:3817004:3817145 [1] NCCL INFO Channel 00/0 : 0[0] -> 1[1] [receive] via NET/IB/9/GDRDMA
a100-llm-05:3817004:3817145 [1] NCCL INFO GPU Direct RDMA Enabled for GPU/0-1020000 (rank 1) - NET/0-9 (distance 5 <= 6, read 0, mode Default)
a100-llm-05:3817004:3817132 [1] NCCL INFO New proxy recv connection 1 from local rank 0, transport 2
a100-llm-05:3817004:3817145 [1] NCCL INFO Connected to proxy localRank 0 -> connection 0x7fd788000d88
a100-llm-05:3817004:3817145 [1] NCCL INFO Channel 01/0 : 0[0] -> 1[1] [receive] via NET/IB/9/GDRDMA
a100-llm-05:3817004:3817145 [1] NCCL INFO GPU Direct RDMA Enabled for GPU/0-1020000 (rank 1) - NET/0-9 (distance 5 <= 6, read 1, mode Default)
a100-llm-05:3817004:3817132 [1] NCCL INFO New proxy send connection 2 from local rank 0, transport 2
a100-llm-05:3817004:3817145 [1] NCCL INFO Connected to proxy localRank 0 -> connection 0x7fd788000e00
a100-llm-05:3817004:3817140 [6] NCCL INFO Channel 00/0 : 6[6] -> 7[7] [send] via NET/IB/12/GDRDMA
a100-llm-05:3817004:3817140 [6] NCCL INFO GPU Direct RDMA Enabled for GPU/0-1044560 (rank 6) - NET/0-12 (distance 5 <= 6, read 1, mode Default)
a100-llm-05:3817004:3817133 [2] NCCL INFO New proxy recv connection 0 from local rank 0, transport 2
a100-llm-05:3817004:3817141 [5] NCCL INFO Connected to proxy localRank 0 -> connection 0x55c6ca447210
a100-llm-05:3817004:3817123 [6] NCCL INFO New proxy send connection 3 from local rank 0, transport 2
a100-llm-05:3817004:3817140 [6] NCCL INFO Connected to proxy localRank 0 -> connection 0x7fd7e4000e78
a100-llm-05:3817004:3817128 [7] NCCL INFO New proxy send connection 3 from local rank 0, transport 2
a100-llm-05:3817004:3817146 [0] NCCL INFO Connected to proxy localRank 0 -> connection 0x7fd7a0000d88
a100-llm-05:3817004:3817144 [2] NCCL INFO Connected to proxy localRank 0 -> connection 0x7fd7940010a0
a100-llm-05:3817004:3817141 [5] NCCL INFO Channel 00/0 : 4[4] -> 5[5] [receive] via NET/IB/11/GDRDMA
a100-llm-05:3817004:3817141 [5] NCCL INFO GPU Direct RDMA Enabled for GPU/0-1036384 (rank 5) - NET/0-11 (distance 5 <= 6, read 0, mode Default)
a100-llm-05:3817004:3817145 [1] NCCL INFO Channel 00/0 : 1[1] -> 2[2] [send] via NET/IB/9/GDRDMA
a100-llm-05:3817004:3817145 [1] NCCL INFO GPU Direct RDMA Enabled for GPU/0-1020000 (rank 1) - NET/0-9 (distance 5 <= 6, read 1, mode Default)
a100-llm-05:3817004:3817132 [1] NCCL INFO New proxy send connection 3 from local rank 0, transport 2
a100-llm-05:3817004:3817145 [1] NCCL INFO Connected to proxy localRank 0 -> connection 0x7fd788000e78
a100-llm-05:3817004:3817134 [5] NCCL INFO New proxy recv connection 1 from local rank 0, transport 2
a100-llm-05:3817004:3817141 [5] NCCL INFO Connected to proxy localRank 0 -> connection 0x55c6ca447288
a100-llm-05:3817004:3817141 [5] NCCL INFO Channel 01/0 : 4[4] -> 5[5] [receive] via NET/IB/11/GDRDMA
a100-llm-05:3817004:3817141 [5] NCCL INFO GPU Direct RDMA Enabled for GPU/0-1036384 (rank 5) - NET/0-11 (distance 5 <= 6, read 1, mode Default)
a100-llm-05:3817004:3817134 [5] NCCL INFO New proxy send connection 2 from local rank 0, transport 2
a100-llm-05:3817004:3817141 [5] NCCL INFO Connected to proxy localRank 0 -> connection 0x55c6ca447300
a100-llm-05:3817004:3817141 [5] NCCL INFO Channel 00/0 : 5[5] -> 6[6] [send] via NET/IB/11/GDRDMA
a100-llm-05:3817004:3817141 [5] NCCL INFO GPU Direct RDMA Enabled for GPU/0-1036384 (rank 5) - NET/0-11 (distance 5 <= 6, read 1, mode Default)
a100-llm-05:3817004:3817134 [5] NCCL INFO New proxy send connection 3 from local rank 0, transport 2
a100-llm-05:3817004:3817141 [5] NCCL INFO Connected to proxy localRank 0 -> connection 0x55c6ca447378
a100-llm-05:3817004:3817141 [5] NCCL INFO Channel 01/0 : 5[5] -> 6[6] [send] via NET/IB/11/GDRDMA
a100-llm-05:3817004:3817139 [7] NCCL INFO Connected to proxy localRank 0 -> connection 0x7fd7a4000e78
a100-llm-05:3817004:3817139 [7] NCCL INFO Channel 01/0 : 7[7] -> 0[0] [send] via NET/IB/12/GDRDMA
a100-llm-05:3817004:3817125 [4] NCCL INFO New proxy recv connection 0 from local rank 0, transport 2
a100-llm-05:3817004:3817140 [6] NCCL INFO Channel 01/0 : 6[6] -> 7[7] [send] via NET/IB/12/GDRDMA
a100-llm-05:3817004:3817142 [4] NCCL INFO Connected to proxy localRank 0 -> connection 0x7fd8dbf80d00
a100-llm-05:3817004:3817142 [4] NCCL INFO Channel 00/0 : 3[3] -> 4[4] [receive] via NET/IB/11/GDRDMA
a100-llm-05:3817004:3817142 [4] NCCL INFO GPU Direct RDMA Enabled for GPU/0-1036368 (rank 4) - NET/0-11 (distance 5 <= 6, read 0, mode Default)
a100-llm-05:3817004:3817145 [1] NCCL INFO Channel 01/0 : 1[1] -> 2[2] [send] via NET/IB/9/GDRDMA
a100-llm-05:3817004:3817146 [0] NCCL INFO Channel 01/0 : 7[7] -> 0[0] [receive] via NET/IB/9/GDRDMA
a100-llm-05:3817004:3817146 [0] NCCL INFO GPU Direct RDMA Enabled for GPU/0-1019984 (rank 0) - NET/0-9 (distance 5 <= 6, read 1, mode Default)
a100-llm-05:3817004:3817125 [4] NCCL INFO New proxy recv connection 1 from local rank 0, transport 2
a100-llm-05:3817004:3817144 [2] NCCL INFO Channel 00/0 : 1[1] -> 2[2] [receive] via NET/IB/10/GDRDMA
a100-llm-05:3817004:3817144 [2] NCCL INFO GPU Direct RDMA Enabled for GPU/0-1028176 (rank 2) - NET/0-10 (distance 5 <= 6, read 0, mode Default)
a100-llm-05:3817004:3817133 [2] NCCL INFO New proxy recv connection 1 from local rank 0, transport 2
a100-llm-05:3817004:3817142 [4] NCCL INFO Connected to proxy localRank 0 -> connection 0x7fd8dbf80d78
a100-llm-05:3817004:3817127 [0] NCCL INFO New proxy send connection 2 from local rank 0, transport 2
a100-llm-05:3817004:3817146 [0] NCCL INFO Connected to proxy localRank 0 -> connection 0x7fd7a0000e00
a100-llm-05:3817004:3817144 [2] NCCL INFO Connected to proxy localRank 0 -> connection 0x7fd794001118
a100-llm-05:3817004:3817142 [4] NCCL INFO Channel 01/0 : 3[3] -> 4[4] [receive] via NET/IB/11/GDRDMA
a100-llm-05:3817004:3817142 [4] NCCL INFO GPU Direct RDMA Enabled for GPU/0-1036368 (rank 4) - NET/0-11 (distance 5 <= 6, read 1, mode Default)
a100-llm-05:3817004:3817146 [0] NCCL INFO Channel 00/0 : 0[0] -> 1[1] [send] via NET/IB/9/GDRDMA
a100-llm-05:3817004:3817146 [0] NCCL INFO GPU Direct RDMA Enabled for GPU/0-1019984 (rank 0) - NET/0-9 (distance 5 <= 6, read 1, mode Default)
a100-llm-05:3817004:3817144 [2] NCCL INFO Channel 01/0 : 1[1] -> 2[2] [receive] via NET/IB/10/GDRDMA
a100-llm-05:3817004:3817144 [2] NCCL INFO GPU Direct RDMA Enabled for GPU/0-1028176 (rank 2) - NET/0-10 (distance 5 <= 6, read 1, mode Default)
a100-llm-05:3817004:3817133 [2] NCCL INFO New proxy send connection 2 from local rank 0, transport 2
a100-llm-05:3817004:3817125 [4] NCCL INFO New proxy send connection 2 from local rank 0, transport 2
a100-llm-05:3817004:3817142 [4] NCCL INFO Connected to proxy localRank 0 -> connection 0x7fd8dbf80df0
a100-llm-05:3817004:3817127 [0] NCCL INFO New proxy send connection 3 from local rank 0, transport 2
a100-llm-05:3817004:3817144 [2] NCCL INFO Connected to proxy localRank 0 -> connection 0x7fd794001190
a100-llm-05:3817004:3817146 [0] NCCL INFO Connected to proxy localRank 0 -> connection 0x7fd7a0000e78
a100-llm-05:3817004:3817146 [0] NCCL INFO Channel 01/0 : 0[0] -> 1[1] [send] via NET/IB/9/GDRDMA
a100-llm-05:3817004:3817144 [2] NCCL INFO Channel 00/0 : 2[2] -> 3[3] [send] via NET/IB/10/GDRDMA
a100-llm-05:3817004:3817144 [2] NCCL INFO GPU Direct RDMA Enabled for GPU/0-1028176 (rank 2) - NET/0-10 (distance 5 <= 6, read 1, mode Default)
a100-llm-05:3817004:3817133 [2] NCCL INFO New proxy send connection 3 from local rank 0, transport 2
a100-llm-05:3817004:3817142 [4] NCCL INFO Channel 00/0 : 4[4] -> 5[5] [send] via NET/IB/11/GDRDMA
a100-llm-05:3817004:3817142 [4] NCCL INFO GPU Direct RDMA Enabled for GPU/0-1036368 (rank 4) - NET/0-11 (distance 5 <= 6, read 1, mode Default)
a100-llm-05:3817004:3817144 [2] NCCL INFO Connected to proxy localRank 0 -> connection 0x7fd794001208
a100-llm-05:3817004:3817125 [4] NCCL INFO New proxy send connection 3 from local rank 0, transport 2
a100-llm-05:3817004:3817142 [4] NCCL INFO Connected to proxy localRank 0 -> connection 0x7fd8dbf80e68
a100-llm-05:3817004:3817144 [2] NCCL INFO Channel 01/0 : 2[2] -> 3[3] [send] via NET/IB/10/GDRDMA
a100-llm-05:3817004:3817142 [4] NCCL INFO Channel 01/0 : 4[4] -> 5[5] [send] via NET/IB/11/GDRDMA
a100-llm-05:3817004:3817123 [6] NCCL INFO NET/IB: NCCL Dev 12 IbDev 7 Port 1 qpn 796 mtu 5 GID 3 (0/4E5A13C6FFFF0000) ctsFifoRkey=0xf3e3d ctsFifoLkey=0xf3e3d
a100-llm-05:3817004:3817123 [6] NCCL INFO NET/IB: IbDev 7 Port 1 qpn 796 query_ece={supported=1, vendor_id=0x15b3, options=0x30000000, comp_mask=0x0}
a100-llm-05:3817004:3817128 [7] NCCL INFO NET/IB: NCCL Dev 12 IbDev 7 Port 1 qpn 797 mtu 5 GID 3 (0/4E5A13C6FFFF0000) ctsFifoRkey=0xf4948 ctsFifoLkey=0xf4948
a100-llm-05:3817004:3817128 [7] NCCL INFO NET/IB: IbDev 7 Port 1 qpn 797 query_ece={supported=1, vendor_id=0x15b3, options=0x30000000, comp_mask=0x0}
a100-llm-05:3817004:3817123 [6] NCCL INFO NET/IB: NCCL Dev 12 IbDev 8 Port 1 qpn 540 mtu 5 GID 3 (0/57B013C6FFFF0000) ctsFifoRkey=0xb8d4c ctsFifoLkey=0xb8d4c
a100-llm-05:3817004:3817123 [6] NCCL INFO NET/IB: IbDev 8 Port 1 qpn 540 query_ece={supported=1, vendor_id=0x15b3, options=0x30000000, comp_mask=0x0}
a100-llm-05:3817004:3817128 [7] NCCL INFO NET/IB: NCCL Dev 12 IbDev 8 Port 1 qpn 541 mtu 5 GID 3 (0/57B013C6FFFF0000) ctsFifoRkey=0xb9958 ctsFifoLkey=0xb9958
a100-llm-05:3817004:3817128 [7] NCCL INFO NET/IB: IbDev 8 Port 1 qpn 541 query_ece={supported=1, vendor_id=0x15b3, options=0x30000000, comp_mask=0x0}
a100-llm-05:3817004:3817123 [6] NCCL INFO NET/IB: NCCL Dev 12 IbDev 7 Port 1 qpn 798 mtu 5 GID 3 (0/4E5A13C6FFFF0000) ctsFifoRkey=0xf5554 ctsFifoLkey=0xf5554
a100-llm-05:3817004:3817123 [6] NCCL INFO NET/IB: IbDev 7 Port 1 qpn 798 query_ece={supported=1, vendor_id=0x15b3, options=0x30000000, comp_mask=0x0}
a100-llm-05:3817004:3817128 [7] NCCL INFO NET/IB: NCCL Dev 12 IbDev 7 Port 1 qpn 801 mtu 5 GID 3 (0/4E5A13C6FFFF0000) ctsFifoRkey=0xf6d6c ctsFifoLkey=0xf6d6c
a100-llm-05:3817004:3817128 [7] NCCL INFO NET/IB: IbDev 7 Port 1 qpn 801 query_ece={supported=1, vendor_id=0x15b3, options=0x30000000, comp_mask=0x0}
a100-llm-05:3817004:3817128 [7] NCCL INFO NET/IB: NCCL Dev 12 IbDev 8 Port 1 qpn 545 mtu 5 GID 3 (0/57B013C6FFFF0000) ctsFifoRkey=0xbb170 ctsFifoLkey=0xbb170
a100-llm-05:3817004:3817128 [7] NCCL INFO NET/IB: IbDev 8 Port 1 qpn 545 query_ece={supported=1, vendor_id=0x15b3, options=0x30000000, comp_mask=0x0}
a100-llm-05:3817004:3817123 [6] NCCL INFO NET/IB: NCCL Dev 12 IbDev 8 Port 1 qpn 543 mtu 5 GID 3 (0/57B013C6FFFF0000) ctsFifoRkey=0xbb87c ctsFifoLkey=0xbb87c
a100-llm-05:3817004:3817123 [6] NCCL INFO NET/IB: IbDev 8 Port 1 qpn 543 query_ece={supported=1, vendor_id=0x15b3, options=0x30000000, comp_mask=0x0}
a100-llm-05:3817004:3817123 [6] NCCL INFO NET/IB: IbDev 7 Port 1 qpn 796 set_ece={supported=1, vendor_id=0x15b3, options=0x30000000, comp_mask=0x0}
a100-llm-05:3817004:3817123 [6] NCCL INFO NET/IB: IbDev 8 Port 1 qpn 540 set_ece={supported=1, vendor_id=0x15b3, options=0x30000000, comp_mask=0x0}
a100-llm-05:3817004:3817127 [0] NCCL INFO NET/IB: NCCL Dev 9 IbDev 1 Port 1 qpn 798 mtu 5 GID 3 (0/F34413C6FFFF0000) ctsFifoRkey=0xfa5a4 ctsFifoLkey=0xfa5a4
a100-llm-05:3817004:3817127 [0] NCCL INFO NET/IB: IbDev 1 Port 1 qpn 798 query_ece={supported=1, vendor_id=0x15b3, options=0x30000000, comp_mask=0x0}
a100-llm-05:3817004:3817127 [0] NCCL INFO NET/IB: NCCL Dev 9 IbDev 2 Port 1 qpn 542 mtu 5 GID 3 (0/173F13C6FFFF0000) ctsFifoRkey=0xbefaf ctsFifoLkey=0xbefaf
a100-llm-05:3817004:3817127 [0] NCCL INFO NET/IB: IbDev 2 Port 1 qpn 542 query_ece={supported=1, vendor_id=0x15b3, options=0x30000000, comp_mask=0x0}
a100-llm-05:3817004:3817125 [4] NCCL INFO NET/IB: NCCL Dev 11 IbDev 5 Port 1 qpn 797 mtu 5 GID 3 (0/520113C6FFFF0000) ctsFifoRkey=0xfb1b0 ctsFifoLkey=0xfb1b0
a100-llm-05:3817004:3817125 [4] NCCL INFO NET/IB: IbDev 5 Port 1 qpn 797 query_ece={supported=1, vendor_id=0x15b3, options=0x30000000, comp_mask=0x0}
a100-llm-05:3817004:3817134 [5] NCCL INFO NET/IB: NCCL Dev 11 IbDev 5 Port 1 qpn 796 mtu 5 GID 3 (0/520113C6FFFF0000) ctsFifoRkey=0xfbdbc ctsFifoLkey=0xfbdbc
a100-llm-05:3817004:3817134 [5] NCCL INFO NET/IB: IbDev 5 Port 1 qpn 796 query_ece={supported=1, vendor_id=0x15b3, options=0x30000000, comp_mask=0x0}
a100-llm-05:3817004:3817134 [5] NCCL INFO NET/IB: NCCL Dev 11 IbDev 6 Port 1 qpn 540 mtu 5 GID 3 (0/B90713C6FFFF0000) ctsFifoRkey=0xbe9a7 ctsFifoLkey=0xbe9a7
a100-llm-05:3817004:3817134 [5] NCCL INFO NET/IB: IbDev 6 Port 1 qpn 540 query_ece={supported=1, vendor_id=0x15b3, options=0x30000000, comp_mask=0x0}
a100-llm-05:3817004:3817125 [4] NCCL INFO NET/IB: NCCL Dev 11 IbDev 6 Port 1 qpn 541 mtu 5 GID 3 (0/B90713C6FFFF0000) ctsFifoRkey=0xbf7b5 ctsFifoLkey=0xbf7b5
a100-llm-05:3817004:3817125 [4] NCCL INFO NET/IB: IbDev 6 Port 1 qpn 541 query_ece={supported=1, vendor_id=0x15b3, options=0x30000000, comp_mask=0x0}
a100-llm-05:3817004:3817125 [4] NCCL INFO NET/IB: NCCL Dev 11 IbDev 5 Port 1 qpn 799 mtu 5 GID 3 (0/520113C6FFFF0000) ctsFifoRkey=0xfcac8 ctsFifoLkey=0xfcac8
a100-llm-05:3817004:3817125 [4] NCCL INFO NET/IB: IbDev 5 Port 1 qpn 799 query_ece={supported=1, vendor_id=0x15b3, options=0x30000000, comp_mask=0x0}
a100-llm-05:3817004:3817134 [5] NCCL INFO NET/IB: NCCL Dev 11 IbDev 5 Port 1 qpn 798 mtu 5 GID 3 (0/520113C6FFFF0000) ctsFifoRkey=0xfd6d5 ctsFifoLkey=0xfd6d5
a100-llm-05:3817004:3817134 [5] NCCL INFO NET/IB: IbDev 5 Port 1 qpn 798 query_ece={supported=1, vendor_id=0x15b3, options=0x30000000, comp_mask=0x0}
a100-llm-05:3817004:3817125 [4] NCCL INFO NET/IB: NCCL Dev 11 IbDev 6 Port 1 qpn 542 mtu 5 GID 3 (0/B90713C6FFFF0000) ctsFifoRkey=0xc02c1 ctsFifoLkey=0xc02c1
a100-llm-05:3817004:3817125 [4] NCCL INFO NET/IB: IbDev 6 Port 1 qpn 542 query_ece={supported=1, vendor_id=0x15b3, options=0x30000000, comp_mask=0x0}
a100-llm-05:3817004:3817134 [5] NCCL INFO NET/IB: NCCL Dev 11 IbDev 6 Port 1 qpn 543 mtu 5 GID 3 (0/B90713C6FFFF0000) ctsFifoRkey=0xc0ecd ctsFifoLkey=0xc0ecd
a100-llm-05:3817004:3817134 [5] NCCL INFO NET/IB: IbDev 6 Port 1 qpn 543 query_ece={supported=1, vendor_id=0x15b3, options=0x30000000, comp_mask=0x0}
a100-llm-05:3817004:3817128 [7] NCCL INFO NET/IB: IbDev 7 Port 1 qpn 797 set_ece={supported=1, vendor_id=0x15b3, options=0x30000000, comp_mask=0x0}
a100-llm-05:3817004:3817128 [7] NCCL INFO NET/IB: IbDev 8 Port 1 qpn 541 set_ece={supported=1, vendor_id=0x15b3, options=0x30000000, comp_mask=0x0}
a100-llm-05:3817004:3817133 [2] NCCL INFO NET/IB: NCCL Dev 10 IbDev 3 Port 1 qpn 797 mtu 5 GID 3 (0/220D13C6FFFF0000) ctsFifoRkey=0xf9291 ctsFifoLkey=0xf9291
a100-llm-05:3817004:3817133 [2] NCCL INFO NET/IB: IbDev 3 Port 1 qpn 797 query_ece={supported=1, vendor_id=0x15b3, options=0x30000000, comp_mask=0x0}
a100-llm-05:3817004:3817131 [3] NCCL INFO NET/IB: NCCL Dev 10 IbDev 3 Port 1 qpn 796 mtu 5 GID 3 (0/220D13C6FFFF0000) ctsFifoRkey=0xf9f9d ctsFifoLkey=0xf9f9d
a100-llm-05:3817004:3817131 [3] NCCL INFO NET/IB: IbDev 3 Port 1 qpn 796 query_ece={supported=1, vendor_id=0x15b3, options=0x30000000, comp_mask=0x0}
a100-llm-05:3817004:3817133 [2] NCCL INFO NET/IB: NCCL Dev 10 IbDev 4 Port 1 qpn 541 mtu 5 GID 3 (0/422613C6FFFF0000) ctsFifoRkey=0xc1edc ctsFifoLkey=0xc1edc
a100-llm-05:3817004:3817133 [2] NCCL INFO NET/IB: IbDev 4 Port 1 qpn 541 query_ece={supported=1, vendor_id=0x15b3, options=0x30000000, comp_mask=0x0}
a100-llm-05:3817004:3817131 [3] NCCL INFO NET/IB: NCCL Dev 10 IbDev 4 Port 1 qpn 540 mtu 5 GID 3 (0/422613C6FFFF0000) ctsFifoRkey=0xc2ae9 ctsFifoLkey=0xc2ae9
a100-llm-05:3817004:3817131 [3] NCCL INFO NET/IB: IbDev 4 Port 1 qpn 540 query_ece={supported=1, vendor_id=0x15b3, options=0x30000000, comp_mask=0x0}
a100-llm-05:3817004:3817132 [1] NCCL INFO NET/IB: NCCL Dev 9 IbDev 1 Port 1 qpn 801 mtu 5 GID 3 (0/F34413C6FFFF0000) ctsFifoRkey=0xfb6b5 ctsFifoLkey=0xfb6b5
a100-llm-05:3817004:3817132 [1] NCCL INFO NET/IB: IbDev 1 Port 1 qpn 801 query_ece={supported=1, vendor_id=0x15b3, options=0x30000000, comp_mask=0x0}
a100-llm-05:3817004:3817132 [1] NCCL INFO NET/IB: NCCL Dev 9 IbDev 2 Port 1 qpn 545 mtu 5 GID 3 (0/173F13C6FFFF0000) ctsFifoRkey=0xc06c5 ctsFifoLkey=0xc06c5
a100-llm-05:3817004:3817132 [1] NCCL INFO NET/IB: IbDev 2 Port 1 qpn 545 query_ece={supported=1, vendor_id=0x15b3, options=0x30000000, comp_mask=0x0}
a100-llm-05:3817004:3817123 [6] NCCL INFO NET/IB: IbDev 7 Port 1 qpn 798 set_ece={supported=1, vendor_id=0x15b3, options=0x30000000, comp_mask=0x0}
a100-llm-05:3817004:3817133 [2] NCCL INFO NET/IB: NCCL Dev 10 IbDev 3 Port 1 qpn 798 mtu 5 GID 3 (0/220D13C6FFFF0000) ctsFifoRkey=0xfb7b6 ctsFifoLkey=0xfb7b6
a100-llm-05:3817004:3817133 [2] NCCL INFO NET/IB: IbDev 3 Port 1 qpn 798 query_ece={supported=1, vendor_id=0x15b3, options=0x30000000, comp_mask=0x0}
a100-llm-05:3817004:3817123 [6] NCCL INFO NET/IB: IbDev 8 Port 1 qpn 543 set_ece={supported=1, vendor_id=0x15b3, options=0x30000000, comp_mask=0x0}
a100-llm-05:3817004:3817133 [2] NCCL INFO NET/IB: NCCL Dev 10 IbDev 4 Port 1 qpn 543 mtu 5 GID 3 (0/422613C6FFFF0000) ctsFifoRkey=0xc4200 ctsFifoLkey=0xc4200
a100-llm-05:3817004:3817133 [2] NCCL INFO NET/IB: IbDev 4 Port 1 qpn 543 query_ece={supported=1, vendor_id=0x15b3, options=0x30000000, comp_mask=0x0}
a100-llm-05:3817004:3817127 [0] NCCL INFO NET/IB: NCCL Dev 9 IbDev 1 Port 1 qpn 802 mtu 5 GID 3 (0/F34413C6FFFF0000) ctsFifoRkey=0xfc1c1 ctsFifoLkey=0xfc1c1
a100-llm-05:3817004:3817127 [0] NCCL INFO NET/IB: IbDev 1 Port 1 qpn 802 query_ece={supported=1, vendor_id=0x15b3, options=0x30000000, comp_mask=0x0}
a100-llm-05:3817004:3817127 [0] NCCL INFO NET/IB: NCCL Dev 9 IbDev 2 Port 1 qpn 546 mtu 5 GID 3 (0/173F13C6FFFF0000) ctsFifoRkey=0xc13d1 ctsFifoLkey=0xc13d1
a100-llm-05:3817004:3817127 [0] NCCL INFO NET/IB: IbDev 2 Port 1 qpn 546 query_ece={supported=1, vendor_id=0x15b3, options=0x30000000, comp_mask=0x0}
a100-llm-05:3817004:3817131 [3] NCCL INFO NET/IB: NCCL Dev 10 IbDev 3 Port 1 qpn 801 mtu 5 GID 3 (0/220D13C6FFFF0000) ctsFifoRkey=0xfc2c2 ctsFifoLkey=0xfc2c2
a100-llm-05:3817004:3817131 [3] NCCL INFO NET/IB: IbDev 3 Port 1 qpn 801 query_ece={supported=1, vendor_id=0x15b3, options=0x30000000, comp_mask=0x0}
a100-llm-05:3817004:3817131 [3] NCCL INFO NET/IB: NCCL Dev 10 IbDev 4 Port 1 qpn 545 mtu 5 GID 3 (0/422613C6FFFF0000) ctsFifoRkey=0xc4e0d ctsFifoLkey=0xc4e0d
a100-llm-05:3817004:3817131 [3] NCCL INFO NET/IB: IbDev 4 Port 1 qpn 545 query_ece={supported=1, vendor_id=0x15b3, options=0x30000000, comp_mask=0x0}
a100-llm-05:3817004:3817134 [5] NCCL INFO NET/IB: IbDev 5 Port 1 qpn 796 set_ece={supported=1, vendor_id=0x15b3, options=0x30000000, comp_mask=0x0}
a100-llm-05:3817004:3817134 [5] NCCL INFO NET/IB: IbDev 6 Port 1 qpn 540 set_ece={supported=1, vendor_id=0x15b3, options=0x30000000, comp_mask=0x0}
a100-llm-05:3817004:3817128 [7] NCCL INFO NET/IB: IbDev 7 Port 1 qpn 801 set_ece={supported=1, vendor_id=0x15b3, options=0x30000000, comp_mask=0x0}
a100-llm-05:3817004:3817128 [7] NCCL INFO NET/IB: IbDev 8 Port 1 qpn 545 set_ece={supported=1, vendor_id=0x15b3, options=0x30000000, comp_mask=0x0}
a100-llm-05:3817004:3817127 [0] NCCL INFO NET/IB: IbDev 1 Port 1 qpn 798 set_ece={supported=1, vendor_id=0x15b3, options=0x30000000, comp_mask=0x0}
a100-llm-05:3817004:3817127 [0] NCCL INFO NET/IB: IbDev 2 Port 1 qpn 542 set_ece={supported=1, vendor_id=0x15b3, options=0x30000000, comp_mask=0x0}
a100-llm-05:3817004:3817133 [2] NCCL INFO NET/IB: IbDev 3 Port 1 qpn 797 set_ece={supported=1, vendor_id=0x15b3, options=0x30000000, comp_mask=0x0}
a100-llm-05:3817004:3817132 [1] NCCL INFO NET/IB: NCCL Dev 9 IbDev 1 Port 1 qpn 805 mtu 5 GID 3 (0/F34413C6FFFF0000) ctsFifoRkey=0xfd9d8 ctsFifoLkey=0xfd9d8
a100-llm-05:3817004:3817132 [1] NCCL INFO NET/IB: IbDev 1 Port 1 qpn 805 query_ece={supported=1, vendor_id=0x15b3, options=0x30000000, comp_mask=0x0}
a100-llm-05:3817004:3817132 [1] NCCL INFO NET/IB: NCCL Dev 9 IbDev 2 Port 1 qpn 549 mtu 5 GID 3 (0/173F13C6FFFF0000) ctsFifoRkey=0xc2cea ctsFifoLkey=0xc2cea
a100-llm-05:3817004:3817132 [1] NCCL INFO NET/IB: IbDev 2 Port 1 qpn 549 query_ece={supported=1, vendor_id=0x15b3, options=0x30000000, comp_mask=0x0}
a100-llm-05:3817004:3817133 [2] NCCL INFO NET/IB: IbDev 4 Port 1 qpn 541 set_ece={supported=1, vendor_id=0x15b3, options=0x30000000, comp_mask=0x0}
a100-llm-05:3817004:3817134 [5] NCCL INFO NET/IB: IbDev 5 Port 1 qpn 798 set_ece={supported=1, vendor_id=0x15b3, options=0x30000000, comp_mask=0x0}
a100-llm-05:3817004:3817134 [5] NCCL INFO NET/IB: IbDev 6 Port 1 qpn 543 set_ece={supported=1, vendor_id=0x15b3, options=0x30000000, comp_mask=0x0}
a100-llm-05:3817004:3817131 [3] NCCL INFO NET/IB: IbDev 3 Port 1 qpn 796 set_ece={supported=1, vendor_id=0x15b3, options=0x30000000, comp_mask=0x0}
a100-llm-05:3817004:3817131 [3] NCCL INFO NET/IB: IbDev 4 Port 1 qpn 540 set_ece={supported=1, vendor_id=0x15b3, options=0x30000000, comp_mask=0x0}
a100-llm-05:3817004:3817125 [4] NCCL INFO NET/IB: IbDev 5 Port 1 qpn 797 set_ece={supported=1, vendor_id=0x15b3, options=0x30000000, comp_mask=0x0}
a100-llm-05:3817004:3817125 [4] NCCL INFO NET/IB: IbDev 6 Port 1 qpn 541 set_ece={supported=1, vendor_id=0x15b3, options=0x30000000, comp_mask=0x0}
a100-llm-05:3817004:3817132 [1] NCCL INFO NET/IB: IbDev 1 Port 1 qpn 801 set_ece={supported=1, vendor_id=0x15b3, options=0x30000000, comp_mask=0x0}
a100-llm-05:3817004:3817127 [0] NCCL INFO NET/IB: IbDev 1 Port 1 qpn 802 set_ece={supported=1, vendor_id=0x15b3, options=0x30000000, comp_mask=0x0}
a100-llm-05:3817004:3817132 [1] NCCL INFO NET/IB: IbDev 2 Port 1 qpn 545 set_ece={supported=1, vendor_id=0x15b3, options=0x30000000, comp_mask=0x0}
a100-llm-05:3817004:3817127 [0] NCCL INFO NET/IB: IbDev 2 Port 1 qpn 546 set_ece={supported=1, vendor_id=0x15b3, options=0x30000000, comp_mask=0x0}
a100-llm-05:3817004:3817133 [2] NCCL INFO NET/IB: IbDev 3 Port 1 qpn 798 set_ece={supported=1, vendor_id=0x15b3, options=0x30000000, comp_mask=0x0}
a100-llm-05:3817004:3817133 [2] NCCL INFO NET/IB: IbDev 4 Port 1 qpn 543 set_ece={supported=1, vendor_id=0x15b3, options=0x30000000, comp_mask=0x0}
a100-llm-05:3817004:3817131 [3] NCCL INFO NET/IB: IbDev 3 Port 1 qpn 801 set_ece={supported=1, vendor_id=0x15b3, options=0x30000000, comp_mask=0x0}
a100-llm-05:3817004:3817125 [4] NCCL INFO NET/IB: IbDev 5 Port 1 qpn 799 set_ece={supported=1, vendor_id=0x15b3, options=0x30000000, comp_mask=0x0}
a100-llm-05:3817004:3817131 [3] NCCL INFO NET/IB: IbDev 4 Port 1 qpn 545 set_ece={supported=1, vendor_id=0x15b3, options=0x30000000, comp_mask=0x0}
a100-llm-05:3817004:3817125 [4] NCCL INFO NET/IB: IbDev 6 Port 1 qpn 542 set_ece={supported=1, vendor_id=0x15b3, options=0x30000000, comp_mask=0x0}
a100-llm-05:3817004:3817132 [1] NCCL INFO NET/IB: IbDev 1 Port 1 qpn 805 set_ece={supported=1, vendor_id=0x15b3, options=0x30000000, comp_mask=0x0}
a100-llm-05:3817004:3817132 [1] NCCL INFO NET/IB: IbDev 2 Port 1 qpn 549 set_ece={supported=1, vendor_id=0x15b3, options=0x30000000, comp_mask=0x0}
[AIMD] FinalizeChunkRTT: cc=0x7fd798001000 slot=0 inflight_before=1
warmup done.
[AIMD] FinalizeChunkRTT: cc=0x7fd7a0006de0 slot=13 inflight_before=8
[AIMD] FinalizeChunkRTT: cc=0x7fd798001000 slot=743 inflight_before=1
[AIMD] FinalizeChunkRTT: cc=0x7fd788037420 slot=458 inflight_before=7
a100-llm-05:3817004:3817114 [0] NCCL INFO V2MIN: pressure=1.000 (fast=0.099 slow=0.001 dev=0.0975) state=SHRINK window=204 floor=204 high=2955 low=0 ncc=16
[AIMD] FinalizeChunkRTT: cc=0x7fd798001000 slot=134 inflight_before=1
[AIMD] FinalizeChunkRTT: cc=0x7fd798001000 slot=835 inflight_before=1
[AIMD] FinalizeChunkRTT: cc=0x7fd788037420 slot=496 inflight_before=8
[AIMD] FinalizeChunkRTT: cc=0x7fd7e8002200 slot=174 inflight_before=8
[AIMD] FinalizeChunkRTT: cc=0x7fd7e8002200 slot=622 inflight_before=2
a100-llm-05:3817004:3817114 [0] NCCL INFO V2MIN: pressure=1.000 (fast=0.128 slow=0.001 dev=0.1273) state=SHRINK window=204 floor=204 high=7675 low=0 ncc=16
[AIMD] FinalizeChunkRTT: cc=0x7fd798001000 slot=57 inflight_before=1
[AIMD] FinalizeChunkRTT: cc=0x7fd7a4065980 slot=561 inflight_before=1
[AIMD] FinalizeChunkRTT: cc=0x7fd7a0006de0 slot=5 inflight_before=2
[AIMD] FinalizeChunkRTT: cc=0x7fd7e8002200 slot=520 inflight_before=7
[AIMD] FinalizeChunkRTT: cc=0x7fd798001000 slot=872 inflight_before=6
a100-llm-05:3817004:3817114 [0] NCCL INFO V2MIN: pressure=1.000 (fast=0.292 slow=0.001 dev=0.2912) state=SHRINK window=204 floor=204 high=12400 low=0 ncc=16
[AIMD] FinalizeChunkRTT: cc=0x7fd7e8002200 slot=261 inflight_before=3
[AIMD] FinalizeChunkRTT: cc=0x7fd7a4065980 slot=614 inflight_before=1
[AIMD] FinalizeChunkRTT: cc=0x7fd7a4065980 slot=41 inflight_before=1
[AIMD] FinalizeChunkRTT: cc=0x7fd7a0006de0 slot=543 inflight_before=8
[AIMD] FinalizeChunkRTT: cc=0x7fd788037420 slot=9 inflight_before=5
a100-llm-05:3817004:3817114 [0] NCCL INFO V2MIN: pressure=1.000 (fast=0.120 slow=0.001 dev=0.1194) state=SHRINK window=204 floor=204 high=17124 low=0 ncc=16
[AIMD] FinalizeChunkRTT: cc=0x7fd7ac017320 slot=617 inflight_before=2
[AIMD] FinalizeChunkRTT: cc=0x7fd7a4065980 slot=420 inflight_before=2
[AIMD] FinalizeChunkRTT: cc=0x7fd798001000 slot=620 inflight_before=1
[AIMD] FinalizeChunkRTT: cc=0x7fd79c065980 slot=996 inflight_before=1
CSV written to: det_v1_baseline_run5/bench_latency_20260416_163058.csv

========================================
  Oracle Experiment Results
========================================
Config: nDev=8  count=1048576  data=4.19 MB  iters=1000
NCCL_AIMD_ENABLE=1  NCCL_CC_ORACLE_FACTOR=(unset)

Wall-clock latency (us):
  mean= 21683.4  stddev= 13498.5
  p50 = 19987.0  p99   = 64610.8  max= 79330.5

Collective max GPU latency (us):
  mean= 18728.5  stddev= 11308.4
  p50 = 19221.5  p99   = 53587.2  max= 72970.2

Rank skew (us):
  mean=  2379.8  stddev=  4156.2
  p50 =   204.3  p99   = 19015.5  max= 22588.4

Avg algo bandwidth: 0.34 GB/s
========================================

