a100-llm-05:3892548:3892679 [5] NCCL INFO New proxy recv connection 1 from local rank 0, transport 2
a100-llm-05:3892548:3892695 [5] NCCL INFO Connected to proxy localRank 0 -> connection 0x7f4888000d88
a100-llm-05:3892548:3892695 [5] NCCL INFO Channel 01/0 : 4[4] -> 5[5] [receive] via NET/IB/11/GDRDMA
a100-llm-05:3892548:3892695 [5] NCCL INFO GPU Direct RDMA Enabled for GPU/0-1036384 (rank 5) - NET/0-11 (distance 5 <= 6, read 1, mode Default)
a100-llm-05:3892548:3892679 [5] NCCL INFO New proxy send connection 2 from local rank 0, transport 2
a100-llm-05:3892548:3892695 [5] NCCL INFO Connected to proxy localRank 0 -> connection 0x7f4888000e00
a100-llm-05:3892548:3892695 [5] NCCL INFO Channel 00/0 : 5[5] -> 6[6] [send] via NET/IB/11/GDRDMA
a100-llm-05:3892548:3892695 [5] NCCL INFO GPU Direct RDMA Enabled for GPU/0-1036384 (rank 5) - NET/0-11 (distance 5 <= 6, read 1, mode Default)
a100-llm-05:3892548:3892679 [5] NCCL INFO New proxy send connection 3 from local rank 0, transport 2
a100-llm-05:3892548:3892695 [5] NCCL INFO Connected to proxy localRank 0 -> connection 0x7f4888000e78
a100-llm-05:3892548:3892695 [5] NCCL INFO Channel 01/0 : 5[5] -> 6[6] [send] via NET/IB/11/GDRDMA
a100-llm-05:3892548:3892687 [7] NCCL INFO New proxy recv connection 0 from local rank 0, transport 2
a100-llm-05:3892548:3892683 [3] NCCL INFO New proxy recv connection 0 from local rank 0, transport 2
a100-llm-05:3892548:3892690 [1] NCCL INFO New proxy recv connection 0 from local rank 0, transport 2
a100-llm-05:3892548:3892680 [6] NCCL INFO New proxy recv connection 0 from local rank 0, transport 2
a100-llm-05:3892548:3892684 [2] NCCL INFO New proxy recv connection 0 from local rank 0, transport 2
a100-llm-05:3892548:3892698 [2] NCCL INFO Connected to proxy localRank 0 -> connection 0x7f487c000d10
a100-llm-05:3892548:3892693 [7] NCCL INFO Connected to proxy localRank 0 -> connection 0x7f4870000d10
a100-llm-05:3892548:3892697 [3] NCCL INFO Connected to proxy localRank 0 -> connection 0x7f4878000d10
a100-llm-05:3892548:3892699 [1] NCCL INFO Connected to proxy localRank 0 -> connection 0x7f49a7fbd360
a100-llm-05:3892548:3892697 [3] NCCL INFO Channel 00/0 : 2[2] -> 3[3] [receive] via NET/IB/10/GDRDMA
a100-llm-05:3892548:3892697 [3] NCCL INFO GPU Direct RDMA Enabled for GPU/0-1028192 (rank 3) - NET/0-10 (distance 5 <= 6, read 0, mode Default)
a100-llm-05:3892548:3892683 [3] NCCL INFO New proxy recv connection 1 from local rank 0, transport 2
a100-llm-05:3892548:3892697 [3] NCCL INFO Connected to proxy localRank 0 -> connection 0x7f4878000d88
a100-llm-05:3892548:3892697 [3] NCCL INFO Channel 01/0 : 2[2] -> 3[3] [receive] via NET/IB/10/GDRDMA
a100-llm-05:3892548:3892697 [3] NCCL INFO GPU Direct RDMA Enabled for GPU/0-1028192 (rank 3) - NET/0-10 (distance 5 <= 6, read 1, mode Default)
a100-llm-05:3892548:3892683 [3] NCCL INFO New proxy send connection 2 from local rank 0, transport 2
a100-llm-05:3892548:3892697 [3] NCCL INFO Connected to proxy localRank 0 -> connection 0x7f4878000e00
a100-llm-05:3892548:3892697 [3] NCCL INFO Channel 00/0 : 3[3] -> 4[4] [send] via NET/IB/10/GDRDMA
a100-llm-05:3892548:3892697 [3] NCCL INFO GPU Direct RDMA Enabled for GPU/0-1028192 (rank 3) - NET/0-10 (distance 5 <= 6, read 1, mode Default)
a100-llm-05:3892548:3892683 [3] NCCL INFO New proxy send connection 3 from local rank 0, transport 2
a100-llm-05:3892548:3892697 [3] NCCL INFO Connected to proxy localRank 0 -> connection 0x7f4878000e78
a100-llm-05:3892548:3892697 [3] NCCL INFO Channel 01/0 : 3[3] -> 4[4] [send] via NET/IB/10/GDRDMA
a100-llm-05:3892548:3892693 [7] NCCL INFO Channel 00/0 : 6[6] -> 7[7] [receive] via NET/IB/12/GDRDMA
a100-llm-05:3892548:3892693 [7] NCCL INFO GPU Direct RDMA Enabled for GPU/0-1044576 (rank 7) - NET/0-12 (distance 5 <= 6, read 0, mode Default)
a100-llm-05:3892548:3892687 [7] NCCL INFO New proxy recv connection 1 from local rank 0, transport 2
a100-llm-05:3892548:3892693 [7] NCCL INFO Connected to proxy localRank 0 -> connection 0x7f4870000d88
a100-llm-05:3892548:3892693 [7] NCCL INFO Channel 01/0 : 6[6] -> 7[7] [receive] via NET/IB/12/GDRDMA
a100-llm-05:3892548:3892693 [7] NCCL INFO GPU Direct RDMA Enabled for GPU/0-1044576 (rank 7) - NET/0-12 (distance 5 <= 6, read 1, mode Default)
a100-llm-05:3892548:3892687 [7] NCCL INFO New proxy send connection 2 from local rank 0, transport 2
a100-llm-05:3892548:3892693 [7] NCCL INFO Connected to proxy localRank 0 -> connection 0x7f4870000e00
a100-llm-05:3892548:3892693 [7] NCCL INFO Channel 00/0 : 7[7] -> 0[0] [send] via NET/IB/12/GDRDMA
a100-llm-05:3892548:3892693 [7] NCCL INFO GPU Direct RDMA Enabled for GPU/0-1044576 (rank 7) - NET/0-12 (distance 5 <= 6, read 1, mode Default)
a100-llm-05:3892548:3892687 [7] NCCL INFO New proxy send connection 3 from local rank 0, transport 2
a100-llm-05:3892548:3892693 [7] NCCL INFO Connected to proxy localRank 0 -> connection 0x7f4870000e78
a100-llm-05:3892548:3892693 [7] NCCL INFO Channel 01/0 : 7[7] -> 0[0] [send] via NET/IB/12/GDRDMA
a100-llm-05:3892548:3892694 [6] NCCL INFO Connected to proxy localRank 0 -> connection 0x7f4880000d10
a100-llm-05:3892548:3892677 [4] NCCL INFO New proxy recv connection 0 from local rank 0, transport 2
a100-llm-05:3892548:3892694 [6] NCCL INFO Channel 00/0 : 5[5] -> 6[6] [receive] via NET/IB/12/GDRDMA
a100-llm-05:3892548:3892694 [6] NCCL INFO GPU Direct RDMA Enabled for GPU/0-1044560 (rank 6) - NET/0-12 (distance 5 <= 6, read 0, mode Default)
a100-llm-05:3892548:3892689 [0] NCCL INFO New proxy recv connection 0 from local rank 0, transport 2
a100-llm-05:3892548:3892696 [4] NCCL INFO Connected to proxy localRank 0 -> connection 0x7f4894000d10
a100-llm-05:3892548:3892698 [2] NCCL INFO Channel 00/0 : 1[1] -> 2[2] [receive] via NET/IB/10/GDRDMA
a100-llm-05:3892548:3892698 [2] NCCL INFO GPU Direct RDMA Enabled for GPU/0-1028176 (rank 2) - NET/0-10 (distance 5 <= 6, read 0, mode Default)
a100-llm-05:3892548:3892680 [6] NCCL INFO New proxy recv connection 1 from local rank 0, transport 2
a100-llm-05:3892548:3892699 [1] NCCL INFO Channel 00/0 : 0[0] -> 1[1] [receive] via NET/IB/9/GDRDMA
a100-llm-05:3892548:3892699 [1] NCCL INFO GPU Direct RDMA Enabled for GPU/0-1020000 (rank 1) - NET/0-9 (distance 5 <= 6, read 0, mode Default)
a100-llm-05:3892548:3892690 [1] NCCL INFO New proxy recv connection 1 from local rank 0, transport 2
a100-llm-05:3892548:3892694 [6] NCCL INFO Connected to proxy localRank 0 -> connection 0x7f4880000d88
a100-llm-05:3892548:3892696 [4] NCCL INFO Channel 00/0 : 3[3] -> 4[4] [receive] via NET/IB/11/GDRDMA
a100-llm-05:3892548:3892696 [4] NCCL INFO GPU Direct RDMA Enabled for GPU/0-1036368 (rank 4) - NET/0-11 (distance 5 <= 6, read 0, mode Default)
a100-llm-05:3892548:3892684 [2] NCCL INFO New proxy recv connection 1 from local rank 0, transport 2
a100-llm-05:3892548:3892698 [2] NCCL INFO Connected to proxy localRank 0 -> connection 0x7f487c000d88
a100-llm-05:3892548:3892700 [0] NCCL INFO Connected to proxy localRank 0 -> connection 0x7f49b7f8a320
a100-llm-05:3892548:3892700 [0] NCCL INFO Channel 00/0 : 7[7] -> 0[0] [receive] via NET/IB/9/GDRDMA
a100-llm-05:3892548:3892700 [0] NCCL INFO GPU Direct RDMA Enabled for GPU/0-1019984 (rank 0) - NET/0-9 (distance 5 <= 6, read 0, mode Default)
a100-llm-05:3892548:3892698 [2] NCCL INFO Channel 01/0 : 1[1] -> 2[2] [receive] via NET/IB/10/GDRDMA
a100-llm-05:3892548:3892698 [2] NCCL INFO GPU Direct RDMA Enabled for GPU/0-1028176 (rank 2) - NET/0-10 (distance 5 <= 6, read 1, mode Default)
a100-llm-05:3892548:3892677 [4] NCCL INFO New proxy recv connection 1 from local rank 0, transport 2
a100-llm-05:3892548:3892696 [4] NCCL INFO Connected to proxy localRank 0 -> connection 0x7f4894000d88
a100-llm-05:3892548:3892689 [0] NCCL INFO New proxy recv connection 1 from local rank 0, transport 2
a100-llm-05:3892548:3892694 [6] NCCL INFO Channel 01/0 : 5[5] -> 6[6] [receive] via NET/IB/12/GDRDMA
a100-llm-05:3892548:3892694 [6] NCCL INFO GPU Direct RDMA Enabled for GPU/0-1044560 (rank 6) - NET/0-12 (distance 5 <= 6, read 1, mode Default)
a100-llm-05:3892548:3892680 [6] NCCL INFO New proxy send connection 2 from local rank 0, transport 2
a100-llm-05:3892548:3892700 [0] NCCL INFO Connected to proxy localRank 0 -> connection 0x7f49b7f8a398
a100-llm-05:3892548:3892699 [1] NCCL INFO Connected to proxy localRank 0 -> connection 0x7f49a7fbd3d8
a100-llm-05:3892548:3892699 [1] NCCL INFO Channel 01/0 : 0[0] -> 1[1] [receive] via NET/IB/9/GDRDMA
a100-llm-05:3892548:3892699 [1] NCCL INFO GPU Direct RDMA Enabled for GPU/0-1020000 (rank 1) - NET/0-9 (distance 5 <= 6, read 1, mode Default)
a100-llm-05:3892548:3892694 [6] NCCL INFO Connected to proxy localRank 0 -> connection 0x7f4880000e00
a100-llm-05:3892548:3892684 [2] NCCL INFO New proxy send connection 2 from local rank 0, transport 2
a100-llm-05:3892548:3892698 [2] NCCL INFO Connected to proxy localRank 0 -> connection 0x7f487c000e00
a100-llm-05:3892548:3892690 [1] NCCL INFO New proxy send connection 2 from local rank 0, transport 2
a100-llm-05:3892548:3892694 [6] NCCL INFO Channel 00/0 : 6[6] -> 7[7] [send] via NET/IB/12/GDRDMA
a100-llm-05:3892548:3892696 [4] NCCL INFO Channel 01/0 : 3[3] -> 4[4] [receive] via NET/IB/11/GDRDMA
a100-llm-05:3892548:3892700 [0] NCCL INFO Channel 01/0 : 7[7] -> 0[0] [receive] via NET/IB/9/GDRDMA
a100-llm-05:3892548:3892699 [1] NCCL INFO Connected to proxy localRank 0 -> connection 0x7f49a7fbd450
a100-llm-05:3892548:3892696 [4] NCCL INFO GPU Direct RDMA Enabled for GPU/0-1036368 (rank 4) - NET/0-11 (distance 5 <= 6, read 1, mode Default)
a100-llm-05:3892548:3892700 [0] NCCL INFO GPU Direct RDMA Enabled for GPU/0-1019984 (rank 0) - NET/0-9 (distance 5 <= 6, read 1, mode Default)
a100-llm-05:3892548:3892694 [6] NCCL INFO GPU Direct RDMA Enabled for GPU/0-1044560 (rank 6) - NET/0-12 (distance 5 <= 6, read 1, mode Default)
a100-llm-05:3892548:3892698 [2] NCCL INFO Channel 00/0 : 2[2] -> 3[3] [send] via NET/IB/10/GDRDMA
a100-llm-05:3892548:3892698 [2] NCCL INFO GPU Direct RDMA Enabled for GPU/0-1028176 (rank 2) - NET/0-10 (distance 5 <= 6, read 1, mode Default)
a100-llm-05:3892548:3892677 [4] NCCL INFO New proxy send connection 2 from local rank 0, transport 2
a100-llm-05:3892548:3892680 [6] NCCL INFO New proxy send connection 3 from local rank 0, transport 2
a100-llm-05:3892548:3892684 [2] NCCL INFO New proxy send connection 3 from local rank 0, transport 2
a100-llm-05:3892548:3892698 [2] NCCL INFO Connected to proxy localRank 0 -> connection 0x7f487c000e78
a100-llm-05:3892548:3892698 [2] NCCL INFO Channel 01/0 : 2[2] -> 3[3] [send] via NET/IB/10/GDRDMA
a100-llm-05:3892548:3892689 [0] NCCL INFO New proxy send connection 2 from local rank 0, transport 2
a100-llm-05:3892548:3892694 [6] NCCL INFO Connected to proxy localRank 0 -> connection 0x7f4880000e78
a100-llm-05:3892548:3892696 [4] NCCL INFO Connected to proxy localRank 0 -> connection 0x7f4894000e00
a100-llm-05:3892548:3892700 [0] NCCL INFO Connected to proxy localRank 0 -> connection 0x7f49b7f8a410
a100-llm-05:3892548:3892699 [1] NCCL INFO Channel 00/0 : 1[1] -> 2[2] [send] via NET/IB/9/GDRDMA
a100-llm-05:3892548:3892699 [1] NCCL INFO GPU Direct RDMA Enabled for GPU/0-1020000 (rank 1) - NET/0-9 (distance 5 <= 6, read 1, mode Default)
a100-llm-05:3892548:3892694 [6] NCCL INFO Channel 01/0 : 6[6] -> 7[7] [send] via NET/IB/12/GDRDMA
a100-llm-05:3892548:3892696 [4] NCCL INFO Channel 00/0 : 4[4] -> 5[5] [send] via NET/IB/11/GDRDMA
a100-llm-05:3892548:3892696 [4] NCCL INFO GPU Direct RDMA Enabled for GPU/0-1036368 (rank 4) - NET/0-11 (distance 5 <= 6, read 1, mode Default)
a100-llm-05:3892548:3892677 [4] NCCL INFO New proxy send connection 3 from local rank 0, transport 2
a100-llm-05:3892548:3892690 [1] NCCL INFO New proxy send connection 3 from local rank 0, transport 2
a100-llm-05:3892548:3892696 [4] NCCL INFO Connected to proxy localRank 0 -> connection 0x7f4894000e78
a100-llm-05:3892548:3892700 [0] NCCL INFO Channel 00/0 : 0[0] -> 1[1] [send] via NET/IB/9/GDRDMA
a100-llm-05:3892548:3892700 [0] NCCL INFO GPU Direct RDMA Enabled for GPU/0-1019984 (rank 0) - NET/0-9 (distance 5 <= 6, read 1, mode Default)
a100-llm-05:3892548:3892699 [1] NCCL INFO Connected to proxy localRank 0 -> connection 0x7f49a7fbd4c8
a100-llm-05:3892548:3892689 [0] NCCL INFO New proxy send connection 3 from local rank 0, transport 2
a100-llm-05:3892548:3892700 [0] NCCL INFO Connected to proxy localRank 0 -> connection 0x7f49b7f8a488
a100-llm-05:3892548:3892696 [4] NCCL INFO Channel 01/0 : 4[4] -> 5[5] [send] via NET/IB/11/GDRDMA
a100-llm-05:3892548:3892679 [5] NCCL INFO NET/IB: NCCL Dev 11 IbDev 5 Port 1 qpn 940 mtu 5 GID 3 (0/520113C6FFFF0000) ctsFifoRkey=0x143030 ctsFifoLkey=0x143030
a100-llm-05:3892548:3892679 [5] NCCL INFO NET/IB: IbDev 5 Port 1 qpn 940 query_ece={supported=1, vendor_id=0x15b3, options=0x30000000, comp_mask=0x0}
a100-llm-05:3892548:3892679 [5] NCCL INFO NET/IB: NCCL Dev 11 IbDev 6 Port 1 qpn 684 mtu 5 GID 3 (0/B90713C6FFFF0000) ctsFifoRkey=0x107333 ctsFifoLkey=0x107333
a100-llm-05:3892548:3892679 [5] NCCL INFO NET/IB: IbDev 6 Port 1 qpn 684 query_ece={supported=1, vendor_id=0x15b3, options=0x30000000, comp_mask=0x0}
a100-llm-05:3892548:3892699 [1] NCCL INFO Channel 01/0 : 1[1] -> 2[2] [send] via NET/IB/9/GDRDMA
a100-llm-05:3892548:3892700 [0] NCCL INFO Channel 01/0 : 0[0] -> 1[1] [send] via NET/IB/9/GDRDMA
a100-llm-05:3892548:3892677 [4] NCCL INFO NET/IB: NCCL Dev 11 IbDev 5 Port 1 qpn 941 mtu 5 GID 3 (0/520113C6FFFF0000) ctsFifoRkey=0x143c3a ctsFifoLkey=0x143c3a
a100-llm-05:3892548:3892677 [4] NCCL INFO NET/IB: IbDev 5 Port 1 qpn 941 query_ece={supported=1, vendor_id=0x15b3, options=0x30000000, comp_mask=0x0}
a100-llm-05:3892548:3892677 [4] NCCL INFO NET/IB: NCCL Dev 11 IbDev 6 Port 1 qpn 685 mtu 5 GID 3 (0/B90713C6FFFF0000) ctsFifoRkey=0x10813e ctsFifoLkey=0x10813e
a100-llm-05:3892548:3892677 [4] NCCL INFO NET/IB: IbDev 6 Port 1 qpn 685 query_ece={supported=1, vendor_id=0x15b3, options=0x30000000, comp_mask=0x0}
a100-llm-05:3892548:3892677 [4] NCCL INFO NET/IB: NCCL Dev 11 IbDev 5 Port 1 qpn 942 mtu 5 GID 3 (0/520113C6FFFF0000) ctsFifoRkey=0x144747 ctsFifoLkey=0x144747
a100-llm-05:3892548:3892677 [4] NCCL INFO NET/IB: IbDev 5 Port 1 qpn 942 query_ece={supported=1, vendor_id=0x15b3, options=0x30000000, comp_mask=0x0}
a100-llm-05:3892548:3892677 [4] NCCL INFO NET/IB: NCCL Dev 11 IbDev 6 Port 1 qpn 686 mtu 5 GID 3 (0/B90713C6FFFF0000) ctsFifoRkey=0x108c4c ctsFifoLkey=0x108c4c
a100-llm-05:3892548:3892677 [4] NCCL INFO NET/IB: IbDev 6 Port 1 qpn 686 query_ece={supported=1, vendor_id=0x15b3, options=0x30000000, comp_mask=0x0}
a100-llm-05:3892548:3892687 [7] NCCL INFO NET/IB: NCCL Dev 12 IbDev 7 Port 1 qpn 941 mtu 5 GID 3 (0/4E5A13C6FFFF0000) ctsFifoRkey=0x13bab8 ctsFifoLkey=0x13bab8
a100-llm-05:3892548:3892687 [7] NCCL INFO NET/IB: IbDev 7 Port 1 qpn 941 query_ece={supported=1, vendor_id=0x15b3, options=0x30000000, comp_mask=0x0}
a100-llm-05:3892548:3892687 [7] NCCL INFO NET/IB: NCCL Dev 12 IbDev 8 Port 1 qpn 685 mtu 5 GID 3 (0/57B013C6FFFF0000) ctsFifoRkey=0x1022e1 ctsFifoLkey=0x1022e1
a100-llm-05:3892548:3892687 [7] NCCL INFO NET/IB: IbDev 8 Port 1 qpn 685 query_ece={supported=1, vendor_id=0x15b3, options=0x30000000, comp_mask=0x0}
a100-llm-05:3892548:3892689 [0] NCCL INFO NET/IB: NCCL Dev 9 IbDev 1 Port 1 qpn 941 mtu 5 GID 3 (0/F34413C6FFFF0000) ctsFifoRkey=0x142121 ctsFifoLkey=0x142121
a100-llm-05:3892548:3892689 [0] NCCL INFO NET/IB: IbDev 1 Port 1 qpn 941 query_ece={supported=1, vendor_id=0x15b3, options=0x30000000, comp_mask=0x0}
a100-llm-05:3892548:3892683 [3] NCCL INFO NET/IB: NCCL Dev 10 IbDev 3 Port 1 qpn 941 mtu 5 GID 3 (0/220D13C6FFFF0000) ctsFifoRkey=0x14100e ctsFifoLkey=0x14100e
a100-llm-05:3892548:3892683 [3] NCCL INFO NET/IB: IbDev 3 Port 1 qpn 941 query_ece={supported=1, vendor_id=0x15b3, options=0x30000000, comp_mask=0x0}
a100-llm-05:3892548:3892684 [2] NCCL INFO NET/IB: NCCL Dev 10 IbDev 3 Port 1 qpn 940 mtu 5 GID 3 (0/220D13C6FFFF0000) ctsFifoRkey=0x141c1b ctsFifoLkey=0x141c1b
a100-llm-05:3892548:3892684 [2] NCCL INFO NET/IB: IbDev 3 Port 1 qpn 940 query_ece={supported=1, vendor_id=0x15b3, options=0x30000000, comp_mask=0x0}
a100-llm-05:3892548:3892689 [0] NCCL INFO NET/IB: NCCL Dev 9 IbDev 2 Port 1 qpn 684 mtu 5 GID 3 (0/173F13C6FFFF0000) ctsFifoRkey=0x105f1e ctsFifoLkey=0x105f1e
a100-llm-05:3892548:3892689 [0] NCCL INFO NET/IB: IbDev 2 Port 1 qpn 684 query_ece={supported=1, vendor_id=0x15b3, options=0x30000000, comp_mask=0x0}
a100-llm-05:3892548:3892683 [3] NCCL INFO NET/IB: NCCL Dev 10 IbDev 4 Port 1 qpn 685 mtu 5 GID 3 (0/422613C6FFFF0000) ctsFifoRkey=0x10c07a ctsFifoLkey=0x10c07a
a100-llm-05:3892548:3892683 [3] NCCL INFO NET/IB: IbDev 4 Port 1 qpn 685 query_ece={supported=1, vendor_id=0x15b3, options=0x30000000, comp_mask=0x0}
a100-llm-05:3892548:3892684 [2] NCCL INFO NET/IB: NCCL Dev 10 IbDev 4 Port 1 qpn 684 mtu 5 GID 3 (0/422613C6FFFF0000) ctsFifoRkey=0x10cc8b ctsFifoLkey=0x10cc8b
a100-llm-05:3892548:3892684 [2] NCCL INFO NET/IB: IbDev 4 Port 1 qpn 684 query_ece={supported=1, vendor_id=0x15b3, options=0x30000000, comp_mask=0x0}
a100-llm-05:3892548:3892690 [1] NCCL INFO NET/IB: NCCL Dev 9 IbDev 1 Port 1 qpn 940 mtu 5 GID 3 (0/F34413C6FFFF0000) ctsFifoRkey=0x142d2c ctsFifoLkey=0x142d2c
a100-llm-05:3892548:3892690 [1] NCCL INFO NET/IB: IbDev 1 Port 1 qpn 940 query_ece={supported=1, vendor_id=0x15b3, options=0x30000000, comp_mask=0x0}
a100-llm-05:3892548:3892680 [6] NCCL INFO NET/IB: NCCL Dev 12 IbDev 7 Port 1 qpn 943 mtu 5 GID 3 (0/4E5A13C6FFFF0000) ctsFifoRkey=0x13d6d1 ctsFifoLkey=0x13d6d1
a100-llm-05:3892548:3892680 [6] NCCL INFO NET/IB: IbDev 7 Port 1 qpn 943 query_ece={supported=1, vendor_id=0x15b3, options=0x30000000, comp_mask=0x0}
a100-llm-05:3892548:3892680 [6] NCCL INFO NET/IB: NCCL Dev 12 IbDev 8 Port 1 qpn 687 mtu 5 GID 3 (0/57B013C6FFFF0000) ctsFifoRkey=0x102eed ctsFifoLkey=0x102eed
a100-llm-05:3892548:3892680 [6] NCCL INFO NET/IB: IbDev 8 Port 1 qpn 687 query_ece={supported=1, vendor_id=0x15b3, options=0x30000000, comp_mask=0x0}
a100-llm-05:3892548:3892690 [1] NCCL INFO NET/IB: NCCL Dev 9 IbDev 2 Port 1 qpn 685 mtu 5 GID 3 (0/173F13C6FFFF0000) ctsFifoRkey=0x106a2a ctsFifoLkey=0x106a2a
a100-llm-05:3892548:3892690 [1] NCCL INFO NET/IB: IbDev 2 Port 1 qpn 685 query_ece={supported=1, vendor_id=0x15b3, options=0x30000000, comp_mask=0x0}
a100-llm-05:3892548:3892684 [2] NCCL INFO NET/IB: NCCL Dev 10 IbDev 3 Port 1 qpn 943 mtu 5 GID 3 (0/220D13C6FFFF0000) ctsFifoRkey=0x143433 ctsFifoLkey=0x143433
a100-llm-05:3892548:3892684 [2] NCCL INFO NET/IB: IbDev 3 Port 1 qpn 943 query_ece={supported=1, vendor_id=0x15b3, options=0x30000000, comp_mask=0x0}
a100-llm-05:3892548:3892683 [3] NCCL INFO NET/IB: NCCL Dev 10 IbDev 3 Port 1 qpn 942 mtu 5 GID 3 (0/220D13C6FFFF0000) ctsFifoRkey=0x142827 ctsFifoLkey=0x142827
a100-llm-05:3892548:3892683 [3] NCCL INFO NET/IB: IbDev 3 Port 1 qpn 942 query_ece={supported=1, vendor_id=0x15b3, options=0x30000000, comp_mask=0x0}
a100-llm-05:3892548:3892684 [2] NCCL INFO NET/IB: NCCL Dev 10 IbDev 4 Port 1 qpn 687 mtu 5 GID 3 (0/422613C6FFFF0000) ctsFifoRkey=0x10d797 ctsFifoLkey=0x10d797
a100-llm-05:3892548:3892684 [2] NCCL INFO NET/IB: IbDev 4 Port 1 qpn 687 query_ece={supported=1, vendor_id=0x15b3, options=0x30000000, comp_mask=0x0}
a100-llm-05:3892548:3892683 [3] NCCL INFO NET/IB: NCCL Dev 10 IbDev 4 Port 1 qpn 686 mtu 5 GID 3 (0/422613C6FFFF0000) ctsFifoRkey=0x10e2a1 ctsFifoLkey=0x10e2a1
a100-llm-05:3892548:3892683 [3] NCCL INFO NET/IB: IbDev 4 Port 1 qpn 686 query_ece={supported=1, vendor_id=0x15b3, options=0x30000000, comp_mask=0x0}
a100-llm-05:3892548:3892680 [6] NCCL INFO NET/IB: NCCL Dev 12 IbDev 7 Port 1 qpn 944 mtu 5 GID 3 (0/4E5A13C6FFFF0000) ctsFifoRkey=0x13e1e1 ctsFifoLkey=0x13e1e1
a100-llm-05:3892548:3892680 [6] NCCL INFO NET/IB: IbDev 7 Port 1 qpn 944 query_ece={supported=1, vendor_id=0x15b3, options=0x30000000, comp_mask=0x0}
a100-llm-05:3892548:3892680 [6] NCCL INFO NET/IB: NCCL Dev 12 IbDev 8 Port 1 qpn 688 mtu 5 GID 3 (0/57B013C6FFFF0000) ctsFifoRkey=0x103af9 ctsFifoLkey=0x103af9
a100-llm-05:3892548:3892680 [6] NCCL INFO NET/IB: IbDev 8 Port 1 qpn 688 query_ece={supported=1, vendor_id=0x15b3, options=0x30000000, comp_mask=0x0}
a100-llm-05:3892548:3892679 [5] NCCL INFO NET/IB: NCCL Dev 11 IbDev 5 Port 1 qpn 947 mtu 5 GID 3 (0/520113C6FFFF0000) ctsFifoRkey=0x146d6c ctsFifoLkey=0x146d6c
a100-llm-05:3892548:3892679 [5] NCCL INFO NET/IB: IbDev 5 Port 1 qpn 947 query_ece={supported=1, vendor_id=0x15b3, options=0x30000000, comp_mask=0x0}
a100-llm-05:3892548:3892679 [5] NCCL INFO NET/IB: NCCL Dev 11 IbDev 6 Port 1 qpn 691 mtu 5 GID 3 (0/B90713C6FFFF0000) ctsFifoRkey=0x10b26d ctsFifoLkey=0x10b26d
a100-llm-05:3892548:3892679 [5] NCCL INFO NET/IB: IbDev 6 Port 1 qpn 691 query_ece={supported=1, vendor_id=0x15b3, options=0x30000000, comp_mask=0x0}
a100-llm-05:3892548:3892690 [1] NCCL INFO NET/IB: NCCL Dev 9 IbDev 1 Port 1 qpn 946 mtu 5 GID 3 (0/F34413C6FFFF0000) ctsFifoRkey=0x145851 ctsFifoLkey=0x145851
a100-llm-05:3892548:3892690 [1] NCCL INFO NET/IB: IbDev 1 Port 1 qpn 946 query_ece={supported=1, vendor_id=0x15b3, options=0x30000000, comp_mask=0x0}
a100-llm-05:3892548:3892690 [1] NCCL INFO NET/IB: NCCL Dev 9 IbDev 2 Port 1 qpn 689 mtu 5 GID 3 (0/173F13C6FFFF0000) ctsFifoRkey=0x108e4d ctsFifoLkey=0x108e4d
a100-llm-05:3892548:3892690 [1] NCCL INFO NET/IB: IbDev 2 Port 1 qpn 689 query_ece={supported=1, vendor_id=0x15b3, options=0x30000000, comp_mask=0x0}
a100-llm-05:3892548:3892690 [1] NCCL INFO NET/IB: IbDev 1 Port 1 qpn 940 set_ece={supported=1, vendor_id=0x15b3, options=0x30000000, comp_mask=0x0}
a100-llm-05:3892548:3892683 [3] NCCL INFO NET/IB: IbDev 3 Port 1 qpn 941 set_ece={supported=1, vendor_id=0x15b3, options=0x30000000, comp_mask=0x0}
a100-llm-05:3892548:3892690 [1] NCCL INFO NET/IB: IbDev 2 Port 1 qpn 685 set_ece={supported=1, vendor_id=0x15b3, options=0x30000000, comp_mask=0x0}
a100-llm-05:3892548:3892683 [3] NCCL INFO NET/IB: IbDev 4 Port 1 qpn 685 set_ece={supported=1, vendor_id=0x15b3, options=0x30000000, comp_mask=0x0}
a100-llm-05:3892548:3892689 [0] NCCL INFO NET/IB: NCCL Dev 9 IbDev 1 Port 1 qpn 947 mtu 5 GID 3 (0/F34413C6FFFF0000) ctsFifoRkey=0x146362 ctsFifoLkey=0x146362
a100-llm-05:3892548:3892689 [0] NCCL INFO NET/IB: IbDev 1 Port 1 qpn 947 query_ece={supported=1, vendor_id=0x15b3, options=0x30000000, comp_mask=0x0}
a100-llm-05:3892548:3892687 [7] NCCL INFO NET/IB: IbDev 7 Port 1 qpn 941 set_ece={supported=1, vendor_id=0x15b3, options=0x30000000, comp_mask=0x0}
a100-llm-05:3892548:3892689 [0] NCCL INFO NET/IB: NCCL Dev 9 IbDev 2 Port 1 qpn 691 mtu 5 GID 3 (0/173F13C6FFFF0000) ctsFifoRkey=0x109a59 ctsFifoLkey=0x109a59
a100-llm-05:3892548:3892689 [0] NCCL INFO NET/IB: IbDev 2 Port 1 qpn 691 query_ece={supported=1, vendor_id=0x15b3, options=0x30000000, comp_mask=0x0}
a100-llm-05:3892548:3892689 [0] NCCL INFO NET/IB: IbDev 1 Port 1 qpn 941 set_ece={supported=1, vendor_id=0x15b3, options=0x30000000, comp_mask=0x0}
a100-llm-05:3892548:3892687 [7] NCCL INFO NET/IB: IbDev 8 Port 1 qpn 685 set_ece={supported=1, vendor_id=0x15b3, options=0x30000000, comp_mask=0x0}
a100-llm-05:3892548:3892689 [0] NCCL INFO NET/IB: IbDev 2 Port 1 qpn 684 set_ece={supported=1, vendor_id=0x15b3, options=0x30000000, comp_mask=0x0}
a100-llm-05:3892548:3892679 [5] NCCL INFO NET/IB: IbDev 5 Port 1 qpn 940 set_ece={supported=1, vendor_id=0x15b3, options=0x30000000, comp_mask=0x0}
a100-llm-05:3892548:3892680 [6] NCCL INFO NET/IB: IbDev 7 Port 1 qpn 943 set_ece={supported=1, vendor_id=0x15b3, options=0x30000000, comp_mask=0x0}
a100-llm-05:3892548:3892679 [5] NCCL INFO NET/IB: IbDev 6 Port 1 qpn 684 set_ece={supported=1, vendor_id=0x15b3, options=0x30000000, comp_mask=0x0}
a100-llm-05:3892548:3892680 [6] NCCL INFO NET/IB: IbDev 8 Port 1 qpn 687 set_ece={supported=1, vendor_id=0x15b3, options=0x30000000, comp_mask=0x0}
a100-llm-05:3892548:3892677 [4] NCCL INFO NET/IB: IbDev 5 Port 1 qpn 941 set_ece={supported=1, vendor_id=0x15b3, options=0x30000000, comp_mask=0x0}
a100-llm-05:3892548:3892677 [4] NCCL INFO NET/IB: IbDev 6 Port 1 qpn 685 set_ece={supported=1, vendor_id=0x15b3, options=0x30000000, comp_mask=0x0}
a100-llm-05:3892548:3892679 [5] NCCL INFO NET/IB: IbDev 5 Port 1 qpn 947 set_ece={supported=1, vendor_id=0x15b3, options=0x30000000, comp_mask=0x0}
a100-llm-05:3892548:3892679 [5] NCCL INFO NET/IB: IbDev 6 Port 1 qpn 691 set_ece={supported=1, vendor_id=0x15b3, options=0x30000000, comp_mask=0x0}
a100-llm-05:3892548:3892677 [4] NCCL INFO NET/IB: IbDev 5 Port 1 qpn 942 set_ece={supported=1, vendor_id=0x15b3, options=0x30000000, comp_mask=0x0}
a100-llm-05:3892548:3892677 [4] NCCL INFO NET/IB: IbDev 6 Port 1 qpn 686 set_ece={supported=1, vendor_id=0x15b3, options=0x30000000, comp_mask=0x0}
a100-llm-05:3892548:3892684 [2] NCCL INFO NET/IB: IbDev 3 Port 1 qpn 940 set_ece={supported=1, vendor_id=0x15b3, options=0x30000000, comp_mask=0x0}
a100-llm-05:3892548:3892684 [2] NCCL INFO NET/IB: IbDev 4 Port 1 qpn 684 set_ece={supported=1, vendor_id=0x15b3, options=0x30000000, comp_mask=0x0}
a100-llm-05:3892548:3892683 [3] NCCL INFO NET/IB: IbDev 3 Port 1 qpn 942 set_ece={supported=1, vendor_id=0x15b3, options=0x30000000, comp_mask=0x0}
a100-llm-05:3892548:3892683 [3] NCCL INFO NET/IB: IbDev 4 Port 1 qpn 686 set_ece={supported=1, vendor_id=0x15b3, options=0x30000000, comp_mask=0x0}
a100-llm-05:3892548:3892690 [1] NCCL INFO NET/IB: IbDev 1 Port 1 qpn 946 set_ece={supported=1, vendor_id=0x15b3, options=0x30000000, comp_mask=0x0}
a100-llm-05:3892548:3892690 [1] NCCL INFO NET/IB: IbDev 2 Port 1 qpn 689 set_ece={supported=1, vendor_id=0x15b3, options=0x30000000, comp_mask=0x0}
a100-llm-05:3892548:3892687 [7] NCCL INFO NET/IB: NCCL Dev 12 IbDev 7 Port 1 qpn 951 mtu 5 GID 3 (0/4E5A13C6FFFF0000) ctsFifoRkey=0x141211 ctsFifoLkey=0x141211
a100-llm-05:3892548:3892687 [7] NCCL INFO NET/IB: IbDev 7 Port 1 qpn 951 query_ece={supported=1, vendor_id=0x15b3, options=0x30000000, comp_mask=0x0}
a100-llm-05:3892548:3892687 [7] NCCL INFO NET/IB: NCCL Dev 12 IbDev 8 Port 1 qpn 695 mtu 5 GID 3 (0/57B013C6FFFF0000) ctsFifoRkey=0x106b2a ctsFifoLkey=0x106b2a
a100-llm-05:3892548:3892687 [7] NCCL INFO NET/IB: IbDev 8 Port 1 qpn 695 query_ece={supported=1, vendor_id=0x15b3, options=0x30000000, comp_mask=0x0}
a100-llm-05:3892548:3892680 [6] NCCL INFO NET/IB: IbDev 7 Port 1 qpn 944 set_ece={supported=1, vendor_id=0x15b3, options=0x30000000, comp_mask=0x0}
a100-llm-05:3892548:3892680 [6] NCCL INFO NET/IB: IbDev 8 Port 1 qpn 688 set_ece={supported=1, vendor_id=0x15b3, options=0x30000000, comp_mask=0x0}
a100-llm-05:3892548:3892684 [2] NCCL INFO NET/IB: IbDev 3 Port 1 qpn 943 set_ece={supported=1, vendor_id=0x15b3, options=0x30000000, comp_mask=0x0}
a100-llm-05:3892548:3892684 [2] NCCL INFO NET/IB: IbDev 4 Port 1 qpn 687 set_ece={supported=1, vendor_id=0x15b3, options=0x30000000, comp_mask=0x0}
a100-llm-05:3892548:3892689 [0] NCCL INFO NET/IB: IbDev 1 Port 1 qpn 947 set_ece={supported=1, vendor_id=0x15b3, options=0x30000000, comp_mask=0x0}
a100-llm-05:3892548:3892689 [0] NCCL INFO NET/IB: IbDev 2 Port 1 qpn 691 set_ece={supported=1, vendor_id=0x15b3, options=0x30000000, comp_mask=0x0}
a100-llm-05:3892548:3892687 [7] NCCL INFO NET/IB: IbDev 7 Port 1 qpn 951 set_ece={supported=1, vendor_id=0x15b3, options=0x30000000, comp_mask=0x0}
a100-llm-05:3892548:3892687 [7] NCCL INFO NET/IB: IbDev 8 Port 1 qpn 695 set_ece={supported=1, vendor_id=0x15b3, options=0x30000000, comp_mask=0x0}
[AIMD] FinalizeChunkRTT: cc=0x7f4878037420 slot=0 inflight_before=1
warmup done.
[AIMD] FinalizeChunkRTT: cc=0x7f48880c7940 slot=259 inflight_before=1
[AIMD] FinalizeChunkRTT: cc=0x7f4884001000 slot=459 inflight_before=1
[AIMD] FinalizeChunkRTT: cc=0x7f4880006de0 slot=204 inflight_before=4
a100-llm-05:3892548:3892669 [0] NCCL INFO V2MIN: pressure=1.000 (fast=0.107 slow=0.002 dev=0.1046) state=SHRINK window=204 floor=204 high=3217 low=0 ncc=16
[AIMD] FinalizeChunkRTT: cc=0x7f4884001000 slot=919 inflight_before=8
[AIMD] FinalizeChunkRTT: cc=0x7f4884001000 slot=622 inflight_before=1
[AIMD] FinalizeChunkRTT: cc=0x7f4870067ba0 slot=265 inflight_before=5
[AIMD] FinalizeChunkRTT: cc=0x7f48880c7700 slot=450 inflight_before=1
[AIMD] FinalizeChunkRTT: cc=0x7f4870067ba0 slot=290 inflight_before=1
a100-llm-05:3892548:3892669 [0] NCCL INFO V2MIN: pressure=1.000 (fast=0.126 slow=0.002 dev=0.1242) state=SHRINK window=204 floor=204 high=7941 low=0 ncc=16
[AIMD] FinalizeChunkRTT: cc=0x7f4884001000 slot=411 inflight_before=2
[AIMD] FinalizeChunkRTT: cc=0x7f4874001000 slot=771 inflight_before=8
[AIMD] FinalizeChunkRTT: cc=0x7f4874017320 slot=181 inflight_before=2
[AIMD] FinalizeChunkRTT: cc=0x7f4870067ba0 slot=962 inflight_before=1
[AIMD] FinalizeChunkRTT: cc=0x7f4884001000 slot=791 inflight_before=1
a100-llm-05:3892548:3892669 [0] NCCL INFO V2MIN: pressure=1.000 (fast=0.334 slow=0.002 dev=0.3323) state=SHRINK window=204 floor=204 high=12665 low=0 ncc=16
[AIMD] FinalizeChunkRTT: cc=0x7f488c001000 slot=77 inflight_before=7
[AIMD] FinalizeChunkRTT: cc=0x7f488c001000 slot=1015 inflight_before=5
[AIMD] FinalizeChunkRTT: cc=0x7f4874001000 slot=523 inflight_before=1
[AIMD] FinalizeChunkRTT: cc=0x7f4870067ba0 slot=154 inflight_before=1
CSV written to: det_v1_baseline_run5/bench_latency_20260416_173325.csv

========================================
  Oracle Experiment Results
========================================
Config: nDev=8  count=1048576  data=4.19 MB  iters=1000
NCCL_AIMD_ENABLE=1  NCCL_CC_ORACLE_FACTOR=(unset)

Wall-clock latency (us):
  mean= 16920.0  stddev= 13768.9
  p50 = 17870.5  p99   = 60664.5  max= 70309.7

Collective max GPU latency (us):
  mean= 16891.3  stddev= 13763.7
  p50 = 17854.0  p99   = 60643.6  max= 70285.3

Rank skew (us):
  mean=   785.4  stddev=  2205.6
  p50 =   167.9  p99   = 10923.6  max= 30904.3

Avg algo bandwidth: 0.43 GB/s
========================================

