a100-llm-05:3781888:3782015 [7] NCCL INFO Channel 00/0 : 6[6] -> 7[7] [receive] via NET/IB/12/GDRDMA
a100-llm-05:3781888:3782015 [7] NCCL INFO GPU Direct RDMA Enabled for GPU/0-1044576 (rank 7) - NET/0-12 (distance 5 <= 6, read 0, mode Default)
a100-llm-05:3781888:3782010 [7] NCCL INFO New proxy recv connection 1 from local rank 0, transport 2
a100-llm-05:3781888:3782015 [7] NCCL INFO Connected to proxy localRank 0 -> connection 0x7f5a0c000d88
a100-llm-05:3781888:3782015 [7] NCCL INFO Channel 01/0 : 6[6] -> 7[7] [receive] via NET/IB/12/GDRDMA
a100-llm-05:3781888:3782015 [7] NCCL INFO GPU Direct RDMA Enabled for GPU/0-1044576 (rank 7) - NET/0-12 (distance 5 <= 6, read 1, mode Default)
a100-llm-05:3781888:3782010 [7] NCCL INFO New proxy send connection 2 from local rank 0, transport 2
a100-llm-05:3781888:3782015 [7] NCCL INFO Connected to proxy localRank 0 -> connection 0x7f5a0c000e00
a100-llm-05:3781888:3782020 [2] NCCL INFO Connected to proxy localRank 0 -> connection 0x7f5b5b3b01d0
a100-llm-05:3781888:3782016 [6] NCCL INFO Connected to proxy localRank 0 -> connection 0x7f5b37fae2e0
a100-llm-05:3781888:3782020 [2] NCCL INFO Channel 00/0 : 1[1] -> 2[2] [receive] via NET/IB/10/GDRDMA
a100-llm-05:3781888:3782020 [2] NCCL INFO GPU Direct RDMA Enabled for GPU/0-1028176 (rank 2) - NET/0-10 (distance 5 <= 6, read 0, mode Default)
a100-llm-05:3781888:3782017 [5] NCCL INFO Channel 00/0 : 4[4] -> 5[5] [receive] via NET/IB/11/GDRDMA
a100-llm-05:3781888:3782001 [2] NCCL INFO New proxy recv connection 1 from local rank 0, transport 2
a100-llm-05:3781888:3782017 [5] NCCL INFO GPU Direct RDMA Enabled for GPU/0-1036384 (rank 5) - NET/0-11 (distance 5 <= 6, read 0, mode Default)
a100-llm-05:3781888:3782020 [2] NCCL INFO Connected to proxy localRank 0 -> connection 0x7f5b5b3b0248
a100-llm-05:3781888:3782020 [2] NCCL INFO Channel 01/0 : 1[1] -> 2[2] [receive] via NET/IB/10/GDRDMA
a100-llm-05:3781888:3782020 [2] NCCL INFO GPU Direct RDMA Enabled for GPU/0-1028176 (rank 2) - NET/0-10 (distance 5 <= 6, read 1, mode Default)
a100-llm-05:3781888:3782001 [2] NCCL INFO New proxy send connection 2 from local rank 0, transport 2
a100-llm-05:3781888:3782020 [2] NCCL INFO Connected to proxy localRank 0 -> connection 0x7f5b5b3b02c0
a100-llm-05:3781888:3782020 [2] NCCL INFO Channel 00/0 : 2[2] -> 3[3] [send] via NET/IB/10/GDRDMA
a100-llm-05:3781888:3782020 [2] NCCL INFO GPU Direct RDMA Enabled for GPU/0-1028176 (rank 2) - NET/0-10 (distance 5 <= 6, read 1, mode Default)
a100-llm-05:3781888:3782001 [2] NCCL INFO New proxy send connection 3 from local rank 0, transport 2
a100-llm-05:3781888:3782020 [2] NCCL INFO Connected to proxy localRank 0 -> connection 0x7f5b5b3b0338
a100-llm-05:3781888:3782020 [2] NCCL INFO Channel 01/0 : 2[2] -> 3[3] [send] via NET/IB/10/GDRDMA
a100-llm-05:3781888:3782016 [6] NCCL INFO Channel 00/0 : 5[5] -> 6[6] [receive] via NET/IB/12/GDRDMA
a100-llm-05:3781888:3782003 [3] NCCL INFO New proxy recv connection 0 from local rank 0, transport 2
a100-llm-05:3781888:3782016 [6] NCCL INFO GPU Direct RDMA Enabled for GPU/0-1044560 (rank 6) - NET/0-12 (distance 5 <= 6, read 0, mode Default)
a100-llm-05:3781888:3782009 [6] NCCL INFO New proxy recv connection 1 from local rank 0, transport 2
a100-llm-05:3781888:3782016 [6] NCCL INFO Connected to proxy localRank 0 -> connection 0x7f5b37fae358
a100-llm-05:3781888:3782005 [4] NCCL INFO New proxy recv connection 0 from local rank 0, transport 2
a100-llm-05:3781888:3782015 [7] NCCL INFO Channel 00/0 : 7[7] -> 0[0] [send] via NET/IB/12/GDRDMA
a100-llm-05:3781888:3782015 [7] NCCL INFO GPU Direct RDMA Enabled for GPU/0-1044576 (rank 7) - NET/0-12 (distance 5 <= 6, read 1, mode Default)
a100-llm-05:3781888:3781998 [1] NCCL INFO New proxy recv connection 0 from local rank 0, transport 2
a100-llm-05:3781888:3782013 [0] NCCL INFO New proxy recv connection 0 from local rank 0, transport 2
a100-llm-05:3781888:3782021 [1] NCCL INFO Connected to proxy localRank 0 -> connection 0x7f5a24c593e0
a100-llm-05:3781888:3782018 [4] NCCL INFO Connected to proxy localRank 0 -> connection 0x7f5a18000d10
a100-llm-05:3781888:3782018 [4] NCCL INFO Channel 00/0 : 3[3] -> 4[4] [receive] via NET/IB/11/GDRDMA
a100-llm-05:3781888:3782018 [4] NCCL INFO GPU Direct RDMA Enabled for GPU/0-1036368 (rank 4) - NET/0-11 (distance 5 <= 6, read 0, mode Default)
a100-llm-05:3781888:3782005 [4] NCCL INFO New proxy recv connection 1 from local rank 0, transport 2
a100-llm-05:3781888:3782018 [4] NCCL INFO Connected to proxy localRank 0 -> connection 0x7f5a18000d88
a100-llm-05:3781888:3782018 [4] NCCL INFO Channel 01/0 : 3[3] -> 4[4] [receive] via NET/IB/11/GDRDMA
a100-llm-05:3781888:3782018 [4] NCCL INFO GPU Direct RDMA Enabled for GPU/0-1036368 (rank 4) - NET/0-11 (distance 5 <= 6, read 1, mode Default)
a100-llm-05:3781888:3782021 [1] NCCL INFO Channel 00/0 : 0[0] -> 1[1] [receive] via NET/IB/9/GDRDMA
a100-llm-05:3781888:3782021 [1] NCCL INFO GPU Direct RDMA Enabled for GPU/0-1020000 (rank 1) - NET/0-9 (distance 5 <= 6, read 0, mode Default)
a100-llm-05:3781888:3781998 [1] NCCL INFO New proxy recv connection 1 from local rank 0, transport 2
a100-llm-05:3781888:3782021 [1] NCCL INFO Connected to proxy localRank 0 -> connection 0x7f5a24c59458
a100-llm-05:3781888:3782021 [1] NCCL INFO Channel 01/0 : 0[0] -> 1[1] [receive] via NET/IB/9/GDRDMA
a100-llm-05:3781888:3782021 [1] NCCL INFO GPU Direct RDMA Enabled for GPU/0-1020000 (rank 1) - NET/0-9 (distance 5 <= 6, read 1, mode Default)
a100-llm-05:3781888:3781998 [1] NCCL INFO New proxy send connection 2 from local rank 0, transport 2
a100-llm-05:3781888:3782021 [1] NCCL INFO Connected to proxy localRank 0 -> connection 0x7f5a24c594d0
a100-llm-05:3781888:3782021 [1] NCCL INFO Channel 00/0 : 1[1] -> 2[2] [send] via NET/IB/9/GDRDMA
a100-llm-05:3781888:3782021 [1] NCCL INFO GPU Direct RDMA Enabled for GPU/0-1020000 (rank 1) - NET/0-9 (distance 5 <= 6, read 1, mode Default)
a100-llm-05:3781888:3781998 [1] NCCL INFO New proxy send connection 3 from local rank 0, transport 2
a100-llm-05:3781888:3782021 [1] NCCL INFO Connected to proxy localRank 0 -> connection 0x7f5a24c59548
a100-llm-05:3781888:3782021 [1] NCCL INFO Channel 01/0 : 1[1] -> 2[2] [send] via NET/IB/9/GDRDMA
a100-llm-05:3781888:3782005 [4] NCCL INFO New proxy send connection 2 from local rank 0, transport 2
a100-llm-05:3781888:3782018 [4] NCCL INFO Connected to proxy localRank 0 -> connection 0x7f5a18000e00
a100-llm-05:3781888:3782018 [4] NCCL INFO Channel 00/0 : 4[4] -> 5[5] [send] via NET/IB/11/GDRDMA
a100-llm-05:3781888:3782018 [4] NCCL INFO GPU Direct RDMA Enabled for GPU/0-1036368 (rank 4) - NET/0-11 (distance 5 <= 6, read 1, mode Default)
a100-llm-05:3781888:3782005 [4] NCCL INFO New proxy send connection 3 from local rank 0, transport 2
a100-llm-05:3781888:3782018 [4] NCCL INFO Connected to proxy localRank 0 -> connection 0x7f5a18000e78
a100-llm-05:3781888:3782018 [4] NCCL INFO Channel 01/0 : 4[4] -> 5[5] [send] via NET/IB/11/GDRDMA
a100-llm-05:3781888:3782022 [0] NCCL INFO Connected to proxy localRank 0 -> connection 0x7f5a00009e10
a100-llm-05:3781888:3782022 [0] NCCL INFO Channel 00/0 : 7[7] -> 0[0] [receive] via NET/IB/9/GDRDMA
a100-llm-05:3781888:3782022 [0] NCCL INFO GPU Direct RDMA Enabled for GPU/0-1019984 (rank 0) - NET/0-9 (distance 5 <= 6, read 0, mode Default)
a100-llm-05:3781888:3782013 [0] NCCL INFO New proxy recv connection 1 from local rank 0, transport 2
a100-llm-05:3781888:3782022 [0] NCCL INFO Connected to proxy localRank 0 -> connection 0x7f5a00009e88
a100-llm-05:3781888:3782022 [0] NCCL INFO Channel 01/0 : 7[7] -> 0[0] [receive] via NET/IB/9/GDRDMA
a100-llm-05:3781888:3782022 [0] NCCL INFO GPU Direct RDMA Enabled for GPU/0-1019984 (rank 0) - NET/0-9 (distance 5 <= 6, read 1, mode Default)
a100-llm-05:3781888:3782013 [0] NCCL INFO New proxy send connection 2 from local rank 0, transport 2
a100-llm-05:3781888:3782022 [0] NCCL INFO Connected to proxy localRank 0 -> connection 0x7f5a00009f00
a100-llm-05:3781888:3782022 [0] NCCL INFO Channel 00/0 : 0[0] -> 1[1] [send] via NET/IB/9/GDRDMA
a100-llm-05:3781888:3782022 [0] NCCL INFO GPU Direct RDMA Enabled for GPU/0-1019984 (rank 0) - NET/0-9 (distance 5 <= 6, read 1, mode Default)
a100-llm-05:3781888:3782013 [0] NCCL INFO New proxy send connection 3 from local rank 0, transport 2
a100-llm-05:3781888:3782022 [0] NCCL INFO Connected to proxy localRank 0 -> connection 0x7f5a00009f78
a100-llm-05:3781888:3782022 [0] NCCL INFO Channel 01/0 : 0[0] -> 1[1] [send] via NET/IB/9/GDRDMA
a100-llm-05:3781888:3782006 [5] NCCL INFO New proxy recv connection 1 from local rank 0, transport 2
a100-llm-05:3781888:3782010 [7] NCCL INFO New proxy send connection 3 from local rank 0, transport 2
a100-llm-05:3781888:3782015 [7] NCCL INFO Connected to proxy localRank 0 -> connection 0x7f5a0c000e78
a100-llm-05:3781888:3782019 [3] NCCL INFO Connected to proxy localRank 0 -> connection 0x7f5a14000d10
a100-llm-05:3781888:3782017 [5] NCCL INFO Connected to proxy localRank 0 -> connection 0x7f5a08000d88
a100-llm-05:3781888:3782016 [6] NCCL INFO Channel 01/0 : 5[5] -> 6[6] [receive] via NET/IB/12/GDRDMA
a100-llm-05:3781888:3782016 [6] NCCL INFO GPU Direct RDMA Enabled for GPU/0-1044560 (rank 6) - NET/0-12 (distance 5 <= 6, read 1, mode Default)
a100-llm-05:3781888:3782017 [5] NCCL INFO Channel 01/0 : 4[4] -> 5[5] [receive] via NET/IB/11/GDRDMA
a100-llm-05:3781888:3782017 [5] NCCL INFO GPU Direct RDMA Enabled for GPU/0-1036384 (rank 5) - NET/0-11 (distance 5 <= 6, read 1, mode Default)
a100-llm-05:3781888:3782006 [5] NCCL INFO New proxy send connection 2 from local rank 0, transport 2
a100-llm-05:3781888:3782017 [5] NCCL INFO Connected to proxy localRank 0 -> connection 0x7f5a08000e00
a100-llm-05:3781888:3782009 [6] NCCL INFO New proxy send connection 2 from local rank 0, transport 2
a100-llm-05:3781888:3782019 [3] NCCL INFO Channel 00/0 : 2[2] -> 3[3] [receive] via NET/IB/10/GDRDMA
a100-llm-05:3781888:3782019 [3] NCCL INFO GPU Direct RDMA Enabled for GPU/0-1028192 (rank 3) - NET/0-10 (distance 5 <= 6, read 0, mode Default)
a100-llm-05:3781888:3782015 [7] NCCL INFO Channel 01/0 : 7[7] -> 0[0] [send] via NET/IB/12/GDRDMA
a100-llm-05:3781888:3782016 [6] NCCL INFO Connected to proxy localRank 0 -> connection 0x7f5b37fae3d0
a100-llm-05:3781888:3782017 [5] NCCL INFO Channel 00/0 : 5[5] -> 6[6] [send] via NET/IB/11/GDRDMA
a100-llm-05:3781888:3782017 [5] NCCL INFO GPU Direct RDMA Enabled for GPU/0-1036384 (rank 5) - NET/0-11 (distance 5 <= 6, read 1, mode Default)
a100-llm-05:3781888:3782006 [5] NCCL INFO New proxy send connection 3 from local rank 0, transport 2
a100-llm-05:3781888:3782017 [5] NCCL INFO Connected to proxy localRank 0 -> connection 0x7f5a08000e78
a100-llm-05:3781888:3782017 [5] NCCL INFO Channel 01/0 : 5[5] -> 6[6] [send] via NET/IB/11/GDRDMA
a100-llm-05:3781888:3782003 [3] NCCL INFO New proxy recv connection 1 from local rank 0, transport 2
a100-llm-05:3781888:3782019 [3] NCCL INFO Connected to proxy localRank 0 -> connection 0x7f5a14000d88
a100-llm-05:3781888:3782016 [6] NCCL INFO Channel 00/0 : 6[6] -> 7[7] [send] via NET/IB/12/GDRDMA
a100-llm-05:3781888:3782016 [6] NCCL INFO GPU Direct RDMA Enabled for GPU/0-1044560 (rank 6) - NET/0-12 (distance 5 <= 6, read 1, mode Default)
a100-llm-05:3781888:3782009 [6] NCCL INFO New proxy send connection 3 from local rank 0, transport 2
a100-llm-05:3781888:3782016 [6] NCCL INFO Connected to proxy localRank 0 -> connection 0x7f5b37fae448
a100-llm-05:3781888:3782013 [0] NCCL INFO NET/IB: NCCL Dev 9 IbDev 1 Port 1 qpn 628 mtu 5 GID 3 (0/F34413C6FFFF0000) ctsFifoRkey=0xa5655 ctsFifoLkey=0xa5655
a100-llm-05:3781888:3782013 [0] NCCL INFO NET/IB: IbDev 1 Port 1 qpn 628 query_ece={supported=1, vendor_id=0x15b3, options=0x30000000, comp_mask=0x0}
a100-llm-05:3781888:3782013 [0] NCCL INFO NET/IB: NCCL Dev 9 IbDev 2 Port 1 qpn 372 mtu 5 GID 3 (0/173F13C6FFFF0000) ctsFifoRkey=0x69c5c ctsFifoLkey=0x69c5c
a100-llm-05:3781888:3782013 [0] NCCL INFO NET/IB: IbDev 2 Port 1 qpn 372 query_ece={supported=1, vendor_id=0x15b3, options=0x30000000, comp_mask=0x0}
a100-llm-05:3781888:3782013 [0] NCCL INFO NET/IB: NCCL Dev 9 IbDev 1 Port 1 qpn 629 mtu 5 GID 3 (0/F34413C6FFFF0000) ctsFifoRkey=0xa6261 ctsFifoLkey=0xa6261
a100-llm-05:3781888:3782013 [0] NCCL INFO NET/IB: IbDev 1 Port 1 qpn 629 query_ece={supported=1, vendor_id=0x15b3, options=0x30000000, comp_mask=0x0}
a100-llm-05:3781888:3782013 [0] NCCL INFO NET/IB: NCCL Dev 9 IbDev 2 Port 1 qpn 373 mtu 5 GID 3 (0/173F13C6FFFF0000) ctsFifoRkey=0x6a867 ctsFifoLkey=0x6a867
a100-llm-05:3781888:3782013 [0] NCCL INFO NET/IB: IbDev 2 Port 1 qpn 373 query_ece={supported=1, vendor_id=0x15b3, options=0x30000000, comp_mask=0x0}
a100-llm-05:3781888:3782019 [3] NCCL INFO Channel 01/0 : 2[2] -> 3[3] [receive] via NET/IB/10/GDRDMA
a100-llm-05:3781888:3782019 [3] NCCL INFO GPU Direct RDMA Enabled for GPU/0-1028192 (rank 3) - NET/0-10 (distance 5 <= 6, read 1, mode Default)
a100-llm-05:3781888:3782013 [0] NCCL INFO NET/IB: IbDev 1 Port 1 qpn 628 set_ece={supported=1, vendor_id=0x15b3, options=0x30000000, comp_mask=0x0}
a100-llm-05:3781888:3782013 [0] NCCL INFO NET/IB: IbDev 2 Port 1 qpn 372 set_ece={supported=1, vendor_id=0x15b3, options=0x30000000, comp_mask=0x0}
a100-llm-05:3781888:3782003 [3] NCCL INFO New proxy send connection 2 from local rank 0, transport 2
a100-llm-05:3781888:3782019 [3] NCCL INFO Connected to proxy localRank 0 -> connection 0x7f5a14000e00
a100-llm-05:3781888:3782013 [0] NCCL INFO NET/IB: IbDev 1 Port 1 qpn 629 set_ece={supported=1, vendor_id=0x15b3, options=0x30000000, comp_mask=0x0}
a100-llm-05:3781888:3782016 [6] NCCL INFO Channel 01/0 : 6[6] -> 7[7] [send] via NET/IB/12/GDRDMA
a100-llm-05:3781888:3782013 [0] NCCL INFO NET/IB: IbDev 2 Port 1 qpn 373 set_ece={supported=1, vendor_id=0x15b3, options=0x30000000, comp_mask=0x0}
a100-llm-05:3781888:3782010 [7] NCCL INFO NET/IB: NCCL Dev 12 IbDev 7 Port 1 qpn 628 mtu 5 GID 3 (0/4E5A13C6FFFF0000) ctsFifoRkey=0xa1312 ctsFifoLkey=0xa1312
a100-llm-05:3781888:3782010 [7] NCCL INFO NET/IB: IbDev 7 Port 1 qpn 628 query_ece={supported=1, vendor_id=0x15b3, options=0x30000000, comp_mask=0x0}
a100-llm-05:3781888:3782010 [7] NCCL INFO NET/IB: NCCL Dev 12 IbDev 8 Port 1 qpn 372 mtu 5 GID 3 (0/57B013C6FFFF0000) ctsFifoRkey=0x64504 ctsFifoLkey=0x64504
a100-llm-05:3781888:3782010 [7] NCCL INFO NET/IB: IbDev 8 Port 1 qpn 372 query_ece={supported=1, vendor_id=0x15b3, options=0x30000000, comp_mask=0x0}
a100-llm-05:3781888:3782019 [3] NCCL INFO Channel 00/0 : 3[3] -> 4[4] [send] via NET/IB/10/GDRDMA
a100-llm-05:3781888:3782019 [3] NCCL INFO GPU Direct RDMA Enabled for GPU/0-1028192 (rank 3) - NET/0-10 (distance 5 <= 6, read 1, mode Default)
a100-llm-05:3781888:3782010 [7] NCCL INFO NET/IB: NCCL Dev 12 IbDev 7 Port 1 qpn 629 mtu 5 GID 3 (0/4E5A13C6FFFF0000) ctsFifoRkey=0xa1f1e ctsFifoLkey=0xa1f1e
a100-llm-05:3781888:3782010 [7] NCCL INFO NET/IB: IbDev 7 Port 1 qpn 629 query_ece={supported=1, vendor_id=0x15b3, options=0x30000000, comp_mask=0x0}
a100-llm-05:3781888:3782010 [7] NCCL INFO NET/IB: NCCL Dev 12 IbDev 8 Port 1 qpn 373 mtu 5 GID 3 (0/57B013C6FFFF0000) ctsFifoRkey=0x65110 ctsFifoLkey=0x65110
a100-llm-05:3781888:3782010 [7] NCCL INFO NET/IB: IbDev 8 Port 1 qpn 373 query_ece={supported=1, vendor_id=0x15b3, options=0x30000000, comp_mask=0x0}
a100-llm-05:3781888:3782010 [7] NCCL INFO NET/IB: IbDev 7 Port 1 qpn 628 set_ece={supported=1, vendor_id=0x15b3, options=0x30000000, comp_mask=0x0}
a100-llm-05:3781888:3782010 [7] NCCL INFO NET/IB: IbDev 8 Port 1 qpn 372 set_ece={supported=1, vendor_id=0x15b3, options=0x30000000, comp_mask=0x0}
a100-llm-05:3781888:3782003 [3] NCCL INFO New proxy send connection 3 from local rank 0, transport 2
a100-llm-05:3781888:3782019 [3] NCCL INFO Connected to proxy localRank 0 -> connection 0x7f5a14000e78
a100-llm-05:3781888:3782019 [3] NCCL INFO Channel 01/0 : 3[3] -> 4[4] [send] via NET/IB/10/GDRDMA
a100-llm-05:3781888:3782009 [6] NCCL INFO NET/IB: NCCL Dev 12 IbDev 7 Port 1 qpn 630 mtu 5 GID 3 (0/4E5A13C6FFFF0000) ctsFifoRkey=0xa2b2a ctsFifoLkey=0xa2b2a
a100-llm-05:3781888:3782009 [6] NCCL INFO NET/IB: IbDev 7 Port 1 qpn 630 query_ece={supported=1, vendor_id=0x15b3, options=0x30000000, comp_mask=0x0}
a100-llm-05:3781888:3782009 [6] NCCL INFO NET/IB: NCCL Dev 12 IbDev 8 Port 1 qpn 374 mtu 5 GID 3 (0/57B013C6FFFF0000) ctsFifoRkey=0x65e1d ctsFifoLkey=0x65e1d
a100-llm-05:3781888:3782009 [6] NCCL INFO NET/IB: IbDev 8 Port 1 qpn 374 query_ece={supported=1, vendor_id=0x15b3, options=0x30000000, comp_mask=0x0}
a100-llm-05:3781888:3782009 [6] NCCL INFO NET/IB: NCCL Dev 12 IbDev 7 Port 1 qpn 631 mtu 5 GID 3 (0/4E5A13C6FFFF0000) ctsFifoRkey=0xa3436 ctsFifoLkey=0xa3436
a100-llm-05:3781888:3782009 [6] NCCL INFO NET/IB: IbDev 7 Port 1 qpn 631 query_ece={supported=1, vendor_id=0x15b3, options=0x30000000, comp_mask=0x0}
a100-llm-05:3781888:3782009 [6] NCCL INFO NET/IB: NCCL Dev 12 IbDev 8 Port 1 qpn 375 mtu 5 GID 3 (0/57B013C6FFFF0000) ctsFifoRkey=0x66a29 ctsFifoLkey=0x66a29
a100-llm-05:3781888:3782009 [6] NCCL INFO NET/IB: IbDev 8 Port 1 qpn 375 query_ece={supported=1, vendor_id=0x15b3, options=0x30000000, comp_mask=0x0}
a100-llm-05:3781888:3782006 [5] NCCL INFO NET/IB: NCCL Dev 11 IbDev 5 Port 1 qpn 628 mtu 5 GID 3 (0/520113C6FFFF0000) ctsFifoRkey=0xa7f7e ctsFifoLkey=0xa7f7e
a100-llm-05:3781888:3782006 [5] NCCL INFO NET/IB: IbDev 5 Port 1 qpn 628 query_ece={supported=1, vendor_id=0x15b3, options=0x30000000, comp_mask=0x0}
a100-llm-05:3781888:3782006 [5] NCCL INFO NET/IB: NCCL Dev 11 IbDev 6 Port 1 qpn 372 mtu 5 GID 3 (0/B90713C6FFFF0000) ctsFifoRkey=0x6b271 ctsFifoLkey=0x6b271
a100-llm-05:3781888:3782006 [5] NCCL INFO NET/IB: IbDev 6 Port 1 qpn 372 query_ece={supported=1, vendor_id=0x15b3, options=0x30000000, comp_mask=0x0}
a100-llm-05:3781888:3782006 [5] NCCL INFO NET/IB: NCCL Dev 11 IbDev 5 Port 1 qpn 629 mtu 5 GID 3 (0/520113C6FFFF0000) ctsFifoRkey=0xa8b8a ctsFifoLkey=0xa8b8a
a100-llm-05:3781888:3782006 [5] NCCL INFO NET/IB: IbDev 5 Port 1 qpn 629 query_ece={supported=1, vendor_id=0x15b3, options=0x30000000, comp_mask=0x0}
a100-llm-05:3781888:3781998 [1] NCCL INFO NET/IB: NCCL Dev 9 IbDev 1 Port 1 qpn 638 mtu 5 GID 3 (0/F34413C6FFFF0000) ctsFifoRkey=0xaa09e ctsFifoLkey=0xaa09e
a100-llm-05:3781888:3781998 [1] NCCL INFO NET/IB: IbDev 1 Port 1 qpn 638 query_ece={supported=1, vendor_id=0x15b3, options=0x30000000, comp_mask=0x0}
a100-llm-05:3781888:3782006 [5] NCCL INFO NET/IB: NCCL Dev 11 IbDev 6 Port 1 qpn 373 mtu 5 GID 3 (0/B90713C6FFFF0000) ctsFifoRkey=0x6be7d ctsFifoLkey=0x6be7d
a100-llm-05:3781888:3782006 [5] NCCL INFO NET/IB: IbDev 6 Port 1 qpn 373 query_ece={supported=1, vendor_id=0x15b3, options=0x30000000, comp_mask=0x0}
a100-llm-05:3781888:3781998 [1] NCCL INFO NET/IB: NCCL Dev 9 IbDev 2 Port 1 qpn 382 mtu 5 GID 3 (0/173F13C6FFFF0000) ctsFifoRkey=0x6e4a3 ctsFifoLkey=0x6e4a3
a100-llm-05:3781888:3781998 [1] NCCL INFO NET/IB: IbDev 2 Port 1 qpn 382 query_ece={supported=1, vendor_id=0x15b3, options=0x30000000, comp_mask=0x0}
a100-llm-05:3781888:3781998 [1] NCCL INFO NET/IB: NCCL Dev 9 IbDev 1 Port 1 qpn 639 mtu 5 GID 3 (0/F34413C6FFFF0000) ctsFifoRkey=0xaadab ctsFifoLkey=0xaadab
a100-llm-05:3781888:3781998 [1] NCCL INFO NET/IB: IbDev 1 Port 1 qpn 639 query_ece={supported=1, vendor_id=0x15b3, options=0x30000000, comp_mask=0x0}
a100-llm-05:3781888:3781998 [1] NCCL INFO NET/IB: NCCL Dev 9 IbDev 2 Port 1 qpn 383 mtu 5 GID 3 (0/173F13C6FFFF0000) ctsFifoRkey=0x6f0af ctsFifoLkey=0x6f0af
a100-llm-05:3781888:3781998 [1] NCCL INFO NET/IB: IbDev 2 Port 1 qpn 383 query_ece={supported=1, vendor_id=0x15b3, options=0x30000000, comp_mask=0x0}
a100-llm-05:3781888:3782006 [5] NCCL INFO NET/IB: IbDev 5 Port 1 qpn 628 set_ece={supported=1, vendor_id=0x15b3, options=0x30000000, comp_mask=0x0}
a100-llm-05:3781888:3782006 [5] NCCL INFO NET/IB: IbDev 6 Port 1 qpn 372 set_ece={supported=1, vendor_id=0x15b3, options=0x30000000, comp_mask=0x0}
a100-llm-05:3781888:3782010 [7] NCCL INFO NET/IB: IbDev 7 Port 1 qpn 629 set_ece={supported=1, vendor_id=0x15b3, options=0x30000000, comp_mask=0x0}
a100-llm-05:3781888:3782010 [7] NCCL INFO NET/IB: IbDev 8 Port 1 qpn 373 set_ece={supported=1, vendor_id=0x15b3, options=0x30000000, comp_mask=0x0}
a100-llm-05:3781888:3782006 [5] NCCL INFO NET/IB: IbDev 5 Port 1 qpn 629 set_ece={supported=1, vendor_id=0x15b3, options=0x30000000, comp_mask=0x0}
a100-llm-05:3781888:3782006 [5] NCCL INFO NET/IB: IbDev 6 Port 1 qpn 373 set_ece={supported=1, vendor_id=0x15b3, options=0x30000000, comp_mask=0x0}
a100-llm-05:3781888:3782009 [6] NCCL INFO NET/IB: IbDev 7 Port 1 qpn 630 set_ece={supported=1, vendor_id=0x15b3, options=0x30000000, comp_mask=0x0}
a100-llm-05:3781888:3782005 [4] NCCL INFO NET/IB: NCCL Dev 11 IbDev 5 Port 1 qpn 630 mtu 5 GID 3 (0/520113C6FFFF0000) ctsFifoRkey=0xa9796 ctsFifoLkey=0xa9796
a100-llm-05:3781888:3782005 [4] NCCL INFO NET/IB: IbDev 5 Port 1 qpn 630 query_ece={supported=1, vendor_id=0x15b3, options=0x30000000, comp_mask=0x0}
a100-llm-05:3781888:3782009 [6] NCCL INFO NET/IB: IbDev 8 Port 1 qpn 374 set_ece={supported=1, vendor_id=0x15b3, options=0x30000000, comp_mask=0x0}
a100-llm-05:3781888:3782005 [4] NCCL INFO NET/IB: NCCL Dev 11 IbDev 6 Port 1 qpn 374 mtu 5 GID 3 (0/B90713C6FFFF0000) ctsFifoRkey=0x6ca89 ctsFifoLkey=0x6ca89
a100-llm-05:3781888:3782005 [4] NCCL INFO NET/IB: IbDev 6 Port 1 qpn 374 query_ece={supported=1, vendor_id=0x15b3, options=0x30000000, comp_mask=0x0}
a100-llm-05:3781888:3782003 [3] NCCL INFO NET/IB: NCCL Dev 10 IbDev 3 Port 1 qpn 629 mtu 5 GID 3 (0/220D13C6FFFF0000) ctsFifoRkey=0xa6061 ctsFifoLkey=0xa6061
a100-llm-05:3781888:3782003 [3] NCCL INFO NET/IB: IbDev 3 Port 1 qpn 629 query_ece={supported=1, vendor_id=0x15b3, options=0x30000000, comp_mask=0x0}
a100-llm-05:3781888:3782003 [3] NCCL INFO NET/IB: NCCL Dev 10 IbDev 4 Port 1 qpn 373 mtu 5 GID 3 (0/422613C6FFFF0000) ctsFifoRkey=0x6ce8d ctsFifoLkey=0x6ce8d
a100-llm-05:3781888:3782003 [3] NCCL INFO NET/IB: IbDev 4 Port 1 qpn 373 query_ece={supported=1, vendor_id=0x15b3, options=0x30000000, comp_mask=0x0}
a100-llm-05:3781888:3781998 [1] NCCL INFO NET/IB: IbDev 1 Port 1 qpn 639 set_ece={supported=1, vendor_id=0x15b3, options=0x30000000, comp_mask=0x0}
a100-llm-05:3781888:3781998 [1] NCCL INFO NET/IB: IbDev 2 Port 1 qpn 383 set_ece={supported=1, vendor_id=0x15b3, options=0x30000000, comp_mask=0x0}
a100-llm-05:3781888:3782005 [4] NCCL INFO NET/IB: NCCL Dev 11 IbDev 5 Port 1 qpn 631 mtu 5 GID 3 (0/520113C6FFFF0000) ctsFifoRkey=0xaa3a2 ctsFifoLkey=0xaa3a2
a100-llm-05:3781888:3782005 [4] NCCL INFO NET/IB: IbDev 5 Port 1 qpn 631 query_ece={supported=1, vendor_id=0x15b3, options=0x30000000, comp_mask=0x0}
a100-llm-05:3781888:3782005 [4] NCCL INFO NET/IB: NCCL Dev 11 IbDev 6 Port 1 qpn 375 mtu 5 GID 3 (0/B90713C6FFFF0000) ctsFifoRkey=0x6d695 ctsFifoLkey=0x6d695
a100-llm-05:3781888:3782005 [4] NCCL INFO NET/IB: IbDev 6 Port 1 qpn 375 query_ece={supported=1, vendor_id=0x15b3, options=0x30000000, comp_mask=0x0}
a100-llm-05:3781888:3782001 [2] NCCL INFO NET/IB: NCCL Dev 10 IbDev 3 Port 1 qpn 631 mtu 5 GID 3 (0/220D13C6FFFF0000) ctsFifoRkey=0xa6d6b ctsFifoLkey=0xa6d6b
a100-llm-05:3781888:3782001 [2] NCCL INFO NET/IB: IbDev 3 Port 1 qpn 631 query_ece={supported=1, vendor_id=0x15b3, options=0x30000000, comp_mask=0x0}
a100-llm-05:3781888:3782001 [2] NCCL INFO NET/IB: NCCL Dev 10 IbDev 4 Port 1 qpn 375 mtu 5 GID 3 (0/422613C6FFFF0000) ctsFifoRkey=0x6da99 ctsFifoLkey=0x6da99
a100-llm-05:3781888:3782001 [2] NCCL INFO NET/IB: IbDev 4 Port 1 qpn 375 query_ece={supported=1, vendor_id=0x15b3, options=0x30000000, comp_mask=0x0}
a100-llm-05:3781888:3782003 [3] NCCL INFO NET/IB: NCCL Dev 10 IbDev 3 Port 1 qpn 632 mtu 5 GID 3 (0/220D13C6FFFF0000) ctsFifoRkey=0xa7a78 ctsFifoLkey=0xa7a78
a100-llm-05:3781888:3782003 [3] NCCL INFO NET/IB: IbDev 3 Port 1 qpn 632 query_ece={supported=1, vendor_id=0x15b3, options=0x30000000, comp_mask=0x0}
a100-llm-05:3781888:3782003 [3] NCCL INFO NET/IB: NCCL Dev 10 IbDev 4 Port 1 qpn 376 mtu 5 GID 3 (0/422613C6FFFF0000) ctsFifoRkey=0x6e8a6 ctsFifoLkey=0x6e8a6
a100-llm-05:3781888:3782003 [3] NCCL INFO NET/IB: IbDev 4 Port 1 qpn 376 query_ece={supported=1, vendor_id=0x15b3, options=0x30000000, comp_mask=0x0}
a100-llm-05:3781888:3782009 [6] NCCL INFO NET/IB: IbDev 7 Port 1 qpn 631 set_ece={supported=1, vendor_id=0x15b3, options=0x30000000, comp_mask=0x0}
a100-llm-05:3781888:3782009 [6] NCCL INFO NET/IB: IbDev 8 Port 1 qpn 375 set_ece={supported=1, vendor_id=0x15b3, options=0x30000000, comp_mask=0x0}
a100-llm-05:3781888:3782003 [3] NCCL INFO NET/IB: IbDev 3 Port 1 qpn 629 set_ece={supported=1, vendor_id=0x15b3, options=0x30000000, comp_mask=0x0}
a100-llm-05:3781888:3782003 [3] NCCL INFO NET/IB: IbDev 4 Port 1 qpn 373 set_ece={supported=1, vendor_id=0x15b3, options=0x30000000, comp_mask=0x0}
a100-llm-05:3781888:3781998 [1] NCCL INFO NET/IB: IbDev 1 Port 1 qpn 638 set_ece={supported=1, vendor_id=0x15b3, options=0x30000000, comp_mask=0x0}
a100-llm-05:3781888:3781998 [1] NCCL INFO NET/IB: IbDev 2 Port 1 qpn 382 set_ece={supported=1, vendor_id=0x15b3, options=0x30000000, comp_mask=0x0}
a100-llm-05:3781888:3782005 [4] NCCL INFO NET/IB: IbDev 5 Port 1 qpn 630 set_ece={supported=1, vendor_id=0x15b3, options=0x30000000, comp_mask=0x0}
a100-llm-05:3781888:3782001 [2] NCCL INFO NET/IB: NCCL Dev 10 IbDev 3 Port 1 qpn 637 mtu 5 GID 3 (0/220D13C6FFFF0000) ctsFifoRkey=0xa9e9d ctsFifoLkey=0xa9e9d
a100-llm-05:3781888:3782001 [2] NCCL INFO NET/IB: IbDev 3 Port 1 qpn 637 query_ece={supported=1, vendor_id=0x15b3, options=0x30000000, comp_mask=0x0}
a100-llm-05:3781888:3782001 [2] NCCL INFO NET/IB: NCCL Dev 10 IbDev 4 Port 1 qpn 381 mtu 5 GID 3 (0/422613C6FFFF0000) ctsFifoRkey=0x70bca ctsFifoLkey=0x70bca
a100-llm-05:3781888:3782001 [2] NCCL INFO NET/IB: IbDev 4 Port 1 qpn 381 query_ece={supported=1, vendor_id=0x15b3, options=0x30000000, comp_mask=0x0}
a100-llm-05:3781888:3782005 [4] NCCL INFO NET/IB: IbDev 6 Port 1 qpn 374 set_ece={supported=1, vendor_id=0x15b3, options=0x30000000, comp_mask=0x0}
a100-llm-05:3781888:3782001 [2] NCCL INFO NET/IB: IbDev 3 Port 1 qpn 631 set_ece={supported=1, vendor_id=0x15b3, options=0x30000000, comp_mask=0x0}
a100-llm-05:3781888:3782001 [2] NCCL INFO NET/IB: IbDev 4 Port 1 qpn 375 set_ece={supported=1, vendor_id=0x15b3, options=0x30000000, comp_mask=0x0}
a100-llm-05:3781888:3782005 [4] NCCL INFO NET/IB: IbDev 5 Port 1 qpn 631 set_ece={supported=1, vendor_id=0x15b3, options=0x30000000, comp_mask=0x0}
a100-llm-05:3781888:3782005 [4] NCCL INFO NET/IB: IbDev 6 Port 1 qpn 375 set_ece={supported=1, vendor_id=0x15b3, options=0x30000000, comp_mask=0x0}
a100-llm-05:3781888:3782003 [3] NCCL INFO NET/IB: IbDev 3 Port 1 qpn 632 set_ece={supported=1, vendor_id=0x15b3, options=0x30000000, comp_mask=0x0}
a100-llm-05:3781888:3782003 [3] NCCL INFO NET/IB: IbDev 4 Port 1 qpn 376 set_ece={supported=1, vendor_id=0x15b3, options=0x30000000, comp_mask=0x0}
a100-llm-05:3781888:3782001 [2] NCCL INFO NET/IB: IbDev 3 Port 1 qpn 637 set_ece={supported=1, vendor_id=0x15b3, options=0x30000000, comp_mask=0x0}
a100-llm-05:3781888:3782001 [2] NCCL INFO NET/IB: IbDev 4 Port 1 qpn 381 set_ece={supported=1, vendor_id=0x15b3, options=0x30000000, comp_mask=0x0}
[AIMD] FinalizeChunkRTT: cc=0x7f59fc001390 slot=0 inflight_before=1
warmup done.
[AIMD] FinalizeChunkRTT: cc=0x7f5a0402d9d0 slot=728 inflight_before=6
[AIMD] FinalizeChunkRTT: cc=0x7f5a10017320 slot=609 inflight_before=1
[AIMD] FinalizeChunkRTT: cc=0x7f5a04001390 slot=347 inflight_before=8
a100-llm-05:3781888:3781987 [0] NCCL INFO V2MIN: pressure=1.000 (fast=0.111 slow=0.001 dev=0.1094) state=SHRINK window=204 floor=204 high=3242 low=0 ncc=16
[AIMD] FinalizeChunkRTT: cc=0x7f5a04001390 slot=23 inflight_before=8
[AIMD] FinalizeChunkRTT: cc=0x7f5a10001000 slot=134 inflight_before=2
[AIMD] FinalizeChunkRTT: cc=0x7f5a10001000 slot=821 inflight_before=6
[AIMD] FinalizeChunkRTT: cc=0x7f5a20017320 slot=494 inflight_before=1
[AIMD] FinalizeChunkRTT: cc=0x7f5a10001000 slot=87 inflight_before=2
a100-llm-05:3781888:3781987 [0] NCCL INFO V2MIN: pressure=1.000 (fast=0.116 slow=0.001 dev=0.1145) state=SHRINK window=204 floor=204 high=7960 low=0 ncc=16
[AIMD] FinalizeChunkRTT: cc=0x7f59fc02d9d0 slot=548 inflight_before=1
[AIMD] FinalizeChunkRTT: cc=0x7f5a0402d9d0 slot=908 inflight_before=2
[AIMD] FinalizeChunkRTT: cc=0x7f59fc0176b0 slot=280 inflight_before=1
[AIMD] FinalizeChunkRTT: cc=0x7f59fc02d9d0 slot=560 inflight_before=1
[AIMD] FinalizeChunkRTT: cc=0x7f5a20001000 slot=938 inflight_before=1
a100-llm-05:3781888:3781987 [0] NCCL INFO V2MIN: pressure=1.000 (fast=0.069 slow=0.001 dev=0.0680) state=SHRINK window=204 floor=204 high=12677 low=0 ncc=16
[AIMD] FinalizeChunkRTT: cc=0x7f5a20001000 slot=250 inflight_before=1
[AIMD] FinalizeChunkRTT: cc=0x7f5a0c0c7700 slot=797 inflight_before=4
[AIMD] FinalizeChunkRTT: cc=0x7f5a20001000 slot=278 inflight_before=7
[AIMD] FinalizeChunkRTT: cc=0x7f5a20001000 slot=682 inflight_before=1
[AIMD] FinalizeChunkRTT: cc=0x7f59fc02d9d0 slot=995 inflight_before=1
a100-llm-05:3781888:3781987 [0] NCCL INFO V2MIN: pressure=1.000 (fast=0.166 slow=0.001 dev=0.1649) state=SHRINK window=204 floor=204 high=17385 low=0 ncc=16
[AIMD] FinalizeChunkRTT: cc=0x7f5a04001390 slot=536 inflight_before=1
[AIMD] FinalizeChunkRTT: cc=0x7f5a10001000 slot=314 inflight_before=1
[AIMD] FinalizeChunkRTT: cc=0x7f5a0c0c7700 slot=890 inflight_before=6
[AIMD] FinalizeChunkRTT: cc=0x7f5a0c0c7940 slot=402 inflight_before=8
[AIMD] FinalizeChunkRTT: cc=0x7f5a0402d9d0 slot=887 inflight_before=6
a100-llm-05:3781888:3781987 [0] NCCL INFO V2MIN: pressure=1.000 (fast=0.149 slow=0.001 dev=0.1477) state=SHRINK window=204 floor=204 high=22107 low=0 ncc=16
[AIMD] FinalizeChunkRTT: cc=0x7f5a0402d9d0 slot=274 inflight_before=1
[AIMD] FinalizeChunkRTT: cc=0x7f5a0402d9d0 slot=646 inflight_before=7
[AIMD] FinalizeChunkRTT: cc=0x7f5a0c0c7700 slot=134 inflight_before=1
CSV written to: phase12_sweep_run3/bench_latency_20260416_151800.csv

========================================
  Oracle Experiment Results
========================================
Config: nDev=8  count=1048576  data=4.19 MB  iters=1000
NCCL_AIMD_ENABLE=1  NCCL_CC_ORACLE_FACTOR=(unset)

Wall-clock latency (us):
  mean= 25610.9  stddev= 15317.7
  p50 = 23029.7  p99   = 67956.3  max= 81367.4

Collective max GPU latency (us):
  mean= 24640.8  stddev= 14899.5
  p50 = 22191.1  p99   = 64957.4  max= 81346.6

Rank skew (us):
  mean=  3701.5  stddev=  5509.7
  p50 =   355.8  p99   = 20176.4  max= 25849.9

Avg algo bandwidth: 0.29 GB/s
========================================

