a100-llm-05:3791846:3792003 [1] NCCL INFO GPU Direct RDMA Enabled for GPU/0-1020000 (rank 1) - NET/0-9 (distance 5 <= 6, read 0, mode Default)
a100-llm-05:3791846:3791997 [7] NCCL INFO Channel 00/0 : 6[6] -> 7[7] [receive] via NET/IB/12/GDRDMA
a100-llm-05:3791846:3791997 [7] NCCL INFO GPU Direct RDMA Enabled for GPU/0-1044576 (rank 7) - NET/0-12 (distance 5 <= 6, read 0, mode Default)
a100-llm-05:3791846:3791983 [0] NCCL INFO New proxy recv connection 0 from local rank 0, transport 2
a100-llm-05:3791846:3792002 [2] NCCL INFO Connected to proxy localRank 0 -> connection 0x7f9838000d10
a100-llm-05:3791846:3791991 [5] NCCL INFO New proxy recv connection 0 from local rank 0, transport 2
a100-llm-05:3791846:3791994 [7] NCCL INFO New proxy recv connection 1 from local rank 0, transport 2
a100-llm-05:3791846:3791997 [7] NCCL INFO Connected to proxy localRank 0 -> connection 0x7f99733cec58
a100-llm-05:3791846:3791997 [7] NCCL INFO Channel 01/0 : 6[6] -> 7[7] [receive] via NET/IB/12/GDRDMA
a100-llm-05:3791846:3791997 [7] NCCL INFO GPU Direct RDMA Enabled for GPU/0-1044576 (rank 7) - NET/0-12 (distance 5 <= 6, read 1, mode Default)
a100-llm-05:3791846:3791994 [7] NCCL INFO New proxy send connection 2 from local rank 0, transport 2
a100-llm-05:3791846:3791997 [7] NCCL INFO Connected to proxy localRank 0 -> connection 0x7f99733cecd0
a100-llm-05:3791846:3791997 [7] NCCL INFO Channel 00/0 : 7[7] -> 0[0] [send] via NET/IB/12/GDRDMA
a100-llm-05:3791846:3791997 [7] NCCL INFO GPU Direct RDMA Enabled for GPU/0-1044576 (rank 7) - NET/0-12 (distance 5 <= 6, read 1, mode Default)
a100-llm-05:3791846:3791994 [7] NCCL INFO New proxy send connection 3 from local rank 0, transport 2
a100-llm-05:3791846:3791997 [7] NCCL INFO Connected to proxy localRank 0 -> connection 0x7f99733ced48
a100-llm-05:3791846:3791997 [7] NCCL INFO Channel 01/0 : 7[7] -> 0[0] [send] via NET/IB/12/GDRDMA
a100-llm-05:3791846:3792002 [2] NCCL INFO Channel 00/0 : 1[1] -> 2[2] [receive] via NET/IB/10/GDRDMA
a100-llm-05:3791846:3792002 [2] NCCL INFO GPU Direct RDMA Enabled for GPU/0-1028176 (rank 2) - NET/0-10 (distance 5 <= 6, read 0, mode Default)
a100-llm-05:3791846:3791985 [2] NCCL INFO New proxy recv connection 1 from local rank 0, transport 2
a100-llm-05:3791846:3792002 [2] NCCL INFO Connected to proxy localRank 0 -> connection 0x7f9838000d88
a100-llm-05:3791846:3792002 [2] NCCL INFO Channel 01/0 : 1[1] -> 2[2] [receive] via NET/IB/10/GDRDMA
a100-llm-05:3791846:3792002 [2] NCCL INFO GPU Direct RDMA Enabled for GPU/0-1028176 (rank 2) - NET/0-10 (distance 5 <= 6, read 1, mode Default)
a100-llm-05:3791846:3791985 [2] NCCL INFO New proxy send connection 2 from local rank 0, transport 2
a100-llm-05:3791846:3792002 [2] NCCL INFO Connected to proxy localRank 0 -> connection 0x7f9838000e00
a100-llm-05:3791846:3792002 [2] NCCL INFO Channel 00/0 : 2[2] -> 3[3] [send] via NET/IB/10/GDRDMA
a100-llm-05:3791846:3792002 [2] NCCL INFO GPU Direct RDMA Enabled for GPU/0-1028176 (rank 2) - NET/0-10 (distance 5 <= 6, read 1, mode Default)
a100-llm-05:3791846:3791985 [2] NCCL INFO New proxy send connection 3 from local rank 0, transport 2
a100-llm-05:3791846:3792002 [2] NCCL INFO Connected to proxy localRank 0 -> connection 0x7f9838000e78
a100-llm-05:3791846:3792002 [2] NCCL INFO Channel 01/0 : 2[2] -> 3[3] [send] via NET/IB/10/GDRDMA
a100-llm-05:3791846:3791981 [1] NCCL INFO New proxy recv connection 1 from local rank 0, transport 2
a100-llm-05:3791846:3792003 [1] NCCL INFO Connected to proxy localRank 0 -> connection 0x7f9858cb1118
a100-llm-05:3791846:3791993 [6] NCCL INFO New proxy recv connection 0 from local rank 0, transport 2
a100-llm-05:3791846:3791999 [5] NCCL INFO Connected to proxy localRank 0 -> connection 0x7f982c000d10
a100-llm-05:3791846:3791998 [6] NCCL INFO Connected to proxy localRank 0 -> connection 0x7f984cc593e0
a100-llm-05:3791846:3791988 [3] NCCL INFO New proxy recv connection 0 from local rank 0, transport 2
a100-llm-05:3791846:3791998 [6] NCCL INFO Channel 00/0 : 5[5] -> 6[6] [receive] via NET/IB/12/GDRDMA
a100-llm-05:3791846:3791998 [6] NCCL INFO GPU Direct RDMA Enabled for GPU/0-1044560 (rank 6) - NET/0-12 (distance 5 <= 6, read 0, mode Default)
a100-llm-05:3791846:3791987 [4] NCCL INFO New proxy recv connection 0 from local rank 0, transport 2
a100-llm-05:3791846:3792004 [0] NCCL INFO Connected to proxy localRank 0 -> connection 0x7f998bfd46f0
a100-llm-05:3791846:3792001 [3] NCCL INFO Connected to proxy localRank 0 -> connection 0x7f9830000d10
a100-llm-05:3791846:3792004 [0] NCCL INFO Channel 00/0 : 7[7] -> 0[0] [receive] via NET/IB/9/GDRDMA
a100-llm-05:3791846:3792004 [0] NCCL INFO GPU Direct RDMA Enabled for GPU/0-1019984 (rank 0) - NET/0-9 (distance 5 <= 6, read 0, mode Default)
a100-llm-05:3791846:3791983 [0] NCCL INFO New proxy recv connection 1 from local rank 0, transport 2
a100-llm-05:3791846:3792004 [0] NCCL INFO Connected to proxy localRank 0 -> connection 0x7f998bfd4768
a100-llm-05:3791846:3791999 [5] NCCL INFO Channel 00/0 : 4[4] -> 5[5] [receive] via NET/IB/11/GDRDMA
a100-llm-05:3791846:3791999 [5] NCCL INFO GPU Direct RDMA Enabled for GPU/0-1036384 (rank 5) - NET/0-11 (distance 5 <= 6, read 0, mode Default)
a100-llm-05:3791846:3792004 [0] NCCL INFO Channel 01/0 : 7[7] -> 0[0] [receive] via NET/IB/9/GDRDMA
a100-llm-05:3791846:3792004 [0] NCCL INFO GPU Direct RDMA Enabled for GPU/0-1019984 (rank 0) - NET/0-9 (distance 5 <= 6, read 1, mode Default)
a100-llm-05:3791846:3791983 [0] NCCL INFO New proxy send connection 2 from local rank 0, transport 2
a100-llm-05:3791846:3792004 [0] NCCL INFO Connected to proxy localRank 0 -> connection 0x7f998bfd47e0
a100-llm-05:3791846:3792004 [0] NCCL INFO Channel 00/0 : 0[0] -> 1[1] [send] via NET/IB/9/GDRDMA
a100-llm-05:3791846:3792004 [0] NCCL INFO GPU Direct RDMA Enabled for GPU/0-1019984 (rank 0) - NET/0-9 (distance 5 <= 6, read 1, mode Default)
a100-llm-05:3791846:3791983 [0] NCCL INFO New proxy send connection 3 from local rank 0, transport 2
a100-llm-05:3791846:3792004 [0] NCCL INFO Connected to proxy localRank 0 -> connection 0x7f998bfd4858
a100-llm-05:3791846:3792004 [0] NCCL INFO Channel 01/0 : 0[0] -> 1[1] [send] via NET/IB/9/GDRDMA
a100-llm-05:3791846:3791991 [5] NCCL INFO New proxy recv connection 1 from local rank 0, transport 2
a100-llm-05:3791846:3791999 [5] NCCL INFO Connected to proxy localRank 0 -> connection 0x7f982c000d88
a100-llm-05:3791846:3791999 [5] NCCL INFO Channel 01/0 : 4[4] -> 5[5] [receive] via NET/IB/11/GDRDMA
a100-llm-05:3791846:3791999 [5] NCCL INFO GPU Direct RDMA Enabled for GPU/0-1036384 (rank 5) - NET/0-11 (distance 5 <= 6, read 1, mode Default)
a100-llm-05:3791846:3791991 [5] NCCL INFO New proxy send connection 2 from local rank 0, transport 2
a100-llm-05:3791846:3791999 [5] NCCL INFO Connected to proxy localRank 0 -> connection 0x7f982c000e00
a100-llm-05:3791846:3791999 [5] NCCL INFO Channel 00/0 : 5[5] -> 6[6] [send] via NET/IB/11/GDRDMA
a100-llm-05:3791846:3791999 [5] NCCL INFO GPU Direct RDMA Enabled for GPU/0-1036384 (rank 5) - NET/0-11 (distance 5 <= 6, read 1, mode Default)
a100-llm-05:3791846:3791991 [5] NCCL INFO New proxy send connection 3 from local rank 0, transport 2
a100-llm-05:3791846:3791999 [5] NCCL INFO Connected to proxy localRank 0 -> connection 0x7f982c000e78
a100-llm-05:3791846:3791999 [5] NCCL INFO Channel 01/0 : 5[5] -> 6[6] [send] via NET/IB/11/GDRDMA
a100-llm-05:3791846:3791993 [6] NCCL INFO New proxy recv connection 1 from local rank 0, transport 2
a100-llm-05:3791846:3791998 [6] NCCL INFO Connected to proxy localRank 0 -> connection 0x7f984cc59458
a100-llm-05:3791846:3792003 [1] NCCL INFO Channel 01/0 : 0[0] -> 1[1] [receive] via NET/IB/9/GDRDMA
a100-llm-05:3791846:3792003 [1] NCCL INFO GPU Direct RDMA Enabled for GPU/0-1020000 (rank 1) - NET/0-9 (distance 5 <= 6, read 1, mode Default)
a100-llm-05:3791846:3792000 [4] NCCL INFO Connected to proxy localRank 0 -> connection 0x7f9983fc0d90
a100-llm-05:3791846:3792000 [4] NCCL INFO Channel 00/0 : 3[3] -> 4[4] [receive] via NET/IB/11/GDRDMA
a100-llm-05:3791846:3792000 [4] NCCL INFO GPU Direct RDMA Enabled for GPU/0-1036368 (rank 4) - NET/0-11 (distance 5 <= 6, read 0, mode Default)
a100-llm-05:3791846:3791987 [4] NCCL INFO New proxy recv connection 1 from local rank 0, transport 2
a100-llm-05:3791846:3792000 [4] NCCL INFO Connected to proxy localRank 0 -> connection 0x7f9983fc0e08
a100-llm-05:3791846:3792000 [4] NCCL INFO Channel 01/0 : 3[3] -> 4[4] [receive] via NET/IB/11/GDRDMA
a100-llm-05:3791846:3792000 [4] NCCL INFO GPU Direct RDMA Enabled for GPU/0-1036368 (rank 4) - NET/0-11 (distance 5 <= 6, read 1, mode Default)
a100-llm-05:3791846:3791987 [4] NCCL INFO New proxy send connection 2 from local rank 0, transport 2
a100-llm-05:3791846:3792000 [4] NCCL INFO Connected to proxy localRank 0 -> connection 0x7f9983fc0e80
a100-llm-05:3791846:3792000 [4] NCCL INFO Channel 00/0 : 4[4] -> 5[5] [send] via NET/IB/11/GDRDMA
a100-llm-05:3791846:3792000 [4] NCCL INFO GPU Direct RDMA Enabled for GPU/0-1036368 (rank 4) - NET/0-11 (distance 5 <= 6, read 1, mode Default)
a100-llm-05:3791846:3791987 [4] NCCL INFO New proxy send connection 3 from local rank 0, transport 2
a100-llm-05:3791846:3792000 [4] NCCL INFO Connected to proxy localRank 0 -> connection 0x7f9983fc0ef8
a100-llm-05:3791846:3792000 [4] NCCL INFO Channel 01/0 : 4[4] -> 5[5] [send] via NET/IB/11/GDRDMA
a100-llm-05:3791846:3791981 [1] NCCL INFO New proxy send connection 2 from local rank 0, transport 2
a100-llm-05:3791846:3792001 [3] NCCL INFO Channel 00/0 : 2[2] -> 3[3] [receive] via NET/IB/10/GDRDMA
a100-llm-05:3791846:3792001 [3] NCCL INFO GPU Direct RDMA Enabled for GPU/0-1028192 (rank 3) - NET/0-10 (distance 5 <= 6, read 0, mode Default)
a100-llm-05:3791846:3791998 [6] NCCL INFO Channel 01/0 : 5[5] -> 6[6] [receive] via NET/IB/12/GDRDMA
a100-llm-05:3791846:3791998 [6] NCCL INFO GPU Direct RDMA Enabled for GPU/0-1044560 (rank 6) - NET/0-12 (distance 5 <= 6, read 1, mode Default)
a100-llm-05:3791846:3792003 [1] NCCL INFO Connected to proxy localRank 0 -> connection 0x7f9858cb1190
a100-llm-05:3791846:3791993 [6] NCCL INFO New proxy send connection 2 from local rank 0, transport 2
a100-llm-05:3791846:3791988 [3] NCCL INFO New proxy recv connection 1 from local rank 0, transport 2
a100-llm-05:3791846:3792003 [1] NCCL INFO Channel 00/0 : 1[1] -> 2[2] [send] via NET/IB/9/GDRDMA
a100-llm-05:3791846:3792003 [1] NCCL INFO GPU Direct RDMA Enabled for GPU/0-1020000 (rank 1) - NET/0-9 (distance 5 <= 6, read 1, mode Default)
a100-llm-05:3791846:3792001 [3] NCCL INFO Connected to proxy localRank 0 -> connection 0x7f9830000d88
a100-llm-05:3791846:3791998 [6] NCCL INFO Connected to proxy localRank 0 -> connection 0x7f984cc594d0
a100-llm-05:3791846:3791981 [1] NCCL INFO New proxy send connection 3 from local rank 0, transport 2
a100-llm-05:3791846:3792001 [3] NCCL INFO Channel 01/0 : 2[2] -> 3[3] [receive] via NET/IB/10/GDRDMA
a100-llm-05:3791846:3792001 [3] NCCL INFO GPU Direct RDMA Enabled for GPU/0-1028192 (rank 3) - NET/0-10 (distance 5 <= 6, read 1, mode Default)
a100-llm-05:3791846:3791988 [3] NCCL INFO New proxy send connection 2 from local rank 0, transport 2
a100-llm-05:3791846:3792003 [1] NCCL INFO Connected to proxy localRank 0 -> connection 0x7f9858cb1208
a100-llm-05:3791846:3792003 [1] NCCL INFO Channel 01/0 : 1[1] -> 2[2] [send] via NET/IB/9/GDRDMA
a100-llm-05:3791846:3792001 [3] NCCL INFO Connected to proxy localRank 0 -> connection 0x7f9830000e00
a100-llm-05:3791846:3791998 [6] NCCL INFO Channel 00/0 : 6[6] -> 7[7] [send] via NET/IB/12/GDRDMA
a100-llm-05:3791846:3791998 [6] NCCL INFO GPU Direct RDMA Enabled for GPU/0-1044560 (rank 6) - NET/0-12 (distance 5 <= 6, read 1, mode Default)
a100-llm-05:3791846:3792001 [3] NCCL INFO Channel 00/0 : 3[3] -> 4[4] [send] via NET/IB/10/GDRDMA
a100-llm-05:3791846:3792001 [3] NCCL INFO GPU Direct RDMA Enabled for GPU/0-1028192 (rank 3) - NET/0-10 (distance 5 <= 6, read 1, mode Default)
a100-llm-05:3791846:3791993 [6] NCCL INFO New proxy send connection 3 from local rank 0, transport 2
a100-llm-05:3791846:3791988 [3] NCCL INFO New proxy send connection 3 from local rank 0, transport 2
a100-llm-05:3791846:3792001 [3] NCCL INFO Connected to proxy localRank 0 -> connection 0x7f9830000e78
a100-llm-05:3791846:3791983 [0] NCCL INFO NET/IB: NCCL Dev 9 IbDev 1 Port 1 qpn 676 mtu 5 GID 3 (0/F34413C6FFFF0000) ctsFifoRkey=0xbe1e0 ctsFifoLkey=0xbe1e0
a100-llm-05:3791846:3791983 [0] NCCL INFO NET/IB: IbDev 1 Port 1 qpn 676 query_ece={supported=1, vendor_id=0x15b3, options=0x30000000, comp_mask=0x0}
a100-llm-05:3791846:3791983 [0] NCCL INFO NET/IB: NCCL Dev 9 IbDev 2 Port 1 qpn 420 mtu 5 GID 3 (0/173F13C6FFFF0000) ctsFifoRkey=0x824e4 ctsFifoLkey=0x824e4
a100-llm-05:3791846:3791983 [0] NCCL INFO NET/IB: IbDev 2 Port 1 qpn 420 query_ece={supported=1, vendor_id=0x15b3, options=0x30000000, comp_mask=0x0}
a100-llm-05:3791846:3791983 [0] NCCL INFO NET/IB: NCCL Dev 9 IbDev 1 Port 1 qpn 677 mtu 5 GID 3 (0/F34413C6FFFF0000) ctsFifoRkey=0xbedec ctsFifoLkey=0xbedec
a100-llm-05:3791846:3791983 [0] NCCL INFO NET/IB: IbDev 1 Port 1 qpn 677 query_ece={supported=1, vendor_id=0x15b3, options=0x30000000, comp_mask=0x0}
a100-llm-05:3791846:3791983 [0] NCCL INFO NET/IB: NCCL Dev 9 IbDev 2 Port 1 qpn 421 mtu 5 GID 3 (0/173F13C6FFFF0000) ctsFifoRkey=0x832ef ctsFifoLkey=0x832ef
a100-llm-05:3791846:3791983 [0] NCCL INFO NET/IB: IbDev 2 Port 1 qpn 421 query_ece={supported=1, vendor_id=0x15b3, options=0x30000000, comp_mask=0x0}
a100-llm-05:3791846:3791998 [6] NCCL INFO Connected to proxy localRank 0 -> connection 0x7f984cc59548
a100-llm-05:3791846:3792001 [3] NCCL INFO Channel 01/0 : 3[3] -> 4[4] [send] via NET/IB/10/GDRDMA
a100-llm-05:3791846:3791998 [6] NCCL INFO Channel 01/0 : 6[6] -> 7[7] [send] via NET/IB/12/GDRDMA
a100-llm-05:3791846:3791994 [7] NCCL INFO NET/IB: NCCL Dev 12 IbDev 7 Port 1 qpn 676 mtu 5 GID 3 (0/4E5A13C6FFFF0000) ctsFifoRkey=0xb8387 ctsFifoLkey=0xb8387
a100-llm-05:3791846:3791994 [7] NCCL INFO NET/IB: IbDev 7 Port 1 qpn 676 query_ece={supported=1, vendor_id=0x15b3, options=0x30000000, comp_mask=0x0}
a100-llm-05:3791846:3791994 [7] NCCL INFO NET/IB: NCCL Dev 12 IbDev 8 Port 1 qpn 420 mtu 5 GID 3 (0/57B013C6FFFF0000) ctsFifoRkey=0x7cb89 ctsFifoLkey=0x7cb89
a100-llm-05:3791846:3791994 [7] NCCL INFO NET/IB: IbDev 8 Port 1 qpn 420 query_ece={supported=1, vendor_id=0x15b3, options=0x30000000, comp_mask=0x0}
a100-llm-05:3791846:3791981 [1] NCCL INFO NET/IB: NCCL Dev 9 IbDev 1 Port 1 qpn 682 mtu 5 GID 3 (0/F34413C6FFFF0000) ctsFifoRkey=0xc0d0c ctsFifoLkey=0xc0d0c
a100-llm-05:3791846:3791981 [1] NCCL INFO NET/IB: IbDev 1 Port 1 qpn 682 query_ece={supported=1, vendor_id=0x15b3, options=0x30000000, comp_mask=0x0}
a100-llm-05:3791846:3791981 [1] NCCL INFO NET/IB: NCCL Dev 9 IbDev 2 Port 1 qpn 426 mtu 5 GID 3 (0/173F13C6FFFF0000) ctsFifoRkey=0x85514 ctsFifoLkey=0x85514
a100-llm-05:3791846:3791981 [1] NCCL INFO NET/IB: IbDev 2 Port 1 qpn 426 query_ece={supported=1, vendor_id=0x15b3, options=0x30000000, comp_mask=0x0}
a100-llm-05:3791846:3791983 [0] NCCL INFO NET/IB: IbDev 1 Port 1 qpn 676 set_ece={supported=1, vendor_id=0x15b3, options=0x30000000, comp_mask=0x0}
a100-llm-05:3791846:3791981 [1] NCCL INFO NET/IB: NCCL Dev 9 IbDev 1 Port 1 qpn 683 mtu 5 GID 3 (0/F34413C6FFFF0000) ctsFifoRkey=0xc1817 ctsFifoLkey=0xc1817
a100-llm-05:3791846:3791981 [1] NCCL INFO NET/IB: IbDev 1 Port 1 qpn 683 query_ece={supported=1, vendor_id=0x15b3, options=0x30000000, comp_mask=0x0}
a100-llm-05:3791846:3791981 [1] NCCL INFO NET/IB: NCCL Dev 9 IbDev 2 Port 1 qpn 427 mtu 5 GID 3 (0/173F13C6FFFF0000) ctsFifoRkey=0x85f1f ctsFifoLkey=0x85f1f
a100-llm-05:3791846:3791981 [1] NCCL INFO NET/IB: IbDev 2 Port 1 qpn 427 query_ece={supported=1, vendor_id=0x15b3, options=0x30000000, comp_mask=0x0}
a100-llm-05:3791846:3791983 [0] NCCL INFO NET/IB: IbDev 2 Port 1 qpn 420 set_ece={supported=1, vendor_id=0x15b3, options=0x30000000, comp_mask=0x0}
a100-llm-05:3791846:3791983 [0] NCCL INFO NET/IB: IbDev 1 Port 1 qpn 677 set_ece={supported=1, vendor_id=0x15b3, options=0x30000000, comp_mask=0x0}
a100-llm-05:3791846:3791983 [0] NCCL INFO NET/IB: IbDev 2 Port 1 qpn 421 set_ece={supported=1, vendor_id=0x15b3, options=0x30000000, comp_mask=0x0}
a100-llm-05:3791846:3791985 [2] NCCL INFO NET/IB: NCCL Dev 10 IbDev 3 Port 1 qpn 678 mtu 5 GID 3 (0/220D13C6FFFF0000) ctsFifoRkey=0xbe2e1 ctsFifoLkey=0xbe2e1
a100-llm-05:3791846:3791985 [2] NCCL INFO NET/IB: IbDev 3 Port 1 qpn 678 query_ece={supported=1, vendor_id=0x15b3, options=0x30000000, comp_mask=0x0}
a100-llm-05:3791846:3791985 [2] NCCL INFO NET/IB: NCCL Dev 10 IbDev 4 Port 1 qpn 422 mtu 5 GID 3 (0/422613C6FFFF0000) ctsFifoRkey=0x85413 ctsFifoLkey=0x85413
a100-llm-05:3791846:3791985 [2] NCCL INFO NET/IB: IbDev 4 Port 1 qpn 422 query_ece={supported=1, vendor_id=0x15b3, options=0x30000000, comp_mask=0x0}
a100-llm-05:3791846:3791994 [7] NCCL INFO NET/IB: NCCL Dev 12 IbDev 7 Port 1 qpn 677 mtu 5 GID 3 (0/4E5A13C6FFFF0000) ctsFifoRkey=0xb8f8e ctsFifoLkey=0xb8f8e
a100-llm-05:3791846:3791994 [7] NCCL INFO NET/IB: IbDev 7 Port 1 qpn 677 query_ece={supported=1, vendor_id=0x15b3, options=0x30000000, comp_mask=0x0}
a100-llm-05:3791846:3791994 [7] NCCL INFO NET/IB: NCCL Dev 12 IbDev 8 Port 1 qpn 421 mtu 5 GID 3 (0/57B013C6FFFF0000) ctsFifoRkey=0x7d796 ctsFifoLkey=0x7d796
a100-llm-05:3791846:3791994 [7] NCCL INFO NET/IB: IbDev 8 Port 1 qpn 421 query_ece={supported=1, vendor_id=0x15b3, options=0x30000000, comp_mask=0x0}
a100-llm-05:3791846:3791985 [2] NCCL INFO NET/IB: NCCL Dev 10 IbDev 3 Port 1 qpn 681 mtu 5 GID 3 (0/220D13C6FFFF0000) ctsFifoRkey=0xbf4f9 ctsFifoLkey=0xbf4f9
a100-llm-05:3791846:3791985 [2] NCCL INFO NET/IB: IbDev 3 Port 1 qpn 681 query_ece={supported=1, vendor_id=0x15b3, options=0x30000000, comp_mask=0x0}
a100-llm-05:3791846:3791985 [2] NCCL INFO NET/IB: NCCL Dev 10 IbDev 4 Port 1 qpn 425 mtu 5 GID 3 (0/422613C6FFFF0000) ctsFifoRkey=0x86a29 ctsFifoLkey=0x86a29
a100-llm-05:3791846:3791985 [2] NCCL INFO NET/IB: IbDev 4 Port 1 qpn 425 query_ece={supported=1, vendor_id=0x15b3, options=0x30000000, comp_mask=0x0}
a100-llm-05:3791846:3791981 [1] NCCL INFO NET/IB: IbDev 1 Port 1 qpn 682 set_ece={supported=1, vendor_id=0x15b3, options=0x30000000, comp_mask=0x0}
a100-llm-05:3791846:3791994 [7] NCCL INFO NET/IB: IbDev 7 Port 1 qpn 676 set_ece={supported=1, vendor_id=0x15b3, options=0x30000000, comp_mask=0x0}
a100-llm-05:3791846:3791981 [1] NCCL INFO NET/IB: IbDev 2 Port 1 qpn 426 set_ece={supported=1, vendor_id=0x15b3, options=0x30000000, comp_mask=0x0}
a100-llm-05:3791846:3791994 [7] NCCL INFO NET/IB: IbDev 8 Port 1 qpn 420 set_ece={supported=1, vendor_id=0x15b3, options=0x30000000, comp_mask=0x0}
a100-llm-05:3791846:3791987 [4] NCCL INFO NET/IB: NCCL Dev 11 IbDev 5 Port 1 qpn 676 mtu 5 GID 3 (0/520113C6FFFF0000) ctsFifoRkey=0xbfbfa ctsFifoLkey=0xbfbfa
a100-llm-05:3791846:3791987 [4] NCCL INFO NET/IB: IbDev 5 Port 1 qpn 676 query_ece={supported=1, vendor_id=0x15b3, options=0x30000000, comp_mask=0x0}
a100-llm-05:3791846:3791991 [5] NCCL INFO NET/IB: NCCL Dev 11 IbDev 5 Port 1 qpn 677 mtu 5 GID 3 (0/520113C6FFFF0000) ctsFifoRkey=0xc0907 ctsFifoLkey=0xc0907
a100-llm-05:3791846:3791991 [5] NCCL INFO NET/IB: IbDev 5 Port 1 qpn 677 query_ece={supported=1, vendor_id=0x15b3, options=0x30000000, comp_mask=0x0}
a100-llm-05:3791846:3791987 [4] NCCL INFO NET/IB: NCCL Dev 11 IbDev 6 Port 1 qpn 420 mtu 5 GID 3 (0/B90713C6FFFF0000) ctsFifoRkey=0x833f2 ctsFifoLkey=0x833f2
a100-llm-05:3791846:3791987 [4] NCCL INFO NET/IB: IbDev 6 Port 1 qpn 420 query_ece={supported=1, vendor_id=0x15b3, options=0x30000000, comp_mask=0x0}
a100-llm-05:3791846:3791991 [5] NCCL INFO NET/IB: NCCL Dev 11 IbDev 6 Port 1 qpn 421 mtu 5 GID 3 (0/B90713C6FFFF0000) ctsFifoRkey=0x83cfd ctsFifoLkey=0x83cfd
a100-llm-05:3791846:3791991 [5] NCCL INFO NET/IB: IbDev 6 Port 1 qpn 421 query_ece={supported=1, vendor_id=0x15b3, options=0x30000000, comp_mask=0x0}
a100-llm-05:3791846:3791981 [1] NCCL INFO NET/IB: IbDev 1 Port 1 qpn 683 set_ece={supported=1, vendor_id=0x15b3, options=0x30000000, comp_mask=0x0}
a100-llm-05:3791846:3791994 [7] NCCL INFO NET/IB: IbDev 7 Port 1 qpn 677 set_ece={supported=1, vendor_id=0x15b3, options=0x30000000, comp_mask=0x0}
a100-llm-05:3791846:3791981 [1] NCCL INFO NET/IB: IbDev 2 Port 1 qpn 427 set_ece={supported=1, vendor_id=0x15b3, options=0x30000000, comp_mask=0x0}
a100-llm-05:3791846:3791994 [7] NCCL INFO NET/IB: IbDev 8 Port 1 qpn 421 set_ece={supported=1, vendor_id=0x15b3, options=0x30000000, comp_mask=0x0}
a100-llm-05:3791846:3791987 [4] NCCL INFO NET/IB: IbDev 5 Port 1 qpn 676 set_ece={supported=1, vendor_id=0x15b3, options=0x30000000, comp_mask=0x0}
a100-llm-05:3791846:3791987 [4] NCCL INFO NET/IB: IbDev 6 Port 1 qpn 420 set_ece={supported=1, vendor_id=0x15b3, options=0x30000000, comp_mask=0x0}
a100-llm-05:3791846:3791991 [5] NCCL INFO NET/IB: NCCL Dev 11 IbDev 5 Port 1 qpn 680 mtu 5 GID 3 (0/520113C6FFFF0000) ctsFifoRkey=0xc2120 ctsFifoLkey=0xc2120
a100-llm-05:3791846:3791991 [5] NCCL INFO NET/IB: IbDev 5 Port 1 qpn 680 query_ece={supported=1, vendor_id=0x15b3, options=0x30000000, comp_mask=0x0}
a100-llm-05:3791846:3791991 [5] NCCL INFO NET/IB: NCCL Dev 11 IbDev 6 Port 1 qpn 424 mtu 5 GID 3 (0/B90713C6FFFF0000) ctsFifoRkey=0x85714 ctsFifoLkey=0x85714
a100-llm-05:3791846:3791991 [5] NCCL INFO NET/IB: IbDev 6 Port 1 qpn 424 query_ece={supported=1, vendor_id=0x15b3, options=0x30000000, comp_mask=0x0}
a100-llm-05:3791846:3791991 [5] NCCL INFO NET/IB: IbDev 5 Port 1 qpn 677 set_ece={supported=1, vendor_id=0x15b3, options=0x30000000, comp_mask=0x0}
a100-llm-05:3791846:3791991 [5] NCCL INFO NET/IB: IbDev 6 Port 1 qpn 421 set_ece={supported=1, vendor_id=0x15b3, options=0x30000000, comp_mask=0x0}
a100-llm-05:3791846:3791993 [6] NCCL INFO NET/IB: NCCL Dev 12 IbDev 7 Port 1 qpn 680 mtu 5 GID 3 (0/4E5A13C6FFFF0000) ctsFifoRkey=0xba7a6 ctsFifoLkey=0xba7a6
a100-llm-05:3791846:3791993 [6] NCCL INFO NET/IB: IbDev 7 Port 1 qpn 680 query_ece={supported=1, vendor_id=0x15b3, options=0x30000000, comp_mask=0x0}
a100-llm-05:3791846:3791988 [3] NCCL INFO NET/IB: NCCL Dev 10 IbDev 3 Port 1 qpn 684 mtu 5 GID 3 (0/220D13C6FFFF0000) ctsFifoRkey=0xc0c0c ctsFifoLkey=0xc0c0c
a100-llm-05:3791846:3791988 [3] NCCL INFO NET/IB: IbDev 3 Port 1 qpn 684 query_ece={supported=1, vendor_id=0x15b3, options=0x30000000, comp_mask=0x0}
a100-llm-05:3791846:3791988 [3] NCCL INFO NET/IB: NCCL Dev 10 IbDev 4 Port 1 qpn 428 mtu 5 GID 3 (0/422613C6FFFF0000) ctsFifoRkey=0x88543 ctsFifoLkey=0x88543
a100-llm-05:3791846:3791988 [3] NCCL INFO NET/IB: IbDev 4 Port 1 qpn 428 query_ece={supported=1, vendor_id=0x15b3, options=0x30000000, comp_mask=0x0}
a100-llm-05:3791846:3791993 [6] NCCL INFO NET/IB: NCCL Dev 12 IbDev 8 Port 1 qpn 424 mtu 5 GID 3 (0/57B013C6FFFF0000) ctsFifoRkey=0x7efae ctsFifoLkey=0x7efae
a100-llm-05:3791846:3791993 [6] NCCL INFO NET/IB: IbDev 8 Port 1 qpn 424 query_ece={supported=1, vendor_id=0x15b3, options=0x30000000, comp_mask=0x0}
a100-llm-05:3791846:3791985 [2] NCCL INFO NET/IB: IbDev 3 Port 1 qpn 681 set_ece={supported=1, vendor_id=0x15b3, options=0x30000000, comp_mask=0x0}
a100-llm-05:3791846:3791985 [2] NCCL INFO NET/IB: IbDev 4 Port 1 qpn 425 set_ece={supported=1, vendor_id=0x15b3, options=0x30000000, comp_mask=0x0}
a100-llm-05:3791846:3791991 [5] NCCL INFO NET/IB: IbDev 5 Port 1 qpn 680 set_ece={supported=1, vendor_id=0x15b3, options=0x30000000, comp_mask=0x0}
a100-llm-05:3791846:3791985 [2] NCCL INFO NET/IB: IbDev 3 Port 1 qpn 678 set_ece={supported=1, vendor_id=0x15b3, options=0x30000000, comp_mask=0x0}
a100-llm-05:3791846:3791985 [2] NCCL INFO NET/IB: IbDev 4 Port 1 qpn 422 set_ece={supported=1, vendor_id=0x15b3, options=0x30000000, comp_mask=0x0}
a100-llm-05:3791846:3791993 [6] NCCL INFO NET/IB: NCCL Dev 12 IbDev 7 Port 1 qpn 685 mtu 5 GID 3 (0/4E5A13C6FFFF0000) ctsFifoRkey=0xbcccb ctsFifoLkey=0xbcccb
a100-llm-05:3791846:3791993 [6] NCCL INFO NET/IB: IbDev 7 Port 1 qpn 685 query_ece={supported=1, vendor_id=0x15b3, options=0x30000000, comp_mask=0x0}
a100-llm-05:3791846:3791993 [6] NCCL INFO NET/IB: NCCL Dev 12 IbDev 8 Port 1 qpn 429 mtu 5 GID 3 (0/57B013C6FFFF0000) ctsFifoRkey=0x810cf ctsFifoLkey=0x810cf
a100-llm-05:3791846:3791993 [6] NCCL INFO NET/IB: IbDev 8 Port 1 qpn 429 query_ece={supported=1, vendor_id=0x15b3, options=0x30000000, comp_mask=0x0}
a100-llm-05:3791846:3791991 [5] NCCL INFO NET/IB: IbDev 6 Port 1 qpn 424 set_ece={supported=1, vendor_id=0x15b3, options=0x30000000, comp_mask=0x0}
a100-llm-05:3791846:3791988 [3] NCCL INFO NET/IB: NCCL Dev 10 IbDev 3 Port 1 qpn 687 mtu 5 GID 3 (0/220D13C6FFFF0000) ctsFifoRkey=0xc2624 ctsFifoLkey=0xc2624
a100-llm-05:3791846:3791988 [3] NCCL INFO NET/IB: IbDev 3 Port 1 qpn 687 query_ece={supported=1, vendor_id=0x15b3, options=0x30000000, comp_mask=0x0}
a100-llm-05:3791846:3791988 [3] NCCL INFO NET/IB: NCCL Dev 10 IbDev 4 Port 1 qpn 431 mtu 5 GID 3 (0/422613C6FFFF0000) ctsFifoRkey=0x89e5c ctsFifoLkey=0x89e5c
a100-llm-05:3791846:3791988 [3] NCCL INFO NET/IB: IbDev 4 Port 1 qpn 431 query_ece={supported=1, vendor_id=0x15b3, options=0x30000000, comp_mask=0x0}
a100-llm-05:3791846:3791993 [6] NCCL INFO NET/IB: IbDev 7 Port 1 qpn 680 set_ece={supported=1, vendor_id=0x15b3, options=0x30000000, comp_mask=0x0}
a100-llm-05:3791846:3791993 [6] NCCL INFO NET/IB: IbDev 8 Port 1 qpn 424 set_ece={supported=1, vendor_id=0x15b3, options=0x30000000, comp_mask=0x0}
a100-llm-05:3791846:3791993 [6] NCCL INFO NET/IB: IbDev 7 Port 1 qpn 685 set_ece={supported=1, vendor_id=0x15b3, options=0x30000000, comp_mask=0x0}
a100-llm-05:3791846:3791993 [6] NCCL INFO NET/IB: IbDev 8 Port 1 qpn 429 set_ece={supported=1, vendor_id=0x15b3, options=0x30000000, comp_mask=0x0}
a100-llm-05:3791846:3791988 [3] NCCL INFO NET/IB: IbDev 3 Port 1 qpn 684 set_ece={supported=1, vendor_id=0x15b3, options=0x30000000, comp_mask=0x0}
a100-llm-05:3791846:3791988 [3] NCCL INFO NET/IB: IbDev 4 Port 1 qpn 428 set_ece={supported=1, vendor_id=0x15b3, options=0x30000000, comp_mask=0x0}
a100-llm-05:3791846:3791987 [4] NCCL INFO NET/IB: NCCL Dev 11 IbDev 5 Port 1 qpn 683 mtu 5 GID 3 (0/520113C6FFFF0000) ctsFifoRkey=0xc3838 ctsFifoLkey=0xc3838
a100-llm-05:3791846:3791987 [4] NCCL INFO NET/IB: IbDev 5 Port 1 qpn 683 query_ece={supported=1, vendor_id=0x15b3, options=0x30000000, comp_mask=0x0}
a100-llm-05:3791846:3791987 [4] NCCL INFO NET/IB: NCCL Dev 11 IbDev 6 Port 1 qpn 427 mtu 5 GID 3 (0/B90713C6FFFF0000) ctsFifoRkey=0x86d2c ctsFifoLkey=0x86d2c
a100-llm-05:3791846:3791987 [4] NCCL INFO NET/IB: IbDev 6 Port 1 qpn 427 query_ece={supported=1, vendor_id=0x15b3, options=0x30000000, comp_mask=0x0}
a100-llm-05:3791846:3791988 [3] NCCL INFO NET/IB: IbDev 3 Port 1 qpn 687 set_ece={supported=1, vendor_id=0x15b3, options=0x30000000, comp_mask=0x0}
a100-llm-05:3791846:3791988 [3] NCCL INFO NET/IB: IbDev 4 Port 1 qpn 431 set_ece={supported=1, vendor_id=0x15b3, options=0x30000000, comp_mask=0x0}
a100-llm-05:3791846:3791987 [4] NCCL INFO NET/IB: IbDev 5 Port 1 qpn 683 set_ece={supported=1, vendor_id=0x15b3, options=0x30000000, comp_mask=0x0}
a100-llm-05:3791846:3791987 [4] NCCL INFO NET/IB: IbDev 6 Port 1 qpn 427 set_ece={supported=1, vendor_id=0x15b3, options=0x30000000, comp_mask=0x0}
[AIMD] FinalizeChunkRTT: cc=0x7f9844001000 slot=0 inflight_before=1
[AIMD] FinalizeChunkRTT: cc=0x7f9838006dc0 slot=589 inflight_before=8
warmup done.
[AIMD] FinalizeChunkRTT: cc=0x7f982c0659a0 slot=334 inflight_before=6
[AIMD] FinalizeChunkRTT: cc=0x7f982c0659a0 slot=332 inflight_before=7
a100-llm-05:3791846:3791972 [0] NCCL INFO V2MIN: pressure=1.000 (fast=0.230 slow=0.001 dev=0.2288) state=SHRINK window=204 floor=204 high=3008 low=0 ncc=16
[AIMD] FinalizeChunkRTT: cc=0x7f9834017320 slot=274 inflight_before=1
[AIMD] FinalizeChunkRTT: cc=0x7f9838006dc0 slot=132 inflight_before=1
[AIMD] FinalizeChunkRTT: cc=0x7f9820017320 slot=861 inflight_before=8
[AIMD] FinalizeChunkRTT: cc=0x7f9834001000 slot=522 inflight_before=1
[AIMD] FinalizeChunkRTT: cc=0x7f9830065420 slot=436 inflight_before=1
a100-llm-05:3791846:3791972 [0] NCCL INFO V2MIN: pressure=1.000 (fast=0.121 slow=0.001 dev=0.1200) state=SHRINK window=204 floor=204 high=7726 low=0 ncc=16
[AIMD] FinalizeChunkRTT: cc=0x7f9820001000 slot=98 inflight_before=1
[AIMD] FinalizeChunkRTT: cc=0x7f9844001000 slot=535 inflight_before=8
[AIMD] FinalizeChunkRTT: cc=0x7f9844001000 slot=1 inflight_before=8
[AIMD] FinalizeChunkRTT: cc=0x7f9844001000 slot=519 inflight_before=8
[AIMD] FinalizeChunkRTT: cc=0x7f982c0659a0 slot=52 inflight_before=4
a100-llm-05:3791846:3791972 [0] NCCL INFO V2MIN: pressure=1.000 (fast=0.194 slow=0.001 dev=0.1929) state=SHRINK window=204 floor=204 high=12453 low=0 ncc=16
[AIMD] FinalizeChunkRTT: cc=0x7f983c001000 slot=614 inflight_before=4
[AIMD] FinalizeChunkRTT: cc=0x7f9820001000 slot=106 inflight_before=1
[AIMD] FinalizeChunkRTT: cc=0x7f9838006dc0 slot=683 inflight_before=1
[AIMD] FinalizeChunkRTT: cc=0x7f9838006dc0 slot=230 inflight_before=1
[AIMD] FinalizeChunkRTT: cc=0x7f9844001000 slot=792 inflight_before=1
a100-llm-05:3791846:3791972 [0] NCCL INFO V2MIN: pressure=1.000 (fast=0.244 slow=0.001 dev=0.2432) state=SHRINK window=204 floor=204 high=17181 low=0 ncc=16
[AIMD] FinalizeChunkRTT: cc=0x7f9838006dc0 slot=335 inflight_before=2
[AIMD] FinalizeChunkRTT: cc=0x7f9830065420 slot=874 inflight_before=3
[AIMD] FinalizeChunkRTT: cc=0x7f983c001000 slot=439 inflight_before=3
CSV written to: phase12_sweep_run5/bench_latency_20260416_153852.csv

========================================
  Oracle Experiment Results
========================================
Config: nDev=8  count=1048576  data=4.19 MB  iters=1000
NCCL_AIMD_ENABLE=1  NCCL_CC_ORACLE_FACTOR=(unset)

Wall-clock latency (us):
  mean= 20372.0  stddev= 12927.0
  p50 = 19961.2  p99   = 54807.9  max= 67201.4

Collective max GPU latency (us):
  mean= 20335.8  stddev= 12913.3
  p50 = 19950.1  p99   = 54785.7  max= 67184.6

Rank skew (us):
  mean=   515.3  stddev=  1448.0
  p50 =   161.8  p99   =  8741.7  max= 11838.5

Avg algo bandwidth: 0.36 GB/s
========================================

