a100-llm-05:3776926:3777063 [4] NCCL INFO GPU Direct RDMA Enabled for GPU/0-1036368 (rank 4) - NET/0-11 (distance 5 <= 6, read 0, mode Default)
a100-llm-05:3776926:3777046 [4] NCCL INFO New proxy recv connection 1 from local rank 0, transport 2
a100-llm-05:3776926:3777063 [4] NCCL INFO Connected to proxy localRank 0 -> connection 0x7f8dbbfc0ef8
a100-llm-05:3776926:3777063 [4] NCCL INFO Channel 01/0 : 3[3] -> 4[4] [receive] via NET/IB/11/GDRDMA
a100-llm-05:3776926:3777063 [4] NCCL INFO GPU Direct RDMA Enabled for GPU/0-1036368 (rank 4) - NET/0-11 (distance 5 <= 6, read 1, mode Default)
a100-llm-05:3776926:3777046 [4] NCCL INFO New proxy send connection 2 from local rank 0, transport 2
a100-llm-05:3776926:3777063 [4] NCCL INFO Connected to proxy localRank 0 -> connection 0x7f8dbbfc0f70
a100-llm-05:3776926:3777063 [4] NCCL INFO Channel 00/0 : 4[4] -> 5[5] [send] via NET/IB/11/GDRDMA
a100-llm-05:3776926:3777063 [4] NCCL INFO GPU Direct RDMA Enabled for GPU/0-1036368 (rank 4) - NET/0-11 (distance 5 <= 6, read 1, mode Default)
a100-llm-05:3776926:3777046 [4] NCCL INFO New proxy send connection 3 from local rank 0, transport 2
a100-llm-05:3776926:3777063 [4] NCCL INFO Connected to proxy localRank 0 -> connection 0x7f8dbbfc0fe8
a100-llm-05:3776926:3777063 [4] NCCL INFO Channel 01/0 : 4[4] -> 5[5] [send] via NET/IB/11/GDRDMA
a100-llm-05:3776926:3777060 [7] NCCL INFO Channel 00/0 : 6[6] -> 7[7] [receive] via NET/IB/12/GDRDMA
a100-llm-05:3776926:3777060 [7] NCCL INFO GPU Direct RDMA Enabled for GPU/0-1044576 (rank 7) - NET/0-12 (distance 5 <= 6, read 0, mode Default)
a100-llm-05:3776926:3777062 [5] NCCL INFO Connected to proxy localRank 0 -> connection 0x7f8c88000d10
a100-llm-05:3776926:3777050 [6] NCCL INFO New proxy recv connection 0 from local rank 0, transport 2
a100-llm-05:3776926:3777044 [3] NCCL INFO New proxy recv connection 0 from local rank 0, transport 2
a100-llm-05:3776926:3777062 [5] NCCL INFO Channel 00/0 : 4[4] -> 5[5] [receive] via NET/IB/11/GDRDMA
a100-llm-05:3776926:3777062 [5] NCCL INFO GPU Direct RDMA Enabled for GPU/0-1036384 (rank 5) - NET/0-11 (distance 5 <= 6, read 0, mode Default)
a100-llm-05:3776926:3777064 [3] NCCL INFO Connected to proxy localRank 0 -> connection 0x7f8c94000d10
a100-llm-05:3776926:3777055 [7] NCCL INFO New proxy recv connection 1 from local rank 0, transport 2
a100-llm-05:3776926:3777061 [6] NCCL INFO Connected to proxy localRank 0 -> connection 0x7f8c70000d10
a100-llm-05:3776926:3777060 [7] NCCL INFO Connected to proxy localRank 0 -> connection 0x7f8c60001118
a100-llm-05:3776926:3777056 [2] NCCL INFO New proxy recv connection 0 from local rank 0, transport 2
a100-llm-05:3776926:3777048 [5] NCCL INFO New proxy recv connection 1 from local rank 0, transport 2
a100-llm-05:3776926:3777062 [5] NCCL INFO Connected to proxy localRank 0 -> connection 0x7f8c88000d88
a100-llm-05:3776926:3777061 [6] NCCL INFO Channel 00/0 : 5[5] -> 6[6] [receive] via NET/IB/12/GDRDMA
a100-llm-05:3776926:3777061 [6] NCCL INFO GPU Direct RDMA Enabled for GPU/0-1044560 (rank 6) - NET/0-12 (distance 5 <= 6, read 0, mode Default)
a100-llm-05:3776926:3777050 [6] NCCL INFO New proxy recv connection 1 from local rank 0, transport 2
a100-llm-05:3776926:3777061 [6] NCCL INFO Connected to proxy localRank 0 -> connection 0x7f8c70000d88
a100-llm-05:3776926:3777061 [6] NCCL INFO Channel 01/0 : 5[5] -> 6[6] [receive] via NET/IB/12/GDRDMA
a100-llm-05:3776926:3777061 [6] NCCL INFO GPU Direct RDMA Enabled for GPU/0-1044560 (rank 6) - NET/0-12 (distance 5 <= 6, read 1, mode Default)
a100-llm-05:3776926:3777050 [6] NCCL INFO New proxy send connection 2 from local rank 0, transport 2
a100-llm-05:3776926:3777061 [6] NCCL INFO Connected to proxy localRank 0 -> connection 0x7f8c70000e00
a100-llm-05:3776926:3777061 [6] NCCL INFO Channel 00/0 : 6[6] -> 7[7] [send] via NET/IB/12/GDRDMA
a100-llm-05:3776926:3777061 [6] NCCL INFO GPU Direct RDMA Enabled for GPU/0-1044560 (rank 6) - NET/0-12 (distance 5 <= 6, read 1, mode Default)
a100-llm-05:3776926:3777050 [6] NCCL INFO New proxy send connection 3 from local rank 0, transport 2
a100-llm-05:3776926:3777061 [6] NCCL INFO Connected to proxy localRank 0 -> connection 0x7f8c70000e78
a100-llm-05:3776926:3777061 [6] NCCL INFO Channel 01/0 : 6[6] -> 7[7] [send] via NET/IB/12/GDRDMA
a100-llm-05:3776926:3777065 [2] NCCL INFO Connected to proxy localRank 0 -> connection 0x7f8c5c000d10
a100-llm-05:3776926:3777064 [3] NCCL INFO Channel 00/0 : 2[2] -> 3[3] [receive] via NET/IB/10/GDRDMA
a100-llm-05:3776926:3777064 [3] NCCL INFO GPU Direct RDMA Enabled for GPU/0-1028192 (rank 3) - NET/0-10 (distance 5 <= 6, read 0, mode Default)
a100-llm-05:3776926:3777044 [3] NCCL INFO New proxy recv connection 1 from local rank 0, transport 2
a100-llm-05:3776926:3777064 [3] NCCL INFO Connected to proxy localRank 0 -> connection 0x7f8c94000d88
a100-llm-05:3776926:3777064 [3] NCCL INFO Channel 01/0 : 2[2] -> 3[3] [receive] via NET/IB/10/GDRDMA
a100-llm-05:3776926:3777064 [3] NCCL INFO GPU Direct RDMA Enabled for GPU/0-1028192 (rank 3) - NET/0-10 (distance 5 <= 6, read 1, mode Default)
a100-llm-05:3776926:3777044 [3] NCCL INFO New proxy send connection 2 from local rank 0, transport 2
a100-llm-05:3776926:3777064 [3] NCCL INFO Connected to proxy localRank 0 -> connection 0x7f8c94000e00
a100-llm-05:3776926:3777064 [3] NCCL INFO Channel 00/0 : 3[3] -> 4[4] [send] via NET/IB/10/GDRDMA
a100-llm-05:3776926:3777064 [3] NCCL INFO GPU Direct RDMA Enabled for GPU/0-1028192 (rank 3) - NET/0-10 (distance 5 <= 6, read 1, mode Default)
a100-llm-05:3776926:3777044 [3] NCCL INFO New proxy send connection 3 from local rank 0, transport 2
a100-llm-05:3776926:3777064 [3] NCCL INFO Connected to proxy localRank 0 -> connection 0x7f8c94000e78
a100-llm-05:3776926:3777064 [3] NCCL INFO Channel 01/0 : 3[3] -> 4[4] [send] via NET/IB/10/GDRDMA
a100-llm-05:3776926:3777052 [1] NCCL INFO New proxy recv connection 0 from local rank 0, transport 2
a100-llm-05:3776926:3777066 [1] NCCL INFO Connected to proxy localRank 0 -> connection 0x7f8c68000d10
a100-llm-05:3776926:3777054 [0] NCCL INFO New proxy recv connection 0 from local rank 0, transport 2
a100-llm-05:3776926:3777066 [1] NCCL INFO Channel 00/0 : 0[0] -> 1[1] [receive] via NET/IB/9/GDRDMA
a100-llm-05:3776926:3777066 [1] NCCL INFO GPU Direct RDMA Enabled for GPU/0-1020000 (rank 1) - NET/0-9 (distance 5 <= 6, read 0, mode Default)
a100-llm-05:3776926:3777065 [2] NCCL INFO Channel 00/0 : 1[1] -> 2[2] [receive] via NET/IB/10/GDRDMA
a100-llm-05:3776926:3777065 [2] NCCL INFO GPU Direct RDMA Enabled for GPU/0-1028176 (rank 2) - NET/0-10 (distance 5 <= 6, read 0, mode Default)
a100-llm-05:3776926:3777067 [0] NCCL INFO Connected to proxy localRank 0 -> connection 0x7f8c64009e10
a100-llm-05:3776926:3777067 [0] NCCL INFO Channel 00/0 : 7[7] -> 0[0] [receive] via NET/IB/9/GDRDMA
a100-llm-05:3776926:3777067 [0] NCCL INFO GPU Direct RDMA Enabled for GPU/0-1019984 (rank 0) - NET/0-9 (distance 5 <= 6, read 0, mode Default)
a100-llm-05:3776926:3777054 [0] NCCL INFO New proxy recv connection 1 from local rank 0, transport 2
a100-llm-05:3776926:3777067 [0] NCCL INFO Connected to proxy localRank 0 -> connection 0x7f8c64009e88
a100-llm-05:3776926:3777067 [0] NCCL INFO Channel 01/0 : 7[7] -> 0[0] [receive] via NET/IB/9/GDRDMA
a100-llm-05:3776926:3777067 [0] NCCL INFO GPU Direct RDMA Enabled for GPU/0-1019984 (rank 0) - NET/0-9 (distance 5 <= 6, read 1, mode Default)
a100-llm-05:3776926:3777054 [0] NCCL INFO New proxy send connection 2 from local rank 0, transport 2
a100-llm-05:3776926:3777067 [0] NCCL INFO Connected to proxy localRank 0 -> connection 0x7f8c64009f00
a100-llm-05:3776926:3777067 [0] NCCL INFO Channel 00/0 : 0[0] -> 1[1] [send] via NET/IB/9/GDRDMA
a100-llm-05:3776926:3777067 [0] NCCL INFO GPU Direct RDMA Enabled for GPU/0-1019984 (rank 0) - NET/0-9 (distance 5 <= 6, read 1, mode Default)
a100-llm-05:3776926:3777054 [0] NCCL INFO New proxy send connection 3 from local rank 0, transport 2
a100-llm-05:3776926:3777067 [0] NCCL INFO Connected to proxy localRank 0 -> connection 0x7f8c64009f78
a100-llm-05:3776926:3777062 [5] NCCL INFO Channel 01/0 : 4[4] -> 5[5] [receive] via NET/IB/11/GDRDMA
a100-llm-05:3776926:3777067 [0] NCCL INFO Channel 01/0 : 0[0] -> 1[1] [send] via NET/IB/9/GDRDMA
a100-llm-05:3776926:3777062 [5] NCCL INFO GPU Direct RDMA Enabled for GPU/0-1036384 (rank 5) - NET/0-11 (distance 5 <= 6, read 1, mode Default)
a100-llm-05:3776926:3777060 [7] NCCL INFO Channel 01/0 : 6[6] -> 7[7] [receive] via NET/IB/12/GDRDMA
a100-llm-05:3776926:3777060 [7] NCCL INFO GPU Direct RDMA Enabled for GPU/0-1044576 (rank 7) - NET/0-12 (distance 5 <= 6, read 1, mode Default)
a100-llm-05:3776926:3777055 [7] NCCL INFO New proxy send connection 2 from local rank 0, transport 2
a100-llm-05:3776926:3777052 [1] NCCL INFO New proxy recv connection 1 from local rank 0, transport 2
a100-llm-05:3776926:3777056 [2] NCCL INFO New proxy recv connection 1 from local rank 0, transport 2
a100-llm-05:3776926:3777065 [2] NCCL INFO Connected to proxy localRank 0 -> connection 0x7f8c5c000d88
a100-llm-05:3776926:3777066 [1] NCCL INFO Connected to proxy localRank 0 -> connection 0x7f8c68000d88
a100-llm-05:3776926:3777048 [5] NCCL INFO New proxy send connection 2 from local rank 0, transport 2
a100-llm-05:3776926:3777062 [5] NCCL INFO Connected to proxy localRank 0 -> connection 0x7f8c88000e00
a100-llm-05:3776926:3777065 [2] NCCL INFO Channel 01/0 : 1[1] -> 2[2] [receive] via NET/IB/10/GDRDMA
a100-llm-05:3776926:3777065 [2] NCCL INFO GPU Direct RDMA Enabled for GPU/0-1028176 (rank 2) - NET/0-10 (distance 5 <= 6, read 1, mode Default)
a100-llm-05:3776926:3777056 [2] NCCL INFO New proxy send connection 2 from local rank 0, transport 2
a100-llm-05:3776926:3777065 [2] NCCL INFO Connected to proxy localRank 0 -> connection 0x7f8c5c000e00
a100-llm-05:3776926:3777065 [2] NCCL INFO Channel 00/0 : 2[2] -> 3[3] [send] via NET/IB/10/GDRDMA
a100-llm-05:3776926:3777065 [2] NCCL INFO GPU Direct RDMA Enabled for GPU/0-1028176 (rank 2) - NET/0-10 (distance 5 <= 6, read 1, mode Default)
a100-llm-05:3776926:3777056 [2] NCCL INFO New proxy send connection 3 from local rank 0, transport 2
a100-llm-05:3776926:3777065 [2] NCCL INFO Connected to proxy localRank 0 -> connection 0x7f8c5c000e78
a100-llm-05:3776926:3777065 [2] NCCL INFO Channel 01/0 : 2[2] -> 3[3] [send] via NET/IB/10/GDRDMA
a100-llm-05:3776926:3777060 [7] NCCL INFO Connected to proxy localRank 0 -> connection 0x7f8c60001190
a100-llm-05:3776926:3777066 [1] NCCL INFO Channel 01/0 : 0[0] -> 1[1] [receive] via NET/IB/9/GDRDMA
a100-llm-05:3776926:3777066 [1] NCCL INFO GPU Direct RDMA Enabled for GPU/0-1020000 (rank 1) - NET/0-9 (distance 5 <= 6, read 1, mode Default)
a100-llm-05:3776926:3777062 [5] NCCL INFO Channel 00/0 : 5[5] -> 6[6] [send] via NET/IB/11/GDRDMA
a100-llm-05:3776926:3777062 [5] NCCL INFO GPU Direct RDMA Enabled for GPU/0-1036384 (rank 5) - NET/0-11 (distance 5 <= 6, read 1, mode Default)
a100-llm-05:3776926:3777060 [7] NCCL INFO Channel 00/0 : 7[7] -> 0[0] [send] via NET/IB/12/GDRDMA
a100-llm-05:3776926:3777060 [7] NCCL INFO GPU Direct RDMA Enabled for GPU/0-1044576 (rank 7) - NET/0-12 (distance 5 <= 6, read 1, mode Default)
a100-llm-05:3776926:3777052 [1] NCCL INFO New proxy send connection 2 from local rank 0, transport 2
a100-llm-05:3776926:3777055 [7] NCCL INFO New proxy send connection 3 from local rank 0, transport 2
a100-llm-05:3776926:3777048 [5] NCCL INFO New proxy send connection 3 from local rank 0, transport 2
a100-llm-05:3776926:3777066 [1] NCCL INFO Connected to proxy localRank 0 -> connection 0x7f8c68000e00
a100-llm-05:3776926:3777062 [5] NCCL INFO Connected to proxy localRank 0 -> connection 0x7f8c88000e78
a100-llm-05:3776926:3777066 [1] NCCL INFO Channel 00/0 : 1[1] -> 2[2] [send] via NET/IB/9/GDRDMA
a100-llm-05:3776926:3777066 [1] NCCL INFO GPU Direct RDMA Enabled for GPU/0-1020000 (rank 1) - NET/0-9 (distance 5 <= 6, read 1, mode Default)
a100-llm-05:3776926:3777052 [1] NCCL INFO New proxy send connection 3 from local rank 0, transport 2
a100-llm-05:3776926:3777066 [1] NCCL INFO Connected to proxy localRank 0 -> connection 0x7f8c68000e78
a100-llm-05:3776926:3777066 [1] NCCL INFO Channel 01/0 : 1[1] -> 2[2] [send] via NET/IB/9/GDRDMA
a100-llm-05:3776926:3777060 [7] NCCL INFO Connected to proxy localRank 0 -> connection 0x7f8c60001208
a100-llm-05:3776926:3777056 [2] NCCL INFO NET/IB: NCCL Dev 10 IbDev 3 Port 1 qpn 604 mtu 5 GID 3 (0/220D13C6FFFF0000) ctsFifoRkey=0x99290 ctsFifoLkey=0x99290
a100-llm-05:3776926:3777056 [2] NCCL INFO NET/IB: IbDev 3 Port 1 qpn 604 query_ece={supported=1, vendor_id=0x15b3, options=0x30000000, comp_mask=0x0}
a100-llm-05:3776926:3777056 [2] NCCL INFO NET/IB: NCCL Dev 10 IbDev 4 Port 1 qpn 348 mtu 5 GID 3 (0/422613C6FFFF0000) ctsFifoRkey=0x604c4 ctsFifoLkey=0x604c4
a100-llm-05:3776926:3777056 [2] NCCL INFO NET/IB: IbDev 4 Port 1 qpn 348 query_ece={supported=1, vendor_id=0x15b3, options=0x30000000, comp_mask=0x0}
a100-llm-05:3776926:3777056 [2] NCCL INFO NET/IB: NCCL Dev 10 IbDev 3 Port 1 qpn 605 mtu 5 GID 3 (0/220D13C6FFFF0000) ctsFifoRkey=0x99f9d ctsFifoLkey=0x99f9d
a100-llm-05:3776926:3777056 [2] NCCL INFO NET/IB: IbDev 3 Port 1 qpn 605 query_ece={supported=1, vendor_id=0x15b3, options=0x30000000, comp_mask=0x0}
a100-llm-05:3776926:3777056 [2] NCCL INFO NET/IB: NCCL Dev 10 IbDev 4 Port 1 qpn 349 mtu 5 GID 3 (0/422613C6FFFF0000) ctsFifoRkey=0x610cf ctsFifoLkey=0x610cf
a100-llm-05:3776926:3777056 [2] NCCL INFO NET/IB: IbDev 4 Port 1 qpn 349 query_ece={supported=1, vendor_id=0x15b3, options=0x30000000, comp_mask=0x0}
a100-llm-05:3776926:3777060 [7] NCCL INFO Channel 01/0 : 7[7] -> 0[0] [send] via NET/IB/12/GDRDMA
a100-llm-05:3776926:3777056 [2] NCCL INFO NET/IB: IbDev 3 Port 1 qpn 604 set_ece={supported=1, vendor_id=0x15b3, options=0x30000000, comp_mask=0x0}
a100-llm-05:3776926:3777056 [2] NCCL INFO NET/IB: IbDev 4 Port 1 qpn 348 set_ece={supported=1, vendor_id=0x15b3, options=0x30000000, comp_mask=0x0}
a100-llm-05:3776926:3777062 [5] NCCL INFO Channel 01/0 : 5[5] -> 6[6] [send] via NET/IB/11/GDRDMA
a100-llm-05:3776926:3777052 [1] NCCL INFO NET/IB: NCCL Dev 9 IbDev 1 Port 1 qpn 604 mtu 5 GID 3 (0/F34413C6FFFF0000) ctsFifoRkey=0x99291 ctsFifoLkey=0x99291
a100-llm-05:3776926:3777052 [1] NCCL INFO NET/IB: IbDev 1 Port 1 qpn 604 query_ece={supported=1, vendor_id=0x15b3, options=0x30000000, comp_mask=0x0}
a100-llm-05:3776926:3777052 [1] NCCL INFO NET/IB: NCCL Dev 9 IbDev 2 Port 1 qpn 348 mtu 5 GID 3 (0/173F13C6FFFF0000) ctsFifoRkey=0x5d695 ctsFifoLkey=0x5d695
a100-llm-05:3776926:3777052 [1] NCCL INFO NET/IB: IbDev 2 Port 1 qpn 348 query_ece={supported=1, vendor_id=0x15b3, options=0x30000000, comp_mask=0x0}
a100-llm-05:3776926:3777052 [1] NCCL INFO NET/IB: NCCL Dev 9 IbDev 1 Port 1 qpn 605 mtu 5 GID 3 (0/F34413C6FFFF0000) ctsFifoRkey=0x99e9d ctsFifoLkey=0x99e9d
a100-llm-05:3776926:3777052 [1] NCCL INFO NET/IB: IbDev 1 Port 1 qpn 605 query_ece={supported=1, vendor_id=0x15b3, options=0x30000000, comp_mask=0x0}
a100-llm-05:3776926:3777052 [1] NCCL INFO NET/IB: NCCL Dev 9 IbDev 2 Port 1 qpn 349 mtu 5 GID 3 (0/173F13C6FFFF0000) ctsFifoRkey=0x5e2a1 ctsFifoLkey=0x5e2a1
a100-llm-05:3776926:3777052 [1] NCCL INFO NET/IB: IbDev 2 Port 1 qpn 349 query_ece={supported=1, vendor_id=0x15b3, options=0x30000000, comp_mask=0x0}
a100-llm-05:3776926:3777044 [3] NCCL INFO NET/IB: NCCL Dev 10 IbDev 3 Port 1 qpn 610 mtu 5 GID 3 (0/220D13C6FFFF0000) ctsFifoRkey=0x9c4c3 ctsFifoLkey=0x9c4c3
a100-llm-05:3776926:3777044 [3] NCCL INFO NET/IB: IbDev 3 Port 1 qpn 610 query_ece={supported=1, vendor_id=0x15b3, options=0x30000000, comp_mask=0x0}
a100-llm-05:3776926:3777044 [3] NCCL INFO NET/IB: NCCL Dev 10 IbDev 4 Port 1 qpn 354 mtu 5 GID 3 (0/422613C6FFFF0000) ctsFifoRkey=0x633f2 ctsFifoLkey=0x633f2
a100-llm-05:3776926:3777044 [3] NCCL INFO NET/IB: IbDev 4 Port 1 qpn 354 query_ece={supported=1, vendor_id=0x15b3, options=0x30000000, comp_mask=0x0}
a100-llm-05:3776926:3777056 [2] NCCL INFO NET/IB: IbDev 3 Port 1 qpn 605 set_ece={supported=1, vendor_id=0x15b3, options=0x30000000, comp_mask=0x0}
a100-llm-05:3776926:3777056 [2] NCCL INFO NET/IB: IbDev 4 Port 1 qpn 349 set_ece={supported=1, vendor_id=0x15b3, options=0x30000000, comp_mask=0x0}
a100-llm-05:3776926:3777050 [6] NCCL INFO NET/IB: NCCL Dev 12 IbDev 7 Port 1 qpn 604 mtu 5 GID 3 (0/4E5A13C6FFFF0000) ctsFifoRkey=0x95958 ctsFifoLkey=0x95958
a100-llm-05:3776926:3777050 [6] NCCL INFO NET/IB: IbDev 7 Port 1 qpn 604 query_ece={supported=1, vendor_id=0x15b3, options=0x30000000, comp_mask=0x0}
a100-llm-05:3776926:3777050 [6] NCCL INFO NET/IB: NCCL Dev 12 IbDev 8 Port 1 qpn 348 mtu 5 GID 3 (0/57B013C6FFFF0000) ctsFifoRkey=0x58645 ctsFifoLkey=0x58645
a100-llm-05:3776926:3777050 [6] NCCL INFO NET/IB: IbDev 8 Port 1 qpn 348 query_ece={supported=1, vendor_id=0x15b3, options=0x30000000, comp_mask=0x0}
a100-llm-05:3776926:3777044 [3] NCCL INFO NET/IB: NCCL Dev 10 IbDev 3 Port 1 qpn 613 mtu 5 GID 3 (0/220D13C6FFFF0000) ctsFifoRkey=0x9dcdb ctsFifoLkey=0x9dcdb
a100-llm-05:3776926:3777044 [3] NCCL INFO NET/IB: IbDev 3 Port 1 qpn 613 query_ece={supported=1, vendor_id=0x15b3, options=0x30000000, comp_mask=0x0}
a100-llm-05:3776926:3777044 [3] NCCL INFO NET/IB: NCCL Dev 10 IbDev 4 Port 1 qpn 357 mtu 5 GID 3 (0/422613C6FFFF0000) ctsFifoRkey=0x64b0a ctsFifoLkey=0x64b0a
a100-llm-05:3776926:3777044 [3] NCCL INFO NET/IB: IbDev 4 Port 1 qpn 357 query_ece={supported=1, vendor_id=0x15b3, options=0x30000000, comp_mask=0x0}
a100-llm-05:3776926:3777052 [1] NCCL INFO NET/IB: IbDev 1 Port 1 qpn 604 set_ece={supported=1, vendor_id=0x15b3, options=0x30000000, comp_mask=0x0}
a100-llm-05:3776926:3777052 [1] NCCL INFO NET/IB: IbDev 2 Port 1 qpn 348 set_ece={supported=1, vendor_id=0x15b3, options=0x30000000, comp_mask=0x0}
a100-llm-05:3776926:3777055 [7] NCCL INFO NET/IB: NCCL Dev 12 IbDev 7 Port 1 qpn 605 mtu 5 GID 3 (0/4E5A13C6FFFF0000) ctsFifoRkey=0x96564 ctsFifoLkey=0x96564
a100-llm-05:3776926:3777055 [7] NCCL INFO NET/IB: IbDev 7 Port 1 qpn 605 query_ece={supported=1, vendor_id=0x15b3, options=0x30000000, comp_mask=0x0}
a100-llm-05:3776926:3777055 [7] NCCL INFO NET/IB: NCCL Dev 12 IbDev 8 Port 1 qpn 349 mtu 5 GID 3 (0/57B013C6FFFF0000) ctsFifoRkey=0x59251 ctsFifoLkey=0x59251
a100-llm-05:3776926:3777055 [7] NCCL INFO NET/IB: IbDev 8 Port 1 qpn 349 query_ece={supported=1, vendor_id=0x15b3, options=0x30000000, comp_mask=0x0}
a100-llm-05:3776926:3777048 [5] NCCL INFO NET/IB: NCCL Dev 11 IbDev 5 Port 1 qpn 606 mtu 5 GID 3 (0/520113C6FFFF0000) ctsFifoRkey=0x9cac9 ctsFifoLkey=0x9cac9
a100-llm-05:3776926:3777048 [5] NCCL INFO NET/IB: IbDev 5 Port 1 qpn 606 query_ece={supported=1, vendor_id=0x15b3, options=0x30000000, comp_mask=0x0}
a100-llm-05:3776926:3777048 [5] NCCL INFO NET/IB: NCCL Dev 11 IbDev 6 Port 1 qpn 350 mtu 5 GID 3 (0/B90713C6FFFF0000) ctsFifoRkey=0x601c0 ctsFifoLkey=0x601c0
a100-llm-05:3776926:3777048 [5] NCCL INFO NET/IB: IbDev 6 Port 1 qpn 350 query_ece={supported=1, vendor_id=0x15b3, options=0x30000000, comp_mask=0x0}
a100-llm-05:3776926:3777044 [3] NCCL INFO NET/IB: IbDev 3 Port 1 qpn 610 set_ece={supported=1, vendor_id=0x15b3, options=0x30000000, comp_mask=0x0}
a100-llm-05:3776926:3777055 [7] NCCL INFO NET/IB: NCCL Dev 12 IbDev 7 Port 1 qpn 606 mtu 5 GID 3 (0/4E5A13C6FFFF0000) ctsFifoRkey=0x97070 ctsFifoLkey=0x97070
a100-llm-05:3776926:3777055 [7] NCCL INFO NET/IB: IbDev 7 Port 1 qpn 606 query_ece={supported=1, vendor_id=0x15b3, options=0x30000000, comp_mask=0x0}
a100-llm-05:3776926:3777055 [7] NCCL INFO NET/IB: NCCL Dev 12 IbDev 8 Port 1 qpn 350 mtu 5 GID 3 (0/57B013C6FFFF0000) ctsFifoRkey=0x59e5d ctsFifoLkey=0x59e5d
a100-llm-05:3776926:3777055 [7] NCCL INFO NET/IB: IbDev 8 Port 1 qpn 350 query_ece={supported=1, vendor_id=0x15b3, options=0x30000000, comp_mask=0x0}
a100-llm-05:3776926:3777044 [3] NCCL INFO NET/IB: IbDev 4 Port 1 qpn 354 set_ece={supported=1, vendor_id=0x15b3, options=0x30000000, comp_mask=0x0}
a100-llm-05:3776926:3777048 [5] NCCL INFO NET/IB: NCCL Dev 11 IbDev 5 Port 1 qpn 608 mtu 5 GID 3 (0/520113C6FFFF0000) ctsFifoRkey=0x9e2e1 ctsFifoLkey=0x9e2e1
a100-llm-05:3776926:3777048 [5] NCCL INFO NET/IB: IbDev 5 Port 1 qpn 608 query_ece={supported=1, vendor_id=0x15b3, options=0x30000000, comp_mask=0x0}
a100-llm-05:3776926:3777048 [5] NCCL INFO NET/IB: NCCL Dev 11 IbDev 6 Port 1 qpn 352 mtu 5 GID 3 (0/B90713C6FFFF0000) ctsFifoRkey=0x617d6 ctsFifoLkey=0x617d6
a100-llm-05:3776926:3777048 [5] NCCL INFO NET/IB: IbDev 6 Port 1 qpn 352 query_ece={supported=1, vendor_id=0x15b3, options=0x30000000, comp_mask=0x0}
a100-llm-05:3776926:3777050 [6] NCCL INFO NET/IB: NCCL Dev 12 IbDev 7 Port 1 qpn 607 mtu 5 GID 3 (0/4E5A13C6FFFF0000) ctsFifoRkey=0x97c7b ctsFifoLkey=0x97c7b
a100-llm-05:3776926:3777050 [6] NCCL INFO NET/IB: IbDev 7 Port 1 qpn 607 query_ece={supported=1, vendor_id=0x15b3, options=0x30000000, comp_mask=0x0}
a100-llm-05:3776926:3777050 [6] NCCL INFO NET/IB: NCCL Dev 12 IbDev 8 Port 1 qpn 351 mtu 5 GID 3 (0/57B013C6FFFF0000) ctsFifoRkey=0x5a969 ctsFifoLkey=0x5a969
a100-llm-05:3776926:3777050 [6] NCCL INFO NET/IB: IbDev 8 Port 1 qpn 351 query_ece={supported=1, vendor_id=0x15b3, options=0x30000000, comp_mask=0x0}
a100-llm-05:3776926:3777044 [3] NCCL INFO NET/IB: IbDev 3 Port 1 qpn 613 set_ece={supported=1, vendor_id=0x15b3, options=0x30000000, comp_mask=0x0}
a100-llm-05:3776926:3777046 [4] NCCL INFO NET/IB: NCCL Dev 11 IbDev 5 Port 1 qpn 610 mtu 5 GID 3 (0/520113C6FFFF0000) ctsFifoRkey=0x9eeed ctsFifoLkey=0x9eeed
a100-llm-05:3776926:3777046 [4] NCCL INFO NET/IB: IbDev 5 Port 1 qpn 610 query_ece={supported=1, vendor_id=0x15b3, options=0x30000000, comp_mask=0x0}
a100-llm-05:3776926:3777044 [3] NCCL INFO NET/IB: IbDev 4 Port 1 qpn 357 set_ece={supported=1, vendor_id=0x15b3, options=0x30000000, comp_mask=0x0}
a100-llm-05:3776926:3777046 [4] NCCL INFO NET/IB: NCCL Dev 11 IbDev 6 Port 1 qpn 354 mtu 5 GID 3 (0/B90713C6FFFF0000) ctsFifoRkey=0x623e2 ctsFifoLkey=0x623e2
a100-llm-05:3776926:3777046 [4] NCCL INFO NET/IB: IbDev 6 Port 1 qpn 354 query_ece={supported=1, vendor_id=0x15b3, options=0x30000000, comp_mask=0x0}
a100-llm-05:3776926:3777052 [1] NCCL INFO NET/IB: IbDev 1 Port 1 qpn 605 set_ece={supported=1, vendor_id=0x15b3, options=0x30000000, comp_mask=0x0}
a100-llm-05:3776926:3777052 [1] NCCL INFO NET/IB: IbDev 2 Port 1 qpn 349 set_ece={supported=1, vendor_id=0x15b3, options=0x30000000, comp_mask=0x0}
a100-llm-05:3776926:3777048 [5] NCCL INFO NET/IB: IbDev 5 Port 1 qpn 608 set_ece={supported=1, vendor_id=0x15b3, options=0x30000000, comp_mask=0x0}
a100-llm-05:3776926:3777050 [6] NCCL INFO NET/IB: IbDev 7 Port 1 qpn 604 set_ece={supported=1, vendor_id=0x15b3, options=0x30000000, comp_mask=0x0}
a100-llm-05:3776926:3777050 [6] NCCL INFO NET/IB: IbDev 8 Port 1 qpn 348 set_ece={supported=1, vendor_id=0x15b3, options=0x30000000, comp_mask=0x0}
a100-llm-05:3776926:3777048 [5] NCCL INFO NET/IB: IbDev 6 Port 1 qpn 352 set_ece={supported=1, vendor_id=0x15b3, options=0x30000000, comp_mask=0x0}
a100-llm-05:3776926:3777046 [4] NCCL INFO NET/IB: NCCL Dev 11 IbDev 5 Port 1 qpn 613 mtu 5 GID 3 (0/520113C6FFFF0000) ctsFifoRkey=0xa0706 ctsFifoLkey=0xa0706
a100-llm-05:3776926:3777046 [4] NCCL INFO NET/IB: IbDev 5 Port 1 qpn 613 query_ece={supported=1, vendor_id=0x15b3, options=0x30000000, comp_mask=0x0}
a100-llm-05:3776926:3777046 [4] NCCL INFO NET/IB: NCCL Dev 11 IbDev 6 Port 1 qpn 357 mtu 5 GID 3 (0/B90713C6FFFF0000) ctsFifoRkey=0x63bfa ctsFifoLkey=0x63bfa
a100-llm-05:3776926:3777046 [4] NCCL INFO NET/IB: IbDev 6 Port 1 qpn 357 query_ece={supported=1, vendor_id=0x15b3, options=0x30000000, comp_mask=0x0}
a100-llm-05:3776926:3777054 [0] NCCL INFO NET/IB: NCCL Dev 9 IbDev 1 Port 1 qpn 608 mtu 5 GID 3 (0/F34413C6FFFF0000) ctsFifoRkey=0x9b5b4 ctsFifoLkey=0x9b5b4
a100-llm-05:3776926:3777054 [0] NCCL INFO NET/IB: IbDev 1 Port 1 qpn 608 query_ece={supported=1, vendor_id=0x15b3, options=0x30000000, comp_mask=0x0}
a100-llm-05:3776926:3777054 [0] NCCL INFO NET/IB: NCCL Dev 9 IbDev 2 Port 1 qpn 352 mtu 5 GID 3 (0/173F13C6FFFF0000) ctsFifoRkey=0x5fbba ctsFifoLkey=0x5fbba
a100-llm-05:3776926:3777054 [0] NCCL INFO NET/IB: IbDev 2 Port 1 qpn 352 query_ece={supported=1, vendor_id=0x15b3, options=0x30000000, comp_mask=0x0}
a100-llm-05:3776926:3777046 [4] NCCL INFO NET/IB: IbDev 5 Port 1 qpn 610 set_ece={supported=1, vendor_id=0x15b3, options=0x30000000, comp_mask=0x0}
a100-llm-05:3776926:3777054 [0] NCCL INFO NET/IB: NCCL Dev 9 IbDev 1 Port 1 qpn 611 mtu 5 GID 3 (0/F34413C6FFFF0000) ctsFifoRkey=0x9cecb ctsFifoLkey=0x9cecb
a100-llm-05:3776926:3777054 [0] NCCL INFO NET/IB: IbDev 1 Port 1 qpn 611 query_ece={supported=1, vendor_id=0x15b3, options=0x30000000, comp_mask=0x0}
a100-llm-05:3776926:3777046 [4] NCCL INFO NET/IB: IbDev 6 Port 1 qpn 354 set_ece={supported=1, vendor_id=0x15b3, options=0x30000000, comp_mask=0x0}
a100-llm-05:3776926:3777054 [0] NCCL INFO NET/IB: NCCL Dev 9 IbDev 2 Port 1 qpn 355 mtu 5 GID 3 (0/173F13C6FFFF0000) ctsFifoRkey=0x615d4 ctsFifoLkey=0x615d4
a100-llm-05:3776926:3777054 [0] NCCL INFO NET/IB: IbDev 2 Port 1 qpn 355 query_ece={supported=1, vendor_id=0x15b3, options=0x30000000, comp_mask=0x0}
a100-llm-05:3776926:3777055 [7] NCCL INFO NET/IB: IbDev 7 Port 1 qpn 605 set_ece={supported=1, vendor_id=0x15b3, options=0x30000000, comp_mask=0x0}
a100-llm-05:3776926:3777055 [7] NCCL INFO NET/IB: IbDev 8 Port 1 qpn 349 set_ece={supported=1, vendor_id=0x15b3, options=0x30000000, comp_mask=0x0}
a100-llm-05:3776926:3777046 [4] NCCL INFO NET/IB: IbDev 5 Port 1 qpn 613 set_ece={supported=1, vendor_id=0x15b3, options=0x30000000, comp_mask=0x0}
a100-llm-05:3776926:3777046 [4] NCCL INFO NET/IB: IbDev 6 Port 1 qpn 357 set_ece={supported=1, vendor_id=0x15b3, options=0x30000000, comp_mask=0x0}
a100-llm-05:3776926:3777055 [7] NCCL INFO NET/IB: IbDev 7 Port 1 qpn 606 set_ece={supported=1, vendor_id=0x15b3, options=0x30000000, comp_mask=0x0}
a100-llm-05:3776926:3777055 [7] NCCL INFO NET/IB: IbDev 8 Port 1 qpn 350 set_ece={supported=1, vendor_id=0x15b3, options=0x30000000, comp_mask=0x0}
a100-llm-05:3776926:3777050 [6] NCCL INFO NET/IB: IbDev 7 Port 1 qpn 607 set_ece={supported=1, vendor_id=0x15b3, options=0x30000000, comp_mask=0x0}
a100-llm-05:3776926:3777050 [6] NCCL INFO NET/IB: IbDev 8 Port 1 qpn 351 set_ece={supported=1, vendor_id=0x15b3, options=0x30000000, comp_mask=0x0}
a100-llm-05:3776926:3777054 [0] NCCL INFO NET/IB: IbDev 1 Port 1 qpn 608 set_ece={supported=1, vendor_id=0x15b3, options=0x30000000, comp_mask=0x0}
a100-llm-05:3776926:3777048 [5] NCCL INFO NET/IB: IbDev 5 Port 1 qpn 606 set_ece={supported=1, vendor_id=0x15b3, options=0x30000000, comp_mask=0x0}
a100-llm-05:3776926:3777054 [0] NCCL INFO NET/IB: IbDev 2 Port 1 qpn 352 set_ece={supported=1, vendor_id=0x15b3, options=0x30000000, comp_mask=0x0}
a100-llm-05:3776926:3777048 [5] NCCL INFO NET/IB: IbDev 6 Port 1 qpn 350 set_ece={supported=1, vendor_id=0x15b3, options=0x30000000, comp_mask=0x0}
a100-llm-05:3776926:3777054 [0] NCCL INFO NET/IB: IbDev 1 Port 1 qpn 611 set_ece={supported=1, vendor_id=0x15b3, options=0x30000000, comp_mask=0x0}
a100-llm-05:3776926:3777054 [0] NCCL INFO NET/IB: IbDev 2 Port 1 qpn 355 set_ece={supported=1, vendor_id=0x15b3, options=0x30000000, comp_mask=0x0}
[AIMD] FinalizeChunkRTT: cc=0x7f8c84001000 slot=0 inflight_before=1
warmup done.
[AIMD] FinalizeChunkRTT: cc=0x7f8c680659a0 slot=882 inflight_before=6
[AIMD] FinalizeChunkRTT: cc=0x7f8c80001000 slot=618 inflight_before=8
[AIMD] FinalizeChunkRTT: cc=0x7f8c680659a0 slot=430 inflight_before=5
a100-llm-05:3776926:3777035 [0] NCCL INFO V2MIN: pressure=1.000 (fast=0.102 slow=0.002 dev=0.1000) state=SHRINK window=204 floor=204 high=3117 low=0 ncc=16
[AIMD] FinalizeChunkRTT: cc=0x7f8c94067bd0 slot=246 inflight_before=1
[AIMD] FinalizeChunkRTT: cc=0x7f8c680659a0 slot=664 inflight_before=4
[AIMD] FinalizeChunkRTT: cc=0x7f8c680659a0 slot=200 inflight_before=8
[AIMD] FinalizeChunkRTT: cc=0x7f8c680659a0 slot=801 inflight_before=1
[AIMD] FinalizeChunkRTT: cc=0x7f8c80001000 slot=576 inflight_before=1
a100-llm-05:3776926:3777035 [0] NCCL INFO V2MIN: pressure=1.000 (fast=0.276 slow=0.002 dev=0.2738) state=SHRINK window=204 floor=204 high=7825 low=0 ncc=16
[AIMD] FinalizeChunkRTT: cc=0x7f8c70037420 slot=227 inflight_before=7
[AIMD] FinalizeChunkRTT: cc=0x7f8c78001000 slot=141 inflight_before=1
[AIMD] FinalizeChunkRTT: cc=0x7f8c70037420 slot=883 inflight_before=1
[AIMD] FinalizeChunkRTT: cc=0x7f8c84001000 slot=588 inflight_before=2
[AIMD] FinalizeChunkRTT: cc=0x7f8c80001000 slot=210 inflight_before=6
a100-llm-05:3776926:3777035 [0] NCCL INFO V2MIN: pressure=1.000 (fast=0.184 slow=0.002 dev=0.1820) state=SHRINK window=204 floor=204 high=12525 low=0 ncc=16
[AIMD] FinalizeChunkRTT: cc=0x7f8c8c001000 slot=328 inflight_before=1
[AIMD] FinalizeChunkRTT: cc=0x7f8c88006de0 slot=131 inflight_before=1
[AIMD] FinalizeChunkRTT: cc=0x7f8c94067bd0 slot=565 inflight_before=8
[AIMD] FinalizeChunkRTT: cc=0x7f8c8c001000 slot=889 inflight_before=8
[AIMD] FinalizeChunkRTT: cc=0x7f8c80001000 slot=225 inflight_before=1
a100-llm-05:3776926:3777035 [0] NCCL INFO V2MIN: pressure=1.000 (fast=0.208 slow=0.002 dev=0.2058) state=SHRINK window=204 floor=204 high=17247 low=0 ncc=16
[AIMD] FinalizeChunkRTT: cc=0x7f8c80017320 slot=632 inflight_before=1
[AIMD] FinalizeChunkRTT: cc=0x7f8c94065400 slot=987 inflight_before=4
[AIMD] FinalizeChunkRTT: cc=0x7f8c94067bd0 slot=343 inflight_before=2
CSV written to: phase12_sweep_run2/bench_latency_20260416_150739.csv

========================================
  Oracle Experiment Results
========================================
Config: nDev=8  count=1048576  data=4.19 MB  iters=1000
NCCL_AIMD_ENABLE=1  NCCL_CC_ORACLE_FACTOR=(unset)

Wall-clock latency (us):
  mean= 20336.0  stddev= 14264.2
  p50 = 17917.7  p99   = 57600.9  max= 67577.7

Collective max GPU latency (us):
  mean= 20278.0  stddev= 14235.5
  p50 = 17901.1  p99   = 57567.3  max= 67568.6

Rank skew (us):
  mean=  2930.2  stddev=  4478.4
  p50 =   295.4  p99   = 17903.2  max= 28527.6

Avg algo bandwidth: 0.36 GB/s
========================================

