a100-llm-05:3821931:3822079 [6] NCCL INFO Connected to proxy localRank 0 -> connection 0x7fa5fc000d88
a100-llm-05:3821931:3822079 [6] NCCL INFO Channel 01/0 : 5[5] -> 6[6] [receive] via NET/IB/12/GDRDMA
a100-llm-05:3821931:3822079 [6] NCCL INFO GPU Direct RDMA Enabled for GPU/0-1044560 (rank 6) - NET/0-12 (distance 5 <= 6, read 1, mode Default)
a100-llm-05:3821931:3822062 [6] NCCL INFO New proxy send connection 2 from local rank 0, transport 2
a100-llm-05:3821931:3822079 [6] NCCL INFO Connected to proxy localRank 0 -> connection 0x7fa5fc000e00
a100-llm-05:3821931:3822079 [6] NCCL INFO Channel 00/0 : 6[6] -> 7[7] [send] via NET/IB/12/GDRDMA
a100-llm-05:3821931:3822079 [6] NCCL INFO GPU Direct RDMA Enabled for GPU/0-1044560 (rank 6) - NET/0-12 (distance 5 <= 6, read 1, mode Default)
a100-llm-05:3821931:3822062 [6] NCCL INFO New proxy send connection 3 from local rank 0, transport 2
a100-llm-05:3821931:3822079 [6] NCCL INFO Connected to proxy localRank 0 -> connection 0x7fa5fc000e78
a100-llm-05:3821931:3822079 [6] NCCL INFO Channel 01/0 : 6[6] -> 7[7] [send] via NET/IB/12/GDRDMA
a100-llm-05:3821931:3822072 [7] NCCL INFO New proxy recv connection 0 from local rank 0, transport 2
a100-llm-05:3821931:3822074 [0] NCCL INFO New proxy recv connection 0 from local rank 0, transport 2
a100-llm-05:3821931:3822064 [5] NCCL INFO New proxy recv connection 0 from local rank 0, transport 2
a100-llm-05:3821931:3822078 [7] NCCL INFO Connected to proxy localRank 0 -> connection 0x7fa5ec000d10
a100-llm-05:3821931:3822078 [7] NCCL INFO Channel 00/0 : 6[6] -> 7[7] [receive] via NET/IB/12/GDRDMA
a100-llm-05:3821931:3822078 [7] NCCL INFO GPU Direct RDMA Enabled for GPU/0-1044576 (rank 7) - NET/0-12 (distance 5 <= 6, read 0, mode Default)
a100-llm-05:3821931:3822072 [7] NCCL INFO New proxy recv connection 1 from local rank 0, transport 2
a100-llm-05:3821931:3822078 [7] NCCL INFO Connected to proxy localRank 0 -> connection 0x7fa5ec000d88
a100-llm-05:3821931:3822078 [7] NCCL INFO Channel 01/0 : 6[6] -> 7[7] [receive] via NET/IB/12/GDRDMA
a100-llm-05:3821931:3822078 [7] NCCL INFO GPU Direct RDMA Enabled for GPU/0-1044576 (rank 7) - NET/0-12 (distance 5 <= 6, read 1, mode Default)
a100-llm-05:3821931:3822072 [7] NCCL INFO New proxy send connection 2 from local rank 0, transport 2
a100-llm-05:3821931:3822078 [7] NCCL INFO Connected to proxy localRank 0 -> connection 0x7fa5ec000e00
a100-llm-05:3821931:3822078 [7] NCCL INFO Channel 00/0 : 7[7] -> 0[0] [send] via NET/IB/12/GDRDMA
a100-llm-05:3821931:3822078 [7] NCCL INFO GPU Direct RDMA Enabled for GPU/0-1044576 (rank 7) - NET/0-12 (distance 5 <= 6, read 1, mode Default)
a100-llm-05:3821931:3822072 [7] NCCL INFO New proxy send connection 3 from local rank 0, transport 2
a100-llm-05:3821931:3822078 [7] NCCL INFO Connected to proxy localRank 0 -> connection 0x7fa5ec000e78
a100-llm-05:3821931:3822078 [7] NCCL INFO Channel 01/0 : 7[7] -> 0[0] [send] via NET/IB/12/GDRDMA
a100-llm-05:3821931:3822069 [3] NCCL INFO New proxy recv connection 0 from local rank 0, transport 2
a100-llm-05:3821931:3822082 [3] NCCL INFO Connected to proxy localRank 0 -> connection 0x7fa5f0000d10
a100-llm-05:3821931:3822085 [0] NCCL INFO Connected to proxy localRank 0 -> connection 0x7fa733fcf390
a100-llm-05:3821931:3822080 [5] NCCL INFO Connected to proxy localRank 0 -> connection 0x7fa610c593c0
a100-llm-05:3821931:3822080 [5] NCCL INFO Channel 00/0 : 4[4] -> 5[5] [receive] via NET/IB/11/GDRDMA
a100-llm-05:3821931:3822080 [5] NCCL INFO GPU Direct RDMA Enabled for GPU/0-1036384 (rank 5) - NET/0-11 (distance 5 <= 6, read 0, mode Default)
a100-llm-05:3821931:3822064 [5] NCCL INFO New proxy recv connection 1 from local rank 0, transport 2
a100-llm-05:3821931:3822080 [5] NCCL INFO Connected to proxy localRank 0 -> connection 0x7fa610c59438
a100-llm-05:3821931:3822080 [5] NCCL INFO Channel 01/0 : 4[4] -> 5[5] [receive] via NET/IB/11/GDRDMA
a100-llm-05:3821931:3822080 [5] NCCL INFO GPU Direct RDMA Enabled for GPU/0-1036384 (rank 5) - NET/0-11 (distance 5 <= 6, read 1, mode Default)
a100-llm-05:3821931:3822064 [5] NCCL INFO New proxy send connection 2 from local rank 0, transport 2
a100-llm-05:3821931:3822080 [5] NCCL INFO Connected to proxy localRank 0 -> connection 0x7fa610c594b0
a100-llm-05:3821931:3822080 [5] NCCL INFO Channel 00/0 : 5[5] -> 6[6] [send] via NET/IB/11/GDRDMA
a100-llm-05:3821931:3822080 [5] NCCL INFO GPU Direct RDMA Enabled for GPU/0-1036384 (rank 5) - NET/0-11 (distance 5 <= 6, read 1, mode Default)
a100-llm-05:3821931:3822064 [5] NCCL INFO New proxy send connection 3 from local rank 0, transport 2
a100-llm-05:3821931:3822080 [5] NCCL INFO Connected to proxy localRank 0 -> connection 0x7fa610c59528
a100-llm-05:3821931:3822080 [5] NCCL INFO Channel 01/0 : 5[5] -> 6[6] [send] via NET/IB/11/GDRDMA
a100-llm-05:3821931:3822075 [1] NCCL INFO New proxy recv connection 0 from local rank 0, transport 2
a100-llm-05:3821931:3822082 [3] NCCL INFO Channel 00/0 : 2[2] -> 3[3] [receive] via NET/IB/10/GDRDMA
a100-llm-05:3821931:3822082 [3] NCCL INFO GPU Direct RDMA Enabled for GPU/0-1028192 (rank 3) - NET/0-10 (distance 5 <= 6, read 0, mode Default)
a100-llm-05:3821931:3822068 [2] NCCL INFO New proxy recv connection 0 from local rank 0, transport 2
a100-llm-05:3821931:3822065 [4] NCCL INFO New proxy recv connection 0 from local rank 0, transport 2
a100-llm-05:3821931:3822081 [4] NCCL INFO Connected to proxy localRank 0 -> connection 0x7fa5f8000d10
a100-llm-05:3821931:3822085 [0] NCCL INFO Channel 00/0 : 7[7] -> 0[0] [receive] via NET/IB/9/GDRDMA
a100-llm-05:3821931:3822085 [0] NCCL INFO GPU Direct RDMA Enabled for GPU/0-1019984 (rank 0) - NET/0-9 (distance 5 <= 6, read 0, mode Default)
a100-llm-05:3821931:3822074 [0] NCCL INFO New proxy recv connection 1 from local rank 0, transport 2
a100-llm-05:3821931:3822085 [0] NCCL INFO Connected to proxy localRank 0 -> connection 0x7fa733fcf408
a100-llm-05:3821931:3822085 [0] NCCL INFO Channel 01/0 : 7[7] -> 0[0] [receive] via NET/IB/9/GDRDMA
a100-llm-05:3821931:3822085 [0] NCCL INFO GPU Direct RDMA Enabled for GPU/0-1019984 (rank 0) - NET/0-9 (distance 5 <= 6, read 1, mode Default)
a100-llm-05:3821931:3822074 [0] NCCL INFO New proxy send connection 2 from local rank 0, transport 2
a100-llm-05:3821931:3822085 [0] NCCL INFO Connected to proxy localRank 0 -> connection 0x7fa733fcf480
a100-llm-05:3821931:3822085 [0] NCCL INFO Channel 00/0 : 0[0] -> 1[1] [send] via NET/IB/9/GDRDMA
a100-llm-05:3821931:3822085 [0] NCCL INFO GPU Direct RDMA Enabled for GPU/0-1019984 (rank 0) - NET/0-9 (distance 5 <= 6, read 1, mode Default)
a100-llm-05:3821931:3822074 [0] NCCL INFO New proxy send connection 3 from local rank 0, transport 2
a100-llm-05:3821931:3822085 [0] NCCL INFO Connected to proxy localRank 0 -> connection 0x7fa733fcf4f8
a100-llm-05:3821931:3822085 [0] NCCL INFO Channel 01/0 : 0[0] -> 1[1] [send] via NET/IB/9/GDRDMA
a100-llm-05:3821931:3822083 [2] NCCL INFO Connected to proxy localRank 0 -> connection 0x7fa5e8000d10
a100-llm-05:3821931:3822083 [2] NCCL INFO Channel 00/0 : 1[1] -> 2[2] [receive] via NET/IB/10/GDRDMA
a100-llm-05:3821931:3822083 [2] NCCL INFO GPU Direct RDMA Enabled for GPU/0-1028176 (rank 2) - NET/0-10 (distance 5 <= 6, read 0, mode Default)
a100-llm-05:3821931:3822068 [2] NCCL INFO New proxy recv connection 1 from local rank 0, transport 2
a100-llm-05:3821931:3822083 [2] NCCL INFO Connected to proxy localRank 0 -> connection 0x7fa5e8000d88
a100-llm-05:3821931:3822083 [2] NCCL INFO Channel 01/0 : 1[1] -> 2[2] [receive] via NET/IB/10/GDRDMA
a100-llm-05:3821931:3822083 [2] NCCL INFO GPU Direct RDMA Enabled for GPU/0-1028176 (rank 2) - NET/0-10 (distance 5 <= 6, read 1, mode Default)
a100-llm-05:3821931:3822068 [2] NCCL INFO New proxy send connection 2 from local rank 0, transport 2
a100-llm-05:3821931:3822083 [2] NCCL INFO Connected to proxy localRank 0 -> connection 0x7fa5e8000e00
a100-llm-05:3821931:3822083 [2] NCCL INFO Channel 00/0 : 2[2] -> 3[3] [send] via NET/IB/10/GDRDMA
a100-llm-05:3821931:3822083 [2] NCCL INFO GPU Direct RDMA Enabled for GPU/0-1028176 (rank 2) - NET/0-10 (distance 5 <= 6, read 1, mode Default)
a100-llm-05:3821931:3822068 [2] NCCL INFO New proxy send connection 3 from local rank 0, transport 2
a100-llm-05:3821931:3822083 [2] NCCL INFO Connected to proxy localRank 0 -> connection 0x7fa5e8000e78
a100-llm-05:3821931:3822083 [2] NCCL INFO Channel 01/0 : 2[2] -> 3[3] [send] via NET/IB/10/GDRDMA
a100-llm-05:3821931:3822069 [3] NCCL INFO New proxy recv connection 1 from local rank 0, transport 2
a100-llm-05:3821931:3822084 [1] NCCL INFO Connected to proxy localRank 0 -> connection 0x7fa737fc2430
a100-llm-05:3821931:3822081 [4] NCCL INFO Channel 00/0 : 3[3] -> 4[4] [receive] via NET/IB/11/GDRDMA
a100-llm-05:3821931:3822081 [4] NCCL INFO GPU Direct RDMA Enabled for GPU/0-1036368 (rank 4) - NET/0-11 (distance 5 <= 6, read 0, mode Default)
a100-llm-05:3821931:3822082 [3] NCCL INFO Connected to proxy localRank 0 -> connection 0x7fa5f0000d88
a100-llm-05:3821931:3822065 [4] NCCL INFO New proxy recv connection 1 from local rank 0, transport 2
a100-llm-05:3821931:3822081 [4] NCCL INFO Connected to proxy localRank 0 -> connection 0x7fa5f8000d88
a100-llm-05:3821931:3822062 [6] NCCL INFO NET/IB: NCCL Dev 12 IbDev 7 Port 1 qpn 820 mtu 5 GID 3 (0/4E5A13C6FFFF0000) ctsFifoRkey=0xffcfb ctsFifoLkey=0xffcfb
a100-llm-05:3821931:3822062 [6] NCCL INFO NET/IB: IbDev 7 Port 1 qpn 820 query_ece={supported=1, vendor_id=0x15b3, options=0x30000000, comp_mask=0x0}
a100-llm-05:3821931:3822062 [6] NCCL INFO NET/IB: NCCL Dev 12 IbDev 8 Port 1 qpn 564 mtu 5 GID 3 (0/57B013C6FFFF0000) ctsFifoRkey=0xc4a0a ctsFifoLkey=0xc4a0a
a100-llm-05:3821931:3822062 [6] NCCL INFO NET/IB: IbDev 8 Port 1 qpn 564 query_ece={supported=1, vendor_id=0x15b3, options=0x30000000, comp_mask=0x0}
a100-llm-05:3821931:3822062 [6] NCCL INFO NET/IB: NCCL Dev 12 IbDev 7 Port 1 qpn 821 mtu 5 GID 3 (0/4E5A13C6FFFF0000) ctsFifoRkey=0x100807 ctsFifoLkey=0x100807
a100-llm-05:3821931:3822062 [6] NCCL INFO NET/IB: IbDev 7 Port 1 qpn 821 query_ece={supported=1, vendor_id=0x15b3, options=0x30000000, comp_mask=0x0}
a100-llm-05:3821931:3822062 [6] NCCL INFO NET/IB: NCCL Dev 12 IbDev 8 Port 1 qpn 565 mtu 5 GID 3 (0/57B013C6FFFF0000) ctsFifoRkey=0xc5615 ctsFifoLkey=0xc5615
a100-llm-05:3821931:3822062 [6] NCCL INFO NET/IB: IbDev 8 Port 1 qpn 565 query_ece={supported=1, vendor_id=0x15b3, options=0x30000000, comp_mask=0x0}
a100-llm-05:3821931:3822084 [1] NCCL INFO Channel 00/0 : 0[0] -> 1[1] [receive] via NET/IB/9/GDRDMA
a100-llm-05:3821931:3822084 [1] NCCL INFO GPU Direct RDMA Enabled for GPU/0-1020000 (rank 1) - NET/0-9 (distance 5 <= 6, read 0, mode Default)
a100-llm-05:3821931:3822062 [6] NCCL INFO NET/IB: IbDev 7 Port 1 qpn 820 set_ece={supported=1, vendor_id=0x15b3, options=0x30000000, comp_mask=0x0}
a100-llm-05:3821931:3822062 [6] NCCL INFO NET/IB: IbDev 8 Port 1 qpn 564 set_ece={supported=1, vendor_id=0x15b3, options=0x30000000, comp_mask=0x0}
a100-llm-05:3821931:3822062 [6] NCCL INFO NET/IB: IbDev 7 Port 1 qpn 821 set_ece={supported=1, vendor_id=0x15b3, options=0x30000000, comp_mask=0x0}
a100-llm-05:3821931:3822062 [6] NCCL INFO NET/IB: IbDev 8 Port 1 qpn 565 set_ece={supported=1, vendor_id=0x15b3, options=0x30000000, comp_mask=0x0}
a100-llm-05:3821931:3822082 [3] NCCL INFO Channel 01/0 : 2[2] -> 3[3] [receive] via NET/IB/10/GDRDMA
a100-llm-05:3821931:3822082 [3] NCCL INFO GPU Direct RDMA Enabled for GPU/0-1028192 (rank 3) - NET/0-10 (distance 5 <= 6, read 1, mode Default)
a100-llm-05:3821931:3822081 [4] NCCL INFO Channel 01/0 : 3[3] -> 4[4] [receive] via NET/IB/11/GDRDMA
a100-llm-05:3821931:3822081 [4] NCCL INFO GPU Direct RDMA Enabled for GPU/0-1036368 (rank 4) - NET/0-11 (distance 5 <= 6, read 1, mode Default)
a100-llm-05:3821931:3822075 [1] NCCL INFO New proxy recv connection 1 from local rank 0, transport 2
a100-llm-05:3821931:3822069 [3] NCCL INFO New proxy send connection 2 from local rank 0, transport 2
a100-llm-05:3821931:3822084 [1] NCCL INFO Connected to proxy localRank 0 -> connection 0x7fa737fc24a8
a100-llm-05:3821931:3822082 [3] NCCL INFO Connected to proxy localRank 0 -> connection 0x7fa5f0000e00
a100-llm-05:3821931:3822065 [4] NCCL INFO New proxy send connection 2 from local rank 0, transport 2
a100-llm-05:3821931:3822081 [4] NCCL INFO Connected to proxy localRank 0 -> connection 0x7fa5f8000e00
a100-llm-05:3821931:3822084 [1] NCCL INFO Channel 01/0 : 0[0] -> 1[1] [receive] via NET/IB/9/GDRDMA
a100-llm-05:3821931:3822084 [1] NCCL INFO GPU Direct RDMA Enabled for GPU/0-1020000 (rank 1) - NET/0-9 (distance 5 <= 6, read 1, mode Default)
a100-llm-05:3821931:3822081 [4] NCCL INFO Channel 00/0 : 4[4] -> 5[5] [send] via NET/IB/11/GDRDMA
a100-llm-05:3821931:3822081 [4] NCCL INFO GPU Direct RDMA Enabled for GPU/0-1036368 (rank 4) - NET/0-11 (distance 5 <= 6, read 1, mode Default)
a100-llm-05:3821931:3822075 [1] NCCL INFO New proxy send connection 2 from local rank 0, transport 2
a100-llm-05:3821931:3822082 [3] NCCL INFO Channel 00/0 : 3[3] -> 4[4] [send] via NET/IB/10/GDRDMA
a100-llm-05:3821931:3822082 [3] NCCL INFO GPU Direct RDMA Enabled for GPU/0-1028192 (rank 3) - NET/0-10 (distance 5 <= 6, read 1, mode Default)
a100-llm-05:3821931:3822065 [4] NCCL INFO New proxy send connection 3 from local rank 0, transport 2
a100-llm-05:3821931:3822081 [4] NCCL INFO Connected to proxy localRank 0 -> connection 0x7fa5f8000e78
a100-llm-05:3821931:3822069 [3] NCCL INFO New proxy send connection 3 from local rank 0, transport 2
a100-llm-05:3821931:3822084 [1] NCCL INFO Connected to proxy localRank 0 -> connection 0x7fa737fc2520
a100-llm-05:3821931:3822081 [4] NCCL INFO Channel 01/0 : 4[4] -> 5[5] [send] via NET/IB/11/GDRDMA
a100-llm-05:3821931:3822082 [3] NCCL INFO Connected to proxy localRank 0 -> connection 0x7fa5f0000e78
a100-llm-05:3821931:3822082 [3] NCCL INFO Channel 01/0 : 3[3] -> 4[4] [send] via NET/IB/10/GDRDMA
a100-llm-05:3821931:3822064 [5] NCCL INFO NET/IB: NCCL Dev 11 IbDev 5 Port 1 qpn 820 mtu 5 GID 3 (0/520113C6FFFF0000) ctsFifoRkey=0x107170 ctsFifoLkey=0x107170
a100-llm-05:3821931:3822064 [5] NCCL INFO NET/IB: IbDev 5 Port 1 qpn 820 query_ece={supported=1, vendor_id=0x15b3, options=0x30000000, comp_mask=0x0}
a100-llm-05:3821931:3822064 [5] NCCL INFO NET/IB: NCCL Dev 11 IbDev 6 Port 1 qpn 564 mtu 5 GID 3 (0/B90713C6FFFF0000) ctsFifoRkey=0xcab6c ctsFifoLkey=0xcab6c
a100-llm-05:3821931:3822064 [5] NCCL INFO NET/IB: IbDev 6 Port 1 qpn 564 query_ece={supported=1, vendor_id=0x15b3, options=0x30000000, comp_mask=0x0}
a100-llm-05:3821931:3822084 [1] NCCL INFO Channel 00/0 : 1[1] -> 2[2] [send] via NET/IB/9/GDRDMA
a100-llm-05:3821931:3822084 [1] NCCL INFO GPU Direct RDMA Enabled for GPU/0-1020000 (rank 1) - NET/0-9 (distance 5 <= 6, read 1, mode Default)
a100-llm-05:3821931:3822064 [5] NCCL INFO NET/IB: IbDev 5 Port 1 qpn 820 set_ece={supported=1, vendor_id=0x15b3, options=0x30000000, comp_mask=0x0}
a100-llm-05:3821931:3822064 [5] NCCL INFO NET/IB: IbDev 6 Port 1 qpn 564 set_ece={supported=1, vendor_id=0x15b3, options=0x30000000, comp_mask=0x0}
a100-llm-05:3821931:3822064 [5] NCCL INFO NET/IB: NCCL Dev 11 IbDev 5 Port 1 qpn 821 mtu 5 GID 3 (0/520113C6FFFF0000) ctsFifoRkey=0x10807d ctsFifoLkey=0x10807d
a100-llm-05:3821931:3822064 [5] NCCL INFO NET/IB: IbDev 5 Port 1 qpn 821 query_ece={supported=1, vendor_id=0x15b3, options=0x30000000, comp_mask=0x0}
a100-llm-05:3821931:3822064 [5] NCCL INFO NET/IB: NCCL Dev 11 IbDev 6 Port 1 qpn 565 mtu 5 GID 3 (0/B90713C6FFFF0000) ctsFifoRkey=0xcb776 ctsFifoLkey=0xcb776
a100-llm-05:3821931:3822064 [5] NCCL INFO NET/IB: IbDev 6 Port 1 qpn 565 query_ece={supported=1, vendor_id=0x15b3, options=0x30000000, comp_mask=0x0}
a100-llm-05:3821931:3822075 [1] NCCL INFO New proxy send connection 3 from local rank 0, transport 2
a100-llm-05:3821931:3822064 [5] NCCL INFO NET/IB: IbDev 5 Port 1 qpn 821 set_ece={supported=1, vendor_id=0x15b3, options=0x30000000, comp_mask=0x0}
a100-llm-05:3821931:3822084 [1] NCCL INFO Connected to proxy localRank 0 -> connection 0x7fa737fc2598
a100-llm-05:3821931:3822064 [5] NCCL INFO NET/IB: IbDev 6 Port 1 qpn 565 set_ece={supported=1, vendor_id=0x15b3, options=0x30000000, comp_mask=0x0}
a100-llm-05:3821931:3822084 [1] NCCL INFO Channel 01/0 : 1[1] -> 2[2] [send] via NET/IB/9/GDRDMA
a100-llm-05:3821931:3822065 [4] NCCL INFO NET/IB: NCCL Dev 11 IbDev 5 Port 1 qpn 822 mtu 5 GID 3 (0/520113C6FFFF0000) ctsFifoRkey=0x108c8b ctsFifoLkey=0x108c8b
a100-llm-05:3821931:3822065 [4] NCCL INFO NET/IB: IbDev 5 Port 1 qpn 822 query_ece={supported=1, vendor_id=0x15b3, options=0x30000000, comp_mask=0x0}
a100-llm-05:3821931:3822065 [4] NCCL INFO NET/IB: NCCL Dev 11 IbDev 6 Port 1 qpn 566 mtu 5 GID 3 (0/B90713C6FFFF0000) ctsFifoRkey=0xcc382 ctsFifoLkey=0xcc382
a100-llm-05:3821931:3822065 [4] NCCL INFO NET/IB: IbDev 6 Port 1 qpn 566 query_ece={supported=1, vendor_id=0x15b3, options=0x30000000, comp_mask=0x0}
a100-llm-05:3821931:3822065 [4] NCCL INFO NET/IB: NCCL Dev 11 IbDev 5 Port 1 qpn 823 mtu 5 GID 3 (0/520113C6FFFF0000) ctsFifoRkey=0x109897 ctsFifoLkey=0x109897
a100-llm-05:3821931:3822065 [4] NCCL INFO NET/IB: IbDev 5 Port 1 qpn 823 query_ece={supported=1, vendor_id=0x15b3, options=0x30000000, comp_mask=0x0}
a100-llm-05:3821931:3822065 [4] NCCL INFO NET/IB: NCCL Dev 11 IbDev 6 Port 1 qpn 567 mtu 5 GID 3 (0/B90713C6FFFF0000) ctsFifoRkey=0xccf8e ctsFifoLkey=0xccf8e
a100-llm-05:3821931:3822065 [4] NCCL INFO NET/IB: IbDev 6 Port 1 qpn 567 query_ece={supported=1, vendor_id=0x15b3, options=0x30000000, comp_mask=0x0}
a100-llm-05:3821931:3822075 [1] NCCL INFO NET/IB: NCCL Dev 9 IbDev 1 Port 1 qpn 821 mtu 5 GID 3 (0/F34413C6FFFF0000) ctsFifoRkey=0x105453 ctsFifoLkey=0x105453
a100-llm-05:3821931:3822075 [1] NCCL INFO NET/IB: IbDev 1 Port 1 qpn 821 query_ece={supported=1, vendor_id=0x15b3, options=0x30000000, comp_mask=0x0}
a100-llm-05:3821931:3822075 [1] NCCL INFO NET/IB: NCCL Dev 9 IbDev 2 Port 1 qpn 564 mtu 5 GID 3 (0/173F13C6FFFF0000) ctsFifoRkey=0xca260 ctsFifoLkey=0xca260
a100-llm-05:3821931:3822075 [1] NCCL INFO NET/IB: IbDev 2 Port 1 qpn 564 query_ece={supported=1, vendor_id=0x15b3, options=0x30000000, comp_mask=0x0}
a100-llm-05:3821931:3822074 [0] NCCL INFO NET/IB: NCCL Dev 9 IbDev 1 Port 1 qpn 820 mtu 5 GID 3 (0/F34413C6FFFF0000) ctsFifoRkey=0x10605f ctsFifoLkey=0x10605f
a100-llm-05:3821931:3822074 [0] NCCL INFO NET/IB: IbDev 1 Port 1 qpn 820 query_ece={supported=1, vendor_id=0x15b3, options=0x30000000, comp_mask=0x0}
a100-llm-05:3821931:3822074 [0] NCCL INFO NET/IB: NCCL Dev 9 IbDev 2 Port 1 qpn 565 mtu 5 GID 3 (0/173F13C6FFFF0000) ctsFifoRkey=0xcad6c ctsFifoLkey=0xcad6c
a100-llm-05:3821931:3822074 [0] NCCL INFO NET/IB: IbDev 2 Port 1 qpn 565 query_ece={supported=1, vendor_id=0x15b3, options=0x30000000, comp_mask=0x0}
a100-llm-05:3821931:3822065 [4] NCCL INFO NET/IB: IbDev 5 Port 1 qpn 822 set_ece={supported=1, vendor_id=0x15b3, options=0x30000000, comp_mask=0x0}
a100-llm-05:3821931:3822074 [0] NCCL INFO NET/IB: NCCL Dev 9 IbDev 1 Port 1 qpn 822 mtu 5 GID 3 (0/F34413C6FFFF0000) ctsFifoRkey=0x106c6b ctsFifoLkey=0x106c6b
a100-llm-05:3821931:3822074 [0] NCCL INFO NET/IB: IbDev 1 Port 1 qpn 822 query_ece={supported=1, vendor_id=0x15b3, options=0x30000000, comp_mask=0x0}
a100-llm-05:3821931:3822069 [3] NCCL INFO NET/IB: NCCL Dev 10 IbDev 3 Port 1 qpn 820 mtu 5 GID 3 (0/220D13C6FFFF0000) ctsFifoRkey=0x104c4b ctsFifoLkey=0x104c4b
a100-llm-05:3821931:3822069 [3] NCCL INFO NET/IB: IbDev 3 Port 1 qpn 820 query_ece={supported=1, vendor_id=0x15b3, options=0x30000000, comp_mask=0x0}
a100-llm-05:3821931:3822074 [0] NCCL INFO NET/IB: NCCL Dev 9 IbDev 2 Port 1 qpn 566 mtu 5 GID 3 (0/173F13C6FFFF0000) ctsFifoRkey=0xcb978 ctsFifoLkey=0xcb978
a100-llm-05:3821931:3822074 [0] NCCL INFO NET/IB: IbDev 2 Port 1 qpn 566 query_ece={supported=1, vendor_id=0x15b3, options=0x30000000, comp_mask=0x0}
a100-llm-05:3821931:3822069 [3] NCCL INFO NET/IB: NCCL Dev 10 IbDev 4 Port 1 qpn 564 mtu 5 GID 3 (0/422613C6FFFF0000) ctsFifoRkey=0xcdf9e ctsFifoLkey=0xcdf9e
a100-llm-05:3821931:3822069 [3] NCCL INFO NET/IB: IbDev 4 Port 1 qpn 564 query_ece={supported=1, vendor_id=0x15b3, options=0x30000000, comp_mask=0x0}
a100-llm-05:3821931:3822065 [4] NCCL INFO NET/IB: IbDev 6 Port 1 qpn 566 set_ece={supported=1, vendor_id=0x15b3, options=0x30000000, comp_mask=0x0}
a100-llm-05:3821931:3822072 [7] NCCL INFO NET/IB: NCCL Dev 12 IbDev 7 Port 1 qpn 830 mtu 5 GID 3 (0/4E5A13C6FFFF0000) ctsFifoRkey=0x104342 ctsFifoLkey=0x104342
a100-llm-05:3821931:3822072 [7] NCCL INFO NET/IB: IbDev 7 Port 1 qpn 830 query_ece={supported=1, vendor_id=0x15b3, options=0x30000000, comp_mask=0x0}
a100-llm-05:3821931:3822069 [3] NCCL INFO NET/IB: NCCL Dev 10 IbDev 3 Port 1 qpn 821 mtu 5 GID 3 (0/220D13C6FFFF0000) ctsFifoRkey=0x105857 ctsFifoLkey=0x105857
a100-llm-05:3821931:3822069 [3] NCCL INFO NET/IB: IbDev 3 Port 1 qpn 821 query_ece={supported=1, vendor_id=0x15b3, options=0x30000000, comp_mask=0x0}
a100-llm-05:3821931:3822072 [7] NCCL INFO NET/IB: NCCL Dev 12 IbDev 8 Port 1 qpn 574 mtu 5 GID 3 (0/57B013C6FFFF0000) ctsFifoRkey=0xc9352 ctsFifoLkey=0xc9352
a100-llm-05:3821931:3822072 [7] NCCL INFO NET/IB: IbDev 8 Port 1 qpn 574 query_ece={supported=1, vendor_id=0x15b3, options=0x30000000, comp_mask=0x0}
a100-llm-05:3821931:3822069 [3] NCCL INFO NET/IB: NCCL Dev 10 IbDev 4 Port 1 qpn 565 mtu 5 GID 3 (0/422613C6FFFF0000) ctsFifoRkey=0xcebaa ctsFifoLkey=0xcebaa
a100-llm-05:3821931:3822069 [3] NCCL INFO NET/IB: IbDev 4 Port 1 qpn 565 query_ece={supported=1, vendor_id=0x15b3, options=0x30000000, comp_mask=0x0}
a100-llm-05:3821931:3822072 [7] NCCL INFO NET/IB: NCCL Dev 12 IbDev 7 Port 1 qpn 831 mtu 5 GID 3 (0/4E5A13C6FFFF0000) ctsFifoRkey=0x104f4e ctsFifoLkey=0x104f4e
a100-llm-05:3821931:3822072 [7] NCCL INFO NET/IB: IbDev 7 Port 1 qpn 831 query_ece={supported=1, vendor_id=0x15b3, options=0x30000000, comp_mask=0x0}
a100-llm-05:3821931:3822072 [7] NCCL INFO NET/IB: NCCL Dev 12 IbDev 8 Port 1 qpn 575 mtu 5 GID 3 (0/57B013C6FFFF0000) ctsFifoRkey=0xc9f5e ctsFifoLkey=0xc9f5e
a100-llm-05:3821931:3822072 [7] NCCL INFO NET/IB: IbDev 8 Port 1 qpn 575 query_ece={supported=1, vendor_id=0x15b3, options=0x30000000, comp_mask=0x0}
a100-llm-05:3821931:3822075 [1] NCCL INFO NET/IB: IbDev 1 Port 1 qpn 821 set_ece={supported=1, vendor_id=0x15b3, options=0x30000000, comp_mask=0x0}
a100-llm-05:3821931:3822075 [1] NCCL INFO NET/IB: IbDev 2 Port 1 qpn 564 set_ece={supported=1, vendor_id=0x15b3, options=0x30000000, comp_mask=0x0}
a100-llm-05:3821931:3822068 [2] NCCL INFO NET/IB: NCCL Dev 10 IbDev 3 Port 1 qpn 824 mtu 5 GID 3 (0/220D13C6FFFF0000) ctsFifoRkey=0x10706f ctsFifoLkey=0x10706f
a100-llm-05:3821931:3822068 [2] NCCL INFO NET/IB: IbDev 3 Port 1 qpn 824 query_ece={supported=1, vendor_id=0x15b3, options=0x30000000, comp_mask=0x0}
a100-llm-05:3821931:3822068 [2] NCCL INFO NET/IB: NCCL Dev 10 IbDev 4 Port 1 qpn 568 mtu 5 GID 3 (0/422613C6FFFF0000) ctsFifoRkey=0xd03c2 ctsFifoLkey=0xd03c2
a100-llm-05:3821931:3822068 [2] NCCL INFO NET/IB: IbDev 4 Port 1 qpn 568 query_ece={supported=1, vendor_id=0x15b3, options=0x30000000, comp_mask=0x0}
a100-llm-05:3821931:3822072 [7] NCCL INFO NET/IB: IbDev 7 Port 1 qpn 830 set_ece={supported=1, vendor_id=0x15b3, options=0x30000000, comp_mask=0x0}
a100-llm-05:3821931:3822065 [4] NCCL INFO NET/IB: IbDev 5 Port 1 qpn 823 set_ece={supported=1, vendor_id=0x15b3, options=0x30000000, comp_mask=0x0}
a100-llm-05:3821931:3822074 [0] NCCL INFO NET/IB: IbDev 1 Port 1 qpn 820 set_ece={supported=1, vendor_id=0x15b3, options=0x30000000, comp_mask=0x0}
a100-llm-05:3821931:3822072 [7] NCCL INFO NET/IB: IbDev 8 Port 1 qpn 574 set_ece={supported=1, vendor_id=0x15b3, options=0x30000000, comp_mask=0x0}
a100-llm-05:3821931:3822065 [4] NCCL INFO NET/IB: IbDev 6 Port 1 qpn 567 set_ece={supported=1, vendor_id=0x15b3, options=0x30000000, comp_mask=0x0}
a100-llm-05:3821931:3822074 [0] NCCL INFO NET/IB: IbDev 2 Port 1 qpn 565 set_ece={supported=1, vendor_id=0x15b3, options=0x30000000, comp_mask=0x0}
a100-llm-05:3821931:3822068 [2] NCCL INFO NET/IB: NCCL Dev 10 IbDev 3 Port 1 qpn 825 mtu 5 GID 3 (0/220D13C6FFFF0000) ctsFifoRkey=0x107d7c ctsFifoLkey=0x107d7c
a100-llm-05:3821931:3822068 [2] NCCL INFO NET/IB: IbDev 3 Port 1 qpn 825 query_ece={supported=1, vendor_id=0x15b3, options=0x30000000, comp_mask=0x0}
a100-llm-05:3821931:3822068 [2] NCCL INFO NET/IB: NCCL Dev 10 IbDev 4 Port 1 qpn 569 mtu 5 GID 3 (0/422613C6FFFF0000) ctsFifoRkey=0xd10cd ctsFifoLkey=0xd10cd
a100-llm-05:3821931:3822068 [2] NCCL INFO NET/IB: IbDev 4 Port 1 qpn 569 query_ece={supported=1, vendor_id=0x15b3, options=0x30000000, comp_mask=0x0}
a100-llm-05:3821931:3822075 [1] NCCL INFO NET/IB: NCCL Dev 9 IbDev 1 Port 1 qpn 829 mtu 5 GID 3 (0/F34413C6FFFF0000) ctsFifoRkey=0x109c9b ctsFifoLkey=0x109c9b
a100-llm-05:3821931:3822075 [1] NCCL INFO NET/IB: IbDev 1 Port 1 qpn 829 query_ece={supported=1, vendor_id=0x15b3, options=0x30000000, comp_mask=0x0}
a100-llm-05:3821931:3822075 [1] NCCL INFO NET/IB: NCCL Dev 9 IbDev 2 Port 1 qpn 573 mtu 5 GID 3 (0/173F13C6FFFF0000) ctsFifoRkey=0xce9a8 ctsFifoLkey=0xce9a8
a100-llm-05:3821931:3822075 [1] NCCL INFO NET/IB: IbDev 2 Port 1 qpn 573 query_ece={supported=1, vendor_id=0x15b3, options=0x30000000, comp_mask=0x0}
a100-llm-05:3821931:3822069 [3] NCCL INFO NET/IB: IbDev 3 Port 1 qpn 820 set_ece={supported=1, vendor_id=0x15b3, options=0x30000000, comp_mask=0x0}
a100-llm-05:3821931:3822069 [3] NCCL INFO NET/IB: IbDev 4 Port 1 qpn 564 set_ece={supported=1, vendor_id=0x15b3, options=0x30000000, comp_mask=0x0}
a100-llm-05:3821931:3822068 [2] NCCL INFO NET/IB: IbDev 3 Port 1 qpn 824 set_ece={supported=1, vendor_id=0x15b3, options=0x30000000, comp_mask=0x0}
a100-llm-05:3821931:3822068 [2] NCCL INFO NET/IB: IbDev 4 Port 1 qpn 568 set_ece={supported=1, vendor_id=0x15b3, options=0x30000000, comp_mask=0x0}
a100-llm-05:3821931:3822074 [0] NCCL INFO NET/IB: IbDev 1 Port 1 qpn 822 set_ece={supported=1, vendor_id=0x15b3, options=0x30000000, comp_mask=0x0}
a100-llm-05:3821931:3822074 [0] NCCL INFO NET/IB: IbDev 2 Port 1 qpn 566 set_ece={supported=1, vendor_id=0x15b3, options=0x30000000, comp_mask=0x0}
a100-llm-05:3821931:3822072 [7] NCCL INFO NET/IB: IbDev 7 Port 1 qpn 831 set_ece={supported=1, vendor_id=0x15b3, options=0x30000000, comp_mask=0x0}
a100-llm-05:3821931:3822072 [7] NCCL INFO NET/IB: IbDev 8 Port 1 qpn 575 set_ece={supported=1, vendor_id=0x15b3, options=0x30000000, comp_mask=0x0}
a100-llm-05:3821931:3822069 [3] NCCL INFO NET/IB: IbDev 3 Port 1 qpn 821 set_ece={supported=1, vendor_id=0x15b3, options=0x30000000, comp_mask=0x0}
a100-llm-05:3821931:3822069 [3] NCCL INFO NET/IB: IbDev 4 Port 1 qpn 565 set_ece={supported=1, vendor_id=0x15b3, options=0x30000000, comp_mask=0x0}
a100-llm-05:3821931:3822068 [2] NCCL INFO NET/IB: IbDev 3 Port 1 qpn 825 set_ece={supported=1, vendor_id=0x15b3, options=0x30000000, comp_mask=0x0}
a100-llm-05:3821931:3822068 [2] NCCL INFO NET/IB: IbDev 4 Port 1 qpn 569 set_ece={supported=1, vendor_id=0x15b3, options=0x30000000, comp_mask=0x0}
a100-llm-05:3821931:3822075 [1] NCCL INFO NET/IB: IbDev 1 Port 1 qpn 829 set_ece={supported=1, vendor_id=0x15b3, options=0x30000000, comp_mask=0x0}
a100-llm-05:3821931:3822075 [1] NCCL INFO NET/IB: IbDev 2 Port 1 qpn 573 set_ece={supported=1, vendor_id=0x15b3, options=0x30000000, comp_mask=0x0}
[AIMD] FinalizeChunkRTT: cc=0x7fa5d0001000 slot=0 inflight_before=1
warmup done.
[AIMD] FinalizeChunkRTT: cc=0x7fa5d8001000 slot=703 inflight_before=4
[AIMD] FinalizeChunkRTT: cc=0x7fa5d8001000 slot=698 inflight_before=4
[AIMD] FinalizeChunkRTT: cc=0x7fa5d8001000 slot=402 inflight_before=5
a100-llm-05:3821931:3822052 [0] NCCL INFO V2MIN: pressure=1.000 (fast=0.385 slow=0.001 dev=0.3839) state=SHRINK window=204 floor=204 high=3254 low=0 ncc=16
[AIMD] FinalizeChunkRTT: cc=0x7fa5e8065980 slot=401 inflight_before=4
[AIMD] FinalizeChunkRTT: cc=0x7fa5fc096110 slot=105 inflight_before=8
[AIMD] FinalizeChunkRTT: cc=0x7fa5d8017320 slot=846 inflight_before=6
[AIMD] FinalizeChunkRTT: cc=0x7fa5f0037420 slot=536 inflight_before=1
[AIMD] FinalizeChunkRTT: cc=0x7fa5d0001000 slot=1012 inflight_before=1
a100-llm-05:3821931:3822052 [0] NCCL INFO V2MIN: pressure=1.000 (fast=0.163 slow=0.001 dev=0.1624) state=SHRINK window=204 floor=204 high=7972 low=0 ncc=16
[AIMD] FinalizeChunkRTT: cc=0x7fa5ec006dc0 slot=349 inflight_before=2
[AIMD] FinalizeChunkRTT: cc=0x7fa5f0037420 slot=726 inflight_before=4
[AIMD] FinalizeChunkRTT: cc=0x7fa5f8067b70 slot=28 inflight_before=1
[AIMD] FinalizeChunkRTT: cc=0x7fa5e8065980 slot=333 inflight_before=3
[AIMD] FinalizeChunkRTT: cc=0x7fa5fc096110 slot=597 inflight_before=5
a100-llm-05:3821931:3822052 [0] NCCL INFO V2MIN: pressure=1.000 (fast=0.155 slow=0.001 dev=0.1537) state=SHRINK window=204 floor=204 high=12670 low=0 ncc=16
[AIMD] FinalizeChunkRTT: cc=0x7fa5d8001000 slot=875 inflight_before=7
[AIMD] FinalizeChunkRTT: cc=0x7fa5fc096110 slot=193 inflight_before=1
[AIMD] FinalizeChunkRTT: cc=0x7fa5ec006dc0 slot=943 inflight_before=7
[AIMD] FinalizeChunkRTT: cc=0x7fa5d8001000 slot=668 inflight_before=8
[AIMD] FinalizeChunkRTT: cc=0x7fa5fc096110 slot=189 inflight_before=1
a100-llm-05:3821931:3822052 [0] NCCL INFO V2MIN: pressure=1.000 (fast=0.124 slow=0.001 dev=0.1231) state=SHRINK window=204 floor=204 high=17390 low=0 ncc=16
[AIMD] FinalizeChunkRTT: cc=0x7fa5e0001000 slot=542 inflight_before=7
[AIMD] FinalizeChunkRTT: cc=0x7fa5d0001000 slot=61 inflight_before=1
[AIMD] FinalizeChunkRTT: cc=0x7fa5e0001000 slot=370 inflight_before=1
[AIMD] FinalizeChunkRTT: cc=0x7fa5e0001000 slot=903 inflight_before=8
[AIMD] FinalizeChunkRTT: cc=0x7fa5f0037420 slot=377 inflight_before=5
a100-llm-05:3821931:3822052 [0] NCCL INFO V2MIN: pressure=1.000 (fast=0.143 slow=0.001 dev=0.1423) state=SHRINK window=204 floor=204 high=22107 low=0 ncc=16
[AIMD] FinalizeChunkRTT: cc=0x7fa5e8065980 slot=747 inflight_before=1
[AIMD] FinalizeChunkRTT: cc=0x7fa5f8067b70 slot=269 inflight_before=3
[AIMD] FinalizeChunkRTT: cc=0x7fa5d8001000 slot=995 inflight_before=1
CSV written to: det_v1_baseline_run6/bench_latency_20260416_164123.csv

========================================
  Oracle Experiment Results
========================================
Config: nDev=8  count=1048576  data=4.19 MB  iters=1000
NCCL_AIMD_ENABLE=1  NCCL_CC_ORACLE_FACTOR=(unset)

Wall-clock latency (us):
  mean= 25433.9  stddev= 15917.1
  p50 = 21844.6  p99   = 70745.0  max= 82698.7

Collective max GPU latency (us):
  mean= 23717.6  stddev= 14677.1
  p50 = 20133.9  p99   = 63124.1  max= 82679.8

Rank skew (us):
  mean=  3860.0  stddev=  5998.0
  p50 =   378.9  p99   = 23714.1  max= 28147.7

Avg algo bandwidth: 0.29 GB/s
========================================

