a100-llm-02:1511256:1511357 [4] NCCL INFO Connected to proxy localRank 0 -> connection 0x7f0f64000d88
a100-llm-02:1511256:1511347 [7] NCCL INFO New proxy recv connection 0 from local rank 0, transport 2
a100-llm-02:1511256:1511354 [7] NCCL INFO Connected to proxy localRank 0 -> connection 0x7f0f48009e10
a100-llm-02:1511256:1511341 [2] NCCL INFO New proxy recv connection 0 from local rank 0, transport 2
a100-llm-02:1511256:1511359 [2] NCCL INFO Connected to proxy localRank 0 -> connection 0x7f0f58000d10
a100-llm-02:1511256:1511336 [3] NCCL INFO New proxy recv connection 0 from local rank 0, transport 2
a100-llm-02:1511256:1511359 [2] NCCL INFO Channel 00/0 : 1[1] -> 2[2] [receive] via NET/IB/10/GDRDMA
a100-llm-02:1511256:1511359 [2] NCCL INFO GPU Direct RDMA Enabled for GPU/0-1028176 (rank 2) - NET/0-10 (distance 5 <= 6, read 0, mode Default)
a100-llm-02:1511256:1511354 [7] NCCL INFO Channel 00/0 : 6[6] -> 7[7] [receive] via NET/IB/12/GDRDMA
a100-llm-02:1511256:1511354 [7] NCCL INFO GPU Direct RDMA Enabled for GPU/0-1044576 (rank 7) - NET/0-12 (distance 5 <= 6, read 0, mode Default)
a100-llm-02:1511256:1511341 [2] NCCL INFO New proxy recv connection 1 from local rank 0, transport 2
a100-llm-02:1511256:1511357 [4] NCCL INFO Channel 01/0 : 3[3] -> 4[4] [receive] via NET/IB/11/GDRDMA
a100-llm-02:1511256:1511357 [4] NCCL INFO GPU Direct RDMA Enabled for GPU/0-1036368 (rank 4) - NET/0-11 (distance 5 <= 6, read 1, mode Default)
a100-llm-02:1511256:1511347 [7] NCCL INFO New proxy recv connection 1 from local rank 0, transport 2
a100-llm-02:1511256:1511346 [1] NCCL INFO New proxy recv connection 0 from local rank 0, transport 2
a100-llm-02:1511256:1511354 [7] NCCL INFO Connected to proxy localRank 0 -> connection 0x7f0f48009e88
a100-llm-02:1511256:1511360 [1] NCCL INFO Connected to proxy localRank 0 -> connection 0x7f0f54000d10
a100-llm-02:1511256:1511358 [3] NCCL INFO Connected to proxy localRank 0 -> connection 0x7f0fa0000d10
a100-llm-02:1511256:1511350 [6] NCCL INFO New proxy recv connection 0 from local rank 0, transport 2
a100-llm-02:1511256:1511344 [5] NCCL INFO New proxy recv connection 0 from local rank 0, transport 2
a100-llm-02:1511256:1511360 [1] NCCL INFO Channel 00/0 : 0[0] -> 1[1] [receive] via NET/IB/9/GDRDMA
a100-llm-02:1511256:1511360 [1] NCCL INFO GPU Direct RDMA Enabled for GPU/0-1020000 (rank 1) - NET/0-9 (distance 5 <= 6, read 0, mode Default)
a100-llm-02:1511256:1511358 [3] NCCL INFO Channel 00/0 : 2[2] -> 3[3] [receive] via NET/IB/10/GDRDMA
a100-llm-02:1511256:1511358 [3] NCCL INFO GPU Direct RDMA Enabled for GPU/0-1028192 (rank 3) - NET/0-10 (distance 5 <= 6, read 0, mode Default)
a100-llm-02:1511256:1511348 [0] NCCL INFO New proxy recv connection 0 from local rank 0, transport 2
a100-llm-02:1511256:1511361 [0] NCCL INFO Connected to proxy localRank 0 -> connection 0x7f0f6c000d10
a100-llm-02:1511256:1511336 [3] NCCL INFO New proxy recv connection 1 from local rank 0, transport 2
a100-llm-02:1511256:1511354 [7] NCCL INFO Channel 01/0 : 6[6] -> 7[7] [receive] via NET/IB/12/GDRDMA
a100-llm-02:1511256:1511354 [7] NCCL INFO GPU Direct RDMA Enabled for GPU/0-1044576 (rank 7) - NET/0-12 (distance 5 <= 6, read 1, mode Default)
a100-llm-02:1511256:1511355 [6] NCCL INFO Connected to proxy localRank 0 -> connection 0x7f0f44000d10
a100-llm-02:1511256:1511359 [2] NCCL INFO Connected to proxy localRank 0 -> connection 0x7f0f58000d88
a100-llm-02:1511256:1511346 [1] NCCL INFO New proxy recv connection 1 from local rank 0, transport 2
a100-llm-02:1511256:1511356 [5] NCCL INFO Connected to proxy localRank 0 -> connection 0x7f0f5c000d10
a100-llm-02:1511256:1511361 [0] NCCL INFO Channel 00/0 : 7[7] -> 0[0] [receive] via NET/IB/9/GDRDMA
a100-llm-02:1511256:1511361 [0] NCCL INFO GPU Direct RDMA Enabled for GPU/0-1019984 (rank 0) - NET/0-9 (distance 5 <= 6, read 0, mode Default)
a100-llm-02:1511256:1511355 [6] NCCL INFO Channel 00/0 : 5[5] -> 6[6] [receive] via NET/IB/12/GDRDMA
a100-llm-02:1511256:1511355 [6] NCCL INFO GPU Direct RDMA Enabled for GPU/0-1044560 (rank 6) - NET/0-12 (distance 5 <= 6, read 0, mode Default)
a100-llm-02:1511256:1511350 [6] NCCL INFO New proxy recv connection 1 from local rank 0, transport 2
a100-llm-02:1511256:1511348 [0] NCCL INFO New proxy recv connection 1 from local rank 0, transport 2
a100-llm-02:1511256:1511361 [0] NCCL INFO Connected to proxy localRank 0 -> connection 0x7f0f6c000d88
a100-llm-02:1511256:1511355 [6] NCCL INFO Connected to proxy localRank 0 -> connection 0x7f0f44000d88
a100-llm-02:1511256:1511361 [0] NCCL INFO Channel 01/0 : 7[7] -> 0[0] [receive] via NET/IB/9/GDRDMA
a100-llm-02:1511256:1511361 [0] NCCL INFO GPU Direct RDMA Enabled for GPU/0-1019984 (rank 0) - NET/0-9 (distance 5 <= 6, read 1, mode Default)
a100-llm-02:1511256:1511348 [0] NCCL INFO New proxy send connection 2 from local rank 0, transport 2
a100-llm-02:1511256:1511355 [6] NCCL INFO Channel 01/0 : 5[5] -> 6[6] [receive] via NET/IB/12/GDRDMA
a100-llm-02:1511256:1511355 [6] NCCL INFO GPU Direct RDMA Enabled for GPU/0-1044560 (rank 6) - NET/0-12 (distance 5 <= 6, read 1, mode Default)
a100-llm-02:1511256:1511361 [0] NCCL INFO Connected to proxy localRank 0 -> connection 0x7f0f6c000e00
a100-llm-02:1511256:1511350 [6] NCCL INFO New proxy send connection 2 from local rank 0, transport 2
a100-llm-02:1511256:1511355 [6] NCCL INFO Connected to proxy localRank 0 -> connection 0x7f0f44000e00
a100-llm-02:1511256:1511361 [0] NCCL INFO Channel 00/0 : 0[0] -> 1[1] [send] via NET/IB/9/GDRDMA
a100-llm-02:1511256:1511361 [0] NCCL INFO GPU Direct RDMA Enabled for GPU/0-1019984 (rank 0) - NET/0-9 (distance 5 <= 6, read 1, mode Default)
a100-llm-02:1511256:1511348 [0] NCCL INFO New proxy send connection 3 from local rank 0, transport 2
a100-llm-02:1511256:1511361 [0] NCCL INFO Connected to proxy localRank 0 -> connection 0x7f0f6c000e78
a100-llm-02:1511256:1511355 [6] NCCL INFO Channel 00/0 : 6[6] -> 7[7] [send] via NET/IB/12/GDRDMA
a100-llm-02:1511256:1511355 [6] NCCL INFO GPU Direct RDMA Enabled for GPU/0-1044560 (rank 6) - NET/0-12 (distance 5 <= 6, read 1, mode Default)
a100-llm-02:1511256:1511350 [6] NCCL INFO New proxy send connection 3 from local rank 0, transport 2
a100-llm-02:1511256:1511361 [0] NCCL INFO Channel 01/0 : 0[0] -> 1[1] [send] via NET/IB/9/GDRDMA
a100-llm-02:1511256:1511355 [6] NCCL INFO Connected to proxy localRank 0 -> connection 0x7f0f44000e78
a100-llm-02:1511256:1511355 [6] NCCL INFO Channel 01/0 : 6[6] -> 7[7] [send] via NET/IB/12/GDRDMA
a100-llm-02:1511256:1511338 [4] NCCL INFO New proxy send connection 2 from local rank 0, transport 2
a100-llm-02:1511256:1511357 [4] NCCL INFO Connected to proxy localRank 0 -> connection 0x7f0f64000e00
a100-llm-02:1511256:1511358 [3] NCCL INFO Connected to proxy localRank 0 -> connection 0x7f0fa0000d88
a100-llm-02:1511256:1511360 [1] NCCL INFO Connected to proxy localRank 0 -> connection 0x7f0f54000d88
a100-llm-02:1511256:1511347 [7] NCCL INFO New proxy send connection 2 from local rank 0, transport 2
a100-llm-02:1511256:1511354 [7] NCCL INFO Connected to proxy localRank 0 -> connection 0x7f0f48009f00
a100-llm-02:1511256:1511354 [7] NCCL INFO Channel 00/0 : 7[7] -> 0[0] [send] via NET/IB/12/GDRDMA
a100-llm-02:1511256:1511354 [7] NCCL INFO GPU Direct RDMA Enabled for GPU/0-1044576 (rank 7) - NET/0-12 (distance 5 <= 6, read 1, mode Default)
a100-llm-02:1511256:1511359 [2] NCCL INFO Channel 01/0 : 1[1] -> 2[2] [receive] via NET/IB/10/GDRDMA
a100-llm-02:1511256:1511359 [2] NCCL INFO GPU Direct RDMA Enabled for GPU/0-1028176 (rank 2) - NET/0-10 (distance 5 <= 6, read 1, mode Default)
a100-llm-02:1511256:1511356 [5] NCCL INFO Channel 00/0 : 4[4] -> 5[5] [receive] via NET/IB/11/GDRDMA
a100-llm-02:1511256:1511356 [5] NCCL INFO GPU Direct RDMA Enabled for GPU/0-1036384 (rank 5) - NET/0-11 (distance 5 <= 6, read 0, mode Default)
a100-llm-02:1511256:1511357 [4] NCCL INFO Channel 00/0 : 4[4] -> 5[5] [send] via NET/IB/11/GDRDMA
a100-llm-02:1511256:1511357 [4] NCCL INFO GPU Direct RDMA Enabled for GPU/0-1036368 (rank 4) - NET/0-11 (distance 5 <= 6, read 1, mode Default)
a100-llm-02:1511256:1511347 [7] NCCL INFO New proxy send connection 3 from local rank 0, transport 2
a100-llm-02:1511256:1511354 [7] NCCL INFO Connected to proxy localRank 0 -> connection 0x7f0f48009f78
a100-llm-02:1511256:1511358 [3] NCCL INFO Channel 01/0 : 2[2] -> 3[3] [receive] via NET/IB/10/GDRDMA
a100-llm-02:1511256:1511358 [3] NCCL INFO GPU Direct RDMA Enabled for GPU/0-1028192 (rank 3) - NET/0-10 (distance 5 <= 6, read 1, mode Default)
a100-llm-02:1511256:1511360 [1] NCCL INFO Channel 01/0 : 0[0] -> 1[1] [receive] via NET/IB/9/GDRDMA
a100-llm-02:1511256:1511360 [1] NCCL INFO GPU Direct RDMA Enabled for GPU/0-1020000 (rank 1) - NET/0-9 (distance 5 <= 6, read 1, mode Default)
a100-llm-02:1511256:1511336 [3] NCCL INFO New proxy send connection 2 from local rank 0, transport 2
a100-llm-02:1511256:1511358 [3] NCCL INFO Connected to proxy localRank 0 -> connection 0x7f0fa0000e00
a100-llm-02:1511256:1511358 [3] NCCL INFO Channel 00/0 : 3[3] -> 4[4] [send] via NET/IB/10/GDRDMA
a100-llm-02:1511256:1511358 [3] NCCL INFO GPU Direct RDMA Enabled for GPU/0-1028192 (rank 3) - NET/0-10 (distance 5 <= 6, read 1, mode Default)
a100-llm-02:1511256:1511341 [2] NCCL INFO New proxy send connection 2 from local rank 0, transport 2
a100-llm-02:1511256:1511338 [4] NCCL INFO New proxy send connection 3 from local rank 0, transport 2
a100-llm-02:1511256:1511357 [4] NCCL INFO Connected to proxy localRank 0 -> connection 0x7f0f64000e78
a100-llm-02:1511256:1511357 [4] NCCL INFO Channel 01/0 : 4[4] -> 5[5] [send] via NET/IB/11/GDRDMA
a100-llm-02:1511256:1511346 [1] NCCL INFO New proxy send connection 2 from local rank 0, transport 2
a100-llm-02:1511256:1511344 [5] NCCL INFO New proxy recv connection 1 from local rank 0, transport 2
a100-llm-02:1511256:1511360 [1] NCCL INFO Connected to proxy localRank 0 -> connection 0x7f0f54000e00
a100-llm-02:1511256:1511354 [7] NCCL INFO Channel 01/0 : 7[7] -> 0[0] [send] via NET/IB/12/GDRDMA
a100-llm-02:1511256:1511359 [2] NCCL INFO Connected to proxy localRank 0 -> connection 0x7f0f58000e00
a100-llm-02:1511256:1511336 [3] NCCL INFO New proxy send connection 3 from local rank 0, transport 2
a100-llm-02:1511256:1511359 [2] NCCL INFO Channel 00/0 : 2[2] -> 3[3] [send] via NET/IB/10/GDRDMA
a100-llm-02:1511256:1511359 [2] NCCL INFO GPU Direct RDMA Enabled for GPU/0-1028176 (rank 2) - NET/0-10 (distance 5 <= 6, read 1, mode Default)
a100-llm-02:1511256:1511341 [2] NCCL INFO New proxy send connection 3 from local rank 0, transport 2
a100-llm-02:1511256:1511360 [1] NCCL INFO Channel 00/0 : 1[1] -> 2[2] [send] via NET/IB/9/GDRDMA
a100-llm-02:1511256:1511360 [1] NCCL INFO GPU Direct RDMA Enabled for GPU/0-1020000 (rank 1) - NET/0-9 (distance 5 <= 6, read 1, mode Default)
a100-llm-02:1511256:1511356 [5] NCCL INFO Connected to proxy localRank 0 -> connection 0x7f0f5c000d88
a100-llm-02:1511256:1511356 [5] NCCL INFO Channel 01/0 : 4[4] -> 5[5] [receive] via NET/IB/11/GDRDMA
a100-llm-02:1511256:1511356 [5] NCCL INFO GPU Direct RDMA Enabled for GPU/0-1036384 (rank 5) - NET/0-11 (distance 5 <= 6, read 1, mode Default)
a100-llm-02:1511256:1511344 [5] NCCL INFO New proxy send connection 2 from local rank 0, transport 2
a100-llm-02:1511256:1511356 [5] NCCL INFO Connected to proxy localRank 0 -> connection 0x7f0f5c000e00
a100-llm-02:1511256:1511356 [5] NCCL INFO Channel 00/0 : 5[5] -> 6[6] [send] via NET/IB/11/GDRDMA
a100-llm-02:1511256:1511356 [5] NCCL INFO GPU Direct RDMA Enabled for GPU/0-1036384 (rank 5) - NET/0-11 (distance 5 <= 6, read 1, mode Default)
a100-llm-02:1511256:1511344 [5] NCCL INFO New proxy send connection 3 from local rank 0, transport 2
a100-llm-02:1511256:1511356 [5] NCCL INFO Connected to proxy localRank 0 -> connection 0x7f0f5c000e78
a100-llm-02:1511256:1511356 [5] NCCL INFO Channel 01/0 : 5[5] -> 6[6] [send] via NET/IB/11/GDRDMA
a100-llm-02:1511256:1511358 [3] NCCL INFO Connected to proxy localRank 0 -> connection 0x7f0fa0000e78
a100-llm-02:1511256:1511358 [3] NCCL INFO Channel 01/0 : 3[3] -> 4[4] [send] via NET/IB/10/GDRDMA
a100-llm-02:1511256:1511359 [2] NCCL INFO Connected to proxy localRank 0 -> connection 0x7f0f58000e78
a100-llm-02:1511256:1511350 [6] NCCL INFO NET/IB: NCCL Dev 12 IbDev 7 Port 1 qpn 1156 mtu 5 GID 3 (0/455A13C6FFFF0000) ctsFifoRkey=0x8b5b4 ctsFifoLkey=0x8b5b4
a100-llm-02:1511256:1511350 [6] NCCL INFO NET/IB: IbDev 7 Port 1 qpn 1156 query_ece={supported=1, vendor_id=0x15b3, options=0x30000000, comp_mask=0x0}
a100-llm-02:1511256:1511350 [6] NCCL INFO NET/IB: NCCL Dev 12 IbDev 8 Port 1 qpn 900 mtu 5 GID 3 (0/58B013C6FFFF0000) ctsFifoRkey=0x4f8b7 ctsFifoLkey=0x4f8b7
a100-llm-02:1511256:1511350 [6] NCCL INFO NET/IB: IbDev 8 Port 1 qpn 900 query_ece={supported=1, vendor_id=0x15b3, options=0x30000000, comp_mask=0x0}
a100-llm-02:1511256:1511346 [1] NCCL INFO New proxy send connection 3 from local rank 0, transport 2
a100-llm-02:1511256:1511360 [1] NCCL INFO Connected to proxy localRank 0 -> connection 0x7f0f54000e78
a100-llm-02:1511256:1511360 [1] NCCL INFO Channel 01/0 : 1[1] -> 2[2] [send] via NET/IB/9/GDRDMA
a100-llm-02:1511256:1511344 [5] NCCL INFO NET/IB: NCCL Dev 11 IbDev 5 Port 1 qpn 1156 mtu 5 GID 3 (0/5E0113C6FFFF0000) ctsFifoRkey=0x8f9fa ctsFifoLkey=0x8f9fa
a100-llm-02:1511256:1511344 [5] NCCL INFO NET/IB: IbDev 5 Port 1 qpn 1156 query_ece={supported=1, vendor_id=0x15b3, options=0x30000000, comp_mask=0x0}
a100-llm-02:1511256:1511344 [5] NCCL INFO NET/IB: NCCL Dev 11 IbDev 6 Port 1 qpn 900 mtu 5 GID 3 (0/AF0713C6FFFF0000) ctsFifoRkey=0x52eed ctsFifoLkey=0x52eed
a100-llm-02:1511256:1511344 [5] NCCL INFO NET/IB: IbDev 6 Port 1 qpn 900 query_ece={supported=1, vendor_id=0x15b3, options=0x30000000, comp_mask=0x0}
a100-llm-02:1511256:1511359 [2] NCCL INFO Channel 01/0 : 2[2] -> 3[3] [send] via NET/IB/10/GDRDMA
a100-llm-02:1511256:1511344 [5] NCCL INFO NET/IB: NCCL Dev 11 IbDev 5 Port 1 qpn 1157 mtu 5 GID 3 (0/5E0113C6FFFF0000) ctsFifoRkey=0x90504 ctsFifoLkey=0x90504
a100-llm-02:1511256:1511344 [5] NCCL INFO NET/IB: IbDev 5 Port 1 qpn 1157 query_ece={supported=1, vendor_id=0x15b3, options=0x30000000, comp_mask=0x0}
a100-llm-02:1511256:1511344 [5] NCCL INFO NET/IB: NCCL Dev 11 IbDev 6 Port 1 qpn 901 mtu 5 GID 3 (0/AF0713C6FFFF0000) ctsFifoRkey=0x53bf9 ctsFifoLkey=0x53bf9
a100-llm-02:1511256:1511344 [5] NCCL INFO NET/IB: IbDev 6 Port 1 qpn 901 query_ece={supported=1, vendor_id=0x15b3, options=0x30000000, comp_mask=0x0}
a100-llm-02:1511256:1511347 [7] NCCL INFO NET/IB: NCCL Dev 12 IbDev 7 Port 1 qpn 1160 mtu 5 GID 3 (0/455A13C6FFFF0000) ctsFifoRkey=0x8cccb ctsFifoLkey=0x8cccb
a100-llm-02:1511256:1511347 [7] NCCL INFO NET/IB: IbDev 7 Port 1 qpn 1160 query_ece={supported=1, vendor_id=0x15b3, options=0x30000000, comp_mask=0x0}
a100-llm-02:1511256:1511341 [2] NCCL INFO NET/IB: NCCL Dev 10 IbDev 3 Port 1 qpn 1156 mtu 5 GID 3 (0/340D13C6FFFF0000) ctsFifoRkey=0x176462 ctsFifoLkey=0x176462
a100-llm-02:1511256:1511341 [2] NCCL INFO NET/IB: IbDev 3 Port 1 qpn 1156 query_ece={supported=1, vendor_id=0x15b3, options=0x30000000, comp_mask=0x0}
a100-llm-02:1511256:1511347 [7] NCCL INFO NET/IB: NCCL Dev 12 IbDev 8 Port 1 qpn 903 mtu 5 GID 3 (0/58B013C6FFFF0000) ctsFifoRkey=0x510cf ctsFifoLkey=0x510cf
a100-llm-02:1511256:1511347 [7] NCCL INFO NET/IB: IbDev 8 Port 1 qpn 903 query_ece={supported=1, vendor_id=0x15b3, options=0x30000000, comp_mask=0x0}
a100-llm-02:1511256:1511341 [2] NCCL INFO NET/IB: NCCL Dev 10 IbDev 4 Port 1 qpn 900 mtu 5 GID 3 (0/462613C6FFFF0000) ctsFifoRkey=0x13ad6c ctsFifoLkey=0x13ad6c
a100-llm-02:1511256:1511341 [2] NCCL INFO NET/IB: IbDev 4 Port 1 qpn 900 query_ece={supported=1, vendor_id=0x15b3, options=0x30000000, comp_mask=0x0}
a100-llm-02:1511256:1511347 [7] NCCL INFO NET/IB: NCCL Dev 12 IbDev 7 Port 1 qpn 1161 mtu 5 GID 3 (0/455A13C6FFFF0000) ctsFifoRkey=0x171817 ctsFifoLkey=0x171817
a100-llm-02:1511256:1511347 [7] NCCL INFO NET/IB: IbDev 7 Port 1 qpn 1161 query_ece={supported=1, vendor_id=0x15b3, options=0x30000000, comp_mask=0x0}
a100-llm-02:1511256:1511347 [7] NCCL INFO NET/IB: NCCL Dev 12 IbDev 8 Port 1 qpn 905 mtu 5 GID 3 (0/58B013C6FFFF0000) ctsFifoRkey=0x133ffe ctsFifoLkey=0x133ffe
a100-llm-02:1511256:1511347 [7] NCCL INFO NET/IB: IbDev 8 Port 1 qpn 905 query_ece={supported=1, vendor_id=0x15b3, options=0x30000000, comp_mask=0x0}
a100-llm-02:1511256:1511350 [6] NCCL INFO NET/IB: NCCL Dev 12 IbDev 7 Port 1 qpn 1163 mtu 5 GID 3 (0/455A13C6FFFF0000) ctsFifoRkey=0x172423 ctsFifoLkey=0x172423
a100-llm-02:1511256:1511350 [6] NCCL INFO NET/IB: IbDev 7 Port 1 qpn 1163 query_ece={supported=1, vendor_id=0x15b3, options=0x30000000, comp_mask=0x0}
a100-llm-02:1511256:1511350 [6] NCCL INFO NET/IB: NCCL Dev 12 IbDev 8 Port 1 qpn 907 mtu 5 GID 3 (0/58B013C6FFFF0000) ctsFifoRkey=0x134c0a ctsFifoLkey=0x134c0a
a100-llm-02:1511256:1511350 [6] NCCL INFO NET/IB: IbDev 8 Port 1 qpn 907 query_ece={supported=1, vendor_id=0x15b3, options=0x30000000, comp_mask=0x0}
a100-llm-02:1511256:1511346 [1] NCCL INFO NET/IB: NCCL Dev 9 IbDev 1 Port 1 qpn 1157 mtu 5 GID 3 (0/F74413C6FFFF0000) ctsFifoRkey=0x174e4d ctsFifoLkey=0x174e4d
a100-llm-02:1511256:1511346 [1] NCCL INFO NET/IB: IbDev 1 Port 1 qpn 1157 query_ece={supported=1, vendor_id=0x15b3, options=0x30000000, comp_mask=0x0}
a100-llm-02:1511256:1511346 [1] NCCL INFO NET/IB: NCCL Dev 9 IbDev 2 Port 1 qpn 901 mtu 5 GID 3 (0/A3F13C6FFFF0000) ctsFifoRkey=0x138f4d ctsFifoLkey=0x138f4d
a100-llm-02:1511256:1511346 [1] NCCL INFO NET/IB: IbDev 2 Port 1 qpn 901 query_ece={supported=1, vendor_id=0x15b3, options=0x30000000, comp_mask=0x0}
a100-llm-02:1511256:1511348 [0] NCCL INFO NET/IB: NCCL Dev 9 IbDev 1 Port 1 qpn 1159 mtu 5 GID 3 (0/F74413C6FFFF0000) ctsFifoRkey=0x8d0cd ctsFifoLkey=0x8d0cd
a100-llm-02:1511256:1511348 [0] NCCL INFO NET/IB: IbDev 1 Port 1 qpn 1159 query_ece={supported=1, vendor_id=0x15b3, options=0x30000000, comp_mask=0x0}
a100-llm-02:1511256:1511348 [0] NCCL INFO NET/IB: NCCL Dev 9 IbDev 2 Port 1 qpn 903 mtu 5 GID 3 (0/A3F13C6FFFF0000) ctsFifoRkey=0x519d8 ctsFifoLkey=0x519d8
a100-llm-02:1511256:1511348 [0] NCCL INFO NET/IB: IbDev 2 Port 1 qpn 903 query_ece={supported=1, vendor_id=0x15b3, options=0x30000000, comp_mask=0x0}
a100-llm-02:1511256:1511347 [7] NCCL INFO NET/IB: IbDev 7 Port 1 qpn 1160 set_ece={supported=1, vendor_id=0x15b3, options=0x30000000, comp_mask=0x0}
a100-llm-02:1511256:1511350 [6] NCCL INFO NET/IB: IbDev 7 Port 1 qpn 1156 set_ece={supported=1, vendor_id=0x15b3, options=0x30000000, comp_mask=0x0}
a100-llm-02:1511256:1511347 [7] NCCL INFO NET/IB: IbDev 8 Port 1 qpn 903 set_ece={supported=1, vendor_id=0x15b3, options=0x30000000, comp_mask=0x0}
a100-llm-02:1511256:1511350 [6] NCCL INFO NET/IB: IbDev 8 Port 1 qpn 900 set_ece={supported=1, vendor_id=0x15b3, options=0x30000000, comp_mask=0x0}
a100-llm-02:1511256:1511336 [3] NCCL INFO NET/IB: NCCL Dev 10 IbDev 3 Port 1 qpn 1160 mtu 5 GID 3 (0/340D13C6FFFF0000) ctsFifoRkey=0x177e7d ctsFifoLkey=0x177e7d
a100-llm-02:1511256:1511336 [3] NCCL INFO NET/IB: IbDev 3 Port 1 qpn 1160 query_ece={supported=1, vendor_id=0x15b3, options=0x30000000, comp_mask=0x0}
a100-llm-02:1511256:1511336 [3] NCCL INFO NET/IB: NCCL Dev 10 IbDev 4 Port 1 qpn 904 mtu 5 GID 3 (0/462613C6FFFF0000) ctsFifoRkey=0x13c684 ctsFifoLkey=0x13c684
a100-llm-02:1511256:1511336 [3] NCCL INFO NET/IB: IbDev 4 Port 1 qpn 904 query_ece={supported=1, vendor_id=0x15b3, options=0x30000000, comp_mask=0x0}
a100-llm-02:1511256:1511336 [3] NCCL INFO NET/IB: NCCL Dev 10 IbDev 3 Port 1 qpn 1162 mtu 5 GID 3 (0/340D13C6FFFF0000) ctsFifoRkey=0x178b89 ctsFifoLkey=0x178b89
a100-llm-02:1511256:1511336 [3] NCCL INFO NET/IB: IbDev 3 Port 1 qpn 1162 query_ece={supported=1, vendor_id=0x15b3, options=0x30000000, comp_mask=0x0}
a100-llm-02:1511256:1511336 [3] NCCL INFO NET/IB: NCCL Dev 10 IbDev 4 Port 1 qpn 905 mtu 5 GID 3 (0/462613C6FFFF0000) ctsFifoRkey=0x13d392 ctsFifoLkey=0x13d392
a100-llm-02:1511256:1511336 [3] NCCL INFO NET/IB: IbDev 4 Port 1 qpn 905 query_ece={supported=1, vendor_id=0x15b3, options=0x30000000, comp_mask=0x0}
a100-llm-02:1511256:1511350 [6] NCCL INFO NET/IB: IbDev 7 Port 1 qpn 1163 set_ece={supported=1, vendor_id=0x15b3, options=0x30000000, comp_mask=0x0}
a100-llm-02:1511256:1511350 [6] NCCL INFO NET/IB: IbDev 8 Port 1 qpn 907 set_ece={supported=1, vendor_id=0x15b3, options=0x30000000, comp_mask=0x0}
a100-llm-02:1511256:1511348 [0] NCCL INFO NET/IB: NCCL Dev 9 IbDev 1 Port 1 qpn 1163 mtu 5 GID 3 (0/F74413C6FFFF0000) ctsFifoRkey=0x8dbdb ctsFifoLkey=0x8dbdb
a100-llm-02:1511256:1511348 [0] NCCL INFO NET/IB: IbDev 1 Port 1 qpn 1163 query_ece={supported=1, vendor_id=0x15b3, options=0x30000000, comp_mask=0x0}
a100-llm-02:1511256:1511348 [0] NCCL INFO NET/IB: NCCL Dev 9 IbDev 2 Port 1 qpn 907 mtu 5 GID 3 (0/A3F13C6FFFF0000) ctsFifoRkey=0x524e3 ctsFifoLkey=0x524e3
a100-llm-02:1511256:1511348 [0] NCCL INFO NET/IB: IbDev 2 Port 1 qpn 907 query_ece={supported=1, vendor_id=0x15b3, options=0x30000000, comp_mask=0x0}
a100-llm-02:1511256:1511341 [2] NCCL INFO NET/IB: NCCL Dev 10 IbDev 3 Port 1 qpn 1163 mtu 5 GID 3 (0/340D13C6FFFF0000) ctsFifoRkey=0x179796 ctsFifoLkey=0x179796
a100-llm-02:1511256:1511341 [2] NCCL INFO NET/IB: IbDev 3 Port 1 qpn 1163 query_ece={supported=1, vendor_id=0x15b3, options=0x30000000, comp_mask=0x0}
a100-llm-02:1511256:1511341 [2] NCCL INFO NET/IB: NCCL Dev 10 IbDev 4 Port 1 qpn 907 mtu 5 GID 3 (0/462613C6FFFF0000) ctsFifoRkey=0x13df9e ctsFifoLkey=0x13df9e
a100-llm-02:1511256:1511341 [2] NCCL INFO NET/IB: IbDev 4 Port 1 qpn 907 query_ece={supported=1, vendor_id=0x15b3, options=0x30000000, comp_mask=0x0}
a100-llm-02:1511256:1511341 [2] NCCL INFO NET/IB: IbDev 3 Port 1 qpn 1156 set_ece={supported=1, vendor_id=0x15b3, options=0x30000000, comp_mask=0x0}
a100-llm-02:1511256:1511341 [2] NCCL INFO NET/IB: IbDev 4 Port 1 qpn 900 set_ece={supported=1, vendor_id=0x15b3, options=0x30000000, comp_mask=0x0}
a100-llm-02:1511256:1511344 [5] NCCL INFO NET/IB: IbDev 5 Port 1 qpn 1156 set_ece={supported=1, vendor_id=0x15b3, options=0x30000000, comp_mask=0x0}
a100-llm-02:1511256:1511344 [5] NCCL INFO NET/IB: IbDev 6 Port 1 qpn 900 set_ece={supported=1, vendor_id=0x15b3, options=0x30000000, comp_mask=0x0}
a100-llm-02:1511256:1511346 [1] NCCL INFO NET/IB: NCCL Dev 9 IbDev 1 Port 1 qpn 1165 mtu 5 GID 3 (0/F74413C6FFFF0000) ctsFifoRkey=0x177371 ctsFifoLkey=0x177371
a100-llm-02:1511256:1511346 [1] NCCL INFO NET/IB: IbDev 1 Port 1 qpn 1165 query_ece={supported=1, vendor_id=0x15b3, options=0x30000000, comp_mask=0x0}
a100-llm-02:1511256:1511346 [1] NCCL INFO NET/IB: NCCL Dev 9 IbDev 2 Port 1 qpn 909 mtu 5 GID 3 (0/A3F13C6FFFF0000) ctsFifoRkey=0x13b170 ctsFifoLkey=0x13b170
a100-llm-02:1511256:1511346 [1] NCCL INFO NET/IB: IbDev 2 Port 1 qpn 909 query_ece={supported=1, vendor_id=0x15b3, options=0x30000000, comp_mask=0x0}
a100-llm-02:1511256:1511344 [5] NCCL INFO NET/IB: IbDev 5 Port 1 qpn 1157 set_ece={supported=1, vendor_id=0x15b3, options=0x30000000, comp_mask=0x0}
a100-llm-02:1511256:1511344 [5] NCCL INFO NET/IB: IbDev 6 Port 1 qpn 901 set_ece={supported=1, vendor_id=0x15b3, options=0x30000000, comp_mask=0x0}
a100-llm-02:1511256:1511348 [0] NCCL INFO NET/IB: IbDev 1 Port 1 qpn 1159 set_ece={supported=1, vendor_id=0x15b3, options=0x30000000, comp_mask=0x0}
a100-llm-02:1511256:1511348 [0] NCCL INFO NET/IB: IbDev 2 Port 1 qpn 903 set_ece={supported=1, vendor_id=0x15b3, options=0x30000000, comp_mask=0x0}
a100-llm-02:1511256:1511341 [2] NCCL INFO NET/IB: IbDev 3 Port 1 qpn 1163 set_ece={supported=1, vendor_id=0x15b3, options=0x30000000, comp_mask=0x0}
a100-llm-02:1511256:1511341 [2] NCCL INFO NET/IB: IbDev 4 Port 1 qpn 907 set_ece={supported=1, vendor_id=0x15b3, options=0x30000000, comp_mask=0x0}
a100-llm-02:1511256:1511346 [1] NCCL INFO NET/IB: IbDev 1 Port 1 qpn 1157 set_ece={supported=1, vendor_id=0x15b3, options=0x30000000, comp_mask=0x0}
a100-llm-02:1511256:1511338 [4] NCCL INFO NET/IB: NCCL Dev 11 IbDev 5 Port 1 qpn 1162 mtu 5 GID 3 (0/5E0113C6FFFF0000) ctsFifoRkey=0x16f4f3 ctsFifoLkey=0x16f4f3
a100-llm-02:1511256:1511338 [4] NCCL INFO NET/IB: IbDev 5 Port 1 qpn 1162 query_ece={supported=1, vendor_id=0x15b3, options=0x30000000, comp_mask=0x0}
a100-llm-02:1511256:1511346 [1] NCCL INFO NET/IB: IbDev 2 Port 1 qpn 901 set_ece={supported=1, vendor_id=0x15b3, options=0x30000000, comp_mask=0x0}
a100-llm-02:1511256:1511338 [4] NCCL INFO NET/IB: NCCL Dev 11 IbDev 6 Port 1 qpn 906 mtu 5 GID 3 (0/AF0713C6FFFF0000) ctsFifoRkey=0x134404 ctsFifoLkey=0x134404
a100-llm-02:1511256:1511338 [4] NCCL INFO NET/IB: IbDev 6 Port 1 qpn 906 query_ece={supported=1, vendor_id=0x15b3, options=0x30000000, comp_mask=0x0}
a100-llm-02:1511256:1511347 [7] NCCL INFO NET/IB: IbDev 7 Port 1 qpn 1161 set_ece={supported=1, vendor_id=0x15b3, options=0x30000000, comp_mask=0x0}
a100-llm-02:1511256:1511347 [7] NCCL INFO NET/IB: IbDev 8 Port 1 qpn 905 set_ece={supported=1, vendor_id=0x15b3, options=0x30000000, comp_mask=0x0}
a100-llm-02:1511256:1511336 [3] NCCL INFO NET/IB: IbDev 3 Port 1 qpn 1160 set_ece={supported=1, vendor_id=0x15b3, options=0x30000000, comp_mask=0x0}
a100-llm-02:1511256:1511336 [3] NCCL INFO NET/IB: IbDev 4 Port 1 qpn 904 set_ece={supported=1, vendor_id=0x15b3, options=0x30000000, comp_mask=0x0}
a100-llm-02:1511256:1511338 [4] NCCL INFO NET/IB: IbDev 5 Port 1 qpn 1162 set_ece={supported=1, vendor_id=0x15b3, options=0x30000000, comp_mask=0x0}
a100-llm-02:1511256:1511338 [4] NCCL INFO NET/IB: IbDev 6 Port 1 qpn 906 set_ece={supported=1, vendor_id=0x15b3, options=0x30000000, comp_mask=0x0}
a100-llm-02:1511256:1511348 [0] NCCL INFO NET/IB: IbDev 1 Port 1 qpn 1163 set_ece={supported=1, vendor_id=0x15b3, options=0x30000000, comp_mask=0x0}
a100-llm-02:1511256:1511348 [0] NCCL INFO NET/IB: IbDev 2 Port 1 qpn 907 set_ece={supported=1, vendor_id=0x15b3, options=0x30000000, comp_mask=0x0}
a100-llm-02:1511256:1511336 [3] NCCL INFO NET/IB: IbDev 3 Port 1 qpn 1162 set_ece={supported=1, vendor_id=0x15b3, options=0x30000000, comp_mask=0x0}
a100-llm-02:1511256:1511336 [3] NCCL INFO NET/IB: IbDev 4 Port 1 qpn 905 set_ece={supported=1, vendor_id=0x15b3, options=0x30000000, comp_mask=0x0}
a100-llm-02:1511256:1511346 [1] NCCL INFO NET/IB: IbDev 1 Port 1 qpn 1165 set_ece={supported=1, vendor_id=0x15b3, options=0x30000000, comp_mask=0x0}
a100-llm-02:1511256:1511346 [1] NCCL INFO NET/IB: IbDev 2 Port 1 qpn 909 set_ece={supported=1, vendor_id=0x15b3, options=0x30000000, comp_mask=0x0}
a100-llm-02:1511256:1511338 [4] NCCL INFO NET/IB: NCCL Dev 11 IbDev 5 Port 1 qpn 1165 mtu 5 GID 3 (0/5E0113C6FFFF0000) ctsFifoRkey=0x170200 ctsFifoLkey=0x170200
a100-llm-02:1511256:1511338 [4] NCCL INFO NET/IB: IbDev 5 Port 1 qpn 1165 query_ece={supported=1, vendor_id=0x15b3, options=0x30000000, comp_mask=0x0}
a100-llm-02:1511256:1511338 [4] NCCL INFO NET/IB: NCCL Dev 11 IbDev 6 Port 1 qpn 909 mtu 5 GID 3 (0/AF0713C6FFFF0000) ctsFifoRkey=0x135210 ctsFifoLkey=0x135210
a100-llm-02:1511256:1511338 [4] NCCL INFO NET/IB: IbDev 6 Port 1 qpn 909 query_ece={supported=1, vendor_id=0x15b3, options=0x30000000, comp_mask=0x0}
a100-llm-02:1511256:1511338 [4] NCCL INFO NET/IB: IbDev 5 Port 1 qpn 1165 set_ece={supported=1, vendor_id=0x15b3, options=0x30000000, comp_mask=0x0}
a100-llm-02:1511256:1511338 [4] NCCL INFO NET/IB: IbDev 6 Port 1 qpn 909 set_ece={supported=1, vendor_id=0x15b3, options=0x30000000, comp_mask=0x0}
[AIMD] FinalizeChunkRTT: cc=0x7f0f580c7700 slot=0 inflight_before=1
[AIMD] FinalizeChunkRTT: cc=0x7f0f64065420 slot=686 inflight_before=1
warmup done.
[AIMD] FinalizeChunkRTT: cc=0x7f0f40001000 slot=407 inflight_before=6
[AIMD] FinalizeChunkRTT: cc=0x7f0f6c065420 slot=150 inflight_before=5
a100-llm-02:1511256:1511323 [0] NCCL INFO V2MIN: pressure_ewma=0.101 (backlog_norm=0.021 raw=0.7) state=RECOVER window=512 floor=204 high=0 low=113 ncc=16
[AIMD] FinalizeChunkRTT: cc=0x7f0f580c7700 slot=854 inflight_before=8
[AIMD] FinalizeChunkRTT: cc=0x7f0f64065420 slot=754 inflight_before=8
[AIMD] FinalizeChunkRTT: cc=0x7f0f40001000 slot=176 inflight_before=1
[AIMD] FinalizeChunkRTT: cc=0x7f0f40001000 slot=821 inflight_before=7
[AIMD] FinalizeChunkRTT: cc=0x7f0f64065420 slot=493 inflight_before=6
a100-llm-02:1511256:1511323 [0] NCCL INFO V2MIN: pressure_ewma=0.116 (backlog_norm=0.087 raw=2.8) state=SHRINK window=204 floor=204 high=1335 low=0 ncc=16
[AIMD] FinalizeChunkRTT: cc=0x7f0f5c0659a0 slot=423 inflight_before=8
[AIMD] FinalizeChunkRTT: cc=0x7f0f540074c0 slot=221 inflight_before=1
[AIMD] FinalizeChunkRTT: cc=0x7f0f4c001000 slot=247 inflight_before=1
[AIMD] FinalizeChunkRTT: cc=0x7f0f4c001000 slot=989 inflight_before=1
[AIMD] FinalizeChunkRTT: cc=0x7f0f40001000 slot=607 inflight_before=2
a100-llm-02:1511256:1511323 [0] NCCL INFO V2MIN: pressure_ewma=0.131 (backlog_norm=0.005 raw=0.2) state=SHRINK window=204 floor=204 high=1336 low=0 ncc=16
[AIMD] FinalizeChunkRTT: cc=0x7f0f50001000 slot=112 inflight_before=1
CSV written to: timeline_results_v5/bench_latency_20260406_230116.csv

========================================
  Oracle Experiment Results
========================================
Config: nDev=8  count=1048576  data=4.19 MB  iters=1000
NCCL_AIMD_ENABLE=1  NCCL_CC_ORACLE_FACTOR=(unset)

Wall-clock latency (us):
  mean= 13403.6  stddev= 11280.0
  p50 = 11255.2  p99   = 43919.9  max= 79960.6

Collective max GPU latency (us):
  mean= 13330.6  stddev= 11239.7
  p50 = 11115.5  p99   = 43895.3  max= 78884.9

Rank skew (us):
  mean=  1020.5  stddev=  2516.4
  p50 =   164.4  p99   = 10914.7  max= 40206.3

Avg algo bandwidth: 0.55 GB/s
========================================

