a100-llm-02:1434773:1435038 [2] NCCL INFO Connected to proxy localRank 0 -> connection 0x7f1458000d88
a100-llm-02:1434773:1435038 [2] NCCL INFO Channel 01/0 : 1[1] -> 2[2] [receive] via NET/IB/10/GDRDMA
a100-llm-02:1434773:1435038 [2] NCCL INFO GPU Direct RDMA Enabled for GPU/0-1028176 (rank 2) - NET/0-10 (distance 5 <= 6, read 1, mode Default)
a100-llm-02:1434773:1435023 [2] NCCL INFO New proxy send connection 2 from local rank 0, transport 2
a100-llm-02:1434773:1435038 [2] NCCL INFO Connected to proxy localRank 0 -> connection 0x7f1458000e00
a100-llm-02:1434773:1435017 [1] NCCL INFO New proxy recv connection 0 from local rank 0, transport 2
a100-llm-02:1434773:1435038 [2] NCCL INFO Channel 00/0 : 2[2] -> 3[3] [send] via NET/IB/10/GDRDMA
a100-llm-02:1434773:1435038 [2] NCCL INFO GPU Direct RDMA Enabled for GPU/0-1028176 (rank 2) - NET/0-10 (distance 5 <= 6, read 1, mode Default)
a100-llm-02:1434773:1435023 [2] NCCL INFO New proxy send connection 3 from local rank 0, transport 2
a100-llm-02:1434773:1435038 [2] NCCL INFO Connected to proxy localRank 0 -> connection 0x7f1458000e78
a100-llm-02:1434773:1435038 [2] NCCL INFO Channel 01/0 : 2[2] -> 3[3] [send] via NET/IB/10/GDRDMA
a100-llm-02:1434773:1435030 [5] NCCL INFO New proxy recv connection 0 from local rank 0, transport 2
a100-llm-02:1434773:1435035 [5] NCCL INFO Connected to proxy localRank 0 -> connection 0x7f15affa25b0
a100-llm-02:1434773:1435035 [5] NCCL INFO Channel 00/0 : 4[4] -> 5[5] [receive] via NET/IB/11/GDRDMA
a100-llm-02:1434773:1435035 [5] NCCL INFO GPU Direct RDMA Enabled for GPU/0-1036384 (rank 5) - NET/0-11 (distance 5 <= 6, read 0, mode Default)
a100-llm-02:1434773:1435025 [7] NCCL INFO New proxy recv connection 0 from local rank 0, transport 2
a100-llm-02:1434773:1435039 [1] NCCL INFO Connected to proxy localRank 0 -> connection 0x7f159ffa2520
a100-llm-02:1434773:1435030 [5] NCCL INFO New proxy recv connection 1 from local rank 0, transport 2
a100-llm-02:1434773:1435027 [4] NCCL INFO New proxy recv connection 0 from local rank 0, transport 2
a100-llm-02:1434773:1435036 [4] NCCL INFO Connected to proxy localRank 0 -> connection 0x7f1468000d10
a100-llm-02:1434773:1435019 [0] NCCL INFO New proxy recv connection 0 from local rank 0, transport 2
a100-llm-02:1434773:1435036 [4] NCCL INFO Channel 00/0 : 3[3] -> 4[4] [receive] via NET/IB/11/GDRDMA
a100-llm-02:1434773:1435036 [4] NCCL INFO GPU Direct RDMA Enabled for GPU/0-1036368 (rank 4) - NET/0-11 (distance 5 <= 6, read 0, mode Default)
a100-llm-02:1434773:1435027 [4] NCCL INFO New proxy recv connection 1 from local rank 0, transport 2
a100-llm-02:1434773:1435036 [4] NCCL INFO Connected to proxy localRank 0 -> connection 0x7f1468000d88
a100-llm-02:1434773:1435036 [4] NCCL INFO Channel 01/0 : 3[3] -> 4[4] [receive] via NET/IB/11/GDRDMA
a100-llm-02:1434773:1435036 [4] NCCL INFO GPU Direct RDMA Enabled for GPU/0-1036368 (rank 4) - NET/0-11 (distance 5 <= 6, read 1, mode Default)
a100-llm-02:1434773:1435027 [4] NCCL INFO New proxy send connection 2 from local rank 0, transport 2
a100-llm-02:1434773:1435036 [4] NCCL INFO Connected to proxy localRank 0 -> connection 0x7f1468000e00
a100-llm-02:1434773:1435036 [4] NCCL INFO Channel 00/0 : 4[4] -> 5[5] [send] via NET/IB/11/GDRDMA
a100-llm-02:1434773:1435036 [4] NCCL INFO GPU Direct RDMA Enabled for GPU/0-1036368 (rank 4) - NET/0-11 (distance 5 <= 6, read 1, mode Default)
a100-llm-02:1434773:1435027 [4] NCCL INFO New proxy send connection 3 from local rank 0, transport 2
a100-llm-02:1434773:1435036 [4] NCCL INFO Connected to proxy localRank 0 -> connection 0x7f1468000e78
a100-llm-02:1434773:1435036 [4] NCCL INFO Channel 01/0 : 4[4] -> 5[5] [send] via NET/IB/11/GDRDMA
a100-llm-02:1434773:1435021 [3] NCCL INFO New proxy recv connection 0 from local rank 0, transport 2
a100-llm-02:1434773:1435029 [6] NCCL INFO New proxy recv connection 0 from local rank 0, transport 2
a100-llm-02:1434773:1435033 [7] NCCL INFO Connected to proxy localRank 0 -> connection 0x7f1474000d10
a100-llm-02:1434773:1435034 [6] NCCL INFO Connected to proxy localRank 0 -> connection 0x7f15a3fa4420
a100-llm-02:1434773:1435035 [5] NCCL INFO Connected to proxy localRank 0 -> connection 0x7f15affa2628
a100-llm-02:1434773:1435034 [6] NCCL INFO Channel 00/0 : 5[5] -> 6[6] [receive] via NET/IB/12/GDRDMA
a100-llm-02:1434773:1435034 [6] NCCL INFO GPU Direct RDMA Enabled for GPU/0-1044560 (rank 6) - NET/0-12 (distance 5 <= 6, read 0, mode Default)
a100-llm-02:1434773:1435029 [6] NCCL INFO New proxy recv connection 1 from local rank 0, transport 2
a100-llm-02:1434773:1435034 [6] NCCL INFO Connected to proxy localRank 0 -> connection 0x7f15a3fa4498
a100-llm-02:1434773:1435034 [6] NCCL INFO Channel 01/0 : 5[5] -> 6[6] [receive] via NET/IB/12/GDRDMA
a100-llm-02:1434773:1435034 [6] NCCL INFO GPU Direct RDMA Enabled for GPU/0-1044560 (rank 6) - NET/0-12 (distance 5 <= 6, read 1, mode Default)
a100-llm-02:1434773:1435029 [6] NCCL INFO New proxy send connection 2 from local rank 0, transport 2
a100-llm-02:1434773:1435035 [5] NCCL INFO Channel 01/0 : 4[4] -> 5[5] [receive] via NET/IB/11/GDRDMA
a100-llm-02:1434773:1435035 [5] NCCL INFO GPU Direct RDMA Enabled for GPU/0-1036384 (rank 5) - NET/0-11 (distance 5 <= 6, read 1, mode Default)
a100-llm-02:1434773:1435034 [6] NCCL INFO Connected to proxy localRank 0 -> connection 0x7f15a3fa4510
a100-llm-02:1434773:1435034 [6] NCCL INFO Channel 00/0 : 6[6] -> 7[7] [send] via NET/IB/12/GDRDMA
a100-llm-02:1434773:1435034 [6] NCCL INFO GPU Direct RDMA Enabled for GPU/0-1044560 (rank 6) - NET/0-12 (distance 5 <= 6, read 1, mode Default)
a100-llm-02:1434773:1435029 [6] NCCL INFO New proxy send connection 3 from local rank 0, transport 2
a100-llm-02:1434773:1435034 [6] NCCL INFO Connected to proxy localRank 0 -> connection 0x7f15a3fa4588
a100-llm-02:1434773:1435034 [6] NCCL INFO Channel 01/0 : 6[6] -> 7[7] [send] via NET/IB/12/GDRDMA
a100-llm-02:1434773:1435039 [1] NCCL INFO Channel 00/0 : 0[0] -> 1[1] [receive] via NET/IB/9/GDRDMA
a100-llm-02:1434773:1435039 [1] NCCL INFO GPU Direct RDMA Enabled for GPU/0-1020000 (rank 1) - NET/0-9 (distance 5 <= 6, read 0, mode Default)
a100-llm-02:1434773:1435030 [5] NCCL INFO New proxy send connection 2 from local rank 0, transport 2
a100-llm-02:1434773:1435040 [0] NCCL INFO Connected to proxy localRank 0 -> connection 0x7f15b3f9b3b0
a100-llm-02:1434773:1435017 [1] NCCL INFO New proxy recv connection 1 from local rank 0, transport 2
a100-llm-02:1434773:1435033 [7] NCCL INFO Channel 00/0 : 6[6] -> 7[7] [receive] via NET/IB/12/GDRDMA
a100-llm-02:1434773:1435033 [7] NCCL INFO GPU Direct RDMA Enabled for GPU/0-1044576 (rank 7) - NET/0-12 (distance 5 <= 6, read 0, mode Default)
a100-llm-02:1434773:1435037 [3] NCCL INFO Connected to proxy localRank 0 -> connection 0x7f1460000d10
a100-llm-02:1434773:1435037 [3] NCCL INFO Channel 00/0 : 2[2] -> 3[3] [receive] via NET/IB/10/GDRDMA
a100-llm-02:1434773:1435037 [3] NCCL INFO GPU Direct RDMA Enabled for GPU/0-1028192 (rank 3) - NET/0-10 (distance 5 <= 6, read 0, mode Default)
a100-llm-02:1434773:1435039 [1] NCCL INFO Connected to proxy localRank 0 -> connection 0x7f159ffa2598
a100-llm-02:1434773:1435021 [3] NCCL INFO New proxy recv connection 1 from local rank 0, transport 2
a100-llm-02:1434773:1435035 [5] NCCL INFO Connected to proxy localRank 0 -> connection 0x7f15affa26a0
a100-llm-02:1434773:1435025 [7] NCCL INFO New proxy recv connection 1 from local rank 0, transport 2
a100-llm-02:1434773:1435040 [0] NCCL INFO Channel 00/0 : 7[7] -> 0[0] [receive] via NET/IB/9/GDRDMA
a100-llm-02:1434773:1435040 [0] NCCL INFO GPU Direct RDMA Enabled for GPU/0-1019984 (rank 0) - NET/0-9 (distance 5 <= 6, read 0, mode Default)
a100-llm-02:1434773:1435033 [7] NCCL INFO Connected to proxy localRank 0 -> connection 0x7f1474000d88
a100-llm-02:1434773:1435033 [7] NCCL INFO Channel 01/0 : 6[6] -> 7[7] [receive] via NET/IB/12/GDRDMA
a100-llm-02:1434773:1435033 [7] NCCL INFO GPU Direct RDMA Enabled for GPU/0-1044576 (rank 7) - NET/0-12 (distance 5 <= 6, read 1, mode Default)
a100-llm-02:1434773:1435025 [7] NCCL INFO New proxy send connection 2 from local rank 0, transport 2
a100-llm-02:1434773:1435033 [7] NCCL INFO Connected to proxy localRank 0 -> connection 0x7f1474000e00
a100-llm-02:1434773:1435033 [7] NCCL INFO Channel 00/0 : 7[7] -> 0[0] [send] via NET/IB/12/GDRDMA
a100-llm-02:1434773:1435033 [7] NCCL INFO GPU Direct RDMA Enabled for GPU/0-1044576 (rank 7) - NET/0-12 (distance 5 <= 6, read 1, mode Default)
a100-llm-02:1434773:1435025 [7] NCCL INFO New proxy send connection 3 from local rank 0, transport 2
a100-llm-02:1434773:1435033 [7] NCCL INFO Connected to proxy localRank 0 -> connection 0x7f1474000e78
a100-llm-02:1434773:1435033 [7] NCCL INFO Channel 01/0 : 7[7] -> 0[0] [send] via NET/IB/12/GDRDMA
a100-llm-02:1434773:1435019 [0] NCCL INFO New proxy recv connection 1 from local rank 0, transport 2
a100-llm-02:1434773:1435037 [3] NCCL INFO Connected to proxy localRank 0 -> connection 0x7f1460000d88
a100-llm-02:1434773:1435039 [1] NCCL INFO Channel 01/0 : 0[0] -> 1[1] [receive] via NET/IB/9/GDRDMA
a100-llm-02:1434773:1435039 [1] NCCL INFO GPU Direct RDMA Enabled for GPU/0-1020000 (rank 1) - NET/0-9 (distance 5 <= 6, read 1, mode Default)
a100-llm-02:1434773:1435017 [1] NCCL INFO New proxy send connection 2 from local rank 0, transport 2
a100-llm-02:1434773:1435039 [1] NCCL INFO Connected to proxy localRank 0 -> connection 0x7f159ffa2610
a100-llm-02:1434773:1435039 [1] NCCL INFO Channel 00/0 : 1[1] -> 2[2] [send] via NET/IB/9/GDRDMA
a100-llm-02:1434773:1435039 [1] NCCL INFO GPU Direct RDMA Enabled for GPU/0-1020000 (rank 1) - NET/0-9 (distance 5 <= 6, read 1, mode Default)
a100-llm-02:1434773:1435017 [1] NCCL INFO New proxy send connection 3 from local rank 0, transport 2
a100-llm-02:1434773:1435039 [1] NCCL INFO Connected to proxy localRank 0 -> connection 0x7f159ffa2688
a100-llm-02:1434773:1435039 [1] NCCL INFO Channel 01/0 : 1[1] -> 2[2] [send] via NET/IB/9/GDRDMA
a100-llm-02:1434773:1435040 [0] NCCL INFO Connected to proxy localRank 0 -> connection 0x7f15b3f9b428
a100-llm-02:1434773:1435037 [3] NCCL INFO Channel 01/0 : 2[2] -> 3[3] [receive] via NET/IB/10/GDRDMA
a100-llm-02:1434773:1435037 [3] NCCL INFO GPU Direct RDMA Enabled for GPU/0-1028192 (rank 3) - NET/0-10 (distance 5 <= 6, read 1, mode Default)
a100-llm-02:1434773:1435035 [5] NCCL INFO Channel 00/0 : 5[5] -> 6[6] [send] via NET/IB/11/GDRDMA
a100-llm-02:1434773:1435035 [5] NCCL INFO GPU Direct RDMA Enabled for GPU/0-1036384 (rank 5) - NET/0-11 (distance 5 <= 6, read 1, mode Default)
a100-llm-02:1434773:1435030 [5] NCCL INFO New proxy send connection 3 from local rank 0, transport 2
a100-llm-02:1434773:1435035 [5] NCCL INFO Connected to proxy localRank 0 -> connection 0x7f15affa2718
a100-llm-02:1434773:1435035 [5] NCCL INFO Channel 01/0 : 5[5] -> 6[6] [send] via NET/IB/11/GDRDMA
a100-llm-02:1434773:1435021 [3] NCCL INFO New proxy send connection 2 from local rank 0, transport 2
a100-llm-02:1434773:1435040 [0] NCCL INFO Channel 01/0 : 7[7] -> 0[0] [receive] via NET/IB/9/GDRDMA
a100-llm-02:1434773:1435040 [0] NCCL INFO GPU Direct RDMA Enabled for GPU/0-1019984 (rank 0) - NET/0-9 (distance 5 <= 6, read 1, mode Default)
a100-llm-02:1434773:1435019 [0] NCCL INFO New proxy send connection 2 from local rank 0, transport 2
a100-llm-02:1434773:1435030 [5] NCCL INFO NET/IB: NCCL Dev 11 IbDev 5 Port 1 qpn 1564 mtu 5 GID 3 (0/5E0113C6FFFF0000) ctsFifoRkey=0xbefee ctsFifoLkey=0xbefee
a100-llm-02:1434773:1435030 [5] NCCL INFO NET/IB: IbDev 5 Port 1 qpn 1564 query_ece={supported=1, vendor_id=0x15b3, options=0x30000000, comp_mask=0x0}
a100-llm-02:1434773:1435030 [5] NCCL INFO NET/IB: NCCL Dev 11 IbDev 6 Port 1 qpn 1308 mtu 5 GID 3 (0/AF0713C6FFFF0000) ctsFifoRkey=0x82ded ctsFifoLkey=0x82ded
a100-llm-02:1434773:1435030 [5] NCCL INFO NET/IB: IbDev 6 Port 1 qpn 1308 query_ece={supported=1, vendor_id=0x15b3, options=0x30000000, comp_mask=0x0}
a100-llm-02:1434773:1435037 [3] NCCL INFO Connected to proxy localRank 0 -> connection 0x7f1460000e00
a100-llm-02:1434773:1435030 [5] NCCL INFO NET/IB: NCCL Dev 11 IbDev 5 Port 1 qpn 1565 mtu 5 GID 3 (0/5E0113C6FFFF0000) ctsFifoRkey=0xbc8c8 ctsFifoLkey=0xbc8c8
a100-llm-02:1434773:1435030 [5] NCCL INFO NET/IB: IbDev 5 Port 1 qpn 1565 query_ece={supported=1, vendor_id=0x15b3, options=0x30000000, comp_mask=0x0}
a100-llm-02:1434773:1435030 [5] NCCL INFO NET/IB: NCCL Dev 11 IbDev 6 Port 1 qpn 1309 mtu 5 GID 3 (0/AF0713C6FFFF0000) ctsFifoRkey=0x80ac8 ctsFifoLkey=0x80ac8
a100-llm-02:1434773:1435030 [5] NCCL INFO NET/IB: IbDev 6 Port 1 qpn 1309 query_ece={supported=1, vendor_id=0x15b3, options=0x30000000, comp_mask=0x0}
a100-llm-02:1434773:1435030 [5] NCCL INFO NET/IB: IbDev 5 Port 1 qpn 1564 set_ece={supported=1, vendor_id=0x15b3, options=0x30000000, comp_mask=0x0}
a100-llm-02:1434773:1435037 [3] NCCL INFO Channel 00/0 : 3[3] -> 4[4] [send] via NET/IB/10/GDRDMA
a100-llm-02:1434773:1435037 [3] NCCL INFO GPU Direct RDMA Enabled for GPU/0-1028192 (rank 3) - NET/0-10 (distance 5 <= 6, read 1, mode Default)
a100-llm-02:1434773:1435021 [3] NCCL INFO New proxy send connection 3 from local rank 0, transport 2
a100-llm-02:1434773:1435030 [5] NCCL INFO NET/IB: IbDev 6 Port 1 qpn 1308 set_ece={supported=1, vendor_id=0x15b3, options=0x30000000, comp_mask=0x0}
a100-llm-02:1434773:1435037 [3] NCCL INFO Connected to proxy localRank 0 -> connection 0x7f1460000e78
a100-llm-02:1434773:1435037 [3] NCCL INFO Channel 01/0 : 3[3] -> 4[4] [send] via NET/IB/10/GDRDMA
a100-llm-02:1434773:1435023 [2] NCCL INFO NET/IB: NCCL Dev 10 IbDev 3 Port 1 qpn 1564 mtu 5 GID 3 (0/340D13C6FFFF0000) ctsFifoRkey=0xc9796 ctsFifoLkey=0xc9796
a100-llm-02:1434773:1435023 [2] NCCL INFO NET/IB: IbDev 3 Port 1 qpn 1564 query_ece={supported=1, vendor_id=0x15b3, options=0x30000000, comp_mask=0x0}
a100-llm-02:1434773:1435023 [2] NCCL INFO NET/IB: NCCL Dev 10 IbDev 4 Port 1 qpn 1308 mtu 5 GID 3 (0/462613C6FFFF0000) ctsFifoRkey=0x8ffbe ctsFifoLkey=0x8ffbe
a100-llm-02:1434773:1435023 [2] NCCL INFO NET/IB: IbDev 4 Port 1 qpn 1308 query_ece={supported=1, vendor_id=0x15b3, options=0x30000000, comp_mask=0x0}
a100-llm-02:1434773:1435040 [0] NCCL INFO Connected to proxy localRank 0 -> connection 0x7f15b3f9b4a0
a100-llm-02:1434773:1435023 [2] NCCL INFO NET/IB: NCCL Dev 10 IbDev 3 Port 1 qpn 1565 mtu 5 GID 3 (0/340D13C6FFFF0000) ctsFifoRkey=0xc8b8a ctsFifoLkey=0xc8b8a
a100-llm-02:1434773:1435023 [2] NCCL INFO NET/IB: IbDev 3 Port 1 qpn 1565 query_ece={supported=1, vendor_id=0x15b3, options=0x30000000, comp_mask=0x0}
a100-llm-02:1434773:1435023 [2] NCCL INFO NET/IB: NCCL Dev 10 IbDev 4 Port 1 qpn 1309 mtu 5 GID 3 (0/462613C6FFFF0000) ctsFifoRkey=0x8f3b1 ctsFifoLkey=0x8f3b1
a100-llm-02:1434773:1435023 [2] NCCL INFO NET/IB: IbDev 4 Port 1 qpn 1309 query_ece={supported=1, vendor_id=0x15b3, options=0x30000000, comp_mask=0x0}
a100-llm-02:1434773:1435030 [5] NCCL INFO NET/IB: IbDev 5 Port 1 qpn 1565 set_ece={supported=1, vendor_id=0x15b3, options=0x30000000, comp_mask=0x0}
a100-llm-02:1434773:1435030 [5] NCCL INFO NET/IB: IbDev 6 Port 1 qpn 1309 set_ece={supported=1, vendor_id=0x15b3, options=0x30000000, comp_mask=0x0}
a100-llm-02:1434773:1435040 [0] NCCL INFO Channel 00/0 : 0[0] -> 1[1] [send] via NET/IB/9/GDRDMA
a100-llm-02:1434773:1435040 [0] NCCL INFO GPU Direct RDMA Enabled for GPU/0-1019984 (rank 0) - NET/0-9 (distance 5 <= 6, read 1, mode Default)
a100-llm-02:1434773:1435019 [0] NCCL INFO New proxy send connection 3 from local rank 0, transport 2
a100-llm-02:1434773:1435040 [0] NCCL INFO Connected to proxy localRank 0 -> connection 0x7f15b3f9b518
a100-llm-02:1434773:1435021 [3] NCCL INFO NET/IB: NCCL Dev 10 IbDev 3 Port 1 qpn 1566 mtu 5 GID 3 (0/340D13C6FFFF0000) ctsFifoRkey=0xca3a2 ctsFifoLkey=0xca3a2
a100-llm-02:1434773:1435021 [3] NCCL INFO NET/IB: IbDev 3 Port 1 qpn 1566 query_ece={supported=1, vendor_id=0x15b3, options=0x30000000, comp_mask=0x0}
a100-llm-02:1434773:1435021 [3] NCCL INFO NET/IB: NCCL Dev 10 IbDev 4 Port 1 qpn 1310 mtu 5 GID 3 (0/462613C6FFFF0000) ctsFifoRkey=0x90bca ctsFifoLkey=0x90bca
a100-llm-02:1434773:1435021 [3] NCCL INFO NET/IB: IbDev 4 Port 1 qpn 1310 query_ece={supported=1, vendor_id=0x15b3, options=0x30000000, comp_mask=0x0}
a100-llm-02:1434773:1435040 [0] NCCL INFO Channel 01/0 : 0[0] -> 1[1] [send] via NET/IB/9/GDRDMA
a100-llm-02:1434773:1435017 [1] NCCL INFO NET/IB: NCCL Dev 9 IbDev 1 Port 1 qpn 1564 mtu 5 GID 3 (0/F74413C6FFFF0000) ctsFifoRkey=0xbefee ctsFifoLkey=0xbefee
a100-llm-02:1434773:1435017 [1] NCCL INFO NET/IB: IbDev 1 Port 1 qpn 1564 query_ece={supported=1, vendor_id=0x15b3, options=0x30000000, comp_mask=0x0}
a100-llm-02:1434773:1435023 [2] NCCL INFO NET/IB: IbDev 3 Port 1 qpn 1564 set_ece={supported=1, vendor_id=0x15b3, options=0x30000000, comp_mask=0x0}
a100-llm-02:1434773:1435017 [1] NCCL INFO NET/IB: NCCL Dev 9 IbDev 2 Port 1 qpn 1308 mtu 5 GID 3 (0/A3F13C6FFFF0000) ctsFifoRkey=0x835f4 ctsFifoLkey=0x835f4
a100-llm-02:1434773:1435017 [1] NCCL INFO NET/IB: IbDev 2 Port 1 qpn 1308 query_ece={supported=1, vendor_id=0x15b3, options=0x30000000, comp_mask=0x0}
a100-llm-02:1434773:1435023 [2] NCCL INFO NET/IB: IbDev 4 Port 1 qpn 1308 set_ece={supported=1, vendor_id=0x15b3, options=0x30000000, comp_mask=0x0}
a100-llm-02:1434773:1435019 [0] NCCL INFO NET/IB: NCCL Dev 9 IbDev 1 Port 1 qpn 1565 mtu 5 GID 3 (0/F74413C6FFFF0000) ctsFifoRkey=0xc4544 ctsFifoLkey=0xc4544
a100-llm-02:1434773:1435019 [0] NCCL INFO NET/IB: IbDev 1 Port 1 qpn 1565 query_ece={supported=1, vendor_id=0x15b3, options=0x30000000, comp_mask=0x0}
a100-llm-02:1434773:1435019 [0] NCCL INFO NET/IB: NCCL Dev 9 IbDev 2 Port 1 qpn 1309 mtu 5 GID 3 (0/A3F13C6FFFF0000) ctsFifoRkey=0x8894a ctsFifoLkey=0x8894a
a100-llm-02:1434773:1435019 [0] NCCL INFO NET/IB: IbDev 2 Port 1 qpn 1309 query_ece={supported=1, vendor_id=0x15b3, options=0x30000000, comp_mask=0x0}
a100-llm-02:1434773:1435021 [3] NCCL INFO NET/IB: NCCL Dev 10 IbDev 3 Port 1 qpn 1569 mtu 5 GID 3 (0/340D13C6FFFF0000) ctsFifoRkey=0xc5757 ctsFifoLkey=0xc5757
a100-llm-02:1434773:1435021 [3] NCCL INFO NET/IB: IbDev 3 Port 1 qpn 1569 query_ece={supported=1, vendor_id=0x15b3, options=0x30000000, comp_mask=0x0}
a100-llm-02:1434773:1435021 [3] NCCL INFO NET/IB: NCCL Dev 10 IbDev 4 Port 1 qpn 1313 mtu 5 GID 3 (0/462613C6FFFF0000) ctsFifoRkey=0x8b876 ctsFifoLkey=0x8b876
a100-llm-02:1434773:1435021 [3] NCCL INFO NET/IB: IbDev 4 Port 1 qpn 1313 query_ece={supported=1, vendor_id=0x15b3, options=0x30000000, comp_mask=0x0}
a100-llm-02:1434773:1435019 [0] NCCL INFO NET/IB: NCCL Dev 9 IbDev 1 Port 1 qpn 1566 mtu 5 GID 3 (0/F74413C6FFFF0000) ctsFifoRkey=0xc2f2e ctsFifoLkey=0xc2f2e
a100-llm-02:1434773:1435019 [0] NCCL INFO NET/IB: IbDev 1 Port 1 qpn 1566 query_ece={supported=1, vendor_id=0x15b3, options=0x30000000, comp_mask=0x0}
a100-llm-02:1434773:1435019 [0] NCCL INFO NET/IB: NCCL Dev 9 IbDev 2 Port 1 qpn 1310 mtu 5 GID 3 (0/A3F13C6FFFF0000) ctsFifoRkey=0x87230 ctsFifoLkey=0x87230
a100-llm-02:1434773:1435019 [0] NCCL INFO NET/IB: IbDev 2 Port 1 qpn 1310 query_ece={supported=1, vendor_id=0x15b3, options=0x30000000, comp_mask=0x0}
a100-llm-02:1434773:1435029 [6] NCCL INFO NET/IB: NCCL Dev 12 IbDev 7 Port 1 qpn 1568 mtu 5 GID 3 (0/455A13C6FFFF0000) ctsFifoRkey=0xc5756 ctsFifoLkey=0xc5756
a100-llm-02:1434773:1435029 [6] NCCL INFO NET/IB: IbDev 7 Port 1 qpn 1568 query_ece={supported=1, vendor_id=0x15b3, options=0x30000000, comp_mask=0x0}
a100-llm-02:1434773:1435029 [6] NCCL INFO NET/IB: NCCL Dev 12 IbDev 8 Port 1 qpn 1312 mtu 5 GID 3 (0/58B013C6FFFF0000) ctsFifoRkey=0x87130 ctsFifoLkey=0x87130
a100-llm-02:1434773:1435029 [6] NCCL INFO NET/IB: IbDev 8 Port 1 qpn 1312 query_ece={supported=1, vendor_id=0x15b3, options=0x30000000, comp_mask=0x0}
a100-llm-02:1434773:1435027 [4] NCCL INFO NET/IB: NCCL Dev 11 IbDev 5 Port 1 qpn 1568 mtu 5 GID 3 (0/5E0113C6FFFF0000) ctsFifoRkey=0xbe3df ctsFifoLkey=0xbe3df
a100-llm-02:1434773:1435027 [4] NCCL INFO NET/IB: IbDev 5 Port 1 qpn 1568 query_ece={supported=1, vendor_id=0x15b3, options=0x30000000, comp_mask=0x0}
a100-llm-02:1434773:1435027 [4] NCCL INFO NET/IB: NCCL Dev 11 IbDev 6 Port 1 qpn 1312 mtu 5 GID 3 (0/AF0713C6FFFF0000) ctsFifoRkey=0x822e1 ctsFifoLkey=0x822e1
a100-llm-02:1434773:1435027 [4] NCCL INFO NET/IB: IbDev 6 Port 1 qpn 1312 query_ece={supported=1, vendor_id=0x15b3, options=0x30000000, comp_mask=0x0}
a100-llm-02:1434773:1435029 [6] NCCL INFO NET/IB: NCCL Dev 12 IbDev 7 Port 1 qpn 1569 mtu 5 GID 3 (0/455A13C6FFFF0000) ctsFifoRkey=0xc2625 ctsFifoLkey=0xc2625
a100-llm-02:1434773:1435029 [6] NCCL INFO NET/IB: IbDev 7 Port 1 qpn 1569 query_ece={supported=1, vendor_id=0x15b3, options=0x30000000, comp_mask=0x0}
a100-llm-02:1434773:1435029 [6] NCCL INFO NET/IB: NCCL Dev 12 IbDev 8 Port 1 qpn 1313 mtu 5 GID 3 (0/58B013C6FFFF0000) ctsFifoRkey=0x840ff ctsFifoLkey=0x840ff
a100-llm-02:1434773:1435029 [6] NCCL INFO NET/IB: IbDev 8 Port 1 qpn 1313 query_ece={supported=1, vendor_id=0x15b3, options=0x30000000, comp_mask=0x0}
a100-llm-02:1434773:1435021 [3] NCCL INFO NET/IB: IbDev 3 Port 1 qpn 1566 set_ece={supported=1, vendor_id=0x15b3, options=0x30000000, comp_mask=0x0}
a100-llm-02:1434773:1435021 [3] NCCL INFO NET/IB: IbDev 4 Port 1 qpn 1310 set_ece={supported=1, vendor_id=0x15b3, options=0x30000000, comp_mask=0x0}
a100-llm-02:1434773:1435019 [0] NCCL INFO NET/IB: IbDev 1 Port 1 qpn 1565 set_ece={supported=1, vendor_id=0x15b3, options=0x30000000, comp_mask=0x0}
a100-llm-02:1434773:1435023 [2] NCCL INFO NET/IB: IbDev 3 Port 1 qpn 1565 set_ece={supported=1, vendor_id=0x15b3, options=0x30000000, comp_mask=0x0}
a100-llm-02:1434773:1435019 [0] NCCL INFO NET/IB: IbDev 2 Port 1 qpn 1309 set_ece={supported=1, vendor_id=0x15b3, options=0x30000000, comp_mask=0x0}
a100-llm-02:1434773:1435023 [2] NCCL INFO NET/IB: IbDev 4 Port 1 qpn 1309 set_ece={supported=1, vendor_id=0x15b3, options=0x30000000, comp_mask=0x0}
a100-llm-02:1434773:1435025 [7] NCCL INFO NET/IB: NCCL Dev 12 IbDev 7 Port 1 qpn 1570 mtu 5 GID 3 (0/455A13C6FFFF0000) ctsFifoRkey=0xc6e6f ctsFifoLkey=0xc6e6f
a100-llm-02:1434773:1435025 [7] NCCL INFO NET/IB: IbDev 7 Port 1 qpn 1570 query_ece={supported=1, vendor_id=0x15b3, options=0x30000000, comp_mask=0x0}
a100-llm-02:1434773:1435025 [7] NCCL INFO NET/IB: NCCL Dev 12 IbDev 8 Port 1 qpn 1314 mtu 5 GID 3 (0/58B013C6FFFF0000) ctsFifoRkey=0x88948 ctsFifoLkey=0x88948
a100-llm-02:1434773:1435025 [7] NCCL INFO NET/IB: IbDev 8 Port 1 qpn 1314 query_ece={supported=1, vendor_id=0x15b3, options=0x30000000, comp_mask=0x0}
a100-llm-02:1434773:1435027 [4] NCCL INFO NET/IB: NCCL Dev 11 IbDev 5 Port 1 qpn 1572 mtu 5 GID 3 (0/5E0113C6FFFF0000) ctsFifoRkey=0xc6969 ctsFifoLkey=0xc6969
a100-llm-02:1434773:1435027 [4] NCCL INFO NET/IB: IbDev 5 Port 1 qpn 1572 query_ece={supported=1, vendor_id=0x15b3, options=0x30000000, comp_mask=0x0}
a100-llm-02:1434773:1435027 [4] NCCL INFO NET/IB: NCCL Dev 11 IbDev 6 Port 1 qpn 1316 mtu 5 GID 3 (0/AF0713C6FFFF0000) ctsFifoRkey=0x8a867 ctsFifoLkey=0x8a867
a100-llm-02:1434773:1435027 [4] NCCL INFO NET/IB: IbDev 6 Port 1 qpn 1316 query_ece={supported=1, vendor_id=0x15b3, options=0x30000000, comp_mask=0x0}
a100-llm-02:1434773:1435017 [1] NCCL INFO NET/IB: IbDev 1 Port 1 qpn 1564 set_ece={supported=1, vendor_id=0x15b3, options=0x30000000, comp_mask=0x0}
a100-llm-02:1434773:1435027 [4] NCCL INFO NET/IB: IbDev 5 Port 1 qpn 1568 set_ece={supported=1, vendor_id=0x15b3, options=0x30000000, comp_mask=0x0}
a100-llm-02:1434773:1435027 [4] NCCL INFO NET/IB: IbDev 6 Port 1 qpn 1312 set_ece={supported=1, vendor_id=0x15b3, options=0x30000000, comp_mask=0x0}
a100-llm-02:1434773:1435017 [1] NCCL INFO NET/IB: IbDev 2 Port 1 qpn 1308 set_ece={supported=1, vendor_id=0x15b3, options=0x30000000, comp_mask=0x0}
a100-llm-02:1434773:1435021 [3] NCCL INFO NET/IB: IbDev 3 Port 1 qpn 1569 set_ece={supported=1, vendor_id=0x15b3, options=0x30000000, comp_mask=0x0}
a100-llm-02:1434773:1435021 [3] NCCL INFO NET/IB: IbDev 4 Port 1 qpn 1313 set_ece={supported=1, vendor_id=0x15b3, options=0x30000000, comp_mask=0x0}
a100-llm-02:1434773:1435029 [6] NCCL INFO NET/IB: IbDev 7 Port 1 qpn 1569 set_ece={supported=1, vendor_id=0x15b3, options=0x30000000, comp_mask=0x0}
a100-llm-02:1434773:1435029 [6] NCCL INFO NET/IB: IbDev 8 Port 1 qpn 1313 set_ece={supported=1, vendor_id=0x15b3, options=0x30000000, comp_mask=0x0}
a100-llm-02:1434773:1435025 [7] NCCL INFO NET/IB: NCCL Dev 12 IbDev 7 Port 1 qpn 1573 mtu 5 GID 3 (0/455A13C6FFFF0000) ctsFifoRkey=0xc3e3d ctsFifoLkey=0xc3e3d
a100-llm-02:1434773:1435025 [7] NCCL INFO NET/IB: IbDev 7 Port 1 qpn 1573 query_ece={supported=1, vendor_id=0x15b3, options=0x30000000, comp_mask=0x0}
a100-llm-02:1434773:1435025 [7] NCCL INFO NET/IB: NCCL Dev 12 IbDev 8 Port 1 qpn 1317 mtu 5 GID 3 (0/58B013C6FFFF0000) ctsFifoRkey=0x85918 ctsFifoLkey=0x85918
a100-llm-02:1434773:1435025 [7] NCCL INFO NET/IB: IbDev 8 Port 1 qpn 1317 query_ece={supported=1, vendor_id=0x15b3, options=0x30000000, comp_mask=0x0}
a100-llm-02:1434773:1435027 [4] NCCL INFO NET/IB: IbDev 5 Port 1 qpn 1572 set_ece={supported=1, vendor_id=0x15b3, options=0x30000000, comp_mask=0x0}
a100-llm-02:1434773:1435027 [4] NCCL INFO NET/IB: IbDev 6 Port 1 qpn 1316 set_ece={supported=1, vendor_id=0x15b3, options=0x30000000, comp_mask=0x0}
a100-llm-02:1434773:1435019 [0] NCCL INFO NET/IB: IbDev 1 Port 1 qpn 1566 set_ece={supported=1, vendor_id=0x15b3, options=0x30000000, comp_mask=0x0}
a100-llm-02:1434773:1435025 [7] NCCL INFO NET/IB: IbDev 7 Port 1 qpn 1570 set_ece={supported=1, vendor_id=0x15b3, options=0x30000000, comp_mask=0x0}
a100-llm-02:1434773:1435019 [0] NCCL INFO NET/IB: IbDev 2 Port 1 qpn 1310 set_ece={supported=1, vendor_id=0x15b3, options=0x30000000, comp_mask=0x0}
a100-llm-02:1434773:1435025 [7] NCCL INFO NET/IB: IbDev 8 Port 1 qpn 1314 set_ece={supported=1, vendor_id=0x15b3, options=0x30000000, comp_mask=0x0}
a100-llm-02:1434773:1435029 [6] NCCL INFO NET/IB: IbDev 7 Port 1 qpn 1568 set_ece={supported=1, vendor_id=0x15b3, options=0x30000000, comp_mask=0x0}
a100-llm-02:1434773:1435029 [6] NCCL INFO NET/IB: IbDev 8 Port 1 qpn 1312 set_ece={supported=1, vendor_id=0x15b3, options=0x30000000, comp_mask=0x0}
a100-llm-02:1434773:1435017 [1] NCCL INFO NET/IB: NCCL Dev 9 IbDev 1 Port 1 qpn 1573 mtu 5 GID 3 (0/F74413C6FFFF0000) ctsFifoRkey=0xc5b5a ctsFifoLkey=0xc5b5a
a100-llm-02:1434773:1435017 [1] NCCL INFO NET/IB: IbDev 1 Port 1 qpn 1573 query_ece={supported=1, vendor_id=0x15b3, options=0x30000000, comp_mask=0x0}
a100-llm-02:1434773:1435017 [1] NCCL INFO NET/IB: NCCL Dev 9 IbDev 2 Port 1 qpn 1317 mtu 5 GID 3 (0/A3F13C6FFFF0000) ctsFifoRkey=0x89f60 ctsFifoLkey=0x89f60
a100-llm-02:1434773:1435017 [1] NCCL INFO NET/IB: IbDev 2 Port 1 qpn 1317 query_ece={supported=1, vendor_id=0x15b3, options=0x30000000, comp_mask=0x0}
a100-llm-02:1434773:1435017 [1] NCCL INFO NET/IB: IbDev 1 Port 1 qpn 1573 set_ece={supported=1, vendor_id=0x15b3, options=0x30000000, comp_mask=0x0}
a100-llm-02:1434773:1435017 [1] NCCL INFO NET/IB: IbDev 2 Port 1 qpn 1317 set_ece={supported=1, vendor_id=0x15b3, options=0x30000000, comp_mask=0x0}
a100-llm-02:1434773:1435025 [7] NCCL INFO NET/IB: IbDev 7 Port 1 qpn 1573 set_ece={supported=1, vendor_id=0x15b3, options=0x30000000, comp_mask=0x0}
a100-llm-02:1434773:1435025 [7] NCCL INFO NET/IB: IbDev 8 Port 1 qpn 1317 set_ece={supported=1, vendor_id=0x15b3, options=0x30000000, comp_mask=0x0}
[AIMD] FinalizeChunkRTT: cc=0x7f1468067bd0 slot=0 inflight_before=1
[AIMD] FinalizeChunkRTT: cc=0x7f1484001000 slot=686 inflight_before=1
warmup done.
[AIMD] FinalizeChunkRTT: cc=0x7f1494001000 slot=236 inflight_before=1
[AIMD] FinalizeChunkRTT: cc=0x7f14b8002200 slot=630 inflight_before=3
a100-llm-02:1434773:1435010 [0] NCCL INFO V2MIN: pressure=1.000 (fast=0.120 slow=0.001 dev=0.1190) state=SHRINK window=204 floor=204 high=3068 low=0 ncc=16
[AIMD] FinalizeChunkRTT: cc=0x7f1468006dc0 slot=93 inflight_before=1
[AIMD] FinalizeChunkRTT: cc=0x7f1468006dc0 slot=488 inflight_before=1
[AIMD] FinalizeChunkRTT: cc=0x7f1468067bd0 slot=770 inflight_before=3
[AIMD] FinalizeChunkRTT: cc=0x7f1468067bd0 slot=37 inflight_before=3
[AIMD] FinalizeChunkRTT: cc=0x7f1468067bd0 slot=418 inflight_before=1
a100-llm-02:1434773:1435010 [0] NCCL INFO V2MIN: pressure=1.000 (fast=0.129 slow=0.001 dev=0.1281) state=SHRINK window=204 floor=204 high=7802 low=0 ncc=16
[AIMD] FinalizeChunkRTT: cc=0x7f1470001000 slot=839 inflight_before=1
[AIMD] FinalizeChunkRTT: cc=0x7f1470017320 slot=193 inflight_before=3
[AIMD] FinalizeChunkRTT: cc=0x7f1468067bd0 slot=666 inflight_before=2
[AIMD] FinalizeChunkRTT: cc=0x7f1474065420 slot=198 inflight_before=2
[AIMD] FinalizeChunkRTT: cc=0x7f1460065be0 slot=657 inflight_before=2
a100-llm-02:1434773:1435010 [0] NCCL INFO V2MIN: pressure=1.000 (fast=0.128 slow=0.001 dev=0.1263) state=SHRINK window=204 floor=204 high=12536 low=0 ncc=16
[AIMD] FinalizeChunkRTT: cc=0x7f1468067bd0 slot=74 inflight_before=1
[AIMD] FinalizeChunkRTT: cc=0x7f1470001000 slot=408 inflight_before=1
[AIMD] FinalizeChunkRTT: cc=0x7f14600659a0 slot=800 inflight_before=7
[AIMD] FinalizeChunkRTT: cc=0x7f14600659a0 slot=195 inflight_before=1
CSV written to: oracle_results/6_v2_minimal_pinned_with_stress_20260409_111448_r2.csv

========================================
  Oracle Experiment Results
========================================
Config: nDev=8  count=1048576  data=4.19 MB  iters=500
NCCL_AIMD_ENABLE=1  NCCL_CC_ORACLE_FACTOR=(unset)

Wall-clock latency (us):
  mean= 33861.2  stddev= 16364.8
  p50 = 30581.1  p99   = 72350.7  max= 80199.9

Collective max GPU latency (us):
  mean= 32315.1  stddev= 16172.3
  p50 = 28887.0  p99   = 69677.6  max= 80185.3

Rank skew (us):
  mean=  5935.9  stddev=  6081.3
  p50 =  3982.3  p99   = 22798.3  max= 26469.4

Avg algo bandwidth: 0.22 GB/s
========================================

