a100-llm-02:1015438:1015669 [1] NCCL INFO New proxy recv connection 0 from local rank 0, transport 2
a100-llm-02:1015438:1015686 [1] NCCL INFO Connected to proxy localRank 0 -> connection 0x7f492c004d90
a100-llm-02:1015438:1015685 [2] NCCL INFO Connected to proxy localRank 0 -> connection 0x7f492c0010a0
a100-llm-02:1015438:1015686 [1] NCCL INFO Channel 00/0 : 0[0] -> 1[1] [receive] via NET/IB/9/GDRDMA
a100-llm-02:1015438:1015686 [1] NCCL INFO GPU Direct RDMA Enabled for GPU/0-1020000 (rank 1) - NET/0-9 (distance 5 <= 6, read 0, mode Default)
a100-llm-02:1015438:1015669 [1] NCCL INFO New proxy recv connection 1 from local rank 0, transport 2
a100-llm-02:1015438:1015686 [1] NCCL INFO Connected to proxy localRank 0 -> connection 0x7f492c004e08
a100-llm-02:1015438:1015686 [1] NCCL INFO Channel 01/0 : 0[0] -> 1[1] [receive] via NET/IB/9/GDRDMA
a100-llm-02:1015438:1015686 [1] NCCL INFO GPU Direct RDMA Enabled for GPU/0-1020000 (rank 1) - NET/0-9 (distance 5 <= 6, read 1, mode Default)
a100-llm-02:1015438:1015669 [1] NCCL INFO New proxy send connection 2 from local rank 0, transport 2
a100-llm-02:1015438:1015686 [1] NCCL INFO Connected to proxy localRank 0 -> connection 0x7f492c004e80
a100-llm-02:1015438:1015686 [1] NCCL INFO Channel 00/0 : 1[1] -> 2[2] [send] via NET/IB/9/GDRDMA
a100-llm-02:1015438:1015686 [1] NCCL INFO GPU Direct RDMA Enabled for GPU/0-1020000 (rank 1) - NET/0-9 (distance 5 <= 6, read 1, mode Default)
a100-llm-02:1015438:1015669 [1] NCCL INFO New proxy send connection 3 from local rank 0, transport 2
a100-llm-02:1015438:1015686 [1] NCCL INFO Connected to proxy localRank 0 -> connection 0x7f492c004ef8
a100-llm-02:1015438:1015686 [1] NCCL INFO Channel 01/0 : 1[1] -> 2[2] [send] via NET/IB/9/GDRDMA
a100-llm-02:1015438:1015665 [0] NCCL INFO New proxy recv connection 0 from local rank 0, transport 2
a100-llm-02:1015438:1015659 [6] NCCL INFO New proxy recv connection 0 from local rank 0, transport 2
a100-llm-02:1015438:1015681 [6] NCCL INFO Connected to proxy localRank 0 -> connection 0x7f493c000d10
a100-llm-02:1015438:1015681 [6] NCCL INFO Channel 00/0 : 5[5] -> 6[6] [receive] via NET/IB/12/GDRDMA
a100-llm-02:1015438:1015681 [6] NCCL INFO GPU Direct RDMA Enabled for GPU/0-1044560 (rank 6) - NET/0-12 (distance 5 <= 6, read 0, mode Default)
a100-llm-02:1015438:1015659 [6] NCCL INFO New proxy recv connection 1 from local rank 0, transport 2
a100-llm-02:1015438:1015681 [6] NCCL INFO Connected to proxy localRank 0 -> connection 0x7f493c000d88
a100-llm-02:1015438:1015681 [6] NCCL INFO Channel 01/0 : 5[5] -> 6[6] [receive] via NET/IB/12/GDRDMA
a100-llm-02:1015438:1015681 [6] NCCL INFO GPU Direct RDMA Enabled for GPU/0-1044560 (rank 6) - NET/0-12 (distance 5 <= 6, read 1, mode Default)
a100-llm-02:1015438:1015659 [6] NCCL INFO New proxy send connection 2 from local rank 0, transport 2
a100-llm-02:1015438:1015681 [6] NCCL INFO Connected to proxy localRank 0 -> connection 0x7f493c000e00
a100-llm-02:1015438:1015685 [2] NCCL INFO Channel 00/0 : 1[1] -> 2[2] [receive] via NET/IB/10/GDRDMA
a100-llm-02:1015438:1015685 [2] NCCL INFO GPU Direct RDMA Enabled for GPU/0-1028176 (rank 2) - NET/0-10 (distance 5 <= 6, read 0, mode Default)
a100-llm-02:1015438:1015671 [4] NCCL INFO New proxy recv connection 1 from local rank 0, transport 2
a100-llm-02:1015438:1015683 [4] NCCL INFO Connected to proxy localRank 0 -> connection 0x7f4928000d88
a100-llm-02:1015438:1015681 [6] NCCL INFO Channel 00/0 : 6[6] -> 7[7] [send] via NET/IB/12/GDRDMA
a100-llm-02:1015438:1015681 [6] NCCL INFO GPU Direct RDMA Enabled for GPU/0-1044560 (rank 6) - NET/0-12 (distance 5 <= 6, read 1, mode Default)
a100-llm-02:1015438:1015659 [6] NCCL INFO New proxy send connection 3 from local rank 0, transport 2
a100-llm-02:1015438:1015681 [6] NCCL INFO Connected to proxy localRank 0 -> connection 0x7f493c000e78
a100-llm-02:1015438:1015681 [6] NCCL INFO Channel 01/0 : 6[6] -> 7[7] [send] via NET/IB/12/GDRDMA
a100-llm-02:1015438:1015683 [4] NCCL INFO Channel 01/0 : 3[3] -> 4[4] [receive] via NET/IB/11/GDRDMA
a100-llm-02:1015438:1015683 [4] NCCL INFO GPU Direct RDMA Enabled for GPU/0-1036368 (rank 4) - NET/0-11 (distance 5 <= 6, read 1, mode Default)
a100-llm-02:1015438:1015687 [0] NCCL INFO Connected to proxy localRank 0 -> connection 0x7f4938000d10
a100-llm-02:1015438:1015657 [5] NCCL INFO New proxy recv connection 0 from local rank 0, transport 2
a100-llm-02:1015438:1015687 [0] NCCL INFO Channel 00/0 : 7[7] -> 0[0] [receive] via NET/IB/9/GDRDMA
a100-llm-02:1015438:1015687 [0] NCCL INFO GPU Direct RDMA Enabled for GPU/0-1019984 (rank 0) - NET/0-9 (distance 5 <= 6, read 0, mode Default)
a100-llm-02:1015438:1015663 [3] NCCL INFO New proxy recv connection 0 from local rank 0, transport 2
a100-llm-02:1015438:1015684 [3] NCCL INFO Connected to proxy localRank 0 -> connection 0x7f4944000d10
a100-llm-02:1015438:1015661 [7] NCCL INFO New proxy recv connection 0 from local rank 0, transport 2
a100-llm-02:1015438:1015680 [7] NCCL INFO Connected to proxy localRank 0 -> connection 0x7f4a8ffa2fa0
a100-llm-02:1015438:1015680 [7] NCCL INFO Channel 00/0 : 6[6] -> 7[7] [receive] via NET/IB/12/GDRDMA
a100-llm-02:1015438:1015680 [7] NCCL INFO GPU Direct RDMA Enabled for GPU/0-1044576 (rank 7) - NET/0-12 (distance 5 <= 6, read 0, mode Default)
a100-llm-02:1015438:1015661 [7] NCCL INFO New proxy recv connection 1 from local rank 0, transport 2
a100-llm-02:1015438:1015680 [7] NCCL INFO Connected to proxy localRank 0 -> connection 0x7f4a8ffa3018
a100-llm-02:1015438:1015680 [7] NCCL INFO Channel 01/0 : 6[6] -> 7[7] [receive] via NET/IB/12/GDRDMA
a100-llm-02:1015438:1015680 [7] NCCL INFO GPU Direct RDMA Enabled for GPU/0-1044576 (rank 7) - NET/0-12 (distance 5 <= 6, read 1, mode Default)
a100-llm-02:1015438:1015661 [7] NCCL INFO New proxy send connection 2 from local rank 0, transport 2
a100-llm-02:1015438:1015680 [7] NCCL INFO Connected to proxy localRank 0 -> connection 0x7f4a8ffa3090
a100-llm-02:1015438:1015680 [7] NCCL INFO Channel 00/0 : 7[7] -> 0[0] [send] via NET/IB/12/GDRDMA
a100-llm-02:1015438:1015680 [7] NCCL INFO GPU Direct RDMA Enabled for GPU/0-1044576 (rank 7) - NET/0-12 (distance 5 <= 6, read 1, mode Default)
a100-llm-02:1015438:1015661 [7] NCCL INFO New proxy send connection 3 from local rank 0, transport 2
a100-llm-02:1015438:1015680 [7] NCCL INFO Connected to proxy localRank 0 -> connection 0x7f4a8ffa3108
a100-llm-02:1015438:1015680 [7] NCCL INFO Channel 01/0 : 7[7] -> 0[0] [send] via NET/IB/12/GDRDMA
a100-llm-02:1015438:1015684 [3] NCCL INFO Channel 00/0 : 2[2] -> 3[3] [receive] via NET/IB/10/GDRDMA
a100-llm-02:1015438:1015684 [3] NCCL INFO GPU Direct RDMA Enabled for GPU/0-1028192 (rank 3) - NET/0-10 (distance 5 <= 6, read 0, mode Default)
a100-llm-02:1015438:1015663 [3] NCCL INFO New proxy recv connection 1 from local rank 0, transport 2
a100-llm-02:1015438:1015684 [3] NCCL INFO Connected to proxy localRank 0 -> connection 0x7f4944000d88
a100-llm-02:1015438:1015684 [3] NCCL INFO Channel 01/0 : 2[2] -> 3[3] [receive] via NET/IB/10/GDRDMA
a100-llm-02:1015438:1015684 [3] NCCL INFO GPU Direct RDMA Enabled for GPU/0-1028192 (rank 3) - NET/0-10 (distance 5 <= 6, read 1, mode Default)
a100-llm-02:1015438:1015663 [3] NCCL INFO New proxy send connection 2 from local rank 0, transport 2
a100-llm-02:1015438:1015684 [3] NCCL INFO Connected to proxy localRank 0 -> connection 0x7f4944000e00
a100-llm-02:1015438:1015684 [3] NCCL INFO Channel 00/0 : 3[3] -> 4[4] [send] via NET/IB/10/GDRDMA
a100-llm-02:1015438:1015684 [3] NCCL INFO GPU Direct RDMA Enabled for GPU/0-1028192 (rank 3) - NET/0-10 (distance 5 <= 6, read 1, mode Default)
a100-llm-02:1015438:1015663 [3] NCCL INFO New proxy send connection 3 from local rank 0, transport 2
a100-llm-02:1015438:1015684 [3] NCCL INFO Connected to proxy localRank 0 -> connection 0x7f4944000e78
a100-llm-02:1015438:1015684 [3] NCCL INFO Channel 01/0 : 3[3] -> 4[4] [send] via NET/IB/10/GDRDMA
a100-llm-02:1015438:1015671 [4] NCCL INFO New proxy send connection 2 from local rank 0, transport 2
a100-llm-02:1015438:1015667 [2] NCCL INFO New proxy recv connection 1 from local rank 0, transport 2
a100-llm-02:1015438:1015682 [5] NCCL INFO Connected to proxy localRank 0 -> connection 0x7f4990000d10
a100-llm-02:1015438:1015682 [5] NCCL INFO Channel 00/0 : 4[4] -> 5[5] [receive] via NET/IB/11/GDRDMA
a100-llm-02:1015438:1015682 [5] NCCL INFO GPU Direct RDMA Enabled for GPU/0-1036384 (rank 5) - NET/0-11 (distance 5 <= 6, read 0, mode Default)
a100-llm-02:1015438:1015657 [5] NCCL INFO New proxy recv connection 1 from local rank 0, transport 2
a100-llm-02:1015438:1015682 [5] NCCL INFO Connected to proxy localRank 0 -> connection 0x7f4990000d88
a100-llm-02:1015438:1015682 [5] NCCL INFO Channel 01/0 : 4[4] -> 5[5] [receive] via NET/IB/11/GDRDMA
a100-llm-02:1015438:1015682 [5] NCCL INFO GPU Direct RDMA Enabled for GPU/0-1036384 (rank 5) - NET/0-11 (distance 5 <= 6, read 1, mode Default)
a100-llm-02:1015438:1015657 [5] NCCL INFO New proxy send connection 2 from local rank 0, transport 2
a100-llm-02:1015438:1015682 [5] NCCL INFO Connected to proxy localRank 0 -> connection 0x7f4990000e00
a100-llm-02:1015438:1015682 [5] NCCL INFO Channel 00/0 : 5[5] -> 6[6] [send] via NET/IB/11/GDRDMA
a100-llm-02:1015438:1015682 [5] NCCL INFO GPU Direct RDMA Enabled for GPU/0-1036384 (rank 5) - NET/0-11 (distance 5 <= 6, read 1, mode Default)
a100-llm-02:1015438:1015657 [5] NCCL INFO New proxy send connection 3 from local rank 0, transport 2
a100-llm-02:1015438:1015682 [5] NCCL INFO Connected to proxy localRank 0 -> connection 0x7f4990000e78
a100-llm-02:1015438:1015682 [5] NCCL INFO Channel 01/0 : 5[5] -> 6[6] [send] via NET/IB/11/GDRDMA
a100-llm-02:1015438:1015685 [2] NCCL INFO Connected to proxy localRank 0 -> connection 0x7f492c001118
a100-llm-02:1015438:1015685 [2] NCCL INFO Channel 01/0 : 1[1] -> 2[2] [receive] via NET/IB/10/GDRDMA
a100-llm-02:1015438:1015685 [2] NCCL INFO GPU Direct RDMA Enabled for GPU/0-1028176 (rank 2) - NET/0-10 (distance 5 <= 6, read 1, mode Default)
a100-llm-02:1015438:1015683 [4] NCCL INFO Connected to proxy localRank 0 -> connection 0x7f4928000e00
a100-llm-02:1015438:1015683 [4] NCCL INFO Channel 00/0 : 4[4] -> 5[5] [send] via NET/IB/11/GDRDMA
a100-llm-02:1015438:1015683 [4] NCCL INFO GPU Direct RDMA Enabled for GPU/0-1036368 (rank 4) - NET/0-11 (distance 5 <= 6, read 1, mode Default)
a100-llm-02:1015438:1015665 [0] NCCL INFO New proxy recv connection 1 from local rank 0, transport 2
a100-llm-02:1015438:1015687 [0] NCCL INFO Connected to proxy localRank 0 -> connection 0x7f4938000d88
a100-llm-02:1015438:1015687 [0] NCCL INFO Channel 01/0 : 7[7] -> 0[0] [receive] via NET/IB/9/GDRDMA
a100-llm-02:1015438:1015687 [0] NCCL INFO GPU Direct RDMA Enabled for GPU/0-1019984 (rank 0) - NET/0-9 (distance 5 <= 6, read 1, mode Default)
a100-llm-02:1015438:1015665 [0] NCCL INFO New proxy send connection 2 from local rank 0, transport 2
a100-llm-02:1015438:1015687 [0] NCCL INFO Connected to proxy localRank 0 -> connection 0x7f4938000e00
a100-llm-02:1015438:1015687 [0] NCCL INFO Channel 00/0 : 0[0] -> 1[1] [send] via NET/IB/9/GDRDMA
a100-llm-02:1015438:1015687 [0] NCCL INFO GPU Direct RDMA Enabled for GPU/0-1019984 (rank 0) - NET/0-9 (distance 5 <= 6, read 1, mode Default)
a100-llm-02:1015438:1015665 [0] NCCL INFO New proxy send connection 3 from local rank 0, transport 2
a100-llm-02:1015438:1015687 [0] NCCL INFO Connected to proxy localRank 0 -> connection 0x7f4938000e78
a100-llm-02:1015438:1015687 [0] NCCL INFO Channel 01/0 : 0[0] -> 1[1] [send] via NET/IB/9/GDRDMA
a100-llm-02:1015438:1015667 [2] NCCL INFO New proxy send connection 2 from local rank 0, transport 2
a100-llm-02:1015438:1015661 [7] NCCL INFO NET/IB: NCCL Dev 12 IbDev 7 Port 1 qpn 724 mtu 5 GID 3 (0/455A13C6FFFF0000) ctsFifoRkey=0xd9f9e ctsFifoLkey=0xd9f9e
a100-llm-02:1015438:1015661 [7] NCCL INFO NET/IB: IbDev 7 Port 1 qpn 724 query_ece={supported=1, vendor_id=0x15b3, options=0x30000000, comp_mask=0x0}
a100-llm-02:1015438:1015659 [6] NCCL INFO NET/IB: NCCL Dev 12 IbDev 7 Port 1 qpn 725 mtu 5 GID 3 (0/455A13C6FFFF0000) ctsFifoRkey=0xdacaa ctsFifoLkey=0xdacaa
a100-llm-02:1015438:1015659 [6] NCCL INFO NET/IB: IbDev 7 Port 1 qpn 725 query_ece={supported=1, vendor_id=0x15b3, options=0x30000000, comp_mask=0x0}
a100-llm-02:1015438:1015661 [7] NCCL INFO NET/IB: NCCL Dev 12 IbDev 8 Port 1 qpn 468 mtu 5 GID 3 (0/58B013C6FFFF0000) ctsFifoRkey=0x9bc7b ctsFifoLkey=0x9bc7b
a100-llm-02:1015438:1015661 [7] NCCL INFO NET/IB: IbDev 8 Port 1 qpn 468 query_ece={supported=1, vendor_id=0x15b3, options=0x30000000, comp_mask=0x0}
a100-llm-02:1015438:1015659 [6] NCCL INFO NET/IB: NCCL Dev 12 IbDev 8 Port 1 qpn 469 mtu 5 GID 3 (0/58B013C6FFFF0000) ctsFifoRkey=0x9c887 ctsFifoLkey=0x9c887
a100-llm-02:1015438:1015659 [6] NCCL INFO NET/IB: IbDev 8 Port 1 qpn 469 query_ece={supported=1, vendor_id=0x15b3, options=0x30000000, comp_mask=0x0}
a100-llm-02:1015438:1015671 [4] NCCL INFO New proxy send connection 3 from local rank 0, transport 2
a100-llm-02:1015438:1015685 [2] NCCL INFO Connected to proxy localRank 0 -> connection 0x7f492c001190
a100-llm-02:1015438:1015661 [7] NCCL INFO NET/IB: NCCL Dev 12 IbDev 7 Port 1 qpn 726 mtu 5 GID 3 (0/455A13C6FFFF0000) ctsFifoRkey=0xdb4b7 ctsFifoLkey=0xdb4b7
a100-llm-02:1015438:1015661 [7] NCCL INFO NET/IB: IbDev 7 Port 1 qpn 726 query_ece={supported=1, vendor_id=0x15b3, options=0x30000000, comp_mask=0x0}
a100-llm-02:1015438:1015659 [6] NCCL INFO NET/IB: NCCL Dev 12 IbDev 7 Port 1 qpn 727 mtu 5 GID 3 (0/455A13C6FFFF0000) ctsFifoRkey=0xdc0bf ctsFifoLkey=0xdc0bf
a100-llm-02:1015438:1015659 [6] NCCL INFO NET/IB: IbDev 7 Port 1 qpn 727 query_ece={supported=1, vendor_id=0x15b3, options=0x30000000, comp_mask=0x0}
a100-llm-02:1015438:1015661 [7] NCCL INFO NET/IB: NCCL Dev 12 IbDev 8 Port 1 qpn 470 mtu 5 GID 3 (0/58B013C6FFFF0000) ctsFifoRkey=0x9d493 ctsFifoLkey=0x9d493
a100-llm-02:1015438:1015661 [7] NCCL INFO NET/IB: IbDev 8 Port 1 qpn 470 query_ece={supported=1, vendor_id=0x15b3, options=0x30000000, comp_mask=0x0}
a100-llm-02:1015438:1015659 [6] NCCL INFO NET/IB: NCCL Dev 12 IbDev 8 Port 1 qpn 471 mtu 5 GID 3 (0/58B013C6FFFF0000) ctsFifoRkey=0x9e09f ctsFifoLkey=0x9e09f
a100-llm-02:1015438:1015659 [6] NCCL INFO NET/IB: IbDev 8 Port 1 qpn 471 query_ece={supported=1, vendor_id=0x15b3, options=0x30000000, comp_mask=0x0}
a100-llm-02:1015438:1015683 [4] NCCL INFO Connected to proxy localRank 0 -> connection 0x7f4928000e78
a100-llm-02:1015438:1015685 [2] NCCL INFO Channel 00/0 : 2[2] -> 3[3] [send] via NET/IB/10/GDRDMA
a100-llm-02:1015438:1015685 [2] NCCL INFO GPU Direct RDMA Enabled for GPU/0-1028176 (rank 2) - NET/0-10 (distance 5 <= 6, read 1, mode Default)
a100-llm-02:1015438:1015667 [2] NCCL INFO New proxy send connection 3 from local rank 0, transport 2
a100-llm-02:1015438:1015683 [4] NCCL INFO Channel 01/0 : 4[4] -> 5[5] [send] via NET/IB/11/GDRDMA
a100-llm-02:1015438:1015685 [2] NCCL INFO Connected to proxy localRank 0 -> connection 0x7f492c001208
a100-llm-02:1015438:1015685 [2] NCCL INFO Channel 01/0 : 2[2] -> 3[3] [send] via NET/IB/10/GDRDMA
a100-llm-02:1015438:1015659 [6] NCCL INFO NET/IB: IbDev 7 Port 1 qpn 725 set_ece={supported=1, vendor_id=0x15b3, options=0x30000000, comp_mask=0x0}
a100-llm-02:1015438:1015659 [6] NCCL INFO NET/IB: IbDev 8 Port 1 qpn 469 set_ece={supported=1, vendor_id=0x15b3, options=0x30000000, comp_mask=0x0}
a100-llm-02:1015438:1015671 [4] NCCL INFO NET/IB: NCCL Dev 11 IbDev 5 Port 1 qpn 724 mtu 5 GID 3 (0/5E0113C6FFFF0000) ctsFifoRkey=0xdb0af ctsFifoLkey=0xdb0af
a100-llm-02:1015438:1015671 [4] NCCL INFO NET/IB: IbDev 5 Port 1 qpn 724 query_ece={supported=1, vendor_id=0x15b3, options=0x30000000, comp_mask=0x0}
a100-llm-02:1015438:1015671 [4] NCCL INFO NET/IB: NCCL Dev 11 IbDev 6 Port 1 qpn 468 mtu 5 GID 3 (0/AF0713C6FFFF0000) ctsFifoRkey=0x9ebaa ctsFifoLkey=0x9ebaa
a100-llm-02:1015438:1015671 [4] NCCL INFO NET/IB: IbDev 6 Port 1 qpn 468 query_ece={supported=1, vendor_id=0x15b3, options=0x30000000, comp_mask=0x0}
a100-llm-02:1015438:1015661 [7] NCCL INFO NET/IB: IbDev 7 Port 1 qpn 726 set_ece={supported=1, vendor_id=0x15b3, options=0x30000000, comp_mask=0x0}
a100-llm-02:1015438:1015661 [7] NCCL INFO NET/IB: IbDev 8 Port 1 qpn 470 set_ece={supported=1, vendor_id=0x15b3, options=0x30000000, comp_mask=0x0}
a100-llm-02:1015438:1015659 [6] NCCL INFO NET/IB: IbDev 7 Port 1 qpn 727 set_ece={supported=1, vendor_id=0x15b3, options=0x30000000, comp_mask=0x0}
a100-llm-02:1015438:1015659 [6] NCCL INFO NET/IB: IbDev 8 Port 1 qpn 471 set_ece={supported=1, vendor_id=0x15b3, options=0x30000000, comp_mask=0x0}
a100-llm-02:1015438:1015671 [4] NCCL INFO NET/IB: NCCL Dev 11 IbDev 5 Port 1 qpn 725 mtu 5 GID 3 (0/5E0113C6FFFF0000) ctsFifoRkey=0xdbcbb ctsFifoLkey=0xdbcbb
a100-llm-02:1015438:1015671 [4] NCCL INFO NET/IB: IbDev 5 Port 1 qpn 725 query_ece={supported=1, vendor_id=0x15b3, options=0x30000000, comp_mask=0x0}
a100-llm-02:1015438:1015671 [4] NCCL INFO NET/IB: NCCL Dev 11 IbDev 6 Port 1 qpn 469 mtu 5 GID 3 (0/AF0713C6FFFF0000) ctsFifoRkey=0x9f7b5 ctsFifoLkey=0x9f7b5
a100-llm-02:1015438:1015671 [4] NCCL INFO NET/IB: IbDev 6 Port 1 qpn 469 query_ece={supported=1, vendor_id=0x15b3, options=0x30000000, comp_mask=0x0}
a100-llm-02:1015438:1015667 [2] NCCL INFO NET/IB: NCCL Dev 10 IbDev 3 Port 1 qpn 724 mtu 5 GID 3 (0/340D13C6FFFF0000) ctsFifoRkey=0xdd1cf ctsFifoLkey=0xdd1cf
a100-llm-02:1015438:1015667 [2] NCCL INFO NET/IB: IbDev 3 Port 1 qpn 724 query_ece={supported=1, vendor_id=0x15b3, options=0x30000000, comp_mask=0x0}
a100-llm-02:1015438:1015667 [2] NCCL INFO NET/IB: NCCL Dev 10 IbDev 4 Port 1 qpn 468 mtu 5 GID 3 (0/462613C6FFFF0000) ctsFifoRkey=0xa34f3 ctsFifoLkey=0xa34f3
a100-llm-02:1015438:1015667 [2] NCCL INFO NET/IB: IbDev 4 Port 1 qpn 468 query_ece={supported=1, vendor_id=0x15b3, options=0x30000000, comp_mask=0x0}
a100-llm-02:1015438:1015663 [3] NCCL INFO NET/IB: NCCL Dev 10 IbDev 3 Port 1 qpn 725 mtu 5 GID 3 (0/340D13C6FFFF0000) ctsFifoRkey=0xddddb ctsFifoLkey=0xddddb
a100-llm-02:1015438:1015663 [3] NCCL INFO NET/IB: IbDev 3 Port 1 qpn 725 query_ece={supported=1, vendor_id=0x15b3, options=0x30000000, comp_mask=0x0}
a100-llm-02:1015438:1015663 [3] NCCL INFO NET/IB: NCCL Dev 10 IbDev 4 Port 1 qpn 469 mtu 5 GID 3 (0/462613C6FFFF0000) ctsFifoRkey=0xa3ffe ctsFifoLkey=0xa3ffe
a100-llm-02:1015438:1015663 [3] NCCL INFO NET/IB: IbDev 4 Port 1 qpn 469 query_ece={supported=1, vendor_id=0x15b3, options=0x30000000, comp_mask=0x0}
a100-llm-02:1015438:1015671 [4] NCCL INFO NET/IB: IbDev 5 Port 1 qpn 724 set_ece={supported=1, vendor_id=0x15b3, options=0x30000000, comp_mask=0x0}
a100-llm-02:1015438:1015671 [4] NCCL INFO NET/IB: IbDev 6 Port 1 qpn 468 set_ece={supported=1, vendor_id=0x15b3, options=0x30000000, comp_mask=0x0}
a100-llm-02:1015438:1015657 [5] NCCL INFO NET/IB: NCCL Dev 11 IbDev 5 Port 1 qpn 728 mtu 5 GID 3 (0/5E0113C6FFFF0000) ctsFifoRkey=0xdd4d3 ctsFifoLkey=0xdd4d3
a100-llm-02:1015438:1015657 [5] NCCL INFO NET/IB: IbDev 5 Port 1 qpn 728 query_ece={supported=1, vendor_id=0x15b3, options=0x30000000, comp_mask=0x0}
a100-llm-02:1015438:1015667 [2] NCCL INFO NET/IB: NCCL Dev 10 IbDev 3 Port 1 qpn 726 mtu 5 GID 3 (0/340D13C6FFFF0000) ctsFifoRkey=0xdeae8 ctsFifoLkey=0xdeae8
a100-llm-02:1015438:1015667 [2] NCCL INFO NET/IB: IbDev 3 Port 1 qpn 726 query_ece={supported=1, vendor_id=0x15b3, options=0x30000000, comp_mask=0x0}
a100-llm-02:1015438:1015657 [5] NCCL INFO NET/IB: NCCL Dev 11 IbDev 6 Port 1 qpn 472 mtu 5 GID 3 (0/AF0713C6FFFF0000) ctsFifoRkey=0xa10cf ctsFifoLkey=0xa10cf
a100-llm-02:1015438:1015657 [5] NCCL INFO NET/IB: IbDev 6 Port 1 qpn 472 query_ece={supported=1, vendor_id=0x15b3, options=0x30000000, comp_mask=0x0}
a100-llm-02:1015438:1015667 [2] NCCL INFO NET/IB: NCCL Dev 10 IbDev 4 Port 1 qpn 470 mtu 5 GID 3 (0/462613C6FFFF0000) ctsFifoRkey=0xa4a09 ctsFifoLkey=0xa4a09
a100-llm-02:1015438:1015667 [2] NCCL INFO NET/IB: IbDev 4 Port 1 qpn 470 query_ece={supported=1, vendor_id=0x15b3, options=0x30000000, comp_mask=0x0}
a100-llm-02:1015438:1015661 [7] NCCL INFO NET/IB: IbDev 7 Port 1 qpn 724 set_ece={supported=1, vendor_id=0x15b3, options=0x30000000, comp_mask=0x0}
a100-llm-02:1015438:1015661 [7] NCCL INFO NET/IB: IbDev 8 Port 1 qpn 468 set_ece={supported=1, vendor_id=0x15b3, options=0x30000000, comp_mask=0x0}
a100-llm-02:1015438:1015669 [1] NCCL INFO NET/IB: NCCL Dev 9 IbDev 1 Port 1 qpn 728 mtu 5 GID 3 (0/F74413C6FFFF0000) ctsFifoRkey=0xd8785 ctsFifoLkey=0xd8785
a100-llm-02:1015438:1015669 [1] NCCL INFO NET/IB: IbDev 1 Port 1 qpn 728 query_ece={supported=1, vendor_id=0x15b3, options=0x30000000, comp_mask=0x0}
a100-llm-02:1015438:1015669 [1] NCCL INFO NET/IB: NCCL Dev 9 IbDev 2 Port 1 qpn 472 mtu 5 GID 3 (0/A3F13C6FFFF0000) ctsFifoRkey=0x9cf8f ctsFifoLkey=0x9cf8f
a100-llm-02:1015438:1015669 [1] NCCL INFO NET/IB: IbDev 2 Port 1 qpn 472 query_ece={supported=1, vendor_id=0x15b3, options=0x30000000, comp_mask=0x0}
a100-llm-02:1015438:1015665 [0] NCCL INFO NET/IB: NCCL Dev 9 IbDev 1 Port 1 qpn 729 mtu 5 GID 3 (0/F74413C6FFFF0000) ctsFifoRkey=0xd9593 ctsFifoLkey=0xd9593
a100-llm-02:1015438:1015665 [0] NCCL INFO NET/IB: IbDev 1 Port 1 qpn 729 query_ece={supported=1, vendor_id=0x15b3, options=0x30000000, comp_mask=0x0}
a100-llm-02:1015438:1015665 [0] NCCL INFO NET/IB: NCCL Dev 9 IbDev 2 Port 1 qpn 473 mtu 5 GID 3 (0/A3F13C6FFFF0000) ctsFifoRkey=0x9db9a ctsFifoLkey=0x9db9a
a100-llm-02:1015438:1015665 [0] NCCL INFO NET/IB: IbDev 2 Port 1 qpn 473 query_ece={supported=1, vendor_id=0x15b3, options=0x30000000, comp_mask=0x0}
a100-llm-02:1015438:1015669 [1] NCCL INFO NET/IB: NCCL Dev 9 IbDev 1 Port 1 qpn 730 mtu 5 GID 3 (0/F74413C6FFFF0000) ctsFifoRkey=0xda1a0 ctsFifoLkey=0xda1a0
a100-llm-02:1015438:1015669 [1] NCCL INFO NET/IB: IbDev 1 Port 1 qpn 730 query_ece={supported=1, vendor_id=0x15b3, options=0x30000000, comp_mask=0x0}
a100-llm-02:1015438:1015669 [1] NCCL INFO NET/IB: NCCL Dev 9 IbDev 2 Port 1 qpn 474 mtu 5 GID 3 (0/A3F13C6FFFF0000) ctsFifoRkey=0x9e6a5 ctsFifoLkey=0x9e6a5
a100-llm-02:1015438:1015669 [1] NCCL INFO NET/IB: IbDev 2 Port 1 qpn 474 query_ece={supported=1, vendor_id=0x15b3, options=0x30000000, comp_mask=0x0}
a100-llm-02:1015438:1015663 [3] NCCL INFO NET/IB: NCCL Dev 10 IbDev 3 Port 1 qpn 731 mtu 5 GID 3 (0/340D13C6FFFF0000) ctsFifoRkey=0xe0c0b ctsFifoLkey=0xe0c0b
a100-llm-02:1015438:1015663 [3] NCCL INFO NET/IB: IbDev 3 Port 1 qpn 731 query_ece={supported=1, vendor_id=0x15b3, options=0x30000000, comp_mask=0x0}
a100-llm-02:1015438:1015663 [3] NCCL INFO NET/IB: NCCL Dev 10 IbDev 4 Port 1 qpn 475 mtu 5 GID 3 (0/462613C6FFFF0000) ctsFifoRkey=0xa6c2b ctsFifoLkey=0xa6c2b
a100-llm-02:1015438:1015663 [3] NCCL INFO NET/IB: IbDev 4 Port 1 qpn 475 query_ece={supported=1, vendor_id=0x15b3, options=0x30000000, comp_mask=0x0}
a100-llm-02:1015438:1015657 [5] NCCL INFO NET/IB: NCCL Dev 11 IbDev 5 Port 1 qpn 731 mtu 5 GID 3 (0/5E0113C6FFFF0000) ctsFifoRkey=0xdeceb ctsFifoLkey=0xdeceb
a100-llm-02:1015438:1015657 [5] NCCL INFO NET/IB: IbDev 5 Port 1 qpn 731 query_ece={supported=1, vendor_id=0x15b3, options=0x30000000, comp_mask=0x0}
a100-llm-02:1015438:1015657 [5] NCCL INFO NET/IB: NCCL Dev 11 IbDev 6 Port 1 qpn 475 mtu 5 GID 3 (0/AF0713C6FFFF0000) ctsFifoRkey=0xa2ae8 ctsFifoLkey=0xa2ae8
a100-llm-02:1015438:1015657 [5] NCCL INFO NET/IB: IbDev 6 Port 1 qpn 475 query_ece={supported=1, vendor_id=0x15b3, options=0x30000000, comp_mask=0x0}
a100-llm-02:1015438:1015657 [5] NCCL INFO NET/IB: IbDev 5 Port 1 qpn 728 set_ece={supported=1, vendor_id=0x15b3, options=0x30000000, comp_mask=0x0}
a100-llm-02:1015438:1015657 [5] NCCL INFO NET/IB: IbDev 6 Port 1 qpn 472 set_ece={supported=1, vendor_id=0x15b3, options=0x30000000, comp_mask=0x0}
a100-llm-02:1015438:1015667 [2] NCCL INFO NET/IB: IbDev 3 Port 1 qpn 724 set_ece={supported=1, vendor_id=0x15b3, options=0x30000000, comp_mask=0x0}
a100-llm-02:1015438:1015667 [2] NCCL INFO NET/IB: IbDev 4 Port 1 qpn 468 set_ece={supported=1, vendor_id=0x15b3, options=0x30000000, comp_mask=0x0}
a100-llm-02:1015438:1015665 [0] NCCL INFO NET/IB: NCCL Dev 9 IbDev 1 Port 1 qpn 732 mtu 5 GID 3 (0/F74413C6FFFF0000) ctsFifoRkey=0xdb9b8 ctsFifoLkey=0xdb9b8
a100-llm-02:1015438:1015665 [0] NCCL INFO NET/IB: IbDev 1 Port 1 qpn 732 query_ece={supported=1, vendor_id=0x15b3, options=0x30000000, comp_mask=0x0}
a100-llm-02:1015438:1015671 [4] NCCL INFO NET/IB: IbDev 5 Port 1 qpn 725 set_ece={supported=1, vendor_id=0x15b3, options=0x30000000, comp_mask=0x0}
a100-llm-02:1015438:1015665 [0] NCCL INFO NET/IB: NCCL Dev 9 IbDev 2 Port 1 qpn 476 mtu 5 GID 3 (0/A3F13C6FFFF0000) ctsFifoRkey=0xa00bf ctsFifoLkey=0xa00bf
a100-llm-02:1015438:1015665 [0] NCCL INFO NET/IB: IbDev 2 Port 1 qpn 476 query_ece={supported=1, vendor_id=0x15b3, options=0x30000000, comp_mask=0x0}
a100-llm-02:1015438:1015671 [4] NCCL INFO NET/IB: IbDev 6 Port 1 qpn 469 set_ece={supported=1, vendor_id=0x15b3, options=0x30000000, comp_mask=0x0}
a100-llm-02:1015438:1015667 [2] NCCL INFO NET/IB: IbDev 3 Port 1 qpn 726 set_ece={supported=1, vendor_id=0x15b3, options=0x30000000, comp_mask=0x0}
a100-llm-02:1015438:1015667 [2] NCCL INFO NET/IB: IbDev 4 Port 1 qpn 470 set_ece={supported=1, vendor_id=0x15b3, options=0x30000000, comp_mask=0x0}
a100-llm-02:1015438:1015669 [1] NCCL INFO NET/IB: IbDev 1 Port 1 qpn 730 set_ece={supported=1, vendor_id=0x15b3, options=0x30000000, comp_mask=0x0}
a100-llm-02:1015438:1015669 [1] NCCL INFO NET/IB: IbDev 2 Port 1 qpn 474 set_ece={supported=1, vendor_id=0x15b3, options=0x30000000, comp_mask=0x0}
a100-llm-02:1015438:1015663 [3] NCCL INFO NET/IB: IbDev 3 Port 1 qpn 731 set_ece={supported=1, vendor_id=0x15b3, options=0x30000000, comp_mask=0x0}
a100-llm-02:1015438:1015663 [3] NCCL INFO NET/IB: IbDev 4 Port 1 qpn 475 set_ece={supported=1, vendor_id=0x15b3, options=0x30000000, comp_mask=0x0}
a100-llm-02:1015438:1015665 [0] NCCL INFO NET/IB: IbDev 1 Port 1 qpn 729 set_ece={supported=1, vendor_id=0x15b3, options=0x30000000, comp_mask=0x0}
a100-llm-02:1015438:1015665 [0] NCCL INFO NET/IB: IbDev 2 Port 1 qpn 473 set_ece={supported=1, vendor_id=0x15b3, options=0x30000000, comp_mask=0x0}
a100-llm-02:1015438:1015669 [1] NCCL INFO NET/IB: IbDev 1 Port 1 qpn 728 set_ece={supported=1, vendor_id=0x15b3, options=0x30000000, comp_mask=0x0}
a100-llm-02:1015438:1015669 [1] NCCL INFO NET/IB: IbDev 2 Port 1 qpn 472 set_ece={supported=1, vendor_id=0x15b3, options=0x30000000, comp_mask=0x0}
a100-llm-02:1015438:1015657 [5] NCCL INFO NET/IB: IbDev 5 Port 1 qpn 731 set_ece={supported=1, vendor_id=0x15b3, options=0x30000000, comp_mask=0x0}
a100-llm-02:1015438:1015657 [5] NCCL INFO NET/IB: IbDev 6 Port 1 qpn 475 set_ece={supported=1, vendor_id=0x15b3, options=0x30000000, comp_mask=0x0}
a100-llm-02:1015438:1015665 [0] NCCL INFO NET/IB: IbDev 1 Port 1 qpn 732 set_ece={supported=1, vendor_id=0x15b3, options=0x30000000, comp_mask=0x0}
a100-llm-02:1015438:1015665 [0] NCCL INFO NET/IB: IbDev 2 Port 1 qpn 476 set_ece={supported=1, vendor_id=0x15b3, options=0x30000000, comp_mask=0x0}
a100-llm-02:1015438:1015663 [3] NCCL INFO NET/IB: IbDev 3 Port 1 qpn 725 set_ece={supported=1, vendor_id=0x15b3, options=0x30000000, comp_mask=0x0}
a100-llm-02:1015438:1015663 [3] NCCL INFO NET/IB: IbDev 4 Port 1 qpn 469 set_ece={supported=1, vendor_id=0x15b3, options=0x30000000, comp_mask=0x0}
[AIMD] FinalizeChunkRTT: cc=0x7f4940001000 slot=0 inflight_before=1
a100-llm-02:1015438:1015633 [0] NCCL INFO AIMD[5]: Congestion (RTT=1089.0 > 183.0), LIW 299.0 -> 149.5
a100-llm-02:1015438:1015632 [0] NCCL INFO AIMD[4]: Congestion (RTT=10601.0 > 156.0), LIW 206.0 -> 103.0
a100-llm-02:1015438:1015632 [0] NCCL INFO AIMD[56]: Congestion (RTT=1089.0 > 105.0), LIW 299.0 -> 149.5
a100-llm-02:1015438:1015632 [0] NCCL INFO AIMD[55]: Congestion (RTT=328.2 > 129.0), LIW 299.0 -> 149.5
a100-llm-02:1015438:1015633 [0] NCCL INFO AIMD[56]: Congestion (RTT=549.8 > 108.0), LIW 292.0 -> 146.0
a100-llm-02:1015438:1015635 [0] NCCL INFO AIMD[57]: Congestion (RTT=10601.0 > 117.0), LIW 299.0 -> 149.5
a100-llm-02:1015438:1015633 [0] NCCL INFO AIMD[56]: Congestion (RTT=571.9 > 105.0), LIW 297.0 -> 148.5
a100-llm-02:1015438:1015633 [0] NCCL INFO AIMD[58]: Congestion (RTT=827.0 > 105.0), LIW 299.0 -> 149.5
a100-llm-02:1015438:1015633 [0] NCCL INFO AIMD[63]: Congestion (RTT=1899.7 > 105.0), LIW 299.0 -> 149.5
a100-llm-02:1015438:1015633 [0] NCCL INFO AIMD[69]: Congestion (RTT=1114.7 > 156.0), LIW 299.0 -> 149.5
a100-llm-02:1015438:1015634 [0] NCCL INFO AIMD[69]: Congestion (RTT=3187.1 > 108.0), LIW 289.0 -> 144.5
a100-llm-02:1015438:1015633 [0] NCCL INFO AIMD[70]: Congestion (RTT=1169.5 > 105.0), LIW 299.0 -> 149.5
a100-llm-02:1015438:1015634 [0] NCCL INFO AIMD[69]: Congestion (RTT=1061.0 > 108.0), LIW 297.0 -> 148.5
a100-llm-02:1015438:1015634 [0] NCCL INFO AIMD[69]: Congestion (RTT=1279.8 > 108.0), LIW 289.0 -> 144.5
a100-llm-02:1015438:1015633 [0] NCCL INFO AIMD[72]: Congestion (RTT=862.7 > 123.0), LIW 292.0 -> 146.0
a100-llm-02:1015438:1015633 [0] NCCL INFO AIMD[83]: Congestion (RTT=2079.2 > 105.0), LIW 291.0 -> 145.5
a100-llm-02:1015438:1015634 [0] NCCL INFO AIMD[83]: Congestion (RTT=2076.2 > 102.0), LIW 299.0 -> 149.5
a100-llm-02:1015438:1015629 [0] NCCL INFO AIMD[83]: Congestion (RTT=304.0 > 99.0), LIW 299.0 -> 149.5
a100-llm-02:1015438:1015628 [0] NCCL INFO AIMD[118]: Congestion (RTT=5515.6 > 105.0), LIW 299.0 -> 149.5
a100-llm-02:1015438:1015631 [0] NCCL INFO AIMD[125]: Congestion (RTT=7044.7 > 96.0), LIW 165.0 -> 82.5
a100-llm-02:1015438:1015631 [0] NCCL INFO AIMD[125]: Congestion (RTT=550.0 > 108.0), LIW 299.0 -> 149.5
a100-llm-02:1015438:1015631 [0] NCCL INFO AIMD[125]: Congestion (RTT=751.0 > 105.0), LIW 299.0 -> 149.5
a100-llm-02:1015438:1015631 [0] NCCL INFO AIMD[125]: Congestion (RTT=871.0 > 105.0), LIW 299.0 -> 149.5
a100-llm-02:1015438:1015634 [0] NCCL INFO AIMD[125]: Congestion (RTT=5514.9 > 108.0), LIW 299.0 -> 149.5
a100-llm-02:1015438:1015634 [0] NCCL INFO AIMD[125]: Congestion (RTT=10601.0 > 117.0), LIW 299.0 -> 149.5
a100-llm-02:1015438:1015634 [0] NCCL INFO AIMD[125]: Congestion (RTT=2121.0 > 105.0), LIW 299.0 -> 149.5
a100-llm-02:1015438:1015634 [0] NCCL INFO AIMD[125]: Congestion (RTT=2144.0 > 108.0), LIW 299.0 -> 149.5
a100-llm-02:1015438:1015633 [0] NCCL INFO AIMD[125]: Congestion (RTT=8716.0 > 108.0), LIW 147.0 -> 73.5
a100-llm-02:1015438:1015633 [0] NCCL INFO AIMD[128]: Congestion (RTT=881.0 > 123.0), LIW 292.0 -> 146.0
a100-llm-02:1015438:1015628 [0] NCCL INFO AIMD[127]: Congestion (RTT=1115.0 > 156.0), LIW 298.0 -> 149.0
a100-llm-02:1015438:1015629 [0] NCCL INFO AIMD[127]: Congestion (RTT=1170.0 > 105.0), LIW 255.0 -> 127.5
a100-llm-02:1015438:1015630 [0] NCCL INFO AIMD[129]: Congestion (RTT=2116.0 > 105.0), LIW 299.0 -> 149.5
a100-llm-02:1015438:1015628 [0] NCCL INFO AIMD[139]: Congestion (RTT=2146.0 > 102.0), LIW 299.0 -> 149.5
a100-llm-02:1015438:1015628 [0] NCCL INFO AIMD[139]: Congestion (RTT=304.0 > 99.0), LIW 299.0 -> 149.5
a100-llm-02:1015438:1015629 [0] NCCL INFO AIMD[175]: Congestion (RTT=7046.0 > 96.0), LIW 299.0 -> 149.5
a100-llm-02:1015438:1015632 [0] NCCL INFO AIMD[174]: Congestion (RTT=5516.0 > 105.0), LIW 299.0 -> 149.5
a100-llm-02:1015438:1015630 [0] NCCL INFO AIMD[181]: Congestion (RTT=1033.5 > 108.0), LIW 267.0 -> 133.5
a100-llm-02:1015438:1015630 [0] NCCL INFO AIMD[181]: Congestion (RTT=1047.7 > 105.0), LIW 276.0 -> 138.0
a100-llm-02:1015438:1015633 [0] NCCL INFO AIMD[182]: Congestion (RTT=5515.0 > 108.0), LIW 299.0 -> 149.5
a100-llm-02:1015438:1015631 [0] NCCL INFO AIMD[184]: Congestion (RTT=871.0 > 105.0), LIW 288.0 -> 144.0
a100-llm-02:1015438:1015634 [0] NCCL INFO AIMD[193]: Congestion (RTT=2121.0 > 105.0), LIW 299.0 -> 149.5
a100-llm-02:1015438:1015629 [0] NCCL INFO AIMD[193]: Congestion (RTT=10601.0 > 117.0), LIW 251.0 -> 125.5
a100-llm-02:1015438:1015634 [0] NCCL INFO AIMD[195]: Congestion (RTT=2144.0 > 108.0), LIW 299.0 -> 149.5
a100-llm-02:1015438:1015634 [0] NCCL INFO AIMD[195]: Congestion (RTT=1115.0 > 123.0), LIW 299.0 -> 149.5
a100-llm-02:1015438:1015634 [0] NCCL INFO AIMD[195]: Congestion (RTT=881.0 > 123.0), LIW 299.0 -> 149.5
a100-llm-02:1015438:1015634 [0] NCCL INFO AIMD[195]: Congestion (RTT=1170.0 > 105.0), LIW 299.0 -> 149.5
a100-llm-02:1015438:1015634 [0] NCCL INFO AIMD[195]: Congestion (RTT=8717.0 > 108.0), LIW 299.0 -> 149.5
a100-llm-02:1015438:1015634 [0] NCCL INFO AIMD[196]: Congestion (RTT=2116.0 > 105.0), LIW 299.0 -> 149.5
a100-llm-02:1015438:1015634 [0] NCCL INFO AIMD[209]: Congestion (RTT=4373.2 > 99.0), LIW 299.0 -> 149.5
a100-llm-02:1015438:1015634 [0] NCCL INFO AIMD[209]: Congestion (RTT=2146.0 > 102.0), LIW 299.0 -> 149.5
a100-llm-02:1015438:1015634 [0] NCCL INFO AIMD[252]: Congestion (RTT=5516.0 > 105.0), LIW 299.0 -> 149.5
a100-llm-02:1015438:1015634 [0] NCCL INFO AIMD[251]: Congestion (RTT=7046.0 > 96.0), LIW 299.0 -> 149.5
a100-llm-02:1015438:1015634 [0] NCCL INFO AIMD[265]: Congestion (RTT=1061.0 > 105.0), LIW 236.0 -> 118.0
a100-llm-02:1015438:1015634 [0] NCCL INFO AIMD[265]: Congestion (RTT=1056.0 > 108.0), LIW 153.0 -> 76.5
a100-llm-02:1015438:1015634 [0] NCCL INFO AIMD[266]: Congestion (RTT=5515.0 > 108.0), LIW 293.0 -> 146.5
a100-llm-02:1015438:1015634 [0] NCCL INFO AIMD[265]: Congestion (RTT=871.0 > 105.0), LIW 298.0 -> 149.0
a100-llm-02:1015438:1015634 [0] NCCL INFO AIMD[271]: Congestion (RTT=10601.0 > 117.0), LIW 282.0 -> 141.0
a100-llm-02:1015438:1015634 [0] NCCL INFO AIMD[269]: Congestion (RTT=6410.8 > 105.0), LIW 282.0 -> 141.0
a100-llm-02:1015438:1015633 [0] NCCL INFO AIMD[276]: Congestion (RTT=2144.0 > 108.0), LIW 172.0 -> 86.0
a100-llm-02:1015438:1015634 [0] NCCL INFO AIMD[279]: Congestion (RTT=881.0 > 123.0), LIW 294.0 -> 147.0
a100-llm-02:1015438:1015634 [0] NCCL INFO AIMD[279]: Congestion (RTT=1115.0 > 123.0), LIW 294.0 -> 147.0
a100-llm-02:1015438:1015634 [0] NCCL INFO AIMD[279]: Congestion (RTT=1170.0 > 105.0), LIW 294.0 -> 147.0
a100-llm-02:1015438:1015634 [0] NCCL INFO AIMD[279]: Congestion (RTT=8717.0 > 108.0), LIW 298.0 -> 149.0
a100-llm-02:1015438:1015634 [0] NCCL INFO AIMD[279]: Congestion (RTT=6439.6 > 105.0), LIW 299.0 -> 149.5
a100-llm-02:1015438:1015634 [0] NCCL INFO AIMD[293]: Congestion (RTT=10047.7 > 99.0), LIW 280.0 -> 140.0
a100-llm-02:1015438:1015631 [0] NCCL INFO AIMD[293]: Congestion (RTT=2146.0 > 102.0), LIW 287.0 -> 143.5
a100-llm-02:1015438:1015634 [0] NCCL INFO AIMD[310]: Congestion (RTT=5516.0 > 105.0), LIW 299.0 -> 149.5
a100-llm-02:1015438:1015634 [0] NCCL INFO AIMD[307]: Congestion (RTT=10738.3 > 96.0), LIW 299.0 -> 149.5
a100-llm-02:1015438:1015631 [0] NCCL INFO AIMD[307]: Congestion (RTT=1061.0 > 105.0), LIW 299.0 -> 149.5
a100-llm-02:1015438:1015631 [0] NCCL INFO AIMD[307]: Congestion (RTT=1056.0 > 108.0), LIW 299.0 -> 149.5
a100-llm-02:1015438:1015634 [0] NCCL INFO AIMD[309]: Congestion (RTT=5515.0 > 108.0), LIW 299.0 -> 149.5
a100-llm-02:1015438:1015634 [0] NCCL INFO AIMD[308]: Congestion (RTT=871.0 > 105.0), LIW 299.0 -> 149.5
a100-llm-02:1015438:1015635 [0] NCCL INFO AIMD[315]: Congestion (RTT=10601.0 > 117.0), LIW 172.0 -> 86.0
a100-llm-02:1015438:1015634 [0] NCCL INFO AIMD[319]: Congestion (RTT=6412.0 > 105.0), LIW 243.0 -> 121.5
a100-llm-02:1015438:1015635 [0] NCCL INFO AIMD[321]: Congestion (RTT=2144.0 > 108.0), LIW 296.0 -> 148.0
a100-llm-02:1015438:1015634 [0] NCCL INFO AIMD[321]: Congestion (RTT=8717.0 > 108.0), LIW 299.0 -> 149.5
a100-llm-02:1015438:1015634 [0] NCCL INFO AIMD[321]: Congestion (RTT=881.0 > 123.0), LIW 299.0 -> 149.5
a100-llm-02:1015438:1015634 [0] NCCL INFO AIMD[321]: Congestion (RTT=1115.0 > 123.0), LIW 299.0 -> 149.5
a100-llm-02:1015438:1015634 [0] NCCL INFO AIMD[321]: Congestion (RTT=1170.0 > 105.0), LIW 299.0 -> 149.5
a100-llm-02:1015438:1015635 [0] NCCL INFO AIMD[321]: Congestion (RTT=6440.0 > 105.0), LIW 299.0 -> 149.5
a100-llm-02:1015438:1015628 [0] NCCL INFO AIMD[335]: Congestion (RTT=10745.0 > 99.0), LIW 120.0 -> 60.0
a100-llm-02:1015438:1015628 [0] NCCL INFO AIMD[336]: Congestion (RTT=2146.0 > 102.0), LIW 294.0 -> 147.0
a100-llm-02:1015438:1015634 [0] NCCL INFO AIMD[363]: Congestion (RTT=10740.0 > 96.0), LIW 298.0 -> 149.0
a100-llm-02:1015438:1015629 [0] NCCL INFO AIMD[367]: Congestion (RTT=17030.1 > 105.0), LIW 299.0 -> 149.5
a100-llm-02:1015438:1015629 [0] NCCL INFO AIMD[364]: Congestion (RTT=871.0 > 105.0), LIW 260.0 -> 130.0
a100-llm-02:1015438:1015629 [0] NCCL INFO AIMD[364]: Congestion (RTT=3077.7 > 105.0), LIW 172.0 -> 86.0
a100-llm-02:1015438:1015629 [0] NCCL INFO AIMD[364]: Congestion (RTT=3072.7 > 108.0), LIW 172.0 -> 86.0
a100-llm-02:1015438:1015629 [0] NCCL INFO AIMD[367]: Congestion (RTT=5515.0 > 108.0), LIW 299.0 -> 149.5
a100-llm-02:1015438:1015634 [0] NCCL INFO AIMD[377]: Congestion (RTT=6412.0 > 105.0), LIW 243.0 -> 121.5
a100-llm-02:1015438:1015629 [0] NCCL INFO AIMD[377]: Congestion (RTT=10601.0 > 117.0), LIW 299.0 -> 149.5
a100-llm-02:1015438:1015629 [0] NCCL INFO AIMD[377]: Congestion (RTT=881.0 > 123.0), LIW 299.0 -> 149.5
a100-llm-02:1015438:1015629 [0] NCCL INFO AIMD[377]: Congestion (RTT=2144.0 > 108.0), LIW 299.0 -> 149.5
a100-llm-02:1015438:1015629 [0] NCCL INFO AIMD[377]: Congestion (RTT=8717.0 > 108.0), LIW 299.0 -> 149.5
a100-llm-02:1015438:1015629 [0] NCCL INFO AIMD[377]: Congestion (RTT=1115.0 > 123.0), LIW 299.0 -> 149.5
a100-llm-02:1015438:1015634 [0] NCCL INFO AIMD[377]: Congestion (RTT=6440.0 > 105.0), LIW 299.0 -> 149.5
a100-llm-02:1015438:1015629 [0] NCCL INFO AIMD[377]: Congestion (RTT=1170.0 > 105.0), LIW 299.0 -> 149.5
a100-llm-02:1015438:1015633 [0] NCCL INFO AIMD[377]: Congestion (RTT=10745.0 > 99.0), LIW 299.0 -> 149.5
a100-llm-02:1015438:1015633 [0] NCCL INFO AIMD[380]: Congestion (RTT=2146.0 > 102.0), LIW 299.0 -> 149.5
a100-llm-02:1015438:1015634 [0] NCCL INFO AIMD[391]: Congestion (RTT=10740.0 > 96.0), LIW 299.0 -> 149.5
a100-llm-02:1015438:1015629 [0] NCCL INFO AIMD[393]: Congestion (RTT=17031.0 > 105.0), LIW 299.0 -> 149.5
a100-llm-02:1015438:1015632 [0] NCCL INFO AIMD[391]: Congestion (RTT=3760.0 > 108.0), LIW 290.0 -> 145.0
a100-llm-02:1015438:1015634 [0] NCCL INFO AIMD[392]: Congestion (RTT=871.0 > 105.0), LIW 299.0 -> 149.5
a100-llm-02:1015438:1015634 [0] NCCL INFO AIMD[391]: Congestion (RTT=3765.0 > 105.0), LIW 293.0 -> 146.5
a100-llm-02:1015438:1015628 [0] NCCL INFO AIMD[393]: Congestion (RTT=6495.9 > 108.0), LIW 299.0 -> 149.5
a100-llm-02:1015438:1015634 [0] NCCL INFO AIMD[395]: Congestion (RTT=10601.0 > 117.0), LIW 290.0 -> 145.0
a100-llm-02:1015438:1015634 [0] NCCL INFO AIMD[393]: Congestion (RTT=6412.0 > 105.0), LIW 298.0 -> 149.0
a100-llm-02:1015438:1015635 [0] NCCL INFO AIMD[398]: Congestion (RTT=2144.0 > 108.0), LIW 255.0 -> 127.5
a100-llm-02:1015438:1015631 [0] NCCL INFO AIMD[404]: Congestion (RTT=881.0 > 123.0), LIW 299.0 -> 149.5
a100-llm-02:1015438:1015633 [0] NCCL INFO AIMD[406]: Congestion (RTT=8717.0 > 108.0), LIW 299.0 -> 149.5
a100-llm-02:1015438:1015633 [0] NCCL INFO AIMD[405]: Congestion (RTT=1170.0 > 105.0), LIW 147.0 -> 73.5
a100-llm-02:1015438:1015630 [0] NCCL INFO AIMD[405]: Congestion (RTT=6440.0 > 105.0), LIW 254.0 -> 127.0
a100-llm-02:1015438:1015632 [0] NCCL INFO AIMD[405]: Congestion (RTT=1115.0 > 123.0), LIW 298.0 -> 149.0
a100-llm-02:1015438:1015632 [0] NCCL INFO AIMD[420]: Congestion (RTT=2146.0 > 102.0), LIW 289.0 -> 144.5
a100-llm-02:1015438:1015635 [0] NCCL INFO AIMD[419]: Congestion (RTT=10745.0 > 99.0), LIW 291.0 -> 145.5
a100-llm-02:1015438:1015634 [0] NCCL INFO AIMD[447]: Congestion (RTT=10740.0 > 96.0), LIW 204.0 -> 102.0
a100-llm-02:1015438:1015634 [0] NCCL INFO AIMD[447]: Congestion (RTT=3976.5 > 105.0), LIW 16.0 -> 16.0
a100-llm-02:1015438:1015634 [0] NCCL INFO AIMD[447]: Congestion (RTT=3974.5 > 108.0), LIW 16.0 -> 16.0
a100-llm-02:1015438:1015634 [0] NCCL INFO AIMD[447]: Congestion (RTT=871.0 > 105.0), LIW 270.0 -> 135.0
a100-llm-02:1015438:1015634 [0] NCCL INFO AIMD[451]: Congestion (RTT=17031.0 > 105.0), LIW 299.0 -> 149.5
a100-llm-02:1015438:1015634 [0] NCCL INFO AIMD[452]: Congestion (RTT=6501.0 > 108.0), LIW 299.0 -> 149.5
a100-llm-02:1015438:1015634 [0] NCCL INFO AIMD[449]: Congestion (RTT=9018.4 > 105.0), LIW 299.0 -> 149.5
a100-llm-02:1015438:1015634 [0] NCCL INFO AIMD[450]: Congestion (RTT=2144.0 > 108.0), LIW 299.0 -> 149.5
a100-llm-02:1015438:1015634 [0] NCCL INFO AIMD[451]: Congestion (RTT=10601.0 > 117.0), LIW 299.0 -> 149.5
a100-llm-02:1015438:1015634 [0] NCCL INFO AIMD[453]: Congestion (RTT=881.0 > 123.0), LIW 297.0 -> 148.5
a100-llm-02:1015438:1015634 [0] NCCL INFO AIMD[461]: Congestion (RTT=1170.0 > 105.0), LIW 296.0 -> 148.0
a100-llm-02:1015438:1015634 [0] NCCL INFO AIMD[461]: Congestion (RTT=8717.0 > 108.0), LIW 299.0 -> 149.5
a100-llm-02:1015438:1015634 [0] NCCL INFO AIMD[461]: Congestion (RTT=9072.8 > 105.0), LIW 299.0 -> 149.5
a100-llm-02:1015438:1015634 [0] NCCL INFO AIMD[461]: Congestion (RTT=1115.0 > 123.0), LIW 299.0 -> 149.5
a100-llm-02:1015438:1015634 [0] NCCL INFO AIMD[466]: Congestion (RTT=2146.0 > 102.0), LIW 299.0 -> 149.5
a100-llm-02:1015438:1015630 [0] NCCL INFO AIMD[469]: Congestion (RTT=10745.0 > 99.0), LIW 218.0 -> 109.0
[AIMD] FinalizeChunkRTT: cc=0x7f4930001000 slot=485 inflight_before=1
a100-llm-02:1015438:1015630 [0] NCCL INFO AIMD[489]: Congestion (RTT=10740.0 > 96.0), LIW 298.0 -> 149.0
a100-llm-02:1015438:1015630 [0] NCCL INFO AIMD[489]: Congestion (RTT=6650.2 > 105.0), LIW 299.0 -> 149.5
a100-llm-02:1015438:1015630 [0] NCCL INFO AIMD[489]: Congestion (RTT=3983.0 > 108.0), LIW 299.0 -> 149.5
a100-llm-02:1015438:1015630 [0] NCCL INFO AIMD[489]: Congestion (RTT=3984.0 > 105.0), LIW 299.0 -> 149.5
a100-llm-02:1015438:1015630 [0] NCCL INFO AIMD[497]: Congestion (RTT=17031.0 > 105.0), LIW 299.0 -> 149.5
a100-llm-02:1015438:1015630 [0] NCCL INFO AIMD[503]: Congestion (RTT=7981.1 > 108.0), LIW 221.0 -> 110.5
a100-llm-02:1015438:1015630 [0] NCCL INFO AIMD[503]: Congestion (RTT=9093.0 > 105.0), LIW 299.0 -> 149.5
a100-llm-02:1015438:1015630 [0] NCCL INFO AIMD[503]: Congestion (RTT=6683.6 > 123.0), LIW 299.0 -> 149.5
a100-llm-02:1015438:1015630 [0] NCCL INFO AIMD[506]: Congestion (RTT=8025.1 > 108.0), LIW 299.0 -> 149.5
a100-llm-02:1015438:1015630 [0] NCCL INFO AIMD[505]: Congestion (RTT=10601.0 > 117.0), LIW 299.0 -> 149.5
a100-llm-02:1015438:1015630 [0] NCCL INFO AIMD[503]: Congestion (RTT=1170.0 > 105.0), LIW 299.0 -> 149.5
a100-llm-02:1015438:1015628 [0] NCCL INFO AIMD[504]: Congestion (RTT=9096.0 > 105.0), LIW 291.0 -> 145.5
a100-llm-02:1015438:1015630 [0] NCCL INFO AIMD[506]: Congestion (RTT=8717.0 > 108.0), LIW 299.0 -> 149.5
a100-llm-02:1015438:1015630 [0] NCCL INFO AIMD[504]: Congestion (RTT=1115.0 > 123.0), LIW 299.0 -> 149.5
a100-llm-02:1015438:1015630 [0] NCCL INFO AIMD[517]: Congestion (RTT=7997.6 > 102.0), LIW 299.0 -> 149.5
a100-llm-02:1015438:1015630 [0] NCCL INFO AIMD[517]: Congestion (RTT=10745.0 > 99.0), LIW 299.0 -> 149.5
a100-llm-02:1015438:1015629 [0] NCCL INFO AIMD[531]: Congestion (RTT=10740.0 > 96.0), LIW 299.0 -> 149.5
a100-llm-02:1015438:1015629 [0] NCCL INFO AIMD[532]: Congestion (RTT=6696.0 > 105.0), LIW 181.0 -> 90.5
a100-llm-02:1015438:1015629 [0] NCCL INFO AIMD[531]: Congestion (RTT=3983.0 > 108.0), LIW 299.0 -> 149.5
a100-llm-02:1015438:1015629 [0] NCCL INFO AIMD[531]: Congestion (RTT=3984.0 > 105.0), LIW 299.0 -> 149.5
a100-llm-02:1015438:1015634 [0] NCCL INFO AIMD[536]: Congestion (RTT=17031.0 > 105.0), LIW 299.0 -> 149.5
a100-llm-02:1015438:1015634 [0] NCCL INFO AIMD[542]: Congestion (RTT=9093.0 > 105.0), LIW 299.0 -> 149.5
a100-llm-02:1015438:1015634 [0] NCCL INFO AIMD[545]: Congestion (RTT=6693.0 > 123.0), LIW 299.0 -> 149.5
a100-llm-02:1015438:1015634 [0] NCCL INFO AIMD[545]: Congestion (RTT=8026.0 > 108.0), LIW 299.0 -> 149.5
a100-llm-02:1015438:1015631 [0] NCCL INFO AIMD[543]: Congestion (RTT=8005.0 > 108.0), LIW 299.0 -> 149.5
a100-llm-02:1015438:1015632 [0] NCCL INFO AIMD[547]: Congestion (RTT=10601.0 > 117.0), LIW 145.0 -> 72.5
a100-llm-02:1015438:1015631 [0] NCCL INFO AIMD[545]: Congestion (RTT=1170.0 > 105.0), LIW 283.0 -> 141.5
a100-llm-02:1015438:1015631 [0] NCCL INFO AIMD[546]: Congestion (RTT=9096.0 > 105.0), LIW 279.0 -> 139.5
a100-llm-02:1015438:1015631 [0] NCCL INFO AIMD[549]: Congestion (RTT=8717.0 > 108.0), LIW 139.0 -> 69.5
a100-llm-02:1015438:1015628 [0] NCCL INFO AIMD[547]: Congestion (RTT=1115.0 > 123.0), LIW 296.0 -> 148.0
a100-llm-02:1015438:1015633 [0] NCCL INFO AIMD[561]: Congestion (RTT=7999.0 > 102.0), LIW 102.0 -> 51.0
a100-llm-02:1015438:1015629 [0] NCCL INFO AIMD[559]: Congestion (RTT=10745.0 > 99.0), LIW 293.0 -> 146.5
a100-llm-02:1015438:1015633 [0] NCCL INFO AIMD[573]: Congestion (RTT=10740.0 > 96.0), LIW 296.0 -> 148.0
a100-llm-02:1015438:1015632 [0] NCCL INFO AIMD[573]: Congestion (RTT=6696.0 > 105.0), LIW 299.0 -> 149.5
a100-llm-02:1015438:1015632 [0] NCCL INFO AIMD[573]: Congestion (RTT=3983.0 > 108.0), LIW 299.0 -> 149.5
a100-llm-02:1015438:1015632 [0] NCCL INFO AIMD[573]: Congestion (RTT=3984.0 > 105.0), LIW 299.0 -> 149.5
a100-llm-02:1015438:1015629 [0] NCCL INFO AIMD[575]: Congestion (RTT=9093.0 > 105.0), LIW 299.0 -> 149.5
a100-llm-02:1015438:1015632 [0] NCCL INFO AIMD[576]: Congestion (RTT=8005.0 > 108.0), LIW 299.0 -> 149.5
a100-llm-02:1015438:1015630 [0] NCCL INFO AIMD[574]: Congestion (RTT=6693.0 > 123.0), LIW 299.0 -> 149.5
a100-llm-02:1015438:1015630 [0] NCCL INFO AIMD[578]: Congestion (RTT=1170.0 > 105.0), LIW 283.0 -> 141.5
a100-llm-02:1015438:1015632 [0] NCCL INFO AIMD[578]: Congestion (RTT=17031.0 > 105.0), LIW 299.0 -> 149.5
a100-llm-02:1015438:1015633 [0] NCCL INFO AIMD[578]: Congestion (RTT=8026.0 > 108.0), LIW 284.0 -> 142.0
a100-llm-02:1015438:1015631 [0] NCCL INFO AIMD[583]: Congestion (RTT=9096.0 > 105.0), LIW 297.0 -> 148.5
a100-llm-02:1015438:1015628 [0] NCCL INFO AIMD[587]: Congestion (RTT=8717.0 > 108.0), LIW 180.0 -> 90.0
a100-llm-02:1015438:1015633 [0] NCCL INFO AIMD[587]: Congestion (RTT=10601.0 > 117.0), LIW 237.0 -> 118.5
a100-llm-02:1015438:1015630 [0] NCCL INFO AIMD[587]: Congestion (RTT=1115.0 > 123.0), LIW 299.0 -> 149.5
a100-llm-02:1015438:1015630 [0] NCCL INFO AIMD[590]: Congestion (RTT=7999.0 > 102.0), LIW 232.0 -> 116.0
a100-llm-02:1015438:1015632 [0] NCCL INFO AIMD[587]: Congestion (RTT=10745.0 > 99.0), LIW 279.0 -> 139.5
a100-llm-02:1015438:1015635 [0] NCCL INFO AIMD[618]: Congestion (RTT=10740.0 > 96.0), LIW 299.0 -> 149.5
a100-llm-02:1015438:1015635 [0] NCCL INFO AIMD[626]: Congestion (RTT=6696.0 > 105.0), LIW 299.0 -> 149.5
a100-llm-02:1015438:1015635 [0] NCCL INFO AIMD[629]: Congestion (RTT=3983.0 > 108.0), LIW 299.0 -> 149.5
a100-llm-02:1015438:1015635 [0] NCCL INFO AIMD[629]: Congestion (RTT=3984.0 > 105.0), LIW 299.0 -> 149.5
a100-llm-02:1015438:1015634 [0] NCCL INFO AIMD[642]: Congestion (RTT=8005.0 > 108.0), LIW 232.0 -> 116.0
a100-llm-02:1015438:1015630 [0] NCCL INFO AIMD[643]: Congestion (RTT=6693.0 > 123.0), LIW 298.0 -> 149.0
a100-llm-02:1015438:1015635 [0] NCCL INFO AIMD[643]: Congestion (RTT=9093.0 > 105.0), LIW 149.0 -> 74.5
a100-llm-02:1015438:1015633 [0] NCCL INFO AIMD[643]: Congestion (RTT=1170.0 > 105.0), LIW 296.0 -> 148.0
a100-llm-02:1015438:1015633 [0] NCCL INFO AIMD[644]: Congestion (RTT=17031.0 > 105.0), LIW 299.0 -> 149.5
a100-llm-02:1015438:1015634 [0] NCCL INFO AIMD[643]: Congestion (RTT=8717.0 > 108.0), LIW 294.0 -> 147.0
a100-llm-02:1015438:1015632 [0] NCCL INFO AIMD[643]: Congestion (RTT=9096.0 > 105.0), LIW 292.0 -> 146.0
a100-llm-02:1015438:1015631 [0] NCCL INFO AIMD[645]: Congestion (RTT=8026.0 > 108.0), LIW 299.0 -> 149.5
a100-llm-02:1015438:1015631 [0] NCCL INFO AIMD[648]: Congestion (RTT=10601.0 > 117.0), LIW 149.0 -> 74.5
a100-llm-02:1015438:1015633 [0] NCCL INFO AIMD[644]: Congestion (RTT=1115.0 > 123.0), LIW 276.0 -> 138.0
a100-llm-02:1015438:1015634 [0] NCCL INFO AIMD[647]: Congestion (RTT=7999.0 > 102.0), LIW 139.0 -> 69.5
a100-llm-02:1015438:1015631 [0] NCCL INFO AIMD[657]: Congestion (RTT=10745.0 > 99.0), LIW 250.0 -> 125.0
a100-llm-02:1015438:1015635 [0] NCCL INFO AIMD[671]: Congestion (RTT=10740.0 > 96.0), LIW 299.0 -> 149.5
a100-llm-02:1015438:1015629 [0] NCCL INFO AIMD[672]: Congestion (RTT=3983.0 > 108.0), LIW 299.0 -> 149.5
a100-llm-02:1015438:1015634 [0] NCCL INFO AIMD[680]: Congestion (RTT=6696.0 > 105.0), LIW 254.0 -> 127.0
a100-llm-02:1015438:1015628 [0] NCCL INFO AIMD[679]: Congestion (RTT=3984.0 > 105.0), LIW 298.0 -> 149.0
a100-llm-02:1015438:1015628 [0] NCCL INFO AIMD[695]: Congestion (RTT=1170.0 > 105.0), LIW 299.0 -> 149.5
a100-llm-02:1015438:1015628 [0] NCCL INFO AIMD[698]: Congestion (RTT=8005.0 > 108.0), LIW 299.0 -> 149.5
warmup done.
a100-llm-02:1015438:1015628 [0] NCCL INFO AIMD[699]: Congestion (RTT=9093.0 > 105.0), LIW 299.0 -> 149.5
a100-llm-02:1015438:1015628 [0] NCCL INFO AIMD[699]: Congestion (RTT=6693.0 > 123.0), LIW 299.0 -> 149.5
a100-llm-02:1015438:1015628 [0] NCCL INFO AIMD[699]: Congestion (RTT=9096.0 > 105.0), LIW 299.0 -> 149.5
a100-llm-02:1015438:1015628 [0] NCCL INFO AIMD[699]: Congestion (RTT=8717.0 > 108.0), LIW 299.0 -> 149.5
a100-llm-02:1015438:1015628 [0] NCCL INFO AIMD[700]: Congestion (RTT=1115.0 > 123.0), LIW 299.0 -> 149.5
a100-llm-02:1015438:1015628 [0] NCCL INFO AIMD[704]: Congestion (RTT=17031.0 > 105.0), LIW 299.0 -> 149.5
a100-llm-02:1015438:1015628 [0] NCCL INFO AIMD[704]: Congestion (RTT=8026.0 > 108.0), LIW 299.0 -> 149.5
a100-llm-02:1015438:1015628 [0] NCCL INFO AIMD[704]: Congestion (RTT=10601.0 > 117.0), LIW 299.0 -> 149.5
a100-llm-02:1015438:1015628 [0] NCCL INFO AIMD[703]: Congestion (RTT=7999.0 > 102.0), LIW 299.0 -> 149.5
a100-llm-02:1015438:1015628 [0] NCCL INFO AIMD[713]: Congestion (RTT=10745.0 > 99.0), LIW 299.0 -> 149.5
a100-llm-02:1015438:1015635 [0] NCCL INFO AIMD[723]: Congestion (RTT=10740.0 > 96.0), LIW 226.0 -> 113.0
a100-llm-02:1015438:1015629 [0] NCCL INFO AIMD[729]: Congestion (RTT=6696.0 > 105.0), LIW 299.0 -> 149.5
a100-llm-02:1015438:1015632 [0] NCCL INFO AIMD[728]: Congestion (RTT=3983.0 > 108.0), LIW 299.0 -> 149.5
a100-llm-02:1015438:1015631 [0] NCCL INFO AIMD[735]: Congestion (RTT=3984.0 > 105.0), LIW 255.0 -> 127.5
a100-llm-02:1015438:1015633 [0] NCCL INFO AIMD[742]: Congestion (RTT=1170.0 > 105.0), LIW 138.0 -> 69.0
a100-llm-02:1015438:1015633 [0] NCCL INFO AIMD[755]: Congestion (RTT=9093.0 > 105.0), LIW 299.0 -> 149.5
