a100-llm-02:1539467:1539585 [4] NCCL INFO New proxy recv connection 0 from local rank 0, transport 2
a100-llm-02:1539467:1539583 [3] NCCL INFO New proxy recv connection 1 from local rank 0, transport 2
a100-llm-02:1539467:1539601 [3] NCCL INFO Connected to proxy localRank 0 -> connection 0x7fb334001118
a100-llm-02:1539467:1539601 [3] NCCL INFO Channel 01/0 : 2[2] -> 3[3] [receive] via NET/IB/10/GDRDMA
a100-llm-02:1539467:1539601 [3] NCCL INFO GPU Direct RDMA Enabled for GPU/0-1028192 (rank 3) - NET/0-10 (distance 5 <= 6, read 1, mode Default)
a100-llm-02:1539467:1539583 [3] NCCL INFO New proxy send connection 2 from local rank 0, transport 2
a100-llm-02:1539467:1539597 [7] NCCL INFO Connected to proxy localRank 0 -> connection 0x7fb344000d10
a100-llm-02:1539467:1539601 [3] NCCL INFO Connected to proxy localRank 0 -> connection 0x7fb334001190
a100-llm-02:1539467:1539581 [2] NCCL INFO New proxy recv connection 0 from local rank 0, transport 2
a100-llm-02:1539467:1539600 [4] NCCL INFO Connected to proxy localRank 0 -> connection 0x7fb360000d10
a100-llm-02:1539467:1539601 [3] NCCL INFO Channel 00/0 : 3[3] -> 4[4] [send] via NET/IB/10/GDRDMA
a100-llm-02:1539467:1539601 [3] NCCL INFO GPU Direct RDMA Enabled for GPU/0-1028192 (rank 3) - NET/0-10 (distance 5 <= 6, read 1, mode Default)
a100-llm-02:1539467:1539600 [4] NCCL INFO Channel 00/0 : 3[3] -> 4[4] [receive] via NET/IB/11/GDRDMA
a100-llm-02:1539467:1539600 [4] NCCL INFO GPU Direct RDMA Enabled for GPU/0-1036368 (rank 4) - NET/0-11 (distance 5 <= 6, read 0, mode Default)
a100-llm-02:1539467:1539585 [4] NCCL INFO New proxy recv connection 1 from local rank 0, transport 2
a100-llm-02:1539467:1539600 [4] NCCL INFO Connected to proxy localRank 0 -> connection 0x7fb360000d88
a100-llm-02:1539467:1539600 [4] NCCL INFO Channel 01/0 : 3[3] -> 4[4] [receive] via NET/IB/11/GDRDMA
a100-llm-02:1539467:1539600 [4] NCCL INFO GPU Direct RDMA Enabled for GPU/0-1036368 (rank 4) - NET/0-11 (distance 5 <= 6, read 1, mode Default)
a100-llm-02:1539467:1539585 [4] NCCL INFO New proxy send connection 2 from local rank 0, transport 2
a100-llm-02:1539467:1539600 [4] NCCL INFO Connected to proxy localRank 0 -> connection 0x7fb360000e00
a100-llm-02:1539467:1539600 [4] NCCL INFO Channel 00/0 : 4[4] -> 5[5] [send] via NET/IB/11/GDRDMA
a100-llm-02:1539467:1539600 [4] NCCL INFO GPU Direct RDMA Enabled for GPU/0-1036368 (rank 4) - NET/0-11 (distance 5 <= 6, read 1, mode Default)
a100-llm-02:1539467:1539585 [4] NCCL INFO New proxy send connection 3 from local rank 0, transport 2
a100-llm-02:1539467:1539600 [4] NCCL INFO Connected to proxy localRank 0 -> connection 0x7fb360000e78
a100-llm-02:1539467:1539600 [4] NCCL INFO Channel 01/0 : 4[4] -> 5[5] [send] via NET/IB/11/GDRDMA
a100-llm-02:1539467:1539583 [3] NCCL INFO New proxy send connection 3 from local rank 0, transport 2
a100-llm-02:1539467:1539597 [7] NCCL INFO Channel 00/0 : 6[6] -> 7[7] [receive] via NET/IB/12/GDRDMA
a100-llm-02:1539467:1539597 [7] NCCL INFO GPU Direct RDMA Enabled for GPU/0-1044576 (rank 7) - NET/0-12 (distance 5 <= 6, read 0, mode Default)
a100-llm-02:1539467:1539595 [1] NCCL INFO New proxy recv connection 0 from local rank 0, transport 2
a100-llm-02:1539467:1539589 [7] NCCL INFO New proxy recv connection 1 from local rank 0, transport 2
a100-llm-02:1539467:1539601 [3] NCCL INFO Connected to proxy localRank 0 -> connection 0x7fb334001208
a100-llm-02:1539467:1539597 [7] NCCL INFO Connected to proxy localRank 0 -> connection 0x7fb344000d88
a100-llm-02:1539467:1539587 [5] NCCL INFO New proxy recv connection 0 from local rank 0, transport 2
a100-llm-02:1539467:1539601 [3] NCCL INFO Channel 01/0 : 3[3] -> 4[4] [send] via NET/IB/10/GDRDMA
a100-llm-02:1539467:1539597 [7] NCCL INFO Channel 01/0 : 6[6] -> 7[7] [receive] via NET/IB/12/GDRDMA
a100-llm-02:1539467:1539597 [7] NCCL INFO GPU Direct RDMA Enabled for GPU/0-1044576 (rank 7) - NET/0-12 (distance 5 <= 6, read 1, mode Default)
a100-llm-02:1539467:1539591 [6] NCCL INFO New proxy recv connection 0 from local rank 0, transport 2
a100-llm-02:1539467:1539589 [7] NCCL INFO New proxy send connection 2 from local rank 0, transport 2
a100-llm-02:1539467:1539599 [5] NCCL INFO Connected to proxy localRank 0 -> connection 0x7fb334004db0
a100-llm-02:1539467:1539602 [2] NCCL INFO Connected to proxy localRank 0 -> connection 0x7fb48bfa22f0
a100-llm-02:1539467:1539602 [2] NCCL INFO Channel 00/0 : 1[1] -> 2[2] [receive] via NET/IB/10/GDRDMA
a100-llm-02:1539467:1539602 [2] NCCL INFO GPU Direct RDMA Enabled for GPU/0-1028176 (rank 2) - NET/0-10 (distance 5 <= 6, read 0, mode Default)
a100-llm-02:1539467:1539599 [5] NCCL INFO Channel 00/0 : 4[4] -> 5[5] [receive] via NET/IB/11/GDRDMA
a100-llm-02:1539467:1539599 [5] NCCL INFO GPU Direct RDMA Enabled for GPU/0-1036384 (rank 5) - NET/0-11 (distance 5 <= 6, read 0, mode Default)
a100-llm-02:1539467:1539587 [5] NCCL INFO New proxy recv connection 1 from local rank 0, transport 2
a100-llm-02:1539467:1539597 [7] NCCL INFO Connected to proxy localRank 0 -> connection 0x7fb344000e00
a100-llm-02:1539467:1539599 [5] NCCL INFO Connected to proxy localRank 0 -> connection 0x7fb334004e28
a100-llm-02:1539467:1539581 [2] NCCL INFO New proxy recv connection 1 from local rank 0, transport 2
a100-llm-02:1539467:1539597 [7] NCCL INFO Channel 00/0 : 7[7] -> 0[0] [send] via NET/IB/12/GDRDMA
a100-llm-02:1539467:1539597 [7] NCCL INFO GPU Direct RDMA Enabled for GPU/0-1044576 (rank 7) - NET/0-12 (distance 5 <= 6, read 1, mode Default)
a100-llm-02:1539467:1539589 [7] NCCL INFO New proxy send connection 3 from local rank 0, transport 2
a100-llm-02:1539467:1539598 [6] NCCL INFO Connected to proxy localRank 0 -> connection 0x7fb348000d10
a100-llm-02:1539467:1539599 [5] NCCL INFO Channel 01/0 : 4[4] -> 5[5] [receive] via NET/IB/11/GDRDMA
a100-llm-02:1539467:1539599 [5] NCCL INFO GPU Direct RDMA Enabled for GPU/0-1036384 (rank 5) - NET/0-11 (distance 5 <= 6, read 1, mode Default)
a100-llm-02:1539467:1539587 [5] NCCL INFO New proxy send connection 2 from local rank 0, transport 2
a100-llm-02:1539467:1539598 [6] NCCL INFO Channel 00/0 : 5[5] -> 6[6] [receive] via NET/IB/12/GDRDMA
a100-llm-02:1539467:1539598 [6] NCCL INFO GPU Direct RDMA Enabled for GPU/0-1044560 (rank 6) - NET/0-12 (distance 5 <= 6, read 0, mode Default)
a100-llm-02:1539467:1539593 [0] NCCL INFO New proxy recv connection 0 from local rank 0, transport 2
a100-llm-02:1539467:1539591 [6] NCCL INFO New proxy recv connection 1 from local rank 0, transport 2
a100-llm-02:1539467:1539598 [6] NCCL INFO Connected to proxy localRank 0 -> connection 0x7fb348000d88
a100-llm-02:1539467:1539597 [7] NCCL INFO Connected to proxy localRank 0 -> connection 0x7fb344000e78
a100-llm-02:1539467:1539603 [1] NCCL INFO Connected to proxy localRank 0 -> connection 0x7fb330009e10
a100-llm-02:1539467:1539598 [6] NCCL INFO Channel 01/0 : 5[5] -> 6[6] [receive] via NET/IB/12/GDRDMA
a100-llm-02:1539467:1539598 [6] NCCL INFO GPU Direct RDMA Enabled for GPU/0-1044560 (rank 6) - NET/0-12 (distance 5 <= 6, read 1, mode Default)
a100-llm-02:1539467:1539591 [6] NCCL INFO New proxy send connection 2 from local rank 0, transport 2
a100-llm-02:1539467:1539598 [6] NCCL INFO Connected to proxy localRank 0 -> connection 0x7fb348000e00
a100-llm-02:1539467:1539598 [6] NCCL INFO Channel 00/0 : 6[6] -> 7[7] [send] via NET/IB/12/GDRDMA
a100-llm-02:1539467:1539598 [6] NCCL INFO GPU Direct RDMA Enabled for GPU/0-1044560 (rank 6) - NET/0-12 (distance 5 <= 6, read 1, mode Default)
a100-llm-02:1539467:1539591 [6] NCCL INFO New proxy send connection 3 from local rank 0, transport 2
a100-llm-02:1539467:1539598 [6] NCCL INFO Connected to proxy localRank 0 -> connection 0x7fb348000e78
a100-llm-02:1539467:1539598 [6] NCCL INFO Channel 01/0 : 6[6] -> 7[7] [send] via NET/IB/12/GDRDMA
a100-llm-02:1539467:1539599 [5] NCCL INFO Connected to proxy localRank 0 -> connection 0x7fb334004ea0
a100-llm-02:1539467:1539597 [7] NCCL INFO Channel 01/0 : 7[7] -> 0[0] [send] via NET/IB/12/GDRDMA
a100-llm-02:1539467:1539604 [0] NCCL INFO Connected to proxy localRank 0 -> connection 0x7fb33c000d10
a100-llm-02:1539467:1539599 [5] NCCL INFO Channel 00/0 : 5[5] -> 6[6] [send] via NET/IB/11/GDRDMA
a100-llm-02:1539467:1539599 [5] NCCL INFO GPU Direct RDMA Enabled for GPU/0-1036384 (rank 5) - NET/0-11 (distance 5 <= 6, read 1, mode Default)
a100-llm-02:1539467:1539587 [5] NCCL INFO New proxy send connection 3 from local rank 0, transport 2
a100-llm-02:1539467:1539599 [5] NCCL INFO Connected to proxy localRank 0 -> connection 0x7fb334004f18
a100-llm-02:1539467:1539602 [2] NCCL INFO Connected to proxy localRank 0 -> connection 0x7fb48bfa2368
a100-llm-02:1539467:1539604 [0] NCCL INFO Channel 00/0 : 7[7] -> 0[0] [receive] via NET/IB/9/GDRDMA
a100-llm-02:1539467:1539604 [0] NCCL INFO GPU Direct RDMA Enabled for GPU/0-1019984 (rank 0) - NET/0-9 (distance 5 <= 6, read 0, mode Default)
a100-llm-02:1539467:1539593 [0] NCCL INFO New proxy recv connection 1 from local rank 0, transport 2
a100-llm-02:1539467:1539604 [0] NCCL INFO Connected to proxy localRank 0 -> connection 0x7fb33c000d88
a100-llm-02:1539467:1539604 [0] NCCL INFO Channel 01/0 : 7[7] -> 0[0] [receive] via NET/IB/9/GDRDMA
a100-llm-02:1539467:1539604 [0] NCCL INFO GPU Direct RDMA Enabled for GPU/0-1019984 (rank 0) - NET/0-9 (distance 5 <= 6, read 1, mode Default)
a100-llm-02:1539467:1539593 [0] NCCL INFO New proxy send connection 2 from local rank 0, transport 2
a100-llm-02:1539467:1539604 [0] NCCL INFO Connected to proxy localRank 0 -> connection 0x7fb33c000e00
a100-llm-02:1539467:1539604 [0] NCCL INFO Channel 00/0 : 0[0] -> 1[1] [send] via NET/IB/9/GDRDMA
a100-llm-02:1539467:1539604 [0] NCCL INFO GPU Direct RDMA Enabled for GPU/0-1019984 (rank 0) - NET/0-9 (distance 5 <= 6, read 1, mode Default)
a100-llm-02:1539467:1539593 [0] NCCL INFO New proxy send connection 3 from local rank 0, transport 2
a100-llm-02:1539467:1539604 [0] NCCL INFO Connected to proxy localRank 0 -> connection 0x7fb33c000e78
a100-llm-02:1539467:1539604 [0] NCCL INFO Channel 01/0 : 0[0] -> 1[1] [send] via NET/IB/9/GDRDMA
a100-llm-02:1539467:1539599 [5] NCCL INFO Channel 01/0 : 5[5] -> 6[6] [send] via NET/IB/11/GDRDMA
a100-llm-02:1539467:1539603 [1] NCCL INFO Channel 00/0 : 0[0] -> 1[1] [receive] via NET/IB/9/GDRDMA
a100-llm-02:1539467:1539603 [1] NCCL INFO GPU Direct RDMA Enabled for GPU/0-1020000 (rank 1) - NET/0-9 (distance 5 <= 6, read 0, mode Default)
a100-llm-02:1539467:1539595 [1] NCCL INFO New proxy recv connection 1 from local rank 0, transport 2
a100-llm-02:1539467:1539602 [2] NCCL INFO Channel 01/0 : 1[1] -> 2[2] [receive] via NET/IB/10/GDRDMA
a100-llm-02:1539467:1539602 [2] NCCL INFO GPU Direct RDMA Enabled for GPU/0-1028176 (rank 2) - NET/0-10 (distance 5 <= 6, read 1, mode Default)
a100-llm-02:1539467:1539585 [4] NCCL INFO NET/IB: NCCL Dev 11 IbDev 5 Port 1 qpn 2332 mtu 5 GID 3 (0/5E0113C6FFFF0000) ctsFifoRkey=0xc8180 ctsFifoLkey=0xc8180
a100-llm-02:1539467:1539585 [4] NCCL INFO NET/IB: IbDev 5 Port 1 qpn 2332 query_ece={supported=1, vendor_id=0x15b3, options=0x30000000, comp_mask=0x0}
a100-llm-02:1539467:1539585 [4] NCCL INFO NET/IB: NCCL Dev 11 IbDev 6 Port 1 qpn 2076 mtu 5 GID 3 (0/AF0713C6FFFF0000) ctsFifoRkey=0x8c180 ctsFifoLkey=0x8c180
a100-llm-02:1539467:1539585 [4] NCCL INFO NET/IB: IbDev 6 Port 1 qpn 2076 query_ece={supported=1, vendor_id=0x15b3, options=0x30000000, comp_mask=0x0}
a100-llm-02:1539467:1539587 [5] NCCL INFO NET/IB: NCCL Dev 11 IbDev 5 Port 1 qpn 2333 mtu 5 GID 3 (0/5E0113C6FFFF0000) ctsFifoRkey=0xc2928 ctsFifoLkey=0xc2928
a100-llm-02:1539467:1539587 [5] NCCL INFO NET/IB: IbDev 5 Port 1 qpn 2333 query_ece={supported=1, vendor_id=0x15b3, options=0x30000000, comp_mask=0x0}
a100-llm-02:1539467:1539587 [5] NCCL INFO NET/IB: NCCL Dev 11 IbDev 6 Port 1 qpn 2077 mtu 5 GID 3 (0/AF0713C6FFFF0000) ctsFifoRkey=0x87837 ctsFifoLkey=0x87837
a100-llm-02:1539467:1539587 [5] NCCL INFO NET/IB: IbDev 6 Port 1 qpn 2077 query_ece={supported=1, vendor_id=0x15b3, options=0x30000000, comp_mask=0x0}
a100-llm-02:1539467:1539591 [6] NCCL INFO NET/IB: NCCL Dev 12 IbDev 7 Port 1 qpn 2332 mtu 5 GID 3 (0/455A13C6FFFF0000) ctsFifoRkey=0xcb7b6 ctsFifoLkey=0xcb7b6
a100-llm-02:1539467:1539591 [6] NCCL INFO NET/IB: IbDev 7 Port 1 qpn 2332 query_ece={supported=1, vendor_id=0x15b3, options=0x30000000, comp_mask=0x0}
a100-llm-02:1539467:1539581 [2] NCCL INFO New proxy send connection 2 from local rank 0, transport 2
a100-llm-02:1539467:1539603 [1] NCCL INFO Connected to proxy localRank 0 -> connection 0x7fb330009e88
a100-llm-02:1539467:1539591 [6] NCCL INFO NET/IB: NCCL Dev 12 IbDev 8 Port 1 qpn 2076 mtu 5 GID 3 (0/58B013C6FFFF0000) ctsFifoRkey=0x89254 ctsFifoLkey=0x89254
a100-llm-02:1539467:1539591 [6] NCCL INFO NET/IB: IbDev 8 Port 1 qpn 2076 query_ece={supported=1, vendor_id=0x15b3, options=0x30000000, comp_mask=0x0}
a100-llm-02:1539467:1539585 [4] NCCL INFO NET/IB: IbDev 5 Port 1 qpn 2332 set_ece={supported=1, vendor_id=0x15b3, options=0x30000000, comp_mask=0x0}
a100-llm-02:1539467:1539585 [4] NCCL INFO NET/IB: IbDev 6 Port 1 qpn 2076 set_ece={supported=1, vendor_id=0x15b3, options=0x30000000, comp_mask=0x0}
a100-llm-02:1539467:1539587 [5] NCCL INFO NET/IB: NCCL Dev 11 IbDev 5 Port 1 qpn 2336 mtu 5 GID 3 (0/5E0113C6FFFF0000) ctsFifoRkey=0xcb2b1 ctsFifoLkey=0xcb2b1
a100-llm-02:1539467:1539587 [5] NCCL INFO NET/IB: IbDev 5 Port 1 qpn 2336 query_ece={supported=1, vendor_id=0x15b3, options=0x30000000, comp_mask=0x0}
a100-llm-02:1539467:1539587 [5] NCCL INFO NET/IB: NCCL Dev 11 IbDev 6 Port 1 qpn 2080 mtu 5 GID 3 (0/AF0713C6FFFF0000) ctsFifoRkey=0x8efac ctsFifoLkey=0x8efac
a100-llm-02:1539467:1539587 [5] NCCL INFO NET/IB: IbDev 6 Port 1 qpn 2080 query_ece={supported=1, vendor_id=0x15b3, options=0x30000000, comp_mask=0x0}
a100-llm-02:1539467:1539587 [5] NCCL INFO NET/IB: IbDev 5 Port 1 qpn 2333 set_ece={supported=1, vendor_id=0x15b3, options=0x30000000, comp_mask=0x0}
a100-llm-02:1539467:1539587 [5] NCCL INFO NET/IB: IbDev 6 Port 1 qpn 2077 set_ece={supported=1, vendor_id=0x15b3, options=0x30000000, comp_mask=0x0}
a100-llm-02:1539467:1539591 [6] NCCL INFO NET/IB: NCCL Dev 12 IbDev 7 Port 1 qpn 2336 mtu 5 GID 3 (0/455A13C6FFFF0000) ctsFifoRkey=0xc9e9c ctsFifoLkey=0xc9e9c
a100-llm-02:1539467:1539591 [6] NCCL INFO NET/IB: IbDev 7 Port 1 qpn 2336 query_ece={supported=1, vendor_id=0x15b3, options=0x30000000, comp_mask=0x0}
a100-llm-02:1539467:1539591 [6] NCCL INFO NET/IB: NCCL Dev 12 IbDev 8 Port 1 qpn 2080 mtu 5 GID 3 (0/58B013C6FFFF0000) ctsFifoRkey=0x8ba78 ctsFifoLkey=0x8ba78
a100-llm-02:1539467:1539591 [6] NCCL INFO NET/IB: IbDev 8 Port 1 qpn 2080 query_ece={supported=1, vendor_id=0x15b3, options=0x30000000, comp_mask=0x0}
a100-llm-02:1539467:1539602 [2] NCCL INFO Connected to proxy localRank 0 -> connection 0x7fb48bfa23e0
a100-llm-02:1539467:1539585 [4] NCCL INFO NET/IB: NCCL Dev 11 IbDev 5 Port 1 qpn 2337 mtu 5 GID 3 (0/5E0113C6FFFF0000) ctsFifoRkey=0xca6a5 ctsFifoLkey=0xca6a5
a100-llm-02:1539467:1539585 [4] NCCL INFO NET/IB: IbDev 5 Port 1 qpn 2337 query_ece={supported=1, vendor_id=0x15b3, options=0x30000000, comp_mask=0x0}
a100-llm-02:1539467:1539585 [4] NCCL INFO NET/IB: NCCL Dev 11 IbDev 6 Port 1 qpn 2081 mtu 5 GID 3 (0/AF0713C6FFFF0000) ctsFifoRkey=0x8da99 ctsFifoLkey=0x8da99
a100-llm-02:1539467:1539585 [4] NCCL INFO NET/IB: IbDev 6 Port 1 qpn 2081 query_ece={supported=1, vendor_id=0x15b3, options=0x30000000, comp_mask=0x0}
a100-llm-02:1539467:1539591 [6] NCCL INFO NET/IB: IbDev 7 Port 1 qpn 2332 set_ece={supported=1, vendor_id=0x15b3, options=0x30000000, comp_mask=0x0}
a100-llm-02:1539467:1539591 [6] NCCL INFO NET/IB: IbDev 8 Port 1 qpn 2076 set_ece={supported=1, vendor_id=0x15b3, options=0x30000000, comp_mask=0x0}
a100-llm-02:1539467:1539587 [5] NCCL INFO NET/IB: IbDev 5 Port 1 qpn 2336 set_ece={supported=1, vendor_id=0x15b3, options=0x30000000, comp_mask=0x0}
a100-llm-02:1539467:1539587 [5] NCCL INFO NET/IB: IbDev 6 Port 1 qpn 2080 set_ece={supported=1, vendor_id=0x15b3, options=0x30000000, comp_mask=0x0}
a100-llm-02:1539467:1539603 [1] NCCL INFO Channel 01/0 : 0[0] -> 1[1] [receive] via NET/IB/9/GDRDMA
a100-llm-02:1539467:1539603 [1] NCCL INFO GPU Direct RDMA Enabled for GPU/0-1020000 (rank 1) - NET/0-9 (distance 5 <= 6, read 1, mode Default)
a100-llm-02:1539467:1539591 [6] NCCL INFO NET/IB: IbDev 7 Port 1 qpn 2336 set_ece={supported=1, vendor_id=0x15b3, options=0x30000000, comp_mask=0x0}
a100-llm-02:1539467:1539595 [1] NCCL INFO New proxy send connection 2 from local rank 0, transport 2
a100-llm-02:1539467:1539602 [2] NCCL INFO Channel 00/0 : 2[2] -> 3[3] [send] via NET/IB/10/GDRDMA
a100-llm-02:1539467:1539602 [2] NCCL INFO GPU Direct RDMA Enabled for GPU/0-1028176 (rank 2) - NET/0-10 (distance 5 <= 6, read 1, mode Default)
a100-llm-02:1539467:1539591 [6] NCCL INFO NET/IB: IbDev 8 Port 1 qpn 2080 set_ece={supported=1, vendor_id=0x15b3, options=0x30000000, comp_mask=0x0}
a100-llm-02:1539467:1539581 [2] NCCL INFO New proxy send connection 3 from local rank 0, transport 2
a100-llm-02:1539467:1539585 [4] NCCL INFO NET/IB: IbDev 5 Port 1 qpn 2337 set_ece={supported=1, vendor_id=0x15b3, options=0x30000000, comp_mask=0x0}
a100-llm-02:1539467:1539585 [4] NCCL INFO NET/IB: IbDev 6 Port 1 qpn 2081 set_ece={supported=1, vendor_id=0x15b3, options=0x30000000, comp_mask=0x0}
a100-llm-02:1539467:1539603 [1] NCCL INFO Connected to proxy localRank 0 -> connection 0x7fb330009f00
a100-llm-02:1539467:1539602 [2] NCCL INFO Connected to proxy localRank 0 -> connection 0x7fb48bfa2458
a100-llm-02:1539467:1539602 [2] NCCL INFO Channel 01/0 : 2[2] -> 3[3] [send] via NET/IB/10/GDRDMA
a100-llm-02:1539467:1539603 [1] NCCL INFO Channel 00/0 : 1[1] -> 2[2] [send] via NET/IB/9/GDRDMA
a100-llm-02:1539467:1539603 [1] NCCL INFO GPU Direct RDMA Enabled for GPU/0-1020000 (rank 1) - NET/0-9 (distance 5 <= 6, read 1, mode Default)
a100-llm-02:1539467:1539595 [1] NCCL INFO New proxy send connection 3 from local rank 0, transport 2
a100-llm-02:1539467:1539603 [1] NCCL INFO Connected to proxy localRank 0 -> connection 0x7fb330009f78
a100-llm-02:1539467:1539603 [1] NCCL INFO Channel 01/0 : 1[1] -> 2[2] [send] via NET/IB/9/GDRDMA
a100-llm-02:1539467:1539589 [7] NCCL INFO NET/IB: NCCL Dev 12 IbDev 7 Port 1 qpn 2342 mtu 5 GID 3 (0/455A13C6FFFF0000) ctsFifoRkey=0xce8e7 ctsFifoLkey=0xce8e7
a100-llm-02:1539467:1539589 [7] NCCL INFO NET/IB: IbDev 7 Port 1 qpn 2342 query_ece={supported=1, vendor_id=0x15b3, options=0x30000000, comp_mask=0x0}
a100-llm-02:1539467:1539583 [3] NCCL INFO NET/IB: NCCL Dev 10 IbDev 3 Port 1 qpn 2332 mtu 5 GID 3 (0/340D13C6FFFF0000) ctsFifoRkey=0xce9e9 ctsFifoLkey=0xce9e9
a100-llm-02:1539467:1539583 [3] NCCL INFO NET/IB: IbDev 3 Port 1 qpn 2332 query_ece={supported=1, vendor_id=0x15b3, options=0x30000000, comp_mask=0x0}
a100-llm-02:1539467:1539589 [7] NCCL INFO NET/IB: NCCL Dev 12 IbDev 8 Port 1 qpn 2086 mtu 5 GID 3 (0/58B013C6FFFF0000) ctsFifoRkey=0x91ddf ctsFifoLkey=0x91ddf
a100-llm-02:1539467:1539589 [7] NCCL INFO NET/IB: IbDev 8 Port 1 qpn 2086 query_ece={supported=1, vendor_id=0x15b3, options=0x30000000, comp_mask=0x0}
a100-llm-02:1539467:1539583 [3] NCCL INFO NET/IB: NCCL Dev 10 IbDev 4 Port 1 qpn 2076 mtu 5 GID 3 (0/462613C6FFFF0000) ctsFifoRkey=0x93cfa ctsFifoLkey=0x93cfa
a100-llm-02:1539467:1539583 [3] NCCL INFO NET/IB: IbDev 4 Port 1 qpn 2076 query_ece={supported=1, vendor_id=0x15b3, options=0x30000000, comp_mask=0x0}
a100-llm-02:1539467:1539583 [3] NCCL INFO NET/IB: NCCL Dev 10 IbDev 3 Port 1 qpn 2333 mtu 5 GID 3 (0/340D13C6FFFF0000) ctsFifoRkey=0xcfffe ctsFifoLkey=0xcfffe
a100-llm-02:1539467:1539583 [3] NCCL INFO NET/IB: IbDev 3 Port 1 qpn 2333 query_ece={supported=1, vendor_id=0x15b3, options=0x30000000, comp_mask=0x0}
a100-llm-02:1539467:1539583 [3] NCCL INFO NET/IB: NCCL Dev 10 IbDev 4 Port 1 qpn 2077 mtu 5 GID 3 (0/462613C6FFFF0000) ctsFifoRkey=0x96c2c ctsFifoLkey=0x96c2c
a100-llm-02:1539467:1539583 [3] NCCL INFO NET/IB: IbDev 4 Port 1 qpn 2077 query_ece={supported=1, vendor_id=0x15b3, options=0x30000000, comp_mask=0x0}
a100-llm-02:1539467:1539593 [0] NCCL INFO NET/IB: NCCL Dev 9 IbDev 1 Port 1 qpn 2332 mtu 5 GID 3 (0/F74413C6FFFF0000) ctsFifoRkey=0xc8988 ctsFifoLkey=0xc8988
a100-llm-02:1539467:1539593 [0] NCCL INFO NET/IB: IbDev 1 Port 1 qpn 2332 query_ece={supported=1, vendor_id=0x15b3, options=0x30000000, comp_mask=0x0}
a100-llm-02:1539467:1539593 [0] NCCL INFO NET/IB: NCCL Dev 9 IbDev 2 Port 1 qpn 2076 mtu 5 GID 3 (0/A3F13C6FFFF0000) ctsFifoRkey=0x8cf90 ctsFifoLkey=0x8cf90
a100-llm-02:1539467:1539593 [0] NCCL INFO NET/IB: IbDev 2 Port 1 qpn 2076 query_ece={supported=1, vendor_id=0x15b3, options=0x30000000, comp_mask=0x0}
a100-llm-02:1539467:1539589 [7] NCCL INFO NET/IB: IbDev 7 Port 1 qpn 2342 set_ece={supported=1, vendor_id=0x15b3, options=0x30000000, comp_mask=0x0}
a100-llm-02:1539467:1539589 [7] NCCL INFO NET/IB: IbDev 8 Port 1 qpn 2086 set_ece={supported=1, vendor_id=0x15b3, options=0x30000000, comp_mask=0x0}
a100-llm-02:1539467:1539593 [0] NCCL INFO NET/IB: IbDev 1 Port 1 qpn 2332 set_ece={supported=1, vendor_id=0x15b3, options=0x30000000, comp_mask=0x0}
a100-llm-02:1539467:1539593 [0] NCCL INFO NET/IB: IbDev 2 Port 1 qpn 2076 set_ece={supported=1, vendor_id=0x15b3, options=0x30000000, comp_mask=0x0}
a100-llm-02:1539467:1539583 [3] NCCL INFO NET/IB: IbDev 3 Port 1 qpn 2332 set_ece={supported=1, vendor_id=0x15b3, options=0x30000000, comp_mask=0x0}
a100-llm-02:1539467:1539583 [3] NCCL INFO NET/IB: IbDev 4 Port 1 qpn 2076 set_ece={supported=1, vendor_id=0x15b3, options=0x30000000, comp_mask=0x0}
a100-llm-02:1539467:1539581 [2] NCCL INFO NET/IB: NCCL Dev 10 IbDev 3 Port 1 qpn 2334 mtu 5 GID 3 (0/340D13C6FFFF0000) ctsFifoRkey=0xcf3f3 ctsFifoLkey=0xcf3f3
a100-llm-02:1539467:1539581 [2] NCCL INFO NET/IB: IbDev 3 Port 1 qpn 2334 query_ece={supported=1, vendor_id=0x15b3, options=0x30000000, comp_mask=0x0}
a100-llm-02:1539467:1539581 [2] NCCL INFO NET/IB: NCCL Dev 10 IbDev 4 Port 1 qpn 2078 mtu 5 GID 3 (0/462613C6FFFF0000) ctsFifoRkey=0x94a08 ctsFifoLkey=0x94a08
a100-llm-02:1539467:1539581 [2] NCCL INFO NET/IB: IbDev 4 Port 1 qpn 2078 query_ece={supported=1, vendor_id=0x15b3, options=0x30000000, comp_mask=0x0}
a100-llm-02:1539467:1539589 [7] NCCL INFO NET/IB: NCCL Dev 12 IbDev 7 Port 1 qpn 2343 mtu 5 GID 3 (0/455A13C6FFFF0000) ctsFifoRkey=0xd02ff ctsFifoLkey=0xd02ff
a100-llm-02:1539467:1539589 [7] NCCL INFO NET/IB: IbDev 7 Port 1 qpn 2343 query_ece={supported=1, vendor_id=0x15b3, options=0x30000000, comp_mask=0x0}
a100-llm-02:1539467:1539589 [7] NCCL INFO NET/IB: NCCL Dev 12 IbDev 8 Port 1 qpn 2087 mtu 5 GID 3 (0/58B013C6FFFF0000) ctsFifoRkey=0x907c4 ctsFifoLkey=0x907c4
a100-llm-02:1539467:1539589 [7] NCCL INFO NET/IB: IbDev 8 Port 1 qpn 2087 query_ece={supported=1, vendor_id=0x15b3, options=0x30000000, comp_mask=0x0}
a100-llm-02:1539467:1539595 [1] NCCL INFO NET/IB: NCCL Dev 9 IbDev 1 Port 1 qpn 2337 mtu 5 GID 3 (0/F74413C6FFFF0000) ctsFifoRkey=0xca3a2 ctsFifoLkey=0xca3a2
a100-llm-02:1539467:1539595 [1] NCCL INFO NET/IB: IbDev 1 Port 1 qpn 2337 query_ece={supported=1, vendor_id=0x15b3, options=0x30000000, comp_mask=0x0}
a100-llm-02:1539467:1539595 [1] NCCL INFO NET/IB: NCCL Dev 9 IbDev 2 Port 1 qpn 2081 mtu 5 GID 3 (0/A3F13C6FFFF0000) ctsFifoRkey=0x8e7a6 ctsFifoLkey=0x8e7a6
a100-llm-02:1539467:1539595 [1] NCCL INFO NET/IB: IbDev 2 Port 1 qpn 2081 query_ece={supported=1, vendor_id=0x15b3, options=0x30000000, comp_mask=0x0}
a100-llm-02:1539467:1539581 [2] NCCL INFO NET/IB: NCCL Dev 10 IbDev 3 Port 1 qpn 2335 mtu 5 GID 3 (0/340D13C6FFFF0000) ctsFifoRkey=0xcdedc ctsFifoLkey=0xcdedc
a100-llm-02:1539467:1539581 [2] NCCL INFO NET/IB: IbDev 3 Port 1 qpn 2335 query_ece={supported=1, vendor_id=0x15b3, options=0x30000000, comp_mask=0x0}
a100-llm-02:1539467:1539581 [2] NCCL INFO NET/IB: NCCL Dev 10 IbDev 4 Port 1 qpn 2079 mtu 5 GID 3 (0/462613C6FFFF0000) ctsFifoRkey=0x96120 ctsFifoLkey=0x96120
a100-llm-02:1539467:1539581 [2] NCCL INFO NET/IB: IbDev 4 Port 1 qpn 2079 query_ece={supported=1, vendor_id=0x15b3, options=0x30000000, comp_mask=0x0}
a100-llm-02:1539467:1539595 [1] NCCL INFO NET/IB: NCCL Dev 9 IbDev 1 Port 1 qpn 2339 mtu 5 GID 3 (0/F74413C6FFFF0000) ctsFifoRkey=0xd0d0c ctsFifoLkey=0xd0d0c
a100-llm-02:1539467:1539595 [1] NCCL INFO NET/IB: IbDev 1 Port 1 qpn 2339 query_ece={supported=1, vendor_id=0x15b3, options=0x30000000, comp_mask=0x0}
a100-llm-02:1539467:1539595 [1] NCCL INFO NET/IB: NCCL Dev 9 IbDev 2 Port 1 qpn 2083 mtu 5 GID 3 (0/A3F13C6FFFF0000) ctsFifoRkey=0x95515 ctsFifoLkey=0x95515
a100-llm-02:1539467:1539595 [1] NCCL INFO NET/IB: IbDev 2 Port 1 qpn 2083 query_ece={supported=1, vendor_id=0x15b3, options=0x30000000, comp_mask=0x0}
a100-llm-02:1539467:1539593 [0] NCCL INFO NET/IB: NCCL Dev 9 IbDev 1 Port 1 qpn 2338 mtu 5 GID 3 (0/F74413C6FFFF0000) ctsFifoRkey=0xcdfde ctsFifoLkey=0xcdfde
a100-llm-02:1539467:1539593 [0] NCCL INFO NET/IB: IbDev 1 Port 1 qpn 2338 query_ece={supported=1, vendor_id=0x15b3, options=0x30000000, comp_mask=0x0}
a100-llm-02:1539467:1539593 [0] NCCL INFO NET/IB: NCCL Dev 9 IbDev 2 Port 1 qpn 2082 mtu 5 GID 3 (0/A3F13C6FFFF0000) ctsFifoRkey=0x925e4 ctsFifoLkey=0x925e4
a100-llm-02:1539467:1539593 [0] NCCL INFO NET/IB: IbDev 2 Port 1 qpn 2082 query_ece={supported=1, vendor_id=0x15b3, options=0x30000000, comp_mask=0x0}
a100-llm-02:1539467:1539595 [1] NCCL INFO NET/IB: IbDev 1 Port 1 qpn 2337 set_ece={supported=1, vendor_id=0x15b3, options=0x30000000, comp_mask=0x0}
a100-llm-02:1539467:1539581 [2] NCCL INFO NET/IB: IbDev 3 Port 1 qpn 2335 set_ece={supported=1, vendor_id=0x15b3, options=0x30000000, comp_mask=0x0}
a100-llm-02:1539467:1539583 [3] NCCL INFO NET/IB: IbDev 3 Port 1 qpn 2333 set_ece={supported=1, vendor_id=0x15b3, options=0x30000000, comp_mask=0x0}
a100-llm-02:1539467:1539581 [2] NCCL INFO NET/IB: IbDev 4 Port 1 qpn 2079 set_ece={supported=1, vendor_id=0x15b3, options=0x30000000, comp_mask=0x0}
a100-llm-02:1539467:1539583 [3] NCCL INFO NET/IB: IbDev 4 Port 1 qpn 2077 set_ece={supported=1, vendor_id=0x15b3, options=0x30000000, comp_mask=0x0}
a100-llm-02:1539467:1539595 [1] NCCL INFO NET/IB: IbDev 2 Port 1 qpn 2081 set_ece={supported=1, vendor_id=0x15b3, options=0x30000000, comp_mask=0x0}
a100-llm-02:1539467:1539595 [1] NCCL INFO NET/IB: IbDev 1 Port 1 qpn 2339 set_ece={supported=1, vendor_id=0x15b3, options=0x30000000, comp_mask=0x0}
a100-llm-02:1539467:1539595 [1] NCCL INFO NET/IB: IbDev 2 Port 1 qpn 2083 set_ece={supported=1, vendor_id=0x15b3, options=0x30000000, comp_mask=0x0}
a100-llm-02:1539467:1539589 [7] NCCL INFO NET/IB: IbDev 7 Port 1 qpn 2343 set_ece={supported=1, vendor_id=0x15b3, options=0x30000000, comp_mask=0x0}
a100-llm-02:1539467:1539589 [7] NCCL INFO NET/IB: IbDev 8 Port 1 qpn 2087 set_ece={supported=1, vendor_id=0x15b3, options=0x30000000, comp_mask=0x0}
a100-llm-02:1539467:1539581 [2] NCCL INFO NET/IB: IbDev 3 Port 1 qpn 2334 set_ece={supported=1, vendor_id=0x15b3, options=0x30000000, comp_mask=0x0}
a100-llm-02:1539467:1539581 [2] NCCL INFO NET/IB: IbDev 4 Port 1 qpn 2078 set_ece={supported=1, vendor_id=0x15b3, options=0x30000000, comp_mask=0x0}
a100-llm-02:1539467:1539593 [0] NCCL INFO NET/IB: IbDev 1 Port 1 qpn 2338 set_ece={supported=1, vendor_id=0x15b3, options=0x30000000, comp_mask=0x0}
a100-llm-02:1539467:1539593 [0] NCCL INFO NET/IB: IbDev 2 Port 1 qpn 2082 set_ece={supported=1, vendor_id=0x15b3, options=0x30000000, comp_mask=0x0}
[AIMD] FinalizeChunkRTT: cc=0x7fb344065420 slot=0 inflight_before=1
[AIMD] FinalizeChunkRTT: cc=0x7fb368001000 slot=280 inflight_before=1
[AIMD] FinalizeChunkRTT: cc=0x7fb368001000 slot=616 inflight_before=1
warmup done.
a100-llm-02:1539467:1539559 [0] NCCL INFO V2MIN: pressure=1.000 (fast=0.101 slow=0.002 dev=0.0997) state=SHRINK window=204 floor=204 high=2406 low=0 ncc=16
[AIMD] FinalizeChunkRTT: cc=0x7fb340001000 slot=952 inflight_before=1
[AIMD] FinalizeChunkRTT: cc=0x7fb350001000 slot=585 inflight_before=1
[AIMD] FinalizeChunkRTT: cc=0x7fb350001000 slot=1022 inflight_before=3
[AIMD] FinalizeChunkRTT: cc=0x7fb344065420 slot=402 inflight_before=1
[AIMD] FinalizeChunkRTT: cc=0x7fb464000f70 slot=781 inflight_before=8
a100-llm-02:1539467:1539559 [0] NCCL INFO V2MIN: pressure=1.000 (fast=0.163 slow=0.002 dev=0.1615) state=SHRINK window=204 floor=204 high=7138 low=0 ncc=16
[AIMD] FinalizeChunkRTT: cc=0x7fb388002200 slot=155 inflight_before=1
[AIMD] FinalizeChunkRTT: cc=0x7fb33c1995d0 slot=829 inflight_before=5
[AIMD] FinalizeChunkRTT: cc=0x7fb33c1995d0 slot=174 inflight_before=7
[AIMD] FinalizeChunkRTT: cc=0x7fb3480659a0 slot=850 inflight_before=2
[AIMD] FinalizeChunkRTT: cc=0x7fb3480659a0 slot=682 inflight_before=1
a100-llm-02:1539467:1539559 [0] NCCL INFO V2MIN: pressure=1.000 (fast=0.191 slow=0.002 dev=0.1890) state=SHRINK window=204 floor=204 high=11871 low=0 ncc=16
[AIMD] FinalizeChunkRTT: cc=0x7fb344065420 slot=549 inflight_before=1
[AIMD] FinalizeChunkRTT: cc=0x7fb33c1995d0 slot=912 inflight_before=8
[AIMD] FinalizeChunkRTT: cc=0x7fb344065420 slot=394 inflight_before=1
CSV written to: oracle_results/6_v2_minimal_pinned_with_stress_20260409_134442_r5.csv

========================================
  Oracle Experiment Results
========================================
Config: nDev=8  count=1048576  data=4.19 MB  iters=500
NCCL_AIMD_ENABLE=1  NCCL_CC_ORACLE_FACTOR=(unset)

Wall-clock latency (us):
  mean= 26279.7  stddev= 16979.3
  p50 = 24051.3  p99   = 71915.4  max= 79960.2

Collective max GPU latency (us):
  mean= 24780.1  stddev= 16210.8
  p50 = 23033.9  p99   = 64685.3  max= 79946.8

Rank skew (us):
  mean=  4985.8  stddev=  5632.0
  p50 =  3022.3  p99   = 19910.0  max= 31127.6

Avg algo bandwidth: 0.28 GB/s
========================================

