a100-llm-02:1431410:1431529 [4] NCCL INFO Channel 00/0 : 3[3] -> 4[4] [receive] via NET/IB/11/GDRDMA
a100-llm-02:1431410:1431529 [4] NCCL INFO GPU Direct RDMA Enabled for GPU/0-1036368 (rank 4) - NET/0-11 (distance 5 <= 6, read 0, mode Default)
a100-llm-02:1431410:1431524 [4] NCCL INFO New proxy recv connection 1 from local rank 0, transport 2
a100-llm-02:1431410:1431529 [4] NCCL INFO Connected to proxy localRank 0 -> connection 0x7fbaa0009e88
a100-llm-02:1431410:1431529 [4] NCCL INFO Channel 01/0 : 3[3] -> 4[4] [receive] via NET/IB/11/GDRDMA
a100-llm-02:1431410:1431529 [4] NCCL INFO GPU Direct RDMA Enabled for GPU/0-1036368 (rank 4) - NET/0-11 (distance 5 <= 6, read 1, mode Default)
a100-llm-02:1431410:1431524 [4] NCCL INFO New proxy send connection 2 from local rank 0, transport 2
a100-llm-02:1431410:1431529 [4] NCCL INFO Connected to proxy localRank 0 -> connection 0x7fbaa0009f00
a100-llm-02:1431410:1431520 [2] NCCL INFO New proxy recv connection 0 from local rank 0, transport 2
a100-llm-02:1431410:1431528 [5] NCCL INFO Connected to proxy localRank 0 -> connection 0x7fbb0c000d10
a100-llm-02:1431410:1431518 [0] NCCL INFO New proxy recv connection 0 from local rank 0, transport 2
a100-llm-02:1431410:1431531 [2] NCCL INFO Connected to proxy localRank 0 -> connection 0x7fbc07fa2ed0
a100-llm-02:1431410:1431531 [2] NCCL INFO Channel 00/0 : 1[1] -> 2[2] [receive] via NET/IB/10/GDRDMA
a100-llm-02:1431410:1431531 [2] NCCL INFO GPU Direct RDMA Enabled for GPU/0-1028176 (rank 2) - NET/0-10 (distance 5 <= 6, read 0, mode Default)
a100-llm-02:1431410:1431522 [3] NCCL INFO New proxy recv connection 0 from local rank 0, transport 2
a100-llm-02:1431410:1431520 [2] NCCL INFO New proxy recv connection 1 from local rank 0, transport 2
a100-llm-02:1431410:1431531 [2] NCCL INFO Connected to proxy localRank 0 -> connection 0x7fbc07fa2f48
a100-llm-02:1431410:1431531 [2] NCCL INFO Channel 01/0 : 1[1] -> 2[2] [receive] via NET/IB/10/GDRDMA
a100-llm-02:1431410:1431531 [2] NCCL INFO GPU Direct RDMA Enabled for GPU/0-1028176 (rank 2) - NET/0-10 (distance 5 <= 6, read 1, mode Default)
a100-llm-02:1431410:1431515 [1] NCCL INFO New proxy recv connection 0 from local rank 0, transport 2
a100-llm-02:1431410:1431514 [7] NCCL INFO New proxy recv connection 0 from local rank 0, transport 2
a100-llm-02:1431410:1431527 [6] NCCL INFO Channel 00/0 : 5[5] -> 6[6] [receive] via NET/IB/12/GDRDMA
a100-llm-02:1431410:1431527 [6] NCCL INFO GPU Direct RDMA Enabled for GPU/0-1044560 (rank 6) - NET/0-12 (distance 5 <= 6, read 0, mode Default)
a100-llm-02:1431410:1431512 [6] NCCL INFO New proxy recv connection 1 from local rank 0, transport 2
a100-llm-02:1431410:1431527 [6] NCCL INFO Connected to proxy localRank 0 -> connection 0x7fbac0000d88
a100-llm-02:1431410:1431532 [1] NCCL INFO Connected to proxy localRank 0 -> connection 0x7fbab0000d10
a100-llm-02:1431410:1431526 [7] NCCL INFO Connected to proxy localRank 0 -> connection 0x7fbac8000d10
a100-llm-02:1431410:1431526 [7] NCCL INFO Channel 00/0 : 6[6] -> 7[7] [receive] via NET/IB/12/GDRDMA
a100-llm-02:1431410:1431526 [7] NCCL INFO GPU Direct RDMA Enabled for GPU/0-1044576 (rank 7) - NET/0-12 (distance 5 <= 6, read 0, mode Default)
a100-llm-02:1431410:1431514 [7] NCCL INFO New proxy recv connection 1 from local rank 0, transport 2
a100-llm-02:1431410:1431526 [7] NCCL INFO Connected to proxy localRank 0 -> connection 0x7fbac8000d88
a100-llm-02:1431410:1431526 [7] NCCL INFO Channel 01/0 : 6[6] -> 7[7] [receive] via NET/IB/12/GDRDMA
a100-llm-02:1431410:1431526 [7] NCCL INFO GPU Direct RDMA Enabled for GPU/0-1044576 (rank 7) - NET/0-12 (distance 5 <= 6, read 1, mode Default)
a100-llm-02:1431410:1431514 [7] NCCL INFO New proxy send connection 2 from local rank 0, transport 2
a100-llm-02:1431410:1431526 [7] NCCL INFO Connected to proxy localRank 0 -> connection 0x7fbac8000e00
a100-llm-02:1431410:1431526 [7] NCCL INFO Channel 00/0 : 7[7] -> 0[0] [send] via NET/IB/12/GDRDMA
a100-llm-02:1431410:1431526 [7] NCCL INFO GPU Direct RDMA Enabled for GPU/0-1044576 (rank 7) - NET/0-12 (distance 5 <= 6, read 1, mode Default)
a100-llm-02:1431410:1431514 [7] NCCL INFO New proxy send connection 3 from local rank 0, transport 2
a100-llm-02:1431410:1431526 [7] NCCL INFO Connected to proxy localRank 0 -> connection 0x7fbac8000e78
a100-llm-02:1431410:1431526 [7] NCCL INFO Channel 01/0 : 7[7] -> 0[0] [send] via NET/IB/12/GDRDMA
a100-llm-02:1431410:1431533 [0] NCCL INFO Connected to proxy localRank 0 -> connection 0x7fbc0bfe9300
a100-llm-02:1431410:1431530 [3] NCCL INFO Connected to proxy localRank 0 -> connection 0x7fbab4000d10
a100-llm-02:1431410:1431530 [3] NCCL INFO Channel 00/0 : 2[2] -> 3[3] [receive] via NET/IB/10/GDRDMA
a100-llm-02:1431410:1431530 [3] NCCL INFO GPU Direct RDMA Enabled for GPU/0-1028192 (rank 3) - NET/0-10 (distance 5 <= 6, read 0, mode Default)
a100-llm-02:1431410:1431522 [3] NCCL INFO New proxy recv connection 1 from local rank 0, transport 2
a100-llm-02:1431410:1431530 [3] NCCL INFO Connected to proxy localRank 0 -> connection 0x7fbab4000d88
a100-llm-02:1431410:1431530 [3] NCCL INFO Channel 01/0 : 2[2] -> 3[3] [receive] via NET/IB/10/GDRDMA
a100-llm-02:1431410:1431530 [3] NCCL INFO GPU Direct RDMA Enabled for GPU/0-1028192 (rank 3) - NET/0-10 (distance 5 <= 6, read 1, mode Default)
a100-llm-02:1431410:1431522 [3] NCCL INFO New proxy send connection 2 from local rank 0, transport 2
a100-llm-02:1431410:1431530 [3] NCCL INFO Connected to proxy localRank 0 -> connection 0x7fbab4000e00
a100-llm-02:1431410:1431530 [3] NCCL INFO Channel 00/0 : 3[3] -> 4[4] [send] via NET/IB/10/GDRDMA
a100-llm-02:1431410:1431530 [3] NCCL INFO GPU Direct RDMA Enabled for GPU/0-1028192 (rank 3) - NET/0-10 (distance 5 <= 6, read 1, mode Default)
a100-llm-02:1431410:1431522 [3] NCCL INFO New proxy send connection 3 from local rank 0, transport 2
a100-llm-02:1431410:1431530 [3] NCCL INFO Connected to proxy localRank 0 -> connection 0x7fbab4000e78
a100-llm-02:1431410:1431530 [3] NCCL INFO Channel 01/0 : 3[3] -> 4[4] [send] via NET/IB/10/GDRDMA
a100-llm-02:1431410:1431532 [1] NCCL INFO Channel 00/0 : 0[0] -> 1[1] [receive] via NET/IB/9/GDRDMA
a100-llm-02:1431410:1431532 [1] NCCL INFO GPU Direct RDMA Enabled for GPU/0-1020000 (rank 1) - NET/0-9 (distance 5 <= 6, read 0, mode Default)
a100-llm-02:1431410:1431529 [4] NCCL INFO Channel 00/0 : 4[4] -> 5[5] [send] via NET/IB/11/GDRDMA
a100-llm-02:1431410:1431529 [4] NCCL INFO GPU Direct RDMA Enabled for GPU/0-1036368 (rank 4) - NET/0-11 (distance 5 <= 6, read 1, mode Default)
a100-llm-02:1431410:1431524 [4] NCCL INFO New proxy send connection 3 from local rank 0, transport 2
a100-llm-02:1431410:1431529 [4] NCCL INFO Connected to proxy localRank 0 -> connection 0x7fbaa0009f78
a100-llm-02:1431410:1431529 [4] NCCL INFO Channel 01/0 : 4[4] -> 5[5] [send] via NET/IB/11/GDRDMA
a100-llm-02:1431410:1431528 [5] NCCL INFO Channel 00/0 : 4[4] -> 5[5] [receive] via NET/IB/11/GDRDMA
a100-llm-02:1431410:1431528 [5] NCCL INFO GPU Direct RDMA Enabled for GPU/0-1036384 (rank 5) - NET/0-11 (distance 5 <= 6, read 0, mode Default)
a100-llm-02:1431410:1431510 [5] NCCL INFO New proxy recv connection 1 from local rank 0, transport 2
a100-llm-02:1431410:1431527 [6] NCCL INFO Channel 01/0 : 5[5] -> 6[6] [receive] via NET/IB/12/GDRDMA
a100-llm-02:1431410:1431527 [6] NCCL INFO GPU Direct RDMA Enabled for GPU/0-1044560 (rank 6) - NET/0-12 (distance 5 <= 6, read 1, mode Default)
a100-llm-02:1431410:1431512 [6] NCCL INFO New proxy send connection 2 from local rank 0, transport 2
a100-llm-02:1431410:1431527 [6] NCCL INFO Connected to proxy localRank 0 -> connection 0x7fbac0000e00
a100-llm-02:1431410:1431527 [6] NCCL INFO Channel 00/0 : 6[6] -> 7[7] [send] via NET/IB/12/GDRDMA
a100-llm-02:1431410:1431527 [6] NCCL INFO GPU Direct RDMA Enabled for GPU/0-1044560 (rank 6) - NET/0-12 (distance 5 <= 6, read 1, mode Default)
a100-llm-02:1431410:1431512 [6] NCCL INFO New proxy send connection 3 from local rank 0, transport 2
a100-llm-02:1431410:1431527 [6] NCCL INFO Connected to proxy localRank 0 -> connection 0x7fbac0000e78
a100-llm-02:1431410:1431527 [6] NCCL INFO Channel 01/0 : 6[6] -> 7[7] [send] via NET/IB/12/GDRDMA
a100-llm-02:1431410:1431520 [2] NCCL INFO New proxy send connection 2 from local rank 0, transport 2
a100-llm-02:1431410:1431531 [2] NCCL INFO Connected to proxy localRank 0 -> connection 0x7fbc07fa2fc0
a100-llm-02:1431410:1431531 [2] NCCL INFO Channel 00/0 : 2[2] -> 3[3] [send] via NET/IB/10/GDRDMA
a100-llm-02:1431410:1431531 [2] NCCL INFO GPU Direct RDMA Enabled for GPU/0-1028176 (rank 2) - NET/0-10 (distance 5 <= 6, read 1, mode Default)
a100-llm-02:1431410:1431515 [1] NCCL INFO New proxy recv connection 1 from local rank 0, transport 2
a100-llm-02:1431410:1431532 [1] NCCL INFO Connected to proxy localRank 0 -> connection 0x7fbab0000d88
a100-llm-02:1431410:1431533 [0] NCCL INFO Channel 00/0 : 7[7] -> 0[0] [receive] via NET/IB/9/GDRDMA
a100-llm-02:1431410:1431533 [0] NCCL INFO GPU Direct RDMA Enabled for GPU/0-1019984 (rank 0) - NET/0-9 (distance 5 <= 6, read 0, mode Default)
a100-llm-02:1431410:1431532 [1] NCCL INFO Channel 01/0 : 0[0] -> 1[1] [receive] via NET/IB/9/GDRDMA
a100-llm-02:1431410:1431532 [1] NCCL INFO GPU Direct RDMA Enabled for GPU/0-1020000 (rank 1) - NET/0-9 (distance 5 <= 6, read 1, mode Default)
a100-llm-02:1431410:1431528 [5] NCCL INFO Connected to proxy localRank 0 -> connection 0x7fbb0c000d88
a100-llm-02:1431410:1431520 [2] NCCL INFO New proxy send connection 3 from local rank 0, transport 2
a100-llm-02:1431410:1431518 [0] NCCL INFO New proxy recv connection 1 from local rank 0, transport 2
a100-llm-02:1431410:1431531 [2] NCCL INFO Connected to proxy localRank 0 -> connection 0x7fbc07fa3038
a100-llm-02:1431410:1431531 [2] NCCL INFO Channel 01/0 : 2[2] -> 3[3] [send] via NET/IB/10/GDRDMA
a100-llm-02:1431410:1431515 [1] NCCL INFO New proxy send connection 2 from local rank 0, transport 2
a100-llm-02:1431410:1431528 [5] NCCL INFO Channel 01/0 : 4[4] -> 5[5] [receive] via NET/IB/11/GDRDMA
a100-llm-02:1431410:1431528 [5] NCCL INFO GPU Direct RDMA Enabled for GPU/0-1036384 (rank 5) - NET/0-11 (distance 5 <= 6, read 1, mode Default)
a100-llm-02:1431410:1431510 [5] NCCL INFO New proxy send connection 2 from local rank 0, transport 2
a100-llm-02:1431410:1431533 [0] NCCL INFO Connected to proxy localRank 0 -> connection 0x7fbc0bfe9378
a100-llm-02:1431410:1431532 [1] NCCL INFO Connected to proxy localRank 0 -> connection 0x7fbab0000e00
a100-llm-02:1431410:1431528 [5] NCCL INFO Connected to proxy localRank 0 -> connection 0x7fbb0c000e00
a100-llm-02:1431410:1431532 [1] NCCL INFO Channel 00/0 : 1[1] -> 2[2] [send] via NET/IB/9/GDRDMA
a100-llm-02:1431410:1431532 [1] NCCL INFO GPU Direct RDMA Enabled for GPU/0-1020000 (rank 1) - NET/0-9 (distance 5 <= 6, read 1, mode Default)
a100-llm-02:1431410:1431528 [5] NCCL INFO Channel 00/0 : 5[5] -> 6[6] [send] via NET/IB/11/GDRDMA
a100-llm-02:1431410:1431528 [5] NCCL INFO GPU Direct RDMA Enabled for GPU/0-1036384 (rank 5) - NET/0-11 (distance 5 <= 6, read 1, mode Default)
a100-llm-02:1431410:1431533 [0] NCCL INFO Channel 01/0 : 7[7] -> 0[0] [receive] via NET/IB/9/GDRDMA
a100-llm-02:1431410:1431533 [0] NCCL INFO GPU Direct RDMA Enabled for GPU/0-1019984 (rank 0) - NET/0-9 (distance 5 <= 6, read 1, mode Default)
a100-llm-02:1431410:1431515 [1] NCCL INFO New proxy send connection 3 from local rank 0, transport 2
a100-llm-02:1431410:1431518 [0] NCCL INFO New proxy send connection 2 from local rank 0, transport 2
a100-llm-02:1431410:1431510 [5] NCCL INFO New proxy send connection 3 from local rank 0, transport 2
a100-llm-02:1431410:1431532 [1] NCCL INFO Connected to proxy localRank 0 -> connection 0x7fbab0000e78
a100-llm-02:1431410:1431528 [5] NCCL INFO Connected to proxy localRank 0 -> connection 0x7fbb0c000e78
a100-llm-02:1431410:1431533 [0] NCCL INFO Connected to proxy localRank 0 -> connection 0x7fbc0bfe93f0
a100-llm-02:1431410:1431532 [1] NCCL INFO Channel 01/0 : 1[1] -> 2[2] [send] via NET/IB/9/GDRDMA
a100-llm-02:1431410:1431528 [5] NCCL INFO Channel 01/0 : 5[5] -> 6[6] [send] via NET/IB/11/GDRDMA
a100-llm-02:1431410:1431522 [3] NCCL INFO NET/IB: NCCL Dev 10 IbDev 3 Port 1 qpn 1468 mtu 5 GID 3 (0/340D13C6FFFF0000) ctsFifoRkey=0x9a8a6 ctsFifoLkey=0x9a8a6
a100-llm-02:1431410:1431522 [3] NCCL INFO NET/IB: IbDev 3 Port 1 qpn 1468 query_ece={supported=1, vendor_id=0x15b3, options=0x30000000, comp_mask=0x0}
a100-llm-02:1431410:1431522 [3] NCCL INFO NET/IB: NCCL Dev 10 IbDev 4 Port 1 qpn 1212 mtu 5 GID 3 (0/462613C6FFFF0000) ctsFifoRkey=0x5f1b0 ctsFifoLkey=0x5f1b0
a100-llm-02:1431410:1431522 [3] NCCL INFO NET/IB: IbDev 4 Port 1 qpn 1212 query_ece={supported=1, vendor_id=0x15b3, options=0x30000000, comp_mask=0x0}
a100-llm-02:1431410:1431533 [0] NCCL INFO Channel 00/0 : 0[0] -> 1[1] [send] via NET/IB/9/GDRDMA
a100-llm-02:1431410:1431533 [0] NCCL INFO GPU Direct RDMA Enabled for GPU/0-1019984 (rank 0) - NET/0-9 (distance 5 <= 6, read 1, mode Default)
a100-llm-02:1431410:1431522 [3] NCCL INFO NET/IB: NCCL Dev 10 IbDev 3 Port 1 qpn 1469 mtu 5 GID 3 (0/340D13C6FFFF0000) ctsFifoRkey=0x9b4b3 ctsFifoLkey=0x9b4b3
a100-llm-02:1431410:1431522 [3] NCCL INFO NET/IB: IbDev 3 Port 1 qpn 1469 query_ece={supported=1, vendor_id=0x15b3, options=0x30000000, comp_mask=0x0}
a100-llm-02:1431410:1431522 [3] NCCL INFO NET/IB: NCCL Dev 10 IbDev 4 Port 1 qpn 1213 mtu 5 GID 3 (0/462613C6FFFF0000) ctsFifoRkey=0x5fcbb ctsFifoLkey=0x5fcbb
a100-llm-02:1431410:1431522 [3] NCCL INFO NET/IB: IbDev 4 Port 1 qpn 1213 query_ece={supported=1, vendor_id=0x15b3, options=0x30000000, comp_mask=0x0}
a100-llm-02:1431410:1431518 [0] NCCL INFO New proxy send connection 3 from local rank 0, transport 2
a100-llm-02:1431410:1431524 [4] NCCL INFO NET/IB: NCCL Dev 11 IbDev 5 Port 1 qpn 1468 mtu 5 GID 3 (0/5E0113C6FFFF0000) ctsFifoRkey=0x8dfde ctsFifoLkey=0x8dfde
a100-llm-02:1431410:1431524 [4] NCCL INFO NET/IB: IbDev 5 Port 1 qpn 1468 query_ece={supported=1, vendor_id=0x15b3, options=0x30000000, comp_mask=0x0}
a100-llm-02:1431410:1431510 [5] NCCL INFO NET/IB: NCCL Dev 11 IbDev 5 Port 1 qpn 1469 mtu 5 GID 3 (0/5E0113C6FFFF0000) ctsFifoRkey=0x8ebea ctsFifoLkey=0x8ebea
a100-llm-02:1431410:1431510 [5] NCCL INFO NET/IB: IbDev 5 Port 1 qpn 1469 query_ece={supported=1, vendor_id=0x15b3, options=0x30000000, comp_mask=0x0}
a100-llm-02:1431410:1431524 [4] NCCL INFO NET/IB: NCCL Dev 11 IbDev 6 Port 1 qpn 1212 mtu 5 GID 3 (0/AF0713C6FFFF0000) ctsFifoRkey=0x519d8 ctsFifoLkey=0x519d8
a100-llm-02:1431410:1431524 [4] NCCL INFO NET/IB: IbDev 6 Port 1 qpn 1212 query_ece={supported=1, vendor_id=0x15b3, options=0x30000000, comp_mask=0x0}
a100-llm-02:1431410:1431510 [5] NCCL INFO NET/IB: NCCL Dev 11 IbDev 6 Port 1 qpn 1213 mtu 5 GID 3 (0/AF0713C6FFFF0000) ctsFifoRkey=0x525e4 ctsFifoLkey=0x525e4
a100-llm-02:1431410:1431510 [5] NCCL INFO NET/IB: IbDev 6 Port 1 qpn 1213 query_ece={supported=1, vendor_id=0x15b3, options=0x30000000, comp_mask=0x0}
a100-llm-02:1431410:1431510 [5] NCCL INFO NET/IB: NCCL Dev 11 IbDev 5 Port 1 qpn 1470 mtu 5 GID 3 (0/5E0113C6FFFF0000) ctsFifoRkey=0x90403 ctsFifoLkey=0x90403
a100-llm-02:1431410:1431510 [5] NCCL INFO NET/IB: IbDev 5 Port 1 qpn 1470 query_ece={supported=1, vendor_id=0x15b3, options=0x30000000, comp_mask=0x0}
a100-llm-02:1431410:1431510 [5] NCCL INFO NET/IB: NCCL Dev 11 IbDev 6 Port 1 qpn 1214 mtu 5 GID 3 (0/AF0713C6FFFF0000) ctsFifoRkey=0x53dfb ctsFifoLkey=0x53dfb
a100-llm-02:1431410:1431510 [5] NCCL INFO NET/IB: IbDev 6 Port 1 qpn 1214 query_ece={supported=1, vendor_id=0x15b3, options=0x30000000, comp_mask=0x0}
a100-llm-02:1431410:1431533 [0] NCCL INFO Connected to proxy localRank 0 -> connection 0x7fbc0bfe9468
a100-llm-02:1431410:1431522 [3] NCCL INFO NET/IB: IbDev 3 Port 1 qpn 1469 set_ece={supported=1, vendor_id=0x15b3, options=0x30000000, comp_mask=0x0}
a100-llm-02:1431410:1431524 [4] NCCL INFO NET/IB: NCCL Dev 11 IbDev 5 Port 1 qpn 1475 mtu 5 GID 3 (0/5E0113C6FFFF0000) ctsFifoRkey=0x98886 ctsFifoLkey=0x98886
a100-llm-02:1431410:1431524 [4] NCCL INFO NET/IB: IbDev 5 Port 1 qpn 1475 query_ece={supported=1, vendor_id=0x15b3, options=0x30000000, comp_mask=0x0}
a100-llm-02:1431410:1431524 [4] NCCL INFO NET/IB: NCCL Dev 11 IbDev 6 Port 1 qpn 1218 mtu 5 GID 3 (0/AF0713C6FFFF0000) ctsFifoRkey=0x5bf7e ctsFifoLkey=0x5bf7e
a100-llm-02:1431410:1431524 [4] NCCL INFO NET/IB: IbDev 6 Port 1 qpn 1218 query_ece={supported=1, vendor_id=0x15b3, options=0x30000000, comp_mask=0x0}
a100-llm-02:1431410:1431522 [3] NCCL INFO NET/IB: IbDev 4 Port 1 qpn 1213 set_ece={supported=1, vendor_id=0x15b3, options=0x30000000, comp_mask=0x0}
a100-llm-02:1431410:1431524 [4] NCCL INFO NET/IB: IbDev 5 Port 1 qpn 1468 set_ece={supported=1, vendor_id=0x15b3, options=0x30000000, comp_mask=0x0}
a100-llm-02:1431410:1431524 [4] NCCL INFO NET/IB: IbDev 6 Port 1 qpn 1212 set_ece={supported=1, vendor_id=0x15b3, options=0x30000000, comp_mask=0x0}
a100-llm-02:1431410:1431510 [5] NCCL INFO NET/IB: IbDev 5 Port 1 qpn 1469 set_ece={supported=1, vendor_id=0x15b3, options=0x30000000, comp_mask=0x0}
a100-llm-02:1431410:1431510 [5] NCCL INFO NET/IB: IbDev 6 Port 1 qpn 1213 set_ece={supported=1, vendor_id=0x15b3, options=0x30000000, comp_mask=0x0}
a100-llm-02:1431410:1431520 [2] NCCL INFO NET/IB: NCCL Dev 10 IbDev 3 Port 1 qpn 1470 mtu 5 GID 3 (0/340D13C6FFFF0000) ctsFifoRkey=0x9c0bf ctsFifoLkey=0x9c0bf
a100-llm-02:1431410:1431520 [2] NCCL INFO NET/IB: IbDev 3 Port 1 qpn 1470 query_ece={supported=1, vendor_id=0x15b3, options=0x30000000, comp_mask=0x0}
a100-llm-02:1431410:1431520 [2] NCCL INFO NET/IB: NCCL Dev 10 IbDev 4 Port 1 qpn 1214 mtu 5 GID 3 (0/462613C6FFFF0000) ctsFifoRkey=0x608c7 ctsFifoLkey=0x608c7
a100-llm-02:1431410:1431520 [2] NCCL INFO NET/IB: IbDev 4 Port 1 qpn 1214 query_ece={supported=1, vendor_id=0x15b3, options=0x30000000, comp_mask=0x0}
a100-llm-02:1431410:1431520 [2] NCCL INFO NET/IB: NCCL Dev 10 IbDev 3 Port 1 qpn 1471 mtu 5 GID 3 (0/340D13C6FFFF0000) ctsFifoRkey=0x98f8e ctsFifoLkey=0x98f8e
a100-llm-02:1431410:1431520 [2] NCCL INFO NET/IB: IbDev 3 Port 1 qpn 1471 query_ece={supported=1, vendor_id=0x15b3, options=0x30000000, comp_mask=0x0}
a100-llm-02:1431410:1431520 [2] NCCL INFO NET/IB: NCCL Dev 10 IbDev 4 Port 1 qpn 1215 mtu 5 GID 3 (0/462613C6FFFF0000) ctsFifoRkey=0x5ce8d ctsFifoLkey=0x5ce8d
a100-llm-02:1431410:1431520 [2] NCCL INFO NET/IB: IbDev 4 Port 1 qpn 1215 query_ece={supported=1, vendor_id=0x15b3, options=0x30000000, comp_mask=0x0}
a100-llm-02:1431410:1431522 [3] NCCL INFO NET/IB: IbDev 3 Port 1 qpn 1468 set_ece={supported=1, vendor_id=0x15b3, options=0x30000000, comp_mask=0x0}
a100-llm-02:1431410:1431522 [3] NCCL INFO NET/IB: IbDev 4 Port 1 qpn 1212 set_ece={supported=1, vendor_id=0x15b3, options=0x30000000, comp_mask=0x0}
a100-llm-02:1431410:1431520 [2] NCCL INFO NET/IB: IbDev 3 Port 1 qpn 1470 set_ece={supported=1, vendor_id=0x15b3, options=0x30000000, comp_mask=0x0}
a100-llm-02:1431410:1431520 [2] NCCL INFO NET/IB: IbDev 4 Port 1 qpn 1214 set_ece={supported=1, vendor_id=0x15b3, options=0x30000000, comp_mask=0x0}
a100-llm-02:1431410:1431524 [4] NCCL INFO NET/IB: IbDev 5 Port 1 qpn 1475 set_ece={supported=1, vendor_id=0x15b3, options=0x30000000, comp_mask=0x0}
a100-llm-02:1431410:1431524 [4] NCCL INFO NET/IB: IbDev 6 Port 1 qpn 1218 set_ece={supported=1, vendor_id=0x15b3, options=0x30000000, comp_mask=0x0}
a100-llm-02:1431410:1431533 [0] NCCL INFO Channel 01/0 : 0[0] -> 1[1] [send] via NET/IB/9/GDRDMA
a100-llm-02:1431410:1431518 [0] NCCL INFO NET/IB: NCCL Dev 9 IbDev 1 Port 1 qpn 1468 mtu 5 GID 3 (0/F74413C6FFFF0000) ctsFifoRkey=0x93332 ctsFifoLkey=0x93332
a100-llm-02:1431410:1431518 [0] NCCL INFO NET/IB: IbDev 1 Port 1 qpn 1468 query_ece={supported=1, vendor_id=0x15b3, options=0x30000000, comp_mask=0x0}
a100-llm-02:1431410:1431518 [0] NCCL INFO NET/IB: NCCL Dev 9 IbDev 2 Port 1 qpn 1212 mtu 5 GID 3 (0/A3F13C6FFFF0000) ctsFifoRkey=0x54504 ctsFifoLkey=0x54504
a100-llm-02:1431410:1431518 [0] NCCL INFO NET/IB: IbDev 2 Port 1 qpn 1212 query_ece={supported=1, vendor_id=0x15b3, options=0x30000000, comp_mask=0x0}
a100-llm-02:1431410:1431510 [5] NCCL INFO NET/IB: IbDev 5 Port 1 qpn 1470 set_ece={supported=1, vendor_id=0x15b3, options=0x30000000, comp_mask=0x0}
a100-llm-02:1431410:1431510 [5] NCCL INFO NET/IB: IbDev 6 Port 1 qpn 1214 set_ece={supported=1, vendor_id=0x15b3, options=0x30000000, comp_mask=0x0}
a100-llm-02:1431410:1431512 [6] NCCL INFO NET/IB: NCCL Dev 12 IbDev 7 Port 1 qpn 1472 mtu 5 GID 3 (0/455A13C6FFFF0000) ctsFifoRkey=0x93232 ctsFifoLkey=0x93232
a100-llm-02:1431410:1431512 [6] NCCL INFO NET/IB: IbDev 7 Port 1 qpn 1472 query_ece={supported=1, vendor_id=0x15b3, options=0x30000000, comp_mask=0x0}
a100-llm-02:1431410:1431512 [6] NCCL INFO NET/IB: NCCL Dev 12 IbDev 8 Port 1 qpn 1216 mtu 5 GID 3 (0/58B013C6FFFF0000) ctsFifoRkey=0x55516 ctsFifoLkey=0x55516
a100-llm-02:1431410:1431512 [6] NCCL INFO NET/IB: IbDev 8 Port 1 qpn 1216 query_ece={supported=1, vendor_id=0x15b3, options=0x30000000, comp_mask=0x0}
a100-llm-02:1431410:1431514 [7] NCCL INFO NET/IB: NCCL Dev 12 IbDev 7 Port 1 qpn 1473 mtu 5 GID 3 (0/455A13C6FFFF0000) ctsFifoRkey=0x94d49 ctsFifoLkey=0x94d49
a100-llm-02:1431410:1431514 [7] NCCL INFO NET/IB: IbDev 7 Port 1 qpn 1473 query_ece={supported=1, vendor_id=0x15b3, options=0x30000000, comp_mask=0x0}
a100-llm-02:1431410:1431514 [7] NCCL INFO NET/IB: NCCL Dev 12 IbDev 8 Port 1 qpn 1217 mtu 5 GID 3 (0/58B013C6FFFF0000) ctsFifoRkey=0x57938 ctsFifoLkey=0x57938
a100-llm-02:1431410:1431514 [7] NCCL INFO NET/IB: IbDev 8 Port 1 qpn 1217 query_ece={supported=1, vendor_id=0x15b3, options=0x30000000, comp_mask=0x0}
a100-llm-02:1431410:1431520 [2] NCCL INFO NET/IB: IbDev 3 Port 1 qpn 1471 set_ece={supported=1, vendor_id=0x15b3, options=0x30000000, comp_mask=0x0}
a100-llm-02:1431410:1431520 [2] NCCL INFO NET/IB: IbDev 4 Port 1 qpn 1215 set_ece={supported=1, vendor_id=0x15b3, options=0x30000000, comp_mask=0x0}
a100-llm-02:1431410:1431515 [1] NCCL INFO NET/IB: NCCL Dev 9 IbDev 1 Port 1 qpn 1471 mtu 5 GID 3 (0/F74413C6FFFF0000) ctsFifoRkey=0x9070c ctsFifoLkey=0x9070c
a100-llm-02:1431410:1431515 [1] NCCL INFO NET/IB: IbDev 1 Port 1 qpn 1471 query_ece={supported=1, vendor_id=0x15b3, options=0x30000000, comp_mask=0x0}
a100-llm-02:1431410:1431515 [1] NCCL INFO NET/IB: NCCL Dev 9 IbDev 2 Port 1 qpn 1215 mtu 5 GID 3 (0/A3F13C6FFFF0000) ctsFifoRkey=0x55e1d ctsFifoLkey=0x55e1d
a100-llm-02:1431410:1431515 [1] NCCL INFO NET/IB: IbDev 2 Port 1 qpn 1215 query_ece={supported=1, vendor_id=0x15b3, options=0x30000000, comp_mask=0x0}
a100-llm-02:1431410:1431512 [6] NCCL INFO NET/IB: NCCL Dev 12 IbDev 7 Port 1 qpn 1475 mtu 5 GID 3 (0/455A13C6FFFF0000) ctsFifoRkey=0x93e3d ctsFifoLkey=0x93e3d
a100-llm-02:1431410:1431512 [6] NCCL INFO NET/IB: IbDev 7 Port 1 qpn 1475 query_ece={supported=1, vendor_id=0x15b3, options=0x30000000, comp_mask=0x0}
a100-llm-02:1431410:1431512 [6] NCCL INFO NET/IB: NCCL Dev 12 IbDev 8 Port 1 qpn 1218 mtu 5 GID 3 (0/58B013C6FFFF0000) ctsFifoRkey=0x56d2b ctsFifoLkey=0x56d2b
a100-llm-02:1431410:1431512 [6] NCCL INFO NET/IB: IbDev 8 Port 1 qpn 1218 query_ece={supported=1, vendor_id=0x15b3, options=0x30000000, comp_mask=0x0}
a100-llm-02:1431410:1431514 [7] NCCL INFO NET/IB: NCCL Dev 12 IbDev 7 Port 1 qpn 1477 mtu 5 GID 3 (0/455A13C6FFFF0000) ctsFifoRkey=0x90302 ctsFifoLkey=0x90302
a100-llm-02:1431410:1431514 [7] NCCL INFO NET/IB: IbDev 7 Port 1 qpn 1477 query_ece={supported=1, vendor_id=0x15b3, options=0x30000000, comp_mask=0x0}
a100-llm-02:1431410:1431514 [7] NCCL INFO NET/IB: NCCL Dev 12 IbDev 8 Port 1 qpn 1221 mtu 5 GID 3 (0/58B013C6FFFF0000) ctsFifoRkey=0x52ceb ctsFifoLkey=0x52ceb
a100-llm-02:1431410:1431514 [7] NCCL INFO NET/IB: IbDev 8 Port 1 qpn 1221 query_ece={supported=1, vendor_id=0x15b3, options=0x30000000, comp_mask=0x0}
a100-llm-02:1431410:1431512 [6] NCCL INFO NET/IB: IbDev 7 Port 1 qpn 1472 set_ece={supported=1, vendor_id=0x15b3, options=0x30000000, comp_mask=0x0}
a100-llm-02:1431410:1431512 [6] NCCL INFO NET/IB: IbDev 8 Port 1 qpn 1216 set_ece={supported=1, vendor_id=0x15b3, options=0x30000000, comp_mask=0x0}
a100-llm-02:1431410:1431515 [1] NCCL INFO NET/IB: NCCL Dev 9 IbDev 1 Port 1 qpn 1473 mtu 5 GID 3 (0/F74413C6FFFF0000) ctsFifoRkey=0x92728 ctsFifoLkey=0x92728
a100-llm-02:1431410:1431515 [1] NCCL INFO NET/IB: IbDev 1 Port 1 qpn 1473 query_ece={supported=1, vendor_id=0x15b3, options=0x30000000, comp_mask=0x0}
a100-llm-02:1431410:1431515 [1] NCCL INFO NET/IB: NCCL Dev 9 IbDev 2 Port 1 qpn 1217 mtu 5 GID 3 (0/A3F13C6FFFF0000) ctsFifoRkey=0x58442 ctsFifoLkey=0x58442
a100-llm-02:1431410:1431515 [1] NCCL INFO NET/IB: IbDev 2 Port 1 qpn 1217 query_ece={supported=1, vendor_id=0x15b3, options=0x30000000, comp_mask=0x0}
a100-llm-02:1431410:1431515 [1] NCCL INFO NET/IB: IbDev 1 Port 1 qpn 1471 set_ece={supported=1, vendor_id=0x15b3, options=0x30000000, comp_mask=0x0}
a100-llm-02:1431410:1431514 [7] NCCL INFO NET/IB: IbDev 7 Port 1 qpn 1473 set_ece={supported=1, vendor_id=0x15b3, options=0x30000000, comp_mask=0x0}
a100-llm-02:1431410:1431514 [7] NCCL INFO NET/IB: IbDev 8 Port 1 qpn 1217 set_ece={supported=1, vendor_id=0x15b3, options=0x30000000, comp_mask=0x0}
a100-llm-02:1431410:1431515 [1] NCCL INFO NET/IB: IbDev 2 Port 1 qpn 1215 set_ece={supported=1, vendor_id=0x15b3, options=0x30000000, comp_mask=0x0}
a100-llm-02:1431410:1431512 [6] NCCL INFO NET/IB: IbDev 7 Port 1 qpn 1475 set_ece={supported=1, vendor_id=0x15b3, options=0x30000000, comp_mask=0x0}
a100-llm-02:1431410:1431512 [6] NCCL INFO NET/IB: IbDev 8 Port 1 qpn 1218 set_ece={supported=1, vendor_id=0x15b3, options=0x30000000, comp_mask=0x0}
a100-llm-02:1431410:1431518 [0] NCCL INFO NET/IB: NCCL Dev 9 IbDev 1 Port 1 qpn 1475 mtu 5 GID 3 (0/F74413C6FFFF0000) ctsFifoRkey=0x99390 ctsFifoLkey=0x99390
a100-llm-02:1431410:1431518 [0] NCCL INFO NET/IB: IbDev 1 Port 1 qpn 1475 query_ece={supported=1, vendor_id=0x15b3, options=0x30000000, comp_mask=0x0}
a100-llm-02:1431410:1431518 [0] NCCL INFO NET/IB: NCCL Dev 9 IbDev 2 Port 1 qpn 1219 mtu 5 GID 3 (0/A3F13C6FFFF0000) ctsFifoRkey=0x5df9e ctsFifoLkey=0x5df9e
a100-llm-02:1431410:1431518 [0] NCCL INFO NET/IB: IbDev 2 Port 1 qpn 1219 query_ece={supported=1, vendor_id=0x15b3, options=0x30000000, comp_mask=0x0}
a100-llm-02:1431410:1431515 [1] NCCL INFO NET/IB: IbDev 1 Port 1 qpn 1473 set_ece={supported=1, vendor_id=0x15b3, options=0x30000000, comp_mask=0x0}
a100-llm-02:1431410:1431518 [0] NCCL INFO NET/IB: IbDev 1 Port 1 qpn 1468 set_ece={supported=1, vendor_id=0x15b3, options=0x30000000, comp_mask=0x0}
a100-llm-02:1431410:1431518 [0] NCCL INFO NET/IB: IbDev 2 Port 1 qpn 1212 set_ece={supported=1, vendor_id=0x15b3, options=0x30000000, comp_mask=0x0}
a100-llm-02:1431410:1431515 [1] NCCL INFO NET/IB: IbDev 2 Port 1 qpn 1217 set_ece={supported=1, vendor_id=0x15b3, options=0x30000000, comp_mask=0x0}
a100-llm-02:1431410:1431514 [7] NCCL INFO NET/IB: IbDev 7 Port 1 qpn 1477 set_ece={supported=1, vendor_id=0x15b3, options=0x30000000, comp_mask=0x0}
a100-llm-02:1431410:1431514 [7] NCCL INFO NET/IB: IbDev 8 Port 1 qpn 1221 set_ece={supported=1, vendor_id=0x15b3, options=0x30000000, comp_mask=0x0}
a100-llm-02:1431410:1431518 [0] NCCL INFO NET/IB: IbDev 1 Port 1 qpn 1475 set_ece={supported=1, vendor_id=0x15b3, options=0x30000000, comp_mask=0x0}
a100-llm-02:1431410:1431518 [0] NCCL INFO NET/IB: IbDev 2 Port 1 qpn 1219 set_ece={supported=1, vendor_id=0x15b3, options=0x30000000, comp_mask=0x0}
[AIMD] FinalizeChunkRTT: cc=0x7fbab00659a0 slot=0 inflight_before=1
[AIMD] FinalizeChunkRTT: cc=0x7fbab40659a0 slot=463 inflight_before=1
warmup done.
[AIMD] FinalizeChunkRTT: cc=0x7fbac0065420 slot=27 inflight_before=8
[AIMD] FinalizeChunkRTT: cc=0x7fbad4017320 slot=517 inflight_before=1
a100-llm-02:1431410:1431507 [0] NCCL INFO V2MIN: pressure=1.000 (fast=0.217 slow=0.001 dev=0.2162) state=SHRINK window=204 floor=204 high=2917 low=0 ncc=16
[AIMD] FinalizeChunkRTT: cc=0x7fbab40659a0 slot=1020 inflight_before=1
[AIMD] FinalizeChunkRTT: cc=0x7fbac0065420 slot=472 inflight_before=1
[AIMD] FinalizeChunkRTT: cc=0x7fbac8065980 slot=955 inflight_before=2
[AIMD] FinalizeChunkRTT: cc=0x7fbab40659a0 slot=684 inflight_before=8
[AIMD] FinalizeChunkRTT: cc=0x7fbac0065420 slot=47 inflight_before=1
a100-llm-02:1431410:1431507 [0] NCCL INFO V2MIN: pressure=1.000 (fast=0.161 slow=0.001 dev=0.1593) state=SHRINK window=204 floor=204 high=7651 low=0 ncc=16
[AIMD] FinalizeChunkRTT: cc=0x7fbacc001000 slot=468 inflight_before=1
[AIMD] FinalizeChunkRTT: cc=0x7fbab40659a0 slot=96 inflight_before=5
[AIMD] FinalizeChunkRTT: cc=0x7fbab00659a0 slot=578 inflight_before=1
[AIMD] FinalizeChunkRTT: cc=0x7fbab0065be0 slot=57 inflight_before=1
[AIMD] FinalizeChunkRTT: cc=0x7fbab40659a0 slot=602 inflight_before=1
a100-llm-02:1431410:1431507 [0] NCCL INFO V2MIN: pressure=1.000 (fast=0.350 slow=0.001 dev=0.3489) state=SHRINK window=204 floor=204 high=12382 low=0 ncc=16
[AIMD] FinalizeChunkRTT: cc=0x7fbac4001000 slot=70 inflight_before=1
CSV written to: oracle_results/6_v2_minimal_pinned_with_stress_20260409_111448_r1.csv

========================================
  Oracle Experiment Results
========================================
Config: nDev=8  count=1048576  data=4.19 MB  iters=500
NCCL_AIMD_ENABLE=1  NCCL_CC_ORACLE_FACTOR=(unset)

Wall-clock latency (us):
  mean= 26816.8  stddev= 13966.2
  p50 = 26502.0  p99   = 63748.0  max= 73640.4

Collective max GPU latency (us):
  mean= 22238.5  stddev= 11933.6
  p50 = 21588.0  p99   = 52180.0  max= 61222.9

Rank skew (us):
  mean=  3870.4  stddev=  5533.5
  p50 =   329.2  p99   = 21122.3  max= 33934.3

Avg algo bandwidth: 0.27 GB/s
========================================

