a100-llm-02:1528178:1528368 [1] NCCL INFO Connected to proxy localRank 0 -> connection 0x7f03c4000d88
a100-llm-02:1528178:1528368 [1] NCCL INFO Channel 01/0 : 0[0] -> 1[1] [receive] via NET/IB/9/GDRDMA
a100-llm-02:1528178:1528368 [1] NCCL INFO GPU Direct RDMA Enabled for GPU/0-1020000 (rank 1) - NET/0-9 (distance 5 <= 6, read 1, mode Default)
a100-llm-02:1528178:1528355 [1] NCCL INFO New proxy send connection 2 from local rank 0, transport 2
a100-llm-02:1528178:1528368 [1] NCCL INFO Connected to proxy localRank 0 -> connection 0x7f03c4000e00
a100-llm-02:1528178:1528368 [1] NCCL INFO Channel 00/0 : 1[1] -> 2[2] [send] via NET/IB/9/GDRDMA
a100-llm-02:1528178:1528368 [1] NCCL INFO GPU Direct RDMA Enabled for GPU/0-1020000 (rank 1) - NET/0-9 (distance 5 <= 6, read 1, mode Default)
a100-llm-02:1528178:1528355 [1] NCCL INFO New proxy send connection 3 from local rank 0, transport 2
a100-llm-02:1528178:1528368 [1] NCCL INFO Connected to proxy localRank 0 -> connection 0x7f03c4000e78
a100-llm-02:1528178:1528368 [1] NCCL INFO Channel 01/0 : 1[1] -> 2[2] [send] via NET/IB/9/GDRDMA
a100-llm-02:1528178:1528341 [4] NCCL INFO New proxy recv connection 0 from local rank 0, transport 2
a100-llm-02:1528178:1528345 [2] NCCL INFO New proxy recv connection 0 from local rank 0, transport 2
a100-llm-02:1528178:1528365 [4] NCCL INFO Connected to proxy localRank 0 -> connection 0x7f0507fa2520
a100-llm-02:1528178:1528365 [4] NCCL INFO Channel 00/0 : 3[3] -> 4[4] [receive] via NET/IB/11/GDRDMA
a100-llm-02:1528178:1528365 [4] NCCL INFO GPU Direct RDMA Enabled for GPU/0-1036368 (rank 4) - NET/0-11 (distance 5 <= 6, read 0, mode Default)
a100-llm-02:1528178:1528341 [4] NCCL INFO New proxy recv connection 1 from local rank 0, transport 2
a100-llm-02:1528178:1528365 [4] NCCL INFO Connected to proxy localRank 0 -> connection 0x7f0507fa2598
a100-llm-02:1528178:1528365 [4] NCCL INFO Channel 01/0 : 3[3] -> 4[4] [receive] via NET/IB/11/GDRDMA
a100-llm-02:1528178:1528365 [4] NCCL INFO GPU Direct RDMA Enabled for GPU/0-1036368 (rank 4) - NET/0-11 (distance 5 <= 6, read 1, mode Default)
a100-llm-02:1528178:1528341 [4] NCCL INFO New proxy send connection 2 from local rank 0, transport 2
a100-llm-02:1528178:1528365 [4] NCCL INFO Connected to proxy localRank 0 -> connection 0x7f0507fa2610
a100-llm-02:1528178:1528365 [4] NCCL INFO Channel 00/0 : 4[4] -> 5[5] [send] via NET/IB/11/GDRDMA
a100-llm-02:1528178:1528365 [4] NCCL INFO GPU Direct RDMA Enabled for GPU/0-1036368 (rank 4) - NET/0-11 (distance 5 <= 6, read 1, mode Default)
a100-llm-02:1528178:1528341 [4] NCCL INFO New proxy send connection 3 from local rank 0, transport 2
a100-llm-02:1528178:1528365 [4] NCCL INFO Connected to proxy localRank 0 -> connection 0x7f0507fa2688
a100-llm-02:1528178:1528365 [4] NCCL INFO Channel 01/0 : 4[4] -> 5[5] [send] via NET/IB/11/GDRDMA
a100-llm-02:1528178:1528367 [2] NCCL INFO Connected to proxy localRank 0 -> connection 0x7f03d4000d10
a100-llm-02:1528178:1528367 [2] NCCL INFO Channel 00/0 : 1[1] -> 2[2] [receive] via NET/IB/10/GDRDMA
a100-llm-02:1528178:1528367 [2] NCCL INFO GPU Direct RDMA Enabled for GPU/0-1028176 (rank 2) - NET/0-10 (distance 5 <= 6, read 0, mode Default)
a100-llm-02:1528178:1528347 [6] NCCL INFO New proxy recv connection 0 from local rank 0, transport 2
a100-llm-02:1528178:1528343 [5] NCCL INFO New proxy recv connection 0 from local rank 0, transport 2
a100-llm-02:1528178:1528351 [7] NCCL INFO New proxy recv connection 0 from local rank 0, transport 2
a100-llm-02:1528178:1528345 [2] NCCL INFO New proxy recv connection 1 from local rank 0, transport 2
a100-llm-02:1528178:1528367 [2] NCCL INFO Connected to proxy localRank 0 -> connection 0x7f03d4000d88
a100-llm-02:1528178:1528367 [2] NCCL INFO Channel 01/0 : 1[1] -> 2[2] [receive] via NET/IB/10/GDRDMA
a100-llm-02:1528178:1528367 [2] NCCL INFO GPU Direct RDMA Enabled for GPU/0-1028176 (rank 2) - NET/0-10 (distance 5 <= 6, read 1, mode Default)
a100-llm-02:1528178:1528345 [2] NCCL INFO New proxy send connection 2 from local rank 0, transport 2
a100-llm-02:1528178:1528367 [2] NCCL INFO Connected to proxy localRank 0 -> connection 0x7f03d4000e00
a100-llm-02:1528178:1528367 [2] NCCL INFO Channel 00/0 : 2[2] -> 3[3] [send] via NET/IB/10/GDRDMA
a100-llm-02:1528178:1528367 [2] NCCL INFO GPU Direct RDMA Enabled for GPU/0-1028176 (rank 2) - NET/0-10 (distance 5 <= 6, read 1, mode Default)
a100-llm-02:1528178:1528345 [2] NCCL INFO New proxy send connection 3 from local rank 0, transport 2
a100-llm-02:1528178:1528367 [2] NCCL INFO Connected to proxy localRank 0 -> connection 0x7f03d4000e78
a100-llm-02:1528178:1528367 [2] NCCL INFO Channel 01/0 : 2[2] -> 3[3] [send] via NET/IB/10/GDRDMA
a100-llm-02:1528178:1528349 [3] NCCL INFO New proxy recv connection 0 from local rank 0, transport 2
a100-llm-02:1528178:1528366 [3] NCCL INFO Connected to proxy localRank 0 -> connection 0x7f0523fa26b0
a100-llm-02:1528178:1528353 [0] NCCL INFO New proxy recv connection 0 from local rank 0, transport 2
a100-llm-02:1528178:1528366 [3] NCCL INFO Channel 00/0 : 2[2] -> 3[3] [receive] via NET/IB/10/GDRDMA
a100-llm-02:1528178:1528366 [3] NCCL INFO GPU Direct RDMA Enabled for GPU/0-1028192 (rank 3) - NET/0-10 (distance 5 <= 6, read 0, mode Default)
a100-llm-02:1528178:1528349 [3] NCCL INFO New proxy recv connection 1 from local rank 0, transport 2
a100-llm-02:1528178:1528366 [3] NCCL INFO Connected to proxy localRank 0 -> connection 0x7f0523fa2728
a100-llm-02:1528178:1528366 [3] NCCL INFO Channel 01/0 : 2[2] -> 3[3] [receive] via NET/IB/10/GDRDMA
a100-llm-02:1528178:1528366 [3] NCCL INFO GPU Direct RDMA Enabled for GPU/0-1028192 (rank 3) - NET/0-10 (distance 5 <= 6, read 1, mode Default)
a100-llm-02:1528178:1528349 [3] NCCL INFO New proxy send connection 2 from local rank 0, transport 2
a100-llm-02:1528178:1528366 [3] NCCL INFO Connected to proxy localRank 0 -> connection 0x7f0523fa27a0
a100-llm-02:1528178:1528366 [3] NCCL INFO Channel 00/0 : 3[3] -> 4[4] [send] via NET/IB/10/GDRDMA
a100-llm-02:1528178:1528366 [3] NCCL INFO GPU Direct RDMA Enabled for GPU/0-1028192 (rank 3) - NET/0-10 (distance 5 <= 6, read 1, mode Default)
a100-llm-02:1528178:1528349 [3] NCCL INFO New proxy send connection 3 from local rank 0, transport 2
a100-llm-02:1528178:1528366 [3] NCCL INFO Connected to proxy localRank 0 -> connection 0x7f0523fa2818
a100-llm-02:1528178:1528366 [3] NCCL INFO Channel 01/0 : 3[3] -> 4[4] [send] via NET/IB/10/GDRDMA
a100-llm-02:1528178:1528363 [6] NCCL INFO Connected to proxy localRank 0 -> connection 0x7f03dc000d10
a100-llm-02:1528178:1528363 [6] NCCL INFO Channel 00/0 : 5[5] -> 6[6] [receive] via NET/IB/12/GDRDMA
a100-llm-02:1528178:1528363 [6] NCCL INFO GPU Direct RDMA Enabled for GPU/0-1044560 (rank 6) - NET/0-12 (distance 5 <= 6, read 0, mode Default)
a100-llm-02:1528178:1528347 [6] NCCL INFO New proxy recv connection 1 from local rank 0, transport 2
a100-llm-02:1528178:1528363 [6] NCCL INFO Connected to proxy localRank 0 -> connection 0x7f03dc000d88
a100-llm-02:1528178:1528363 [6] NCCL INFO Channel 01/0 : 5[5] -> 6[6] [receive] via NET/IB/12/GDRDMA
a100-llm-02:1528178:1528363 [6] NCCL INFO GPU Direct RDMA Enabled for GPU/0-1044560 (rank 6) - NET/0-12 (distance 5 <= 6, read 1, mode Default)
a100-llm-02:1528178:1528347 [6] NCCL INFO New proxy send connection 2 from local rank 0, transport 2
a100-llm-02:1528178:1528363 [6] NCCL INFO Connected to proxy localRank 0 -> connection 0x7f03dc000e00
a100-llm-02:1528178:1528363 [6] NCCL INFO Channel 00/0 : 6[6] -> 7[7] [send] via NET/IB/12/GDRDMA
a100-llm-02:1528178:1528363 [6] NCCL INFO GPU Direct RDMA Enabled for GPU/0-1044560 (rank 6) - NET/0-12 (distance 5 <= 6, read 1, mode Default)
a100-llm-02:1528178:1528347 [6] NCCL INFO New proxy send connection 3 from local rank 0, transport 2
a100-llm-02:1528178:1528363 [6] NCCL INFO Connected to proxy localRank 0 -> connection 0x7f03dc000e78
a100-llm-02:1528178:1528363 [6] NCCL INFO Channel 01/0 : 6[6] -> 7[7] [send] via NET/IB/12/GDRDMA
a100-llm-02:1528178:1528345 [2] NCCL INFO NET/IB: NCCL Dev 10 IbDev 3 Port 1 qpn 2044 mtu 5 GID 3 (0/340D13C6FFFF0000) ctsFifoRkey=0x1b8483 ctsFifoLkey=0x1b8483
a100-llm-02:1528178:1528345 [2] NCCL INFO NET/IB: IbDev 3 Port 1 qpn 2044 query_ece={supported=1, vendor_id=0x15b3, options=0x30000000, comp_mask=0x0}
a100-llm-02:1528178:1528362 [7] NCCL INFO Connected to proxy localRank 0 -> connection 0x7f040c000d10
a100-llm-02:1528178:1528362 [7] NCCL INFO Channel 00/0 : 6[6] -> 7[7] [receive] via NET/IB/12/GDRDMA
a100-llm-02:1528178:1528362 [7] NCCL INFO GPU Direct RDMA Enabled for GPU/0-1044576 (rank 7) - NET/0-12 (distance 5 <= 6, read 0, mode Default)
a100-llm-02:1528178:1528351 [7] NCCL INFO New proxy recv connection 1 from local rank 0, transport 2
a100-llm-02:1528178:1528362 [7] NCCL INFO Connected to proxy localRank 0 -> connection 0x7f040c000d88
a100-llm-02:1528178:1528362 [7] NCCL INFO Channel 01/0 : 6[6] -> 7[7] [receive] via NET/IB/12/GDRDMA
a100-llm-02:1528178:1528362 [7] NCCL INFO GPU Direct RDMA Enabled for GPU/0-1044576 (rank 7) - NET/0-12 (distance 5 <= 6, read 1, mode Default)
a100-llm-02:1528178:1528351 [7] NCCL INFO New proxy send connection 2 from local rank 0, transport 2
a100-llm-02:1528178:1528362 [7] NCCL INFO Connected to proxy localRank 0 -> connection 0x7f040c000e00
a100-llm-02:1528178:1528362 [7] NCCL INFO Channel 00/0 : 7[7] -> 0[0] [send] via NET/IB/12/GDRDMA
a100-llm-02:1528178:1528362 [7] NCCL INFO GPU Direct RDMA Enabled for GPU/0-1044576 (rank 7) - NET/0-12 (distance 5 <= 6, read 1, mode Default)
a100-llm-02:1528178:1528351 [7] NCCL INFO New proxy send connection 3 from local rank 0, transport 2
a100-llm-02:1528178:1528362 [7] NCCL INFO Connected to proxy localRank 0 -> connection 0x7f040c000e78
a100-llm-02:1528178:1528362 [7] NCCL INFO Channel 01/0 : 7[7] -> 0[0] [send] via NET/IB/12/GDRDMA
a100-llm-02:1528178:1528364 [5] NCCL INFO Connected to proxy localRank 0 -> connection 0x7f0513fa2310
a100-llm-02:1528178:1528364 [5] NCCL INFO Channel 00/0 : 4[4] -> 5[5] [receive] via NET/IB/11/GDRDMA
a100-llm-02:1528178:1528364 [5] NCCL INFO GPU Direct RDMA Enabled for GPU/0-1036384 (rank 5) - NET/0-11 (distance 5 <= 6, read 0, mode Default)
a100-llm-02:1528178:1528343 [5] NCCL INFO New proxy recv connection 1 from local rank 0, transport 2
a100-llm-02:1528178:1528364 [5] NCCL INFO Connected to proxy localRank 0 -> connection 0x7f0513fa2388
a100-llm-02:1528178:1528364 [5] NCCL INFO Channel 01/0 : 4[4] -> 5[5] [receive] via NET/IB/11/GDRDMA
a100-llm-02:1528178:1528364 [5] NCCL INFO GPU Direct RDMA Enabled for GPU/0-1036384 (rank 5) - NET/0-11 (distance 5 <= 6, read 1, mode Default)
a100-llm-02:1528178:1528343 [5] NCCL INFO New proxy send connection 2 from local rank 0, transport 2
a100-llm-02:1528178:1528364 [5] NCCL INFO Connected to proxy localRank 0 -> connection 0x7f0513fa2400
a100-llm-02:1528178:1528364 [5] NCCL INFO Channel 00/0 : 5[5] -> 6[6] [send] via NET/IB/11/GDRDMA
a100-llm-02:1528178:1528364 [5] NCCL INFO GPU Direct RDMA Enabled for GPU/0-1036384 (rank 5) - NET/0-11 (distance 5 <= 6, read 1, mode Default)
a100-llm-02:1528178:1528343 [5] NCCL INFO New proxy send connection 3 from local rank 0, transport 2
a100-llm-02:1528178:1528364 [5] NCCL INFO Connected to proxy localRank 0 -> connection 0x7f0513fa2478
a100-llm-02:1528178:1528364 [5] NCCL INFO Channel 01/0 : 5[5] -> 6[6] [send] via NET/IB/11/GDRDMA
a100-llm-02:1528178:1528345 [2] NCCL INFO NET/IB: NCCL Dev 10 IbDev 4 Port 1 qpn 1788 mtu 5 GID 3 (0/462613C6FFFF0000) ctsFifoRkey=0x17f3b4 ctsFifoLkey=0x17f3b4
a100-llm-02:1528178:1528345 [2] NCCL INFO NET/IB: IbDev 4 Port 1 qpn 1788 query_ece={supported=1, vendor_id=0x15b3, options=0x30000000, comp_mask=0x0}
a100-llm-02:1528178:1528341 [4] NCCL INFO NET/IB: NCCL Dev 11 IbDev 5 Port 1 qpn 2044 mtu 5 GID 3 (0/5E0113C6FFFF0000) ctsFifoRkey=0x1ac3c1 ctsFifoLkey=0x1ac3c1
a100-llm-02:1528178:1528341 [4] NCCL INFO NET/IB: IbDev 5 Port 1 qpn 2044 query_ece={supported=1, vendor_id=0x15b3, options=0x30000000, comp_mask=0x0}
a100-llm-02:1528178:1528341 [4] NCCL INFO NET/IB: NCCL Dev 11 IbDev 6 Port 1 qpn 1788 mtu 5 GID 3 (0/AF0713C6FFFF0000) ctsFifoRkey=0x1714d3 ctsFifoLkey=0x1714d3
a100-llm-02:1528178:1528341 [4] NCCL INFO NET/IB: IbDev 6 Port 1 qpn 1788 query_ece={supported=1, vendor_id=0x15b3, options=0x30000000, comp_mask=0x0}
a100-llm-02:1528178:1528369 [0] NCCL INFO Connected to proxy localRank 0 -> connection 0x7f051bfa3510
a100-llm-02:1528178:1528369 [0] NCCL INFO Channel 00/0 : 7[7] -> 0[0] [receive] via NET/IB/9/GDRDMA
a100-llm-02:1528178:1528369 [0] NCCL INFO GPU Direct RDMA Enabled for GPU/0-1019984 (rank 0) - NET/0-9 (distance 5 <= 6, read 0, mode Default)
a100-llm-02:1528178:1528349 [3] NCCL INFO NET/IB: NCCL Dev 10 IbDev 3 Port 1 qpn 2045 mtu 5 GID 3 (0/340D13C6FFFF0000) ctsFifoRkey=0x1b5352 ctsFifoLkey=0x1b5352
a100-llm-02:1528178:1528349 [3] NCCL INFO NET/IB: IbDev 3 Port 1 qpn 2045 query_ece={supported=1, vendor_id=0x15b3, options=0x30000000, comp_mask=0x0}
a100-llm-02:1528178:1528349 [3] NCCL INFO NET/IB: NCCL Dev 10 IbDev 4 Port 1 qpn 1789 mtu 5 GID 3 (0/462613C6FFFF0000) ctsFifoRkey=0x17c584 ctsFifoLkey=0x17c584
a100-llm-02:1528178:1528349 [3] NCCL INFO NET/IB: IbDev 4 Port 1 qpn 1789 query_ece={supported=1, vendor_id=0x15b3, options=0x30000000, comp_mask=0x0}
a100-llm-02:1528178:1528353 [0] NCCL INFO New proxy recv connection 1 from local rank 0, transport 2
a100-llm-02:1528178:1528369 [0] NCCL INFO Connected to proxy localRank 0 -> connection 0x7f051bfa3588
a100-llm-02:1528178:1528369 [0] NCCL INFO Channel 01/0 : 7[7] -> 0[0] [receive] via NET/IB/9/GDRDMA
a100-llm-02:1528178:1528369 [0] NCCL INFO GPU Direct RDMA Enabled for GPU/0-1019984 (rank 0) - NET/0-9 (distance 5 <= 6, read 1, mode Default)
a100-llm-02:1528178:1528353 [0] NCCL INFO New proxy send connection 2 from local rank 0, transport 2
a100-llm-02:1528178:1528369 [0] NCCL INFO Connected to proxy localRank 0 -> connection 0x7f051bfa3600
a100-llm-02:1528178:1528343 [5] NCCL INFO NET/IB: NCCL Dev 11 IbDev 5 Port 1 qpn 2047 mtu 5 GID 3 (0/5E0113C6FFFF0000) ctsFifoRkey=0x1acfce ctsFifoLkey=0x1acfce
a100-llm-02:1528178:1528343 [5] NCCL INFO NET/IB: IbDev 5 Port 1 qpn 2047 query_ece={supported=1, vendor_id=0x15b3, options=0x30000000, comp_mask=0x0}
a100-llm-02:1528178:1528343 [5] NCCL INFO NET/IB: NCCL Dev 11 IbDev 6 Port 1 qpn 1791 mtu 5 GID 3 (0/AF0713C6FFFF0000) ctsFifoRkey=0x1723e2 ctsFifoLkey=0x1723e2
a100-llm-02:1528178:1528343 [5] NCCL INFO NET/IB: IbDev 6 Port 1 qpn 1791 query_ece={supported=1, vendor_id=0x15b3, options=0x30000000, comp_mask=0x0}
a100-llm-02:1528178:1528369 [0] NCCL INFO Channel 00/0 : 0[0] -> 1[1] [send] via NET/IB/9/GDRDMA
a100-llm-02:1528178:1528369 [0] NCCL INFO GPU Direct RDMA Enabled for GPU/0-1019984 (rank 0) - NET/0-9 (distance 5 <= 6, read 1, mode Default)
a100-llm-02:1528178:1528353 [0] NCCL INFO New proxy send connection 3 from local rank 0, transport 2
a100-llm-02:1528178:1528369 [0] NCCL INFO Connected to proxy localRank 0 -> connection 0x7f051bfa3678
a100-llm-02:1528178:1528369 [0] NCCL INFO Channel 01/0 : 0[0] -> 1[1] [send] via NET/IB/9/GDRDMA
a100-llm-02:1528178:1528343 [5] NCCL INFO NET/IB: NCCL Dev 11 IbDev 5 Port 1 qpn 2048 mtu 5 GID 3 (0/5E0113C6FFFF0000) ctsFifoRkey=0x1adcdb ctsFifoLkey=0x1adcdb
a100-llm-02:1528178:1528343 [5] NCCL INFO NET/IB: IbDev 5 Port 1 qpn 2048 query_ece={supported=1, vendor_id=0x15b3, options=0x30000000, comp_mask=0x0}
a100-llm-02:1528178:1528345 [2] NCCL INFO NET/IB: NCCL Dev 10 IbDev 3 Port 1 qpn 2046 mtu 5 GID 3 (0/340D13C6FFFF0000) ctsFifoRkey=0x1b4746 ctsFifoLkey=0x1b4746
a100-llm-02:1528178:1528345 [2] NCCL INFO NET/IB: IbDev 3 Port 1 qpn 2046 query_ece={supported=1, vendor_id=0x15b3, options=0x30000000, comp_mask=0x0}
a100-llm-02:1528178:1528343 [5] NCCL INFO NET/IB: NCCL Dev 11 IbDev 6 Port 1 qpn 1792 mtu 5 GID 3 (0/AF0713C6FFFF0000) ctsFifoRkey=0x172fee ctsFifoLkey=0x172fee
a100-llm-02:1528178:1528343 [5] NCCL INFO NET/IB: IbDev 6 Port 1 qpn 1792 query_ece={supported=1, vendor_id=0x15b3, options=0x30000000, comp_mask=0x0}
a100-llm-02:1528178:1528345 [2] NCCL INFO NET/IB: NCCL Dev 10 IbDev 4 Port 1 qpn 1791 mtu 5 GID 3 (0/462613C6FFFF0000) ctsFifoRkey=0x17ecaa ctsFifoLkey=0x17ecaa
a100-llm-02:1528178:1528345 [2] NCCL INFO NET/IB: IbDev 4 Port 1 qpn 1791 query_ece={supported=1, vendor_id=0x15b3, options=0x30000000, comp_mask=0x0}
a100-llm-02:1528178:1528341 [4] NCCL INFO NET/IB: NCCL Dev 11 IbDev 5 Port 1 qpn 2049 mtu 5 GID 3 (0/5E0113C6FFFF0000) ctsFifoRkey=0x1b6b6a ctsFifoLkey=0x1b6b6a
a100-llm-02:1528178:1528341 [4] NCCL INFO NET/IB: IbDev 5 Port 1 qpn 2049 query_ece={supported=1, vendor_id=0x15b3, options=0x30000000, comp_mask=0x0}
a100-llm-02:1528178:1528341 [4] NCCL INFO NET/IB: NCCL Dev 11 IbDev 6 Port 1 qpn 1793 mtu 5 GID 3 (0/AF0713C6FFFF0000) ctsFifoRkey=0x17bd7d ctsFifoLkey=0x17bd7d
a100-llm-02:1528178:1528341 [4] NCCL INFO NET/IB: IbDev 6 Port 1 qpn 1793 query_ece={supported=1, vendor_id=0x15b3, options=0x30000000, comp_mask=0x0}
a100-llm-02:1528178:1528341 [4] NCCL INFO NET/IB: IbDev 5 Port 1 qpn 2044 set_ece={supported=1, vendor_id=0x15b3, options=0x30000000, comp_mask=0x0}
a100-llm-02:1528178:1528341 [4] NCCL INFO NET/IB: IbDev 6 Port 1 qpn 1788 set_ece={supported=1, vendor_id=0x15b3, options=0x30000000, comp_mask=0x0}
a100-llm-02:1528178:1528345 [2] NCCL INFO NET/IB: IbDev 3 Port 1 qpn 2044 set_ece={supported=1, vendor_id=0x15b3, options=0x30000000, comp_mask=0x0}
a100-llm-02:1528178:1528345 [2] NCCL INFO NET/IB: IbDev 4 Port 1 qpn 1788 set_ece={supported=1, vendor_id=0x15b3, options=0x30000000, comp_mask=0x0}
a100-llm-02:1528178:1528349 [3] NCCL INFO NET/IB: NCCL Dev 10 IbDev 3 Port 1 qpn 2049 mtu 5 GID 3 (0/340D13C6FFFF0000) ctsFifoRkey=0x23eeae ctsFifoLkey=0x23eeae
a100-llm-02:1528178:1528349 [3] NCCL INFO NET/IB: IbDev 3 Port 1 qpn 2049 query_ece={supported=1, vendor_id=0x15b3, options=0x30000000, comp_mask=0x0}
a100-llm-02:1528178:1528349 [3] NCCL INFO NET/IB: NCCL Dev 10 IbDev 4 Port 1 qpn 1793 mtu 5 GID 3 (0/462613C6FFFF0000) ctsFifoRkey=0x202eae ctsFifoLkey=0x202eae
a100-llm-02:1528178:1528349 [3] NCCL INFO NET/IB: IbDev 4 Port 1 qpn 1793 query_ece={supported=1, vendor_id=0x15b3, options=0x30000000, comp_mask=0x0}
a100-llm-02:1528178:1528343 [5] NCCL INFO NET/IB: IbDev 5 Port 1 qpn 2048 set_ece={supported=1, vendor_id=0x15b3, options=0x30000000, comp_mask=0x0}
a100-llm-02:1528178:1528343 [5] NCCL INFO NET/IB: IbDev 6 Port 1 qpn 1792 set_ece={supported=1, vendor_id=0x15b3, options=0x30000000, comp_mask=0x0}
a100-llm-02:1528178:1528341 [4] NCCL INFO NET/IB: IbDev 5 Port 1 qpn 2049 set_ece={supported=1, vendor_id=0x15b3, options=0x30000000, comp_mask=0x0}
a100-llm-02:1528178:1528341 [4] NCCL INFO NET/IB: IbDev 6 Port 1 qpn 1793 set_ece={supported=1, vendor_id=0x15b3, options=0x30000000, comp_mask=0x0}
a100-llm-02:1528178:1528349 [3] NCCL INFO NET/IB: IbDev 3 Port 1 qpn 2045 set_ece={supported=1, vendor_id=0x15b3, options=0x30000000, comp_mask=0x0}
a100-llm-02:1528178:1528349 [3] NCCL INFO NET/IB: IbDev 4 Port 1 qpn 1789 set_ece={supported=1, vendor_id=0x15b3, options=0x30000000, comp_mask=0x0}
a100-llm-02:1528178:1528345 [2] NCCL INFO NET/IB: IbDev 3 Port 1 qpn 2046 set_ece={supported=1, vendor_id=0x15b3, options=0x30000000, comp_mask=0x0}
a100-llm-02:1528178:1528345 [2] NCCL INFO NET/IB: IbDev 4 Port 1 qpn 1791 set_ece={supported=1, vendor_id=0x15b3, options=0x30000000, comp_mask=0x0}
a100-llm-02:1528178:1528355 [1] NCCL INFO NET/IB: NCCL Dev 9 IbDev 1 Port 1 qpn 2044 mtu 5 GID 3 (0/F74413C6FFFF0000) ctsFifoRkey=0x1b3634 ctsFifoLkey=0x1b3634
a100-llm-02:1528178:1528355 [1] NCCL INFO NET/IB: IbDev 1 Port 1 qpn 2044 query_ece={supported=1, vendor_id=0x15b3, options=0x30000000, comp_mask=0x0}
a100-llm-02:1528178:1528355 [1] NCCL INFO NET/IB: NCCL Dev 9 IbDev 2 Port 1 qpn 1788 mtu 5 GID 3 (0/A3F13C6FFFF0000) ctsFifoRkey=0x177533 ctsFifoLkey=0x177533
a100-llm-02:1528178:1528355 [1] NCCL INFO NET/IB: IbDev 2 Port 1 qpn 1788 query_ece={supported=1, vendor_id=0x15b3, options=0x30000000, comp_mask=0x0}
a100-llm-02:1528178:1528343 [5] NCCL INFO NET/IB: IbDev 5 Port 1 qpn 2047 set_ece={supported=1, vendor_id=0x15b3, options=0x30000000, comp_mask=0x0}
a100-llm-02:1528178:1528343 [5] NCCL INFO NET/IB: IbDev 6 Port 1 qpn 1791 set_ece={supported=1, vendor_id=0x15b3, options=0x30000000, comp_mask=0x0}
a100-llm-02:1528178:1528347 [6] NCCL INFO NET/IB: NCCL Dev 12 IbDev 7 Port 1 qpn 2048 mtu 5 GID 3 (0/455A13C6FFFF0000) ctsFifoRkey=0x1ae4e3 ctsFifoLkey=0x1ae4e3
a100-llm-02:1528178:1528347 [6] NCCL INFO NET/IB: IbDev 7 Port 1 qpn 2048 query_ece={supported=1, vendor_id=0x15b3, options=0x30000000, comp_mask=0x0}
a100-llm-02:1528178:1528347 [6] NCCL INFO NET/IB: NCCL Dev 12 IbDev 8 Port 1 qpn 1792 mtu 5 GID 3 (0/58B013C6FFFF0000) ctsFifoRkey=0x16f9b9 ctsFifoLkey=0x16f9b9
a100-llm-02:1528178:1528347 [6] NCCL INFO NET/IB: IbDev 8 Port 1 qpn 1792 query_ece={supported=1, vendor_id=0x15b3, options=0x30000000, comp_mask=0x0}
a100-llm-02:1528178:1528349 [3] NCCL INFO NET/IB: IbDev 3 Port 1 qpn 2049 set_ece={supported=1, vendor_id=0x15b3, options=0x30000000, comp_mask=0x0}
a100-llm-02:1528178:1528349 [3] NCCL INFO NET/IB: IbDev 4 Port 1 qpn 1793 set_ece={supported=1, vendor_id=0x15b3, options=0x30000000, comp_mask=0x0}
a100-llm-02:1528178:1528353 [0] NCCL INFO NET/IB: NCCL Dev 9 IbDev 1 Port 1 qpn 2045 mtu 5 GID 3 (0/F74413C6FFFF0000) ctsFifoRkey=0x1b4e4d ctsFifoLkey=0x1b4e4d
a100-llm-02:1528178:1528353 [0] NCCL INFO NET/IB: IbDev 1 Port 1 qpn 2045 query_ece={supported=1, vendor_id=0x15b3, options=0x30000000, comp_mask=0x0}
a100-llm-02:1528178:1528353 [0] NCCL INFO NET/IB: NCCL Dev 9 IbDev 2 Port 1 qpn 1789 mtu 5 GID 3 (0/A3F13C6FFFF0000) ctsFifoRkey=0x178f4c ctsFifoLkey=0x178f4c
a100-llm-02:1528178:1528353 [0] NCCL INFO NET/IB: IbDev 2 Port 1 qpn 1789 query_ece={supported=1, vendor_id=0x15b3, options=0x30000000, comp_mask=0x0}
a100-llm-02:1528178:1528347 [6] NCCL INFO NET/IB: NCCL Dev 12 IbDev 7 Port 1 qpn 2049 mtu 5 GID 3 (0/455A13C6FFFF0000) ctsFifoRkey=0x1b2a29 ctsFifoLkey=0x1b2a29
a100-llm-02:1528178:1528347 [6] NCCL INFO NET/IB: IbDev 7 Port 1 qpn 2049 query_ece={supported=1, vendor_id=0x15b3, options=0x30000000, comp_mask=0x0}
a100-llm-02:1528178:1528347 [6] NCCL INFO NET/IB: NCCL Dev 12 IbDev 8 Port 1 qpn 1793 mtu 5 GID 3 (0/58B013C6FFFF0000) ctsFifoRkey=0x174302 ctsFifoLkey=0x174302
a100-llm-02:1528178:1528347 [6] NCCL INFO NET/IB: IbDev 8 Port 1 qpn 1793 query_ece={supported=1, vendor_id=0x15b3, options=0x30000000, comp_mask=0x0}
a100-llm-02:1528178:1528355 [1] NCCL INFO NET/IB: NCCL Dev 9 IbDev 1 Port 1 qpn 2047 mtu 5 GID 3 (0/F74413C6FFFF0000) ctsFifoRkey=0x1afbf8 ctsFifoLkey=0x1afbf8
a100-llm-02:1528178:1528355 [1] NCCL INFO NET/IB: IbDev 1 Port 1 qpn 2047 query_ece={supported=1, vendor_id=0x15b3, options=0x30000000, comp_mask=0x0}
a100-llm-02:1528178:1528355 [1] NCCL INFO NET/IB: NCCL Dev 9 IbDev 2 Port 1 qpn 1790 mtu 5 GID 3 (0/A3F13C6FFFF0000) ctsFifoRkey=0x1737f9 ctsFifoLkey=0x1737f9
a100-llm-02:1528178:1528355 [1] NCCL INFO NET/IB: IbDev 2 Port 1 qpn 1790 query_ece={supported=1, vendor_id=0x15b3, options=0x30000000, comp_mask=0x0}
a100-llm-02:1528178:1528355 [1] NCCL INFO NET/IB: IbDev 1 Port 1 qpn 2044 set_ece={supported=1, vendor_id=0x15b3, options=0x30000000, comp_mask=0x0}
a100-llm-02:1528178:1528355 [1] NCCL INFO NET/IB: IbDev 2 Port 1 qpn 1788 set_ece={supported=1, vendor_id=0x15b3, options=0x30000000, comp_mask=0x0}
a100-llm-02:1528178:1528353 [0] NCCL INFO NET/IB: NCCL Dev 9 IbDev 1 Port 1 qpn 2046 mtu 5 GID 3 (0/F74413C6FFFF0000) ctsFifoRkey=0x1b8a88 ctsFifoLkey=0x1b8a88
a100-llm-02:1528178:1528353 [0] NCCL INFO NET/IB: IbDev 1 Port 1 qpn 2046 query_ece={supported=1, vendor_id=0x15b3, options=0x30000000, comp_mask=0x0}
a100-llm-02:1528178:1528353 [0] NCCL INFO NET/IB: NCCL Dev 9 IbDev 2 Port 1 qpn 1791 mtu 5 GID 3 (0/A3F13C6FFFF0000) ctsFifoRkey=0x17c888 ctsFifoLkey=0x17c888
a100-llm-02:1528178:1528353 [0] NCCL INFO NET/IB: IbDev 2 Port 1 qpn 1791 query_ece={supported=1, vendor_id=0x15b3, options=0x30000000, comp_mask=0x0}
a100-llm-02:1528178:1528353 [0] NCCL INFO NET/IB: IbDev 1 Port 1 qpn 2045 set_ece={supported=1, vendor_id=0x15b3, options=0x30000000, comp_mask=0x0}
a100-llm-02:1528178:1528351 [7] NCCL INFO NET/IB: NCCL Dev 12 IbDev 7 Port 1 qpn 2050 mtu 5 GID 3 (0/455A13C6FFFF0000) ctsFifoRkey=0x1b8b8b ctsFifoLkey=0x1b8b8b
a100-llm-02:1528178:1528351 [7] NCCL INFO NET/IB: IbDev 7 Port 1 qpn 2050 query_ece={supported=1, vendor_id=0x15b3, options=0x30000000, comp_mask=0x0}
a100-llm-02:1528178:1528351 [7] NCCL INFO NET/IB: NCCL Dev 12 IbDev 8 Port 1 qpn 1794 mtu 5 GID 3 (0/58B013C6FFFF0000) ctsFifoRkey=0x17a765 ctsFifoLkey=0x17a765
a100-llm-02:1528178:1528351 [7] NCCL INFO NET/IB: IbDev 8 Port 1 qpn 1794 query_ece={supported=1, vendor_id=0x15b3, options=0x30000000, comp_mask=0x0}
a100-llm-02:1528178:1528353 [0] NCCL INFO NET/IB: IbDev 2 Port 1 qpn 1789 set_ece={supported=1, vendor_id=0x15b3, options=0x30000000, comp_mask=0x0}
a100-llm-02:1528178:1528347 [6] NCCL INFO NET/IB: IbDev 7 Port 1 qpn 2048 set_ece={supported=1, vendor_id=0x15b3, options=0x30000000, comp_mask=0x0}
a100-llm-02:1528178:1528347 [6] NCCL INFO NET/IB: IbDev 8 Port 1 qpn 1792 set_ece={supported=1, vendor_id=0x15b3, options=0x30000000, comp_mask=0x0}
a100-llm-02:1528178:1528351 [7] NCCL INFO NET/IB: NCCL Dev 12 IbDev 7 Port 1 qpn 2053 mtu 5 GID 3 (0/455A13C6FFFF0000) ctsFifoRkey=0x1b6867 ctsFifoLkey=0x1b6867
a100-llm-02:1528178:1528351 [7] NCCL INFO NET/IB: IbDev 7 Port 1 qpn 2053 query_ece={supported=1, vendor_id=0x15b3, options=0x30000000, comp_mask=0x0}
a100-llm-02:1528178:1528351 [7] NCCL INFO NET/IB: NCCL Dev 12 IbDev 8 Port 1 qpn 1797 mtu 5 GID 3 (0/58B013C6FFFF0000) ctsFifoRkey=0x178342 ctsFifoLkey=0x178342
a100-llm-02:1528178:1528351 [7] NCCL INFO NET/IB: IbDev 8 Port 1 qpn 1797 query_ece={supported=1, vendor_id=0x15b3, options=0x30000000, comp_mask=0x0}
a100-llm-02:1528178:1528347 [6] NCCL INFO NET/IB: IbDev 7 Port 1 qpn 2049 set_ece={supported=1, vendor_id=0x15b3, options=0x30000000, comp_mask=0x0}
a100-llm-02:1528178:1528347 [6] NCCL INFO NET/IB: IbDev 8 Port 1 qpn 1793 set_ece={supported=1, vendor_id=0x15b3, options=0x30000000, comp_mask=0x0}
a100-llm-02:1528178:1528355 [1] NCCL INFO NET/IB: IbDev 1 Port 1 qpn 2047 set_ece={supported=1, vendor_id=0x15b3, options=0x30000000, comp_mask=0x0}
a100-llm-02:1528178:1528355 [1] NCCL INFO NET/IB: IbDev 2 Port 1 qpn 1790 set_ece={supported=1, vendor_id=0x15b3, options=0x30000000, comp_mask=0x0}
a100-llm-02:1528178:1528353 [0] NCCL INFO NET/IB: IbDev 1 Port 1 qpn 2046 set_ece={supported=1, vendor_id=0x15b3, options=0x30000000, comp_mask=0x0}
a100-llm-02:1528178:1528353 [0] NCCL INFO NET/IB: IbDev 2 Port 1 qpn 1791 set_ece={supported=1, vendor_id=0x15b3, options=0x30000000, comp_mask=0x0}
a100-llm-02:1528178:1528351 [7] NCCL INFO NET/IB: IbDev 7 Port 1 qpn 2050 set_ece={supported=1, vendor_id=0x15b3, options=0x30000000, comp_mask=0x0}
a100-llm-02:1528178:1528351 [7] NCCL INFO NET/IB: IbDev 8 Port 1 qpn 1794 set_ece={supported=1, vendor_id=0x15b3, options=0x30000000, comp_mask=0x0}
a100-llm-02:1528178:1528351 [7] NCCL INFO NET/IB: IbDev 7 Port 1 qpn 2053 set_ece={supported=1, vendor_id=0x15b3, options=0x30000000, comp_mask=0x0}
a100-llm-02:1528178:1528351 [7] NCCL INFO NET/IB: IbDev 8 Port 1 qpn 1797 set_ece={supported=1, vendor_id=0x15b3, options=0x30000000, comp_mask=0x0}
[AIMD] FinalizeChunkRTT: cc=0x7f03cc001000 slot=0 inflight_before=1
[AIMD] FinalizeChunkRTT: cc=0x7f03d8001000 slot=294 inflight_before=1
warmup done.
[AIMD] FinalizeChunkRTT: cc=0x7f03cc001000 slot=742 inflight_before=1
[AIMD] FinalizeChunkRTT: cc=0x7f03d40c7700 slot=166 inflight_before=6
a100-llm-02:1528178:1528279 [0] NCCL INFO V2MIN: pressure=1.000 (fast=0.151 slow=0.001 dev=0.1500) state=SHRINK window=204 floor=204 high=2786 low=0 ncc=16
[AIMD] FinalizeChunkRTT: cc=0x7f03cc001000 slot=540 inflight_before=4
[AIMD] FinalizeChunkRTT: cc=0x7f03cc001000 slot=801 inflight_before=8
[AIMD] FinalizeChunkRTT: cc=0x7f03c4037400 slot=150 inflight_before=1
[AIMD] FinalizeChunkRTT: cc=0x7f03d8001000 slot=852 inflight_before=8
[AIMD] FinalizeChunkRTT: cc=0x7f03d40c7700 slot=246 inflight_before=6
a100-llm-02:1528178:1528279 [0] NCCL INFO V2MIN: pressure=1.000 (fast=0.134 slow=0.001 dev=0.1328) state=SHRINK window=204 floor=204 high=7520 low=0 ncc=16
[AIMD] FinalizeChunkRTT: cc=0x7f03e0001000 slot=682 inflight_before=8
[AIMD] FinalizeChunkRTT: cc=0x7f03d0001000 slot=104 inflight_before=1
[AIMD] FinalizeChunkRTT: cc=0x7f03e0017320 slot=510 inflight_before=1
[AIMD] FinalizeChunkRTT: cc=0x7f03cc001000 slot=944 inflight_before=1
[AIMD] FinalizeChunkRTT: cc=0x7f03c4037400 slot=210 inflight_before=4
a100-llm-02:1528178:1528279 [0] NCCL INFO V2MIN: pressure=1.000 (fast=0.135 slow=0.001 dev=0.1334) state=SHRINK window=204 floor=204 high=12253 low=0 ncc=16
[AIMD] FinalizeChunkRTT: cc=0x7f03dc006de0 slot=492 inflight_before=2
[AIMD] FinalizeChunkRTT: cc=0x7f03dc006de0 slot=771 inflight_before=3
[AIMD] FinalizeChunkRTT: cc=0x7f03d0001000 slot=29 inflight_before=1
[AIMD] FinalizeChunkRTT: cc=0x7f03d8001000 slot=325 inflight_before=2
[AIMD] FinalizeChunkRTT: cc=0x7f03c4037400 slot=618 inflight_before=1
a100-llm-02:1528178:1528279 [0] NCCL INFO V2MIN: pressure=1.000 (fast=0.197 slow=0.001 dev=0.1958) state=SHRINK window=204 floor=204 high=16986 low=0 ncc=16
[AIMD] FinalizeChunkRTT: cc=0x7f040c007000 slot=897 inflight_before=1
[AIMD] FinalizeChunkRTT: cc=0x7f03c4037400 slot=279 inflight_before=1
CSV written to: oracle_results/6_v2_minimal_pinned_with_stress_20260409_134442_r2.csv

========================================
  Oracle Experiment Results
========================================
Config: nDev=8  count=1048576  data=4.19 MB  iters=500
NCCL_AIMD_ENABLE=1  NCCL_CC_ORACLE_FACTOR=(unset)

Wall-clock latency (us):
  mean= 36746.6  stddev= 18174.3
  p50 = 34013.0  p99   = 76168.0  max= 79931.1

Collective max GPU latency (us):
  mean= 34463.8  stddev= 18018.9
  p50 = 31887.4  p99   = 75939.0  max= 79717.4

Rank skew (us):
  mean=  7860.9  stddev=  6281.0
  p50 =  6656.0  p99   = 23985.7  max= 35335.2

Avg algo bandwidth: 0.20 GB/s
========================================

