a100-llm-02:999334:999594 [5] NCCL INFO Channel 00/0 : 5[5] -> 6[6] [send] via NET/IB/11/GDRDMA
a100-llm-02:999334:999594 [5] NCCL INFO GPU Direct RDMA Enabled for GPU/0-1036384 (rank 5) - NET/0-11 (distance 5 <= 6, read 1, mode Default)
a100-llm-02:999334:999573 [5] NCCL INFO New proxy send connection 3 from local rank 0, transport 2
a100-llm-02:999334:999594 [5] NCCL INFO Connected to proxy localRank 0 -> connection 0x7fb0c8000e78
a100-llm-02:999334:999594 [5] NCCL INFO Channel 01/0 : 5[5] -> 6[6] [send] via NET/IB/11/GDRDMA
a100-llm-02:999334:999583 [2] NCCL INFO New proxy recv connection 0 from local rank 0, transport 2
a100-llm-02:999334:999598 [1] NCCL INFO Channel 00/0 : 0[0] -> 1[1] [receive] via NET/IB/9/GDRDMA
a100-llm-02:999334:999598 [1] NCCL INFO GPU Direct RDMA Enabled for GPU/0-1020000 (rank 1) - NET/0-9 (distance 5 <= 6, read 0, mode Default)
a100-llm-02:999334:999597 [2] NCCL INFO Connected to proxy localRank 0 -> connection 0x7fb22ffa2590
a100-llm-02:999334:999571 [3] NCCL INFO New proxy recv connection 0 from local rank 0, transport 2
a100-llm-02:999334:999597 [2] NCCL INFO Channel 00/0 : 1[1] -> 2[2] [receive] via NET/IB/10/GDRDMA
a100-llm-02:999334:999597 [2] NCCL INFO GPU Direct RDMA Enabled for GPU/0-1028176 (rank 2) - NET/0-10 (distance 5 <= 6, read 0, mode Default)
a100-llm-02:999334:999583 [2] NCCL INFO New proxy recv connection 1 from local rank 0, transport 2
a100-llm-02:999334:999597 [2] NCCL INFO Connected to proxy localRank 0 -> connection 0x7fb22ffa2608
a100-llm-02:999334:999597 [2] NCCL INFO Channel 01/0 : 1[1] -> 2[2] [receive] via NET/IB/10/GDRDMA
a100-llm-02:999334:999597 [2] NCCL INFO GPU Direct RDMA Enabled for GPU/0-1028176 (rank 2) - NET/0-10 (distance 5 <= 6, read 1, mode Default)
a100-llm-02:999334:999581 [1] NCCL INFO New proxy recv connection 1 from local rank 0, transport 2
a100-llm-02:999334:999596 [3] NCCL INFO Connected to proxy localRank 0 -> connection 0x7fb213fa2cd0
a100-llm-02:999334:999598 [1] NCCL INFO Connected to proxy localRank 0 -> connection 0x7fb0e4000d88
a100-llm-02:999334:999596 [3] NCCL INFO Channel 00/0 : 2[2] -> 3[3] [receive] via NET/IB/10/GDRDMA
a100-llm-02:999334:999596 [3] NCCL INFO GPU Direct RDMA Enabled for GPU/0-1028192 (rank 3) - NET/0-10 (distance 5 <= 6, read 0, mode Default)
a100-llm-02:999334:999571 [3] NCCL INFO New proxy recv connection 1 from local rank 0, transport 2
a100-llm-02:999334:999596 [3] NCCL INFO Connected to proxy localRank 0 -> connection 0x7fb213fa2d48
a100-llm-02:999334:999596 [3] NCCL INFO Channel 01/0 : 2[2] -> 3[3] [receive] via NET/IB/10/GDRDMA
a100-llm-02:999334:999596 [3] NCCL INFO GPU Direct RDMA Enabled for GPU/0-1028192 (rank 3) - NET/0-10 (distance 5 <= 6, read 1, mode Default)
a100-llm-02:999334:999571 [3] NCCL INFO New proxy send connection 2 from local rank 0, transport 2
a100-llm-02:999334:999596 [3] NCCL INFO Connected to proxy localRank 0 -> connection 0x7fb213fa2dc0
a100-llm-02:999334:999596 [3] NCCL INFO Channel 00/0 : 3[3] -> 4[4] [send] via NET/IB/10/GDRDMA
a100-llm-02:999334:999596 [3] NCCL INFO GPU Direct RDMA Enabled for GPU/0-1028192 (rank 3) - NET/0-10 (distance 5 <= 6, read 1, mode Default)
a100-llm-02:999334:999598 [1] NCCL INFO Channel 01/0 : 0[0] -> 1[1] [receive] via NET/IB/9/GDRDMA
a100-llm-02:999334:999598 [1] NCCL INFO GPU Direct RDMA Enabled for GPU/0-1020000 (rank 1) - NET/0-9 (distance 5 <= 6, read 1, mode Default)
a100-llm-02:999334:999571 [3] NCCL INFO New proxy send connection 3 from local rank 0, transport 2
a100-llm-02:999334:999596 [3] NCCL INFO Connected to proxy localRank 0 -> connection 0x7fb213fa2e38
a100-llm-02:999334:999581 [1] NCCL INFO New proxy send connection 2 from local rank 0, transport 2
a100-llm-02:999334:999596 [3] NCCL INFO Channel 01/0 : 3[3] -> 4[4] [send] via NET/IB/10/GDRDMA
a100-llm-02:999334:999598 [1] NCCL INFO Connected to proxy localRank 0 -> connection 0x7fb0e4000e00
a100-llm-02:999334:999598 [1] NCCL INFO Channel 00/0 : 1[1] -> 2[2] [send] via NET/IB/9/GDRDMA
a100-llm-02:999334:999598 [1] NCCL INFO GPU Direct RDMA Enabled for GPU/0-1020000 (rank 1) - NET/0-9 (distance 5 <= 6, read 1, mode Default)
a100-llm-02:999334:999581 [1] NCCL INFO New proxy send connection 3 from local rank 0, transport 2
a100-llm-02:999334:999598 [1] NCCL INFO Connected to proxy localRank 0 -> connection 0x7fb0e4000e78
a100-llm-02:999334:999598 [1] NCCL INFO Channel 01/0 : 1[1] -> 2[2] [send] via NET/IB/9/GDRDMA
a100-llm-02:999334:999577 [6] NCCL INFO New proxy recv connection 0 from local rank 0, transport 2
a100-llm-02:999334:999569 [4] NCCL INFO New proxy recv connection 0 from local rank 0, transport 2
a100-llm-02:999334:999575 [7] NCCL INFO New proxy recv connection 0 from local rank 0, transport 2
a100-llm-02:999334:999579 [0] NCCL INFO New proxy recv connection 0 from local rank 0, transport 2
a100-llm-02:999334:999593 [6] NCCL INFO Connected to proxy localRank 0 -> connection 0x7fb0d4000d10
a100-llm-02:999334:999592 [7] NCCL INFO Connected to proxy localRank 0 -> connection 0x7fb0f0000d10
a100-llm-02:999334:999592 [7] NCCL INFO Channel 00/0 : 6[6] -> 7[7] [receive] via NET/IB/12/GDRDMA
a100-llm-02:999334:999592 [7] NCCL INFO GPU Direct RDMA Enabled for GPU/0-1044576 (rank 7) - NET/0-12 (distance 5 <= 6, read 0, mode Default)
a100-llm-02:999334:999575 [7] NCCL INFO New proxy recv connection 1 from local rank 0, transport 2
a100-llm-02:999334:999593 [6] NCCL INFO Channel 00/0 : 5[5] -> 6[6] [receive] via NET/IB/12/GDRDMA
a100-llm-02:999334:999593 [6] NCCL INFO GPU Direct RDMA Enabled for GPU/0-1044560 (rank 6) - NET/0-12 (distance 5 <= 6, read 0, mode Default)
a100-llm-02:999334:999577 [6] NCCL INFO New proxy recv connection 1 from local rank 0, transport 2
a100-llm-02:999334:999592 [7] NCCL INFO Connected to proxy localRank 0 -> connection 0x7fb0f0000d88
a100-llm-02:999334:999593 [6] NCCL INFO Connected to proxy localRank 0 -> connection 0x7fb0d4000d88
a100-llm-02:999334:999592 [7] NCCL INFO Channel 01/0 : 6[6] -> 7[7] [receive] via NET/IB/12/GDRDMA
a100-llm-02:999334:999592 [7] NCCL INFO GPU Direct RDMA Enabled for GPU/0-1044576 (rank 7) - NET/0-12 (distance 5 <= 6, read 1, mode Default)
a100-llm-02:999334:999575 [7] NCCL INFO New proxy send connection 2 from local rank 0, transport 2
a100-llm-02:999334:999593 [6] NCCL INFO Channel 01/0 : 5[5] -> 6[6] [receive] via NET/IB/12/GDRDMA
a100-llm-02:999334:999593 [6] NCCL INFO GPU Direct RDMA Enabled for GPU/0-1044560 (rank 6) - NET/0-12 (distance 5 <= 6, read 1, mode Default)
a100-llm-02:999334:999577 [6] NCCL INFO New proxy send connection 2 from local rank 0, transport 2
a100-llm-02:999334:999592 [7] NCCL INFO Connected to proxy localRank 0 -> connection 0x7fb0f0000e00
a100-llm-02:999334:999593 [6] NCCL INFO Connected to proxy localRank 0 -> connection 0x7fb0d4000e00
a100-llm-02:999334:999592 [7] NCCL INFO Channel 00/0 : 7[7] -> 0[0] [send] via NET/IB/12/GDRDMA
a100-llm-02:999334:999592 [7] NCCL INFO GPU Direct RDMA Enabled for GPU/0-1044576 (rank 7) - NET/0-12 (distance 5 <= 6, read 1, mode Default)
a100-llm-02:999334:999575 [7] NCCL INFO New proxy send connection 3 from local rank 0, transport 2
a100-llm-02:999334:999593 [6] NCCL INFO Channel 00/0 : 6[6] -> 7[7] [send] via NET/IB/12/GDRDMA
a100-llm-02:999334:999593 [6] NCCL INFO GPU Direct RDMA Enabled for GPU/0-1044560 (rank 6) - NET/0-12 (distance 5 <= 6, read 1, mode Default)
a100-llm-02:999334:999577 [6] NCCL INFO New proxy send connection 3 from local rank 0, transport 2
a100-llm-02:999334:999592 [7] NCCL INFO Connected to proxy localRank 0 -> connection 0x7fb0f0000e78
a100-llm-02:999334:999593 [6] NCCL INFO Connected to proxy localRank 0 -> connection 0x7fb0d4000e78
a100-llm-02:999334:999592 [7] NCCL INFO Channel 01/0 : 7[7] -> 0[0] [send] via NET/IB/12/GDRDMA
a100-llm-02:999334:999593 [6] NCCL INFO Channel 01/0 : 6[6] -> 7[7] [send] via NET/IB/12/GDRDMA
a100-llm-02:999334:999599 [0] NCCL INFO Connected to proxy localRank 0 -> connection 0x7fb0d8000d10
a100-llm-02:999334:999599 [0] NCCL INFO Channel 00/0 : 7[7] -> 0[0] [receive] via NET/IB/9/GDRDMA
a100-llm-02:999334:999599 [0] NCCL INFO GPU Direct RDMA Enabled for GPU/0-1019984 (rank 0) - NET/0-9 (distance 5 <= 6, read 0, mode Default)
a100-llm-02:999334:999579 [0] NCCL INFO New proxy recv connection 1 from local rank 0, transport 2
a100-llm-02:999334:999599 [0] NCCL INFO Connected to proxy localRank 0 -> connection 0x7fb0d8000d88
a100-llm-02:999334:999599 [0] NCCL INFO Channel 01/0 : 7[7] -> 0[0] [receive] via NET/IB/9/GDRDMA
a100-llm-02:999334:999599 [0] NCCL INFO GPU Direct RDMA Enabled for GPU/0-1019984 (rank 0) - NET/0-9 (distance 5 <= 6, read 1, mode Default)
a100-llm-02:999334:999579 [0] NCCL INFO New proxy send connection 2 from local rank 0, transport 2
a100-llm-02:999334:999599 [0] NCCL INFO Connected to proxy localRank 0 -> connection 0x7fb0d8000e00
a100-llm-02:999334:999599 [0] NCCL INFO Channel 00/0 : 0[0] -> 1[1] [send] via NET/IB/9/GDRDMA
a100-llm-02:999334:999599 [0] NCCL INFO GPU Direct RDMA Enabled for GPU/0-1019984 (rank 0) - NET/0-9 (distance 5 <= 6, read 1, mode Default)
a100-llm-02:999334:999579 [0] NCCL INFO New proxy send connection 3 from local rank 0, transport 2
a100-llm-02:999334:999599 [0] NCCL INFO Connected to proxy localRank 0 -> connection 0x7fb0d8000e78
a100-llm-02:999334:999599 [0] NCCL INFO Channel 01/0 : 0[0] -> 1[1] [send] via NET/IB/9/GDRDMA
a100-llm-02:999334:999577 [6] NCCL INFO NET/IB: NCCL Dev 12 IbDev 7 Port 1 qpn 652 mtu 5 GID 3 (0/455A13C6FFFF0000) ctsFifoRkey=0xb5453 ctsFifoLkey=0xb5453
a100-llm-02:999334:999577 [6] NCCL INFO NET/IB: IbDev 7 Port 1 qpn 652 query_ece={supported=1, vendor_id=0x15b3, options=0x30000000, comp_mask=0x0}
a100-llm-02:999334:999577 [6] NCCL INFO NET/IB: NCCL Dev 12 IbDev 8 Port 1 qpn 396 mtu 5 GID 3 (0/58B013C6FFFF0000) ctsFifoRkey=0x77231 ctsFifoLkey=0x77231
a100-llm-02:999334:999577 [6] NCCL INFO NET/IB: IbDev 8 Port 1 qpn 396 query_ece={supported=1, vendor_id=0x15b3, options=0x30000000, comp_mask=0x0}
a100-llm-02:999334:999583 [2] NCCL INFO New proxy send connection 2 from local rank 0, transport 2
a100-llm-02:999334:999597 [2] NCCL INFO Connected to proxy localRank 0 -> connection 0x7fb22ffa2680
a100-llm-02:999334:999577 [6] NCCL INFO NET/IB: NCCL Dev 12 IbDev 7 Port 1 qpn 653 mtu 5 GID 3 (0/455A13C6FFFF0000) ctsFifoRkey=0xb605f ctsFifoLkey=0xb605f
a100-llm-02:999334:999577 [6] NCCL INFO NET/IB: IbDev 7 Port 1 qpn 653 query_ece={supported=1, vendor_id=0x15b3, options=0x30000000, comp_mask=0x0}
a100-llm-02:999334:999595 [4] NCCL INFO Connected to proxy localRank 0 -> connection 0x7fb0f4000d10
a100-llm-02:999334:999577 [6] NCCL INFO NET/IB: NCCL Dev 12 IbDev 8 Port 1 qpn 397 mtu 5 GID 3 (0/58B013C6FFFF0000) ctsFifoRkey=0x77d3d ctsFifoLkey=0x77d3d
a100-llm-02:999334:999577 [6] NCCL INFO NET/IB: IbDev 8 Port 1 qpn 397 query_ece={supported=1, vendor_id=0x15b3, options=0x30000000, comp_mask=0x0}
a100-llm-02:999334:999577 [6] NCCL INFO NET/IB: IbDev 7 Port 1 qpn 652 set_ece={supported=1, vendor_id=0x15b3, options=0x30000000, comp_mask=0x0}
a100-llm-02:999334:999577 [6] NCCL INFO NET/IB: IbDev 8 Port 1 qpn 396 set_ece={supported=1, vendor_id=0x15b3, options=0x30000000, comp_mask=0x0}
a100-llm-02:999334:999575 [7] NCCL INFO NET/IB: NCCL Dev 12 IbDev 7 Port 1 qpn 656 mtu 5 GID 3 (0/455A13C6FFFF0000) ctsFifoRkey=0xb7776 ctsFifoLkey=0xb7776
a100-llm-02:999334:999575 [7] NCCL INFO NET/IB: IbDev 7 Port 1 qpn 656 query_ece={supported=1, vendor_id=0x15b3, options=0x30000000, comp_mask=0x0}
a100-llm-02:999334:999575 [7] NCCL INFO NET/IB: NCCL Dev 12 IbDev 8 Port 1 qpn 400 mtu 5 GID 3 (0/58B013C6FFFF0000) ctsFifoRkey=0x79554 ctsFifoLkey=0x79554
a100-llm-02:999334:999575 [7] NCCL INFO NET/IB: IbDev 8 Port 1 qpn 400 query_ece={supported=1, vendor_id=0x15b3, options=0x30000000, comp_mask=0x0}
a100-llm-02:999334:999597 [2] NCCL INFO Channel 00/0 : 2[2] -> 3[3] [send] via NET/IB/10/GDRDMA
a100-llm-02:999334:999597 [2] NCCL INFO GPU Direct RDMA Enabled for GPU/0-1028176 (rank 2) - NET/0-10 (distance 5 <= 6, read 1, mode Default)
a100-llm-02:999334:999577 [6] NCCL INFO NET/IB: IbDev 7 Port 1 qpn 653 set_ece={supported=1, vendor_id=0x15b3, options=0x30000000, comp_mask=0x0}
a100-llm-02:999334:999577 [6] NCCL INFO NET/IB: IbDev 8 Port 1 qpn 397 set_ece={supported=1, vendor_id=0x15b3, options=0x30000000, comp_mask=0x0}
a100-llm-02:999334:999575 [7] NCCL INFO NET/IB: NCCL Dev 12 IbDev 7 Port 1 qpn 659 mtu 5 GID 3 (0/455A13C6FFFF0000) ctsFifoRkey=0xb8f8e ctsFifoLkey=0xb8f8e
a100-llm-02:999334:999575 [7] NCCL INFO NET/IB: IbDev 7 Port 1 qpn 659 query_ece={supported=1, vendor_id=0x15b3, options=0x30000000, comp_mask=0x0}
a100-llm-02:999334:999583 [2] NCCL INFO New proxy send connection 3 from local rank 0, transport 2
a100-llm-02:999334:999597 [2] NCCL INFO Connected to proxy localRank 0 -> connection 0x7fb22ffa26f8
a100-llm-02:999334:999575 [7] NCCL INFO NET/IB: NCCL Dev 12 IbDev 8 Port 1 qpn 403 mtu 5 GID 3 (0/58B013C6FFFF0000) ctsFifoRkey=0x7af6e ctsFifoLkey=0x7af6e
a100-llm-02:999334:999575 [7] NCCL INFO NET/IB: IbDev 8 Port 1 qpn 403 query_ece={supported=1, vendor_id=0x15b3, options=0x30000000, comp_mask=0x0}
a100-llm-02:999334:999575 [7] NCCL INFO NET/IB: IbDev 7 Port 1 qpn 656 set_ece={supported=1, vendor_id=0x15b3, options=0x30000000, comp_mask=0x0}
a100-llm-02:999334:999575 [7] NCCL INFO NET/IB: IbDev 8 Port 1 qpn 400 set_ece={supported=1, vendor_id=0x15b3, options=0x30000000, comp_mask=0x0}
a100-llm-02:999334:999595 [4] NCCL INFO Channel 00/0 : 3[3] -> 4[4] [receive] via NET/IB/11/GDRDMA
a100-llm-02:999334:999595 [4] NCCL INFO GPU Direct RDMA Enabled for GPU/0-1036368 (rank 4) - NET/0-11 (distance 5 <= 6, read 0, mode Default)
a100-llm-02:999334:999575 [7] NCCL INFO NET/IB: IbDev 7 Port 1 qpn 659 set_ece={supported=1, vendor_id=0x15b3, options=0x30000000, comp_mask=0x0}
a100-llm-02:999334:999575 [7] NCCL INFO NET/IB: IbDev 8 Port 1 qpn 403 set_ece={supported=1, vendor_id=0x15b3, options=0x30000000, comp_mask=0x0}
a100-llm-02:999334:999597 [2] NCCL INFO Channel 01/0 : 2[2] -> 3[3] [send] via NET/IB/10/GDRDMA
a100-llm-02:999334:999569 [4] NCCL INFO New proxy recv connection 1 from local rank 0, transport 2
a100-llm-02:999334:999581 [1] NCCL INFO NET/IB: NCCL Dev 9 IbDev 1 Port 1 qpn 656 mtu 5 GID 3 (0/F74413C6FFFF0000) ctsFifoRkey=0xb4948 ctsFifoLkey=0xb4948
a100-llm-02:999334:999581 [1] NCCL INFO NET/IB: IbDev 1 Port 1 qpn 656 query_ece={supported=1, vendor_id=0x15b3, options=0x30000000, comp_mask=0x0}
a100-llm-02:999334:999581 [1] NCCL INFO NET/IB: NCCL Dev 9 IbDev 2 Port 1 qpn 400 mtu 5 GID 3 (0/A3F13C6FFFF0000) ctsFifoRkey=0x78c4b ctsFifoLkey=0x78c4b
a100-llm-02:999334:999581 [1] NCCL INFO NET/IB: IbDev 2 Port 1 qpn 400 query_ece={supported=1, vendor_id=0x15b3, options=0x30000000, comp_mask=0x0}
a100-llm-02:999334:999595 [4] NCCL INFO Connected to proxy localRank 0 -> connection 0x7fb0f4000d88
a100-llm-02:999334:999579 [0] NCCL INFO NET/IB: NCCL Dev 9 IbDev 1 Port 1 qpn 657 mtu 5 GID 3 (0/F74413C6FFFF0000) ctsFifoRkey=0xb5554 ctsFifoLkey=0xb5554
a100-llm-02:999334:999579 [0] NCCL INFO NET/IB: IbDev 1 Port 1 qpn 657 query_ece={supported=1, vendor_id=0x15b3, options=0x30000000, comp_mask=0x0}
a100-llm-02:999334:999579 [0] NCCL INFO NET/IB: NCCL Dev 9 IbDev 2 Port 1 qpn 401 mtu 5 GID 3 (0/A3F13C6FFFF0000) ctsFifoRkey=0x79857 ctsFifoLkey=0x79857
a100-llm-02:999334:999579 [0] NCCL INFO NET/IB: IbDev 2 Port 1 qpn 401 query_ece={supported=1, vendor_id=0x15b3, options=0x30000000, comp_mask=0x0}
a100-llm-02:999334:999579 [0] NCCL INFO NET/IB: NCCL Dev 9 IbDev 1 Port 1 qpn 658 mtu 5 GID 3 (0/F74413C6FFFF0000) ctsFifoRkey=0xb6160 ctsFifoLkey=0xb6160
a100-llm-02:999334:999579 [0] NCCL INFO NET/IB: IbDev 1 Port 1 qpn 658 query_ece={supported=1, vendor_id=0x15b3, options=0x30000000, comp_mask=0x0}
a100-llm-02:999334:999579 [0] NCCL INFO NET/IB: NCCL Dev 9 IbDev 2 Port 1 qpn 402 mtu 5 GID 3 (0/A3F13C6FFFF0000) ctsFifoRkey=0x7a563 ctsFifoLkey=0x7a563
a100-llm-02:999334:999579 [0] NCCL INFO NET/IB: IbDev 2 Port 1 qpn 402 query_ece={supported=1, vendor_id=0x15b3, options=0x30000000, comp_mask=0x0}
a100-llm-02:999334:999595 [4] NCCL INFO Channel 01/0 : 3[3] -> 4[4] [receive] via NET/IB/11/GDRDMA
a100-llm-02:999334:999595 [4] NCCL INFO GPU Direct RDMA Enabled for GPU/0-1036368 (rank 4) - NET/0-11 (distance 5 <= 6, read 1, mode Default)
a100-llm-02:999334:999581 [1] NCCL INFO NET/IB: IbDev 1 Port 1 qpn 656 set_ece={supported=1, vendor_id=0x15b3, options=0x30000000, comp_mask=0x0}
a100-llm-02:999334:999581 [1] NCCL INFO NET/IB: IbDev 2 Port 1 qpn 400 set_ece={supported=1, vendor_id=0x15b3, options=0x30000000, comp_mask=0x0}
a100-llm-02:999334:999569 [4] NCCL INFO New proxy send connection 2 from local rank 0, transport 2
a100-llm-02:999334:999581 [1] NCCL INFO NET/IB: NCCL Dev 9 IbDev 1 Port 1 qpn 663 mtu 5 GID 3 (0/F74413C6FFFF0000) ctsFifoRkey=0xb8182 ctsFifoLkey=0xb8182
a100-llm-02:999334:999581 [1] NCCL INFO NET/IB: IbDev 1 Port 1 qpn 663 query_ece={supported=1, vendor_id=0x15b3, options=0x30000000, comp_mask=0x0}
a100-llm-02:999334:999581 [1] NCCL INFO NET/IB: NCCL Dev 9 IbDev 2 Port 1 qpn 407 mtu 5 GID 3 (0/A3F13C6FFFF0000) ctsFifoRkey=0x7cb89 ctsFifoLkey=0x7cb89
a100-llm-02:999334:999581 [1] NCCL INFO NET/IB: IbDev 2 Port 1 qpn 407 query_ece={supported=1, vendor_id=0x15b3, options=0x30000000, comp_mask=0x0}
a100-llm-02:999334:999595 [4] NCCL INFO Connected to proxy localRank 0 -> connection 0x7fb0f4000e00
a100-llm-02:999334:999579 [0] NCCL INFO NET/IB: IbDev 1 Port 1 qpn 657 set_ece={supported=1, vendor_id=0x15b3, options=0x30000000, comp_mask=0x0}
a100-llm-02:999334:999579 [0] NCCL INFO NET/IB: IbDev 2 Port 1 qpn 401 set_ece={supported=1, vendor_id=0x15b3, options=0x30000000, comp_mask=0x0}
a100-llm-02:999334:999579 [0] NCCL INFO NET/IB: IbDev 1 Port 1 qpn 658 set_ece={supported=1, vendor_id=0x15b3, options=0x30000000, comp_mask=0x0}
a100-llm-02:999334:999579 [0] NCCL INFO NET/IB: IbDev 2 Port 1 qpn 402 set_ece={supported=1, vendor_id=0x15b3, options=0x30000000, comp_mask=0x0}
a100-llm-02:999334:999595 [4] NCCL INFO Channel 00/0 : 4[4] -> 5[5] [send] via NET/IB/11/GDRDMA
a100-llm-02:999334:999595 [4] NCCL INFO GPU Direct RDMA Enabled for GPU/0-1036368 (rank 4) - NET/0-11 (distance 5 <= 6, read 1, mode Default)
a100-llm-02:999334:999581 [1] NCCL INFO NET/IB: IbDev 1 Port 1 qpn 663 set_ece={supported=1, vendor_id=0x15b3, options=0x30000000, comp_mask=0x0}
a100-llm-02:999334:999581 [1] NCCL INFO NET/IB: IbDev 2 Port 1 qpn 407 set_ece={supported=1, vendor_id=0x15b3, options=0x30000000, comp_mask=0x0}
a100-llm-02:999334:999569 [4] NCCL INFO New proxy send connection 3 from local rank 0, transport 2
a100-llm-02:999334:999595 [4] NCCL INFO Connected to proxy localRank 0 -> connection 0x7fb0f4000e78
a100-llm-02:999334:999595 [4] NCCL INFO Channel 01/0 : 4[4] -> 5[5] [send] via NET/IB/11/GDRDMA
a100-llm-02:999334:999583 [2] NCCL INFO NET/IB: NCCL Dev 10 IbDev 3 Port 1 qpn 656 mtu 5 GID 3 (0/340D13C6FFFF0000) ctsFifoRkey=0xbb1b1 ctsFifoLkey=0xbb1b1
a100-llm-02:999334:999583 [2] NCCL INFO NET/IB: IbDev 3 Port 1 qpn 656 query_ece={supported=1, vendor_id=0x15b3, options=0x30000000, comp_mask=0x0}
a100-llm-02:999334:999569 [4] NCCL INFO NET/IB: NCCL Dev 11 IbDev 5 Port 1 qpn 652 mtu 5 GID 3 (0/5E0113C6FFFF0000) ctsFifoRkey=0xb6765 ctsFifoLkey=0xb6765
a100-llm-02:999334:999569 [4] NCCL INFO NET/IB: IbDev 5 Port 1 qpn 652 query_ece={supported=1, vendor_id=0x15b3, options=0x30000000, comp_mask=0x0}
a100-llm-02:999334:999569 [4] NCCL INFO NET/IB: NCCL Dev 11 IbDev 6 Port 1 qpn 396 mtu 5 GID 3 (0/AF0713C6FFFF0000) ctsFifoRkey=0x7ad6c ctsFifoLkey=0x7ad6c
a100-llm-02:999334:999569 [4] NCCL INFO NET/IB: IbDev 6 Port 1 qpn 396 query_ece={supported=1, vendor_id=0x15b3, options=0x30000000, comp_mask=0x0}
a100-llm-02:999334:999573 [5] NCCL INFO NET/IB: NCCL Dev 11 IbDev 5 Port 1 qpn 653 mtu 5 GID 3 (0/5E0113C6FFFF0000) ctsFifoRkey=0xb7473 ctsFifoLkey=0xb7473
a100-llm-02:999334:999573 [5] NCCL INFO NET/IB: IbDev 5 Port 1 qpn 653 query_ece={supported=1, vendor_id=0x15b3, options=0x30000000, comp_mask=0x0}
a100-llm-02:999334:999573 [5] NCCL INFO NET/IB: NCCL Dev 11 IbDev 6 Port 1 qpn 397 mtu 5 GID 3 (0/AF0713C6FFFF0000) ctsFifoRkey=0x7b978 ctsFifoLkey=0x7b978
a100-llm-02:999334:999573 [5] NCCL INFO NET/IB: IbDev 6 Port 1 qpn 397 query_ece={supported=1, vendor_id=0x15b3, options=0x30000000, comp_mask=0x0}
a100-llm-02:999334:999583 [2] NCCL INFO NET/IB: NCCL Dev 10 IbDev 4 Port 1 qpn 400 mtu 5 GID 3 (0/462613C6FFFF0000) ctsFifoRkey=0x810cf ctsFifoLkey=0x810cf
a100-llm-02:999334:999583 [2] NCCL INFO NET/IB: IbDev 4 Port 1 qpn 400 query_ece={supported=1, vendor_id=0x15b3, options=0x30000000, comp_mask=0x0}
a100-llm-02:999334:999571 [3] NCCL INFO NET/IB: NCCL Dev 10 IbDev 3 Port 1 qpn 657 mtu 5 GID 3 (0/340D13C6FFFF0000) ctsFifoRkey=0xbbdbc ctsFifoLkey=0xbbdbc
a100-llm-02:999334:999571 [3] NCCL INFO NET/IB: IbDev 3 Port 1 qpn 657 query_ece={supported=1, vendor_id=0x15b3, options=0x30000000, comp_mask=0x0}
a100-llm-02:999334:999571 [3] NCCL INFO NET/IB: NCCL Dev 10 IbDev 4 Port 1 qpn 401 mtu 5 GID 3 (0/462613C6FFFF0000) ctsFifoRkey=0x81ddb ctsFifoLkey=0x81ddb
a100-llm-02:999334:999571 [3] NCCL INFO NET/IB: IbDev 4 Port 1 qpn 401 query_ece={supported=1, vendor_id=0x15b3, options=0x30000000, comp_mask=0x0}
a100-llm-02:999334:999583 [2] NCCL INFO NET/IB: NCCL Dev 10 IbDev 3 Port 1 qpn 658 mtu 5 GID 3 (0/340D13C6FFFF0000) ctsFifoRkey=0xbcac8 ctsFifoLkey=0xbcac8
a100-llm-02:999334:999583 [2] NCCL INFO NET/IB: IbDev 3 Port 1 qpn 658 query_ece={supported=1, vendor_id=0x15b3, options=0x30000000, comp_mask=0x0}
a100-llm-02:999334:999583 [2] NCCL INFO NET/IB: NCCL Dev 10 IbDev 4 Port 1 qpn 402 mtu 5 GID 3 (0/462613C6FFFF0000) ctsFifoRkey=0x829e8 ctsFifoLkey=0x829e8
a100-llm-02:999334:999583 [2] NCCL INFO NET/IB: IbDev 4 Port 1 qpn 402 query_ece={supported=1, vendor_id=0x15b3, options=0x30000000, comp_mask=0x0}
a100-llm-02:999334:999573 [5] NCCL INFO NET/IB: NCCL Dev 11 IbDev 5 Port 1 qpn 656 mtu 5 GID 3 (0/5E0113C6FFFF0000) ctsFifoRkey=0xb8c8b ctsFifoLkey=0xb8c8b
a100-llm-02:999334:999573 [5] NCCL INFO NET/IB: IbDev 5 Port 1 qpn 656 query_ece={supported=1, vendor_id=0x15b3, options=0x30000000, comp_mask=0x0}
a100-llm-02:999334:999573 [5] NCCL INFO NET/IB: NCCL Dev 11 IbDev 6 Port 1 qpn 400 mtu 5 GID 3 (0/AF0713C6FFFF0000) ctsFifoRkey=0x7ce8e ctsFifoLkey=0x7ce8e
a100-llm-02:999334:999573 [5] NCCL INFO NET/IB: IbDev 6 Port 1 qpn 400 query_ece={supported=1, vendor_id=0x15b3, options=0x30000000, comp_mask=0x0}
a100-llm-02:999334:999583 [2] NCCL INFO NET/IB: IbDev 3 Port 1 qpn 656 set_ece={supported=1, vendor_id=0x15b3, options=0x30000000, comp_mask=0x0}
a100-llm-02:999334:999583 [2] NCCL INFO NET/IB: IbDev 4 Port 1 qpn 400 set_ece={supported=1, vendor_id=0x15b3, options=0x30000000, comp_mask=0x0}
a100-llm-02:999334:999571 [3] NCCL INFO NET/IB: NCCL Dev 10 IbDev 3 Port 1 qpn 661 mtu 5 GID 3 (0/340D13C6FFFF0000) ctsFifoRkey=0xbe0e0 ctsFifoLkey=0xbe0e0
a100-llm-02:999334:999571 [3] NCCL INFO NET/IB: IbDev 3 Port 1 qpn 661 query_ece={supported=1, vendor_id=0x15b3, options=0x30000000, comp_mask=0x0}
a100-llm-02:999334:999571 [3] NCCL INFO NET/IB: NCCL Dev 10 IbDev 4 Port 1 qpn 405 mtu 5 GID 3 (0/462613C6FFFF0000) ctsFifoRkey=0x84000 ctsFifoLkey=0x84000
a100-llm-02:999334:999571 [3] NCCL INFO NET/IB: IbDev 4 Port 1 qpn 405 query_ece={supported=1, vendor_id=0x15b3, options=0x30000000, comp_mask=0x0}
a100-llm-02:999334:999569 [4] NCCL INFO NET/IB: NCCL Dev 11 IbDev 5 Port 1 qpn 659 mtu 5 GID 3 (0/5E0113C6FFFF0000) ctsFifoRkey=0xba3a2 ctsFifoLkey=0xba3a2
a100-llm-02:999334:999569 [4] NCCL INFO NET/IB: IbDev 5 Port 1 qpn 659 query_ece={supported=1, vendor_id=0x15b3, options=0x30000000, comp_mask=0x0}
a100-llm-02:999334:999569 [4] NCCL INFO NET/IB: NCCL Dev 11 IbDev 6 Port 1 qpn 403 mtu 5 GID 3 (0/AF0713C6FFFF0000) ctsFifoRkey=0x7e5a4 ctsFifoLkey=0x7e5a4
a100-llm-02:999334:999569 [4] NCCL INFO NET/IB: IbDev 6 Port 1 qpn 403 query_ece={supported=1, vendor_id=0x15b3, options=0x30000000, comp_mask=0x0}
a100-llm-02:999334:999573 [5] NCCL INFO NET/IB: IbDev 5 Port 1 qpn 653 set_ece={supported=1, vendor_id=0x15b3, options=0x30000000, comp_mask=0x0}
a100-llm-02:999334:999571 [3] NCCL INFO NET/IB: IbDev 3 Port 1 qpn 657 set_ece={supported=1, vendor_id=0x15b3, options=0x30000000, comp_mask=0x0}
a100-llm-02:999334:999571 [3] NCCL INFO NET/IB: IbDev 4 Port 1 qpn 401 set_ece={supported=1, vendor_id=0x15b3, options=0x30000000, comp_mask=0x0}
a100-llm-02:999334:999573 [5] NCCL INFO NET/IB: IbDev 6 Port 1 qpn 397 set_ece={supported=1, vendor_id=0x15b3, options=0x30000000, comp_mask=0x0}
a100-llm-02:999334:999569 [4] NCCL INFO NET/IB: IbDev 5 Port 1 qpn 652 set_ece={supported=1, vendor_id=0x15b3, options=0x30000000, comp_mask=0x0}
a100-llm-02:999334:999583 [2] NCCL INFO NET/IB: IbDev 3 Port 1 qpn 658 set_ece={supported=1, vendor_id=0x15b3, options=0x30000000, comp_mask=0x0}
a100-llm-02:999334:999569 [4] NCCL INFO NET/IB: IbDev 6 Port 1 qpn 396 set_ece={supported=1, vendor_id=0x15b3, options=0x30000000, comp_mask=0x0}
a100-llm-02:999334:999583 [2] NCCL INFO NET/IB: IbDev 4 Port 1 qpn 402 set_ece={supported=1, vendor_id=0x15b3, options=0x30000000, comp_mask=0x0}
a100-llm-02:999334:999571 [3] NCCL INFO NET/IB: IbDev 3 Port 1 qpn 661 set_ece={supported=1, vendor_id=0x15b3, options=0x30000000, comp_mask=0x0}
a100-llm-02:999334:999571 [3] NCCL INFO NET/IB: IbDev 4 Port 1 qpn 405 set_ece={supported=1, vendor_id=0x15b3, options=0x30000000, comp_mask=0x0}
a100-llm-02:999334:999573 [5] NCCL INFO NET/IB: IbDev 5 Port 1 qpn 656 set_ece={supported=1, vendor_id=0x15b3, options=0x30000000, comp_mask=0x0}
a100-llm-02:999334:999573 [5] NCCL INFO NET/IB: IbDev 6 Port 1 qpn 400 set_ece={supported=1, vendor_id=0x15b3, options=0x30000000, comp_mask=0x0}
a100-llm-02:999334:999569 [4] NCCL INFO NET/IB: IbDev 5 Port 1 qpn 659 set_ece={supported=1, vendor_id=0x15b3, options=0x30000000, comp_mask=0x0}
a100-llm-02:999334:999569 [4] NCCL INFO NET/IB: IbDev 6 Port 1 qpn 403 set_ece={supported=1, vendor_id=0x15b3, options=0x30000000, comp_mask=0x0}
[AIMD] FinalizeChunkRTT: cc=0x7fb0e0001000 slot=0 inflight_before=1
a100-llm-02:999334:999552 [0] NCCL INFO AIMD[5]: Congestion (RTT=873.0 > 105.0), LIW 16.0 -> 16.0
a100-llm-02:999334:999552 [0] NCCL INFO AIMD[87]: Congestion (RTT=1061.0 > 105.0), LIW 16.0 -> 16.0
a100-llm-02:999334:999549 [0] NCCL INFO AIMD[97]: Congestion (RTT=1060.8 > 96.0), LIW 16.0 -> 16.0
a100-llm-02:999334:999549 [0] NCCL INFO AIMD[104]: Congestion (RTT=2123.7 > 129.0), LIW 16.0 -> 16.0
a100-llm-02:999334:999549 [0] NCCL INFO AIMD[103]: Congestion (RTT=1121.6 > 108.0), LIW 16.0 -> 16.0
a100-llm-02:999334:999549 [0] NCCL INFO AIMD[108]: Congestion (RTT=874.9 > 108.0), LIW 16.0 -> 16.0
a100-llm-02:999334:999549 [0] NCCL INFO AIMD[109]: Congestion (RTT=1034.4 > 111.0), LIW 16.0 -> 16.0
a100-llm-02:999334:999549 [0] NCCL INFO AIMD[110]: Congestion (RTT=11644.0 > 114.0), LIW 16.0 -> 16.0
a100-llm-02:999334:999549 [0] NCCL INFO AIMD[110]: Congestion (RTT=11637.1 > 105.0), LIW 16.0 -> 16.0
a100-llm-02:999334:999549 [0] NCCL INFO AIMD[109]: Congestion (RTT=2871.0 > 108.0), LIW 16.0 -> 16.0
a100-llm-02:999334:999549 [0] NCCL INFO AIMD[109]: Congestion (RTT=2863.9 > 105.0), LIW 16.0 -> 16.0
a100-llm-02:999334:999549 [0] NCCL INFO AIMD[110]: Congestion (RTT=658.8 > 105.0), LIW 16.0 -> 16.0
a100-llm-02:999334:999549 [0] NCCL INFO AIMD[109]: Congestion (RTT=700.4 > 132.0), LIW 16.0 -> 16.0
a100-llm-02:999334:999551 [0] NCCL INFO AIMD[111]: Congestion (RTT=626.6 > 111.0), LIW 16.0 -> 16.0
a100-llm-02:999334:999551 [0] NCCL INFO AIMD[111]: Congestion (RTT=363.0 > 111.0), LIW 16.0 -> 16.0
a100-llm-02:999334:999551 [0] NCCL INFO AIMD[111]: Congestion (RTT=369.0 > 111.0), LIW 16.0 -> 16.0
a100-llm-02:999334:999546 [0] NCCL INFO AIMD[111]: Congestion (RTT=647.8 > 114.0), LIW 16.0 -> 16.0
a100-llm-02:999334:999548 [0] NCCL INFO AIMD[183]: Congestion (RTT=2855.0 > 105.0), LIW 16.0 -> 16.0
a100-llm-02:999334:999548 [0] NCCL INFO AIMD[192]: Congestion (RTT=3590.7 > 96.0), LIW 16.0 -> 16.0
a100-llm-02:999334:999548 [0] NCCL INFO AIMD[203]: Congestion (RTT=5981.7 > 132.0), LIW 16.0 -> 16.0
a100-llm-02:999334:999548 [0] NCCL INFO AIMD[207]: Congestion (RTT=6860.9 > 129.0), LIW 16.0 -> 16.0
a100-llm-02:999334:999548 [0] NCCL INFO AIMD[209]: Congestion (RTT=2872.0 > 108.0), LIW 16.0 -> 16.0
a100-llm-02:999334:999548 [0] NCCL INFO AIMD[209]: Congestion (RTT=2865.0 > 105.0), LIW 16.0 -> 16.0
a100-llm-02:999334:999548 [0] NCCL INFO AIMD[209]: Congestion (RTT=11638.0 > 105.0), LIW 16.0 -> 16.0
a100-llm-02:999334:999548 [0] NCCL INFO AIMD[209]: Congestion (RTT=6048.7 > 105.0), LIW 16.0 -> 16.0
a100-llm-02:999334:999548 [0] NCCL INFO AIMD[209]: Congestion (RTT=685.5 > 111.0), LIW 16.0 -> 16.0
a100-llm-02:999334:999548 [0] NCCL INFO AIMD[212]: Congestion (RTT=1057.0 > 111.0), LIW 16.0 -> 16.0
a100-llm-02:999334:999548 [0] NCCL INFO AIMD[212]: Congestion (RTT=1165.0 > 108.0), LIW 16.0 -> 16.0
a100-llm-02:999334:999548 [0] NCCL INFO AIMD[213]: Congestion (RTT=2718.8 > 108.0), LIW 16.0 -> 16.0
a100-llm-02:999334:999548 [0] NCCL INFO AIMD[209]: Congestion (RTT=729.7 > 111.0), LIW 16.0 -> 16.0
a100-llm-02:999334:999548 [0] NCCL INFO AIMD[209]: Congestion (RTT=760.7 > 114.0), LIW 16.0 -> 16.0
a100-llm-02:999334:999548 [0] NCCL INFO AIMD[211]: Congestion (RTT=11645.0 > 114.0), LIW 16.0 -> 16.0
a100-llm-02:999334:999548 [0] NCCL INFO AIMD[216]: Congestion (RTT=363.0 > 111.0), LIW 16.0 -> 16.0
a100-llm-02:999334:999548 [0] NCCL INFO AIMD[265]: Congestion (RTT=7944.3 > 105.0), LIW 16.0 -> 16.0
a100-llm-02:999334:999548 [0] NCCL INFO AIMD[265]: Congestion (RTT=8210.0 > 129.0), LIW 16.0 -> 16.0
a100-llm-02:999334:999548 [0] NCCL INFO AIMD[274]: Congestion (RTT=7973.8 > 96.0), LIW 16.0 -> 16.0
a100-llm-02:999334:999548 [0] NCCL INFO AIMD[273]: Congestion (RTT=2872.0 > 108.0), LIW 16.0 -> 16.0
a100-llm-02:999334:999548 [0] NCCL INFO AIMD[273]: Congestion (RTT=2865.0 > 105.0), LIW 16.0 -> 16.0
a100-llm-02:999334:999548 [0] NCCL INFO AIMD[273]: Congestion (RTT=7711.8 > 132.0), LIW 16.0 -> 16.0
a100-llm-02:999334:999548 [0] NCCL INFO AIMD[288]: Congestion (RTT=8210.8 > 108.0), LIW 16.0 -> 16.0
a100-llm-02:999334:999548 [0] NCCL INFO AIMD[288]: Congestion (RTT=1057.0 > 111.0), LIW 16.0 -> 16.0
a100-llm-02:999334:999548 [0] NCCL INFO AIMD[288]: Congestion (RTT=1165.0 > 108.0), LIW 16.0 -> 16.0
a100-llm-02:999334:999546 [0] NCCL INFO AIMD[289]: Congestion (RTT=6049.0 > 105.0), LIW 16.0 -> 16.0
a100-llm-02:999334:999548 [0] NCCL INFO AIMD[287]: Congestion (RTT=5194.9 > 114.0), LIW 16.0 -> 16.0
a100-llm-02:999334:999548 [0] NCCL INFO AIMD[291]: Congestion (RTT=11638.0 > 105.0), LIW 16.0 -> 16.0
a100-llm-02:999334:999548 [0] NCCL INFO AIMD[290]: Congestion (RTT=5464.5 > 111.0), LIW 16.0 -> 16.0
a100-llm-02:999334:999548 [0] NCCL INFO AIMD[288]: Congestion (RTT=5003.4 > 111.0), LIW 16.0 -> 16.0
a100-llm-02:999334:999548 [0] NCCL INFO AIMD[292]: Congestion (RTT=11645.0 > 114.0), LIW 16.0 -> 16.0
a100-llm-02:999334:999548 [0] NCCL INFO AIMD[296]: Congestion (RTT=6179.1 > 111.0), LIW 16.0 -> 16.0
a100-llm-02:999334:999548 [0] NCCL INFO AIMD[338]: Congestion (RTT=7997.0 > 105.0), LIW 16.0 -> 16.0
a100-llm-02:999334:999549 [0] NCCL INFO AIMD[338]: Congestion (RTT=8218.0 > 129.0), LIW 16.0 -> 16.0
a100-llm-02:999334:999548 [0] NCCL INFO AIMD[335]: Congestion (RTT=2865.0 > 105.0), LIW 16.0 -> 16.0
a100-llm-02:999334:999548 [0] NCCL INFO AIMD[343]: Congestion (RTT=2872.0 > 108.0), LIW 16.0 -> 16.0
a100-llm-02:999334:999549 [0] NCCL INFO AIMD[343]: Congestion (RTT=7992.0 > 96.0), LIW 16.0 -> 16.0
a100-llm-02:999334:999549 [0] NCCL INFO AIMD[345]: Congestion (RTT=1061.6 > 111.0), LIW 16.0 -> 16.0
a100-llm-02:999334:999549 [0] NCCL INFO AIMD[345]: Congestion (RTT=1165.0 > 108.0), LIW 16.0 -> 16.0
a100-llm-02:999334:999548 [0] NCCL INFO AIMD[346]: Congestion (RTT=8223.0 > 108.0), LIW 16.0 -> 16.0
a100-llm-02:999334:999548 [0] NCCL INFO AIMD[342]: Congestion (RTT=7712.0 > 132.0), LIW 16.0 -> 16.0
a100-llm-02:999334:999549 [0] NCCL INFO AIMD[348]: Congestion (RTT=11638.0 > 105.0), LIW 16.0 -> 16.0
a100-llm-02:999334:999549 [0] NCCL INFO AIMD[348]: Congestion (RTT=7998.9 > 114.0), LIW 16.0 -> 16.0
a100-llm-02:999334:999548 [0] NCCL INFO AIMD[349]: Congestion (RTT=6049.0 > 105.0), LIW 16.0 -> 16.0
a100-llm-02:999334:999549 [0] NCCL INFO AIMD[348]: Congestion (RTT=7996.9 > 111.0), LIW 16.0 -> 16.0
a100-llm-02:999334:999548 [0] NCCL INFO AIMD[349]: Congestion (RTT=11645.0 > 114.0), LIW 16.0 -> 16.0
a100-llm-02:999334:999549 [0] NCCL INFO AIMD[349]: Congestion (RTT=7626.9 > 111.0), LIW 16.0 -> 16.0
a100-llm-02:999334:999549 [0] NCCL INFO AIMD[349]: Congestion (RTT=7687.0 > 111.0), LIW 16.0 -> 16.0
a100-llm-02:999334:999545 [0] NCCL INFO AIMD[402]: Congestion (RTT=7997.0 > 105.0), LIW 16.0 -> 16.0
a100-llm-02:999334:999545 [0] NCCL INFO AIMD[407]: Congestion (RTT=8218.0 > 129.0), LIW 16.0 -> 16.0
a100-llm-02:999334:999552 [0] NCCL INFO AIMD[406]: Congestion (RTT=2872.0 > 108.0), LIW 16.0 -> 16.0
a100-llm-02:999334:999552 [0] NCCL INFO AIMD[406]: Congestion (RTT=2865.0 > 105.0), LIW 16.0 -> 16.0
a100-llm-02:999334:999545 [0] NCCL INFO AIMD[408]: Congestion (RTT=7992.0 > 96.0), LIW 16.0 -> 16.0
a100-llm-02:999334:999552 [0] NCCL INFO AIMD[409]: Congestion (RTT=7999.0 > 114.0), LIW 16.0 -> 16.0
a100-llm-02:999334:999552 [0] NCCL INFO AIMD[415]: Congestion (RTT=8223.0 > 108.0), LIW 16.0 -> 16.0
a100-llm-02:999334:999545 [0] NCCL INFO AIMD[414]: Congestion (RTT=1165.0 > 108.0), LIW 16.0 -> 16.0
a100-llm-02:999334:999545 [0] NCCL INFO AIMD[414]: Congestion (RTT=1074.0 > 111.0), LIW 16.0 -> 16.0
a100-llm-02:999334:999545 [0] NCCL INFO AIMD[411]: Congestion (RTT=7712.0 > 105.0), LIW 16.0 -> 16.0
a100-llm-02:999334:999545 [0] NCCL INFO AIMD[413]: Congestion (RTT=11638.0 > 105.0), LIW 16.0 -> 16.0
a100-llm-02:999334:999552 [0] NCCL INFO AIMD[409]: Congestion (RTT=7997.0 > 111.0), LIW 16.0 -> 16.0
a100-llm-02:999334:999545 [0] NCCL INFO AIMD[413]: Congestion (RTT=11645.0 > 114.0), LIW 16.0 -> 16.0
a100-llm-02:999334:999552 [0] NCCL INFO AIMD[419]: Congestion (RTT=6049.0 > 105.0), LIW 16.0 -> 16.0
a100-llm-02:999334:999552 [0] NCCL INFO AIMD[419]: Congestion (RTT=7815.9 > 111.0), LIW 16.0 -> 16.0
a100-llm-02:999334:999552 [0] NCCL INFO AIMD[419]: Congestion (RTT=7816.0 > 111.0), LIW 16.0 -> 16.0
a100-llm-02:999334:999545 [0] NCCL INFO AIMD[486]: Congestion (RTT=7997.0 > 105.0), LIW 16.0 -> 16.0
a100-llm-02:999334:999552 [0] NCCL INFO AIMD[493]: Congestion (RTT=2872.0 > 108.0), LIW 16.0 -> 16.0
a100-llm-02:999334:999552 [0] NCCL INFO AIMD[493]: Congestion (RTT=2865.0 > 105.0), LIW 16.0 -> 16.0
a100-llm-02:999334:999552 [0] NCCL INFO AIMD[494]: Congestion (RTT=7712.0 > 105.0), LIW 16.0 -> 16.0
a100-llm-02:999334:999545 [0] NCCL INFO AIMD[499]: Congestion (RTT=7992.0 > 96.0), LIW 16.0 -> 16.0
a100-llm-02:999334:999545 [0] NCCL INFO AIMD[498]: Congestion (RTT=7999.0 > 114.0), LIW 16.0 -> 16.0
a100-llm-02:999334:999552 [0] NCCL INFO AIMD[496]: Congestion (RTT=11638.0 > 105.0), LIW 16.0 -> 16.0
a100-llm-02:999334:999545 [0] NCCL INFO AIMD[498]: Congestion (RTT=8426.9 > 102.0), LIW 16.0 -> 16.0
a100-llm-02:999334:999552 [0] NCCL INFO AIMD[496]: Congestion (RTT=11645.0 > 114.0), LIW 16.0 -> 16.0
a100-llm-02:999334:999545 [0] NCCL INFO AIMD[498]: Congestion (RTT=7997.0 > 111.0), LIW 16.0 -> 16.0
a100-llm-02:999334:999552 [0] NCCL INFO AIMD[498]: Congestion (RTT=6049.0 > 105.0), LIW 16.0 -> 16.0
a100-llm-02:999334:999545 [0] NCCL INFO AIMD[503]: Congestion (RTT=1165.0 > 108.0), LIW 16.0 -> 16.0
a100-llm-02:999334:999545 [0] NCCL INFO AIMD[502]: Congestion (RTT=7816.0 > 111.0), LIW 16.0 -> 16.0
a100-llm-02:999334:999545 [0] NCCL INFO AIMD[503]: Congestion (RTT=8432.0 > 108.0), LIW 16.0 -> 16.0
a100-llm-02:999334:999545 [0] NCCL INFO AIMD[503]: Congestion (RTT=1074.0 > 111.0), LIW 16.0 -> 16.0
a100-llm-02:999334:999545 [0] NCCL INFO AIMD[503]: Congestion (RTT=7816.0 > 111.0), LIW 16.0 -> 16.0
a100-llm-02:999334:999547 [0] NCCL INFO AIMD[545]: Congestion (RTT=7997.0 > 105.0), LIW 16.0 -> 16.0
a100-llm-02:999334:999546 [0] NCCL INFO AIMD[547]: Congestion (RTT=2872.0 > 108.0), LIW 16.0 -> 16.0
a100-llm-02:999334:999546 [0] NCCL INFO AIMD[547]: Congestion (RTT=2865.0 > 105.0), LIW 16.0 -> 16.0
a100-llm-02:999334:999550 [0] NCCL INFO AIMD[557]: Congestion (RTT=7992.0 > 96.0), LIW 16.0 -> 16.0
a100-llm-02:999334:999550 [0] NCCL INFO AIMD[559]: Congestion (RTT=7712.0 > 105.0), LIW 16.0 -> 16.0
a100-llm-02:999334:999550 [0] NCCL INFO AIMD[558]: Congestion (RTT=7999.0 > 114.0), LIW 16.0 -> 16.0
a100-llm-02:999334:999550 [0] NCCL INFO AIMD[559]: Congestion (RTT=11638.0 > 105.0), LIW 16.0 -> 16.0
a100-llm-02:999334:999550 [0] NCCL INFO AIMD[558]: Congestion (RTT=7997.0 > 111.0), LIW 16.0 -> 16.0
a100-llm-02:999334:999550 [0] NCCL INFO AIMD[559]: Congestion (RTT=11645.0 > 114.0), LIW 16.0 -> 16.0
a100-llm-02:999334:999550 [0] NCCL INFO AIMD[559]: Congestion (RTT=6049.0 > 105.0), LIW 16.0 -> 16.0
a100-llm-02:999334:999550 [0] NCCL INFO AIMD[561]: Congestion (RTT=8427.0 > 102.0), LIW 16.0 -> 16.0
a100-llm-02:999334:999550 [0] NCCL INFO AIMD[559]: Congestion (RTT=7816.0 > 111.0), LIW 16.0 -> 16.0
a100-llm-02:999334:999545 [0] NCCL INFO AIMD[573]: Congestion (RTT=8432.0 > 108.0), LIW 16.0 -> 16.0
a100-llm-02:999334:999545 [0] NCCL INFO AIMD[572]: Congestion (RTT=1074.0 > 111.0), LIW 16.0 -> 16.0
a100-llm-02:999334:999549 [0] NCCL INFO AIMD[571]: Congestion (RTT=1165.0 > 108.0), LIW 16.0 -> 16.0
a100-llm-02:999334:999551 [0] NCCL INFO AIMD[573]: Congestion (RTT=7872.0 > 111.0), LIW 16.0 -> 16.0
a100-llm-02:999334:999552 [0] NCCL INFO AIMD[627]: Congestion (RTT=7997.0 > 105.0), LIW 16.0 -> 16.0
a100-llm-02:999334:999552 [0] NCCL INFO AIMD[629]: Congestion (RTT=2865.0 > 105.0), LIW 16.0 -> 16.0
a100-llm-02:999334:999552 [0] NCCL INFO AIMD[629]: Congestion (RTT=2872.0 > 108.0), LIW 16.0 -> 16.0
a100-llm-02:999334:999551 [0] NCCL INFO AIMD[643]: Congestion (RTT=7712.0 > 105.0), LIW 16.0 -> 16.0
a100-llm-02:999334:999546 [0] NCCL INFO AIMD[644]: Congestion (RTT=7992.0 > 96.0), LIW 16.0 -> 16.0
a100-llm-02:999334:999547 [0] NCCL INFO AIMD[653]: Congestion (RTT=7997.0 > 111.0), LIW 16.0 -> 16.0
a100-llm-02:999334:999549 [0] NCCL INFO AIMD[649]: Congestion (RTT=11638.0 > 105.0), LIW 16.0 -> 16.0
a100-llm-02:999334:999546 [0] NCCL INFO AIMD[648]: Congestion (RTT=6049.0 > 105.0), LIW 16.0 -> 16.0
a100-llm-02:999334:999549 [0] NCCL INFO AIMD[654]: Congestion (RTT=7999.0 > 114.0), LIW 16.0 -> 16.0
a100-llm-02:999334:999546 [0] NCCL INFO AIMD[657]: Congestion (RTT=11645.0 > 114.0), LIW 16.0 -> 16.0
a100-llm-02:999334:999546 [0] NCCL INFO AIMD[664]: Congestion (RTT=8427.0 > 102.0), LIW 16.0 -> 16.0
a100-llm-02:999334:999545 [0] NCCL INFO AIMD[662]: Congestion (RTT=7816.0 > 111.0), LIW 16.0 -> 16.0
a100-llm-02:999334:999551 [0] NCCL INFO AIMD[667]: Congestion (RTT=8432.0 > 108.0), LIW 16.0 -> 16.0
a100-llm-02:999334:999551 [0] NCCL INFO AIMD[666]: Congestion (RTT=4041.3 > 108.0), LIW 16.0 -> 16.0
a100-llm-02:999334:999551 [0] NCCL INFO AIMD[669]: Congestion (RTT=4001.6 > 111.0), LIW 16.0 -> 16.0
a100-llm-02:999334:999551 [0] NCCL INFO AIMD[671]: Congestion (RTT=7872.0 > 111.0), LIW 16.0 -> 16.0
warmup done.
[AIMD] FinalizeChunkRTT: cc=0x7fb0d8065420 slot=700 inflight_before=1
a100-llm-02:999334:999545 [0] NCCL INFO AIMD[727]: Congestion (RTT=4738.5 > 105.0), LIW 16.0 -> 16.0
a100-llm-02:999334:999548 [0] NCCL INFO AIMD[726]: Congestion (RTT=7997.0 > 105.0), LIW 16.0 -> 16.0
a100-llm-02:999334:999550 [0] NCCL INFO AIMD[727]: Congestion (RTT=7712.0 > 105.0), LIW 16.0 -> 16.0
a100-llm-02:999334:999550 [0] NCCL INFO AIMD[727]: Congestion (RTT=3716.5 > 108.0), LIW 16.0 -> 16.0
a100-llm-02:999334:999549 [0] NCCL INFO AIMD[730]: Congestion (RTT=7992.0 > 96.0), LIW 16.0 -> 16.0
a100-llm-02:999334:999549 [0] NCCL INFO AIMD[735]: Congestion (RTT=11638.0 > 105.0), LIW 16.0 -> 16.0
a100-llm-02:999334:999547 [0] NCCL INFO AIMD[735]: Congestion (RTT=11645.0 > 114.0), LIW 16.0 -> 16.0
a100-llm-02:999334:999548 [0] NCCL INFO AIMD[733]: Congestion (RTT=6049.0 > 105.0), LIW 16.0 -> 16.0
a100-llm-02:999334:999547 [0] NCCL INFO AIMD[737]: Congestion (RTT=7997.0 > 111.0), LIW 16.0 -> 16.0
a100-llm-02:999334:999551 [0] NCCL INFO AIMD[739]: Congestion (RTT=7999.0 > 114.0), LIW 16.0 -> 16.0
a100-llm-02:999334:999548 [0] NCCL INFO AIMD[740]: Congestion (RTT=7816.0 > 111.0), LIW 16.0 -> 16.0
a100-llm-02:999334:999547 [0] NCCL INFO AIMD[741]: Congestion (RTT=8427.0 > 102.0), LIW 16.0 -> 16.0
a100-llm-02:999334:999545 [0] NCCL INFO AIMD[741]: Congestion (RTT=7872.0 > 111.0), LIW 16.0 -> 16.0
a100-llm-02:999334:999546 [0] NCCL INFO AIMD[743]: Congestion (RTT=8432.0 > 108.0), LIW 16.0 -> 16.0
a100-llm-02:999334:999545 [0] NCCL INFO AIMD[742]: Congestion (RTT=4240.0 > 108.0), LIW 16.0 -> 16.0
a100-llm-02:999334:999551 [0] NCCL INFO AIMD[742]: Congestion (RTT=4228.0 > 111.0), LIW 16.0 -> 16.0
a100-llm-02:999334:999552 [0] NCCL INFO AIMD[797]: Congestion (RTT=7712.0 > 105.0), LIW 16.0 -> 16.0
a100-llm-02:999334:999548 [0] NCCL INFO AIMD[800]: Congestion (RTT=7997.0 > 105.0), LIW 16.0 -> 16.0
a100-llm-02:999334:999545 [0] NCCL INFO AIMD[801]: Congestion (RTT=3717.0 > 108.0), LIW 16.0 -> 16.0
a100-llm-02:999334:999548 [0] NCCL INFO AIMD[801]: Congestion (RTT=4740.0 > 105.0), LIW 16.0 -> 16.0
a100-llm-02:999334:999545 [0] NCCL INFO AIMD[802]: Congestion (RTT=7816.0 > 111.0), LIW 16.0 -> 16.0
a100-llm-02:999334:999545 [0] NCCL INFO AIMD[816]: Congestion (RTT=7997.0 > 111.0), LIW 16.0 -> 16.0
a100-llm-02:999334:999551 [0] NCCL INFO AIMD[821]: Congestion (RTT=7992.0 > 96.0), LIW 16.0 -> 16.0
a100-llm-02:999334:999552 [0] NCCL INFO AIMD[824]: Congestion (RTT=11638.0 > 105.0), LIW 16.0 -> 16.0
a100-llm-02:999334:999552 [0] NCCL INFO AIMD[825]: Congestion (RTT=7999.0 > 114.0), LIW 16.0 -> 16.0
a100-llm-02:999334:999552 [0] NCCL INFO AIMD[827]: Congestion (RTT=11645.0 > 114.0), LIW 16.0 -> 16.0
a100-llm-02:999334:999547 [0] NCCL INFO AIMD[830]: Congestion (RTT=7872.0 > 111.0), LIW 16.0 -> 16.0
a100-llm-02:999334:999551 [0] NCCL INFO AIMD[831]: Congestion (RTT=6049.0 > 105.0), LIW 16.0 -> 16.0
a100-llm-02:999334:999551 [0] NCCL INFO AIMD[835]: Congestion (RTT=8427.0 > 102.0), LIW 16.0 -> 16.0
a100-llm-02:999334:999552 [0] NCCL INFO AIMD[839]: Congestion (RTT=5692.7 > 108.0), LIW 16.0 -> 16.0
a100-llm-02:999334:999552 [0] NCCL INFO AIMD[841]: Congestion (RTT=8432.0 > 108.0), LIW 16.0 -> 16.0
a100-llm-02:999334:999552 [0] NCCL INFO AIMD[841]: Congestion (RTT=4228.0 > 111.0), LIW 16.0 -> 16.0
a100-llm-02:999334:999545 [0] NCCL INFO AIMD[881]: Congestion (RTT=7816.0 > 111.0), LIW 16.0 -> 16.0
a100-llm-02:999334:999545 [0] NCCL INFO AIMD[889]: Congestion (RTT=7712.0 > 105.0), LIW 16.0 -> 16.0
a100-llm-02:999334:999546 [0] NCCL INFO AIMD[889]: Congestion (RTT=7997.0 > 105.0), LIW 16.0 -> 16.0
a100-llm-02:999334:999549 [0] NCCL INFO AIMD[895]: Congestion (RTT=3717.0 > 108.0), LIW 16.0 -> 16.0
a100-llm-02:999334:999550 [0] NCCL INFO AIMD[893]: Congestion (RTT=4740.0 > 105.0), LIW 16.0 -> 16.0
a100-llm-02:999334:999551 [0] NCCL INFO AIMD[895]: Congestion (RTT=7997.0 > 111.0), LIW 16.0 -> 16.0
a100-llm-02:999334:999547 [0] NCCL INFO AIMD[900]: Congestion (RTT=11638.0 > 105.0), LIW 16.0 -> 16.0
a100-llm-02:999334:999552 [0] NCCL INFO AIMD[909]: Congestion (RTT=11645.0 > 114.0), LIW 16.0 -> 16.0
a100-llm-02:999334:999548 [0] NCCL INFO AIMD[909]: Congestion (RTT=7872.0 > 111.0), LIW 16.0 -> 16.0
a100-llm-02:999334:999550 [0] NCCL INFO AIMD[912]: Congestion (RTT=7999.0 > 114.0), LIW 16.0 -> 16.0
a100-llm-02:999334:999549 [0] NCCL INFO AIMD[911]: Congestion (RTT=7992.0 > 96.0), LIW 16.0 -> 16.0
a100-llm-02:999334:999545 [0] NCCL INFO AIMD[909]: Congestion (RTT=6049.0 > 105.0), LIW 16.0 -> 16.0
a100-llm-02:999334:999549 [0] NCCL INFO AIMD[910]: Congestion (RTT=5693.0 > 108.0), LIW 16.0 -> 16.0
a100-llm-02:999334:999551 [0] NCCL INFO AIMD[911]: Congestion (RTT=8427.0 > 102.0), LIW 16.0 -> 16.0
a100-llm-02:999334:999552 [0] NCCL INFO AIMD[923]: Congestion (RTT=8432.0 > 108.0), LIW 16.0 -> 16.0
a100-llm-02:999334:999552 [0] NCCL INFO AIMD[923]: Congestion (RTT=4228.0 > 111.0), LIW 16.0 -> 16.0
a100-llm-02:999334:999552 [0] NCCL INFO AIMD[979]: Congestion (RTT=7816.0 > 111.0), LIW 16.0 -> 16.0
a100-llm-02:999334:999551 [0] NCCL INFO AIMD[991]: Congestion (RTT=4740.0 > 105.0), LIW 16.0 -> 16.0
a100-llm-02:999334:999551 [0] NCCL INFO AIMD[993]: Congestion (RTT=7712.0 > 105.0), LIW 16.0 -> 16.0
a100-llm-02:999334:999549 [0] NCCL INFO AIMD[996]: Congestion (RTT=7997.0 > 105.0), LIW 16.0 -> 16.0
a100-llm-02:999334:999547 [0] NCCL INFO AIMD[1001]: Congestion (RTT=3717.0 > 108.0), LIW 16.0 -> 16.0
a100-llm-02:999334:999545 [0] NCCL INFO AIMD[1006]: Congestion (RTT=7997.0 > 111.0), LIW 16.0 -> 16.0
a100-llm-02:999334:999545 [0] NCCL INFO AIMD[1007]: Congestion (RTT=11638.0 > 105.0), LIW 16.0 -> 16.0
a100-llm-02:999334:999547 [0] NCCL INFO AIMD[1007]: Congestion (RTT=11645.0 > 114.0), LIW 16.0 -> 16.0
a100-llm-02:999334:999546 [0] NCCL INFO AIMD[1007]: Congestion (RTT=8379.9 > 114.0), LIW 16.0 -> 16.0
a100-llm-02:999334:999551 [0] NCCL INFO AIMD[1010]: Congestion (RTT=7992.0 > 96.0), LIW 16.0 -> 16.0
a100-llm-02:999334:999547 [0] NCCL INFO AIMD[1007]: Congestion (RTT=7872.0 > 111.0), LIW 16.0 -> 16.0
a100-llm-02:999334:999545 [0] NCCL INFO AIMD[1009]: Congestion (RTT=8427.0 > 102.0), LIW 16.0 -> 16.0
a100-llm-02:999334:999552 [0] NCCL INFO AIMD[1008]: Congestion (RTT=5693.0 > 108.0), LIW 16.0 -> 16.0
a100-llm-02:999334:999550 [0] NCCL INFO AIMD[1008]: Congestion (RTT=6049.0 > 105.0), LIW 16.0 -> 16.0
a100-llm-02:999334:999547 [0] NCCL INFO AIMD[1032]: Congestion (RTT=8432.0 > 108.0), LIW 16.0 -> 16.0
a100-llm-02:999334:999548 [0] NCCL INFO AIMD[1035]: Congestion (RTT=4228.0 > 111.0), LIW 16.0 -> 16.0
a100-llm-02:999334:999548 [0] NCCL INFO AIMD[1068]: Congestion (RTT=7816.0 > 111.0), LIW 16.0 -> 16.0
a100-llm-02:999334:999548 [0] NCCL INFO AIMD[1079]: Congestion (RTT=4740.0 > 105.0), LIW 16.0 -> 16.0
a100-llm-02:999334:999552 [0] NCCL INFO AIMD[1077]: Congestion (RTT=7997.0 > 105.0), LIW 16.0 -> 16.0
a100-llm-02:999334:999550 [0] NCCL INFO AIMD[1078]: Congestion (RTT=7712.0 > 105.0), LIW 16.0 -> 16.0
a100-llm-02:999334:999546 [0] NCCL INFO AIMD[1086]: Congestion (RTT=3717.0 > 108.0), LIW 16.0 -> 16.0
a100-llm-02:999334:999548 [0] NCCL INFO AIMD[1087]: Congestion (RTT=9971.9 > 111.0), LIW 16.0 -> 16.0
a100-llm-02:999334:999548 [0] NCCL INFO AIMD[1101]: Congestion (RTT=11638.0 > 105.0), LIW 16.0 -> 16.0
a100-llm-02:999334:999548 [0] NCCL INFO AIMD[1105]: Congestion (RTT=11645.0 > 114.0), LIW 16.0 -> 16.0
a100-llm-02:999334:999548 [0] NCCL INFO AIMD[1115]: Congestion (RTT=10004.0 > 114.0), LIW 16.0 -> 16.0
a100-llm-02:999334:999548 [0] NCCL INFO AIMD[1114]: Congestion (RTT=7992.0 > 96.0), LIW 16.0 -> 16.0
a100-llm-02:999334:999548 [0] NCCL INFO AIMD[1119]: Congestion (RTT=5693.0 > 108.0), LIW 16.0 -> 16.0
a100-llm-02:999334:999548 [0] NCCL INFO AIMD[1119]: Congestion (RTT=7872.0 > 111.0), LIW 16.0 -> 16.0
a100-llm-02:999334:999548 [0] NCCL INFO AIMD[1119]: Congestion (RTT=8427.0 > 102.0), LIW 16.0 -> 16.0
a100-llm-02:999334:999548 [0] NCCL INFO AIMD[1130]: Congestion (RTT=6049.0 > 105.0), LIW 16.0 -> 16.0
a100-llm-02:999334:999548 [0] NCCL INFO AIMD[1133]: Congestion (RTT=8432.0 > 108.0), LIW 16.0 -> 16.0
a100-llm-02:999334:999548 [0] NCCL INFO AIMD[1133]: Congestion (RTT=4228.0 > 111.0), LIW 16.0 -> 16.0
a100-llm-02:999334:999548 [0] NCCL INFO AIMD[1203]: Congestion (RTT=8048.9 > 111.0), LIW 16.0 -> 16.0
a100-llm-02:999334:999548 [0] NCCL INFO AIMD[1213]: Congestion (RTT=4740.0 > 105.0), LIW 16.0 -> 16.0
a100-llm-02:999334:999548 [0] NCCL INFO AIMD[1217]: Congestion (RTT=7997.0 > 105.0), LIW 16.0 -> 16.0
a100-llm-02:999334:999548 [0] NCCL INFO AIMD[1212]: Congestion (RTT=7712.0 > 105.0), LIW 16.0 -> 16.0
a100-llm-02:999334:999548 [0] NCCL INFO AIMD[1231]: Congestion (RTT=3717.0 > 108.0), LIW 16.0 -> 16.0
a100-llm-02:999334:999548 [0] NCCL INFO AIMD[1246]: Congestion (RTT=9972.0 > 111.0), LIW 16.0 -> 16.0
a100-llm-02:999334:999548 [0] NCCL INFO AIMD[1259]: Congestion (RTT=11638.0 > 105.0), LIW 16.0 -> 16.0
a100-llm-02:999334:999548 [0] NCCL INFO AIMD[1269]: Congestion (RTT=8427.0 > 102.0), LIW 16.0 -> 16.0
a100-llm-02:999334:999548 [0] NCCL INFO AIMD[1273]: Congestion (RTT=7992.0 > 96.0), LIW 16.0 -> 16.0
a100-llm-02:999334:999548 [0] NCCL INFO AIMD[1273]: Congestion (RTT=11645.0 > 114.0), LIW 16.0 -> 16.0
a100-llm-02:999334:999548 [0] NCCL INFO AIMD[1273]: Congestion (RTT=5693.0 > 108.0), LIW 16.0 -> 16.0
a100-llm-02:999334:999548 [0] NCCL INFO AIMD[1274]: Congestion (RTT=10004.0 > 114.0), LIW 16.0 -> 16.0
a100-llm-02:999334:999548 [0] NCCL INFO AIMD[1296]: Congestion (RTT=8091.9 > 111.0), LIW 16.0 -> 16.0
a100-llm-02:999334:999548 [0] NCCL INFO AIMD[1299]: Congestion (RTT=6049.0 > 105.0), LIW 16.0 -> 16.0
a100-llm-02:999334:999547 [0] NCCL INFO AIMD[1295]: Congestion (RTT=8432.0 > 108.0), LIW 16.0 -> 16.0
a100-llm-02:999334:999550 [0] NCCL INFO AIMD[1301]: Congestion (RTT=5027.2 > 111.0), LIW 16.0 -> 16.0
a100-llm-02:999334:999549 [0] NCCL INFO AIMD[1305]: Congestion (RTT=8090.0 > 111.0), LIW 16.0 -> 16.0
a100-llm-02:999334:999545 [0] NCCL INFO AIMD[1315]: Congestion (RTT=4740.0 > 105.0), LIW 16.0 -> 16.0
a100-llm-02:999334:999549 [0] NCCL INFO AIMD[1314]: Congestion (RTT=7712.0 > 105.0), LIW 16.0 -> 16.0
a100-llm-02:999334:999551 [0] NCCL INFO AIMD[1315]: Congestion (RTT=8756.4 > 105.0), LIW 16.0 -> 16.0
a100-llm-02:999334:999551 [0] NCCL INFO AIMD[1315]: Congestion (RTT=3717.0 > 108.0), LIW 16.0 -> 16.0
a100-llm-02:999334:999551 [0] NCCL INFO AIMD[1315]: Congestion (RTT=11638.0 > 105.0), LIW 16.0 -> 16.0
a100-llm-02:999334:999551 [0] NCCL INFO AIMD[1318]: Congestion (RTT=9972.0 > 111.0), LIW 16.0 -> 16.0
a100-llm-02:999334:999551 [0] NCCL INFO AIMD[1316]: Congestion (RTT=8427.0 > 102.0), LIW 16.0 -> 16.0
a100-llm-02:999334:999551 [0] NCCL INFO AIMD[1315]: Congestion (RTT=12148.1 > 108.0), LIW 16.0 -> 16.0
a100-llm-02:999334:999546 [0] NCCL INFO AIMD[1315]: Congestion (RTT=11645.0 > 114.0), LIW 16.0 -> 16.0
