a100-llm-02:1078627:1078962 [1] NCCL INFO GPU Direct RDMA Enabled for GPU/0-1020000 (rank 1) - NET/0-9 (distance 5 <= 6, read 0, mode Default)
a100-llm-02:1078627:1078944 [2] NCCL INFO New proxy recv connection 0 from local rank 0, transport 2
a100-llm-02:1078627:1078961 [2] NCCL INFO Connected to proxy localRank 0 -> connection 0x7f7173fa27b0
a100-llm-02:1078627:1078961 [2] NCCL INFO Channel 00/0 : 1[1] -> 2[2] [receive] via NET/IB/10/GDRDMA
a100-llm-02:1078627:1078961 [2] NCCL INFO GPU Direct RDMA Enabled for GPU/0-1028176 (rank 2) - NET/0-10 (distance 5 <= 6, read 0, mode Default)
a100-llm-02:1078627:1078944 [2] NCCL INFO New proxy recv connection 1 from local rank 0, transport 2
a100-llm-02:1078627:1078961 [2] NCCL INFO Connected to proxy localRank 0 -> connection 0x7f7173fa2828
a100-llm-02:1078627:1078961 [2] NCCL INFO Channel 01/0 : 1[1] -> 2[2] [receive] via NET/IB/10/GDRDMA
a100-llm-02:1078627:1078961 [2] NCCL INFO GPU Direct RDMA Enabled for GPU/0-1028176 (rank 2) - NET/0-10 (distance 5 <= 6, read 1, mode Default)
a100-llm-02:1078627:1078944 [2] NCCL INFO New proxy send connection 2 from local rank 0, transport 2
a100-llm-02:1078627:1078961 [2] NCCL INFO Connected to proxy localRank 0 -> connection 0x7f7173fa28a0
a100-llm-02:1078627:1078961 [2] NCCL INFO Channel 00/0 : 2[2] -> 3[3] [send] via NET/IB/10/GDRDMA
a100-llm-02:1078627:1078961 [2] NCCL INFO GPU Direct RDMA Enabled for GPU/0-1028176 (rank 2) - NET/0-10 (distance 5 <= 6, read 1, mode Default)
a100-llm-02:1078627:1078944 [2] NCCL INFO New proxy send connection 3 from local rank 0, transport 2
a100-llm-02:1078627:1078961 [2] NCCL INFO Connected to proxy localRank 0 -> connection 0x7f7173fa2918
a100-llm-02:1078627:1078961 [2] NCCL INFO Channel 01/0 : 2[2] -> 3[3] [send] via NET/IB/10/GDRDMA
a100-llm-02:1078627:1078948 [6] NCCL INFO New proxy recv connection 0 from local rank 0, transport 2
a100-llm-02:1078627:1078946 [7] NCCL INFO New proxy recv connection 0 from local rank 0, transport 2
a100-llm-02:1078627:1078956 [7] NCCL INFO Connected to proxy localRank 0 -> connection 0x7f7058c593e0
a100-llm-02:1078627:1078957 [6] NCCL INFO Connected to proxy localRank 0 -> connection 0x7f7024000d10
a100-llm-02:1078627:1078954 [5] NCCL INFO New proxy recv connection 0 from local rank 0, transport 2
a100-llm-02:1078627:1078957 [6] NCCL INFO Channel 00/0 : 5[5] -> 6[6] [receive] via NET/IB/12/GDRDMA
a100-llm-02:1078627:1078957 [6] NCCL INFO GPU Direct RDMA Enabled for GPU/0-1044560 (rank 6) - NET/0-12 (distance 5 <= 6, read 0, mode Default)
a100-llm-02:1078627:1078948 [6] NCCL INFO New proxy recv connection 1 from local rank 0, transport 2
a100-llm-02:1078627:1078957 [6] NCCL INFO Connected to proxy localRank 0 -> connection 0x7f7024000d88
a100-llm-02:1078627:1078957 [6] NCCL INFO Channel 01/0 : 5[5] -> 6[6] [receive] via NET/IB/12/GDRDMA
a100-llm-02:1078627:1078957 [6] NCCL INFO GPU Direct RDMA Enabled for GPU/0-1044560 (rank 6) - NET/0-12 (distance 5 <= 6, read 1, mode Default)
a100-llm-02:1078627:1078948 [6] NCCL INFO New proxy send connection 2 from local rank 0, transport 2
a100-llm-02:1078627:1078957 [6] NCCL INFO Connected to proxy localRank 0 -> connection 0x7f7024000e00
a100-llm-02:1078627:1078957 [6] NCCL INFO Channel 00/0 : 6[6] -> 7[7] [send] via NET/IB/12/GDRDMA
a100-llm-02:1078627:1078957 [6] NCCL INFO GPU Direct RDMA Enabled for GPU/0-1044560 (rank 6) - NET/0-12 (distance 5 <= 6, read 1, mode Default)
a100-llm-02:1078627:1078948 [6] NCCL INFO New proxy send connection 3 from local rank 0, transport 2
a100-llm-02:1078627:1078957 [6] NCCL INFO Connected to proxy localRank 0 -> connection 0x7f7024000e78
a100-llm-02:1078627:1078957 [6] NCCL INFO Channel 01/0 : 6[6] -> 7[7] [send] via NET/IB/12/GDRDMA
a100-llm-02:1078627:1078956 [7] NCCL INFO Channel 00/0 : 6[6] -> 7[7] [receive] via NET/IB/12/GDRDMA
a100-llm-02:1078627:1078956 [7] NCCL INFO GPU Direct RDMA Enabled for GPU/0-1044576 (rank 7) - NET/0-12 (distance 5 <= 6, read 0, mode Default)
a100-llm-02:1078627:1078946 [7] NCCL INFO New proxy recv connection 1 from local rank 0, transport 2
a100-llm-02:1078627:1078958 [5] NCCL INFO Connected to proxy localRank 0 -> connection 0x7f702c0010a0
a100-llm-02:1078627:1078942 [0] NCCL INFO New proxy recv connection 0 from local rank 0, transport 2
a100-llm-02:1078627:1078956 [7] NCCL INFO Connected to proxy localRank 0 -> connection 0x7f7058c59458
a100-llm-02:1078627:1078956 [7] NCCL INFO Channel 01/0 : 6[6] -> 7[7] [receive] via NET/IB/12/GDRDMA
a100-llm-02:1078627:1078956 [7] NCCL INFO GPU Direct RDMA Enabled for GPU/0-1044576 (rank 7) - NET/0-12 (distance 5 <= 6, read 1, mode Default)
a100-llm-02:1078627:1078946 [7] NCCL INFO New proxy send connection 2 from local rank 0, transport 2
a100-llm-02:1078627:1078963 [0] NCCL INFO Connected to proxy localRank 0 -> connection 0x7f7163fa2680
a100-llm-02:1078627:1078963 [0] NCCL INFO Channel 00/0 : 7[7] -> 0[0] [receive] via NET/IB/9/GDRDMA
a100-llm-02:1078627:1078963 [0] NCCL INFO GPU Direct RDMA Enabled for GPU/0-1019984 (rank 0) - NET/0-9 (distance 5 <= 6, read 0, mode Default)
a100-llm-02:1078627:1078956 [7] NCCL INFO Connected to proxy localRank 0 -> connection 0x7f7058c594d0
a100-llm-02:1078627:1078950 [3] NCCL INFO New proxy recv connection 0 from local rank 0, transport 2
a100-llm-02:1078627:1078956 [7] NCCL INFO Channel 00/0 : 7[7] -> 0[0] [send] via NET/IB/12/GDRDMA
a100-llm-02:1078627:1078956 [7] NCCL INFO GPU Direct RDMA Enabled for GPU/0-1044576 (rank 7) - NET/0-12 (distance 5 <= 6, read 1, mode Default)
a100-llm-02:1078627:1078960 [3] NCCL INFO Connected to proxy localRank 0 -> connection 0x7f718bfec840
a100-llm-02:1078627:1078946 [7] NCCL INFO New proxy send connection 3 from local rank 0, transport 2
a100-llm-02:1078627:1078940 [1] NCCL INFO New proxy recv connection 0 from local rank 0, transport 2
a100-llm-02:1078627:1078956 [7] NCCL INFO Connected to proxy localRank 0 -> connection 0x7f7058c59548
a100-llm-02:1078627:1078952 [4] NCCL INFO New proxy recv connection 0 from local rank 0, transport 2
a100-llm-02:1078627:1078958 [5] NCCL INFO Channel 00/0 : 4[4] -> 5[5] [receive] via NET/IB/11/GDRDMA
a100-llm-02:1078627:1078958 [5] NCCL INFO GPU Direct RDMA Enabled for GPU/0-1036384 (rank 5) - NET/0-11 (distance 5 <= 6, read 0, mode Default)
a100-llm-02:1078627:1078962 [1] NCCL INFO Connected to proxy localRank 0 -> connection 0x7f7034009e10
a100-llm-02:1078627:1078956 [7] NCCL INFO Channel 01/0 : 7[7] -> 0[0] [send] via NET/IB/12/GDRDMA
a100-llm-02:1078627:1078954 [5] NCCL INFO New proxy recv connection 1 from local rank 0, transport 2
a100-llm-02:1078627:1078959 [4] NCCL INFO Connected to proxy localRank 0 -> connection 0x7f7020009e10
a100-llm-02:1078627:1078962 [1] NCCL INFO Channel 00/0 : 0[0] -> 1[1] [receive] via NET/IB/9/GDRDMA
a100-llm-02:1078627:1078962 [1] NCCL INFO GPU Direct RDMA Enabled for GPU/0-1020000 (rank 1) - NET/0-9 (distance 5 <= 6, read 0, mode Default)
a100-llm-02:1078627:1078940 [1] NCCL INFO New proxy recv connection 1 from local rank 0, transport 2
a100-llm-02:1078627:1078962 [1] NCCL INFO Connected to proxy localRank 0 -> connection 0x7f7034009e88
a100-llm-02:1078627:1078962 [1] NCCL INFO Channel 01/0 : 0[0] -> 1[1] [receive] via NET/IB/9/GDRDMA
a100-llm-02:1078627:1078962 [1] NCCL INFO GPU Direct RDMA Enabled for GPU/0-1020000 (rank 1) - NET/0-9 (distance 5 <= 6, read 1, mode Default)
a100-llm-02:1078627:1078960 [3] NCCL INFO Channel 00/0 : 2[2] -> 3[3] [receive] via NET/IB/10/GDRDMA
a100-llm-02:1078627:1078960 [3] NCCL INFO GPU Direct RDMA Enabled for GPU/0-1028192 (rank 3) - NET/0-10 (distance 5 <= 6, read 0, mode Default)
a100-llm-02:1078627:1078940 [1] NCCL INFO New proxy send connection 2 from local rank 0, transport 2
a100-llm-02:1078627:1078962 [1] NCCL INFO Connected to proxy localRank 0 -> connection 0x7f7034009f00
a100-llm-02:1078627:1078942 [0] NCCL INFO New proxy recv connection 1 from local rank 0, transport 2
a100-llm-02:1078627:1078963 [0] NCCL INFO Connected to proxy localRank 0 -> connection 0x7f7163fa26f8
a100-llm-02:1078627:1078962 [1] NCCL INFO Channel 00/0 : 1[1] -> 2[2] [send] via NET/IB/9/GDRDMA
a100-llm-02:1078627:1078962 [1] NCCL INFO GPU Direct RDMA Enabled for GPU/0-1020000 (rank 1) - NET/0-9 (distance 5 <= 6, read 1, mode Default)
a100-llm-02:1078627:1078940 [1] NCCL INFO New proxy send connection 3 from local rank 0, transport 2
a100-llm-02:1078627:1078963 [0] NCCL INFO Channel 01/0 : 7[7] -> 0[0] [receive] via NET/IB/9/GDRDMA
a100-llm-02:1078627:1078963 [0] NCCL INFO GPU Direct RDMA Enabled for GPU/0-1019984 (rank 0) - NET/0-9 (distance 5 <= 6, read 1, mode Default)
a100-llm-02:1078627:1078942 [0] NCCL INFO New proxy send connection 2 from local rank 0, transport 2
a100-llm-02:1078627:1078962 [1] NCCL INFO Connected to proxy localRank 0 -> connection 0x7f7034009f78
a100-llm-02:1078627:1078958 [5] NCCL INFO Connected to proxy localRank 0 -> connection 0x7f702c001118
a100-llm-02:1078627:1078963 [0] NCCL INFO Connected to proxy localRank 0 -> connection 0x7f7163fa2770
a100-llm-02:1078627:1078962 [1] NCCL INFO Channel 01/0 : 1[1] -> 2[2] [send] via NET/IB/9/GDRDMA
a100-llm-02:1078627:1078963 [0] NCCL INFO Channel 00/0 : 0[0] -> 1[1] [send] via NET/IB/9/GDRDMA
a100-llm-02:1078627:1078963 [0] NCCL INFO GPU Direct RDMA Enabled for GPU/0-1019984 (rank 0) - NET/0-9 (distance 5 <= 6, read 1, mode Default)
a100-llm-02:1078627:1078942 [0] NCCL INFO New proxy send connection 3 from local rank 0, transport 2
a100-llm-02:1078627:1078963 [0] NCCL INFO Connected to proxy localRank 0 -> connection 0x7f7163fa27e8
a100-llm-02:1078627:1078950 [3] NCCL INFO New proxy recv connection 1 from local rank 0, transport 2
a100-llm-02:1078627:1078958 [5] NCCL INFO Channel 01/0 : 4[4] -> 5[5] [receive] via NET/IB/11/GDRDMA
a100-llm-02:1078627:1078958 [5] NCCL INFO GPU Direct RDMA Enabled for GPU/0-1036384 (rank 5) - NET/0-11 (distance 5 <= 6, read 1, mode Default)
a100-llm-02:1078627:1078963 [0] NCCL INFO Channel 01/0 : 0[0] -> 1[1] [send] via NET/IB/9/GDRDMA
a100-llm-02:1078627:1078954 [5] NCCL INFO New proxy send connection 2 from local rank 0, transport 2
a100-llm-02:1078627:1078959 [4] NCCL INFO Channel 00/0 : 3[3] -> 4[4] [receive] via NET/IB/11/GDRDMA
a100-llm-02:1078627:1078959 [4] NCCL INFO GPU Direct RDMA Enabled for GPU/0-1036368 (rank 4) - NET/0-11 (distance 5 <= 6, read 0, mode Default)
a100-llm-02:1078627:1078960 [3] NCCL INFO Connected to proxy localRank 0 -> connection 0x7f718bfec8b8
a100-llm-02:1078627:1078946 [7] NCCL INFO NET/IB: NCCL Dev 12 IbDev 7 Port 1 qpn 940 mtu 5 GID 3 (0/455A13C6FFFF0000) ctsFifoRkey=0x129998 ctsFifoLkey=0x129998
a100-llm-02:1078627:1078946 [7] NCCL INFO NET/IB: IbDev 7 Port 1 qpn 940 query_ece={supported=1, vendor_id=0x15b3, options=0x30000000, comp_mask=0x0}
a100-llm-02:1078627:1078946 [7] NCCL INFO NET/IB: NCCL Dev 12 IbDev 8 Port 1 qpn 684 mtu 5 GID 3 (0/58B013C6FFFF0000) ctsFifoRkey=0xeb576 ctsFifoLkey=0xeb576
a100-llm-02:1078627:1078946 [7] NCCL INFO NET/IB: IbDev 8 Port 1 qpn 684 query_ece={supported=1, vendor_id=0x15b3, options=0x30000000, comp_mask=0x0}
a100-llm-02:1078627:1078942 [0] NCCL INFO NET/IB: NCCL Dev 9 IbDev 1 Port 1 qpn 940 mtu 5 GID 3 (0/F74413C6FFFF0000) ctsFifoRkey=0x129c9b ctsFifoLkey=0x129c9b
a100-llm-02:1078627:1078942 [0] NCCL INFO NET/IB: IbDev 1 Port 1 qpn 940 query_ece={supported=1, vendor_id=0x15b3, options=0x30000000, comp_mask=0x0}
a100-llm-02:1078627:1078942 [0] NCCL INFO NET/IB: NCCL Dev 9 IbDev 2 Port 1 qpn 684 mtu 5 GID 3 (0/A3F13C6FFFF0000) ctsFifoRkey=0xee2a1 ctsFifoLkey=0xee2a1
a100-llm-02:1078627:1078942 [0] NCCL INFO NET/IB: IbDev 2 Port 1 qpn 684 query_ece={supported=1, vendor_id=0x15b3, options=0x30000000, comp_mask=0x0}
a100-llm-02:1078627:1078958 [5] NCCL INFO Connected to proxy localRank 0 -> connection 0x7f702c001190
a100-llm-02:1078627:1078958 [5] NCCL INFO Channel 00/0 : 5[5] -> 6[6] [send] via NET/IB/11/GDRDMA
a100-llm-02:1078627:1078958 [5] NCCL INFO GPU Direct RDMA Enabled for GPU/0-1036384 (rank 5) - NET/0-11 (distance 5 <= 6, read 1, mode Default)
a100-llm-02:1078627:1078954 [5] NCCL INFO New proxy send connection 3 from local rank 0, transport 2
a100-llm-02:1078627:1078942 [0] NCCL INFO NET/IB: NCCL Dev 9 IbDev 1 Port 1 qpn 945 mtu 5 GID 3 (0/F74413C6FFFF0000) ctsFifoRkey=0x68a8a ctsFifoLkey=0x68a8a
a100-llm-02:1078627:1078942 [0] NCCL INFO NET/IB: IbDev 1 Port 1 qpn 945 query_ece={supported=1, vendor_id=0x15b3, options=0x30000000, comp_mask=0x0}
a100-llm-02:1078627:1078942 [0] NCCL INFO NET/IB: NCCL Dev 9 IbDev 2 Port 1 qpn 689 mtu 5 GID 3 (0/A3F13C6FFFF0000) ctsFifoRkey=0x2d593 ctsFifoLkey=0x2d593
a100-llm-02:1078627:1078942 [0] NCCL INFO NET/IB: IbDev 2 Port 1 qpn 689 query_ece={supported=1, vendor_id=0x15b3, options=0x30000000, comp_mask=0x0}
a100-llm-02:1078627:1078942 [0] NCCL INFO NET/IB: IbDev 1 Port 1 qpn 940 set_ece={supported=1, vendor_id=0x15b3, options=0x30000000, comp_mask=0x0}
a100-llm-02:1078627:1078946 [7] NCCL INFO NET/IB: IbDev 7 Port 1 qpn 940 set_ece={supported=1, vendor_id=0x15b3, options=0x30000000, comp_mask=0x0}
a100-llm-02:1078627:1078952 [4] NCCL INFO New proxy recv connection 1 from local rank 0, transport 2
a100-llm-02:1078627:1078959 [4] NCCL INFO Connected to proxy localRank 0 -> connection 0x7f7020009e88
a100-llm-02:1078627:1078942 [0] NCCL INFO NET/IB: IbDev 2 Port 1 qpn 684 set_ece={supported=1, vendor_id=0x15b3, options=0x30000000, comp_mask=0x0}
a100-llm-02:1078627:1078946 [7] NCCL INFO NET/IB: IbDev 8 Port 1 qpn 684 set_ece={supported=1, vendor_id=0x15b3, options=0x30000000, comp_mask=0x0}
a100-llm-02:1078627:1078960 [3] NCCL INFO Channel 01/0 : 2[2] -> 3[3] [receive] via NET/IB/10/GDRDMA
a100-llm-02:1078627:1078960 [3] NCCL INFO GPU Direct RDMA Enabled for GPU/0-1028192 (rank 3) - NET/0-10 (distance 5 <= 6, read 1, mode Default)
a100-llm-02:1078627:1078958 [5] NCCL INFO Connected to proxy localRank 0 -> connection 0x7f702c001208
a100-llm-02:1078627:1078942 [0] NCCL INFO NET/IB: IbDev 1 Port 1 qpn 945 set_ece={supported=1, vendor_id=0x15b3, options=0x30000000, comp_mask=0x0}
a100-llm-02:1078627:1078942 [0] NCCL INFO NET/IB: IbDev 2 Port 1 qpn 689 set_ece={supported=1, vendor_id=0x15b3, options=0x30000000, comp_mask=0x0}
a100-llm-02:1078627:1078946 [7] NCCL INFO NET/IB: NCCL Dev 12 IbDev 7 Port 1 qpn 941 mtu 5 GID 3 (0/455A13C6FFFF0000) ctsFifoRkey=0x12a5a4 ctsFifoLkey=0x12a5a4
a100-llm-02:1078627:1078946 [7] NCCL INFO NET/IB: IbDev 7 Port 1 qpn 941 query_ece={supported=1, vendor_id=0x15b3, options=0x30000000, comp_mask=0x0}
a100-llm-02:1078627:1078946 [7] NCCL INFO NET/IB: NCCL Dev 12 IbDev 8 Port 1 qpn 685 mtu 5 GID 3 (0/58B013C6FFFF0000) ctsFifoRkey=0xec080 ctsFifoLkey=0xec080
a100-llm-02:1078627:1078946 [7] NCCL INFO NET/IB: IbDev 8 Port 1 qpn 685 query_ece={supported=1, vendor_id=0x15b3, options=0x30000000, comp_mask=0x0}
a100-llm-02:1078627:1078950 [3] NCCL INFO New proxy send connection 2 from local rank 0, transport 2
a100-llm-02:1078627:1078959 [4] NCCL INFO Channel 01/0 : 3[3] -> 4[4] [receive] via NET/IB/11/GDRDMA
a100-llm-02:1078627:1078959 [4] NCCL INFO GPU Direct RDMA Enabled for GPU/0-1036368 (rank 4) - NET/0-11 (distance 5 <= 6, read 1, mode Default)
a100-llm-02:1078627:1078946 [7] NCCL INFO NET/IB: IbDev 7 Port 1 qpn 941 set_ece={supported=1, vendor_id=0x15b3, options=0x30000000, comp_mask=0x0}
a100-llm-02:1078627:1078946 [7] NCCL INFO NET/IB: IbDev 8 Port 1 qpn 685 set_ece={supported=1, vendor_id=0x15b3, options=0x30000000, comp_mask=0x0}
a100-llm-02:1078627:1078960 [3] NCCL INFO Connected to proxy localRank 0 -> connection 0x7f718bfec930
a100-llm-02:1078627:1078958 [5] NCCL INFO Channel 01/0 : 5[5] -> 6[6] [send] via NET/IB/11/GDRDMA
a100-llm-02:1078627:1078952 [4] NCCL INFO New proxy send connection 2 from local rank 0, transport 2
a100-llm-02:1078627:1078959 [4] NCCL INFO Connected to proxy localRank 0 -> connection 0x7f7020009f00
a100-llm-02:1078627:1078948 [6] NCCL INFO NET/IB: NCCL Dev 12 IbDev 7 Port 1 qpn 942 mtu 5 GID 3 (0/455A13C6FFFF0000) ctsFifoRkey=0x12b2b1 ctsFifoLkey=0x12b2b1
a100-llm-02:1078627:1078948 [6] NCCL INFO NET/IB: IbDev 7 Port 1 qpn 942 query_ece={supported=1, vendor_id=0x15b3, options=0x30000000, comp_mask=0x0}
a100-llm-02:1078627:1078948 [6] NCCL INFO NET/IB: NCCL Dev 12 IbDev 8 Port 1 qpn 686 mtu 5 GID 3 (0/58B013C6FFFF0000) ctsFifoRkey=0xecc8b ctsFifoLkey=0xecc8b
a100-llm-02:1078627:1078948 [6] NCCL INFO NET/IB: IbDev 8 Port 1 qpn 686 query_ece={supported=1, vendor_id=0x15b3, options=0x30000000, comp_mask=0x0}
a100-llm-02:1078627:1078948 [6] NCCL INFO NET/IB: NCCL Dev 12 IbDev 7 Port 1 qpn 943 mtu 5 GID 3 (0/455A13C6FFFF0000) ctsFifoRkey=0x12bebd ctsFifoLkey=0x12bebd
a100-llm-02:1078627:1078948 [6] NCCL INFO NET/IB: IbDev 7 Port 1 qpn 943 query_ece={supported=1, vendor_id=0x15b3, options=0x30000000, comp_mask=0x0}
a100-llm-02:1078627:1078948 [6] NCCL INFO NET/IB: NCCL Dev 12 IbDev 8 Port 1 qpn 687 mtu 5 GID 3 (0/58B013C6FFFF0000) ctsFifoRkey=0xed897 ctsFifoLkey=0xed897
a100-llm-02:1078627:1078948 [6] NCCL INFO NET/IB: IbDev 8 Port 1 qpn 687 query_ece={supported=1, vendor_id=0x15b3, options=0x30000000, comp_mask=0x0}
a100-llm-02:1078627:1078960 [3] NCCL INFO Channel 00/0 : 3[3] -> 4[4] [send] via NET/IB/10/GDRDMA
a100-llm-02:1078627:1078960 [3] NCCL INFO GPU Direct RDMA Enabled for GPU/0-1028192 (rank 3) - NET/0-10 (distance 5 <= 6, read 1, mode Default)
a100-llm-02:1078627:1078948 [6] NCCL INFO NET/IB: IbDev 7 Port 1 qpn 942 set_ece={supported=1, vendor_id=0x15b3, options=0x30000000, comp_mask=0x0}
a100-llm-02:1078627:1078948 [6] NCCL INFO NET/IB: IbDev 8 Port 1 qpn 686 set_ece={supported=1, vendor_id=0x15b3, options=0x30000000, comp_mask=0x0}
a100-llm-02:1078627:1078959 [4] NCCL INFO Channel 00/0 : 4[4] -> 5[5] [send] via NET/IB/11/GDRDMA
a100-llm-02:1078627:1078959 [4] NCCL INFO GPU Direct RDMA Enabled for GPU/0-1036368 (rank 4) - NET/0-11 (distance 5 <= 6, read 1, mode Default)
a100-llm-02:1078627:1078950 [3] NCCL INFO New proxy send connection 3 from local rank 0, transport 2
a100-llm-02:1078627:1078948 [6] NCCL INFO NET/IB: IbDev 7 Port 1 qpn 943 set_ece={supported=1, vendor_id=0x15b3, options=0x30000000, comp_mask=0x0}
a100-llm-02:1078627:1078948 [6] NCCL INFO NET/IB: IbDev 8 Port 1 qpn 687 set_ece={supported=1, vendor_id=0x15b3, options=0x30000000, comp_mask=0x0}
a100-llm-02:1078627:1078960 [3] NCCL INFO Connected to proxy localRank 0 -> connection 0x7f718bfec9a8
a100-llm-02:1078627:1078952 [4] NCCL INFO New proxy send connection 3 from local rank 0, transport 2
a100-llm-02:1078627:1078960 [3] NCCL INFO Channel 01/0 : 3[3] -> 4[4] [send] via NET/IB/10/GDRDMA
a100-llm-02:1078627:1078959 [4] NCCL INFO Connected to proxy localRank 0 -> connection 0x7f7020009f78
a100-llm-02:1078627:1078940 [1] NCCL INFO NET/IB: NCCL Dev 9 IbDev 1 Port 1 qpn 950 mtu 5 GID 3 (0/F74413C6FFFF0000) ctsFifoRkey=0x12d8d7 ctsFifoLkey=0x12d8d7
a100-llm-02:1078627:1078940 [1] NCCL INFO NET/IB: IbDev 1 Port 1 qpn 950 query_ece={supported=1, vendor_id=0x15b3, options=0x30000000, comp_mask=0x0}
a100-llm-02:1078627:1078940 [1] NCCL INFO NET/IB: NCCL Dev 9 IbDev 2 Port 1 qpn 694 mtu 5 GID 3 (0/A3F13C6FFFF0000) ctsFifoRkey=0xf1fde ctsFifoLkey=0xf1fde
a100-llm-02:1078627:1078940 [1] NCCL INFO NET/IB: IbDev 2 Port 1 qpn 694 query_ece={supported=1, vendor_id=0x15b3, options=0x30000000, comp_mask=0x0}
a100-llm-02:1078627:1078940 [1] NCCL INFO NET/IB: NCCL Dev 9 IbDev 1 Port 1 qpn 951 mtu 5 GID 3 (0/F74413C6FFFF0000) ctsFifoRkey=0x69596 ctsFifoLkey=0x69596
a100-llm-02:1078627:1078940 [1] NCCL INFO NET/IB: IbDev 1 Port 1 qpn 951 query_ece={supported=1, vendor_id=0x15b3, options=0x30000000, comp_mask=0x0}
a100-llm-02:1078627:1078940 [1] NCCL INFO NET/IB: NCCL Dev 9 IbDev 2 Port 1 qpn 695 mtu 5 GID 3 (0/A3F13C6FFFF0000) ctsFifoRkey=0x2e3a1 ctsFifoLkey=0x2e3a1
a100-llm-02:1078627:1078940 [1] NCCL INFO NET/IB: IbDev 2 Port 1 qpn 695 query_ece={supported=1, vendor_id=0x15b3, options=0x30000000, comp_mask=0x0}
a100-llm-02:1078627:1078959 [4] NCCL INFO Channel 01/0 : 4[4] -> 5[5] [send] via NET/IB/11/GDRDMA
a100-llm-02:1078627:1078940 [1] NCCL INFO NET/IB: IbDev 1 Port 1 qpn 950 set_ece={supported=1, vendor_id=0x15b3, options=0x30000000, comp_mask=0x0}
a100-llm-02:1078627:1078940 [1] NCCL INFO NET/IB: IbDev 2 Port 1 qpn 694 set_ece={supported=1, vendor_id=0x15b3, options=0x30000000, comp_mask=0x0}
a100-llm-02:1078627:1078940 [1] NCCL INFO NET/IB: IbDev 1 Port 1 qpn 951 set_ece={supported=1, vendor_id=0x15b3, options=0x30000000, comp_mask=0x0}
a100-llm-02:1078627:1078940 [1] NCCL INFO NET/IB: IbDev 2 Port 1 qpn 695 set_ece={supported=1, vendor_id=0x15b3, options=0x30000000, comp_mask=0x0}
a100-llm-02:1078627:1078954 [5] NCCL INFO NET/IB: NCCL Dev 11 IbDev 5 Port 1 qpn 940 mtu 5 GID 3 (0/5E0113C6FFFF0000) ctsFifoRkey=0x6a5a6 ctsFifoLkey=0x6a5a6
a100-llm-02:1078627:1078954 [5] NCCL INFO NET/IB: IbDev 5 Port 1 qpn 940 query_ece={supported=1, vendor_id=0x15b3, options=0x30000000, comp_mask=0x0}
a100-llm-02:1078627:1078954 [5] NCCL INFO NET/IB: NCCL Dev 11 IbDev 6 Port 1 qpn 684 mtu 5 GID 3 (0/AF0713C6FFFF0000) ctsFifoRkey=0x2e0a1 ctsFifoLkey=0x2e0a1
a100-llm-02:1078627:1078954 [5] NCCL INFO NET/IB: IbDev 6 Port 1 qpn 684 query_ece={supported=1, vendor_id=0x15b3, options=0x30000000, comp_mask=0x0}
a100-llm-02:1078627:1078944 [2] NCCL INFO NET/IB: NCCL Dev 10 IbDev 3 Port 1 qpn 944 mtu 5 GID 3 (0/340D13C6FFFF0000) ctsFifoRkey=0x64d4c ctsFifoLkey=0x64d4c
a100-llm-02:1078627:1078944 [2] NCCL INFO NET/IB: IbDev 3 Port 1 qpn 944 query_ece={supported=1, vendor_id=0x15b3, options=0x30000000, comp_mask=0x0}
a100-llm-02:1078627:1078952 [4] NCCL INFO NET/IB: NCCL Dev 11 IbDev 5 Port 1 qpn 941 mtu 5 GID 3 (0/5E0113C6FFFF0000) ctsFifoRkey=0x126b6a ctsFifoLkey=0x126b6a
a100-llm-02:1078627:1078952 [4] NCCL INFO NET/IB: IbDev 5 Port 1 qpn 941 query_ece={supported=1, vendor_id=0x15b3, options=0x30000000, comp_mask=0x0}
a100-llm-02:1078627:1078944 [2] NCCL INFO NET/IB: NCCL Dev 10 IbDev 4 Port 1 qpn 688 mtu 5 GID 3 (0/462613C6FFFF0000) ctsFifoRkey=0x28241 ctsFifoLkey=0x28241
a100-llm-02:1078627:1078944 [2] NCCL INFO NET/IB: IbDev 4 Port 1 qpn 688 query_ece={supported=1, vendor_id=0x15b3, options=0x30000000, comp_mask=0x0}
a100-llm-02:1078627:1078952 [4] NCCL INFO NET/IB: NCCL Dev 11 IbDev 6 Port 1 qpn 685 mtu 5 GID 3 (0/AF0713C6FFFF0000) ctsFifoRkey=0xeb372 ctsFifoLkey=0xeb372
a100-llm-02:1078627:1078952 [4] NCCL INFO NET/IB: IbDev 6 Port 1 qpn 685 query_ece={supported=1, vendor_id=0x15b3, options=0x30000000, comp_mask=0x0}
a100-llm-02:1078627:1078944 [2] NCCL INFO NET/IB: NCCL Dev 10 IbDev 3 Port 1 qpn 945 mtu 5 GID 3 (0/340D13C6FFFF0000) ctsFifoRkey=0x65a59 ctsFifoLkey=0x65a59
a100-llm-02:1078627:1078944 [2] NCCL INFO NET/IB: IbDev 3 Port 1 qpn 945 query_ece={supported=1, vendor_id=0x15b3, options=0x30000000, comp_mask=0x0}
a100-llm-02:1078627:1078944 [2] NCCL INFO NET/IB: NCCL Dev 10 IbDev 4 Port 1 qpn 689 mtu 5 GID 3 (0/462613C6FFFF0000) ctsFifoRkey=0x28f4e ctsFifoLkey=0x28f4e
a100-llm-02:1078627:1078944 [2] NCCL INFO NET/IB: IbDev 4 Port 1 qpn 689 query_ece={supported=1, vendor_id=0x15b3, options=0x30000000, comp_mask=0x0}
a100-llm-02:1078627:1078950 [3] NCCL INFO NET/IB: NCCL Dev 10 IbDev 3 Port 1 qpn 946 mtu 5 GID 3 (0/340D13C6FFFF0000) ctsFifoRkey=0x12e6e8 ctsFifoLkey=0x12e6e8
a100-llm-02:1078627:1078950 [3] NCCL INFO NET/IB: IbDev 3 Port 1 qpn 946 query_ece={supported=1, vendor_id=0x15b3, options=0x30000000, comp_mask=0x0}
a100-llm-02:1078627:1078950 [3] NCCL INFO NET/IB: NCCL Dev 10 IbDev 4 Port 1 qpn 690 mtu 5 GID 3 (0/462613C6FFFF0000) ctsFifoRkey=0xf2bea ctsFifoLkey=0xf2bea
a100-llm-02:1078627:1078950 [3] NCCL INFO NET/IB: IbDev 4 Port 1 qpn 690 query_ece={supported=1, vendor_id=0x15b3, options=0x30000000, comp_mask=0x0}
a100-llm-02:1078627:1078952 [4] NCCL INFO NET/IB: NCCL Dev 11 IbDev 5 Port 1 qpn 942 mtu 5 GID 3 (0/5E0113C6FFFF0000) ctsFifoRkey=0x128282 ctsFifoLkey=0x128282
a100-llm-02:1078627:1078952 [4] NCCL INFO NET/IB: IbDev 5 Port 1 qpn 942 query_ece={supported=1, vendor_id=0x15b3, options=0x30000000, comp_mask=0x0}
a100-llm-02:1078627:1078952 [4] NCCL INFO NET/IB: NCCL Dev 11 IbDev 6 Port 1 qpn 686 mtu 5 GID 3 (0/AF0713C6FFFF0000) ctsFifoRkey=0xec988 ctsFifoLkey=0xec988
a100-llm-02:1078627:1078952 [4] NCCL INFO NET/IB: IbDev 6 Port 1 qpn 686 query_ece={supported=1, vendor_id=0x15b3, options=0x30000000, comp_mask=0x0}
a100-llm-02:1078627:1078952 [4] NCCL INFO NET/IB: IbDev 5 Port 1 qpn 941 set_ece={supported=1, vendor_id=0x15b3, options=0x30000000, comp_mask=0x0}
a100-llm-02:1078627:1078952 [4] NCCL INFO NET/IB: IbDev 6 Port 1 qpn 685 set_ece={supported=1, vendor_id=0x15b3, options=0x30000000, comp_mask=0x0}
a100-llm-02:1078627:1078954 [5] NCCL INFO NET/IB: NCCL Dev 11 IbDev 5 Port 1 qpn 945 mtu 5 GID 3 (0/5E0113C6FFFF0000) ctsFifoRkey=0x128e8d ctsFifoLkey=0x128e8d
a100-llm-02:1078627:1078954 [5] NCCL INFO NET/IB: IbDev 5 Port 1 qpn 945 query_ece={supported=1, vendor_id=0x15b3, options=0x30000000, comp_mask=0x0}
a100-llm-02:1078627:1078954 [5] NCCL INFO NET/IB: NCCL Dev 11 IbDev 6 Port 1 qpn 689 mtu 5 GID 3 (0/AF0713C6FFFF0000) ctsFifoRkey=0xed593 ctsFifoLkey=0xed593
a100-llm-02:1078627:1078954 [5] NCCL INFO NET/IB: IbDev 6 Port 1 qpn 689 query_ece={supported=1, vendor_id=0x15b3, options=0x30000000, comp_mask=0x0}
a100-llm-02:1078627:1078950 [3] NCCL INFO NET/IB: NCCL Dev 10 IbDev 3 Port 1 qpn 949 mtu 5 GID 3 (0/340D13C6FFFF0000) ctsFifoRkey=0x12fefd ctsFifoLkey=0x12fefd
a100-llm-02:1078627:1078950 [3] NCCL INFO NET/IB: IbDev 3 Port 1 qpn 949 query_ece={supported=1, vendor_id=0x15b3, options=0x30000000, comp_mask=0x0}
a100-llm-02:1078627:1078950 [3] NCCL INFO NET/IB: NCCL Dev 10 IbDev 4 Port 1 qpn 693 mtu 5 GID 3 (0/462613C6FFFF0000) ctsFifoRkey=0xf4404 ctsFifoLkey=0xf4404
a100-llm-02:1078627:1078950 [3] NCCL INFO NET/IB: IbDev 4 Port 1 qpn 693 query_ece={supported=1, vendor_id=0x15b3, options=0x30000000, comp_mask=0x0}
a100-llm-02:1078627:1078944 [2] NCCL INFO NET/IB: IbDev 3 Port 1 qpn 945 set_ece={supported=1, vendor_id=0x15b3, options=0x30000000, comp_mask=0x0}
a100-llm-02:1078627:1078944 [2] NCCL INFO NET/IB: IbDev 4 Port 1 qpn 689 set_ece={supported=1, vendor_id=0x15b3, options=0x30000000, comp_mask=0x0}
a100-llm-02:1078627:1078954 [5] NCCL INFO NET/IB: IbDev 5 Port 1 qpn 940 set_ece={supported=1, vendor_id=0x15b3, options=0x30000000, comp_mask=0x0}
a100-llm-02:1078627:1078954 [5] NCCL INFO NET/IB: IbDev 6 Port 1 qpn 684 set_ece={supported=1, vendor_id=0x15b3, options=0x30000000, comp_mask=0x0}
a100-llm-02:1078627:1078950 [3] NCCL INFO NET/IB: IbDev 3 Port 1 qpn 946 set_ece={supported=1, vendor_id=0x15b3, options=0x30000000, comp_mask=0x0}
a100-llm-02:1078627:1078950 [3] NCCL INFO NET/IB: IbDev 4 Port 1 qpn 690 set_ece={supported=1, vendor_id=0x15b3, options=0x30000000, comp_mask=0x0}
a100-llm-02:1078627:1078944 [2] NCCL INFO NET/IB: IbDev 3 Port 1 qpn 944 set_ece={supported=1, vendor_id=0x15b3, options=0x30000000, comp_mask=0x0}
a100-llm-02:1078627:1078944 [2] NCCL INFO NET/IB: IbDev 4 Port 1 qpn 688 set_ece={supported=1, vendor_id=0x15b3, options=0x30000000, comp_mask=0x0}
a100-llm-02:1078627:1078954 [5] NCCL INFO NET/IB: IbDev 5 Port 1 qpn 945 set_ece={supported=1, vendor_id=0x15b3, options=0x30000000, comp_mask=0x0}
a100-llm-02:1078627:1078954 [5] NCCL INFO NET/IB: IbDev 6 Port 1 qpn 689 set_ece={supported=1, vendor_id=0x15b3, options=0x30000000, comp_mask=0x0}
a100-llm-02:1078627:1078952 [4] NCCL INFO NET/IB: IbDev 5 Port 1 qpn 942 set_ece={supported=1, vendor_id=0x15b3, options=0x30000000, comp_mask=0x0}
a100-llm-02:1078627:1078952 [4] NCCL INFO NET/IB: IbDev 6 Port 1 qpn 686 set_ece={supported=1, vendor_id=0x15b3, options=0x30000000, comp_mask=0x0}
a100-llm-02:1078627:1078950 [3] NCCL INFO NET/IB: IbDev 3 Port 1 qpn 949 set_ece={supported=1, vendor_id=0x15b3, options=0x30000000, comp_mask=0x0}
a100-llm-02:1078627:1078950 [3] NCCL INFO NET/IB: IbDev 4 Port 1 qpn 693 set_ece={supported=1, vendor_id=0x15b3, options=0x30000000, comp_mask=0x0}
[AIMD] FinalizeChunkRTT: cc=0x7f7084000f70 slot=0 inflight_before=1
a100-llm-02:1078627:1078924 [0] NCCL INFO AIMD[13]: Congestion (RTT=15468.0 > 153.0), LIW 183.0 -> 91.5
a100-llm-02:1078627:1078924 [0] NCCL INFO AIMD[27]: Congestion (RTT=1082.0 > 183.0), LIW 296.0 -> 148.0
a100-llm-02:1078627:1078924 [0] NCCL INFO AIMD[27]: Congestion (RTT=1079.1 > 138.0), LIW 296.0 -> 148.0
a100-llm-02:1078627:1078922 [0] NCCL INFO AIMD[42]: Congestion (RTT=654.8 > 108.0), LIW 291.0 -> 145.5
a100-llm-02:1078627:1078922 [0] NCCL INFO AIMD[44]: Congestion (RTT=632.8 > 141.0), LIW 102.0 -> 51.0
a100-llm-02:1078627:1078917 [0] NCCL INFO AIMD[55]: Congestion (RTT=340.0 > 99.0), LIW 204.0 -> 102.0
a100-llm-02:1078627:1078918 [0] NCCL INFO AIMD[56]: Congestion (RTT=739.2 > 126.0), LIW 222.0 -> 111.0
a100-llm-02:1078627:1078919 [0] NCCL INFO AIMD[55]: Congestion (RTT=734.0 > 105.0), LIW 276.0 -> 138.0
a100-llm-02:1078627:1078919 [0] NCCL INFO AIMD[56]: Congestion (RTT=736.5 > 114.0), LIW 291.0 -> 145.5
a100-llm-02:1078627:1078919 [0] NCCL INFO AIMD[55]: Congestion (RTT=730.4 > 126.0), LIW 291.0 -> 145.5
a100-llm-02:1078627:1078919 [0] NCCL INFO AIMD[55]: Congestion (RTT=411.0 > 120.0), LIW 291.0 -> 145.5
a100-llm-02:1078627:1078919 [0] NCCL INFO AIMD[55]: Congestion (RTT=316.0 > 105.0), LIW 296.0 -> 148.0
a100-llm-02:1078627:1078919 [0] NCCL INFO AIMD[57]: Congestion (RTT=15468.0 > 108.0), LIW 298.0 -> 149.0
a100-llm-02:1078627:1078919 [0] NCCL INFO AIMD[55]: Congestion (RTT=315.0 > 126.0), LIW 298.0 -> 149.0
a100-llm-02:1078627:1078923 [0] NCCL INFO AIMD[61]: Congestion (RTT=6147.0 > 108.0), LIW 299.0 -> 149.5
a100-llm-02:1078627:1078923 [0] NCCL INFO AIMD[69]: Congestion (RTT=250.0 > 114.0), LIW 299.0 -> 149.5
a100-llm-02:1078627:1078923 [0] NCCL INFO AIMD[69]: Congestion (RTT=289.0 > 105.0), LIW 299.0 -> 149.5
a100-llm-02:1078627:1078920 [0] NCCL INFO AIMD[71]: Congestion (RTT=4187.1 > 117.0), LIW 204.0 -> 102.0
a100-llm-02:1078627:1078920 [0] NCCL INFO AIMD[71]: Congestion (RTT=4243.1 > 99.0), LIW 204.0 -> 102.0
a100-llm-02:1078627:1078917 [0] NCCL INFO AIMD[98]: Congestion (RTT=4985.7 > 108.0), LIW 276.0 -> 138.0
a100-llm-02:1078627:1078917 [0] NCCL INFO AIMD[98]: Congestion (RTT=5000.1 > 111.0), LIW 204.0 -> 102.0
a100-llm-02:1078627:1078918 [0] NCCL INFO AIMD[102]: Congestion (RTT=7202.8 > 99.0), LIW 204.0 -> 102.0
a100-llm-02:1078627:1078919 [0] NCCL INFO AIMD[111]: Congestion (RTT=4704.3 > 114.0), LIW 296.0 -> 148.0
a100-llm-02:1078627:1078919 [0] NCCL INFO AIMD[111]: Congestion (RTT=4703.0 > 126.0), LIW 296.0 -> 148.0
a100-llm-02:1078627:1078919 [0] NCCL INFO AIMD[111]: Congestion (RTT=903.1 > 105.0), LIW 296.0 -> 148.0
a100-llm-02:1078627:1078919 [0] NCCL INFO AIMD[111]: Congestion (RTT=15468.0 > 108.0), LIW 298.0 -> 149.0
a100-llm-02:1078627:1078919 [0] NCCL INFO AIMD[111]: Congestion (RTT=930.7 > 126.0), LIW 299.0 -> 149.5
a100-llm-02:1078627:1078919 [0] NCCL INFO AIMD[111]: Congestion (RTT=411.0 > 120.0), LIW 299.0 -> 149.5
a100-llm-02:1078627:1078919 [0] NCCL INFO AIMD[111]: Congestion (RTT=920.5 > 105.0), LIW 299.0 -> 149.5
a100-llm-02:1078627:1078919 [0] NCCL INFO AIMD[111]: Congestion (RTT=958.7 > 126.0), LIW 299.0 -> 149.5
a100-llm-02:1078627:1078919 [0] NCCL INFO AIMD[113]: Congestion (RTT=7861.6 > 108.0), LIW 299.0 -> 149.5
a100-llm-02:1078627:1078919 [0] NCCL INFO AIMD[114]: Congestion (RTT=722.1 > 114.0), LIW 299.0 -> 149.5
a100-llm-02:1078627:1078919 [0] NCCL INFO AIMD[114]: Congestion (RTT=678.2 > 105.0), LIW 299.0 -> 149.5
a100-llm-02:1078627:1078917 [0] NCCL INFO AIMD[125]: Congestion (RTT=4188.0 > 117.0), LIW 296.0 -> 148.0
a100-llm-02:1078627:1078917 [0] NCCL INFO AIMD[125]: Congestion (RTT=4244.0 > 99.0), LIW 204.0 -> 102.0
a100-llm-02:1078627:1078917 [0] NCCL INFO AIMD[151]: Congestion (RTT=7429.0 > 108.0), LIW 291.0 -> 145.5
a100-llm-02:1078627:1078917 [0] NCCL INFO AIMD[152]: Congestion (RTT=7430.2 > 111.0), LIW 298.0 -> 149.0
a100-llm-02:1078627:1078923 [0] NCCL INFO AIMD[162]: Congestion (RTT=7286.0 > 99.0), LIW 292.0 -> 146.0
a100-llm-02:1078627:1078923 [0] NCCL INFO AIMD[169]: Congestion (RTT=15468.0 > 108.0), LIW 204.0 -> 102.0
a100-llm-02:1078627:1078923 [0] NCCL INFO AIMD[167]: Congestion (RTT=4714.0 > 114.0), LIW 204.0 -> 102.0
a100-llm-02:1078627:1078923 [0] NCCL INFO AIMD[167]: Congestion (RTT=4715.0 > 126.0), LIW 204.0 -> 102.0
a100-llm-02:1078627:1078923 [0] NCCL INFO AIMD[167]: Congestion (RTT=904.0 > 105.0), LIW 204.0 -> 102.0
a100-llm-02:1078627:1078923 [0] NCCL INFO AIMD[167]: Congestion (RTT=3755.7 > 120.0), LIW 204.0 -> 102.0
a100-llm-02:1078627:1078923 [0] NCCL INFO AIMD[167]: Congestion (RTT=932.0 > 126.0), LIW 204.0 -> 102.0
a100-llm-02:1078627:1078923 [0] NCCL INFO AIMD[167]: Congestion (RTT=924.0 > 105.0), LIW 204.0 -> 102.0
a100-llm-02:1078627:1078923 [0] NCCL INFO AIMD[167]: Congestion (RTT=962.0 > 126.0), LIW 102.0 -> 51.0
a100-llm-02:1078627:1078923 [0] NCCL INFO AIMD[170]: Congestion (RTT=8048.0 > 108.0), LIW 296.0 -> 148.0
a100-llm-02:1078627:1078923 [0] NCCL INFO AIMD[170]: Congestion (RTT=3951.9 > 105.0), LIW 204.0 -> 102.0
a100-llm-02:1078627:1078923 [0] NCCL INFO AIMD[170]: Congestion (RTT=3962.3 > 114.0), LIW 204.0 -> 102.0
a100-llm-02:1078627:1078920 [0] NCCL INFO AIMD[183]: Congestion (RTT=5959.6 > 99.0), LIW 275.0 -> 137.5
a100-llm-02:1078627:1078921 [0] NCCL INFO AIMD[183]: Congestion (RTT=5960.5 > 117.0), LIW 291.0 -> 145.5
a100-llm-02:1078627:1078921 [0] NCCL INFO AIMD[209]: Congestion (RTT=7430.0 > 108.0), LIW 204.0 -> 102.0
a100-llm-02:1078627:1078921 [0] NCCL INFO AIMD[209]: Congestion (RTT=7431.0 > 111.0), LIW 51.0 -> 25.5
a100-llm-02:1078627:1078921 [0] NCCL INFO AIMD[209]: Congestion (RTT=7286.0 > 99.0), LIW 296.0 -> 148.0
a100-llm-02:1078627:1078923 [0] NCCL INFO AIMD[210]: Congestion (RTT=4715.0 > 126.0), LIW 51.0 -> 25.5
a100-llm-02:1078627:1078922 [0] NCCL INFO AIMD[215]: Congestion (RTT=15468.0 > 108.0), LIW 25.0 -> 16.0
a100-llm-02:1078627:1078922 [0] NCCL INFO AIMD[214]: Congestion (RTT=6891.6 > 120.0), LIW 25.0 -> 16.0
a100-llm-02:1078627:1078919 [0] NCCL INFO AIMD[217]: Congestion (RTT=4714.0 > 114.0), LIW 132.0 -> 66.0
a100-llm-02:1078627:1078918 [0] NCCL INFO AIMD[215]: Congestion (RTT=904.0 > 105.0), LIW 270.0 -> 135.0
a100-llm-02:1078627:1078917 [0] NCCL INFO AIMD[220]: Congestion (RTT=932.0 > 126.0), LIW 296.0 -> 148.0
a100-llm-02:1078627:1078917 [0] NCCL INFO AIMD[223]: Congestion (RTT=924.0 > 105.0), LIW 298.0 -> 149.0
a100-llm-02:1078627:1078917 [0] NCCL INFO AIMD[223]: Congestion (RTT=962.0 > 126.0), LIW 299.0 -> 149.5
a100-llm-02:1078627:1078917 [0] NCCL INFO AIMD[224]: Congestion (RTT=10219.8 > 108.0), LIW 102.0 -> 51.0
a100-llm-02:1078627:1078917 [0] NCCL INFO AIMD[226]: Congestion (RTT=3996.0 > 105.0), LIW 51.0 -> 25.5
a100-llm-02:1078627:1078917 [0] NCCL INFO AIMD[226]: Congestion (RTT=3994.0 > 114.0), LIW 205.0 -> 102.5
a100-llm-02:1078627:1078917 [0] NCCL INFO AIMD[225]: Congestion (RTT=5968.0 > 99.0), LIW 222.0 -> 111.0
a100-llm-02:1078627:1078918 [0] NCCL INFO AIMD[225]: Congestion (RTT=5969.0 > 117.0), LIW 298.0 -> 149.0
a100-llm-02:1078627:1078920 [0] NCCL INFO AIMD[248]: Congestion (RTT=7430.0 > 108.0), LIW 204.0 -> 102.0
a100-llm-02:1078627:1078920 [0] NCCL INFO AIMD[251]: Congestion (RTT=7431.0 > 111.0), LIW 204.0 -> 102.0
a100-llm-02:1078627:1078918 [0] NCCL INFO AIMD[251]: Congestion (RTT=7286.0 > 99.0), LIW 25.0 -> 16.0
a100-llm-02:1078627:1078921 [0] NCCL INFO AIMD[265]: Congestion (RTT=6893.0 > 120.0), LIW 297.0 -> 148.5
a100-llm-02:1078627:1078921 [0] NCCL INFO AIMD[268]: Congestion (RTT=15468.0 > 108.0), LIW 299.0 -> 149.5
a100-llm-02:1078627:1078921 [0] NCCL INFO AIMD[265]: Congestion (RTT=4715.0 > 126.0), LIW 299.0 -> 149.5
a100-llm-02:1078627:1078921 [0] NCCL INFO AIMD[265]: Congestion (RTT=4714.0 > 114.0), LIW 204.0 -> 102.0
a100-llm-02:1078627:1078921 [0] NCCL INFO AIMD[265]: Congestion (RTT=904.0 > 105.0), LIW 204.0 -> 102.0
a100-llm-02:1078627:1078921 [0] NCCL INFO AIMD[265]: Congestion (RTT=932.0 > 126.0), LIW 204.0 -> 102.0
a100-llm-02:1078627:1078921 [0] NCCL INFO AIMD[265]: Congestion (RTT=924.0 > 105.0), LIW 204.0 -> 102.0
a100-llm-02:1078627:1078921 [0] NCCL INFO AIMD[265]: Congestion (RTT=962.0 > 126.0), LIW 204.0 -> 102.0
a100-llm-02:1078627:1078921 [0] NCCL INFO AIMD[268]: Congestion (RTT=10960.0 > 108.0), LIW 222.0 -> 111.0
a100-llm-02:1078627:1078919 [0] NCCL INFO AIMD[269]: Congestion (RTT=3994.0 > 114.0), LIW 291.0 -> 145.5
a100-llm-02:1078627:1078919 [0] NCCL INFO AIMD[269]: Congestion (RTT=3996.0 > 105.0), LIW 291.0 -> 145.5
a100-llm-02:1078627:1078924 [0] NCCL INFO AIMD[280]: Congestion (RTT=5968.0 > 99.0), LIW 204.0 -> 102.0
a100-llm-02:1078627:1078924 [0] NCCL INFO AIMD[280]: Congestion (RTT=5969.0 > 117.0), LIW 204.0 -> 102.0
a100-llm-02:1078627:1078920 [0] NCCL INFO AIMD[308]: Congestion (RTT=7430.0 > 108.0), LIW 279.0 -> 139.5
a100-llm-02:1078627:1078918 [0] NCCL INFO AIMD[308]: Congestion (RTT=7431.0 > 111.0), LIW 277.0 -> 138.5
a100-llm-02:1078627:1078920 [0] NCCL INFO AIMD[320]: Congestion (RTT=7286.0 > 99.0), LIW 299.0 -> 149.5
a100-llm-02:1078627:1078920 [0] NCCL INFO AIMD[321]: Congestion (RTT=4715.0 > 126.0), LIW 204.0 -> 102.0
a100-llm-02:1078627:1078920 [0] NCCL INFO AIMD[321]: Congestion (RTT=6893.0 > 120.0), LIW 204.0 -> 102.0
a100-llm-02:1078627:1078920 [0] NCCL INFO AIMD[323]: Congestion (RTT=15468.0 > 108.0), LIW 204.0 -> 102.0
a100-llm-02:1078627:1078920 [0] NCCL INFO AIMD[321]: Congestion (RTT=4714.0 > 114.0), LIW 204.0 -> 102.0
a100-llm-02:1078627:1078920 [0] NCCL INFO AIMD[321]: Congestion (RTT=932.0 > 126.0), LIW 204.0 -> 102.0
a100-llm-02:1078627:1078920 [0] NCCL INFO AIMD[321]: Congestion (RTT=904.0 > 105.0), LIW 102.0 -> 51.0
a100-llm-02:1078627:1078920 [0] NCCL INFO AIMD[324]: Congestion (RTT=10960.0 > 108.0), LIW 291.0 -> 145.5
a100-llm-02:1078627:1078918 [0] NCCL INFO AIMD[328]: Congestion (RTT=924.0 > 105.0), LIW 296.0 -> 148.0
a100-llm-02:1078627:1078920 [0] NCCL INFO AIMD[328]: Congestion (RTT=962.0 > 126.0), LIW 298.0 -> 149.0
a100-llm-02:1078627:1078918 [0] NCCL INFO AIMD[325]: Congestion (RTT=3994.0 > 114.0), LIW 204.0 -> 102.0
a100-llm-02:1078627:1078918 [0] NCCL INFO AIMD[325]: Congestion (RTT=3996.0 > 105.0), LIW 204.0 -> 102.0
a100-llm-02:1078627:1078919 [0] NCCL INFO AIMD[336]: Congestion (RTT=5968.0 > 99.0), LIW 138.0 -> 69.0
a100-llm-02:1078627:1078918 [0] NCCL INFO AIMD[336]: Congestion (RTT=5969.0 > 117.0), LIW 168.0 -> 84.0
a100-llm-02:1078627:1078918 [0] NCCL INFO AIMD[359]: Congestion (RTT=7430.0 > 108.0), LIW 299.0 -> 149.5
a100-llm-02:1078627:1078918 [0] NCCL INFO AIMD[361]: Congestion (RTT=7431.0 > 111.0), LIW 232.0 -> 116.0
a100-llm-02:1078627:1078918 [0] NCCL INFO AIMD[377]: Congestion (RTT=7286.0 > 99.0), LIW 204.0 -> 102.0
a100-llm-02:1078627:1078917 [0] NCCL INFO AIMD[379]: Congestion (RTT=1057.0 > 126.0), LIW 248.0 -> 124.0
a100-llm-02:1078627:1078918 [0] NCCL INFO AIMD[382]: Congestion (RTT=1057.0 > 105.0), LIW 251.0 -> 125.5
a100-llm-02:1078627:1078918 [0] NCCL INFO AIMD[381]: Congestion (RTT=6893.0 > 120.0), LIW 291.0 -> 145.5
a100-llm-02:1078627:1078918 [0] NCCL INFO AIMD[380]: Congestion (RTT=15468.0 > 108.0), LIW 296.0 -> 148.0
a100-llm-02:1078627:1078918 [0] NCCL INFO AIMD[384]: Congestion (RTT=4715.0 > 126.0), LIW 204.0 -> 102.0
a100-llm-02:1078627:1078918 [0] NCCL INFO AIMD[391]: Congestion (RTT=4714.0 > 114.0), LIW 204.0 -> 102.0
a100-llm-02:1078627:1078918 [0] NCCL INFO AIMD[393]: Congestion (RTT=10960.0 > 108.0), LIW 102.0 -> 51.0
a100-llm-02:1078627:1078918 [0] NCCL INFO AIMD[394]: Congestion (RTT=3994.0 > 114.0), LIW 102.0 -> 51.0
a100-llm-02:1078627:1078918 [0] NCCL INFO AIMD[391]: Congestion (RTT=962.0 > 126.0), LIW 102.0 -> 51.0
a100-llm-02:1078627:1078918 [0] NCCL INFO AIMD[391]: Congestion (RTT=924.0 > 105.0), LIW 102.0 -> 51.0
a100-llm-02:1078627:1078918 [0] NCCL INFO AIMD[394]: Congestion (RTT=3996.0 > 105.0), LIW 51.0 -> 25.5
a100-llm-02:1078627:1078918 [0] NCCL INFO AIMD[405]: Congestion (RTT=5968.0 > 99.0), LIW 204.0 -> 102.0
a100-llm-02:1078627:1078918 [0] NCCL INFO AIMD[405]: Congestion (RTT=5969.0 > 117.0), LIW 218.0 -> 109.0
a100-llm-02:1078627:1078918 [0] NCCL INFO AIMD[424]: Congestion (RTT=7430.0 > 108.0), LIW 222.0 -> 111.0
a100-llm-02:1078627:1078918 [0] NCCL INFO AIMD[433]: Congestion (RTT=7431.0 > 111.0), LIW 230.0 -> 115.0
a100-llm-02:1078627:1078918 [0] NCCL INFO AIMD[447]: Congestion (RTT=7286.0 > 99.0), LIW 276.0 -> 138.0
a100-llm-02:1078627:1078922 [0] NCCL INFO AIMD[447]: Congestion (RTT=1061.0 > 126.0), LIW 102.0 -> 51.0
a100-llm-02:1078627:1078922 [0] NCCL INFO AIMD[447]: Congestion (RTT=1062.0 > 105.0), LIW 51.0 -> 25.5
a100-llm-02:1078627:1078918 [0] NCCL INFO AIMD[447]: Congestion (RTT=6893.0 > 120.0), LIW 204.0 -> 102.0
a100-llm-02:1078627:1078918 [0] NCCL INFO AIMD[453]: Congestion (RTT=15468.0 > 108.0), LIW 205.0 -> 102.5
a100-llm-02:1078627:1078918 [0] NCCL INFO AIMD[450]: Congestion (RTT=4715.0 > 126.0), LIW 270.0 -> 135.0
a100-llm-02:1078627:1078918 [0] NCCL INFO AIMD[455]: Congestion (RTT=4714.0 > 114.0), LIW 65.0 -> 32.5
a100-llm-02:1078627:1078917 [0] NCCL INFO AIMD[459]: Congestion (RTT=3994.0 > 114.0), LIW 48.0 -> 24.0
a100-llm-02:1078627:1078918 [0] NCCL INFO AIMD[461]: Congestion (RTT=3996.0 > 105.0), LIW 183.0 -> 91.5
a100-llm-02:1078627:1078918 [0] NCCL INFO AIMD[461]: Congestion (RTT=10960.0 > 108.0), LIW 291.0 -> 145.5
a100-llm-02:1078627:1078918 [0] NCCL INFO AIMD[461]: Congestion (RTT=924.0 > 105.0), LIW 204.0 -> 102.0
a100-llm-02:1078627:1078918 [0] NCCL INFO AIMD[461]: Congestion (RTT=962.0 > 126.0), LIW 204.0 -> 102.0
[AIMD] FinalizeChunkRTT: cc=0x7f7084000f70 slot=462 inflight_before=1
a100-llm-02:1078627:1078920 [0] NCCL INFO AIMD[475]: Congestion (RTT=5969.0 > 117.0), LIW 204.0 -> 102.0
a100-llm-02:1078627:1078920 [0] NCCL INFO AIMD[475]: Congestion (RTT=5968.0 > 99.0), LIW 204.0 -> 102.0
a100-llm-02:1078627:1078918 [0] NCCL INFO AIMD[494]: Congestion (RTT=7430.0 > 108.0), LIW 279.0 -> 139.5
a100-llm-02:1078627:1078918 [0] NCCL INFO AIMD[503]: Congestion (RTT=7431.0 > 111.0), LIW 292.0 -> 146.0
a100-llm-02:1078627:1078918 [0] NCCL INFO AIMD[517]: Congestion (RTT=7286.0 > 99.0), LIW 204.0 -> 102.0
a100-llm-02:1078627:1078921 [0] NCCL INFO AIMD[524]: Congestion (RTT=1063.0 > 126.0), LIW 102.0 -> 51.0
a100-llm-02:1078627:1078918 [0] NCCL INFO AIMD[525]: Congestion (RTT=1065.3 > 105.0), LIW 51.0 -> 25.5
a100-llm-02:1078627:1078918 [0] NCCL INFO AIMD[529]: Congestion (RTT=6893.0 > 120.0), LIW 51.0 -> 25.5
a100-llm-02:1078627:1078918 [0] NCCL INFO AIMD[531]: Congestion (RTT=15468.0 > 108.0), LIW 289.0 -> 144.5
a100-llm-02:1078627:1078918 [0] NCCL INFO AIMD[531]: Congestion (RTT=3994.0 > 114.0), LIW 204.0 -> 102.0
a100-llm-02:1078627:1078918 [0] NCCL INFO AIMD[531]: Congestion (RTT=3996.0 > 105.0), LIW 204.0 -> 102.0
a100-llm-02:1078627:1078918 [0] NCCL INFO AIMD[531]: Congestion (RTT=4715.0 > 126.0), LIW 204.0 -> 102.0
a100-llm-02:1078627:1078918 [0] NCCL INFO AIMD[531]: Congestion (RTT=4714.0 > 114.0), LIW 204.0 -> 102.0
a100-llm-02:1078627:1078918 [0] NCCL INFO AIMD[531]: Congestion (RTT=10960.0 > 108.0), LIW 204.0 -> 102.0
a100-llm-02:1078627:1078918 [0] NCCL INFO AIMD[531]: Congestion (RTT=962.0 > 126.0), LIW 276.0 -> 138.0
a100-llm-02:1078627:1078918 [0] NCCL INFO AIMD[531]: Congestion (RTT=924.0 > 105.0), LIW 276.0 -> 138.0
a100-llm-02:1078627:1078924 [0] NCCL INFO AIMD[545]: Congestion (RTT=5968.0 > 99.0), LIW 298.0 -> 149.0
a100-llm-02:1078627:1078924 [0] NCCL INFO AIMD[545]: Congestion (RTT=5969.0 > 117.0), LIW 299.0 -> 149.5
a100-llm-02:1078627:1078918 [0] NCCL INFO AIMD[564]: Congestion (RTT=7430.0 > 108.0), LIW 204.0 -> 102.0
a100-llm-02:1078627:1078918 [0] NCCL INFO AIMD[573]: Congestion (RTT=7431.0 > 111.0), LIW 194.0 -> 97.0
a100-llm-02:1078627:1078924 [0] NCCL INFO AIMD[581]: Congestion (RTT=7286.0 > 99.0), LIW 190.0 -> 95.0
a100-llm-02:1078627:1078924 [0] NCCL INFO AIMD[587]: Congestion (RTT=1063.0 > 126.0), LIW 204.0 -> 102.0
a100-llm-02:1078627:1078918 [0] NCCL INFO AIMD[585]: Congestion (RTT=6893.0 > 120.0), LIW 204.0 -> 102.0
a100-llm-02:1078627:1078924 [0] NCCL INFO AIMD[587]: Congestion (RTT=15468.0 > 108.0), LIW 204.0 -> 102.0
a100-llm-02:1078627:1078924 [0] NCCL INFO AIMD[587]: Congestion (RTT=1066.0 > 105.0), LIW 102.0 -> 51.0
a100-llm-02:1078627:1078921 [0] NCCL INFO AIMD[588]: Congestion (RTT=3994.0 > 114.0), LIW 204.0 -> 102.0
a100-llm-02:1078627:1078918 [0] NCCL INFO AIMD[587]: Congestion (RTT=4715.0 > 126.0), LIW 204.0 -> 102.0
a100-llm-02:1078627:1078921 [0] NCCL INFO AIMD[588]: Congestion (RTT=5706.3 > 105.0), LIW 204.0 -> 102.0
a100-llm-02:1078627:1078918 [0] NCCL INFO AIMD[587]: Congestion (RTT=4714.0 > 114.0), LIW 204.0 -> 102.0
a100-llm-02:1078627:1078921 [0] NCCL INFO AIMD[590]: Congestion (RTT=10960.0 > 108.0), LIW 102.0 -> 51.0
a100-llm-02:1078627:1078922 [0] NCCL INFO AIMD[593]: Congestion (RTT=924.0 > 105.0), LIW 51.0 -> 25.5
a100-llm-02:1078627:1078922 [0] NCCL INFO AIMD[600]: Congestion (RTT=962.0 > 126.0), LIW 78.0 -> 39.0
a100-llm-02:1078627:1078918 [0] NCCL INFO AIMD[601]: Congestion (RTT=5968.0 > 99.0), LIW 204.0 -> 102.0
a100-llm-02:1078627:1078918 [0] NCCL INFO AIMD[601]: Congestion (RTT=5969.0 > 117.0), LIW 204.0 -> 102.0
a100-llm-02:1078627:1078924 [0] NCCL INFO AIMD[615]: Congestion (RTT=7430.0 > 108.0), LIW 204.0 -> 102.0
a100-llm-02:1078627:1078924 [0] NCCL INFO AIMD[615]: Congestion (RTT=7431.0 > 111.0), LIW 291.0 -> 145.5
a100-llm-02:1078627:1078918 [0] NCCL INFO AIMD[615]: Congestion (RTT=7286.0 > 99.0), LIW 102.0 -> 51.0
a100-llm-02:1078627:1078917 [0] NCCL INFO AIMD[629]: Congestion (RTT=1063.0 > 126.0), LIW 102.0 -> 51.0
a100-llm-02:1078627:1078917 [0] NCCL INFO AIMD[629]: Congestion (RTT=9684.4 > 120.0), LIW 51.0 -> 25.5
a100-llm-02:1078627:1078917 [0] NCCL INFO AIMD[629]: Congestion (RTT=15468.0 > 108.0), LIW 162.0 -> 81.0
a100-llm-02:1078627:1078917 [0] NCCL INFO AIMD[629]: Congestion (RTT=1066.0 > 105.0), LIW 258.0 -> 129.0
a100-llm-02:1078627:1078917 [0] NCCL INFO AIMD[629]: Congestion (RTT=4715.0 > 126.0), LIW 204.0 -> 102.0
a100-llm-02:1078627:1078924 [0] NCCL INFO AIMD[630]: Congestion (RTT=5097.8 > 114.0), LIW 204.0 -> 102.0
a100-llm-02:1078627:1078924 [0] NCCL INFO AIMD[630]: Congestion (RTT=6788.0 > 105.0), LIW 204.0 -> 102.0
a100-llm-02:1078627:1078917 [0] NCCL INFO AIMD[629]: Congestion (RTT=4714.0 > 114.0), LIW 204.0 -> 102.0
a100-llm-02:1078627:1078924 [0] NCCL INFO AIMD[633]: Congestion (RTT=10960.0 > 108.0), LIW 287.0 -> 143.5
a100-llm-02:1078627:1078917 [0] NCCL INFO AIMD[629]: Congestion (RTT=924.0 > 105.0), LIW 204.0 -> 102.0
a100-llm-02:1078627:1078924 [0] NCCL INFO AIMD[631]: Congestion (RTT=962.0 > 126.0), LIW 51.0 -> 25.5
a100-llm-02:1078627:1078924 [0] NCCL INFO AIMD[641]: Congestion (RTT=5968.0 > 99.0), LIW 25.0 -> 16.0
a100-llm-02:1078627:1078924 [0] NCCL INFO AIMD[641]: Congestion (RTT=5969.0 > 117.0), LIW 16.0 -> 16.0
a100-llm-02:1078627:1078924 [0] NCCL INFO AIMD[645]: Congestion (RTT=11377.9 > 108.0), LIW 204.0 -> 102.0
a100-llm-02:1078627:1078918 [0] NCCL INFO AIMD[649]: Congestion (RTT=7972.8 > 111.0), LIW 248.0 -> 124.0
a100-llm-02:1078627:1078918 [0] NCCL INFO AIMD[670]: Congestion (RTT=7286.0 > 99.0), LIW 204.0 -> 102.0
a100-llm-02:1078627:1078918 [0] NCCL INFO AIMD[676]: Congestion (RTT=15468.0 > 108.0), LIW 204.0 -> 102.0
a100-llm-02:1078627:1078918 [0] NCCL INFO AIMD[680]: Congestion (RTT=1063.0 > 126.0), LIW 158.0 -> 79.0
a100-llm-02:1078627:1078919 [0] NCCL INFO AIMD[683]: Congestion (RTT=5655.0 > 114.0), LIW 140.0 -> 70.0
a100-llm-02:1078627:1078919 [0] NCCL INFO AIMD[682]: Congestion (RTT=6788.0 > 105.0), LIW 248.0 -> 124.0
a100-llm-02:1078627:1078919 [0] NCCL INFO AIMD[682]: Congestion (RTT=1066.0 > 105.0), LIW 238.0 -> 119.0
a100-llm-02:1078627:1078924 [0] NCCL INFO AIMD[685]: Congestion (RTT=9686.0 > 120.0), LIW 272.0 -> 136.0
a100-llm-02:1078627:1078919 [0] NCCL INFO AIMD[684]: Congestion (RTT=4715.0 > 126.0), LIW 288.0 -> 144.0
a100-llm-02:1078627:1078924 [0] NCCL INFO AIMD[685]: Congestion (RTT=10960.0 > 108.0), LIW 294.0 -> 147.0
a100-llm-02:1078627:1078918 [0] NCCL INFO AIMD[685]: Congestion (RTT=4714.0 > 114.0), LIW 193.0 -> 96.5
a100-llm-02:1078627:1078924 [0] NCCL INFO AIMD[685]: Congestion (RTT=1047.9 > 105.0), LIW 267.0 -> 133.5
a100-llm-02:1078627:1078924 [0] NCCL INFO AIMD[685]: Congestion (RTT=1053.7 > 99.0), LIW 204.0 -> 102.0
warmup done.
a100-llm-02:1078627:1078922 [0] NCCL INFO AIMD[711]: Congestion (RTT=8031.9 > 117.0), LIW 16.0 -> 16.0
a100-llm-02:1078627:1078922 [0] NCCL INFO AIMD[711]: Congestion (RTT=8038.9 > 99.0), LIW 16.0 -> 16.0
a100-llm-02:1078627:1078924 [0] NCCL INFO AIMD[741]: Congestion (RTT=11390.0 > 108.0), LIW 262.0 -> 131.0
a100-llm-02:1078627:1078924 [0] NCCL INFO AIMD[741]: Congestion (RTT=10589.2 > 111.0), LIW 204.0 -> 102.0
a100-llm-02:1078627:1078924 [0] NCCL INFO AIMD[755]: Congestion (RTT=7286.0 > 99.0), LIW 274.0 -> 137.0
a100-llm-02:1078627:1078924 [0] NCCL INFO AIMD[769]: Congestion (RTT=15468.0 > 108.0), LIW 242.0 -> 121.0
a100-llm-02:1078627:1078920 [0] NCCL INFO AIMD[773]: Congestion (RTT=1063.0 > 126.0), LIW 226.0 -> 113.0
a100-llm-02:1078627:1078920 [0] NCCL INFO AIMD[771]: Congestion (RTT=7369.0 > 114.0), LIW 288.0 -> 144.0
a100-llm-02:1078627:1078920 [0] NCCL INFO AIMD[771]: Congestion (RTT=7575.0 > 105.0), LIW 288.0 -> 144.0
a100-llm-02:1078627:1078920 [0] NCCL INFO AIMD[775]: Congestion (RTT=1066.0 > 105.0), LIW 296.0 -> 148.0
a100-llm-02:1078627:1078917 [0] NCCL INFO AIMD[781]: Congestion (RTT=9686.0 > 120.0), LIW 159.0 -> 79.5
a100-llm-02:1078627:1078924 [0] NCCL INFO AIMD[781]: Congestion (RTT=10960.0 > 108.0), LIW 231.0 -> 115.5
a100-llm-02:1078627:1078924 [0] NCCL INFO AIMD[783]: Congestion (RTT=4715.0 > 99.0), LIW 285.0 -> 142.5
a100-llm-02:1078627:1078920 [0] NCCL INFO AIMD[783]: Congestion (RTT=4714.0 > 114.0), LIW 296.0 -> 148.0
a100-llm-02:1078627:1078919 [0] NCCL INFO AIMD[795]: Congestion (RTT=1065.0 > 99.0), LIW 183.0 -> 91.5
a100-llm-02:1078627:1078919 [0] NCCL INFO AIMD[796]: Congestion (RTT=6855.2 > 105.0), LIW 183.0 -> 91.5
a100-llm-02:1078627:1078924 [0] NCCL INFO AIMD[811]: Congestion (RTT=8032.0 > 117.0), LIW 204.0 -> 102.0
