a100-llm-02:1421679:1421803 [0] NCCL INFO New proxy recv connection 1 from local rank 0, transport 2
a100-llm-02:1421679:1421826 [0] NCCL INFO Connected to proxy localRank 0 -> connection 0x7f6bd0000d88
a100-llm-02:1421679:1421826 [0] NCCL INFO Channel 01/0 : 7[7] -> 0[0] [receive] via NET/IB/9/GDRDMA
a100-llm-02:1421679:1421826 [0] NCCL INFO GPU Direct RDMA Enabled for GPU/0-1019984 (rank 0) - NET/0-9 (distance 5 <= 6, read 1, mode Default)
a100-llm-02:1421679:1421803 [0] NCCL INFO New proxy send connection 2 from local rank 0, transport 2
a100-llm-02:1421679:1421826 [0] NCCL INFO Connected to proxy localRank 0 -> connection 0x7f6bd0000e00
a100-llm-02:1421679:1421826 [0] NCCL INFO Channel 00/0 : 0[0] -> 1[1] [send] via NET/IB/9/GDRDMA
a100-llm-02:1421679:1421826 [0] NCCL INFO GPU Direct RDMA Enabled for GPU/0-1019984 (rank 0) - NET/0-9 (distance 5 <= 6, read 1, mode Default)
a100-llm-02:1421679:1421803 [0] NCCL INFO New proxy send connection 3 from local rank 0, transport 2
a100-llm-02:1421679:1421826 [0] NCCL INFO Connected to proxy localRank 0 -> connection 0x7f6bd0000e78
a100-llm-02:1421679:1421826 [0] NCCL INFO Channel 01/0 : 0[0] -> 1[1] [send] via NET/IB/9/GDRDMA
a100-llm-02:1421679:1421825 [1] NCCL INFO Connected to proxy localRank 0 -> connection 0x7f6c10000d10
a100-llm-02:1421679:1421813 [4] NCCL INFO New proxy recv connection 0 from local rank 0, transport 2
a100-llm-02:1421679:1421822 [4] NCCL INFO Connected to proxy localRank 0 -> connection 0x7f6bc8000d10
a100-llm-02:1421679:1421822 [4] NCCL INFO Channel 00/0 : 3[3] -> 4[4] [receive] via NET/IB/11/GDRDMA
a100-llm-02:1421679:1421822 [4] NCCL INFO GPU Direct RDMA Enabled for GPU/0-1036368 (rank 4) - NET/0-11 (distance 5 <= 6, read 0, mode Default)
a100-llm-02:1421679:1421813 [4] NCCL INFO New proxy recv connection 1 from local rank 0, transport 2
a100-llm-02:1421679:1421822 [4] NCCL INFO Connected to proxy localRank 0 -> connection 0x7f6bc8000d88
a100-llm-02:1421679:1421809 [2] NCCL INFO New proxy recv connection 0 from local rank 0, transport 2
a100-llm-02:1421679:1421824 [2] NCCL INFO Connected to proxy localRank 0 -> connection 0x7f6bf4c593e0
a100-llm-02:1421679:1421807 [6] NCCL INFO New proxy recv connection 0 from local rank 0, transport 2
a100-llm-02:1421679:1421822 [4] NCCL INFO Channel 01/0 : 3[3] -> 4[4] [receive] via NET/IB/11/GDRDMA
a100-llm-02:1421679:1421822 [4] NCCL INFO GPU Direct RDMA Enabled for GPU/0-1036368 (rank 4) - NET/0-11 (distance 5 <= 6, read 1, mode Default)
a100-llm-02:1421679:1421813 [4] NCCL INFO New proxy send connection 2 from local rank 0, transport 2
a100-llm-02:1421679:1421822 [4] NCCL INFO Connected to proxy localRank 0 -> connection 0x7f6bc8000e00
a100-llm-02:1421679:1421822 [4] NCCL INFO Channel 00/0 : 4[4] -> 5[5] [send] via NET/IB/11/GDRDMA
a100-llm-02:1421679:1421822 [4] NCCL INFO GPU Direct RDMA Enabled for GPU/0-1036368 (rank 4) - NET/0-11 (distance 5 <= 6, read 1, mode Default)
a100-llm-02:1421679:1421813 [4] NCCL INFO New proxy send connection 3 from local rank 0, transport 2
a100-llm-02:1421679:1421811 [3] NCCL INFO New proxy recv connection 0 from local rank 0, transport 2
a100-llm-02:1421679:1421815 [5] NCCL INFO New proxy recv connection 0 from local rank 0, transport 2
a100-llm-02:1421679:1421817 [7] NCCL INFO New proxy recv connection 0 from local rank 0, transport 2
a100-llm-02:1421679:1421820 [6] NCCL INFO Connected to proxy localRank 0 -> connection 0x7f6be8000d10
a100-llm-02:1421679:1421825 [1] NCCL INFO Channel 00/0 : 0[0] -> 1[1] [receive] via NET/IB/9/GDRDMA
a100-llm-02:1421679:1421825 [1] NCCL INFO GPU Direct RDMA Enabled for GPU/0-1020000 (rank 1) - NET/0-9 (distance 5 <= 6, read 0, mode Default)
a100-llm-02:1421679:1421820 [6] NCCL INFO Channel 00/0 : 5[5] -> 6[6] [receive] via NET/IB/12/GDRDMA
a100-llm-02:1421679:1421820 [6] NCCL INFO GPU Direct RDMA Enabled for GPU/0-1044560 (rank 6) - NET/0-12 (distance 5 <= 6, read 0, mode Default)
a100-llm-02:1421679:1421807 [6] NCCL INFO New proxy recv connection 1 from local rank 0, transport 2
a100-llm-02:1421679:1421822 [4] NCCL INFO Connected to proxy localRank 0 -> connection 0x7f6bc8000e78
a100-llm-02:1421679:1421820 [6] NCCL INFO Connected to proxy localRank 0 -> connection 0x7f6be8000d88
a100-llm-02:1421679:1421821 [5] NCCL INFO Connected to proxy localRank 0 -> connection 0x7f6bbc000d10
a100-llm-02:1421679:1421805 [1] NCCL INFO New proxy recv connection 1 from local rank 0, transport 2
a100-llm-02:1421679:1421825 [1] NCCL INFO Connected to proxy localRank 0 -> connection 0x7f6c10000d88
a100-llm-02:1421679:1421823 [3] NCCL INFO Connected to proxy localRank 0 -> connection 0x7f6bac000d10
a100-llm-02:1421679:1421823 [3] NCCL INFO Channel 00/0 : 2[2] -> 3[3] [receive] via NET/IB/10/GDRDMA
a100-llm-02:1421679:1421823 [3] NCCL INFO GPU Direct RDMA Enabled for GPU/0-1028192 (rank 3) - NET/0-10 (distance 5 <= 6, read 0, mode Default)
a100-llm-02:1421679:1421811 [3] NCCL INFO New proxy recv connection 1 from local rank 0, transport 2
a100-llm-02:1421679:1421823 [3] NCCL INFO Connected to proxy localRank 0 -> connection 0x7f6bac000d88
a100-llm-02:1421679:1421823 [3] NCCL INFO Channel 01/0 : 2[2] -> 3[3] [receive] via NET/IB/10/GDRDMA
a100-llm-02:1421679:1421823 [3] NCCL INFO GPU Direct RDMA Enabled for GPU/0-1028192 (rank 3) - NET/0-10 (distance 5 <= 6, read 1, mode Default)
a100-llm-02:1421679:1421811 [3] NCCL INFO New proxy send connection 2 from local rank 0, transport 2
a100-llm-02:1421679:1421823 [3] NCCL INFO Connected to proxy localRank 0 -> connection 0x7f6bac000e00
a100-llm-02:1421679:1421823 [3] NCCL INFO Channel 00/0 : 3[3] -> 4[4] [send] via NET/IB/10/GDRDMA
a100-llm-02:1421679:1421823 [3] NCCL INFO GPU Direct RDMA Enabled for GPU/0-1028192 (rank 3) - NET/0-10 (distance 5 <= 6, read 1, mode Default)
a100-llm-02:1421679:1421811 [3] NCCL INFO New proxy send connection 3 from local rank 0, transport 2
a100-llm-02:1421679:1421823 [3] NCCL INFO Connected to proxy localRank 0 -> connection 0x7f6bac000e78
a100-llm-02:1421679:1421823 [3] NCCL INFO Channel 01/0 : 3[3] -> 4[4] [send] via NET/IB/10/GDRDMA
a100-llm-02:1421679:1421819 [7] NCCL INFO Connected to proxy localRank 0 -> connection 0x7f6ba40010a0
a100-llm-02:1421679:1421824 [2] NCCL INFO Channel 00/0 : 1[1] -> 2[2] [receive] via NET/IB/10/GDRDMA
a100-llm-02:1421679:1421824 [2] NCCL INFO GPU Direct RDMA Enabled for GPU/0-1028176 (rank 2) - NET/0-10 (distance 5 <= 6, read 0, mode Default)
a100-llm-02:1421679:1421822 [4] NCCL INFO Channel 01/0 : 4[4] -> 5[5] [send] via NET/IB/11/GDRDMA
a100-llm-02:1421679:1421820 [6] NCCL INFO Channel 01/0 : 5[5] -> 6[6] [receive] via NET/IB/12/GDRDMA
a100-llm-02:1421679:1421820 [6] NCCL INFO GPU Direct RDMA Enabled for GPU/0-1044560 (rank 6) - NET/0-12 (distance 5 <= 6, read 1, mode Default)
a100-llm-02:1421679:1421807 [6] NCCL INFO New proxy send connection 2 from local rank 0, transport 2
a100-llm-02:1421679:1421821 [5] NCCL INFO Channel 00/0 : 4[4] -> 5[5] [receive] via NET/IB/11/GDRDMA
a100-llm-02:1421679:1421821 [5] NCCL INFO GPU Direct RDMA Enabled for GPU/0-1036384 (rank 5) - NET/0-11 (distance 5 <= 6, read 0, mode Default)
a100-llm-02:1421679:1421815 [5] NCCL INFO New proxy recv connection 1 from local rank 0, transport 2
a100-llm-02:1421679:1421820 [6] NCCL INFO Connected to proxy localRank 0 -> connection 0x7f6be8000e00
a100-llm-02:1421679:1421821 [5] NCCL INFO Connected to proxy localRank 0 -> connection 0x7f6bbc000d88
a100-llm-02:1421679:1421820 [6] NCCL INFO Channel 00/0 : 6[6] -> 7[7] [send] via NET/IB/12/GDRDMA
a100-llm-02:1421679:1421820 [6] NCCL INFO GPU Direct RDMA Enabled for GPU/0-1044560 (rank 6) - NET/0-12 (distance 5 <= 6, read 1, mode Default)
a100-llm-02:1421679:1421825 [1] NCCL INFO Channel 01/0 : 0[0] -> 1[1] [receive] via NET/IB/9/GDRDMA
a100-llm-02:1421679:1421825 [1] NCCL INFO GPU Direct RDMA Enabled for GPU/0-1020000 (rank 1) - NET/0-9 (distance 5 <= 6, read 1, mode Default)
a100-llm-02:1421679:1421809 [2] NCCL INFO New proxy recv connection 1 from local rank 0, transport 2
a100-llm-02:1421679:1421821 [5] NCCL INFO Channel 01/0 : 4[4] -> 5[5] [receive] via NET/IB/11/GDRDMA
a100-llm-02:1421679:1421821 [5] NCCL INFO GPU Direct RDMA Enabled for GPU/0-1036384 (rank 5) - NET/0-11 (distance 5 <= 6, read 1, mode Default)
a100-llm-02:1421679:1421815 [5] NCCL INFO New proxy send connection 2 from local rank 0, transport 2
a100-llm-02:1421679:1421821 [5] NCCL INFO Connected to proxy localRank 0 -> connection 0x7f6bbc000e00
a100-llm-02:1421679:1421805 [1] NCCL INFO New proxy send connection 2 from local rank 0, transport 2
a100-llm-02:1421679:1421807 [6] NCCL INFO New proxy send connection 3 from local rank 0, transport 2
a100-llm-02:1421679:1421820 [6] NCCL INFO Connected to proxy localRank 0 -> connection 0x7f6be8000e78
a100-llm-02:1421679:1421820 [6] NCCL INFO Channel 01/0 : 6[6] -> 7[7] [send] via NET/IB/12/GDRDMA
a100-llm-02:1421679:1421819 [7] NCCL INFO Channel 00/0 : 6[6] -> 7[7] [receive] via NET/IB/12/GDRDMA
a100-llm-02:1421679:1421819 [7] NCCL INFO GPU Direct RDMA Enabled for GPU/0-1044576 (rank 7) - NET/0-12 (distance 5 <= 6, read 0, mode Default)
a100-llm-02:1421679:1421817 [7] NCCL INFO New proxy recv connection 1 from local rank 0, transport 2
a100-llm-02:1421679:1421819 [7] NCCL INFO Connected to proxy localRank 0 -> connection 0x7f6ba4001118
a100-llm-02:1421679:1421819 [7] NCCL INFO Channel 01/0 : 6[6] -> 7[7] [receive] via NET/IB/12/GDRDMA
a100-llm-02:1421679:1421819 [7] NCCL INFO GPU Direct RDMA Enabled for GPU/0-1044576 (rank 7) - NET/0-12 (distance 5 <= 6, read 1, mode Default)
a100-llm-02:1421679:1421817 [7] NCCL INFO New proxy send connection 2 from local rank 0, transport 2
a100-llm-02:1421679:1421819 [7] NCCL INFO Connected to proxy localRank 0 -> connection 0x7f6ba4001190
a100-llm-02:1421679:1421819 [7] NCCL INFO Channel 00/0 : 7[7] -> 0[0] [send] via NET/IB/12/GDRDMA
a100-llm-02:1421679:1421819 [7] NCCL INFO GPU Direct RDMA Enabled for GPU/0-1044576 (rank 7) - NET/0-12 (distance 5 <= 6, read 1, mode Default)
a100-llm-02:1421679:1421817 [7] NCCL INFO New proxy send connection 3 from local rank 0, transport 2
a100-llm-02:1421679:1421819 [7] NCCL INFO Connected to proxy localRank 0 -> connection 0x7f6ba4001208
a100-llm-02:1421679:1421819 [7] NCCL INFO Channel 01/0 : 7[7] -> 0[0] [send] via NET/IB/12/GDRDMA
a100-llm-02:1421679:1421824 [2] NCCL INFO Connected to proxy localRank 0 -> connection 0x7f6bf4c59458
a100-llm-02:1421679:1421824 [2] NCCL INFO Channel 01/0 : 1[1] -> 2[2] [receive] via NET/IB/10/GDRDMA
a100-llm-02:1421679:1421824 [2] NCCL INFO GPU Direct RDMA Enabled for GPU/0-1028176 (rank 2) - NET/0-10 (distance 5 <= 6, read 1, mode Default)
a100-llm-02:1421679:1421809 [2] NCCL INFO New proxy send connection 2 from local rank 0, transport 2
a100-llm-02:1421679:1421824 [2] NCCL INFO Connected to proxy localRank 0 -> connection 0x7f6bf4c594d0
a100-llm-02:1421679:1421824 [2] NCCL INFO Channel 00/0 : 2[2] -> 3[3] [send] via NET/IB/10/GDRDMA
a100-llm-02:1421679:1421824 [2] NCCL INFO GPU Direct RDMA Enabled for GPU/0-1028176 (rank 2) - NET/0-10 (distance 5 <= 6, read 1, mode Default)
a100-llm-02:1421679:1421809 [2] NCCL INFO New proxy send connection 3 from local rank 0, transport 2
a100-llm-02:1421679:1421824 [2] NCCL INFO Connected to proxy localRank 0 -> connection 0x7f6bf4c59548
a100-llm-02:1421679:1421824 [2] NCCL INFO Channel 01/0 : 2[2] -> 3[3] [send] via NET/IB/10/GDRDMA
a100-llm-02:1421679:1421821 [5] NCCL INFO Channel 00/0 : 5[5] -> 6[6] [send] via NET/IB/11/GDRDMA
a100-llm-02:1421679:1421821 [5] NCCL INFO GPU Direct RDMA Enabled for GPU/0-1036384 (rank 5) - NET/0-11 (distance 5 <= 6, read 1, mode Default)
a100-llm-02:1421679:1421815 [5] NCCL INFO New proxy send connection 3 from local rank 0, transport 2
a100-llm-02:1421679:1421821 [5] NCCL INFO Connected to proxy localRank 0 -> connection 0x7f6bbc000e78
a100-llm-02:1421679:1421821 [5] NCCL INFO Channel 01/0 : 5[5] -> 6[6] [send] via NET/IB/11/GDRDMA
a100-llm-02:1421679:1421825 [1] NCCL INFO Connected to proxy localRank 0 -> connection 0x7f6c10000e00
a100-llm-02:1421679:1421825 [1] NCCL INFO Channel 00/0 : 1[1] -> 2[2] [send] via NET/IB/9/GDRDMA
a100-llm-02:1421679:1421825 [1] NCCL INFO GPU Direct RDMA Enabled for GPU/0-1020000 (rank 1) - NET/0-9 (distance 5 <= 6, read 1, mode Default)
a100-llm-02:1421679:1421805 [1] NCCL INFO New proxy send connection 3 from local rank 0, transport 2
a100-llm-02:1421679:1421811 [3] NCCL INFO NET/IB: NCCL Dev 10 IbDev 3 Port 1 qpn 1348 mtu 5 GID 3 (0/340D13C6FFFF0000) ctsFifoRkey=0x55f5c ctsFifoLkey=0x55f5c
a100-llm-02:1421679:1421811 [3] NCCL INFO NET/IB: IbDev 3 Port 1 qpn 1348 query_ece={supported=1, vendor_id=0x15b3, options=0x30000000, comp_mask=0x0}
a100-llm-02:1421679:1421811 [3] NCCL INFO NET/IB: NCCL Dev 10 IbDev 4 Port 1 qpn 1092 mtu 5 GID 3 (0/462613C6FFFF0000) ctsFifoRkey=0x1b06f ctsFifoLkey=0x1b06f
a100-llm-02:1421679:1421811 [3] NCCL INFO NET/IB: IbDev 4 Port 1 qpn 1092 query_ece={supported=1, vendor_id=0x15b3, options=0x30000000, comp_mask=0x0}
a100-llm-02:1421679:1421811 [3] NCCL INFO NET/IB: NCCL Dev 10 IbDev 3 Port 1 qpn 1349 mtu 5 GID 3 (0/340D13C6FFFF0000) ctsFifoRkey=0x5b6b7 ctsFifoLkey=0x5b6b7
a100-llm-02:1421679:1421811 [3] NCCL INFO NET/IB: IbDev 3 Port 1 qpn 1349 query_ece={supported=1, vendor_id=0x15b3, options=0x30000000, comp_mask=0x0}
a100-llm-02:1421679:1421811 [3] NCCL INFO NET/IB: NCCL Dev 10 IbDev 4 Port 1 qpn 1093 mtu 5 GID 3 (0/462613C6FFFF0000) ctsFifoRkey=0x20ac9 ctsFifoLkey=0x20ac9
a100-llm-02:1421679:1421811 [3] NCCL INFO NET/IB: IbDev 4 Port 1 qpn 1093 query_ece={supported=1, vendor_id=0x15b3, options=0x30000000, comp_mask=0x0}
a100-llm-02:1421679:1421825 [1] NCCL INFO Connected to proxy localRank 0 -> connection 0x7f6c10000e78
a100-llm-02:1421679:1421815 [5] NCCL INFO NET/IB: NCCL Dev 11 IbDev 5 Port 1 qpn 1349 mtu 5 GID 3 (0/5E0113C6FFFF0000) ctsFifoRkey=0x50101 ctsFifoLkey=0x50101
a100-llm-02:1421679:1421815 [5] NCCL INFO NET/IB: IbDev 5 Port 1 qpn 1349 query_ece={supported=1, vendor_id=0x15b3, options=0x30000000, comp_mask=0x0}
a100-llm-02:1421679:1421815 [5] NCCL INFO NET/IB: NCCL Dev 11 IbDev 6 Port 1 qpn 1093 mtu 5 GID 3 (0/AF0713C6FFFF0000) ctsFifoRkey=0x14706 ctsFifoLkey=0x14706
a100-llm-02:1421679:1421815 [5] NCCL INFO NET/IB: IbDev 6 Port 1 qpn 1093 query_ece={supported=1, vendor_id=0x15b3, options=0x30000000, comp_mask=0x0}
a100-llm-02:1421679:1421807 [6] NCCL INFO NET/IB: NCCL Dev 12 IbDev 7 Port 1 qpn 1348 mtu 5 GID 3 (0/455A13C6FFFF0000) ctsFifoRkey=0x4dede ctsFifoLkey=0x4dede
a100-llm-02:1421679:1421807 [6] NCCL INFO NET/IB: IbDev 7 Port 1 qpn 1348 query_ece={supported=1, vendor_id=0x15b3, options=0x30000000, comp_mask=0x0}
a100-llm-02:1421679:1421807 [6] NCCL INFO NET/IB: NCCL Dev 12 IbDev 8 Port 1 qpn 1092 mtu 5 GID 3 (0/58B013C6FFFF0000) ctsFifoRkey=0x11ddf ctsFifoLkey=0x11ddf
a100-llm-02:1421679:1421807 [6] NCCL INFO NET/IB: IbDev 8 Port 1 qpn 1092 query_ece={supported=1, vendor_id=0x15b3, options=0x30000000, comp_mask=0x0}
a100-llm-02:1421679:1421813 [4] NCCL INFO NET/IB: NCCL Dev 11 IbDev 5 Port 1 qpn 1351 mtu 5 GID 3 (0/5E0113C6FFFF0000) ctsFifoRkey=0x4f5f5 ctsFifoLkey=0x4f5f5
a100-llm-02:1421679:1421813 [4] NCCL INFO NET/IB: IbDev 5 Port 1 qpn 1351 query_ece={supported=1, vendor_id=0x15b3, options=0x30000000, comp_mask=0x0}
a100-llm-02:1421679:1421813 [4] NCCL INFO NET/IB: NCCL Dev 11 IbDev 6 Port 1 qpn 1095 mtu 5 GID 3 (0/AF0713C6FFFF0000) ctsFifoRkey=0x138f8 ctsFifoLkey=0x138f8
a100-llm-02:1421679:1421813 [4] NCCL INFO NET/IB: IbDev 6 Port 1 qpn 1095 query_ece={supported=1, vendor_id=0x15b3, options=0x30000000, comp_mask=0x0}
a100-llm-02:1421679:1421811 [3] NCCL INFO NET/IB: IbDev 3 Port 1 qpn 1349 set_ece={supported=1, vendor_id=0x15b3, options=0x30000000, comp_mask=0x0}
a100-llm-02:1421679:1421811 [3] NCCL INFO NET/IB: IbDev 4 Port 1 qpn 1093 set_ece={supported=1, vendor_id=0x15b3, options=0x30000000, comp_mask=0x0}
a100-llm-02:1421679:1421807 [6] NCCL INFO NET/IB: IbDev 7 Port 1 qpn 1348 set_ece={supported=1, vendor_id=0x15b3, options=0x30000000, comp_mask=0x0}
a100-llm-02:1421679:1421807 [6] NCCL INFO NET/IB: IbDev 8 Port 1 qpn 1092 set_ece={supported=1, vendor_id=0x15b3, options=0x30000000, comp_mask=0x0}
a100-llm-02:1421679:1421813 [4] NCCL INFO NET/IB: NCCL Dev 11 IbDev 5 Port 1 qpn 1355 mtu 5 GID 3 (0/5E0113C6FFFF0000) ctsFifoRkey=0x5292a ctsFifoLkey=0x5292a
a100-llm-02:1421679:1421813 [4] NCCL INFO NET/IB: IbDev 5 Port 1 qpn 1355 query_ece={supported=1, vendor_id=0x15b3, options=0x30000000, comp_mask=0x0}
a100-llm-02:1421679:1421813 [4] NCCL INFO NET/IB: NCCL Dev 11 IbDev 6 Port 1 qpn 1099 mtu 5 GID 3 (0/AF0713C6FFFF0000) ctsFifoRkey=0x17638 ctsFifoLkey=0x17638
a100-llm-02:1421679:1421813 [4] NCCL INFO NET/IB: IbDev 6 Port 1 qpn 1099 query_ece={supported=1, vendor_id=0x15b3, options=0x30000000, comp_mask=0x0}
a100-llm-02:1421679:1421815 [5] NCCL INFO NET/IB: IbDev 5 Port 1 qpn 1349 set_ece={supported=1, vendor_id=0x15b3, options=0x30000000, comp_mask=0x0}
a100-llm-02:1421679:1421825 [1] NCCL INFO Channel 01/0 : 1[1] -> 2[2] [send] via NET/IB/9/GDRDMA
a100-llm-02:1421679:1421815 [5] NCCL INFO NET/IB: IbDev 6 Port 1 qpn 1093 set_ece={supported=1, vendor_id=0x15b3, options=0x30000000, comp_mask=0x0}
a100-llm-02:1421679:1421807 [6] NCCL INFO NET/IB: NCCL Dev 12 IbDev 7 Port 1 qpn 1353 mtu 5 GID 3 (0/455A13C6FFFF0000) ctsFifoRkey=0x4fffa ctsFifoLkey=0x4fffa
a100-llm-02:1421679:1421807 [6] NCCL INFO NET/IB: IbDev 7 Port 1 qpn 1353 query_ece={supported=1, vendor_id=0x15b3, options=0x30000000, comp_mask=0x0}
a100-llm-02:1421679:1421807 [6] NCCL INFO NET/IB: NCCL Dev 12 IbDev 8 Port 1 qpn 1097 mtu 5 GID 3 (0/58B013C6FFFF0000) ctsFifoRkey=0x132f8 ctsFifoLkey=0x132f8
a100-llm-02:1421679:1421807 [6] NCCL INFO NET/IB: IbDev 8 Port 1 qpn 1097 query_ece={supported=1, vendor_id=0x15b3, options=0x30000000, comp_mask=0x0}
a100-llm-02:1421679:1421811 [3] NCCL INFO NET/IB: IbDev 3 Port 1 qpn 1348 set_ece={supported=1, vendor_id=0x15b3, options=0x30000000, comp_mask=0x0}
a100-llm-02:1421679:1421813 [4] NCCL INFO NET/IB: IbDev 5 Port 1 qpn 1351 set_ece={supported=1, vendor_id=0x15b3, options=0x30000000, comp_mask=0x0}
a100-llm-02:1421679:1421813 [4] NCCL INFO NET/IB: IbDev 6 Port 1 qpn 1095 set_ece={supported=1, vendor_id=0x15b3, options=0x30000000, comp_mask=0x0}
a100-llm-02:1421679:1421811 [3] NCCL INFO NET/IB: IbDev 4 Port 1 qpn 1092 set_ece={supported=1, vendor_id=0x15b3, options=0x30000000, comp_mask=0x0}
a100-llm-02:1421679:1421813 [4] NCCL INFO NET/IB: IbDev 5 Port 1 qpn 1355 set_ece={supported=1, vendor_id=0x15b3, options=0x30000000, comp_mask=0x0}
a100-llm-02:1421679:1421815 [5] NCCL INFO NET/IB: NCCL Dev 11 IbDev 5 Port 1 qpn 1359 mtu 5 GID 3 (0/5E0113C6FFFF0000) ctsFifoRkey=0x53435 ctsFifoLkey=0x53435
a100-llm-02:1421679:1421815 [5] NCCL INFO NET/IB: IbDev 5 Port 1 qpn 1359 query_ece={supported=1, vendor_id=0x15b3, options=0x30000000, comp_mask=0x0}
a100-llm-02:1421679:1421815 [5] NCCL INFO NET/IB: NCCL Dev 11 IbDev 6 Port 1 qpn 1103 mtu 5 GID 3 (0/AF0713C6FFFF0000) ctsFifoRkey=0x18543 ctsFifoLkey=0x18543
a100-llm-02:1421679:1421815 [5] NCCL INFO NET/IB: IbDev 6 Port 1 qpn 1103 query_ece={supported=1, vendor_id=0x15b3, options=0x30000000, comp_mask=0x0}
a100-llm-02:1421679:1421813 [4] NCCL INFO NET/IB: IbDev 6 Port 1 qpn 1099 set_ece={supported=1, vendor_id=0x15b3, options=0x30000000, comp_mask=0x0}
a100-llm-02:1421679:1421809 [2] NCCL INFO NET/IB: NCCL Dev 10 IbDev 3 Port 1 qpn 1350 mtu 5 GID 3 (0/340D13C6FFFF0000) ctsFifoRkey=0x5e1e2 ctsFifoLkey=0x5e1e2
a100-llm-02:1421679:1421809 [2] NCCL INFO NET/IB: IbDev 3 Port 1 qpn 1350 query_ece={supported=1, vendor_id=0x15b3, options=0x30000000, comp_mask=0x0}
a100-llm-02:1421679:1421809 [2] NCCL INFO NET/IB: NCCL Dev 10 IbDev 4 Port 1 qpn 1094 mtu 5 GID 3 (0/462613C6FFFF0000) ctsFifoRkey=0x235f5 ctsFifoLkey=0x235f5
a100-llm-02:1421679:1421809 [2] NCCL INFO NET/IB: IbDev 4 Port 1 qpn 1094 query_ece={supported=1, vendor_id=0x15b3, options=0x30000000, comp_mask=0x0}
a100-llm-02:1421679:1421817 [7] NCCL INFO NET/IB: NCCL Dev 12 IbDev 7 Port 1 qpn 1357 mtu 5 GID 3 (0/455A13C6FFFF0000) ctsFifoRkey=0x52121 ctsFifoLkey=0x52121
a100-llm-02:1421679:1421817 [7] NCCL INFO NET/IB: IbDev 7 Port 1 qpn 1357 query_ece={supported=1, vendor_id=0x15b3, options=0x30000000, comp_mask=0x0}
a100-llm-02:1421679:1421817 [7] NCCL INFO NET/IB: NCCL Dev 12 IbDev 8 Port 1 qpn 1101 mtu 5 GID 3 (0/58B013C6FFFF0000) ctsFifoRkey=0x15a19 ctsFifoLkey=0x15a19
a100-llm-02:1421679:1421817 [7] NCCL INFO NET/IB: IbDev 8 Port 1 qpn 1101 query_ece={supported=1, vendor_id=0x15b3, options=0x30000000, comp_mask=0x0}
a100-llm-02:1421679:1421805 [1] NCCL INFO NET/IB: NCCL Dev 9 IbDev 1 Port 1 qpn 1348 mtu 5 GID 3 (0/F74413C6FFFF0000) ctsFifoRkey=0x55150 ctsFifoLkey=0x55150
a100-llm-02:1421679:1421805 [1] NCCL INFO NET/IB: IbDev 1 Port 1 qpn 1348 query_ece={supported=1, vendor_id=0x15b3, options=0x30000000, comp_mask=0x0}
a100-llm-02:1421679:1421805 [1] NCCL INFO NET/IB: NCCL Dev 9 IbDev 2 Port 1 qpn 1092 mtu 5 GID 3 (0/A3F13C6FFFF0000) ctsFifoRkey=0x18645 ctsFifoLkey=0x18645
a100-llm-02:1421679:1421805 [1] NCCL INFO NET/IB: IbDev 2 Port 1 qpn 1092 query_ece={supported=1, vendor_id=0x15b3, options=0x30000000, comp_mask=0x0}
a100-llm-02:1421679:1421815 [5] NCCL INFO NET/IB: IbDev 5 Port 1 qpn 1359 set_ece={supported=1, vendor_id=0x15b3, options=0x30000000, comp_mask=0x0}
a100-llm-02:1421679:1421807 [6] NCCL INFO NET/IB: IbDev 7 Port 1 qpn 1353 set_ece={supported=1, vendor_id=0x15b3, options=0x30000000, comp_mask=0x0}
a100-llm-02:1421679:1421817 [7] NCCL INFO NET/IB: NCCL Dev 12 IbDev 7 Port 1 qpn 1359 mtu 5 GID 3 (0/455A13C6FFFF0000) ctsFifoRkey=0x52f2e ctsFifoLkey=0x52f2e
a100-llm-02:1421679:1421817 [7] NCCL INFO NET/IB: IbDev 7 Port 1 qpn 1359 query_ece={supported=1, vendor_id=0x15b3, options=0x30000000, comp_mask=0x0}
a100-llm-02:1421679:1421815 [5] NCCL INFO NET/IB: IbDev 6 Port 1 qpn 1103 set_ece={supported=1, vendor_id=0x15b3, options=0x30000000, comp_mask=0x0}
a100-llm-02:1421679:1421817 [7] NCCL INFO NET/IB: NCCL Dev 12 IbDev 8 Port 1 qpn 1103 mtu 5 GID 3 (0/58B013C6FFFF0000) ctsFifoRkey=0x1692b ctsFifoLkey=0x1692b
a100-llm-02:1421679:1421817 [7] NCCL INFO NET/IB: IbDev 8 Port 1 qpn 1103 query_ece={supported=1, vendor_id=0x15b3, options=0x30000000, comp_mask=0x0}
a100-llm-02:1421679:1421807 [6] NCCL INFO NET/IB: IbDev 8 Port 1 qpn 1097 set_ece={supported=1, vendor_id=0x15b3, options=0x30000000, comp_mask=0x0}
a100-llm-02:1421679:1421805 [1] NCCL INFO NET/IB: NCCL Dev 9 IbDev 1 Port 1 qpn 1349 mtu 5 GID 3 (0/F74413C6FFFF0000) ctsFifoRkey=0x4f5f5 ctsFifoLkey=0x4f5f5
a100-llm-02:1421679:1421805 [1] NCCL INFO NET/IB: IbDev 1 Port 1 qpn 1349 query_ece={supported=1, vendor_id=0x15b3, options=0x30000000, comp_mask=0x0}
a100-llm-02:1421679:1421805 [1] NCCL INFO NET/IB: NCCL Dev 9 IbDev 2 Port 1 qpn 1093 mtu 5 GID 3 (0/A3F13C6FFFF0000) ctsFifoRkey=0x12ef0 ctsFifoLkey=0x12ef0
a100-llm-02:1421679:1421805 [1] NCCL INFO NET/IB: IbDev 2 Port 1 qpn 1093 query_ece={supported=1, vendor_id=0x15b3, options=0x30000000, comp_mask=0x0}
a100-llm-02:1421679:1421805 [1] NCCL INFO NET/IB: IbDev 1 Port 1 qpn 1348 set_ece={supported=1, vendor_id=0x15b3, options=0x30000000, comp_mask=0x0}
a100-llm-02:1421679:1421805 [1] NCCL INFO NET/IB: IbDev 2 Port 1 qpn 1092 set_ece={supported=1, vendor_id=0x15b3, options=0x30000000, comp_mask=0x0}
a100-llm-02:1421679:1421803 [0] NCCL INFO NET/IB: NCCL Dev 9 IbDev 1 Port 1 qpn 1350 mtu 5 GID 3 (0/F74413C6FFFF0000) ctsFifoRkey=0x50302 ctsFifoLkey=0x50302
a100-llm-02:1421679:1421803 [0] NCCL INFO NET/IB: IbDev 1 Port 1 qpn 1350 query_ece={supported=1, vendor_id=0x15b3, options=0x30000000, comp_mask=0x0}
a100-llm-02:1421679:1421803 [0] NCCL INFO NET/IB: NCCL Dev 9 IbDev 2 Port 1 qpn 1094 mtu 5 GID 3 (0/A3F13C6FFFF0000) ctsFifoRkey=0x13cfb ctsFifoLkey=0x13cfb
a100-llm-02:1421679:1421803 [0] NCCL INFO NET/IB: IbDev 2 Port 1 qpn 1094 query_ece={supported=1, vendor_id=0x15b3, options=0x30000000, comp_mask=0x0}
a100-llm-02:1421679:1421809 [2] NCCL INFO NET/IB: IbDev 3 Port 1 qpn 1350 set_ece={supported=1, vendor_id=0x15b3, options=0x30000000, comp_mask=0x0}
a100-llm-02:1421679:1421809 [2] NCCL INFO NET/IB: IbDev 4 Port 1 qpn 1094 set_ece={supported=1, vendor_id=0x15b3, options=0x30000000, comp_mask=0x0}
a100-llm-02:1421679:1421805 [1] NCCL INFO NET/IB: IbDev 1 Port 1 qpn 1349 set_ece={supported=1, vendor_id=0x15b3, options=0x30000000, comp_mask=0x0}
a100-llm-02:1421679:1421803 [0] NCCL INFO NET/IB: NCCL Dev 9 IbDev 1 Port 1 qpn 1353 mtu 5 GID 3 (0/F74413C6FFFF0000) ctsFifoRkey=0x53332 ctsFifoLkey=0x53332
a100-llm-02:1421679:1421803 [0] NCCL INFO NET/IB: IbDev 1 Port 1 qpn 1353 query_ece={supported=1, vendor_id=0x15b3, options=0x30000000, comp_mask=0x0}
a100-llm-02:1421679:1421817 [7] NCCL INFO NET/IB: IbDev 7 Port 1 qpn 1357 set_ece={supported=1, vendor_id=0x15b3, options=0x30000000, comp_mask=0x0}
a100-llm-02:1421679:1421817 [7] NCCL INFO NET/IB: IbDev 8 Port 1 qpn 1101 set_ece={supported=1, vendor_id=0x15b3, options=0x30000000, comp_mask=0x0}
a100-llm-02:1421679:1421809 [2] NCCL INFO NET/IB: NCCL Dev 10 IbDev 3 Port 1 qpn 1357 mtu 5 GID 3 (0/340D13C6FFFF0000) ctsFifoRkey=0x5c7c3 ctsFifoLkey=0x5c7c3
a100-llm-02:1421679:1421809 [2] NCCL INFO NET/IB: IbDev 3 Port 1 qpn 1357 query_ece={supported=1, vendor_id=0x15b3, options=0x30000000, comp_mask=0x0}
a100-llm-02:1421679:1421803 [0] NCCL INFO NET/IB: NCCL Dev 9 IbDev 2 Port 1 qpn 1097 mtu 5 GID 3 (0/A3F13C6FFFF0000) ctsFifoRkey=0x16a28 ctsFifoLkey=0x16a28
a100-llm-02:1421679:1421803 [0] NCCL INFO NET/IB: IbDev 2 Port 1 qpn 1097 query_ece={supported=1, vendor_id=0x15b3, options=0x30000000, comp_mask=0x0}
a100-llm-02:1421679:1421809 [2] NCCL INFO NET/IB: NCCL Dev 10 IbDev 4 Port 1 qpn 1101 mtu 5 GID 3 (0/462613C6FFFF0000) ctsFifoRkey=0x21bd9 ctsFifoLkey=0x21bd9
a100-llm-02:1421679:1421809 [2] NCCL INFO NET/IB: IbDev 4 Port 1 qpn 1101 query_ece={supported=1, vendor_id=0x15b3, options=0x30000000, comp_mask=0x0}
a100-llm-02:1421679:1421805 [1] NCCL INFO NET/IB: IbDev 2 Port 1 qpn 1093 set_ece={supported=1, vendor_id=0x15b3, options=0x30000000, comp_mask=0x0}
a100-llm-02:1421679:1421817 [7] NCCL INFO NET/IB: IbDev 7 Port 1 qpn 1359 set_ece={supported=1, vendor_id=0x15b3, options=0x30000000, comp_mask=0x0}
a100-llm-02:1421679:1421817 [7] NCCL INFO NET/IB: IbDev 8 Port 1 qpn 1103 set_ece={supported=1, vendor_id=0x15b3, options=0x30000000, comp_mask=0x0}
a100-llm-02:1421679:1421809 [2] NCCL INFO NET/IB: IbDev 3 Port 1 qpn 1357 set_ece={supported=1, vendor_id=0x15b3, options=0x30000000, comp_mask=0x0}
a100-llm-02:1421679:1421809 [2] NCCL INFO NET/IB: IbDev 4 Port 1 qpn 1101 set_ece={supported=1, vendor_id=0x15b3, options=0x30000000, comp_mask=0x0}
a100-llm-02:1421679:1421803 [0] NCCL INFO NET/IB: IbDev 1 Port 1 qpn 1350 set_ece={supported=1, vendor_id=0x15b3, options=0x30000000, comp_mask=0x0}
a100-llm-02:1421679:1421803 [0] NCCL INFO NET/IB: IbDev 2 Port 1 qpn 1094 set_ece={supported=1, vendor_id=0x15b3, options=0x30000000, comp_mask=0x0}
a100-llm-02:1421679:1421803 [0] NCCL INFO NET/IB: IbDev 1 Port 1 qpn 1353 set_ece={supported=1, vendor_id=0x15b3, options=0x30000000, comp_mask=0x0}
a100-llm-02:1421679:1421803 [0] NCCL INFO NET/IB: IbDev 2 Port 1 qpn 1097 set_ece={supported=1, vendor_id=0x15b3, options=0x30000000, comp_mask=0x0}
[AIMD] FinalizeChunkRTT: cc=0x7f6bc0001000 slot=0 inflight_before=1
[AIMD] FinalizeChunkRTT: cc=0x7f6bd0065400 slot=518 inflight_before=1
warmup done.
[AIMD] FinalizeChunkRTT: cc=0x7f6be8219950 slot=124 inflight_before=1
a100-llm-02:1421679:1421794 [0] NCCL INFO V2MIN: pressure=1.000 (fast=0.194 slow=0.004 dev=0.1900) state=SHRINK window=204 floor=204 high=2426 low=0 ncc=16
[AIMD] FinalizeChunkRTT: cc=0x7f6bd0065400 slot=631 inflight_before=1
[AIMD] FinalizeChunkRTT: cc=0x7f6bac292dc0 slot=234 inflight_before=1
[AIMD] FinalizeChunkRTT: cc=0x7f6bc8065980 slot=680 inflight_before=1
[AIMD] FinalizeChunkRTT: cc=0x7f6bc4001000 slot=106 inflight_before=7
[AIMD] FinalizeChunkRTT: cc=0x7f6bc8065980 slot=666 inflight_before=1
a100-llm-02:1421679:1421794 [0] NCCL INFO V2MIN: pressure=1.000 (fast=0.079 slow=0.004 dev=0.0756) state=SHRINK window=204 floor=204 high=7147 low=0 ncc=16
[AIMD] FinalizeChunkRTT: cc=0x7f6bd0065400 slot=171 inflight_before=3
[AIMD] FinalizeChunkRTT: cc=0x7f6be8219950 slot=650 inflight_before=1
[AIMD] FinalizeChunkRTT: cc=0x7f6bc4001000 slot=32 inflight_before=7
[AIMD] FinalizeChunkRTT: cc=0x7f6bb4001000 slot=515 inflight_before=3
[AIMD] FinalizeChunkRTT: cc=0x7f6bd0065400 slot=1 inflight_before=1
a100-llm-02:1421679:1421794 [0] NCCL INFO V2MIN: pressure=1.000 (fast=0.146 slow=0.004 dev=0.1428) state=SHRINK window=204 floor=204 high=11872 low=0 ncc=16
[AIMD] FinalizeChunkRTT: cc=0x7f6be8219950 slot=520 inflight_before=1
[AIMD] FinalizeChunkRTT: cc=0x7f6be8219950 slot=140 inflight_before=1
[AIMD] FinalizeChunkRTT: cc=0x7f6bb4001000 slot=472 inflight_before=3
CSV written to: oracle_results/6_v2_minimal_pinned_with_stress_20260409_105214_r1.csv

========================================
  Oracle Experiment Results
========================================
Config: nDev=8  count=1048576  data=4.19 MB  iters=500
NCCL_AIMD_ENABLE=1  NCCL_CC_ORACLE_FACTOR=(unset)

Wall-clock latency (us):
  mean= 27741.2  stddev= 15736.5
  p50 = 26068.7  p99   = 71934.8  max=103690.7

Collective max GPU latency (us):
  mean= 23252.2  stddev= 14153.0
  p50 = 21487.6  p99   = 66531.9  max= 79783.9

Rank skew (us):
  mean=  3578.1  stddev=  5510.7
  p50 =   337.4  p99   = 22875.0  max= 31021.1

Avg algo bandwidth: 0.26 GB/s
========================================

