a100-llm-02:1046878:1047124 [0] NCCL INFO Connected to proxy localRank 0 -> connection 0x7f540bfa2788
a100-llm-02:1046878:1047124 [0] NCCL INFO Channel 01/0 : 7[7] -> 0[0] [receive] via NET/IB/9/GDRDMA
a100-llm-02:1046878:1047124 [0] NCCL INFO GPU Direct RDMA Enabled for GPU/0-1019984 (rank 0) - NET/0-9 (distance 5 <= 6, read 1, mode Default)
a100-llm-02:1046878:1047099 [0] NCCL INFO New proxy send connection 2 from local rank 0, transport 2
a100-llm-02:1046878:1047124 [0] NCCL INFO Connected to proxy localRank 0 -> connection 0x7f540bfa2800
a100-llm-02:1046878:1047124 [0] NCCL INFO Channel 00/0 : 0[0] -> 1[1] [send] via NET/IB/9/GDRDMA
a100-llm-02:1046878:1047124 [0] NCCL INFO GPU Direct RDMA Enabled for GPU/0-1019984 (rank 0) - NET/0-9 (distance 5 <= 6, read 1, mode Default)
a100-llm-02:1046878:1047099 [0] NCCL INFO New proxy send connection 3 from local rank 0, transport 2
a100-llm-02:1046878:1047124 [0] NCCL INFO Connected to proxy localRank 0 -> connection 0x7f540bfa2878
a100-llm-02:1046878:1047124 [0] NCCL INFO Channel 01/0 : 0[0] -> 1[1] [send] via NET/IB/9/GDRDMA
a100-llm-02:1046878:1047101 [2] NCCL INFO New proxy recv connection 0 from local rank 0, transport 2
a100-llm-02:1046878:1047122 [2] NCCL INFO Connected to proxy localRank 0 -> connection 0x7f541bfd2090
a100-llm-02:1046878:1047113 [7] NCCL INFO New proxy recv connection 0 from local rank 0, transport 2
a100-llm-02:1046878:1047117 [7] NCCL INFO Connected to proxy localRank 0 -> connection 0x7f5413fa3180
a100-llm-02:1046878:1047103 [3] NCCL INFO New proxy recv connection 0 from local rank 0, transport 2
a100-llm-02:1046878:1047121 [3] NCCL INFO Connected to proxy localRank 0 -> connection 0x7f52dc11bb40
a100-llm-02:1046878:1047108 [1] NCCL INFO New proxy recv connection 0 from local rank 0, transport 2
a100-llm-02:1046878:1047122 [2] NCCL INFO Channel 00/0 : 1[1] -> 2[2] [receive] via NET/IB/10/GDRDMA
a100-llm-02:1046878:1047122 [2] NCCL INFO GPU Direct RDMA Enabled for GPU/0-1028176 (rank 2) - NET/0-10 (distance 5 <= 6, read 0, mode Default)
a100-llm-02:1046878:1047101 [2] NCCL INFO New proxy recv connection 1 from local rank 0, transport 2
a100-llm-02:1046878:1047117 [7] NCCL INFO Channel 00/0 : 6[6] -> 7[7] [receive] via NET/IB/12/GDRDMA
a100-llm-02:1046878:1047117 [7] NCCL INFO GPU Direct RDMA Enabled for GPU/0-1044576 (rank 7) - NET/0-12 (distance 5 <= 6, read 0, mode Default)
a100-llm-02:1046878:1047121 [3] NCCL INFO Channel 00/0 : 2[2] -> 3[3] [receive] via NET/IB/10/GDRDMA
a100-llm-02:1046878:1047121 [3] NCCL INFO GPU Direct RDMA Enabled for GPU/0-1028192 (rank 3) - NET/0-10 (distance 5 <= 6, read 0, mode Default)
a100-llm-02:1046878:1047103 [3] NCCL INFO New proxy recv connection 1 from local rank 0, transport 2
a100-llm-02:1046878:1047121 [3] NCCL INFO Connected to proxy localRank 0 -> connection 0x7f52dc11bbb8
a100-llm-02:1046878:1047121 [3] NCCL INFO Channel 01/0 : 2[2] -> 3[3] [receive] via NET/IB/10/GDRDMA
a100-llm-02:1046878:1047121 [3] NCCL INFO GPU Direct RDMA Enabled for GPU/0-1028192 (rank 3) - NET/0-10 (distance 5 <= 6, read 1, mode Default)
a100-llm-02:1046878:1047103 [3] NCCL INFO New proxy send connection 2 from local rank 0, transport 2
a100-llm-02:1046878:1047121 [3] NCCL INFO Connected to proxy localRank 0 -> connection 0x7f52dc11bc30
a100-llm-02:1046878:1047121 [3] NCCL INFO Channel 00/0 : 3[3] -> 4[4] [send] via NET/IB/10/GDRDMA
a100-llm-02:1046878:1047121 [3] NCCL INFO GPU Direct RDMA Enabled for GPU/0-1028192 (rank 3) - NET/0-10 (distance 5 <= 6, read 1, mode Default)
a100-llm-02:1046878:1047103 [3] NCCL INFO New proxy send connection 3 from local rank 0, transport 2
a100-llm-02:1046878:1047121 [3] NCCL INFO Connected to proxy localRank 0 -> connection 0x7f52dc11bca8
a100-llm-02:1046878:1047121 [3] NCCL INFO Channel 01/0 : 3[3] -> 4[4] [send] via NET/IB/10/GDRDMA
a100-llm-02:1046878:1047122 [2] NCCL INFO Connected to proxy localRank 0 -> connection 0x7f541bfd2108
a100-llm-02:1046878:1047123 [1] NCCL INFO Connected to proxy localRank 0 -> connection 0x7f5417fa2f40
a100-llm-02:1046878:1047123 [1] NCCL INFO Channel 00/0 : 0[0] -> 1[1] [receive] via NET/IB/9/GDRDMA
a100-llm-02:1046878:1047123 [1] NCCL INFO GPU Direct RDMA Enabled for GPU/0-1020000 (rank 1) - NET/0-9 (distance 5 <= 6, read 0, mode Default)
a100-llm-02:1046878:1047108 [1] NCCL INFO New proxy recv connection 1 from local rank 0, transport 2
a100-llm-02:1046878:1047123 [1] NCCL INFO Connected to proxy localRank 0 -> connection 0x7f5417fa2fb8
a100-llm-02:1046878:1047123 [1] NCCL INFO Channel 01/0 : 0[0] -> 1[1] [receive] via NET/IB/9/GDRDMA
a100-llm-02:1046878:1047123 [1] NCCL INFO GPU Direct RDMA Enabled for GPU/0-1020000 (rank 1) - NET/0-9 (distance 5 <= 6, read 1, mode Default)
a100-llm-02:1046878:1047108 [1] NCCL INFO New proxy send connection 2 from local rank 0, transport 2
a100-llm-02:1046878:1047123 [1] NCCL INFO Connected to proxy localRank 0 -> connection 0x7f5417fa3030
a100-llm-02:1046878:1047123 [1] NCCL INFO Channel 00/0 : 1[1] -> 2[2] [send] via NET/IB/9/GDRDMA
a100-llm-02:1046878:1047123 [1] NCCL INFO GPU Direct RDMA Enabled for GPU/0-1020000 (rank 1) - NET/0-9 (distance 5 <= 6, read 1, mode Default)
a100-llm-02:1046878:1047108 [1] NCCL INFO New proxy send connection 3 from local rank 0, transport 2
a100-llm-02:1046878:1047123 [1] NCCL INFO Connected to proxy localRank 0 -> connection 0x7f5417fa30a8
a100-llm-02:1046878:1047123 [1] NCCL INFO Channel 01/0 : 1[1] -> 2[2] [send] via NET/IB/9/GDRDMA
a100-llm-02:1046878:1047122 [2] NCCL INFO Channel 01/0 : 1[1] -> 2[2] [receive] via NET/IB/10/GDRDMA
a100-llm-02:1046878:1047122 [2] NCCL INFO GPU Direct RDMA Enabled for GPU/0-1028176 (rank 2) - NET/0-10 (distance 5 <= 6, read 1, mode Default)
a100-llm-02:1046878:1047106 [4] NCCL INFO New proxy recv connection 0 from local rank 0, transport 2
a100-llm-02:1046878:1047111 [6] NCCL INFO New proxy recv connection 0 from local rank 0, transport 2
a100-llm-02:1046878:1047118 [6] NCCL INFO Connected to proxy localRank 0 -> connection 0x7f52d4000d10
a100-llm-02:1046878:1047118 [6] NCCL INFO Channel 00/0 : 5[5] -> 6[6] [receive] via NET/IB/12/GDRDMA
a100-llm-02:1046878:1047118 [6] NCCL INFO GPU Direct RDMA Enabled for GPU/0-1044560 (rank 6) - NET/0-12 (distance 5 <= 6, read 0, mode Default)
a100-llm-02:1046878:1047111 [6] NCCL INFO New proxy recv connection 1 from local rank 0, transport 2
a100-llm-02:1046878:1047118 [6] NCCL INFO Connected to proxy localRank 0 -> connection 0x7f52d4000d88
a100-llm-02:1046878:1047120 [4] NCCL INFO Connected to proxy localRank 0 -> connection 0x7f52cc000d10
a100-llm-02:1046878:1047120 [4] NCCL INFO Channel 00/0 : 3[3] -> 4[4] [receive] via NET/IB/11/GDRDMA
a100-llm-02:1046878:1047120 [4] NCCL INFO GPU Direct RDMA Enabled for GPU/0-1036368 (rank 4) - NET/0-11 (distance 5 <= 6, read 0, mode Default)
a100-llm-02:1046878:1047106 [4] NCCL INFO New proxy recv connection 1 from local rank 0, transport 2
a100-llm-02:1046878:1047120 [4] NCCL INFO Connected to proxy localRank 0 -> connection 0x7f52cc000d88
a100-llm-02:1046878:1047120 [4] NCCL INFO Channel 01/0 : 3[3] -> 4[4] [receive] via NET/IB/11/GDRDMA
a100-llm-02:1046878:1047120 [4] NCCL INFO GPU Direct RDMA Enabled for GPU/0-1036368 (rank 4) - NET/0-11 (distance 5 <= 6, read 1, mode Default)
a100-llm-02:1046878:1047106 [4] NCCL INFO New proxy send connection 2 from local rank 0, transport 2
a100-llm-02:1046878:1047120 [4] NCCL INFO Connected to proxy localRank 0 -> connection 0x7f52cc000e00
a100-llm-02:1046878:1047120 [4] NCCL INFO Channel 00/0 : 4[4] -> 5[5] [send] via NET/IB/11/GDRDMA
a100-llm-02:1046878:1047120 [4] NCCL INFO GPU Direct RDMA Enabled for GPU/0-1036368 (rank 4) - NET/0-11 (distance 5 <= 6, read 1, mode Default)
a100-llm-02:1046878:1047106 [4] NCCL INFO New proxy send connection 3 from local rank 0, transport 2
a100-llm-02:1046878:1047120 [4] NCCL INFO Connected to proxy localRank 0 -> connection 0x7f52cc000e78
a100-llm-02:1046878:1047120 [4] NCCL INFO Channel 01/0 : 4[4] -> 5[5] [send] via NET/IB/11/GDRDMA
a100-llm-02:1046878:1047118 [6] NCCL INFO Channel 01/0 : 5[5] -> 6[6] [receive] via NET/IB/12/GDRDMA
a100-llm-02:1046878:1047118 [6] NCCL INFO GPU Direct RDMA Enabled for GPU/0-1044560 (rank 6) - NET/0-12 (distance 5 <= 6, read 1, mode Default)
a100-llm-02:1046878:1047111 [6] NCCL INFO New proxy send connection 2 from local rank 0, transport 2
a100-llm-02:1046878:1047118 [6] NCCL INFO Connected to proxy localRank 0 -> connection 0x7f52d4000e00
a100-llm-02:1046878:1047104 [5] NCCL INFO New proxy recv connection 0 from local rank 0, transport 2
a100-llm-02:1046878:1047119 [5] NCCL INFO Connected to proxy localRank 0 -> connection 0x7f5318000d10
a100-llm-02:1046878:1047119 [5] NCCL INFO Channel 00/0 : 4[4] -> 5[5] [receive] via NET/IB/11/GDRDMA
a100-llm-02:1046878:1047119 [5] NCCL INFO GPU Direct RDMA Enabled for GPU/0-1036384 (rank 5) - NET/0-11 (distance 5 <= 6, read 0, mode Default)
a100-llm-02:1046878:1047104 [5] NCCL INFO New proxy recv connection 1 from local rank 0, transport 2
a100-llm-02:1046878:1047119 [5] NCCL INFO Connected to proxy localRank 0 -> connection 0x7f5318000d88
a100-llm-02:1046878:1047118 [6] NCCL INFO Channel 00/0 : 6[6] -> 7[7] [send] via NET/IB/12/GDRDMA
a100-llm-02:1046878:1047118 [6] NCCL INFO GPU Direct RDMA Enabled for GPU/0-1044560 (rank 6) - NET/0-12 (distance 5 <= 6, read 1, mode Default)
a100-llm-02:1046878:1047119 [5] NCCL INFO Channel 01/0 : 4[4] -> 5[5] [receive] via NET/IB/11/GDRDMA
a100-llm-02:1046878:1047119 [5] NCCL INFO GPU Direct RDMA Enabled for GPU/0-1036384 (rank 5) - NET/0-11 (distance 5 <= 6, read 1, mode Default)
a100-llm-02:1046878:1047104 [5] NCCL INFO New proxy send connection 2 from local rank 0, transport 2
a100-llm-02:1046878:1047119 [5] NCCL INFO Connected to proxy localRank 0 -> connection 0x7f5318000e00
a100-llm-02:1046878:1047119 [5] NCCL INFO Channel 00/0 : 5[5] -> 6[6] [send] via NET/IB/11/GDRDMA
a100-llm-02:1046878:1047119 [5] NCCL INFO GPU Direct RDMA Enabled for GPU/0-1036384 (rank 5) - NET/0-11 (distance 5 <= 6, read 1, mode Default)
a100-llm-02:1046878:1047104 [5] NCCL INFO New proxy send connection 3 from local rank 0, transport 2
a100-llm-02:1046878:1047111 [6] NCCL INFO New proxy send connection 3 from local rank 0, transport 2
a100-llm-02:1046878:1047119 [5] NCCL INFO Connected to proxy localRank 0 -> connection 0x7f5318000e78
a100-llm-02:1046878:1047119 [5] NCCL INFO Channel 01/0 : 5[5] -> 6[6] [send] via NET/IB/11/GDRDMA
a100-llm-02:1046878:1047118 [6] NCCL INFO Connected to proxy localRank 0 -> connection 0x7f52d4000e78
a100-llm-02:1046878:1047113 [7] NCCL INFO New proxy recv connection 1 from local rank 0, transport 2
a100-llm-02:1046878:1047118 [6] NCCL INFO Channel 01/0 : 6[6] -> 7[7] [send] via NET/IB/12/GDRDMA
a100-llm-02:1046878:1047101 [2] NCCL INFO New proxy send connection 2 from local rank 0, transport 2
a100-llm-02:1046878:1047106 [4] NCCL INFO NET/IB: NCCL Dev 11 IbDev 5 Port 1 qpn 868 mtu 5 GID 3 (0/5E0113C6FFFF0000) ctsFifoRkey=0x112625 ctsFifoLkey=0x112625
a100-llm-02:1046878:1047106 [4] NCCL INFO NET/IB: IbDev 5 Port 1 qpn 868 query_ece={supported=1, vendor_id=0x15b3, options=0x30000000, comp_mask=0x0}
a100-llm-02:1046878:1047106 [4] NCCL INFO NET/IB: NCCL Dev 11 IbDev 6 Port 1 qpn 612 mtu 5 GID 3 (0/AF0713C6FFFF0000) ctsFifoRkey=0xd6729 ctsFifoLkey=0xd6729
a100-llm-02:1046878:1047106 [4] NCCL INFO NET/IB: IbDev 6 Port 1 qpn 612 query_ece={supported=1, vendor_id=0x15b3, options=0x30000000, comp_mask=0x0}
a100-llm-02:1046878:1047106 [4] NCCL INFO NET/IB: NCCL Dev 11 IbDev 5 Port 1 qpn 869 mtu 5 GID 3 (0/5E0113C6FFFF0000) ctsFifoRkey=0x5a6a6 ctsFifoLkey=0x5a6a6
a100-llm-02:1046878:1047106 [4] NCCL INFO NET/IB: IbDev 5 Port 1 qpn 869 query_ece={supported=1, vendor_id=0x15b3, options=0x30000000, comp_mask=0x0}
a100-llm-02:1046878:1047106 [4] NCCL INFO NET/IB: NCCL Dev 11 IbDev 6 Port 1 qpn 613 mtu 5 GID 3 (0/AF0713C6FFFF0000) ctsFifoRkey=0x1dc9f ctsFifoLkey=0x1dc9f
a100-llm-02:1046878:1047106 [4] NCCL INFO NET/IB: IbDev 6 Port 1 qpn 613 query_ece={supported=1, vendor_id=0x15b3, options=0x30000000, comp_mask=0x0}
a100-llm-02:1046878:1047117 [7] NCCL INFO Connected to proxy localRank 0 -> connection 0x7f5413fa31f8
a100-llm-02:1046878:1047122 [2] NCCL INFO Connected to proxy localRank 0 -> connection 0x7f541bfd2180
a100-llm-02:1046878:1047106 [4] NCCL INFO NET/IB: IbDev 5 Port 1 qpn 868 set_ece={supported=1, vendor_id=0x15b3, options=0x30000000, comp_mask=0x0}
a100-llm-02:1046878:1047106 [4] NCCL INFO NET/IB: IbDev 6 Port 1 qpn 612 set_ece={supported=1, vendor_id=0x15b3, options=0x30000000, comp_mask=0x0}
a100-llm-02:1046878:1047106 [4] NCCL INFO NET/IB: IbDev 5 Port 1 qpn 869 set_ece={supported=1, vendor_id=0x15b3, options=0x30000000, comp_mask=0x0}
a100-llm-02:1046878:1047106 [4] NCCL INFO NET/IB: IbDev 6 Port 1 qpn 613 set_ece={supported=1, vendor_id=0x15b3, options=0x30000000, comp_mask=0x0}
a100-llm-02:1046878:1047117 [7] NCCL INFO Channel 01/0 : 6[6] -> 7[7] [receive] via NET/IB/12/GDRDMA
a100-llm-02:1046878:1047117 [7] NCCL INFO GPU Direct RDMA Enabled for GPU/0-1044576 (rank 7) - NET/0-12 (distance 5 <= 6, read 1, mode Default)
a100-llm-02:1046878:1047122 [2] NCCL INFO Channel 00/0 : 2[2] -> 3[3] [send] via NET/IB/10/GDRDMA
a100-llm-02:1046878:1047122 [2] NCCL INFO GPU Direct RDMA Enabled for GPU/0-1028176 (rank 2) - NET/0-10 (distance 5 <= 6, read 1, mode Default)
a100-llm-02:1046878:1047113 [7] NCCL INFO New proxy send connection 2 from local rank 0, transport 2
a100-llm-02:1046878:1047101 [2] NCCL INFO New proxy send connection 3 from local rank 0, transport 2
a100-llm-02:1046878:1047117 [7] NCCL INFO Connected to proxy localRank 0 -> connection 0x7f5413fa3270
a100-llm-02:1046878:1047122 [2] NCCL INFO Connected to proxy localRank 0 -> connection 0x7f541bfd21f8
a100-llm-02:1046878:1047117 [7] NCCL INFO Channel 00/0 : 7[7] -> 0[0] [send] via NET/IB/12/GDRDMA
a100-llm-02:1046878:1047117 [7] NCCL INFO GPU Direct RDMA Enabled for GPU/0-1044576 (rank 7) - NET/0-12 (distance 5 <= 6, read 1, mode Default)
a100-llm-02:1046878:1047122 [2] NCCL INFO Channel 01/0 : 2[2] -> 3[3] [send] via NET/IB/10/GDRDMA
a100-llm-02:1046878:1047113 [7] NCCL INFO New proxy send connection 3 from local rank 0, transport 2
a100-llm-02:1046878:1047103 [3] NCCL INFO NET/IB: NCCL Dev 10 IbDev 3 Port 1 qpn 868 mtu 5 GID 3 (0/340D13C6FFFF0000) ctsFifoRkey=0x114740 ctsFifoLkey=0x114740
a100-llm-02:1046878:1047103 [3] NCCL INFO NET/IB: IbDev 3 Port 1 qpn 868 query_ece={supported=1, vendor_id=0x15b3, options=0x30000000, comp_mask=0x0}
a100-llm-02:1046878:1047103 [3] NCCL INFO NET/IB: NCCL Dev 10 IbDev 4 Port 1 qpn 612 mtu 5 GID 3 (0/462613C6FFFF0000) ctsFifoRkey=0xd9c5b ctsFifoLkey=0xd9c5b
a100-llm-02:1046878:1047103 [3] NCCL INFO NET/IB: IbDev 4 Port 1 qpn 612 query_ece={supported=1, vendor_id=0x15b3, options=0x30000000, comp_mask=0x0}
a100-llm-02:1046878:1047103 [3] NCCL INFO NET/IB: NCCL Dev 10 IbDev 3 Port 1 qpn 869 mtu 5 GID 3 (0/340D13C6FFFF0000) ctsFifoRkey=0x115352 ctsFifoLkey=0x115352
a100-llm-02:1046878:1047103 [3] NCCL INFO NET/IB: IbDev 3 Port 1 qpn 869 query_ece={supported=1, vendor_id=0x15b3, options=0x30000000, comp_mask=0x0}
a100-llm-02:1046878:1047103 [3] NCCL INFO NET/IB: NCCL Dev 10 IbDev 4 Port 1 qpn 613 mtu 5 GID 3 (0/462613C6FFFF0000) ctsFifoRkey=0xda665 ctsFifoLkey=0xda665
a100-llm-02:1046878:1047103 [3] NCCL INFO NET/IB: IbDev 4 Port 1 qpn 613 query_ece={supported=1, vendor_id=0x15b3, options=0x30000000, comp_mask=0x0}
a100-llm-02:1046878:1047117 [7] NCCL INFO Connected to proxy localRank 0 -> connection 0x7f5413fa32e8
a100-llm-02:1046878:1047103 [3] NCCL INFO NET/IB: IbDev 3 Port 1 qpn 868 set_ece={supported=1, vendor_id=0x15b3, options=0x30000000, comp_mask=0x0}
a100-llm-02:1046878:1047108 [1] NCCL INFO NET/IB: NCCL Dev 9 IbDev 1 Port 1 qpn 868 mtu 5 GID 3 (0/F74413C6FFFF0000) ctsFifoRkey=0x5b7b5 ctsFifoLkey=0x5b7b5
a100-llm-02:1046878:1047108 [1] NCCL INFO NET/IB: IbDev 1 Port 1 qpn 868 query_ece={supported=1, vendor_id=0x15b3, options=0x30000000, comp_mask=0x0}
a100-llm-02:1046878:1047108 [1] NCCL INFO NET/IB: NCCL Dev 9 IbDev 2 Port 1 qpn 612 mtu 5 GID 3 (0/A3F13C6FFFF0000) ctsFifoRkey=0x202c2 ctsFifoLkey=0x202c2
a100-llm-02:1046878:1047108 [1] NCCL INFO NET/IB: IbDev 2 Port 1 qpn 612 query_ece={supported=1, vendor_id=0x15b3, options=0x30000000, comp_mask=0x0}
a100-llm-02:1046878:1047103 [3] NCCL INFO NET/IB: IbDev 4 Port 1 qpn 612 set_ece={supported=1, vendor_id=0x15b3, options=0x30000000, comp_mask=0x0}
a100-llm-02:1046878:1047108 [1] NCCL INFO NET/IB: NCCL Dev 9 IbDev 1 Port 1 qpn 869 mtu 5 GID 3 (0/F74413C6FFFF0000) ctsFifoRkey=0x111614 ctsFifoLkey=0x111614
a100-llm-02:1046878:1047108 [1] NCCL INFO NET/IB: IbDev 1 Port 1 qpn 869 query_ece={supported=1, vendor_id=0x15b3, options=0x30000000, comp_mask=0x0}
a100-llm-02:1046878:1047108 [1] NCCL INFO NET/IB: NCCL Dev 9 IbDev 2 Port 1 qpn 613 mtu 5 GID 3 (0/A3F13C6FFFF0000) ctsFifoRkey=0xd5b1a ctsFifoLkey=0xd5b1a
a100-llm-02:1046878:1047108 [1] NCCL INFO NET/IB: IbDev 2 Port 1 qpn 613 query_ece={supported=1, vendor_id=0x15b3, options=0x30000000, comp_mask=0x0}
a100-llm-02:1046878:1047103 [3] NCCL INFO NET/IB: IbDev 3 Port 1 qpn 869 set_ece={supported=1, vendor_id=0x15b3, options=0x30000000, comp_mask=0x0}
a100-llm-02:1046878:1047101 [2] NCCL INFO NET/IB: NCCL Dev 10 IbDev 3 Port 1 qpn 870 mtu 5 GID 3 (0/340D13C6FFFF0000) ctsFifoRkey=0x115f5e ctsFifoLkey=0x115f5e
a100-llm-02:1046878:1047101 [2] NCCL INFO NET/IB: IbDev 3 Port 1 qpn 870 query_ece={supported=1, vendor_id=0x15b3, options=0x30000000, comp_mask=0x0}
a100-llm-02:1046878:1047103 [3] NCCL INFO NET/IB: IbDev 4 Port 1 qpn 613 set_ece={supported=1, vendor_id=0x15b3, options=0x30000000, comp_mask=0x0}
a100-llm-02:1046878:1047101 [2] NCCL INFO NET/IB: NCCL Dev 10 IbDev 4 Port 1 qpn 614 mtu 5 GID 3 (0/462613C6FFFF0000) ctsFifoRkey=0xdb071 ctsFifoLkey=0xdb071
a100-llm-02:1046878:1047101 [2] NCCL INFO NET/IB: IbDev 4 Port 1 qpn 614 query_ece={supported=1, vendor_id=0x15b3, options=0x30000000, comp_mask=0x0}
a100-llm-02:1046878:1047117 [7] NCCL INFO Channel 01/0 : 7[7] -> 0[0] [send] via NET/IB/12/GDRDMA
a100-llm-02:1046878:1047108 [1] NCCL INFO NET/IB: IbDev 1 Port 1 qpn 868 set_ece={supported=1, vendor_id=0x15b3, options=0x30000000, comp_mask=0x0}
a100-llm-02:1046878:1047108 [1] NCCL INFO NET/IB: IbDev 2 Port 1 qpn 612 set_ece={supported=1, vendor_id=0x15b3, options=0x30000000, comp_mask=0x0}
a100-llm-02:1046878:1047101 [2] NCCL INFO NET/IB: NCCL Dev 10 IbDev 3 Port 1 qpn 873 mtu 5 GID 3 (0/340D13C6FFFF0000) ctsFifoRkey=0x117776 ctsFifoLkey=0x117776
a100-llm-02:1046878:1047101 [2] NCCL INFO NET/IB: IbDev 3 Port 1 qpn 873 query_ece={supported=1, vendor_id=0x15b3, options=0x30000000, comp_mask=0x0}
a100-llm-02:1046878:1047101 [2] NCCL INFO NET/IB: NCCL Dev 10 IbDev 4 Port 1 qpn 617 mtu 5 GID 3 (0/462613C6FFFF0000) ctsFifoRkey=0xdc284 ctsFifoLkey=0xdc284
a100-llm-02:1046878:1047101 [2] NCCL INFO NET/IB: IbDev 4 Port 1 qpn 617 query_ece={supported=1, vendor_id=0x15b3, options=0x30000000, comp_mask=0x0}
a100-llm-02:1046878:1047099 [0] NCCL INFO NET/IB: NCCL Dev 9 IbDev 1 Port 1 qpn 870 mtu 5 GID 3 (0/F74413C6FFFF0000) ctsFifoRkey=0x5c6c5 ctsFifoLkey=0x5c6c5
a100-llm-02:1046878:1047099 [0] NCCL INFO NET/IB: IbDev 1 Port 1 qpn 870 query_ece={supported=1, vendor_id=0x15b3, options=0x30000000, comp_mask=0x0}
a100-llm-02:1046878:1047099 [0] NCCL INFO NET/IB: NCCL Dev 9 IbDev 2 Port 1 qpn 614 mtu 5 GID 3 (0/A3F13C6FFFF0000) ctsFifoRkey=0x210ce ctsFifoLkey=0x210ce
a100-llm-02:1046878:1047099 [0] NCCL INFO NET/IB: IbDev 2 Port 1 qpn 614 query_ece={supported=1, vendor_id=0x15b3, options=0x30000000, comp_mask=0x0}
a100-llm-02:1046878:1047099 [0] NCCL INFO NET/IB: NCCL Dev 9 IbDev 1 Port 1 qpn 871 mtu 5 GID 3 (0/F74413C6FFFF0000) ctsFifoRkey=0x5d4d3 ctsFifoLkey=0x5d4d3
a100-llm-02:1046878:1047099 [0] NCCL INFO NET/IB: IbDev 1 Port 1 qpn 871 query_ece={supported=1, vendor_id=0x15b3, options=0x30000000, comp_mask=0x0}
a100-llm-02:1046878:1047099 [0] NCCL INFO NET/IB: NCCL Dev 9 IbDev 2 Port 1 qpn 615 mtu 5 GID 3 (0/A3F13C6FFFF0000) ctsFifoRkey=0x21ade ctsFifoLkey=0x21ade
a100-llm-02:1046878:1047099 [0] NCCL INFO NET/IB: IbDev 2 Port 1 qpn 615 query_ece={supported=1, vendor_id=0x15b3, options=0x30000000, comp_mask=0x0}
a100-llm-02:1046878:1047111 [6] NCCL INFO NET/IB: NCCL Dev 12 IbDev 7 Port 1 qpn 868 mtu 5 GID 3 (0/455A13C6FFFF0000) ctsFifoRkey=0x110403 ctsFifoLkey=0x110403
a100-llm-02:1046878:1047111 [6] NCCL INFO NET/IB: IbDev 7 Port 1 qpn 868 query_ece={supported=1, vendor_id=0x15b3, options=0x30000000, comp_mask=0x0}
a100-llm-02:1046878:1047111 [6] NCCL INFO NET/IB: NCCL Dev 12 IbDev 8 Port 1 qpn 612 mtu 5 GID 3 (0/58B013C6FFFF0000) ctsFifoRkey=0xd35f3 ctsFifoLkey=0xd35f3
a100-llm-02:1046878:1047111 [6] NCCL INFO NET/IB: IbDev 8 Port 1 qpn 612 query_ece={supported=1, vendor_id=0x15b3, options=0x30000000, comp_mask=0x0}
a100-llm-02:1046878:1047104 [5] NCCL INFO NET/IB: NCCL Dev 11 IbDev 5 Port 1 qpn 878 mtu 5 GID 3 (0/5E0113C6FFFF0000) ctsFifoRkey=0x5c2c1 ctsFifoLkey=0x5c2c1
a100-llm-02:1046878:1047104 [5] NCCL INFO NET/IB: IbDev 5 Port 1 qpn 878 query_ece={supported=1, vendor_id=0x15b3, options=0x30000000, comp_mask=0x0}
a100-llm-02:1046878:1047113 [7] NCCL INFO NET/IB: NCCL Dev 12 IbDev 7 Port 1 qpn 869 mtu 5 GID 3 (0/455A13C6FFFF0000) ctsFifoRkey=0x110f0f ctsFifoLkey=0x110f0f
a100-llm-02:1046878:1047113 [7] NCCL INFO NET/IB: IbDev 7 Port 1 qpn 869 query_ece={supported=1, vendor_id=0x15b3, options=0x30000000, comp_mask=0x0}
a100-llm-02:1046878:1047104 [5] NCCL INFO NET/IB: NCCL Dev 11 IbDev 6 Port 1 qpn 622 mtu 5 GID 3 (0/AF0713C6FFFF0000) ctsFifoRkey=0x1f9b9 ctsFifoLkey=0x1f9b9
a100-llm-02:1046878:1047104 [5] NCCL INFO NET/IB: IbDev 6 Port 1 qpn 622 query_ece={supported=1, vendor_id=0x15b3, options=0x30000000, comp_mask=0x0}
a100-llm-02:1046878:1047113 [7] NCCL INFO NET/IB: NCCL Dev 12 IbDev 8 Port 1 qpn 613 mtu 5 GID 3 (0/58B013C6FFFF0000) ctsFifoRkey=0xd4100 ctsFifoLkey=0xd4100
a100-llm-02:1046878:1047113 [7] NCCL INFO NET/IB: IbDev 8 Port 1 qpn 613 query_ece={supported=1, vendor_id=0x15b3, options=0x30000000, comp_mask=0x0}
a100-llm-02:1046878:1047101 [2] NCCL INFO NET/IB: IbDev 3 Port 1 qpn 870 set_ece={supported=1, vendor_id=0x15b3, options=0x30000000, comp_mask=0x0}
a100-llm-02:1046878:1047108 [1] NCCL INFO NET/IB: IbDev 1 Port 1 qpn 869 set_ece={supported=1, vendor_id=0x15b3, options=0x30000000, comp_mask=0x0}
a100-llm-02:1046878:1047101 [2] NCCL INFO NET/IB: IbDev 4 Port 1 qpn 614 set_ece={supported=1, vendor_id=0x15b3, options=0x30000000, comp_mask=0x0}
a100-llm-02:1046878:1047108 [1] NCCL INFO NET/IB: IbDev 2 Port 1 qpn 613 set_ece={supported=1, vendor_id=0x15b3, options=0x30000000, comp_mask=0x0}
a100-llm-02:1046878:1047104 [5] NCCL INFO NET/IB: NCCL Dev 11 IbDev 5 Port 1 qpn 879 mtu 5 GID 3 (0/5E0113C6FFFF0000) ctsFifoRkey=0x115857 ctsFifoLkey=0x115857
a100-llm-02:1046878:1047104 [5] NCCL INFO NET/IB: IbDev 5 Port 1 qpn 879 query_ece={supported=1, vendor_id=0x15b3, options=0x30000000, comp_mask=0x0}
a100-llm-02:1046878:1047104 [5] NCCL INFO NET/IB: NCCL Dev 11 IbDev 6 Port 1 qpn 623 mtu 5 GID 3 (0/AF0713C6FFFF0000) ctsFifoRkey=0xd9655 ctsFifoLkey=0xd9655
a100-llm-02:1046878:1047104 [5] NCCL INFO NET/IB: IbDev 6 Port 1 qpn 623 query_ece={supported=1, vendor_id=0x15b3, options=0x30000000, comp_mask=0x0}
a100-llm-02:1046878:1047113 [7] NCCL INFO NET/IB: NCCL Dev 12 IbDev 7 Port 1 qpn 871 mtu 5 GID 3 (0/455A13C6FFFF0000) ctsFifoRkey=0x111b1a ctsFifoLkey=0x111b1a
a100-llm-02:1046878:1047113 [7] NCCL INFO NET/IB: IbDev 7 Port 1 qpn 871 query_ece={supported=1, vendor_id=0x15b3, options=0x30000000, comp_mask=0x0}
a100-llm-02:1046878:1047113 [7] NCCL INFO NET/IB: NCCL Dev 12 IbDev 8 Port 1 qpn 614 mtu 5 GID 3 (0/58B013C6FFFF0000) ctsFifoRkey=0xd4d0c ctsFifoLkey=0xd4d0c
a100-llm-02:1046878:1047113 [7] NCCL INFO NET/IB: IbDev 8 Port 1 qpn 614 query_ece={supported=1, vendor_id=0x15b3, options=0x30000000, comp_mask=0x0}
a100-llm-02:1046878:1047101 [2] NCCL INFO NET/IB: IbDev 3 Port 1 qpn 873 set_ece={supported=1, vendor_id=0x15b3, options=0x30000000, comp_mask=0x0}
a100-llm-02:1046878:1047101 [2] NCCL INFO NET/IB: IbDev 4 Port 1 qpn 617 set_ece={supported=1, vendor_id=0x15b3, options=0x30000000, comp_mask=0x0}
a100-llm-02:1046878:1047113 [7] NCCL INFO NET/IB: IbDev 7 Port 1 qpn 869 set_ece={supported=1, vendor_id=0x15b3, options=0x30000000, comp_mask=0x0}
a100-llm-02:1046878:1047099 [0] NCCL INFO NET/IB: IbDev 1 Port 1 qpn 870 set_ece={supported=1, vendor_id=0x15b3, options=0x30000000, comp_mask=0x0}
a100-llm-02:1046878:1047113 [7] NCCL INFO NET/IB: IbDev 8 Port 1 qpn 613 set_ece={supported=1, vendor_id=0x15b3, options=0x30000000, comp_mask=0x0}
a100-llm-02:1046878:1047099 [0] NCCL INFO NET/IB: IbDev 2 Port 1 qpn 614 set_ece={supported=1, vendor_id=0x15b3, options=0x30000000, comp_mask=0x0}
a100-llm-02:1046878:1047104 [5] NCCL INFO NET/IB: IbDev 5 Port 1 qpn 878 set_ece={supported=1, vendor_id=0x15b3, options=0x30000000, comp_mask=0x0}
a100-llm-02:1046878:1047111 [6] NCCL INFO NET/IB: NCCL Dev 12 IbDev 7 Port 1 qpn 875 mtu 5 GID 3 (0/455A13C6FFFF0000) ctsFifoRkey=0x5cac9 ctsFifoLkey=0x5cac9
a100-llm-02:1046878:1047111 [6] NCCL INFO NET/IB: IbDev 7 Port 1 qpn 875 query_ece={supported=1, vendor_id=0x15b3, options=0x30000000, comp_mask=0x0}
a100-llm-02:1046878:1047111 [6] NCCL INFO NET/IB: NCCL Dev 12 IbDev 8 Port 1 qpn 619 mtu 5 GID 3 (0/58B013C6FFFF0000) ctsFifoRkey=0x1febe ctsFifoLkey=0x1febe
a100-llm-02:1046878:1047111 [6] NCCL INFO NET/IB: IbDev 8 Port 1 qpn 619 query_ece={supported=1, vendor_id=0x15b3, options=0x30000000, comp_mask=0x0}
a100-llm-02:1046878:1047104 [5] NCCL INFO NET/IB: IbDev 6 Port 1 qpn 622 set_ece={supported=1, vendor_id=0x15b3, options=0x30000000, comp_mask=0x0}
a100-llm-02:1046878:1047111 [6] NCCL INFO NET/IB: IbDev 7 Port 1 qpn 868 set_ece={supported=1, vendor_id=0x15b3, options=0x30000000, comp_mask=0x0}
a100-llm-02:1046878:1047111 [6] NCCL INFO NET/IB: IbDev 8 Port 1 qpn 612 set_ece={supported=1, vendor_id=0x15b3, options=0x30000000, comp_mask=0x0}
a100-llm-02:1046878:1047104 [5] NCCL INFO NET/IB: IbDev 5 Port 1 qpn 879 set_ece={supported=1, vendor_id=0x15b3, options=0x30000000, comp_mask=0x0}
a100-llm-02:1046878:1047104 [5] NCCL INFO NET/IB: IbDev 6 Port 1 qpn 623 set_ece={supported=1, vendor_id=0x15b3, options=0x30000000, comp_mask=0x0}
a100-llm-02:1046878:1047099 [0] NCCL INFO NET/IB: IbDev 1 Port 1 qpn 871 set_ece={supported=1, vendor_id=0x15b3, options=0x30000000, comp_mask=0x0}
a100-llm-02:1046878:1047099 [0] NCCL INFO NET/IB: IbDev 2 Port 1 qpn 615 set_ece={supported=1, vendor_id=0x15b3, options=0x30000000, comp_mask=0x0}
a100-llm-02:1046878:1047113 [7] NCCL INFO NET/IB: IbDev 7 Port 1 qpn 871 set_ece={supported=1, vendor_id=0x15b3, options=0x30000000, comp_mask=0x0}
a100-llm-02:1046878:1047113 [7] NCCL INFO NET/IB: IbDev 8 Port 1 qpn 614 set_ece={supported=1, vendor_id=0x15b3, options=0x30000000, comp_mask=0x0}
a100-llm-02:1046878:1047111 [6] NCCL INFO NET/IB: IbDev 7 Port 1 qpn 875 set_ece={supported=1, vendor_id=0x15b3, options=0x30000000, comp_mask=0x0}
a100-llm-02:1046878:1047111 [6] NCCL INFO NET/IB: IbDev 8 Port 1 qpn 619 set_ece={supported=1, vendor_id=0x15b3, options=0x30000000, comp_mask=0x0}
[AIMD] FinalizeChunkRTT: cc=0x7f52cc134a20 slot=0 inflight_before=1
a100-llm-02:1046878:1047071 [0] NCCL INFO AIMD[6]: Congestion (RTT=491.0 > 114.0), LIW 299.0 -> 149.5
a100-llm-02:1046878:1047075 [0] NCCL INFO AIMD[7]: Congestion (RTT=494.0 > 144.0), LIW 298.0 -> 149.0
a100-llm-02:1046878:1047071 [0] NCCL INFO AIMD[18]: Congestion (RTT=517.0 > 105.0), LIW 135.0 -> 67.5
a100-llm-02:1046878:1047071 [0] NCCL INFO AIMD[18]: Congestion (RTT=519.0 > 102.0), LIW 272.0 -> 136.0
a100-llm-02:1046878:1047071 [0] NCCL INFO AIMD[57]: Congestion (RTT=216.5 > 105.0), LIW 299.0 -> 149.5
a100-llm-02:1046878:1047071 [0] NCCL INFO AIMD[97]: Congestion (RTT=305.0 > 102.0), LIW 102.0 -> 51.0
a100-llm-02:1046878:1047071 [0] NCCL INFO AIMD[98]: Congestion (RTT=16786.4 > 102.0), LIW 51.0 -> 25.5
a100-llm-02:1046878:1047071 [0] NCCL INFO AIMD[98]: Congestion (RTT=16784.4 > 165.0), LIW 51.0 -> 25.5
a100-llm-02:1046878:1047071 [0] NCCL INFO AIMD[108]: Congestion (RTT=606.1 > 114.0), LIW 16.0 -> 16.0
a100-llm-02:1046878:1047071 [0] NCCL INFO AIMD[108]: Congestion (RTT=626.7 > 114.0), LIW 16.0 -> 16.0
a100-llm-02:1046878:1047072 [0] NCCL INFO AIMD[119]: Congestion (RTT=1310.0 > 105.0), LIW 16.0 -> 16.0
a100-llm-02:1046878:1047071 [0] NCCL INFO AIMD[119]: Congestion (RTT=1310.0 > 108.0), LIW 16.0 -> 16.0
a100-llm-02:1046878:1047072 [0] NCCL INFO AIMD[122]: Congestion (RTT=751.8 > 114.0), LIW 16.0 -> 16.0
a100-llm-02:1046878:1047071 [0] NCCL INFO AIMD[124]: Congestion (RTT=330.5 > 108.0), LIW 16.0 -> 16.0
a100-llm-02:1046878:1047071 [0] NCCL INFO AIMD[125]: Congestion (RTT=980.9 > 105.0), LIW 16.0 -> 16.0
a100-llm-02:1046878:1047070 [0] NCCL INFO AIMD[130]: Congestion (RTT=12344.0 > 105.0), LIW 16.0 -> 16.0
a100-llm-02:1046878:1047072 [0] NCCL INFO AIMD[130]: Congestion (RTT=8921.8 > 102.0), LIW 16.0 -> 16.0
a100-llm-02:1046878:1047071 [0] NCCL INFO AIMD[175]: Congestion (RTT=519.0 > 102.0), LIW 204.0 -> 102.0
a100-llm-02:1046878:1047072 [0] NCCL INFO AIMD[180]: Congestion (RTT=517.0 > 105.0), LIW 204.0 -> 102.0
a100-llm-02:1046878:1047071 [0] NCCL INFO AIMD[195]: Congestion (RTT=214.0 > 114.0), LIW 16.0 -> 16.0
a100-llm-02:1046878:1047071 [0] NCCL INFO AIMD[251]: Congestion (RTT=247.0 > 105.0), LIW 299.0 -> 149.5
a100-llm-02:1046878:1047071 [0] NCCL INFO AIMD[263]: Congestion (RTT=16791.0 > 99.0), LIW 232.0 -> 116.0
a100-llm-02:1046878:1047071 [0] NCCL INFO AIMD[263]: Congestion (RTT=16793.0 > 102.0), LIW 204.0 -> 102.0
a100-llm-02:1046878:1047072 [0] NCCL INFO AIMD[269]: Congestion (RTT=608.0 > 114.0), LIW 281.0 -> 140.5
a100-llm-02:1046878:1047072 [0] NCCL INFO AIMD[267]: Congestion (RTT=311.0 > 102.0), LIW 297.0 -> 148.5
a100-llm-02:1046878:1047072 [0] NCCL INFO AIMD[277]: Congestion (RTT=7578.1 > 105.0), LIW 298.0 -> 149.0
a100-llm-02:1046878:1047076 [0] NCCL INFO AIMD[279]: Congestion (RTT=629.0 > 114.0), LIW 149.0 -> 74.5
a100-llm-02:1046878:1047071 [0] NCCL INFO AIMD[279]: Congestion (RTT=7679.6 > 108.0), LIW 299.0 -> 149.5
a100-llm-02:1046878:1047075 [0] NCCL INFO AIMD[293]: Congestion (RTT=8936.0 > 102.0), LIW 237.0 -> 118.5
a100-llm-02:1046878:1047075 [0] NCCL INFO AIMD[293]: Congestion (RTT=331.0 > 108.0), LIW 294.0 -> 147.0
a100-llm-02:1046878:1047076 [0] NCCL INFO AIMD[307]: Congestion (RTT=12344.0 > 105.0), LIW 255.0 -> 127.5
a100-llm-02:1046878:1047072 [0] NCCL INFO AIMD[307]: Congestion (RTT=2109.9 > 114.0), LIW 298.0 -> 149.0
a100-llm-02:1046878:1047071 [0] NCCL INFO AIMD[321]: Congestion (RTT=2157.9 > 105.0), LIW 284.0 -> 142.0
a100-llm-02:1046878:1047076 [0] NCCL INFO AIMD[371]: Congestion (RTT=519.0 > 102.0), LIW 299.0 -> 149.5
a100-llm-02:1046878:1047072 [0] NCCL INFO AIMD[371]: Congestion (RTT=2859.4 > 105.0), LIW 298.0 -> 149.0
a100-llm-02:1046878:1047070 [0] NCCL INFO AIMD[398]: Congestion (RTT=245.5 > 114.0), LIW 296.0 -> 148.0
a100-llm-02:1046878:1047073 [0] NCCL INFO AIMD[503]: Congestion (RTT=16791.0 > 99.0), LIW 280.0 -> 140.0
a100-llm-02:1046878:1047073 [0] NCCL INFO AIMD[517]: Congestion (RTT=247.0 > 105.0), LIW 299.0 -> 149.5
a100-llm-02:1046878:1047072 [0] NCCL INFO AIMD[517]: Congestion (RTT=16793.0 > 102.0), LIW 299.0 -> 149.5
a100-llm-02:1046878:1047073 [0] NCCL INFO AIMD[559]: Congestion (RTT=7798.0 > 108.0), LIW 292.0 -> 146.0
a100-llm-02:1046878:1047074 [0] NCCL INFO AIMD[573]: Congestion (RTT=7778.0 > 105.0), LIW 298.0 -> 149.0
a100-llm-02:1046878:1047073 [0] NCCL INFO AIMD[595]: Congestion (RTT=311.0 > 102.0), LIW 294.0 -> 147.0
a100-llm-02:1046878:1047073 [0] NCCL INFO AIMD[594]: Congestion (RTT=8936.0 > 102.0), LIW 280.0 -> 140.0
a100-llm-02:1046878:1047071 [0] NCCL INFO AIMD[601]: Congestion (RTT=608.0 > 114.0), LIW 299.0 -> 149.5
a100-llm-02:1046878:1047074 [0] NCCL INFO AIMD[609]: Congestion (RTT=2158.0 > 105.0), LIW 234.0 -> 117.0
a100-llm-02:1046878:1047071 [0] NCCL INFO AIMD[609]: Congestion (RTT=12344.0 > 105.0), LIW 139.0 -> 69.5
a100-llm-02:1046878:1047072 [0] NCCL INFO AIMD[615]: Congestion (RTT=629.0 > 114.0), LIW 293.0 -> 146.5
a100-llm-02:1046878:1047072 [0] NCCL INFO AIMD[615]: Congestion (RTT=331.0 > 108.0), LIW 297.0 -> 148.5
a100-llm-02:1046878:1047072 [0] NCCL INFO AIMD[629]: Congestion (RTT=2110.0 > 114.0), LIW 299.0 -> 149.5
a100-llm-02:1046878:1047074 [0] NCCL INFO AIMD[679]: Congestion (RTT=519.0 > 102.0), LIW 299.0 -> 149.5
a100-llm-02:1046878:1047074 [0] NCCL INFO AIMD[685]: Congestion (RTT=3004.0 > 105.0), LIW 295.0 -> 147.5
warmup done.
a100-llm-02:1046878:1047072 [0] NCCL INFO AIMD[727]: Congestion (RTT=254.9 > 114.0), LIW 299.0 -> 149.5
a100-llm-02:1046878:1047075 [0] NCCL INFO AIMD[797]: Congestion (RTT=16791.0 > 99.0), LIW 241.0 -> 120.5
a100-llm-02:1046878:1047074 [0] NCCL INFO AIMD[811]: Congestion (RTT=16793.0 > 102.0), LIW 298.0 -> 149.0
a100-llm-02:1046878:1047071 [0] NCCL INFO AIMD[817]: Congestion (RTT=7798.0 > 108.0), LIW 275.0 -> 137.5
a100-llm-02:1046878:1047076 [0] NCCL INFO AIMD[839]: Congestion (RTT=257.0 > 105.0), LIW 298.0 -> 149.0
a100-llm-02:1046878:1047075 [0] NCCL INFO AIMD[839]: Congestion (RTT=7778.0 > 105.0), LIW 299.0 -> 149.5
a100-llm-02:1046878:1047076 [0] NCCL INFO AIMD[839]: Congestion (RTT=8936.0 > 102.0), LIW 299.0 -> 149.5
a100-llm-02:1046878:1047076 [0] NCCL INFO AIMD[839]: Congestion (RTT=311.0 > 102.0), LIW 299.0 -> 149.5
a100-llm-02:1046878:1047071 [0] NCCL INFO AIMD[839]: Congestion (RTT=2158.0 > 105.0), LIW 284.0 -> 142.0
a100-llm-02:1046878:1047073 [0] NCCL INFO AIMD[841]: Congestion (RTT=608.0 > 114.0), LIW 299.0 -> 149.5
a100-llm-02:1046878:1047072 [0] NCCL INFO AIMD[839]: Congestion (RTT=12344.0 > 105.0), LIW 284.0 -> 142.0
a100-llm-02:1046878:1047070 [0] NCCL INFO AIMD[844]: Congestion (RTT=342.4 > 108.0), LIW 299.0 -> 149.5
a100-llm-02:1046878:1047070 [0] NCCL INFO AIMD[842]: Congestion (RTT=2110.0 > 114.0), LIW 255.0 -> 127.5
a100-llm-02:1046878:1047074 [0] NCCL INFO AIMD[841]: Congestion (RTT=629.0 > 114.0), LIW 298.0 -> 149.0
a100-llm-02:1046878:1047075 [0] NCCL INFO AIMD[845]: Congestion (RTT=519.0 > 102.0), LIW 299.0 -> 149.5
a100-llm-02:1046878:1047075 [0] NCCL INFO AIMD[845]: Congestion (RTT=3004.0 > 105.0), LIW 299.0 -> 149.5
a100-llm-02:1046878:1047075 [0] NCCL INFO AIMD[853]: Congestion (RTT=260.9 > 114.0), LIW 299.0 -> 149.5
a100-llm-02:1046878:1047071 [0] NCCL INFO AIMD[866]: Congestion (RTT=16791.0 > 99.0), LIW 148.0 -> 74.0
a100-llm-02:1046878:1047074 [0] NCCL INFO AIMD[867]: Congestion (RTT=7798.0 > 108.0), LIW 299.0 -> 149.5
a100-llm-02:1046878:1047072 [0] NCCL INFO AIMD[869]: Congestion (RTT=16793.0 > 102.0), LIW 299.0 -> 149.5
a100-llm-02:1046878:1047069 [0] NCCL INFO AIMD[881]: Congestion (RTT=257.0 > 105.0), LIW 299.0 -> 149.5
a100-llm-02:1046878:1047069 [0] NCCL INFO AIMD[881]: Congestion (RTT=7778.0 > 105.0), LIW 299.0 -> 149.5
a100-llm-02:1046878:1047070 [0] NCCL INFO AIMD[881]: Congestion (RTT=8936.0 > 102.0), LIW 299.0 -> 149.5
a100-llm-02:1046878:1047074 [0] NCCL INFO AIMD[881]: Congestion (RTT=2158.0 > 105.0), LIW 299.0 -> 149.5
a100-llm-02:1046878:1047074 [0] NCCL INFO AIMD[883]: Congestion (RTT=1070.9 > 102.0), LIW 299.0 -> 149.5
a100-llm-02:1046878:1047074 [0] NCCL INFO AIMD[881]: Congestion (RTT=12344.0 > 105.0), LIW 299.0 -> 149.5
a100-llm-02:1046878:1047074 [0] NCCL INFO AIMD[883]: Congestion (RTT=1071.3 > 108.0), LIW 299.0 -> 149.5
a100-llm-02:1046878:1047074 [0] NCCL INFO AIMD[885]: Congestion (RTT=741.5 > 114.0), LIW 299.0 -> 149.5
a100-llm-02:1046878:1047074 [0] NCCL INFO AIMD[895]: Congestion (RTT=743.8 > 114.0), LIW 299.0 -> 149.5
a100-llm-02:1046878:1047074 [0] NCCL INFO AIMD[895]: Congestion (RTT=2110.0 > 114.0), LIW 294.0 -> 147.0
a100-llm-02:1046878:1047070 [0] NCCL INFO AIMD[900]: Congestion (RTT=5003.9 > 102.0), LIW 299.0 -> 149.5
a100-llm-02:1046878:1047070 [0] NCCL INFO AIMD[900]: Congestion (RTT=5535.3 > 105.0), LIW 299.0 -> 149.5
a100-llm-02:1046878:1047070 [0] NCCL INFO AIMD[909]: Congestion (RTT=285.9 > 114.0), LIW 102.0 -> 51.0
a100-llm-02:1046878:1047070 [0] NCCL INFO AIMD[909]: Congestion (RTT=16791.0 > 99.0), LIW 288.0 -> 144.0
a100-llm-02:1046878:1047070 [0] NCCL INFO AIMD[915]: Congestion (RTT=7798.0 > 108.0), LIW 299.0 -> 149.5
a100-llm-02:1046878:1047076 [0] NCCL INFO AIMD[918]: Congestion (RTT=339.5 > 105.0), LIW 296.0 -> 148.0
a100-llm-02:1046878:1047070 [0] NCCL INFO AIMD[916]: Congestion (RTT=16793.0 > 102.0), LIW 299.0 -> 149.5
a100-llm-02:1046878:1047070 [0] NCCL INFO AIMD[915]: Congestion (RTT=7778.0 > 105.0), LIW 299.0 -> 149.5
a100-llm-02:1046878:1047076 [0] NCCL INFO AIMD[914]: Congestion (RTT=8936.0 > 102.0), LIW 299.0 -> 149.5
a100-llm-02:1046878:1047070 [0] NCCL INFO AIMD[931]: Congestion (RTT=2158.0 > 105.0), LIW 299.0 -> 149.5
a100-llm-02:1046878:1047070 [0] NCCL INFO AIMD[928]: Congestion (RTT=12344.0 > 105.0), LIW 291.0 -> 145.5
a100-llm-02:1046878:1047070 [0] NCCL INFO AIMD[925]: Congestion (RTT=10397.0 > 102.0), LIW 299.0 -> 149.5
a100-llm-02:1046878:1047070 [0] NCCL INFO AIMD[933]: Congestion (RTT=10386.0 > 108.0), LIW 204.0 -> 102.0
a100-llm-02:1046878:1047070 [0] NCCL INFO AIMD[937]: Congestion (RTT=742.0 > 114.0), LIW 204.0 -> 102.0
a100-llm-02:1046878:1047070 [0] NCCL INFO AIMD[937]: Congestion (RTT=744.0 > 114.0), LIW 204.0 -> 102.0
a100-llm-02:1046878:1047070 [0] NCCL INFO AIMD[937]: Congestion (RTT=2110.0 > 114.0), LIW 291.0 -> 145.5
a100-llm-02:1046878:1047075 [0] NCCL INFO AIMD[940]: Congestion (RTT=6024.0 > 102.0), LIW 299.0 -> 149.5
a100-llm-02:1046878:1047070 [0] NCCL INFO AIMD[940]: Congestion (RTT=6042.0 > 105.0), LIW 149.0 -> 74.5
a100-llm-02:1046878:1047070 [0] NCCL INFO AIMD[951]: Congestion (RTT=3954.9 > 114.0), LIW 299.0 -> 149.5
a100-llm-02:1046878:1047070 [0] NCCL INFO AIMD[951]: Congestion (RTT=16791.0 > 99.0), LIW 299.0 -> 149.5
a100-llm-02:1046878:1047070 [0] NCCL INFO AIMD[965]: Congestion (RTT=7798.0 > 108.0), LIW 299.0 -> 149.5
a100-llm-02:1046878:1047073 [0] NCCL INFO AIMD[965]: Congestion (RTT=4012.5 > 105.0), LIW 284.0 -> 142.0
a100-llm-02:1046878:1047073 [0] NCCL INFO AIMD[965]: Congestion (RTT=16793.0 > 102.0), LIW 299.0 -> 149.5
a100-llm-02:1046878:1047073 [0] NCCL INFO AIMD[965]: Congestion (RTT=7778.0 > 105.0), LIW 299.0 -> 149.5
a100-llm-02:1046878:1047073 [0] NCCL INFO AIMD[965]: Congestion (RTT=8936.0 > 102.0), LIW 299.0 -> 149.5
a100-llm-02:1046878:1047076 [0] NCCL INFO AIMD[970]: Congestion (RTT=12344.0 > 105.0), LIW 299.0 -> 149.5
a100-llm-02:1046878:1047076 [0] NCCL INFO AIMD[975]: Congestion (RTT=10408.0 > 102.0), LIW 260.0 -> 130.0
a100-llm-02:1046878:1047076 [0] NCCL INFO AIMD[973]: Congestion (RTT=2158.0 > 105.0), LIW 299.0 -> 149.5
a100-llm-02:1046878:1047076 [0] NCCL INFO AIMD[975]: Congestion (RTT=10394.0 > 108.0), LIW 299.0 -> 149.5
a100-llm-02:1046878:1047076 [0] NCCL INFO AIMD[979]: Congestion (RTT=742.0 > 114.0), LIW 296.0 -> 148.0
a100-llm-02:1046878:1047076 [0] NCCL INFO AIMD[979]: Congestion (RTT=744.0 > 114.0), LIW 296.0 -> 148.0
a100-llm-02:1046878:1047076 [0] NCCL INFO AIMD[979]: Congestion (RTT=2110.0 > 114.0), LIW 299.0 -> 149.5
a100-llm-02:1046878:1047075 [0] NCCL INFO AIMD[980]: Congestion (RTT=7015.9 > 102.0), LIW 299.0 -> 149.5
a100-llm-02:1046878:1047075 [0] NCCL INFO AIMD[980]: Congestion (RTT=7002.9 > 105.0), LIW 299.0 -> 149.5
a100-llm-02:1046878:1047076 [0] NCCL INFO AIMD[983]: Congestion (RTT=4014.0 > 114.0), LIW 299.0 -> 149.5
a100-llm-02:1046878:1047076 [0] NCCL INFO AIMD[986]: Congestion (RTT=16791.0 > 99.0), LIW 266.0 -> 133.0
a100-llm-02:1046878:1047070 [0] NCCL INFO AIMD[993]: Congestion (RTT=4015.0 > 105.0), LIW 299.0 -> 149.5
a100-llm-02:1046878:1047076 [0] NCCL INFO AIMD[993]: Congestion (RTT=7798.0 > 108.0), LIW 299.0 -> 149.5
a100-llm-02:1046878:1047070 [0] NCCL INFO AIMD[993]: Congestion (RTT=16793.0 > 102.0), LIW 299.0 -> 149.5
a100-llm-02:1046878:1047076 [0] NCCL INFO AIMD[993]: Congestion (RTT=7778.0 > 105.0), LIW 299.0 -> 149.5
a100-llm-02:1046878:1047076 [0] NCCL INFO AIMD[993]: Congestion (RTT=8936.0 > 102.0), LIW 299.0 -> 149.5
a100-llm-02:1046878:1047071 [0] NCCL INFO AIMD[1001]: Congestion (RTT=12344.0 > 105.0), LIW 18.0 -> 16.0
a100-llm-02:1046878:1047073 [0] NCCL INFO AIMD[1007]: Congestion (RTT=10408.0 > 102.0), LIW 16.0 -> 16.0
a100-llm-02:1046878:1047073 [0] NCCL INFO AIMD[1007]: Congestion (RTT=2158.0 > 105.0), LIW 16.0 -> 16.0
a100-llm-02:1046878:1047073 [0] NCCL INFO AIMD[1009]: Congestion (RTT=10394.0 > 108.0), LIW 16.0 -> 16.0
a100-llm-02:1046878:1047073 [0] NCCL INFO AIMD[1011]: Congestion (RTT=874.5 > 114.0), LIW 299.0 -> 149.5
a100-llm-02:1046878:1047073 [0] NCCL INFO AIMD[1011]: Congestion (RTT=866.2 > 114.0), LIW 299.0 -> 149.5
a100-llm-02:1046878:1047071 [0] NCCL INFO AIMD[1021]: Congestion (RTT=2110.0 > 114.0), LIW 183.0 -> 91.5
a100-llm-02:1046878:1047071 [0] NCCL INFO AIMD[1024]: Congestion (RTT=7016.0 > 102.0), LIW 299.0 -> 149.5
a100-llm-02:1046878:1047071 [0] NCCL INFO AIMD[1024]: Congestion (RTT=7003.0 > 105.0), LIW 299.0 -> 149.5
[AIMD] FinalizeChunkRTT: cc=0x7f52cc134c60 slot=2 inflight_before=1
a100-llm-02:1046878:1047073 [0] NCCL INFO AIMD[1034]: Congestion (RTT=4014.0 > 114.0), LIW 299.0 -> 149.5
a100-llm-02:1046878:1047073 [0] NCCL INFO AIMD[1035]: Congestion (RTT=16791.0 > 99.0), LIW 299.0 -> 149.5
a100-llm-02:1046878:1047070 [0] NCCL INFO AIMD[1041]: Congestion (RTT=7798.0 > 108.0), LIW 299.0 -> 149.5
a100-llm-02:1046878:1047074 [0] NCCL INFO AIMD[1043]: Congestion (RTT=4015.0 > 105.0), LIW 214.0 -> 107.0
a100-llm-02:1046878:1047070 [0] NCCL INFO AIMD[1042]: Congestion (RTT=16793.0 > 102.0), LIW 299.0 -> 149.5
a100-llm-02:1046878:1047070 [0] NCCL INFO AIMD[1049]: Congestion (RTT=7778.0 > 105.0), LIW 276.0 -> 138.0
a100-llm-02:1046878:1047071 [0] NCCL INFO AIMD[1049]: Congestion (RTT=8936.0 > 102.0), LIW 299.0 -> 149.5
a100-llm-02:1046878:1047071 [0] NCCL INFO AIMD[1049]: Congestion (RTT=12344.0 > 105.0), LIW 299.0 -> 149.5
a100-llm-02:1046878:1047070 [0] NCCL INFO AIMD[1052]: Congestion (RTT=2158.0 > 105.0), LIW 299.0 -> 149.5
a100-llm-02:1046878:1047070 [0] NCCL INFO AIMD[1051]: Congestion (RTT=10408.0 > 102.0), LIW 299.0 -> 149.5
a100-llm-02:1046878:1047070 [0] NCCL INFO AIMD[1059]: Congestion (RTT=10394.0 > 108.0), LIW 204.0 -> 102.0
a100-llm-02:1046878:1047071 [0] NCCL INFO AIMD[1053]: Congestion (RTT=919.0 > 114.0), LIW 298.0 -> 149.0
a100-llm-02:1046878:1047071 [0] NCCL INFO AIMD[1053]: Congestion (RTT=903.0 > 114.0), LIW 299.0 -> 149.5
a100-llm-02:1046878:1047070 [0] NCCL INFO AIMD[1063]: Congestion (RTT=2110.0 > 114.0), LIW 291.0 -> 145.5
a100-llm-02:1046878:1047070 [0] NCCL INFO AIMD[1077]: Congestion (RTT=7016.0 > 102.0), LIW 276.0 -> 138.0
a100-llm-02:1046878:1047070 [0] NCCL INFO AIMD[1077]: Congestion (RTT=7003.0 > 105.0), LIW 291.0 -> 145.5
a100-llm-02:1046878:1047070 [0] NCCL INFO AIMD[1078]: Congestion (RTT=4894.0 > 114.0), LIW 299.0 -> 149.5
a100-llm-02:1046878:1047075 [0] NCCL INFO AIMD[1079]: Congestion (RTT=16791.0 > 99.0), LIW 274.0 -> 137.0
a100-llm-02:1046878:1047073 [0] NCCL INFO AIMD[1097]: Congestion (RTT=7798.0 > 108.0), LIW 291.0 -> 145.5
a100-llm-02:1046878:1047071 [0] NCCL INFO AIMD[1100]: Congestion (RTT=4907.3 > 105.0), LIW 214.0 -> 107.0
a100-llm-02:1046878:1047073 [0] NCCL INFO AIMD[1105]: Congestion (RTT=16793.0 > 102.0), LIW 299.0 -> 149.5
a100-llm-02:1046878:1047073 [0] NCCL INFO AIMD[1105]: Congestion (RTT=7778.0 > 105.0), LIW 296.0 -> 148.0
a100-llm-02:1046878:1047073 [0] NCCL INFO AIMD[1110]: Congestion (RTT=8936.0 > 102.0), LIW 294.0 -> 147.0
a100-llm-02:1046878:1047071 [0] NCCL INFO AIMD[1119]: Congestion (RTT=2158.0 > 105.0), LIW 291.0 -> 145.5
a100-llm-02:1046878:1047073 [0] NCCL INFO AIMD[1119]: Congestion (RTT=12344.0 > 105.0), LIW 299.0 -> 149.5
a100-llm-02:1046878:1047073 [0] NCCL INFO AIMD[1119]: Congestion (RTT=10408.0 > 102.0), LIW 299.0 -> 149.5
a100-llm-02:1046878:1047073 [0] NCCL INFO AIMD[1119]: Congestion (RTT=10394.0 > 108.0), LIW 299.0 -> 149.5
a100-llm-02:1046878:1047073 [0] NCCL INFO AIMD[1123]: Congestion (RTT=1245.0 > 114.0), LIW 276.0 -> 138.0
a100-llm-02:1046878:1047073 [0] NCCL INFO AIMD[1123]: Congestion (RTT=1221.0 > 114.0), LIW 276.0 -> 138.0
a100-llm-02:1046878:1047070 [0] NCCL INFO AIMD[1122]: Congestion (RTT=2110.0 > 114.0), LIW 221.0 -> 110.5
a100-llm-02:1046878:1047076 [0] NCCL INFO AIMD[1134]: Congestion (RTT=7016.0 > 102.0), LIW 299.0 -> 149.5
a100-llm-02:1046878:1047076 [0] NCCL INFO AIMD[1134]: Congestion (RTT=7003.0 > 105.0), LIW 299.0 -> 149.5
a100-llm-02:1046878:1047070 [0] NCCL INFO AIMD[1134]: Congestion (RTT=4933.0 > 114.0), LIW 299.0 -> 149.5
a100-llm-02:1046878:1047070 [0] NCCL INFO AIMD[1140]: Congestion (RTT=16791.0 > 99.0), LIW 299.0 -> 149.5
a100-llm-02:1046878:1047070 [0] NCCL INFO AIMD[1147]: Congestion (RTT=7798.0 > 108.0), LIW 298.0 -> 149.0
a100-llm-02:1046878:1047070 [0] NCCL INFO AIMD[1148]: Congestion (RTT=4910.0 > 105.0), LIW 299.0 -> 149.5
a100-llm-02:1046878:1047070 [0] NCCL INFO AIMD[1154]: Congestion (RTT=16793.0 > 102.0), LIW 204.0 -> 102.0
a100-llm-02:1046878:1047070 [0] NCCL INFO AIMD[1161]: Congestion (RTT=7778.0 > 105.0), LIW 298.0 -> 149.0
a100-llm-02:1046878:1047070 [0] NCCL INFO AIMD[1161]: Congestion (RTT=8936.0 > 102.0), LIW 299.0 -> 149.5
a100-llm-02:1046878:1047069 [0] NCCL INFO AIMD[1161]: Congestion (RTT=2158.0 > 105.0), LIW 268.0 -> 134.0
a100-llm-02:1046878:1047070 [0] NCCL INFO AIMD[1161]: Congestion (RTT=12344.0 > 105.0), LIW 148.0 -> 74.0
a100-llm-02:1046878:1047071 [0] NCCL INFO AIMD[1171]: Congestion (RTT=10408.0 > 102.0), LIW 296.0 -> 148.0
a100-llm-02:1046878:1047073 [0] NCCL INFO AIMD[1175]: Congestion (RTT=10394.0 > 108.0), LIW 204.0 -> 102.0
a100-llm-02:1046878:1047070 [0] NCCL INFO AIMD[1176]: Congestion (RTT=1245.0 > 114.0), LIW 296.0 -> 148.0
a100-llm-02:1046878:1047073 [0] NCCL INFO AIMD[1176]: Congestion (RTT=1221.0 > 114.0), LIW 296.0 -> 148.0
a100-llm-02:1046878:1047073 [0] NCCL INFO AIMD[1175]: Congestion (RTT=2110.0 > 114.0), LIW 148.0 -> 74.0
a100-llm-02:1046878:1047076 [0] NCCL INFO AIMD[1190]: Congestion (RTT=7016.0 > 102.0), LIW 255.0 -> 127.5
a100-llm-02:1046878:1047075 [0] NCCL INFO AIMD[1192]: Congestion (RTT=7003.0 > 105.0), LIW 299.0 -> 149.5
a100-llm-02:1046878:1047072 [0] NCCL INFO AIMD[1196]: Congestion (RTT=16791.0 > 99.0), LIW 284.0 -> 142.0
a100-llm-02:1046878:1047075 [0] NCCL INFO AIMD[1203]: Congestion (RTT=4933.0 > 114.0), LIW 299.0 -> 149.5
a100-llm-02:1046878:1047074 [0] NCCL INFO AIMD[1203]: Congestion (RTT=7798.0 > 108.0), LIW 253.0 -> 126.5
a100-llm-02:1046878:1047076 [0] NCCL INFO AIMD[1204]: Congestion (RTT=4910.0 > 105.0), LIW 299.0 -> 149.5
a100-llm-02:1046878:1047072 [0] NCCL INFO AIMD[1207]: Congestion (RTT=16793.0 > 102.0), LIW 213.0 -> 106.5
a100-llm-02:1046878:1047075 [0] NCCL INFO AIMD[1208]: Congestion (RTT=9010.9 > 102.0), LIW 299.0 -> 149.5
a100-llm-02:1046878:1047075 [0] NCCL INFO AIMD[1209]: Congestion (RTT=7778.0 > 105.0), LIW 279.0 -> 139.5
a100-llm-02:1046878:1047076 [0] NCCL INFO AIMD[1217]: Congestion (RTT=2158.0 > 105.0), LIW 294.0 -> 147.0
a100-llm-02:1046878:1047072 [0] NCCL INFO AIMD[1217]: Congestion (RTT=12344.0 > 105.0), LIW 149.0 -> 74.5
a100-llm-02:1046878:1047074 [0] NCCL INFO AIMD[1219]: Congestion (RTT=10408.0 > 102.0), LIW 298.0 -> 149.0
a100-llm-02:1046878:1047075 [0] NCCL INFO AIMD[1219]: Congestion (RTT=10394.0 > 108.0), LIW 142.0 -> 71.0
a100-llm-02:1046878:1047072 [0] NCCL INFO AIMD[1225]: Congestion (RTT=2110.0 > 114.0), LIW 299.0 -> 149.5
a100-llm-02:1046878:1047072 [0] NCCL INFO AIMD[1221]: Congestion (RTT=1221.0 > 114.0), LIW 299.0 -> 149.5
a100-llm-02:1046878:1047072 [0] NCCL INFO AIMD[1229]: Congestion (RTT=1245.0 > 114.0), LIW 272.0 -> 136.0
a100-llm-02:1046878:1047072 [0] NCCL INFO AIMD[1232]: Congestion (RTT=7003.0 > 105.0), LIW 299.0 -> 149.5
a100-llm-02:1046878:1047076 [0] NCCL INFO AIMD[1234]: Congestion (RTT=7016.0 > 102.0), LIW 299.0 -> 149.5
a100-llm-02:1046878:1047071 [0] NCCL INFO AIMD[1238]: Congestion (RTT=16791.0 > 99.0), LIW 284.0 -> 142.0
a100-llm-02:1046878:1047073 [0] NCCL INFO AIMD[1237]: Congestion (RTT=7798.0 > 108.0), LIW 283.0 -> 141.5
a100-llm-02:1046878:1047072 [0] NCCL INFO AIMD[1240]: Congestion (RTT=4933.0 > 114.0), LIW 298.0 -> 149.0
a100-llm-02:1046878:1047074 [0] NCCL INFO AIMD[1245]: Congestion (RTT=4910.0 > 105.0), LIW 299.0 -> 149.5
a100-llm-02:1046878:1047074 [0] NCCL INFO AIMD[1245]: Congestion (RTT=9012.0 > 102.0), LIW 299.0 -> 149.5
a100-llm-02:1046878:1047074 [0] NCCL INFO AIMD[1245]: Congestion (RTT=16793.0 > 102.0), LIW 299.0 -> 149.5
a100-llm-02:1046878:1047074 [0] NCCL INFO AIMD[1245]: Congestion (RTT=2158.0 > 105.0), LIW 299.0 -> 149.5
a100-llm-02:1046878:1047074 [0] NCCL INFO AIMD[1245]: Congestion (RTT=7778.0 > 105.0), LIW 299.0 -> 149.5
a100-llm-02:1046878:1047069 [0] NCCL INFO AIMD[1247]: Congestion (RTT=10408.0 > 102.0), LIW 299.0 -> 149.5
a100-llm-02:1046878:1047069 [0] NCCL INFO AIMD[1245]: Congestion (RTT=12344.0 > 105.0), LIW 299.0 -> 149.5
a100-llm-02:1046878:1047074 [0] NCCL INFO AIMD[1247]: Congestion (RTT=10394.0 > 108.0), LIW 299.0 -> 149.5
a100-llm-02:1046878:1047074 [0] NCCL INFO AIMD[1253]: Congestion (RTT=2110.0 > 114.0), LIW 296.0 -> 148.0
a100-llm-02:1046878:1047074 [0] NCCL INFO AIMD[1249]: Congestion (RTT=1221.0 > 114.0), LIW 299.0 -> 149.5
a100-llm-02:1046878:1047074 [0] NCCL INFO AIMD[1249]: Congestion (RTT=1245.0 > 114.0), LIW 299.0 -> 149.5
a100-llm-02:1046878:1047074 [0] NCCL INFO AIMD[1263]: Congestion (RTT=7003.0 > 105.0), LIW 204.0 -> 102.0
a100-llm-02:1046878:1047074 [0] NCCL INFO AIMD[1265]: Congestion (RTT=7016.0 > 102.0), LIW 204.0 -> 102.0
a100-llm-02:1046878:1047075 [0] NCCL INFO AIMD[1279]: Congestion (RTT=16791.0 > 99.0), LIW 204.0 -> 102.0
a100-llm-02:1046878:1047074 [0] NCCL INFO AIMD[1279]: Congestion (RTT=7798.0 > 108.0), LIW 128.0 -> 64.0
a100-llm-02:1046878:1047074 [0] NCCL INFO AIMD[1287]: Congestion (RTT=4933.0 > 114.0), LIW 204.0 -> 102.0
a100-llm-02:1046878:1047074 [0] NCCL INFO AIMD[1288]: Congestion (RTT=4910.0 > 105.0), LIW 222.0 -> 111.0
