a100-llm-02:1031229:1031456 [4] NCCL INFO Connected to proxy localRank 0 -> connection 0x7f1cd8000d88
a100-llm-02:1031229:1031456 [4] NCCL INFO Channel 01/0 : 3[3] -> 4[4] [receive] via NET/IB/11/GDRDMA
a100-llm-02:1031229:1031456 [4] NCCL INFO GPU Direct RDMA Enabled for GPU/0-1036368 (rank 4) - NET/0-11 (distance 5 <= 6, read 1, mode Default)
a100-llm-02:1031229:1031449 [4] NCCL INFO New proxy send connection 2 from local rank 0, transport 2
a100-llm-02:1031229:1031456 [4] NCCL INFO Connected to proxy localRank 0 -> connection 0x7f1cd8000e00
a100-llm-02:1031229:1031456 [4] NCCL INFO Channel 00/0 : 4[4] -> 5[5] [send] via NET/IB/11/GDRDMA
a100-llm-02:1031229:1031456 [4] NCCL INFO GPU Direct RDMA Enabled for GPU/0-1036368 (rank 4) - NET/0-11 (distance 5 <= 6, read 1, mode Default)
a100-llm-02:1031229:1031449 [4] NCCL INFO New proxy send connection 3 from local rank 0, transport 2
a100-llm-02:1031229:1031456 [4] NCCL INFO Connected to proxy localRank 0 -> connection 0x7f1cd8000e78
a100-llm-02:1031229:1031456 [4] NCCL INFO Channel 01/0 : 4[4] -> 5[5] [send] via NET/IB/11/GDRDMA
a100-llm-02:1031229:1031439 [1] NCCL INFO New proxy recv connection 0 from local rank 0, transport 2
a100-llm-02:1031229:1031451 [5] NCCL INFO New proxy recv connection 0 from local rank 0, transport 2
a100-llm-02:1031229:1031455 [5] NCCL INFO Connected to proxy localRank 0 -> connection 0x7f1cd4009da0
a100-llm-02:1031229:1031459 [1] NCCL INFO Connected to proxy localRank 0 -> connection 0x7f1ce0000d10
a100-llm-02:1031229:1031455 [5] NCCL INFO Channel 00/0 : 4[4] -> 5[5] [receive] via NET/IB/11/GDRDMA
a100-llm-02:1031229:1031455 [5] NCCL INFO GPU Direct RDMA Enabled for GPU/0-1036384 (rank 5) - NET/0-11 (distance 5 <= 6, read 0, mode Default)
a100-llm-02:1031229:1031451 [5] NCCL INFO New proxy recv connection 1 from local rank 0, transport 2
a100-llm-02:1031229:1031455 [5] NCCL INFO Connected to proxy localRank 0 -> connection 0x7f1cd4009e18
a100-llm-02:1031229:1031455 [5] NCCL INFO Channel 01/0 : 4[4] -> 5[5] [receive] via NET/IB/11/GDRDMA
a100-llm-02:1031229:1031455 [5] NCCL INFO GPU Direct RDMA Enabled for GPU/0-1036384 (rank 5) - NET/0-11 (distance 5 <= 6, read 1, mode Default)
a100-llm-02:1031229:1031451 [5] NCCL INFO New proxy send connection 2 from local rank 0, transport 2
a100-llm-02:1031229:1031455 [5] NCCL INFO Connected to proxy localRank 0 -> connection 0x7f1cd4009e90
a100-llm-02:1031229:1031455 [5] NCCL INFO Channel 00/0 : 5[5] -> 6[6] [send] via NET/IB/11/GDRDMA
a100-llm-02:1031229:1031455 [5] NCCL INFO GPU Direct RDMA Enabled for GPU/0-1036384 (rank 5) - NET/0-11 (distance 5 <= 6, read 1, mode Default)
a100-llm-02:1031229:1031451 [5] NCCL INFO New proxy send connection 3 from local rank 0, transport 2
a100-llm-02:1031229:1031455 [5] NCCL INFO Connected to proxy localRank 0 -> connection 0x7f1cd4009f08
a100-llm-02:1031229:1031455 [5] NCCL INFO Channel 01/0 : 5[5] -> 6[6] [send] via NET/IB/11/GDRDMA
a100-llm-02:1031229:1031447 [7] NCCL INFO New proxy recv connection 0 from local rank 0, transport 2
a100-llm-02:1031229:1031453 [7] NCCL INFO Connected to proxy localRank 0 -> connection 0x7f1cd0009e10
a100-llm-02:1031229:1031459 [1] NCCL INFO Channel 00/0 : 0[0] -> 1[1] [receive] via NET/IB/9/GDRDMA
a100-llm-02:1031229:1031459 [1] NCCL INFO GPU Direct RDMA Enabled for GPU/0-1020000 (rank 1) - NET/0-9 (distance 5 <= 6, read 0, mode Default)
a100-llm-02:1031229:1031453 [7] NCCL INFO Channel 00/0 : 6[6] -> 7[7] [receive] via NET/IB/12/GDRDMA
a100-llm-02:1031229:1031453 [7] NCCL INFO GPU Direct RDMA Enabled for GPU/0-1044576 (rank 7) - NET/0-12 (distance 5 <= 6, read 0, mode Default)
a100-llm-02:1031229:1031443 [0] NCCL INFO New proxy recv connection 0 from local rank 0, transport 2
a100-llm-02:1031229:1031441 [6] NCCL INFO New proxy recv connection 0 from local rank 0, transport 2
a100-llm-02:1031229:1031454 [6] NCCL INFO Connected to proxy localRank 0 -> connection 0x560b2391b480
a100-llm-02:1031229:1031437 [2] NCCL INFO New proxy recv connection 0 from local rank 0, transport 2
a100-llm-02:1031229:1031454 [6] NCCL INFO Channel 00/0 : 5[5] -> 6[6] [receive] via NET/IB/12/GDRDMA
a100-llm-02:1031229:1031454 [6] NCCL INFO GPU Direct RDMA Enabled for GPU/0-1044560 (rank 6) - NET/0-12 (distance 5 <= 6, read 0, mode Default)
a100-llm-02:1031229:1031441 [6] NCCL INFO New proxy recv connection 1 from local rank 0, transport 2
a100-llm-02:1031229:1031454 [6] NCCL INFO Connected to proxy localRank 0 -> connection 0x560b2391b4f8
a100-llm-02:1031229:1031454 [6] NCCL INFO Channel 01/0 : 5[5] -> 6[6] [receive] via NET/IB/12/GDRDMA
a100-llm-02:1031229:1031445 [3] NCCL INFO New proxy recv connection 0 from local rank 0, transport 2
a100-llm-02:1031229:1031454 [6] NCCL INFO GPU Direct RDMA Enabled for GPU/0-1044560 (rank 6) - NET/0-12 (distance 5 <= 6, read 1, mode Default)
a100-llm-02:1031229:1031457 [3] NCCL INFO Connected to proxy localRank 0 -> connection 0x7f1ce4000d10
a100-llm-02:1031229:1031457 [3] NCCL INFO Channel 00/0 : 2[2] -> 3[3] [receive] via NET/IB/10/GDRDMA
a100-llm-02:1031229:1031457 [3] NCCL INFO GPU Direct RDMA Enabled for GPU/0-1028192 (rank 3) - NET/0-10 (distance 5 <= 6, read 0, mode Default)
a100-llm-02:1031229:1031445 [3] NCCL INFO New proxy recv connection 1 from local rank 0, transport 2
a100-llm-02:1031229:1031457 [3] NCCL INFO Connected to proxy localRank 0 -> connection 0x7f1ce4000d88
a100-llm-02:1031229:1031457 [3] NCCL INFO Channel 01/0 : 2[2] -> 3[3] [receive] via NET/IB/10/GDRDMA
a100-llm-02:1031229:1031457 [3] NCCL INFO GPU Direct RDMA Enabled for GPU/0-1028192 (rank 3) - NET/0-10 (distance 5 <= 6, read 1, mode Default)
a100-llm-02:1031229:1031445 [3] NCCL INFO New proxy send connection 2 from local rank 0, transport 2
a100-llm-02:1031229:1031457 [3] NCCL INFO Connected to proxy localRank 0 -> connection 0x7f1ce4000e00
a100-llm-02:1031229:1031457 [3] NCCL INFO Channel 00/0 : 3[3] -> 4[4] [send] via NET/IB/10/GDRDMA
a100-llm-02:1031229:1031457 [3] NCCL INFO GPU Direct RDMA Enabled for GPU/0-1028192 (rank 3) - NET/0-10 (distance 5 <= 6, read 1, mode Default)
a100-llm-02:1031229:1031458 [2] NCCL INFO Connected to proxy localRank 0 -> connection 0x7f1cf4000d10
a100-llm-02:1031229:1031445 [3] NCCL INFO New proxy send connection 3 from local rank 0, transport 2
a100-llm-02:1031229:1031441 [6] NCCL INFO New proxy send connection 2 from local rank 0, transport 2
a100-llm-02:1031229:1031454 [6] NCCL INFO Connected to proxy localRank 0 -> connection 0x560b2391b570
a100-llm-02:1031229:1031454 [6] NCCL INFO Channel 00/0 : 6[6] -> 7[7] [send] via NET/IB/12/GDRDMA
a100-llm-02:1031229:1031454 [6] NCCL INFO GPU Direct RDMA Enabled for GPU/0-1044560 (rank 6) - NET/0-12 (distance 5 <= 6, read 1, mode Default)
a100-llm-02:1031229:1031441 [6] NCCL INFO New proxy send connection 3 from local rank 0, transport 2
a100-llm-02:1031229:1031454 [6] NCCL INFO Connected to proxy localRank 0 -> connection 0x560b2391b5e8
a100-llm-02:1031229:1031454 [6] NCCL INFO Channel 01/0 : 6[6] -> 7[7] [send] via NET/IB/12/GDRDMA
a100-llm-02:1031229:1031460 [0] NCCL INFO Connected to proxy localRank 0 -> connection 0x7f1d34000d10
a100-llm-02:1031229:1031460 [0] NCCL INFO Channel 00/0 : 7[7] -> 0[0] [receive] via NET/IB/9/GDRDMA
a100-llm-02:1031229:1031460 [0] NCCL INFO GPU Direct RDMA Enabled for GPU/0-1019984 (rank 0) - NET/0-9 (distance 5 <= 6, read 0, mode Default)
a100-llm-02:1031229:1031443 [0] NCCL INFO New proxy recv connection 1 from local rank 0, transport 2
a100-llm-02:1031229:1031460 [0] NCCL INFO Connected to proxy localRank 0 -> connection 0x7f1d34000d88
a100-llm-02:1031229:1031460 [0] NCCL INFO Channel 01/0 : 7[7] -> 0[0] [receive] via NET/IB/9/GDRDMA
a100-llm-02:1031229:1031460 [0] NCCL INFO GPU Direct RDMA Enabled for GPU/0-1019984 (rank 0) - NET/0-9 (distance 5 <= 6, read 1, mode Default)
a100-llm-02:1031229:1031443 [0] NCCL INFO New proxy send connection 2 from local rank 0, transport 2
a100-llm-02:1031229:1031460 [0] NCCL INFO Connected to proxy localRank 0 -> connection 0x7f1d34000e00
a100-llm-02:1031229:1031460 [0] NCCL INFO Channel 00/0 : 0[0] -> 1[1] [send] via NET/IB/9/GDRDMA
a100-llm-02:1031229:1031460 [0] NCCL INFO GPU Direct RDMA Enabled for GPU/0-1019984 (rank 0) - NET/0-9 (distance 5 <= 6, read 1, mode Default)
a100-llm-02:1031229:1031443 [0] NCCL INFO New proxy send connection 3 from local rank 0, transport 2
a100-llm-02:1031229:1031460 [0] NCCL INFO Connected to proxy localRank 0 -> connection 0x7f1d34000e78
a100-llm-02:1031229:1031460 [0] NCCL INFO Channel 01/0 : 0[0] -> 1[1] [send] via NET/IB/9/GDRDMA
a100-llm-02:1031229:1031439 [1] NCCL INFO New proxy recv connection 1 from local rank 0, transport 2
a100-llm-02:1031229:1031459 [1] NCCL INFO Connected to proxy localRank 0 -> connection 0x7f1ce0000d88
a100-llm-02:1031229:1031459 [1] NCCL INFO Channel 01/0 : 0[0] -> 1[1] [receive] via NET/IB/9/GDRDMA
a100-llm-02:1031229:1031459 [1] NCCL INFO GPU Direct RDMA Enabled for GPU/0-1020000 (rank 1) - NET/0-9 (distance 5 <= 6, read 1, mode Default)
a100-llm-02:1031229:1031439 [1] NCCL INFO New proxy send connection 2 from local rank 0, transport 2
a100-llm-02:1031229:1031459 [1] NCCL INFO Connected to proxy localRank 0 -> connection 0x7f1ce0000e00
a100-llm-02:1031229:1031459 [1] NCCL INFO Channel 00/0 : 1[1] -> 2[2] [send] via NET/IB/9/GDRDMA
a100-llm-02:1031229:1031459 [1] NCCL INFO GPU Direct RDMA Enabled for GPU/0-1020000 (rank 1) - NET/0-9 (distance 5 <= 6, read 1, mode Default)
a100-llm-02:1031229:1031439 [1] NCCL INFO New proxy send connection 3 from local rank 0, transport 2
a100-llm-02:1031229:1031459 [1] NCCL INFO Connected to proxy localRank 0 -> connection 0x7f1ce0000e78
a100-llm-02:1031229:1031459 [1] NCCL INFO Channel 01/0 : 1[1] -> 2[2] [send] via NET/IB/9/GDRDMA
a100-llm-02:1031229:1031447 [7] NCCL INFO New proxy recv connection 1 from local rank 0, transport 2
a100-llm-02:1031229:1031457 [3] NCCL INFO Connected to proxy localRank 0 -> connection 0x7f1ce4000e78
a100-llm-02:1031229:1031457 [3] NCCL INFO Channel 01/0 : 3[3] -> 4[4] [send] via NET/IB/10/GDRDMA
a100-llm-02:1031229:1031458 [2] NCCL INFO Channel 00/0 : 1[1] -> 2[2] [receive] via NET/IB/10/GDRDMA
a100-llm-02:1031229:1031458 [2] NCCL INFO GPU Direct RDMA Enabled for GPU/0-1028176 (rank 2) - NET/0-10 (distance 5 <= 6, read 0, mode Default)
a100-llm-02:1031229:1031437 [2] NCCL INFO New proxy recv connection 1 from local rank 0, transport 2
a100-llm-02:1031229:1031458 [2] NCCL INFO Connected to proxy localRank 0 -> connection 0x7f1cf4000d88
a100-llm-02:1031229:1031458 [2] NCCL INFO Channel 01/0 : 1[1] -> 2[2] [receive] via NET/IB/10/GDRDMA
a100-llm-02:1031229:1031458 [2] NCCL INFO GPU Direct RDMA Enabled for GPU/0-1028176 (rank 2) - NET/0-10 (distance 5 <= 6, read 1, mode Default)
a100-llm-02:1031229:1031437 [2] NCCL INFO New proxy send connection 2 from local rank 0, transport 2
a100-llm-02:1031229:1031453 [7] NCCL INFO Connected to proxy localRank 0 -> connection 0x7f1cd0009e88
a100-llm-02:1031229:1031458 [2] NCCL INFO Connected to proxy localRank 0 -> connection 0x7f1cf4000e00
a100-llm-02:1031229:1031453 [7] NCCL INFO Channel 01/0 : 6[6] -> 7[7] [receive] via NET/IB/12/GDRDMA
a100-llm-02:1031229:1031453 [7] NCCL INFO GPU Direct RDMA Enabled for GPU/0-1044576 (rank 7) - NET/0-12 (distance 5 <= 6, read 1, mode Default)
a100-llm-02:1031229:1031458 [2] NCCL INFO Channel 00/0 : 2[2] -> 3[3] [send] via NET/IB/10/GDRDMA
a100-llm-02:1031229:1031458 [2] NCCL INFO GPU Direct RDMA Enabled for GPU/0-1028176 (rank 2) - NET/0-10 (distance 5 <= 6, read 1, mode Default)
a100-llm-02:1031229:1031437 [2] NCCL INFO New proxy send connection 3 from local rank 0, transport 2
a100-llm-02:1031229:1031458 [2] NCCL INFO Connected to proxy localRank 0 -> connection 0x7f1cf4000e78
a100-llm-02:1031229:1031449 [4] NCCL INFO NET/IB: NCCL Dev 11 IbDev 5 Port 1 qpn 796 mtu 5 GID 3 (0/5E0113C6FFFF0000) ctsFifoRkey=0xf908f ctsFifoLkey=0xf908f
a100-llm-02:1031229:1031449 [4] NCCL INFO NET/IB: IbDev 5 Port 1 qpn 796 query_ece={supported=1, vendor_id=0x15b3, options=0x30000000, comp_mask=0x0}
a100-llm-02:1031229:1031449 [4] NCCL INFO NET/IB: NCCL Dev 11 IbDev 6 Port 1 qpn 540 mtu 5 GID 3 (0/AF0713C6FFFF0000) ctsFifoRkey=0xbcc8a ctsFifoLkey=0xbcc8a
a100-llm-02:1031229:1031449 [4] NCCL INFO NET/IB: IbDev 6 Port 1 qpn 540 query_ece={supported=1, vendor_id=0x15b3, options=0x30000000, comp_mask=0x0}
a100-llm-02:1031229:1031447 [7] NCCL INFO New proxy send connection 2 from local rank 0, transport 2
a100-llm-02:1031229:1031453 [7] NCCL INFO Connected to proxy localRank 0 -> connection 0x7f1cd0009f00
a100-llm-02:1031229:1031453 [7] NCCL INFO Channel 00/0 : 7[7] -> 0[0] [send] via NET/IB/12/GDRDMA
a100-llm-02:1031229:1031453 [7] NCCL INFO GPU Direct RDMA Enabled for GPU/0-1044576 (rank 7) - NET/0-12 (distance 5 <= 6, read 1, mode Default)
a100-llm-02:1031229:1031449 [4] NCCL INFO NET/IB: NCCL Dev 11 IbDev 5 Port 1 qpn 799 mtu 5 GID 3 (0/5E0113C6FFFF0000) ctsFifoRkey=0xfa6a6 ctsFifoLkey=0xfa6a6
a100-llm-02:1031229:1031449 [4] NCCL INFO NET/IB: IbDev 5 Port 1 qpn 799 query_ece={supported=1, vendor_id=0x15b3, options=0x30000000, comp_mask=0x0}
a100-llm-02:1031229:1031449 [4] NCCL INFO NET/IB: NCCL Dev 11 IbDev 6 Port 1 qpn 543 mtu 5 GID 3 (0/AF0713C6FFFF0000) ctsFifoRkey=0xbe6a4 ctsFifoLkey=0xbe6a4
a100-llm-02:1031229:1031449 [4] NCCL INFO NET/IB: IbDev 6 Port 1 qpn 543 query_ece={supported=1, vendor_id=0x15b3, options=0x30000000, comp_mask=0x0}
a100-llm-02:1031229:1031449 [4] NCCL INFO NET/IB: IbDev 5 Port 1 qpn 796 set_ece={supported=1, vendor_id=0x15b3, options=0x30000000, comp_mask=0x0}
a100-llm-02:1031229:1031449 [4] NCCL INFO NET/IB: IbDev 6 Port 1 qpn 540 set_ece={supported=1, vendor_id=0x15b3, options=0x30000000, comp_mask=0x0}
a100-llm-02:1031229:1031449 [4] NCCL INFO NET/IB: IbDev 5 Port 1 qpn 799 set_ece={supported=1, vendor_id=0x15b3, options=0x30000000, comp_mask=0x0}
a100-llm-02:1031229:1031449 [4] NCCL INFO NET/IB: IbDev 6 Port 1 qpn 543 set_ece={supported=1, vendor_id=0x15b3, options=0x30000000, comp_mask=0x0}
a100-llm-02:1031229:1031447 [7] NCCL INFO New proxy send connection 3 from local rank 0, transport 2
a100-llm-02:1031229:1031453 [7] NCCL INFO Connected to proxy localRank 0 -> connection 0x7f1cd0009f78
a100-llm-02:1031229:1031458 [2] NCCL INFO Channel 01/0 : 2[2] -> 3[3] [send] via NET/IB/10/GDRDMA
a100-llm-02:1031229:1031453 [7] NCCL INFO Channel 01/0 : 7[7] -> 0[0] [send] via NET/IB/12/GDRDMA
a100-llm-02:1031229:1031439 [1] NCCL INFO NET/IB: NCCL Dev 9 IbDev 1 Port 1 qpn 796 mtu 5 GID 3 (0/F74413C6FFFF0000) ctsFifoRkey=0xf8280 ctsFifoLkey=0xf8280
a100-llm-02:1031229:1031439 [1] NCCL INFO NET/IB: IbDev 1 Port 1 qpn 796 query_ece={supported=1, vendor_id=0x15b3, options=0x30000000, comp_mask=0x0}
a100-llm-02:1031229:1031439 [1] NCCL INFO NET/IB: NCCL Dev 9 IbDev 2 Port 1 qpn 540 mtu 5 GID 3 (0/A3F13C6FFFF0000) ctsFifoRkey=0xbcf8e ctsFifoLkey=0xbcf8e
a100-llm-02:1031229:1031439 [1] NCCL INFO NET/IB: IbDev 2 Port 1 qpn 540 query_ece={supported=1, vendor_id=0x15b3, options=0x30000000, comp_mask=0x0}
a100-llm-02:1031229:1031439 [1] NCCL INFO NET/IB: NCCL Dev 9 IbDev 1 Port 1 qpn 797 mtu 5 GID 3 (0/F74413C6FFFF0000) ctsFifoRkey=0xf8e8d ctsFifoLkey=0xf8e8d
a100-llm-02:1031229:1031439 [1] NCCL INFO NET/IB: IbDev 1 Port 1 qpn 797 query_ece={supported=1, vendor_id=0x15b3, options=0x30000000, comp_mask=0x0}
a100-llm-02:1031229:1031439 [1] NCCL INFO NET/IB: NCCL Dev 9 IbDev 2 Port 1 qpn 541 mtu 5 GID 3 (0/A3F13C6FFFF0000) ctsFifoRkey=0xbdb9a ctsFifoLkey=0xbdb9a
a100-llm-02:1031229:1031439 [1] NCCL INFO NET/IB: IbDev 2 Port 1 qpn 541 query_ece={supported=1, vendor_id=0x15b3, options=0x30000000, comp_mask=0x0}
a100-llm-02:1031229:1031443 [0] NCCL INFO NET/IB: NCCL Dev 9 IbDev 1 Port 1 qpn 798 mtu 5 GID 3 (0/F74413C6FFFF0000) ctsFifoRkey=0x42525 ctsFifoLkey=0x42525
a100-llm-02:1031229:1031443 [0] NCCL INFO NET/IB: IbDev 1 Port 1 qpn 798 query_ece={supported=1, vendor_id=0x15b3, options=0x30000000, comp_mask=0x0}
a100-llm-02:1031229:1031443 [0] NCCL INFO NET/IB: NCCL Dev 9 IbDev 2 Port 1 qpn 542 mtu 5 GID 3 (0/A3F13C6FFFF0000) ctsFifoRkey=0x6927 ctsFifoLkey=0x6927
a100-llm-02:1031229:1031443 [0] NCCL INFO NET/IB: IbDev 2 Port 1 qpn 542 query_ece={supported=1, vendor_id=0x15b3, options=0x30000000, comp_mask=0x0}
a100-llm-02:1031229:1031447 [7] NCCL INFO NET/IB: NCCL Dev 12 IbDev 7 Port 1 qpn 796 mtu 5 GID 3 (0/455A13C6FFFF0000) ctsFifoRkey=0xfa5a4 ctsFifoLkey=0xfa5a4
a100-llm-02:1031229:1031447 [7] NCCL INFO NET/IB: IbDev 7 Port 1 qpn 796 query_ece={supported=1, vendor_id=0x15b3, options=0x30000000, comp_mask=0x0}
a100-llm-02:1031229:1031447 [7] NCCL INFO NET/IB: NCCL Dev 12 IbDev 8 Port 1 qpn 540 mtu 5 GID 3 (0/58B013C6FFFF0000) ctsFifoRkey=0xbd291 ctsFifoLkey=0xbd291
a100-llm-02:1031229:1031447 [7] NCCL INFO NET/IB: IbDev 8 Port 1 qpn 540 query_ece={supported=1, vendor_id=0x15b3, options=0x30000000, comp_mask=0x0}
a100-llm-02:1031229:1031443 [0] NCCL INFO NET/IB: NCCL Dev 9 IbDev 1 Port 1 qpn 799 mtu 5 GID 3 (0/F74413C6FFFF0000) ctsFifoRkey=0xf9999 ctsFifoLkey=0xf9999
a100-llm-02:1031229:1031443 [0] NCCL INFO NET/IB: IbDev 1 Port 1 qpn 799 query_ece={supported=1, vendor_id=0x15b3, options=0x30000000, comp_mask=0x0}
a100-llm-02:1031229:1031443 [0] NCCL INFO NET/IB: NCCL Dev 9 IbDev 2 Port 1 qpn 543 mtu 5 GID 3 (0/A3F13C6FFFF0000) ctsFifoRkey=0xbe7a5 ctsFifoLkey=0xbe7a5
a100-llm-02:1031229:1031443 [0] NCCL INFO NET/IB: IbDev 2 Port 1 qpn 543 query_ece={supported=1, vendor_id=0x15b3, options=0x30000000, comp_mask=0x0}
a100-llm-02:1031229:1031437 [2] NCCL INFO NET/IB: NCCL Dev 10 IbDev 3 Port 1 qpn 796 mtu 5 GID 3 (0/340D13C6FFFF0000) ctsFifoRkey=0x40807 ctsFifoLkey=0x40807
a100-llm-02:1031229:1031437 [2] NCCL INFO NET/IB: IbDev 3 Port 1 qpn 796 query_ece={supported=1, vendor_id=0x15b3, options=0x30000000, comp_mask=0x0}
a100-llm-02:1031229:1031437 [2] NCCL INFO NET/IB: NCCL Dev 10 IbDev 4 Port 1 qpn 540 mtu 5 GID 3 (0/462613C6FFFF0000) ctsFifoRkey=0x4907 ctsFifoLkey=0x4907
a100-llm-02:1031229:1031437 [2] NCCL INFO NET/IB: IbDev 4 Port 1 qpn 540 query_ece={supported=1, vendor_id=0x15b3, options=0x30000000, comp_mask=0x0}
a100-llm-02:1031229:1031447 [7] NCCL INFO NET/IB: NCCL Dev 12 IbDev 7 Port 1 qpn 797 mtu 5 GID 3 (0/455A13C6FFFF0000) ctsFifoRkey=0xfb1b0 ctsFifoLkey=0xfb1b0
a100-llm-02:1031229:1031447 [7] NCCL INFO NET/IB: IbDev 7 Port 1 qpn 797 query_ece={supported=1, vendor_id=0x15b3, options=0x30000000, comp_mask=0x0}
a100-llm-02:1031229:1031447 [7] NCCL INFO NET/IB: NCCL Dev 12 IbDev 8 Port 1 qpn 541 mtu 5 GID 3 (0/58B013C6FFFF0000) ctsFifoRkey=0xbde9d ctsFifoLkey=0xbde9d
a100-llm-02:1031229:1031447 [7] NCCL INFO NET/IB: IbDev 8 Port 1 qpn 541 query_ece={supported=1, vendor_id=0x15b3, options=0x30000000, comp_mask=0x0}
a100-llm-02:1031229:1031451 [5] NCCL INFO NET/IB: NCCL Dev 11 IbDev 5 Port 1 qpn 802 mtu 5 GID 3 (0/5E0113C6FFFF0000) ctsFifoRkey=0xfc0be ctsFifoLkey=0xfc0be
a100-llm-02:1031229:1031451 [5] NCCL INFO NET/IB: IbDev 5 Port 1 qpn 802 query_ece={supported=1, vendor_id=0x15b3, options=0x30000000, comp_mask=0x0}
a100-llm-02:1031229:1031451 [5] NCCL INFO NET/IB: NCCL Dev 11 IbDev 6 Port 1 qpn 546 mtu 5 GID 3 (0/AF0713C6FFFF0000) ctsFifoRkey=0xc00be ctsFifoLkey=0xc00be
a100-llm-02:1031229:1031451 [5] NCCL INFO NET/IB: IbDev 6 Port 1 qpn 546 query_ece={supported=1, vendor_id=0x15b3, options=0x30000000, comp_mask=0x0}
a100-llm-02:1031229:1031445 [3] NCCL INFO NET/IB: NCCL Dev 10 IbDev 3 Port 1 qpn 799 mtu 5 GID 3 (0/340D13C6FFFF0000) ctsFifoRkey=0x101312 ctsFifoLkey=0x101312
a100-llm-02:1031229:1031445 [3] NCCL INFO NET/IB: IbDev 3 Port 1 qpn 799 query_ece={supported=1, vendor_id=0x15b3, options=0x30000000, comp_mask=0x0}
a100-llm-02:1031229:1031441 [6] NCCL INFO NET/IB: NCCL Dev 12 IbDev 7 Port 1 qpn 798 mtu 5 GID 3 (0/455A13C6FFFF0000) ctsFifoRkey=0xfbdbc ctsFifoLkey=0xfbdbc
a100-llm-02:1031229:1031441 [6] NCCL INFO NET/IB: IbDev 7 Port 1 qpn 798 query_ece={supported=1, vendor_id=0x15b3, options=0x30000000, comp_mask=0x0}
a100-llm-02:1031229:1031445 [3] NCCL INFO NET/IB: NCCL Dev 10 IbDev 4 Port 1 qpn 543 mtu 5 GID 3 (0/462613C6FFFF0000) ctsFifoRkey=0xc6d2c ctsFifoLkey=0xc6d2c
a100-llm-02:1031229:1031445 [3] NCCL INFO NET/IB: IbDev 4 Port 1 qpn 543 query_ece={supported=1, vendor_id=0x15b3, options=0x30000000, comp_mask=0x0}
a100-llm-02:1031229:1031441 [6] NCCL INFO NET/IB: NCCL Dev 12 IbDev 8 Port 1 qpn 542 mtu 5 GID 3 (0/58B013C6FFFF0000) ctsFifoRkey=0xbeaa9 ctsFifoLkey=0xbeaa9
a100-llm-02:1031229:1031441 [6] NCCL INFO NET/IB: IbDev 8 Port 1 qpn 542 query_ece={supported=1, vendor_id=0x15b3, options=0x30000000, comp_mask=0x0}
a100-llm-02:1031229:1031441 [6] NCCL INFO NET/IB: NCCL Dev 12 IbDev 7 Port 1 qpn 799 mtu 5 GID 3 (0/455A13C6FFFF0000) ctsFifoRkey=0x44f4d ctsFifoLkey=0x44f4d
a100-llm-02:1031229:1031441 [6] NCCL INFO NET/IB: IbDev 7 Port 1 qpn 799 query_ece={supported=1, vendor_id=0x15b3, options=0x30000000, comp_mask=0x0}
a100-llm-02:1031229:1031441 [6] NCCL INFO NET/IB: NCCL Dev 12 IbDev 8 Port 1 qpn 543 mtu 5 GID 3 (0/58B013C6FFFF0000) ctsFifoRkey=0x9754 ctsFifoLkey=0x9754
a100-llm-02:1031229:1031441 [6] NCCL INFO NET/IB: IbDev 8 Port 1 qpn 543 query_ece={supported=1, vendor_id=0x15b3, options=0x30000000, comp_mask=0x0}
a100-llm-02:1031229:1031437 [2] NCCL INFO NET/IB: NCCL Dev 10 IbDev 3 Port 1 qpn 801 mtu 5 GID 3 (0/340D13C6FFFF0000) ctsFifoRkey=0x45150 ctsFifoLkey=0x45150
a100-llm-02:1031229:1031437 [2] NCCL INFO NET/IB: IbDev 3 Port 1 qpn 801 query_ece={supported=1, vendor_id=0x15b3, options=0x30000000, comp_mask=0x0}
a100-llm-02:1031229:1031437 [2] NCCL INFO NET/IB: NCCL Dev 10 IbDev 4 Port 1 qpn 545 mtu 5 GID 3 (0/462613C6FFFF0000) ctsFifoRkey=0x9753 ctsFifoLkey=0x9753
a100-llm-02:1031229:1031437 [2] NCCL INFO NET/IB: IbDev 4 Port 1 qpn 545 query_ece={supported=1, vendor_id=0x15b3, options=0x30000000, comp_mask=0x0}
a100-llm-02:1031229:1031451 [5] NCCL INFO NET/IB: NCCL Dev 11 IbDev 5 Port 1 qpn 803 mtu 5 GID 3 (0/5E0113C6FFFF0000) ctsFifoRkey=0xfcecd ctsFifoLkey=0xfcecd
a100-llm-02:1031229:1031451 [5] NCCL INFO NET/IB: IbDev 5 Port 1 qpn 803 query_ece={supported=1, vendor_id=0x15b3, options=0x30000000, comp_mask=0x0}
a100-llm-02:1031229:1031451 [5] NCCL INFO NET/IB: NCCL Dev 11 IbDev 6 Port 1 qpn 547 mtu 5 GID 3 (0/AF0713C6FFFF0000) ctsFifoRkey=0xc0bcb ctsFifoLkey=0xc0bcb
a100-llm-02:1031229:1031451 [5] NCCL INFO NET/IB: IbDev 6 Port 1 qpn 547 query_ece={supported=1, vendor_id=0x15b3, options=0x30000000, comp_mask=0x0}
a100-llm-02:1031229:1031443 [0] NCCL INFO NET/IB: IbDev 1 Port 1 qpn 798 set_ece={supported=1, vendor_id=0x15b3, options=0x30000000, comp_mask=0x0}
a100-llm-02:1031229:1031443 [0] NCCL INFO NET/IB: IbDev 2 Port 1 qpn 542 set_ece={supported=1, vendor_id=0x15b3, options=0x30000000, comp_mask=0x0}
a100-llm-02:1031229:1031445 [3] NCCL INFO NET/IB: NCCL Dev 10 IbDev 3 Port 1 qpn 804 mtu 5 GID 3 (0/340D13C6FFFF0000) ctsFifoRkey=0x41117 ctsFifoLkey=0x41117
a100-llm-02:1031229:1031445 [3] NCCL INFO NET/IB: IbDev 3 Port 1 qpn 804 query_ece={supported=1, vendor_id=0x15b3, options=0x30000000, comp_mask=0x0}
a100-llm-02:1031229:1031445 [3] NCCL INFO NET/IB: NCCL Dev 10 IbDev 4 Port 1 qpn 548 mtu 5 GID 3 (0/462613C6FFFF0000) ctsFifoRkey=0x5918 ctsFifoLkey=0x5918
a100-llm-02:1031229:1031445 [3] NCCL INFO NET/IB: IbDev 4 Port 1 qpn 548 query_ece={supported=1, vendor_id=0x15b3, options=0x30000000, comp_mask=0x0}
a100-llm-02:1031229:1031437 [2] NCCL INFO NET/IB: IbDev 3 Port 1 qpn 796 set_ece={supported=1, vendor_id=0x15b3, options=0x30000000, comp_mask=0x0}
a100-llm-02:1031229:1031437 [2] NCCL INFO NET/IB: IbDev 4 Port 1 qpn 540 set_ece={supported=1, vendor_id=0x15b3, options=0x30000000, comp_mask=0x0}
a100-llm-02:1031229:1031439 [1] NCCL INFO NET/IB: IbDev 1 Port 1 qpn 796 set_ece={supported=1, vendor_id=0x15b3, options=0x30000000, comp_mask=0x0}
a100-llm-02:1031229:1031443 [0] NCCL INFO NET/IB: IbDev 1 Port 1 qpn 799 set_ece={supported=1, vendor_id=0x15b3, options=0x30000000, comp_mask=0x0}
a100-llm-02:1031229:1031439 [1] NCCL INFO NET/IB: IbDev 2 Port 1 qpn 540 set_ece={supported=1, vendor_id=0x15b3, options=0x30000000, comp_mask=0x0}
a100-llm-02:1031229:1031443 [0] NCCL INFO NET/IB: IbDev 2 Port 1 qpn 543 set_ece={supported=1, vendor_id=0x15b3, options=0x30000000, comp_mask=0x0}
a100-llm-02:1031229:1031437 [2] NCCL INFO NET/IB: IbDev 3 Port 1 qpn 801 set_ece={supported=1, vendor_id=0x15b3, options=0x30000000, comp_mask=0x0}
a100-llm-02:1031229:1031437 [2] NCCL INFO NET/IB: IbDev 4 Port 1 qpn 545 set_ece={supported=1, vendor_id=0x15b3, options=0x30000000, comp_mask=0x0}
a100-llm-02:1031229:1031451 [5] NCCL INFO NET/IB: IbDev 5 Port 1 qpn 802 set_ece={supported=1, vendor_id=0x15b3, options=0x30000000, comp_mask=0x0}
a100-llm-02:1031229:1031447 [7] NCCL INFO NET/IB: IbDev 7 Port 1 qpn 796 set_ece={supported=1, vendor_id=0x15b3, options=0x30000000, comp_mask=0x0}
a100-llm-02:1031229:1031451 [5] NCCL INFO NET/IB: IbDev 6 Port 1 qpn 546 set_ece={supported=1, vendor_id=0x15b3, options=0x30000000, comp_mask=0x0}
a100-llm-02:1031229:1031447 [7] NCCL INFO NET/IB: IbDev 8 Port 1 qpn 540 set_ece={supported=1, vendor_id=0x15b3, options=0x30000000, comp_mask=0x0}
a100-llm-02:1031229:1031441 [6] NCCL INFO NET/IB: IbDev 7 Port 1 qpn 798 set_ece={supported=1, vendor_id=0x15b3, options=0x30000000, comp_mask=0x0}
a100-llm-02:1031229:1031441 [6] NCCL INFO NET/IB: IbDev 8 Port 1 qpn 542 set_ece={supported=1, vendor_id=0x15b3, options=0x30000000, comp_mask=0x0}
a100-llm-02:1031229:1031439 [1] NCCL INFO NET/IB: IbDev 1 Port 1 qpn 797 set_ece={supported=1, vendor_id=0x15b3, options=0x30000000, comp_mask=0x0}
a100-llm-02:1031229:1031439 [1] NCCL INFO NET/IB: IbDev 2 Port 1 qpn 541 set_ece={supported=1, vendor_id=0x15b3, options=0x30000000, comp_mask=0x0}
a100-llm-02:1031229:1031451 [5] NCCL INFO NET/IB: IbDev 5 Port 1 qpn 803 set_ece={supported=1, vendor_id=0x15b3, options=0x30000000, comp_mask=0x0}
a100-llm-02:1031229:1031451 [5] NCCL INFO NET/IB: IbDev 6 Port 1 qpn 547 set_ece={supported=1, vendor_id=0x15b3, options=0x30000000, comp_mask=0x0}
a100-llm-02:1031229:1031445 [3] NCCL INFO NET/IB: IbDev 3 Port 1 qpn 799 set_ece={supported=1, vendor_id=0x15b3, options=0x30000000, comp_mask=0x0}
a100-llm-02:1031229:1031445 [3] NCCL INFO NET/IB: IbDev 4 Port 1 qpn 543 set_ece={supported=1, vendor_id=0x15b3, options=0x30000000, comp_mask=0x0}
a100-llm-02:1031229:1031445 [3] NCCL INFO NET/IB: IbDev 3 Port 1 qpn 804 set_ece={supported=1, vendor_id=0x15b3, options=0x30000000, comp_mask=0x0}
a100-llm-02:1031229:1031445 [3] NCCL INFO NET/IB: IbDev 4 Port 1 qpn 548 set_ece={supported=1, vendor_id=0x15b3, options=0x30000000, comp_mask=0x0}
a100-llm-02:1031229:1031447 [7] NCCL INFO NET/IB: IbDev 7 Port 1 qpn 797 set_ece={supported=1, vendor_id=0x15b3, options=0x30000000, comp_mask=0x0}
a100-llm-02:1031229:1031447 [7] NCCL INFO NET/IB: IbDev 8 Port 1 qpn 541 set_ece={supported=1, vendor_id=0x15b3, options=0x30000000, comp_mask=0x0}
a100-llm-02:1031229:1031441 [6] NCCL INFO NET/IB: IbDev 7 Port 1 qpn 799 set_ece={supported=1, vendor_id=0x15b3, options=0x30000000, comp_mask=0x0}
a100-llm-02:1031229:1031441 [6] NCCL INFO NET/IB: IbDev 8 Port 1 qpn 543 set_ece={supported=1, vendor_id=0x15b3, options=0x30000000, comp_mask=0x0}
[AIMD] FinalizeChunkRTT: cc=0x7f1cf40659a0 slot=0 inflight_before=1
a100-llm-02:1031229:1031428 [0] NCCL INFO AIMD[18]: Congestion (RTT=2244.9 > 165.0), LIW 300.0 -> 150.0
a100-llm-02:1031229:1031431 [0] NCCL INFO AIMD[18]: Congestion (RTT=2244.9 > 99.0), LIW 300.0 -> 150.0
a100-llm-02:1031229:1031431 [0] NCCL INFO AIMD[30]: Congestion (RTT=3325.2 > 102.0), LIW 299.0 -> 149.5
a100-llm-02:1031229:1031431 [0] NCCL INFO AIMD[29]: Congestion (RTT=3395.1 > 105.0), LIW 299.0 -> 149.5
a100-llm-02:1031229:1031432 [0] NCCL INFO AIMD[41]: Congestion (RTT=644.7 > 108.0), LIW 292.0 -> 146.0
a100-llm-02:1031229:1031432 [0] NCCL INFO AIMD[40]: Congestion (RTT=279.7 > 105.0), LIW 294.0 -> 147.0
a100-llm-02:1031229:1031430 [0] NCCL INFO AIMD[41]: Congestion (RTT=299.0 > 156.0), LIW 299.0 -> 149.5
a100-llm-02:1031229:1031430 [0] NCCL INFO AIMD[41]: Congestion (RTT=626.1 > 108.0), LIW 299.0 -> 149.5
a100-llm-02:1031229:1031430 [0] NCCL INFO AIMD[41]: Congestion (RTT=638.1 > 105.0), LIW 284.0 -> 142.0
a100-llm-02:1031229:1031427 [0] NCCL INFO AIMD[41]: Congestion (RTT=3983.2 > 138.0), LIW 149.0 -> 74.5
a100-llm-02:1031229:1031427 [0] NCCL INFO AIMD[41]: Congestion (RTT=1054.3 > 153.0), LIW 298.0 -> 149.0
a100-llm-02:1031229:1031427 [0] NCCL INFO AIMD[41]: Congestion (RTT=1053.2 > 102.0), LIW 298.0 -> 149.0
a100-llm-02:1031229:1031429 [0] NCCL INFO AIMD[41]: Congestion (RTT=3981.7 > 108.0), LIW 299.0 -> 149.5
a100-llm-02:1031229:1031429 [0] NCCL INFO AIMD[41]: Congestion (RTT=417.9 > 108.0), LIW 299.0 -> 149.5
a100-llm-02:1031229:1031429 [0] NCCL INFO AIMD[41]: Congestion (RTT=449.7 > 105.0), LIW 295.0 -> 147.5
a100-llm-02:1031229:1031430 [0] NCCL INFO AIMD[41]: Congestion (RTT=662.6 > 102.0), LIW 298.0 -> 149.0
a100-llm-02:1031229:1031434 [0] NCCL INFO AIMD[59]: Congestion (RTT=7524.7 > 99.0), LIW 149.0 -> 74.5
a100-llm-02:1031229:1031434 [0] NCCL INFO AIMD[59]: Congestion (RTT=7511.5 > 165.0), LIW 299.0 -> 149.5
a100-llm-02:1031229:1031429 [0] NCCL INFO AIMD[69]: Congestion (RTT=3997.0 > 102.0), LIW 299.0 -> 149.5
a100-llm-02:1031229:1031429 [0] NCCL INFO AIMD[69]: Congestion (RTT=4000.0 > 105.0), LIW 299.0 -> 149.5
a100-llm-02:1031229:1031432 [0] NCCL INFO AIMD[69]: Congestion (RTT=646.0 > 108.0), LIW 278.0 -> 139.0
a100-llm-02:1031229:1031433 [0] NCCL INFO AIMD[69]: Congestion (RTT=303.8 > 156.0), LIW 299.0 -> 149.5
a100-llm-02:1031229:1031427 [0] NCCL INFO AIMD[71]: Congestion (RTT=699.0 > 105.0), LIW 298.0 -> 149.0
a100-llm-02:1031229:1031428 [0] NCCL INFO AIMD[70]: Congestion (RTT=914.8 > 108.0), LIW 299.0 -> 149.5
a100-llm-02:1031229:1031428 [0] NCCL INFO AIMD[69]: Congestion (RTT=290.0 > 105.0), LIW 299.0 -> 149.5
a100-llm-02:1031229:1031428 [0] NCCL INFO AIMD[72]: Congestion (RTT=3970.0 > 105.0), LIW 284.0 -> 142.0
a100-llm-02:1031229:1031428 [0] NCCL INFO AIMD[76]: Congestion (RTT=4948.1 > 108.0), LIW 299.0 -> 149.5
a100-llm-02:1031229:1031428 [0] NCCL INFO AIMD[77]: Congestion (RTT=1056.0 > 102.0), LIW 298.0 -> 149.0
a100-llm-02:1031229:1031430 [0] NCCL INFO AIMD[83]: Congestion (RTT=1055.0 > 108.0), LIW 299.0 -> 149.5
a100-llm-02:1031229:1031430 [0] NCCL INFO AIMD[85]: Congestion (RTT=5570.6 > 105.0), LIW 299.0 -> 149.5
a100-llm-02:1031229:1031430 [0] NCCL INFO AIMD[83]: Congestion (RTT=709.0 > 102.0), LIW 248.0 -> 124.0
a100-llm-02:1031229:1031430 [0] NCCL INFO AIMD[83]: Congestion (RTT=3979.5 > 108.0), LIW 284.0 -> 142.0
a100-llm-02:1031229:1031428 [0] NCCL INFO AIMD[97]: Congestion (RTT=7581.0 > 99.0), LIW 299.0 -> 149.5
a100-llm-02:1031229:1031427 [0] NCCL INFO AIMD[97]: Congestion (RTT=7581.0 > 111.0), LIW 295.0 -> 147.5
a100-llm-02:1031229:1031432 [0] NCCL INFO AIMD[116]: Congestion (RTT=3997.0 > 102.0), LIW 299.0 -> 149.5
a100-llm-02:1031229:1031430 [0] NCCL INFO AIMD[116]: Congestion (RTT=4000.0 > 105.0), LIW 296.0 -> 148.0
a100-llm-02:1031229:1031432 [0] NCCL INFO AIMD[120]: Congestion (RTT=1141.8 > 108.0), LIW 233.0 -> 116.5
a100-llm-02:1031229:1031433 [0] NCCL INFO AIMD[121]: Congestion (RTT=306.0 > 108.0), LIW 278.0 -> 139.0
a100-llm-02:1031229:1031431 [0] NCCL INFO AIMD[125]: Congestion (RTT=1058.1 > 105.0), LIW 299.0 -> 149.5
a100-llm-02:1031229:1031428 [0] NCCL INFO AIMD[125]: Congestion (RTT=4000.3 > 105.0), LIW 288.0 -> 144.0
a100-llm-02:1031229:1031434 [0] NCCL INFO AIMD[125]: Congestion (RTT=6549.6 > 102.0), LIW 299.0 -> 149.5
a100-llm-02:1031229:1031432 [0] NCCL INFO AIMD[125]: Congestion (RTT=1582.5 > 108.0), LIW 294.0 -> 147.0
a100-llm-02:1031229:1031432 [0] NCCL INFO AIMD[125]: Congestion (RTT=306.0 > 105.0), LIW 294.0 -> 147.0
a100-llm-02:1031229:1031432 [0] NCCL INFO AIMD[126]: Congestion (RTT=11300.5 > 108.0), LIW 287.0 -> 143.5
a100-llm-02:1031229:1031430 [0] NCCL INFO AIMD[125]: Congestion (RTT=6617.7 > 108.0), LIW 285.0 -> 142.5
a100-llm-02:1031229:1031428 [0] NCCL INFO AIMD[125]: Congestion (RTT=709.0 > 102.0), LIW 287.0 -> 143.5
a100-llm-02:1031229:1031429 [0] NCCL INFO AIMD[125]: Congestion (RTT=3998.0 > 108.0), LIW 299.0 -> 149.5
a100-llm-02:1031229:1031431 [0] NCCL INFO AIMD[127]: Congestion (RTT=9865.6 > 105.0), LIW 299.0 -> 149.5
a100-llm-02:1031229:1031432 [0] NCCL INFO AIMD[140]: Congestion (RTT=7581.0 > 99.0), LIW 299.0 -> 149.5
a100-llm-02:1031229:1031432 [0] NCCL INFO AIMD[140]: Congestion (RTT=7581.0 > 111.0), LIW 299.0 -> 149.5
a100-llm-02:1031229:1031428 [0] NCCL INFO AIMD[153]: Congestion (RTT=4000.0 > 105.0), LIW 299.0 -> 149.5
a100-llm-02:1031229:1031428 [0] NCCL INFO AIMD[153]: Congestion (RTT=3997.0 > 102.0), LIW 299.0 -> 149.5
a100-llm-02:1031229:1031428 [0] NCCL INFO AIMD[149]: Congestion (RTT=1987.9 > 108.0), LIW 299.0 -> 149.5
a100-llm-02:1031229:1031428 [0] NCCL INFO AIMD[153]: Congestion (RTT=327.3 > 108.0), LIW 102.0 -> 51.0
a100-llm-02:1031229:1031428 [0] NCCL INFO AIMD[153]: Congestion (RTT=1090.9 > 105.0), LIW 299.0 -> 149.5
a100-llm-02:1031229:1031428 [0] NCCL INFO AIMD[153]: Congestion (RTT=4001.0 > 105.0), LIW 299.0 -> 149.5
a100-llm-02:1031229:1031428 [0] NCCL INFO AIMD[153]: Congestion (RTT=6550.0 > 102.0), LIW 299.0 -> 149.5
a100-llm-02:1031229:1031428 [0] NCCL INFO AIMD[153]: Congestion (RTT=1988.0 > 108.0), LIW 299.0 -> 149.5
a100-llm-02:1031229:1031428 [0] NCCL INFO AIMD[153]: Congestion (RTT=6618.0 > 108.0), LIW 299.0 -> 149.5
a100-llm-02:1031229:1031428 [0] NCCL INFO AIMD[153]: Congestion (RTT=330.8 > 105.0), LIW 299.0 -> 149.5
a100-llm-02:1031229:1031428 [0] NCCL INFO AIMD[154]: Congestion (RTT=11313.0 > 108.0), LIW 279.0 -> 139.5
a100-llm-02:1031229:1031428 [0] NCCL INFO AIMD[153]: Congestion (RTT=1104.7 > 102.0), LIW 299.0 -> 149.5
a100-llm-02:1031229:1031428 [0] NCCL INFO AIMD[155]: Congestion (RTT=9930.0 > 105.0), LIW 299.0 -> 149.5
a100-llm-02:1031229:1031428 [0] NCCL INFO AIMD[153]: Congestion (RTT=3998.0 > 108.0), LIW 299.0 -> 149.5
a100-llm-02:1031229:1031428 [0] NCCL INFO AIMD[167]: Congestion (RTT=7581.0 > 99.0), LIW 279.0 -> 139.5
a100-llm-02:1031229:1031428 [0] NCCL INFO AIMD[167]: Congestion (RTT=7581.0 > 111.0), LIW 292.0 -> 146.0
a100-llm-02:1031229:1031428 [0] NCCL INFO AIMD[170]: Congestion (RTT=4000.0 > 105.0), LIW 299.0 -> 149.5
a100-llm-02:1031229:1031428 [0] NCCL INFO AIMD[174]: Congestion (RTT=1988.0 > 108.0), LIW 279.0 -> 139.5
a100-llm-02:1031229:1031434 [0] NCCL INFO AIMD[171]: Congestion (RTT=3997.0 > 102.0), LIW 296.0 -> 148.0
a100-llm-02:1031229:1031428 [0] NCCL INFO AIMD[181]: Congestion (RTT=921.9 > 108.0), LIW 299.0 -> 149.5
a100-llm-02:1031229:1031428 [0] NCCL INFO AIMD[181]: Congestion (RTT=1091.0 > 105.0), LIW 299.0 -> 149.5
a100-llm-02:1031229:1031428 [0] NCCL INFO AIMD[181]: Congestion (RTT=4001.0 > 105.0), LIW 299.0 -> 149.5
a100-llm-02:1031229:1031432 [0] NCCL INFO AIMD[181]: Congestion (RTT=6550.0 > 102.0), LIW 299.0 -> 149.5
a100-llm-02:1031229:1031428 [0] NCCL INFO AIMD[181]: Congestion (RTT=1988.0 > 108.0), LIW 299.0 -> 149.5
a100-llm-02:1031229:1031430 [0] NCCL INFO AIMD[183]: Congestion (RTT=6618.0 > 108.0), LIW 298.0 -> 149.0
a100-llm-02:1031229:1031430 [0] NCCL INFO AIMD[181]: Congestion (RTT=1105.0 > 102.0), LIW 299.0 -> 149.5
a100-llm-02:1031229:1031430 [0] NCCL INFO AIMD[186]: Congestion (RTT=11313.0 > 108.0), LIW 299.0 -> 149.5
a100-llm-02:1031229:1031430 [0] NCCL INFO AIMD[181]: Congestion (RTT=944.4 > 105.0), LIW 299.0 -> 149.5
a100-llm-02:1031229:1031428 [0] NCCL INFO AIMD[186]: Congestion (RTT=9930.0 > 105.0), LIW 299.0 -> 149.5
a100-llm-02:1031229:1031428 [0] NCCL INFO AIMD[182]: Congestion (RTT=3998.0 > 108.0), LIW 299.0 -> 149.5
a100-llm-02:1031229:1031428 [0] NCCL INFO AIMD[195]: Congestion (RTT=7581.0 > 111.0), LIW 299.0 -> 149.5
a100-llm-02:1031229:1031428 [0] NCCL INFO AIMD[195]: Congestion (RTT=7581.0 > 99.0), LIW 299.0 -> 149.5
a100-llm-02:1031229:1031430 [0] NCCL INFO AIMD[198]: Congestion (RTT=3997.0 > 102.0), LIW 299.0 -> 149.5
a100-llm-02:1031229:1031430 [0] NCCL INFO AIMD[195]: Congestion (RTT=1988.0 > 108.0), LIW 255.0 -> 127.5
a100-llm-02:1031229:1031432 [0] NCCL INFO AIMD[198]: Congestion (RTT=4000.0 > 105.0), LIW 299.0 -> 149.5
a100-llm-02:1031229:1031431 [0] NCCL INFO AIMD[195]: Congestion (RTT=943.0 > 108.0), LIW 299.0 -> 149.5
a100-llm-02:1031229:1031432 [0] NCCL INFO AIMD[200]: Congestion (RTT=1091.0 > 105.0), LIW 287.0 -> 143.5
a100-llm-02:1031229:1031431 [0] NCCL INFO AIMD[209]: Congestion (RTT=4001.0 > 105.0), LIW 299.0 -> 149.5
a100-llm-02:1031229:1031431 [0] NCCL INFO AIMD[209]: Congestion (RTT=6550.0 > 102.0), LIW 299.0 -> 149.5
a100-llm-02:1031229:1031430 [0] NCCL INFO AIMD[209]: Congestion (RTT=8691.6 > 108.0), LIW 299.0 -> 149.5
a100-llm-02:1031229:1031427 [0] NCCL INFO AIMD[209]: Congestion (RTT=1988.0 > 108.0), LIW 299.0 -> 149.5
a100-llm-02:1031229:1031429 [0] NCCL INFO AIMD[209]: Congestion (RTT=1105.0 > 102.0), LIW 299.0 -> 149.5
a100-llm-02:1031229:1031429 [0] NCCL INFO AIMD[210]: Congestion (RTT=11313.0 > 108.0), LIW 149.0 -> 74.5
a100-llm-02:1031229:1031427 [0] NCCL INFO AIMD[209]: Congestion (RTT=947.0 > 105.0), LIW 298.0 -> 149.0
a100-llm-02:1031229:1031427 [0] NCCL INFO AIMD[210]: Congestion (RTT=9930.0 > 105.0), LIW 299.0 -> 149.5
a100-llm-02:1031229:1031427 [0] NCCL INFO AIMD[209]: Congestion (RTT=3998.0 > 108.0), LIW 255.0 -> 127.5
a100-llm-02:1031229:1031427 [0] NCCL INFO AIMD[215]: Congestion (RTT=7581.0 > 111.0), LIW 299.0 -> 149.5
a100-llm-02:1031229:1031427 [0] NCCL INFO AIMD[215]: Congestion (RTT=7581.0 > 99.0), LIW 299.0 -> 149.5
a100-llm-02:1031229:1031434 [0] NCCL INFO AIMD[226]: Congestion (RTT=4000.0 > 105.0), LIW 299.0 -> 149.5
a100-llm-02:1031229:1031434 [0] NCCL INFO AIMD[226]: Congestion (RTT=3997.0 > 102.0), LIW 299.0 -> 149.5
a100-llm-02:1031229:1031430 [0] NCCL INFO AIMD[224]: Congestion (RTT=2555.4 > 108.0), LIW 299.0 -> 149.5
a100-llm-02:1031229:1031432 [0] NCCL INFO AIMD[237]: Congestion (RTT=1091.0 > 105.0), LIW 299.0 -> 149.5
a100-llm-02:1031229:1031432 [0] NCCL INFO AIMD[237]: Congestion (RTT=943.0 > 108.0), LIW 299.0 -> 149.5
a100-llm-02:1031229:1031427 [0] NCCL INFO AIMD[240]: Congestion (RTT=4110.2 > 105.0), LIW 299.0 -> 149.5
a100-llm-02:1031229:1031434 [0] NCCL INFO AIMD[241]: Congestion (RTT=6550.0 > 102.0), LIW 299.0 -> 149.5
a100-llm-02:1031229:1031434 [0] NCCL INFO AIMD[238]: Congestion (RTT=2654.7 > 108.0), LIW 299.0 -> 149.5
a100-llm-02:1031229:1031427 [0] NCCL INFO AIMD[241]: Congestion (RTT=8693.0 > 108.0), LIW 299.0 -> 149.5
a100-llm-02:1031229:1031429 [0] NCCL INFO AIMD[247]: Congestion (RTT=1105.0 > 102.0), LIW 299.0 -> 149.5
a100-llm-02:1031229:1031430 [0] NCCL INFO AIMD[245]: Congestion (RTT=947.0 > 105.0), LIW 262.0 -> 131.0
a100-llm-02:1031229:1031430 [0] NCCL INFO AIMD[244]: Congestion (RTT=11313.0 > 108.0), LIW 299.0 -> 149.5
a100-llm-02:1031229:1031433 [0] NCCL INFO AIMD[244]: Congestion (RTT=9930.0 > 105.0), LIW 299.0 -> 149.5
a100-llm-02:1031229:1031432 [0] NCCL INFO AIMD[248]: Congestion (RTT=4174.4 > 108.0), LIW 149.0 -> 74.5
a100-llm-02:1031229:1031433 [0] NCCL INFO AIMD[257]: Congestion (RTT=7581.0 > 111.0), LIW 298.0 -> 149.0
a100-llm-02:1031229:1031434 [0] NCCL INFO AIMD[257]: Congestion (RTT=7581.0 > 99.0), LIW 293.0 -> 146.5
a100-llm-02:1031229:1031434 [0] NCCL INFO AIMD[268]: Congestion (RTT=4000.0 > 105.0), LIW 252.0 -> 126.0
a100-llm-02:1031229:1031432 [0] NCCL INFO AIMD[272]: Congestion (RTT=2669.0 > 108.0), LIW 252.0 -> 126.0
a100-llm-02:1031229:1031430 [0] NCCL INFO AIMD[278]: Congestion (RTT=3997.0 > 102.0), LIW 299.0 -> 149.5
a100-llm-02:1031229:1031433 [0] NCCL INFO AIMD[279]: Congestion (RTT=943.0 > 108.0), LIW 299.0 -> 149.5
a100-llm-02:1031229:1031430 [0] NCCL INFO AIMD[279]: Congestion (RTT=1091.0 > 105.0), LIW 299.0 -> 149.5
a100-llm-02:1031229:1031433 [0] NCCL INFO AIMD[279]: Congestion (RTT=6550.0 > 102.0), LIW 299.0 -> 149.5
a100-llm-02:1031229:1031433 [0] NCCL INFO AIMD[279]: Congestion (RTT=8693.0 > 108.0), LIW 299.0 -> 149.5
a100-llm-02:1031229:1031429 [0] NCCL INFO AIMD[279]: Congestion (RTT=6214.4 > 105.0), LIW 299.0 -> 149.5
a100-llm-02:1031229:1031427 [0] NCCL INFO AIMD[279]: Congestion (RTT=2660.0 > 108.0), LIW 286.0 -> 143.0
a100-llm-02:1031229:1031431 [0] NCCL INFO AIMD[281]: Congestion (RTT=11313.0 > 108.0), LIW 271.0 -> 135.5
a100-llm-02:1031229:1031430 [0] NCCL INFO AIMD[279]: Congestion (RTT=947.0 > 105.0), LIW 291.0 -> 145.5
a100-llm-02:1031229:1031433 [0] NCCL INFO AIMD[281]: Congestion (RTT=1105.0 > 102.0), LIW 298.0 -> 149.0
a100-llm-02:1031229:1031431 [0] NCCL INFO AIMD[282]: Congestion (RTT=6295.1 > 108.0), LIW 298.0 -> 149.0
a100-llm-02:1031229:1031428 [0] NCCL INFO AIMD[286]: Congestion (RTT=9930.0 > 105.0), LIW 299.0 -> 149.5
a100-llm-02:1031229:1031431 [0] NCCL INFO AIMD[293]: Congestion (RTT=7581.0 > 111.0), LIW 149.0 -> 74.5
a100-llm-02:1031229:1031429 [0] NCCL INFO AIMD[293]: Congestion (RTT=7581.0 > 99.0), LIW 295.0 -> 147.5
a100-llm-02:1031229:1031428 [0] NCCL INFO AIMD[293]: Congestion (RTT=2669.0 > 108.0), LIW 299.0 -> 149.5
a100-llm-02:1031229:1031432 [0] NCCL INFO AIMD[293]: Congestion (RTT=943.0 > 108.0), LIW 279.0 -> 139.5
a100-llm-02:1031229:1031434 [0] NCCL INFO AIMD[298]: Congestion (RTT=4000.0 > 105.0), LIW 285.0 -> 142.5
[AIMD] FinalizeChunkRTT: cc=0x7f1cf40659a0 slot=295 inflight_before=6
a100-llm-02:1031229:1031434 [0] NCCL INFO AIMD[304]: Congestion (RTT=3997.0 > 102.0), LIW 299.0 -> 149.5
a100-llm-02:1031229:1031434 [0] NCCL INFO AIMD[304]: Congestion (RTT=1091.0 > 105.0), LIW 149.0 -> 74.5
a100-llm-02:1031229:1031434 [0] NCCL INFO AIMD[313]: Congestion (RTT=6550.0 > 102.0), LIW 299.0 -> 149.5
a100-llm-02:1031229:1031434 [0] NCCL INFO AIMD[312]: Congestion (RTT=6303.0 > 105.0), LIW 299.0 -> 149.5
a100-llm-02:1031229:1031434 [0] NCCL INFO AIMD[313]: Congestion (RTT=8693.0 > 108.0), LIW 299.0 -> 149.5
a100-llm-02:1031229:1031434 [0] NCCL INFO AIMD[318]: Congestion (RTT=2660.0 > 108.0), LIW 299.0 -> 149.5
a100-llm-02:1031229:1031434 [0] NCCL INFO AIMD[321]: Congestion (RTT=11313.0 > 108.0), LIW 299.0 -> 149.5
a100-llm-02:1031229:1031434 [0] NCCL INFO AIMD[321]: Congestion (RTT=1105.0 > 102.0), LIW 299.0 -> 149.5
a100-llm-02:1031229:1031434 [0] NCCL INFO AIMD[321]: Congestion (RTT=947.0 > 105.0), LIW 299.0 -> 149.5
a100-llm-02:1031229:1031430 [0] NCCL INFO AIMD[321]: Congestion (RTT=6306.0 > 108.0), LIW 298.0 -> 149.0
a100-llm-02:1031229:1031434 [0] NCCL INFO AIMD[321]: Congestion (RTT=9930.0 > 105.0), LIW 299.0 -> 149.5
a100-llm-02:1031229:1031434 [0] NCCL INFO AIMD[327]: Congestion (RTT=7581.0 > 111.0), LIW 299.0 -> 149.5
a100-llm-02:1031229:1031431 [0] NCCL INFO AIMD[328]: Congestion (RTT=7581.0 > 99.0), LIW 299.0 -> 149.5
a100-llm-02:1031229:1031429 [0] NCCL INFO AIMD[331]: Congestion (RTT=2669.0 > 108.0), LIW 149.0 -> 74.5
a100-llm-02:1031229:1031429 [0] NCCL INFO AIMD[330]: Congestion (RTT=943.0 > 108.0), LIW 287.0 -> 143.5
a100-llm-02:1031229:1031429 [0] NCCL INFO AIMD[335]: Congestion (RTT=4000.0 > 105.0), LIW 299.0 -> 149.5
a100-llm-02:1031229:1031434 [0] NCCL INFO AIMD[335]: Congestion (RTT=3897.2 > 105.0), LIW 299.0 -> 149.5
a100-llm-02:1031229:1031434 [0] NCCL INFO AIMD[335]: Congestion (RTT=3997.0 > 102.0), LIW 299.0 -> 149.5
a100-llm-02:1031229:1031429 [0] NCCL INFO AIMD[338]: Congestion (RTT=6303.0 > 105.0), LIW 290.0 -> 145.0
a100-llm-02:1031229:1031427 [0] NCCL INFO AIMD[339]: Congestion (RTT=7254.1 > 102.0), LIW 279.0 -> 139.5
a100-llm-02:1031229:1031427 [0] NCCL INFO AIMD[339]: Congestion (RTT=8693.0 > 108.0), LIW 298.0 -> 149.0
a100-llm-02:1031229:1031427 [0] NCCL INFO AIMD[336]: Congestion (RTT=2660.0 > 108.0), LIW 297.0 -> 148.5
a100-llm-02:1031229:1031431 [0] NCCL INFO AIMD[335]: Congestion (RTT=947.0 > 105.0), LIW 147.0 -> 73.5
a100-llm-02:1031229:1031431 [0] NCCL INFO AIMD[342]: Congestion (RTT=11313.0 > 108.0), LIW 295.0 -> 147.5
a100-llm-02:1031229:1031431 [0] NCCL INFO AIMD[348]: Congestion (RTT=1105.0 > 102.0), LIW 277.0 -> 138.5
a100-llm-02:1031229:1031428 [0] NCCL INFO AIMD[349]: Congestion (RTT=9930.0 > 105.0), LIW 287.0 -> 143.5
a100-llm-02:1031229:1031428 [0] NCCL INFO AIMD[349]: Congestion (RTT=6306.0 > 108.0), LIW 298.0 -> 149.0
a100-llm-02:1031229:1031427 [0] NCCL INFO AIMD[355]: Congestion (RTT=7581.0 > 111.0), LIW 299.0 -> 149.5
a100-llm-02:1031229:1031430 [0] NCCL INFO AIMD[350]: Congestion (RTT=2669.0 > 108.0), LIW 284.0 -> 142.0
a100-llm-02:1031229:1031432 [0] NCCL INFO AIMD[349]: Congestion (RTT=943.0 > 108.0), LIW 294.0 -> 147.0
a100-llm-02:1031229:1031434 [0] NCCL INFO AIMD[355]: Congestion (RTT=7581.0 > 99.0), LIW 299.0 -> 149.5
a100-llm-02:1031229:1031427 [0] NCCL INFO AIMD[365]: Congestion (RTT=3899.0 > 105.0), LIW 142.0 -> 71.0
a100-llm-02:1031229:1031427 [0] NCCL INFO AIMD[368]: Congestion (RTT=4000.0 > 105.0), LIW 284.0 -> 142.0
a100-llm-02:1031229:1031431 [0] NCCL INFO AIMD[377]: Congestion (RTT=3997.0 > 102.0), LIW 299.0 -> 149.5
a100-llm-02:1031229:1031431 [0] NCCL INFO AIMD[377]: Congestion (RTT=6303.0 > 105.0), LIW 297.0 -> 148.5
a100-llm-02:1031229:1031429 [0] NCCL INFO AIMD[377]: Congestion (RTT=7282.0 > 102.0), LIW 299.0 -> 149.5
a100-llm-02:1031229:1031429 [0] NCCL INFO AIMD[378]: Congestion (RTT=2660.0 > 108.0), LIW 279.0 -> 139.5
a100-llm-02:1031229:1031429 [0] NCCL INFO AIMD[377]: Congestion (RTT=947.0 > 105.0), LIW 264.0 -> 132.0
a100-llm-02:1031229:1031431 [0] NCCL INFO AIMD[381]: Congestion (RTT=8693.0 > 108.0), LIW 279.0 -> 139.5
a100-llm-02:1031229:1031429 [0] NCCL INFO AIMD[384]: Congestion (RTT=11313.0 > 108.0), LIW 246.0 -> 123.0
a100-llm-02:1031229:1031429 [0] NCCL INFO AIMD[387]: Congestion (RTT=2093.3 > 102.0), LIW 298.0 -> 149.0
a100-llm-02:1031229:1031431 [0] NCCL INFO AIMD[384]: Congestion (RTT=9930.0 > 105.0), LIW 284.0 -> 142.0
a100-llm-02:1031229:1031431 [0] NCCL INFO AIMD[391]: Congestion (RTT=6306.0 > 108.0), LIW 299.0 -> 149.5
a100-llm-02:1031229:1031431 [0] NCCL INFO AIMD[391]: Congestion (RTT=2669.0 > 108.0), LIW 299.0 -> 149.5
a100-llm-02:1031229:1031431 [0] NCCL INFO AIMD[391]: Congestion (RTT=943.0 > 108.0), LIW 299.0 -> 149.5
a100-llm-02:1031229:1031431 [0] NCCL INFO AIMD[391]: Congestion (RTT=7581.0 > 111.0), LIW 299.0 -> 149.5
a100-llm-02:1031229:1031427 [0] NCCL INFO AIMD[397]: Congestion (RTT=7581.0 > 99.0), LIW 276.0 -> 138.0
a100-llm-02:1031229:1031427 [0] NCCL INFO AIMD[405]: Congestion (RTT=3899.0 > 105.0), LIW 298.0 -> 149.0
a100-llm-02:1031229:1031427 [0] NCCL INFO AIMD[405]: Congestion (RTT=4000.0 > 105.0), LIW 299.0 -> 149.5
a100-llm-02:1031229:1031427 [0] NCCL INFO AIMD[405]: Congestion (RTT=3997.0 > 102.0), LIW 299.0 -> 149.5
a100-llm-02:1031229:1031427 [0] NCCL INFO AIMD[405]: Congestion (RTT=6303.0 > 105.0), LIW 299.0 -> 149.5
a100-llm-02:1031229:1031427 [0] NCCL INFO AIMD[409]: Congestion (RTT=7282.0 > 102.0), LIW 299.0 -> 149.5
a100-llm-02:1031229:1031431 [0] NCCL INFO AIMD[406]: Congestion (RTT=2660.0 > 108.0), LIW 299.0 -> 149.5
a100-llm-02:1031229:1031427 [0] NCCL INFO AIMD[409]: Congestion (RTT=8693.0 > 108.0), LIW 299.0 -> 149.5
a100-llm-02:1031229:1031427 [0] NCCL INFO AIMD[405]: Congestion (RTT=947.0 > 105.0), LIW 299.0 -> 149.5
a100-llm-02:1031229:1031427 [0] NCCL INFO AIMD[419]: Congestion (RTT=11313.0 > 108.0), LIW 299.0 -> 149.5
a100-llm-02:1031229:1031427 [0] NCCL INFO AIMD[419]: Congestion (RTT=9930.0 > 105.0), LIW 299.0 -> 149.5
a100-llm-02:1031229:1031427 [0] NCCL INFO AIMD[419]: Congestion (RTT=2137.0 > 102.0), LIW 299.0 -> 149.5
a100-llm-02:1031229:1031427 [0] NCCL INFO AIMD[422]: Congestion (RTT=6306.0 > 108.0), LIW 299.0 -> 149.5
a100-llm-02:1031229:1031427 [0] NCCL INFO AIMD[431]: Congestion (RTT=2669.0 > 108.0), LIW 299.0 -> 149.5
a100-llm-02:1031229:1031427 [0] NCCL INFO AIMD[430]: Congestion (RTT=943.0 > 108.0), LIW 299.0 -> 149.5
a100-llm-02:1031229:1031427 [0] NCCL INFO AIMD[433]: Congestion (RTT=7581.0 > 111.0), LIW 299.0 -> 149.5
a100-llm-02:1031229:1031427 [0] NCCL INFO AIMD[433]: Congestion (RTT=7581.0 > 99.0), LIW 299.0 -> 149.5
a100-llm-02:1031229:1031427 [0] NCCL INFO AIMD[433]: Congestion (RTT=3899.0 > 105.0), LIW 299.0 -> 149.5
a100-llm-02:1031229:1031431 [0] NCCL INFO AIMD[438]: Congestion (RTT=4000.0 > 105.0), LIW 297.0 -> 148.5
a100-llm-02:1031229:1031431 [0] NCCL INFO AIMD[438]: Congestion (RTT=3997.0 > 102.0), LIW 299.0 -> 149.5
a100-llm-02:1031229:1031431 [0] NCCL INFO AIMD[436]: Congestion (RTT=6303.0 > 105.0), LIW 299.0 -> 149.5
a100-llm-02:1031229:1031431 [0] NCCL INFO AIMD[447]: Congestion (RTT=7282.0 > 102.0), LIW 279.0 -> 139.5
a100-llm-02:1031229:1031431 [0] NCCL INFO AIMD[447]: Congestion (RTT=2660.0 > 108.0), LIW 299.0 -> 149.5
a100-llm-02:1031229:1031431 [0] NCCL INFO AIMD[447]: Congestion (RTT=8693.0 > 108.0), LIW 299.0 -> 149.5
a100-llm-02:1031229:1031431 [0] NCCL INFO AIMD[447]: Congestion (RTT=947.0 > 105.0), LIW 299.0 -> 149.5
a100-llm-02:1031229:1031431 [0] NCCL INFO AIMD[447]: Congestion (RTT=11313.0 > 108.0), LIW 299.0 -> 149.5
a100-llm-02:1031229:1031431 [0] NCCL INFO AIMD[447]: Congestion (RTT=9930.0 > 105.0), LIW 299.0 -> 149.5
a100-llm-02:1031229:1031431 [0] NCCL INFO AIMD[447]: Congestion (RTT=2137.0 > 102.0), LIW 299.0 -> 149.5
a100-llm-02:1031229:1031431 [0] NCCL INFO AIMD[450]: Congestion (RTT=6306.0 > 108.0), LIW 299.0 -> 149.5
a100-llm-02:1031229:1031431 [0] NCCL INFO AIMD[455]: Congestion (RTT=943.0 > 108.0), LIW 232.0 -> 116.0
a100-llm-02:1031229:1031431 [0] NCCL INFO AIMD[456]: Congestion (RTT=2669.0 > 108.0), LIW 299.0 -> 149.5
a100-llm-02:1031229:1031431 [0] NCCL INFO AIMD[455]: Congestion (RTT=7581.0 > 111.0), LIW 299.0 -> 149.5
a100-llm-02:1031229:1031431 [0] NCCL INFO AIMD[461]: Congestion (RTT=7581.0 > 99.0), LIW 298.0 -> 149.0
a100-llm-02:1031229:1031431 [0] NCCL INFO AIMD[463]: Congestion (RTT=3899.0 > 105.0), LIW 299.0 -> 149.5
a100-llm-02:1031229:1031431 [0] NCCL INFO AIMD[474]: Congestion (RTT=4000.0 > 105.0), LIW 297.0 -> 148.5
a100-llm-02:1031229:1031433 [0] NCCL INFO AIMD[475]: Congestion (RTT=3997.0 > 102.0), LIW 267.0 -> 133.5
a100-llm-02:1031229:1031431 [0] NCCL INFO AIMD[475]: Congestion (RTT=6303.0 > 105.0), LIW 297.0 -> 148.5
a100-llm-02:1031229:1031431 [0] NCCL INFO AIMD[475]: Congestion (RTT=7282.0 > 102.0), LIW 299.0 -> 149.5
