a100-llm-02:1446595:1446738 [4] NCCL INFO Channel 00/0 : 3[3] -> 4[4] [receive] via NET/IB/11/GDRDMA
a100-llm-02:1446595:1446738 [4] NCCL INFO GPU Direct RDMA Enabled for GPU/0-1036368 (rank 4) - NET/0-11 (distance 5 <= 6, read 0, mode Default)
a100-llm-02:1446595:1446723 [4] NCCL INFO New proxy recv connection 1 from local rank 0, transport 2
a100-llm-02:1446595:1446738 [4] NCCL INFO Connected to proxy localRank 0 -> connection 0x7fd903fa26a8
a100-llm-02:1446595:1446738 [4] NCCL INFO Channel 01/0 : 3[3] -> 4[4] [receive] via NET/IB/11/GDRDMA
a100-llm-02:1446595:1446738 [4] NCCL INFO GPU Direct RDMA Enabled for GPU/0-1036368 (rank 4) - NET/0-11 (distance 5 <= 6, read 1, mode Default)
a100-llm-02:1446595:1446723 [4] NCCL INFO New proxy send connection 2 from local rank 0, transport 2
a100-llm-02:1446595:1446738 [4] NCCL INFO Connected to proxy localRank 0 -> connection 0x7fd903fa2720
a100-llm-02:1446595:1446738 [4] NCCL INFO Channel 00/0 : 4[4] -> 5[5] [send] via NET/IB/11/GDRDMA
a100-llm-02:1446595:1446738 [4] NCCL INFO GPU Direct RDMA Enabled for GPU/0-1036368 (rank 4) - NET/0-11 (distance 5 <= 6, read 1, mode Default)
a100-llm-02:1446595:1446723 [4] NCCL INFO New proxy send connection 3 from local rank 0, transport 2
a100-llm-02:1446595:1446738 [4] NCCL INFO Connected to proxy localRank 0 -> connection 0x7fd903fa2798
a100-llm-02:1446595:1446738 [4] NCCL INFO Channel 01/0 : 4[4] -> 5[5] [send] via NET/IB/11/GDRDMA
a100-llm-02:1446595:1446735 [7] NCCL INFO Connected to proxy localRank 0 -> connection 0x7fd7d8c593e0
a100-llm-02:1446595:1446735 [7] NCCL INFO Channel 00/0 : 6[6] -> 7[7] [receive] via NET/IB/12/GDRDMA
a100-llm-02:1446595:1446735 [7] NCCL INFO GPU Direct RDMA Enabled for GPU/0-1044576 (rank 7) - NET/0-12 (distance 5 <= 6, read 0, mode Default)
a100-llm-02:1446595:1446725 [7] NCCL INFO New proxy recv connection 1 from local rank 0, transport 2
a100-llm-02:1446595:1446735 [7] NCCL INFO Connected to proxy localRank 0 -> connection 0x7fd7d8c59458
a100-llm-02:1446595:1446735 [7] NCCL INFO Channel 01/0 : 6[6] -> 7[7] [receive] via NET/IB/12/GDRDMA
a100-llm-02:1446595:1446735 [7] NCCL INFO GPU Direct RDMA Enabled for GPU/0-1044576 (rank 7) - NET/0-12 (distance 5 <= 6, read 1, mode Default)
a100-llm-02:1446595:1446725 [7] NCCL INFO New proxy send connection 2 from local rank 0, transport 2
a100-llm-02:1446595:1446735 [7] NCCL INFO Connected to proxy localRank 0 -> connection 0x7fd7d8c594d0
a100-llm-02:1446595:1446735 [7] NCCL INFO Channel 00/0 : 7[7] -> 0[0] [send] via NET/IB/12/GDRDMA
a100-llm-02:1446595:1446735 [7] NCCL INFO GPU Direct RDMA Enabled for GPU/0-1044576 (rank 7) - NET/0-12 (distance 5 <= 6, read 1, mode Default)
a100-llm-02:1446595:1446725 [7] NCCL INFO New proxy send connection 3 from local rank 0, transport 2
a100-llm-02:1446595:1446735 [7] NCCL INFO Connected to proxy localRank 0 -> connection 0x7fd7d8c59548
a100-llm-02:1446595:1446735 [7] NCCL INFO Channel 01/0 : 7[7] -> 0[0] [send] via NET/IB/12/GDRDMA
a100-llm-02:1446595:1446740 [2] NCCL INFO Channel 00/0 : 1[1] -> 2[2] [receive] via NET/IB/10/GDRDMA
a100-llm-02:1446595:1446740 [2] NCCL INFO GPU Direct RDMA Enabled for GPU/0-1028176 (rank 2) - NET/0-10 (distance 5 <= 6, read 0, mode Default)
a100-llm-02:1446595:1446727 [2] NCCL INFO New proxy recv connection 1 from local rank 0, transport 2
a100-llm-02:1446595:1446742 [0] NCCL INFO Connected to proxy localRank 0 -> connection 0x7fd8fffa23a0
a100-llm-02:1446595:1446742 [0] NCCL INFO Channel 00/0 : 7[7] -> 0[0] [receive] via NET/IB/9/GDRDMA
a100-llm-02:1446595:1446742 [0] NCCL INFO GPU Direct RDMA Enabled for GPU/0-1019984 (rank 0) - NET/0-9 (distance 5 <= 6, read 0, mode Default)
a100-llm-02:1446595:1446731 [0] NCCL INFO New proxy recv connection 1 from local rank 0, transport 2
a100-llm-02:1446595:1446742 [0] NCCL INFO Connected to proxy localRank 0 -> connection 0x7fd8fffa2418
a100-llm-02:1446595:1446742 [0] NCCL INFO Channel 01/0 : 7[7] -> 0[0] [receive] via NET/IB/9/GDRDMA
a100-llm-02:1446595:1446742 [0] NCCL INFO GPU Direct RDMA Enabled for GPU/0-1019984 (rank 0) - NET/0-9 (distance 5 <= 6, read 1, mode Default)
a100-llm-02:1446595:1446731 [0] NCCL INFO New proxy send connection 2 from local rank 0, transport 2
a100-llm-02:1446595:1446742 [0] NCCL INFO Connected to proxy localRank 0 -> connection 0x7fd8fffa2490
a100-llm-02:1446595:1446742 [0] NCCL INFO Channel 00/0 : 0[0] -> 1[1] [send] via NET/IB/9/GDRDMA
a100-llm-02:1446595:1446742 [0] NCCL INFO GPU Direct RDMA Enabled for GPU/0-1019984 (rank 0) - NET/0-9 (distance 5 <= 6, read 1, mode Default)
a100-llm-02:1446595:1446731 [0] NCCL INFO New proxy send connection 3 from local rank 0, transport 2
a100-llm-02:1446595:1446742 [0] NCCL INFO Connected to proxy localRank 0 -> connection 0x7fd8fffa2508
a100-llm-02:1446595:1446742 [0] NCCL INFO Channel 01/0 : 0[0] -> 1[1] [send] via NET/IB/9/GDRDMA
a100-llm-02:1446595:1446729 [3] NCCL INFO New proxy recv connection 0 from local rank 0, transport 2
a100-llm-02:1446595:1446733 [1] NCCL INFO New proxy recv connection 0 from local rank 0, transport 2
a100-llm-02:1446595:1446719 [5] NCCL INFO New proxy recv connection 0 from local rank 0, transport 2
a100-llm-02:1446595:1446739 [3] NCCL INFO Connected to proxy localRank 0 -> connection 0x7fd7b8000d10
a100-llm-02:1446595:1446721 [6] NCCL INFO New proxy recv connection 0 from local rank 0, transport 2
a100-llm-02:1446595:1446736 [6] NCCL INFO Connected to proxy localRank 0 -> connection 0x7fd907f9bff0
a100-llm-02:1446595:1446737 [5] NCCL INFO Connected to proxy localRank 0 -> connection 0x7fd90f4c9c80
a100-llm-02:1446595:1446740 [2] NCCL INFO Connected to proxy localRank 0 -> connection 0x7fd91bfc7378
a100-llm-02:1446595:1446736 [6] NCCL INFO Channel 00/0 : 5[5] -> 6[6] [receive] via NET/IB/12/GDRDMA
a100-llm-02:1446595:1446736 [6] NCCL INFO GPU Direct RDMA Enabled for GPU/0-1044560 (rank 6) - NET/0-12 (distance 5 <= 6, read 0, mode Default)
a100-llm-02:1446595:1446739 [3] NCCL INFO Channel 00/0 : 2[2] -> 3[3] [receive] via NET/IB/10/GDRDMA
a100-llm-02:1446595:1446739 [3] NCCL INFO GPU Direct RDMA Enabled for GPU/0-1028192 (rank 3) - NET/0-10 (distance 5 <= 6, read 0, mode Default)
a100-llm-02:1446595:1446740 [2] NCCL INFO Channel 01/0 : 1[1] -> 2[2] [receive] via NET/IB/10/GDRDMA
a100-llm-02:1446595:1446740 [2] NCCL INFO GPU Direct RDMA Enabled for GPU/0-1028176 (rank 2) - NET/0-10 (distance 5 <= 6, read 1, mode Default)
a100-llm-02:1446595:1446727 [2] NCCL INFO New proxy send connection 2 from local rank 0, transport 2
a100-llm-02:1446595:1446740 [2] NCCL INFO Connected to proxy localRank 0 -> connection 0x7fd91bfc73f0
a100-llm-02:1446595:1446740 [2] NCCL INFO Channel 00/0 : 2[2] -> 3[3] [send] via NET/IB/10/GDRDMA
a100-llm-02:1446595:1446740 [2] NCCL INFO GPU Direct RDMA Enabled for GPU/0-1028176 (rank 2) - NET/0-10 (distance 5 <= 6, read 1, mode Default)
a100-llm-02:1446595:1446727 [2] NCCL INFO New proxy send connection 3 from local rank 0, transport 2
a100-llm-02:1446595:1446740 [2] NCCL INFO Connected to proxy localRank 0 -> connection 0x7fd91bfc7468
a100-llm-02:1446595:1446740 [2] NCCL INFO Channel 01/0 : 2[2] -> 3[3] [send] via NET/IB/10/GDRDMA
a100-llm-02:1446595:1446721 [6] NCCL INFO New proxy recv connection 1 from local rank 0, transport 2
a100-llm-02:1446595:1446741 [1] NCCL INFO Connected to proxy localRank 0 -> connection 0x7fd7b0000d10
a100-llm-02:1446595:1446736 [6] NCCL INFO Connected to proxy localRank 0 -> connection 0x7fd907f9c068
a100-llm-02:1446595:1446729 [3] NCCL INFO New proxy recv connection 1 from local rank 0, transport 2
a100-llm-02:1446595:1446741 [1] NCCL INFO Channel 00/0 : 0[0] -> 1[1] [receive] via NET/IB/9/GDRDMA
a100-llm-02:1446595:1446741 [1] NCCL INFO GPU Direct RDMA Enabled for GPU/0-1020000 (rank 1) - NET/0-9 (distance 5 <= 6, read 0, mode Default)
a100-llm-02:1446595:1446737 [5] NCCL INFO Channel 00/0 : 4[4] -> 5[5] [receive] via NET/IB/11/GDRDMA
a100-llm-02:1446595:1446737 [5] NCCL INFO GPU Direct RDMA Enabled for GPU/0-1036384 (rank 5) - NET/0-11 (distance 5 <= 6, read 0, mode Default)
a100-llm-02:1446595:1446719 [5] NCCL INFO New proxy recv connection 1 from local rank 0, transport 2
a100-llm-02:1446595:1446736 [6] NCCL INFO Channel 01/0 : 5[5] -> 6[6] [receive] via NET/IB/12/GDRDMA
a100-llm-02:1446595:1446736 [6] NCCL INFO GPU Direct RDMA Enabled for GPU/0-1044560 (rank 6) - NET/0-12 (distance 5 <= 6, read 1, mode Default)
a100-llm-02:1446595:1446733 [1] NCCL INFO New proxy recv connection 1 from local rank 0, transport 2
a100-llm-02:1446595:1446739 [3] NCCL INFO Connected to proxy localRank 0 -> connection 0x7fd7b8000d88
a100-llm-02:1446595:1446721 [6] NCCL INFO New proxy send connection 2 from local rank 0, transport 2
a100-llm-02:1446595:1446737 [5] NCCL INFO Connected to proxy localRank 0 -> connection 0x7fd90f4c9cf8
a100-llm-02:1446595:1446741 [1] NCCL INFO Connected to proxy localRank 0 -> connection 0x7fd7b0000d88
a100-llm-02:1446595:1446736 [6] NCCL INFO Connected to proxy localRank 0 -> connection 0x7fd907f9c0e0
a100-llm-02:1446595:1446739 [3] NCCL INFO Channel 01/0 : 2[2] -> 3[3] [receive] via NET/IB/10/GDRDMA
a100-llm-02:1446595:1446739 [3] NCCL INFO GPU Direct RDMA Enabled for GPU/0-1028192 (rank 3) - NET/0-10 (distance 5 <= 6, read 1, mode Default)
a100-llm-02:1446595:1446729 [3] NCCL INFO New proxy send connection 2 from local rank 0, transport 2
a100-llm-02:1446595:1446737 [5] NCCL INFO Channel 01/0 : 4[4] -> 5[5] [receive] via NET/IB/11/GDRDMA
a100-llm-02:1446595:1446737 [5] NCCL INFO GPU Direct RDMA Enabled for GPU/0-1036384 (rank 5) - NET/0-11 (distance 5 <= 6, read 1, mode Default)
a100-llm-02:1446595:1446741 [1] NCCL INFO Channel 01/0 : 0[0] -> 1[1] [receive] via NET/IB/9/GDRDMA
a100-llm-02:1446595:1446741 [1] NCCL INFO GPU Direct RDMA Enabled for GPU/0-1020000 (rank 1) - NET/0-9 (distance 5 <= 6, read 1, mode Default)
a100-llm-02:1446595:1446733 [1] NCCL INFO New proxy send connection 2 from local rank 0, transport 2
a100-llm-02:1446595:1446739 [3] NCCL INFO Connected to proxy localRank 0 -> connection 0x7fd7b8000e00
a100-llm-02:1446595:1446741 [1] NCCL INFO Connected to proxy localRank 0 -> connection 0x7fd7b0000e00
a100-llm-02:1446595:1446719 [5] NCCL INFO New proxy send connection 2 from local rank 0, transport 2
a100-llm-02:1446595:1446736 [6] NCCL INFO Channel 00/0 : 6[6] -> 7[7] [send] via NET/IB/12/GDRDMA
a100-llm-02:1446595:1446736 [6] NCCL INFO GPU Direct RDMA Enabled for GPU/0-1044560 (rank 6) - NET/0-12 (distance 5 <= 6, read 1, mode Default)
a100-llm-02:1446595:1446741 [1] NCCL INFO Channel 00/0 : 1[1] -> 2[2] [send] via NET/IB/9/GDRDMA
a100-llm-02:1446595:1446741 [1] NCCL INFO GPU Direct RDMA Enabled for GPU/0-1020000 (rank 1) - NET/0-9 (distance 5 <= 6, read 1, mode Default)
a100-llm-02:1446595:1446721 [6] NCCL INFO New proxy send connection 3 from local rank 0, transport 2
a100-llm-02:1446595:1446737 [5] NCCL INFO Connected to proxy localRank 0 -> connection 0x7fd90f4c9d70
a100-llm-02:1446595:1446739 [3] NCCL INFO Channel 00/0 : 3[3] -> 4[4] [send] via NET/IB/10/GDRDMA
a100-llm-02:1446595:1446739 [3] NCCL INFO GPU Direct RDMA Enabled for GPU/0-1028192 (rank 3) - NET/0-10 (distance 5 <= 6, read 1, mode Default)
a100-llm-02:1446595:1446736 [6] NCCL INFO Connected to proxy localRank 0 -> connection 0x7fd907f9c158
a100-llm-02:1446595:1446733 [1] NCCL INFO New proxy send connection 3 from local rank 0, transport 2
a100-llm-02:1446595:1446729 [3] NCCL INFO New proxy send connection 3 from local rank 0, transport 2
a100-llm-02:1446595:1446741 [1] NCCL INFO Connected to proxy localRank 0 -> connection 0x7fd7b0000e78
a100-llm-02:1446595:1446737 [5] NCCL INFO Channel 00/0 : 5[5] -> 6[6] [send] via NET/IB/11/GDRDMA
a100-llm-02:1446595:1446737 [5] NCCL INFO GPU Direct RDMA Enabled for GPU/0-1036384 (rank 5) - NET/0-11 (distance 5 <= 6, read 1, mode Default)
a100-llm-02:1446595:1446719 [5] NCCL INFO New proxy send connection 3 from local rank 0, transport 2
a100-llm-02:1446595:1446739 [3] NCCL INFO Connected to proxy localRank 0 -> connection 0x7fd7b8000e78
a100-llm-02:1446595:1446736 [6] NCCL INFO Channel 01/0 : 6[6] -> 7[7] [send] via NET/IB/12/GDRDMA
a100-llm-02:1446595:1446737 [5] NCCL INFO Connected to proxy localRank 0 -> connection 0x7fd90f4c9de8
a100-llm-02:1446595:1446741 [1] NCCL INFO Channel 01/0 : 1[1] -> 2[2] [send] via NET/IB/9/GDRDMA
a100-llm-02:1446595:1446725 [7] NCCL INFO NET/IB: NCCL Dev 12 IbDev 7 Port 1 qpn 1852 mtu 5 GID 3 (0/455A13C6FFFF0000) ctsFifoRkey=0x151414 ctsFifoLkey=0x151414
a100-llm-02:1446595:1446725 [7] NCCL INFO NET/IB: IbDev 7 Port 1 qpn 1852 query_ece={supported=1, vendor_id=0x15b3, options=0x30000000, comp_mask=0x0}
a100-llm-02:1446595:1446725 [7] NCCL INFO NET/IB: NCCL Dev 12 IbDev 8 Port 1 qpn 1596 mtu 5 GID 3 (0/58B013C6FFFF0000) ctsFifoRkey=0x113cfc ctsFifoLkey=0x113cfc
a100-llm-02:1446595:1446725 [7] NCCL INFO NET/IB: IbDev 8 Port 1 qpn 1596 query_ece={supported=1, vendor_id=0x15b3, options=0x30000000, comp_mask=0x0}
a100-llm-02:1446595:1446725 [7] NCCL INFO NET/IB: NCCL Dev 12 IbDev 7 Port 1 qpn 1853 mtu 5 GID 3 (0/455A13C6FFFF0000) ctsFifoRkey=0x14fdfc ctsFifoLkey=0x14fdfc
a100-llm-02:1446595:1446725 [7] NCCL INFO NET/IB: IbDev 7 Port 1 qpn 1853 query_ece={supported=1, vendor_id=0x15b3, options=0x30000000, comp_mask=0x0}
a100-llm-02:1446595:1446725 [7] NCCL INFO NET/IB: NCCL Dev 12 IbDev 8 Port 1 qpn 1597 mtu 5 GID 3 (0/58B013C6FFFF0000) ctsFifoRkey=0x1124e3 ctsFifoLkey=0x1124e3
a100-llm-02:1446595:1446725 [7] NCCL INFO NET/IB: IbDev 8 Port 1 qpn 1597 query_ece={supported=1, vendor_id=0x15b3, options=0x30000000, comp_mask=0x0}
a100-llm-02:1446595:1446737 [5] NCCL INFO Channel 01/0 : 5[5] -> 6[6] [send] via NET/IB/11/GDRDMA
a100-llm-02:1446595:1446739 [3] NCCL INFO Channel 01/0 : 3[3] -> 4[4] [send] via NET/IB/10/GDRDMA
a100-llm-02:1446595:1446723 [4] NCCL INFO NET/IB: NCCL Dev 11 IbDev 5 Port 1 qpn 1852 mtu 5 GID 3 (0/5E0113C6FFFF0000) ctsFifoRkey=0x152523 ctsFifoLkey=0x152523
a100-llm-02:1446595:1446723 [4] NCCL INFO NET/IB: IbDev 5 Port 1 qpn 1852 query_ece={supported=1, vendor_id=0x15b3, options=0x30000000, comp_mask=0x0}
a100-llm-02:1446595:1446723 [4] NCCL INFO NET/IB: NCCL Dev 11 IbDev 6 Port 1 qpn 1596 mtu 5 GID 3 (0/AF0713C6FFFF0000) ctsFifoRkey=0x117130 ctsFifoLkey=0x117130
a100-llm-02:1446595:1446723 [4] NCCL INFO NET/IB: IbDev 6 Port 1 qpn 1596 query_ece={supported=1, vendor_id=0x15b3, options=0x30000000, comp_mask=0x0}
a100-llm-02:1446595:1446725 [7] NCCL INFO NET/IB: IbDev 7 Port 1 qpn 1852 set_ece={supported=1, vendor_id=0x15b3, options=0x30000000, comp_mask=0x0}
a100-llm-02:1446595:1446725 [7] NCCL INFO NET/IB: IbDev 8 Port 1 qpn 1596 set_ece={supported=1, vendor_id=0x15b3, options=0x30000000, comp_mask=0x0}
a100-llm-02:1446595:1446723 [4] NCCL INFO NET/IB: IbDev 5 Port 1 qpn 1852 set_ece={supported=1, vendor_id=0x15b3, options=0x30000000, comp_mask=0x0}
a100-llm-02:1446595:1446731 [0] NCCL INFO NET/IB: NCCL Dev 9 IbDev 1 Port 1 qpn 1856 mtu 5 GID 3 (0/F74413C6FFFF0000) ctsFifoRkey=0x157e7d ctsFifoLkey=0x157e7d
a100-llm-02:1446595:1446731 [0] NCCL INFO NET/IB: IbDev 1 Port 1 qpn 1856 query_ece={supported=1, vendor_id=0x15b3, options=0x30000000, comp_mask=0x0}
a100-llm-02:1446595:1446731 [0] NCCL INFO NET/IB: NCCL Dev 9 IbDev 2 Port 1 qpn 1600 mtu 5 GID 3 (0/A3F13C6FFFF0000) ctsFifoRkey=0x11c887 ctsFifoLkey=0x11c887
a100-llm-02:1446595:1446731 [0] NCCL INFO NET/IB: IbDev 2 Port 1 qpn 1600 query_ece={supported=1, vendor_id=0x15b3, options=0x30000000, comp_mask=0x0}
a100-llm-02:1446595:1446723 [4] NCCL INFO NET/IB: IbDev 6 Port 1 qpn 1596 set_ece={supported=1, vendor_id=0x15b3, options=0x30000000, comp_mask=0x0}
a100-llm-02:1446595:1446725 [7] NCCL INFO NET/IB: IbDev 7 Port 1 qpn 1853 set_ece={supported=1, vendor_id=0x15b3, options=0x30000000, comp_mask=0x0}
a100-llm-02:1446595:1446725 [7] NCCL INFO NET/IB: IbDev 8 Port 1 qpn 1597 set_ece={supported=1, vendor_id=0x15b3, options=0x30000000, comp_mask=0x0}
a100-llm-02:1446595:1446721 [6] NCCL INFO NET/IB: NCCL Dev 12 IbDev 7 Port 1 qpn 1854 mtu 5 GID 3 (0/455A13C6FFFF0000) ctsFifoRkey=0x150908 ctsFifoLkey=0x150908
a100-llm-02:1446595:1446721 [6] NCCL INFO NET/IB: IbDev 7 Port 1 qpn 1854 query_ece={supported=1, vendor_id=0x15b3, options=0x30000000, comp_mask=0x0}
a100-llm-02:1446595:1446729 [3] NCCL INFO NET/IB: NCCL Dev 10 IbDev 3 Port 1 qpn 1852 mtu 5 GID 3 (0/340D13C6FFFF0000) ctsFifoRkey=0x155c5b ctsFifoLkey=0x155c5b
a100-llm-02:1446595:1446729 [3] NCCL INFO NET/IB: IbDev 3 Port 1 qpn 1852 query_ece={supported=1, vendor_id=0x15b3, options=0x30000000, comp_mask=0x0}
a100-llm-02:1446595:1446729 [3] NCCL INFO NET/IB: NCCL Dev 10 IbDev 4 Port 1 qpn 1596 mtu 5 GID 3 (0/462613C6FFFF0000) ctsFifoRkey=0x11a260 ctsFifoLkey=0x11a260
a100-llm-02:1446595:1446729 [3] NCCL INFO NET/IB: IbDev 4 Port 1 qpn 1596 query_ece={supported=1, vendor_id=0x15b3, options=0x30000000, comp_mask=0x0}
a100-llm-02:1446595:1446731 [0] NCCL INFO NET/IB: NCCL Dev 9 IbDev 1 Port 1 qpn 1857 mtu 5 GID 3 (0/F74413C6FFFF0000) ctsFifoRkey=0x156460 ctsFifoLkey=0x156460
a100-llm-02:1446595:1446731 [0] NCCL INFO NET/IB: IbDev 1 Port 1 qpn 1857 query_ece={supported=1, vendor_id=0x15b3, options=0x30000000, comp_mask=0x0}
a100-llm-02:1446595:1446731 [0] NCCL INFO NET/IB: NCCL Dev 9 IbDev 2 Port 1 qpn 1601 mtu 5 GID 3 (0/A3F13C6FFFF0000) ctsFifoRkey=0x11b06c ctsFifoLkey=0x11b06c
a100-llm-02:1446595:1446731 [0] NCCL INFO NET/IB: IbDev 2 Port 1 qpn 1601 query_ece={supported=1, vendor_id=0x15b3, options=0x30000000, comp_mask=0x0}
a100-llm-02:1446595:1446721 [6] NCCL INFO NET/IB: NCCL Dev 12 IbDev 8 Port 1 qpn 1598 mtu 5 GID 3 (0/58B013C6FFFF0000) ctsFifoRkey=0x1130ef ctsFifoLkey=0x1130ef
a100-llm-02:1446595:1446721 [6] NCCL INFO NET/IB: IbDev 8 Port 1 qpn 1598 query_ece={supported=1, vendor_id=0x15b3, options=0x30000000, comp_mask=0x0}
a100-llm-02:1446595:1446723 [4] NCCL INFO NET/IB: NCCL Dev 11 IbDev 5 Port 1 qpn 1855 mtu 5 GID 3 (0/5E0113C6FFFF0000) ctsFifoRkey=0x151816 ctsFifoLkey=0x151816
a100-llm-02:1446595:1446723 [4] NCCL INFO NET/IB: IbDev 5 Port 1 qpn 1855 query_ece={supported=1, vendor_id=0x15b3, options=0x30000000, comp_mask=0x0}
a100-llm-02:1446595:1446723 [4] NCCL INFO NET/IB: NCCL Dev 11 IbDev 6 Port 1 qpn 1599 mtu 5 GID 3 (0/AF0713C6FFFF0000) ctsFifoRkey=0x116523 ctsFifoLkey=0x116523
a100-llm-02:1446595:1446723 [4] NCCL INFO NET/IB: IbDev 6 Port 1 qpn 1599 query_ece={supported=1, vendor_id=0x15b3, options=0x30000000, comp_mask=0x0}
a100-llm-02:1446595:1446727 [2] NCCL INFO NET/IB: NCCL Dev 10 IbDev 3 Port 1 qpn 1853 mtu 5 GID 3 (0/340D13C6FFFF0000) ctsFifoRkey=0x159897 ctsFifoLkey=0x159897
a100-llm-02:1446595:1446727 [2] NCCL INFO NET/IB: IbDev 3 Port 1 qpn 1853 query_ece={supported=1, vendor_id=0x15b3, options=0x30000000, comp_mask=0x0}
a100-llm-02:1446595:1446727 [2] NCCL INFO NET/IB: NCCL Dev 10 IbDev 4 Port 1 qpn 1597 mtu 5 GID 3 (0/462613C6FFFF0000) ctsFifoRkey=0x11e2a1 ctsFifoLkey=0x11e2a1
a100-llm-02:1446595:1446727 [2] NCCL INFO NET/IB: IbDev 4 Port 1 qpn 1597 query_ece={supported=1, vendor_id=0x15b3, options=0x30000000, comp_mask=0x0}
a100-llm-02:1446595:1446733 [1] NCCL INFO NET/IB: NCCL Dev 9 IbDev 1 Port 1 qpn 1858 mtu 5 GID 3 (0/F74413C6FFFF0000) ctsFifoRkey=0x154a4a ctsFifoLkey=0x154a4a
a100-llm-02:1446595:1446733 [1] NCCL INFO NET/IB: IbDev 1 Port 1 qpn 1858 query_ece={supported=1, vendor_id=0x15b3, options=0x30000000, comp_mask=0x0}
a100-llm-02:1446595:1446727 [2] NCCL INFO NET/IB: NCCL Dev 10 IbDev 3 Port 1 qpn 1854 mtu 5 GID 3 (0/340D13C6FFFF0000) ctsFifoRkey=0x15afae ctsFifoLkey=0x15afae
a100-llm-02:1446595:1446727 [2] NCCL INFO NET/IB: IbDev 3 Port 1 qpn 1854 query_ece={supported=1, vendor_id=0x15b3, options=0x30000000, comp_mask=0x0}
a100-llm-02:1446595:1446733 [1] NCCL INFO NET/IB: NCCL Dev 9 IbDev 2 Port 1 qpn 1602 mtu 5 GID 3 (0/A3F13C6FFFF0000) ctsFifoRkey=0x119655 ctsFifoLkey=0x119655
a100-llm-02:1446595:1446733 [1] NCCL INFO NET/IB: IbDev 2 Port 1 qpn 1602 query_ece={supported=1, vendor_id=0x15b3, options=0x30000000, comp_mask=0x0}
a100-llm-02:1446595:1446727 [2] NCCL INFO NET/IB: NCCL Dev 10 IbDev 4 Port 1 qpn 1598 mtu 5 GID 3 (0/462613C6FFFF0000) ctsFifoRkey=0x11faba ctsFifoLkey=0x11faba
a100-llm-02:1446595:1446727 [2] NCCL INFO NET/IB: IbDev 4 Port 1 qpn 1598 query_ece={supported=1, vendor_id=0x15b3, options=0x30000000, comp_mask=0x0}
a100-llm-02:1446595:1446719 [5] NCCL INFO NET/IB: NCCL Dev 11 IbDev 5 Port 1 qpn 1858 mtu 5 GID 3 (0/5E0113C6FFFF0000) ctsFifoRkey=0x14e8e6 ctsFifoLkey=0x14e8e6
a100-llm-02:1446595:1446719 [5] NCCL INFO NET/IB: IbDev 5 Port 1 qpn 1858 query_ece={supported=1, vendor_id=0x15b3, options=0x30000000, comp_mask=0x0}
a100-llm-02:1446595:1446719 [5] NCCL INFO NET/IB: NCCL Dev 11 IbDev 6 Port 1 qpn 1602 mtu 5 GID 3 (0/AF0713C6FFFF0000) ctsFifoRkey=0x1136f5 ctsFifoLkey=0x1136f5
a100-llm-02:1446595:1446719 [5] NCCL INFO NET/IB: IbDev 6 Port 1 qpn 1602 query_ece={supported=1, vendor_id=0x15b3, options=0x30000000, comp_mask=0x0}
a100-llm-02:1446595:1446721 [6] NCCL INFO NET/IB: NCCL Dev 12 IbDev 7 Port 1 qpn 1856 mtu 5 GID 3 (0/455A13C6FFFF0000) ctsFifoRkey=0x153837 ctsFifoLkey=0x153837
a100-llm-02:1446595:1446721 [6] NCCL INFO NET/IB: IbDev 7 Port 1 qpn 1856 query_ece={supported=1, vendor_id=0x15b3, options=0x30000000, comp_mask=0x0}
a100-llm-02:1446595:1446721 [6] NCCL INFO NET/IB: NCCL Dev 12 IbDev 8 Port 1 qpn 1600 mtu 5 GID 3 (0/58B013C6FFFF0000) ctsFifoRkey=0x11601f ctsFifoLkey=0x11601f
a100-llm-02:1446595:1446721 [6] NCCL INFO NET/IB: IbDev 8 Port 1 qpn 1600 query_ece={supported=1, vendor_id=0x15b3, options=0x30000000, comp_mask=0x0}
a100-llm-02:1446595:1446733 [1] NCCL INFO NET/IB: NCCL Dev 9 IbDev 1 Port 1 qpn 1861 mtu 5 GID 3 (0/F74413C6FFFF0000) ctsFifoRkey=0x158c89 ctsFifoLkey=0x158c89
a100-llm-02:1446595:1446733 [1] NCCL INFO NET/IB: IbDev 1 Port 1 qpn 1861 query_ece={supported=1, vendor_id=0x15b3, options=0x30000000, comp_mask=0x0}
a100-llm-02:1446595:1446733 [1] NCCL INFO NET/IB: NCCL Dev 9 IbDev 2 Port 1 qpn 1605 mtu 5 GID 3 (0/A3F13C6FFFF0000) ctsFifoRkey=0x11d392 ctsFifoLkey=0x11d392
a100-llm-02:1446595:1446733 [1] NCCL INFO NET/IB: IbDev 2 Port 1 qpn 1605 query_ece={supported=1, vendor_id=0x15b3, options=0x30000000, comp_mask=0x0}
a100-llm-02:1446595:1446729 [3] NCCL INFO NET/IB: NCCL Dev 10 IbDev 3 Port 1 qpn 1857 mtu 5 GID 3 (0/340D13C6FFFF0000) ctsFifoRkey=0x15bbba ctsFifoLkey=0x15bbba
a100-llm-02:1446595:1446729 [3] NCCL INFO NET/IB: IbDev 3 Port 1 qpn 1857 query_ece={supported=1, vendor_id=0x15b3, options=0x30000000, comp_mask=0x0}
a100-llm-02:1446595:1446729 [3] NCCL INFO NET/IB: NCCL Dev 10 IbDev 4 Port 1 qpn 1601 mtu 5 GID 3 (0/462613C6FFFF0000) ctsFifoRkey=0x1206c5 ctsFifoLkey=0x1206c5
a100-llm-02:1446595:1446729 [3] NCCL INFO NET/IB: IbDev 4 Port 1 qpn 1601 query_ece={supported=1, vendor_id=0x15b3, options=0x30000000, comp_mask=0x0}
a100-llm-02:1446595:1446723 [4] NCCL INFO NET/IB: IbDev 5 Port 1 qpn 1855 set_ece={supported=1, vendor_id=0x15b3, options=0x30000000, comp_mask=0x0}
a100-llm-02:1446595:1446719 [5] NCCL INFO NET/IB: NCCL Dev 11 IbDev 5 Port 1 qpn 1861 mtu 5 GID 3 (0/5E0113C6FFFF0000) ctsFifoRkey=0x14fe01 ctsFifoLkey=0x14fe01
a100-llm-02:1446595:1446719 [5] NCCL INFO NET/IB: IbDev 5 Port 1 qpn 1861 query_ece={supported=1, vendor_id=0x15b3, options=0x30000000, comp_mask=0x0}
a100-llm-02:1446595:1446719 [5] NCCL INFO NET/IB: NCCL Dev 11 IbDev 6 Port 1 qpn 1605 mtu 5 GID 3 (0/AF0713C6FFFF0000) ctsFifoRkey=0x114e0d ctsFifoLkey=0x114e0d
a100-llm-02:1446595:1446719 [5] NCCL INFO NET/IB: IbDev 6 Port 1 qpn 1605 query_ece={supported=1, vendor_id=0x15b3, options=0x30000000, comp_mask=0x0}
a100-llm-02:1446595:1446723 [4] NCCL INFO NET/IB: IbDev 6 Port 1 qpn 1599 set_ece={supported=1, vendor_id=0x15b3, options=0x30000000, comp_mask=0x0}
a100-llm-02:1446595:1446729 [3] NCCL INFO NET/IB: IbDev 3 Port 1 qpn 1852 set_ece={supported=1, vendor_id=0x15b3, options=0x30000000, comp_mask=0x0}
a100-llm-02:1446595:1446729 [3] NCCL INFO NET/IB: IbDev 4 Port 1 qpn 1596 set_ece={supported=1, vendor_id=0x15b3, options=0x30000000, comp_mask=0x0}
a100-llm-02:1446595:1446733 [1] NCCL INFO NET/IB: IbDev 1 Port 1 qpn 1858 set_ece={supported=1, vendor_id=0x15b3, options=0x30000000, comp_mask=0x0}
a100-llm-02:1446595:1446733 [1] NCCL INFO NET/IB: IbDev 2 Port 1 qpn 1602 set_ece={supported=1, vendor_id=0x15b3, options=0x30000000, comp_mask=0x0}
a100-llm-02:1446595:1446731 [0] NCCL INFO NET/IB: IbDev 1 Port 1 qpn 1856 set_ece={supported=1, vendor_id=0x15b3, options=0x30000000, comp_mask=0x0}
a100-llm-02:1446595:1446731 [0] NCCL INFO NET/IB: IbDev 2 Port 1 qpn 1600 set_ece={supported=1, vendor_id=0x15b3, options=0x30000000, comp_mask=0x0}
a100-llm-02:1446595:1446731 [0] NCCL INFO NET/IB: IbDev 1 Port 1 qpn 1857 set_ece={supported=1, vendor_id=0x15b3, options=0x30000000, comp_mask=0x0}
a100-llm-02:1446595:1446731 [0] NCCL INFO NET/IB: IbDev 2 Port 1 qpn 1601 set_ece={supported=1, vendor_id=0x15b3, options=0x30000000, comp_mask=0x0}
a100-llm-02:1446595:1446721 [6] NCCL INFO NET/IB: IbDev 7 Port 1 qpn 1854 set_ece={supported=1, vendor_id=0x15b3, options=0x30000000, comp_mask=0x0}
a100-llm-02:1446595:1446721 [6] NCCL INFO NET/IB: IbDev 8 Port 1 qpn 1598 set_ece={supported=1, vendor_id=0x15b3, options=0x30000000, comp_mask=0x0}
a100-llm-02:1446595:1446727 [2] NCCL INFO NET/IB: IbDev 3 Port 1 qpn 1854 set_ece={supported=1, vendor_id=0x15b3, options=0x30000000, comp_mask=0x0}
a100-llm-02:1446595:1446727 [2] NCCL INFO NET/IB: IbDev 4 Port 1 qpn 1598 set_ece={supported=1, vendor_id=0x15b3, options=0x30000000, comp_mask=0x0}
a100-llm-02:1446595:1446719 [5] NCCL INFO NET/IB: IbDev 5 Port 1 qpn 1858 set_ece={supported=1, vendor_id=0x15b3, options=0x30000000, comp_mask=0x0}
a100-llm-02:1446595:1446719 [5] NCCL INFO NET/IB: IbDev 6 Port 1 qpn 1602 set_ece={supported=1, vendor_id=0x15b3, options=0x30000000, comp_mask=0x0}
a100-llm-02:1446595:1446733 [1] NCCL INFO NET/IB: IbDev 1 Port 1 qpn 1861 set_ece={supported=1, vendor_id=0x15b3, options=0x30000000, comp_mask=0x0}
a100-llm-02:1446595:1446733 [1] NCCL INFO NET/IB: IbDev 2 Port 1 qpn 1605 set_ece={supported=1, vendor_id=0x15b3, options=0x30000000, comp_mask=0x0}
a100-llm-02:1446595:1446727 [2] NCCL INFO NET/IB: IbDev 3 Port 1 qpn 1853 set_ece={supported=1, vendor_id=0x15b3, options=0x30000000, comp_mask=0x0}
a100-llm-02:1446595:1446727 [2] NCCL INFO NET/IB: IbDev 4 Port 1 qpn 1597 set_ece={supported=1, vendor_id=0x15b3, options=0x30000000, comp_mask=0x0}
a100-llm-02:1446595:1446721 [6] NCCL INFO NET/IB: IbDev 7 Port 1 qpn 1856 set_ece={supported=1, vendor_id=0x15b3, options=0x30000000, comp_mask=0x0}
a100-llm-02:1446595:1446721 [6] NCCL INFO NET/IB: IbDev 8 Port 1 qpn 1600 set_ece={supported=1, vendor_id=0x15b3, options=0x30000000, comp_mask=0x0}
a100-llm-02:1446595:1446729 [3] NCCL INFO NET/IB: IbDev 3 Port 1 qpn 1857 set_ece={supported=1, vendor_id=0x15b3, options=0x30000000, comp_mask=0x0}
a100-llm-02:1446595:1446729 [3] NCCL INFO NET/IB: IbDev 4 Port 1 qpn 1601 set_ece={supported=1, vendor_id=0x15b3, options=0x30000000, comp_mask=0x0}
a100-llm-02:1446595:1446719 [5] NCCL INFO NET/IB: IbDev 5 Port 1 qpn 1861 set_ece={supported=1, vendor_id=0x15b3, options=0x30000000, comp_mask=0x0}
a100-llm-02:1446595:1446719 [5] NCCL INFO NET/IB: IbDev 6 Port 1 qpn 1605 set_ece={supported=1, vendor_id=0x15b3, options=0x30000000, comp_mask=0x0}
[AIMD] FinalizeChunkRTT: cc=0x7fd7d4001000 slot=0 inflight_before=1
warmup done.
[AIMD] FinalizeChunkRTT: cc=0x7fd7cc001000 slot=124 inflight_before=1
[AIMD] FinalizeChunkRTT: cc=0x7fd7cc001000 slot=470 inflight_before=2
a100-llm-02:1446595:1446700 [0] NCCL INFO V2MIN: pressure=1.000 (fast=0.122 slow=0.003 dev=0.1189) state=SHRINK window=204 floor=204 high=2583 low=0 ncc=16
[AIMD] FinalizeChunkRTT: cc=0x7fd7c8001000 slot=248 inflight_before=1
[AIMD] FinalizeChunkRTT: cc=0x7fd7c0001000 slot=483 inflight_before=5
[AIMD] FinalizeChunkRTT: cc=0x7fd7cc001000 slot=800 inflight_before=1
[AIMD] FinalizeChunkRTT: cc=0x7fd7c0001000 slot=364 inflight_before=1
CSV written to: oracle_results/6_v2_minimal_pinned_with_stress_20260409_111448_r5.csv

========================================
  Oracle Experiment Results
========================================
Config: nDev=8  count=1048576  data=4.19 MB  iters=500
NCCL_AIMD_ENABLE=1  NCCL_CC_ORACLE_FACTOR=(unset)

Wall-clock latency (us):
  mean= 11061.9  stddev= 11698.8
  p50 =  6087.9  p99   = 45785.4  max= 71042.2

Collective max GPU latency (us):
  mean= 10462.9  stddev= 11328.0
  p50 =  5598.7  p99   = 41778.6  max= 71020.5

Rank skew (us):
  mean=   657.5  stddev=  1676.6
  p50 =   176.1  p99   =  9190.5  max= 14264.3

Avg algo bandwidth: 0.66 GB/s
========================================

