a100-llm-02:1395510:1395672 [3] NCCL INFO Connected to proxy localRank 0 -> connection 0x7f1ca4000d88
a100-llm-02:1395510:1395672 [3] NCCL INFO Channel 01/0 : 2[2] -> 3[3] [receive] via NET/IB/10/GDRDMA
a100-llm-02:1395510:1395672 [3] NCCL INFO GPU Direct RDMA Enabled for GPU/0-1028192 (rank 3) - NET/0-10 (distance 5 <= 6, read 1, mode Default)
a100-llm-02:1395510:1395652 [3] NCCL INFO New proxy send connection 2 from local rank 0, transport 2
a100-llm-02:1395510:1395672 [3] NCCL INFO Connected to proxy localRank 0 -> connection 0x7f1ca4000e00
a100-llm-02:1395510:1395672 [3] NCCL INFO Channel 00/0 : 3[3] -> 4[4] [send] via NET/IB/10/GDRDMA
a100-llm-02:1395510:1395672 [3] NCCL INFO GPU Direct RDMA Enabled for GPU/0-1028192 (rank 3) - NET/0-10 (distance 5 <= 6, read 1, mode Default)
a100-llm-02:1395510:1395652 [3] NCCL INFO New proxy send connection 3 from local rank 0, transport 2
a100-llm-02:1395510:1395661 [7] NCCL INFO New proxy recv connection 0 from local rank 0, transport 2
a100-llm-02:1395510:1395672 [3] NCCL INFO Connected to proxy localRank 0 -> connection 0x7f1ca4000e78
a100-llm-02:1395510:1395666 [0] NCCL INFO New proxy recv connection 0 from local rank 0, transport 2
a100-llm-02:1395510:1395668 [7] NCCL INFO Connected to proxy localRank 0 -> connection 0x7f1c8c000d10
a100-llm-02:1395510:1395654 [4] NCCL INFO New proxy recv connection 0 from local rank 0, transport 2
a100-llm-02:1395510:1395675 [0] NCCL INFO Connected to proxy localRank 0 -> connection 0x56509be2d190
a100-llm-02:1395510:1395675 [0] NCCL INFO Channel 00/0 : 7[7] -> 0[0] [receive] via NET/IB/9/GDRDMA
a100-llm-02:1395510:1395675 [0] NCCL INFO GPU Direct RDMA Enabled for GPU/0-1019984 (rank 0) - NET/0-9 (distance 5 <= 6, read 0, mode Default)
a100-llm-02:1395510:1395666 [0] NCCL INFO New proxy recv connection 1 from local rank 0, transport 2
a100-llm-02:1395510:1395675 [0] NCCL INFO Connected to proxy localRank 0 -> connection 0x56509be2d208
a100-llm-02:1395510:1395675 [0] NCCL INFO Channel 01/0 : 7[7] -> 0[0] [receive] via NET/IB/9/GDRDMA
a100-llm-02:1395510:1395675 [0] NCCL INFO GPU Direct RDMA Enabled for GPU/0-1019984 (rank 0) - NET/0-9 (distance 5 <= 6, read 1, mode Default)
a100-llm-02:1395510:1395666 [0] NCCL INFO New proxy send connection 2 from local rank 0, transport 2
a100-llm-02:1395510:1395675 [0] NCCL INFO Connected to proxy localRank 0 -> connection 0x56509be2d280
a100-llm-02:1395510:1395675 [0] NCCL INFO Channel 00/0 : 0[0] -> 1[1] [send] via NET/IB/9/GDRDMA
a100-llm-02:1395510:1395675 [0] NCCL INFO GPU Direct RDMA Enabled for GPU/0-1019984 (rank 0) - NET/0-9 (distance 5 <= 6, read 1, mode Default)
a100-llm-02:1395510:1395666 [0] NCCL INFO New proxy send connection 3 from local rank 0, transport 2
a100-llm-02:1395510:1395675 [0] NCCL INFO Connected to proxy localRank 0 -> connection 0x56509be2d2f8
a100-llm-02:1395510:1395675 [0] NCCL INFO Channel 01/0 : 0[0] -> 1[1] [send] via NET/IB/9/GDRDMA
a100-llm-02:1395510:1395668 [7] NCCL INFO Channel 00/0 : 6[6] -> 7[7] [receive] via NET/IB/12/GDRDMA
a100-llm-02:1395510:1395668 [7] NCCL INFO GPU Direct RDMA Enabled for GPU/0-1044576 (rank 7) - NET/0-12 (distance 5 <= 6, read 0, mode Default)
a100-llm-02:1395510:1395661 [7] NCCL INFO New proxy recv connection 1 from local rank 0, transport 2
a100-llm-02:1395510:1395668 [7] NCCL INFO Connected to proxy localRank 0 -> connection 0x7f1c8c000d88
a100-llm-02:1395510:1395672 [3] NCCL INFO Channel 01/0 : 3[3] -> 4[4] [send] via NET/IB/10/GDRDMA
a100-llm-02:1395510:1395671 [4] NCCL INFO Connected to proxy localRank 0 -> connection 0x7f1c90000d10
a100-llm-02:1395510:1395671 [4] NCCL INFO Channel 00/0 : 3[3] -> 4[4] [receive] via NET/IB/11/GDRDMA
a100-llm-02:1395510:1395671 [4] NCCL INFO GPU Direct RDMA Enabled for GPU/0-1036368 (rank 4) - NET/0-11 (distance 5 <= 6, read 0, mode Default)
a100-llm-02:1395510:1395654 [4] NCCL INFO New proxy recv connection 1 from local rank 0, transport 2
a100-llm-02:1395510:1395671 [4] NCCL INFO Connected to proxy localRank 0 -> connection 0x7f1c90000d88
a100-llm-02:1395510:1395671 [4] NCCL INFO Channel 01/0 : 3[3] -> 4[4] [receive] via NET/IB/11/GDRDMA
a100-llm-02:1395510:1395671 [4] NCCL INFO GPU Direct RDMA Enabled for GPU/0-1036368 (rank 4) - NET/0-11 (distance 5 <= 6, read 1, mode Default)
a100-llm-02:1395510:1395654 [4] NCCL INFO New proxy send connection 2 from local rank 0, transport 2
a100-llm-02:1395510:1395671 [4] NCCL INFO Connected to proxy localRank 0 -> connection 0x7f1c90000e00
a100-llm-02:1395510:1395671 [4] NCCL INFO Channel 00/0 : 4[4] -> 5[5] [send] via NET/IB/11/GDRDMA
a100-llm-02:1395510:1395671 [4] NCCL INFO GPU Direct RDMA Enabled for GPU/0-1036368 (rank 4) - NET/0-11 (distance 5 <= 6, read 1, mode Default)
a100-llm-02:1395510:1395654 [4] NCCL INFO New proxy send connection 3 from local rank 0, transport 2
a100-llm-02:1395510:1395671 [4] NCCL INFO Connected to proxy localRank 0 -> connection 0x7f1c90000e78
a100-llm-02:1395510:1395671 [4] NCCL INFO Channel 01/0 : 4[4] -> 5[5] [send] via NET/IB/11/GDRDMA
a100-llm-02:1395510:1395650 [2] NCCL INFO New proxy recv connection 0 from local rank 0, transport 2
a100-llm-02:1395510:1395647 [1] NCCL INFO New proxy recv connection 0 from local rank 0, transport 2
a100-llm-02:1395510:1395668 [7] NCCL INFO Channel 01/0 : 6[6] -> 7[7] [receive] via NET/IB/12/GDRDMA
a100-llm-02:1395510:1395668 [7] NCCL INFO GPU Direct RDMA Enabled for GPU/0-1044576 (rank 7) - NET/0-12 (distance 5 <= 6, read 1, mode Default)
a100-llm-02:1395510:1395661 [7] NCCL INFO New proxy send connection 2 from local rank 0, transport 2
a100-llm-02:1395510:1395674 [1] NCCL INFO Connected to proxy localRank 0 -> connection 0x7f1ddbfa2c70
a100-llm-02:1395510:1395673 [2] NCCL INFO Connected to proxy localRank 0 -> connection 0x7f1ca8000d10
a100-llm-02:1395510:1395673 [2] NCCL INFO Channel 00/0 : 1[1] -> 2[2] [receive] via NET/IB/10/GDRDMA
a100-llm-02:1395510:1395673 [2] NCCL INFO GPU Direct RDMA Enabled for GPU/0-1028176 (rank 2) - NET/0-10 (distance 5 <= 6, read 0, mode Default)
a100-llm-02:1395510:1395650 [2] NCCL INFO New proxy recv connection 1 from local rank 0, transport 2
a100-llm-02:1395510:1395673 [2] NCCL INFO Connected to proxy localRank 0 -> connection 0x7f1ca8000d88
a100-llm-02:1395510:1395673 [2] NCCL INFO Channel 01/0 : 1[1] -> 2[2] [receive] via NET/IB/10/GDRDMA
a100-llm-02:1395510:1395673 [2] NCCL INFO GPU Direct RDMA Enabled for GPU/0-1028176 (rank 2) - NET/0-10 (distance 5 <= 6, read 1, mode Default)
a100-llm-02:1395510:1395650 [2] NCCL INFO New proxy send connection 2 from local rank 0, transport 2
a100-llm-02:1395510:1395673 [2] NCCL INFO Connected to proxy localRank 0 -> connection 0x7f1ca8000e00
a100-llm-02:1395510:1395673 [2] NCCL INFO Channel 00/0 : 2[2] -> 3[3] [send] via NET/IB/10/GDRDMA
a100-llm-02:1395510:1395673 [2] NCCL INFO GPU Direct RDMA Enabled for GPU/0-1028176 (rank 2) - NET/0-10 (distance 5 <= 6, read 1, mode Default)
a100-llm-02:1395510:1395650 [2] NCCL INFO New proxy send connection 3 from local rank 0, transport 2
a100-llm-02:1395510:1395673 [2] NCCL INFO Connected to proxy localRank 0 -> connection 0x7f1ca8000e78
a100-llm-02:1395510:1395673 [2] NCCL INFO Channel 01/0 : 2[2] -> 3[3] [send] via NET/IB/10/GDRDMA
a100-llm-02:1395510:1395668 [7] NCCL INFO Connected to proxy localRank 0 -> connection 0x7f1c8c000e00
a100-llm-02:1395510:1395674 [1] NCCL INFO Channel 00/0 : 0[0] -> 1[1] [receive] via NET/IB/9/GDRDMA
a100-llm-02:1395510:1395674 [1] NCCL INFO GPU Direct RDMA Enabled for GPU/0-1020000 (rank 1) - NET/0-9 (distance 5 <= 6, read 0, mode Default)
a100-llm-02:1395510:1395647 [1] NCCL INFO New proxy recv connection 1 from local rank 0, transport 2
a100-llm-02:1395510:1395668 [7] NCCL INFO Channel 00/0 : 7[7] -> 0[0] [send] via NET/IB/12/GDRDMA
a100-llm-02:1395510:1395668 [7] NCCL INFO GPU Direct RDMA Enabled for GPU/0-1044576 (rank 7) - NET/0-12 (distance 5 <= 6, read 1, mode Default)
a100-llm-02:1395510:1395661 [7] NCCL INFO New proxy send connection 3 from local rank 0, transport 2
a100-llm-02:1395510:1395674 [1] NCCL INFO Connected to proxy localRank 0 -> connection 0x7f1ddbfa2ce8
a100-llm-02:1395510:1395668 [7] NCCL INFO Connected to proxy localRank 0 -> connection 0x7f1c8c000e78
a100-llm-02:1395510:1395668 [7] NCCL INFO Channel 01/0 : 7[7] -> 0[0] [send] via NET/IB/12/GDRDMA
a100-llm-02:1395510:1395674 [1] NCCL INFO Channel 01/0 : 0[0] -> 1[1] [receive] via NET/IB/9/GDRDMA
a100-llm-02:1395510:1395674 [1] NCCL INFO GPU Direct RDMA Enabled for GPU/0-1020000 (rank 1) - NET/0-9 (distance 5 <= 6, read 1, mode Default)
a100-llm-02:1395510:1395647 [1] NCCL INFO New proxy send connection 2 from local rank 0, transport 2
a100-llm-02:1395510:1395674 [1] NCCL INFO Connected to proxy localRank 0 -> connection 0x7f1ddbfa2d60
a100-llm-02:1395510:1395674 [1] NCCL INFO Channel 00/0 : 1[1] -> 2[2] [send] via NET/IB/9/GDRDMA
a100-llm-02:1395510:1395674 [1] NCCL INFO GPU Direct RDMA Enabled for GPU/0-1020000 (rank 1) - NET/0-9 (distance 5 <= 6, read 1, mode Default)
a100-llm-02:1395510:1395647 [1] NCCL INFO New proxy send connection 3 from local rank 0, transport 2
a100-llm-02:1395510:1395674 [1] NCCL INFO Connected to proxy localRank 0 -> connection 0x7f1ddbfa2dd8
a100-llm-02:1395510:1395674 [1] NCCL INFO Channel 01/0 : 1[1] -> 2[2] [send] via NET/IB/9/GDRDMA
a100-llm-02:1395510:1395666 [0] NCCL INFO NET/IB: NCCL Dev 9 IbDev 1 Port 1 qpn 1252 mtu 5 GID 3 (0/F74413C6FFFF0000) ctsFifoRkey=0x19dddd ctsFifoLkey=0x19dddd
a100-llm-02:1395510:1395666 [0] NCCL INFO NET/IB: IbDev 1 Port 1 qpn 1252 query_ece={supported=1, vendor_id=0x15b3, options=0x30000000, comp_mask=0x0}
a100-llm-02:1395510:1395666 [0] NCCL INFO NET/IB: NCCL Dev 9 IbDev 2 Port 1 qpn 996 mtu 5 GID 3 (0/A3F13C6FFFF0000) ctsFifoRkey=0x1620de ctsFifoLkey=0x1620de
a100-llm-02:1395510:1395666 [0] NCCL INFO NET/IB: IbDev 2 Port 1 qpn 996 query_ece={supported=1, vendor_id=0x15b3, options=0x30000000, comp_mask=0x0}
a100-llm-02:1395510:1395666 [0] NCCL INFO NET/IB: NCCL Dev 9 IbDev 1 Port 1 qpn 1253 mtu 5 GID 3 (0/F74413C6FFFF0000) ctsFifoRkey=0x19ebe9 ctsFifoLkey=0x19ebe9
a100-llm-02:1395510:1395666 [0] NCCL INFO NET/IB: IbDev 1 Port 1 qpn 1253 query_ece={supported=1, vendor_id=0x15b3, options=0x30000000, comp_mask=0x0}
a100-llm-02:1395510:1395666 [0] NCCL INFO NET/IB: NCCL Dev 9 IbDev 2 Port 1 qpn 997 mtu 5 GID 3 (0/A3F13C6FFFF0000) ctsFifoRkey=0x162ceb ctsFifoLkey=0x162ceb
a100-llm-02:1395510:1395666 [0] NCCL INFO NET/IB: IbDev 2 Port 1 qpn 997 query_ece={supported=1, vendor_id=0x15b3, options=0x30000000, comp_mask=0x0}
a100-llm-02:1395510:1395658 [6] NCCL INFO New proxy recv connection 0 from local rank 0, transport 2
a100-llm-02:1395510:1395669 [6] NCCL INFO Connected to proxy localRank 0 -> connection 0x7f1c9c000d10
a100-llm-02:1395510:1395656 [5] NCCL INFO New proxy recv connection 0 from local rank 0, transport 2
a100-llm-02:1395510:1395669 [6] NCCL INFO Channel 00/0 : 5[5] -> 6[6] [receive] via NET/IB/12/GDRDMA
a100-llm-02:1395510:1395669 [6] NCCL INFO GPU Direct RDMA Enabled for GPU/0-1044560 (rank 6) - NET/0-12 (distance 5 <= 6, read 0, mode Default)
a100-llm-02:1395510:1395658 [6] NCCL INFO New proxy recv connection 1 from local rank 0, transport 2
a100-llm-02:1395510:1395669 [6] NCCL INFO Connected to proxy localRank 0 -> connection 0x7f1c9c000d88
a100-llm-02:1395510:1395669 [6] NCCL INFO Channel 01/0 : 5[5] -> 6[6] [receive] via NET/IB/12/GDRDMA
a100-llm-02:1395510:1395669 [6] NCCL INFO GPU Direct RDMA Enabled for GPU/0-1044560 (rank 6) - NET/0-12 (distance 5 <= 6, read 1, mode Default)
a100-llm-02:1395510:1395658 [6] NCCL INFO New proxy send connection 2 from local rank 0, transport 2
a100-llm-02:1395510:1395669 [6] NCCL INFO Connected to proxy localRank 0 -> connection 0x7f1c9c000e00
a100-llm-02:1395510:1395669 [6] NCCL INFO Channel 00/0 : 6[6] -> 7[7] [send] via NET/IB/12/GDRDMA
a100-llm-02:1395510:1395669 [6] NCCL INFO GPU Direct RDMA Enabled for GPU/0-1044560 (rank 6) - NET/0-12 (distance 5 <= 6, read 1, mode Default)
a100-llm-02:1395510:1395658 [6] NCCL INFO New proxy send connection 3 from local rank 0, transport 2
a100-llm-02:1395510:1395669 [6] NCCL INFO Connected to proxy localRank 0 -> connection 0x7f1c9c000e78
a100-llm-02:1395510:1395669 [6] NCCL INFO Channel 01/0 : 6[6] -> 7[7] [send] via NET/IB/12/GDRDMA
a100-llm-02:1395510:1395666 [0] NCCL INFO NET/IB: IbDev 1 Port 1 qpn 1252 set_ece={supported=1, vendor_id=0x15b3, options=0x30000000, comp_mask=0x0}
a100-llm-02:1395510:1395666 [0] NCCL INFO NET/IB: IbDev 2 Port 1 qpn 996 set_ece={supported=1, vendor_id=0x15b3, options=0x30000000, comp_mask=0x0}
a100-llm-02:1395510:1395650 [2] NCCL INFO NET/IB: NCCL Dev 10 IbDev 3 Port 1 qpn 1252 mtu 5 GID 3 (0/340D13C6FFFF0000) ctsFifoRkey=0x1a1b1a ctsFifoLkey=0x1a1b1a
a100-llm-02:1395510:1395650 [2] NCCL INFO NET/IB: IbDev 3 Port 1 qpn 1252 query_ece={supported=1, vendor_id=0x15b3, options=0x30000000, comp_mask=0x0}
a100-llm-02:1395510:1395647 [1] NCCL INFO NET/IB: NCCL Dev 9 IbDev 1 Port 1 qpn 1256 mtu 5 GID 3 (0/F74413C6FFFF0000) ctsFifoRkey=0x1a0202 ctsFifoLkey=0x1a0202
a100-llm-02:1395510:1395647 [1] NCCL INFO NET/IB: IbDev 1 Port 1 qpn 1256 query_ece={supported=1, vendor_id=0x15b3, options=0x30000000, comp_mask=0x0}
a100-llm-02:1395510:1395647 [1] NCCL INFO NET/IB: NCCL Dev 9 IbDev 2 Port 1 qpn 1000 mtu 5 GID 3 (0/A3F13C6FFFF0000) ctsFifoRkey=0x164303 ctsFifoLkey=0x164303
a100-llm-02:1395510:1395647 [1] NCCL INFO NET/IB: IbDev 2 Port 1 qpn 1000 query_ece={supported=1, vendor_id=0x15b3, options=0x30000000, comp_mask=0x0}
a100-llm-02:1395510:1395647 [1] NCCL INFO NET/IB: NCCL Dev 9 IbDev 1 Port 1 qpn 1259 mtu 5 GID 3 (0/F74413C6FFFF0000) ctsFifoRkey=0x1a1818 ctsFifoLkey=0x1a1818
a100-llm-02:1395510:1395647 [1] NCCL INFO NET/IB: IbDev 1 Port 1 qpn 1259 query_ece={supported=1, vendor_id=0x15b3, options=0x30000000, comp_mask=0x0}
a100-llm-02:1395510:1395647 [1] NCCL INFO NET/IB: NCCL Dev 9 IbDev 2 Port 1 qpn 1003 mtu 5 GID 3 (0/A3F13C6FFFF0000) ctsFifoRkey=0x165b1a ctsFifoLkey=0x165b1a
a100-llm-02:1395510:1395647 [1] NCCL INFO NET/IB: IbDev 2 Port 1 qpn 1003 query_ece={supported=1, vendor_id=0x15b3, options=0x30000000, comp_mask=0x0}
a100-llm-02:1395510:1395650 [2] NCCL INFO NET/IB: NCCL Dev 10 IbDev 4 Port 1 qpn 996 mtu 5 GID 3 (0/462613C6FFFF0000) ctsFifoRkey=0x166a29 ctsFifoLkey=0x166a29
a100-llm-02:1395510:1395650 [2] NCCL INFO NET/IB: IbDev 4 Port 1 qpn 996 query_ece={supported=1, vendor_id=0x15b3, options=0x30000000, comp_mask=0x0}
a100-llm-02:1395510:1395670 [5] NCCL INFO Connected to proxy localRank 0 -> connection 0x7f1ca0000d10
a100-llm-02:1395510:1395666 [0] NCCL INFO NET/IB: IbDev 1 Port 1 qpn 1253 set_ece={supported=1, vendor_id=0x15b3, options=0x30000000, comp_mask=0x0}
a100-llm-02:1395510:1395666 [0] NCCL INFO NET/IB: IbDev 2 Port 1 qpn 997 set_ece={supported=1, vendor_id=0x15b3, options=0x30000000, comp_mask=0x0}
a100-llm-02:1395510:1395647 [1] NCCL INFO NET/IB: IbDev 1 Port 1 qpn 1259 set_ece={supported=1, vendor_id=0x15b3, options=0x30000000, comp_mask=0x0}
a100-llm-02:1395510:1395647 [1] NCCL INFO NET/IB: IbDev 2 Port 1 qpn 1003 set_ece={supported=1, vendor_id=0x15b3, options=0x30000000, comp_mask=0x0}
a100-llm-02:1395510:1395650 [2] NCCL INFO NET/IB: NCCL Dev 10 IbDev 3 Port 1 qpn 1255 mtu 5 GID 3 (0/340D13C6FFFF0000) ctsFifoRkey=0x1a3332 ctsFifoLkey=0x1a3332
a100-llm-02:1395510:1395650 [2] NCCL INFO NET/IB: IbDev 3 Port 1 qpn 1255 query_ece={supported=1, vendor_id=0x15b3, options=0x30000000, comp_mask=0x0}
a100-llm-02:1395510:1395650 [2] NCCL INFO NET/IB: NCCL Dev 10 IbDev 4 Port 1 qpn 999 mtu 5 GID 3 (0/462613C6FFFF0000) ctsFifoRkey=0x168241 ctsFifoLkey=0x168241
a100-llm-02:1395510:1395650 [2] NCCL INFO NET/IB: IbDev 4 Port 1 qpn 999 query_ece={supported=1, vendor_id=0x15b3, options=0x30000000, comp_mask=0x0}
a100-llm-02:1395510:1395647 [1] NCCL INFO NET/IB: IbDev 1 Port 1 qpn 1256 set_ece={supported=1, vendor_id=0x15b3, options=0x30000000, comp_mask=0x0}
a100-llm-02:1395510:1395661 [7] NCCL INFO NET/IB: NCCL Dev 12 IbDev 7 Port 1 qpn 1252 mtu 5 GID 3 (0/455A13C6FFFF0000) ctsFifoRkey=0x19b6b5 ctsFifoLkey=0x19b6b5
a100-llm-02:1395510:1395661 [7] NCCL INFO NET/IB: IbDev 7 Port 1 qpn 1252 query_ece={supported=1, vendor_id=0x15b3, options=0x30000000, comp_mask=0x0}
a100-llm-02:1395510:1395647 [1] NCCL INFO NET/IB: IbDev 2 Port 1 qpn 1000 set_ece={supported=1, vendor_id=0x15b3, options=0x30000000, comp_mask=0x0}
a100-llm-02:1395510:1395661 [7] NCCL INFO NET/IB: NCCL Dev 12 IbDev 8 Port 1 qpn 996 mtu 5 GID 3 (0/58B013C6FFFF0000) ctsFifoRkey=0x15c080 ctsFifoLkey=0x15c080
a100-llm-02:1395510:1395661 [7] NCCL INFO NET/IB: IbDev 8 Port 1 qpn 996 query_ece={supported=1, vendor_id=0x15b3, options=0x30000000, comp_mask=0x0}
a100-llm-02:1395510:1395670 [5] NCCL INFO Channel 00/0 : 4[4] -> 5[5] [receive] via NET/IB/11/GDRDMA
a100-llm-02:1395510:1395670 [5] NCCL INFO GPU Direct RDMA Enabled for GPU/0-1036384 (rank 5) - NET/0-11 (distance 5 <= 6, read 0, mode Default)
a100-llm-02:1395510:1395661 [7] NCCL INFO NET/IB: NCCL Dev 12 IbDev 7 Port 1 qpn 1253 mtu 5 GID 3 (0/455A13C6FFFF0000) ctsFifoRkey=0x19c2c1 ctsFifoLkey=0x19c2c1
a100-llm-02:1395510:1395661 [7] NCCL INFO NET/IB: IbDev 7 Port 1 qpn 1253 query_ece={supported=1, vendor_id=0x15b3, options=0x30000000, comp_mask=0x0}
a100-llm-02:1395510:1395661 [7] NCCL INFO NET/IB: NCCL Dev 12 IbDev 8 Port 1 qpn 997 mtu 5 GID 3 (0/58B013C6FFFF0000) ctsFifoRkey=0x15cd8b ctsFifoLkey=0x15cd8b
a100-llm-02:1395510:1395661 [7] NCCL INFO NET/IB: IbDev 8 Port 1 qpn 997 query_ece={supported=1, vendor_id=0x15b3, options=0x30000000, comp_mask=0x0}
a100-llm-02:1395510:1395656 [5] NCCL INFO New proxy recv connection 1 from local rank 0, transport 2
a100-llm-02:1395510:1395670 [5] NCCL INFO Connected to proxy localRank 0 -> connection 0x7f1ca0000d88
a100-llm-02:1395510:1395661 [7] NCCL INFO NET/IB: IbDev 7 Port 1 qpn 1252 set_ece={supported=1, vendor_id=0x15b3, options=0x30000000, comp_mask=0x0}
a100-llm-02:1395510:1395650 [2] NCCL INFO NET/IB: IbDev 3 Port 1 qpn 1255 set_ece={supported=1, vendor_id=0x15b3, options=0x30000000, comp_mask=0x0}
a100-llm-02:1395510:1395650 [2] NCCL INFO NET/IB: IbDev 4 Port 1 qpn 999 set_ece={supported=1, vendor_id=0x15b3, options=0x30000000, comp_mask=0x0}
a100-llm-02:1395510:1395661 [7] NCCL INFO NET/IB: IbDev 8 Port 1 qpn 996 set_ece={supported=1, vendor_id=0x15b3, options=0x30000000, comp_mask=0x0}
a100-llm-02:1395510:1395650 [2] NCCL INFO NET/IB: IbDev 3 Port 1 qpn 1252 set_ece={supported=1, vendor_id=0x15b3, options=0x30000000, comp_mask=0x0}
a100-llm-02:1395510:1395650 [2] NCCL INFO NET/IB: IbDev 4 Port 1 qpn 996 set_ece={supported=1, vendor_id=0x15b3, options=0x30000000, comp_mask=0x0}
a100-llm-02:1395510:1395661 [7] NCCL INFO NET/IB: IbDev 7 Port 1 qpn 1253 set_ece={supported=1, vendor_id=0x15b3, options=0x30000000, comp_mask=0x0}
a100-llm-02:1395510:1395661 [7] NCCL INFO NET/IB: IbDev 8 Port 1 qpn 997 set_ece={supported=1, vendor_id=0x15b3, options=0x30000000, comp_mask=0x0}
a100-llm-02:1395510:1395670 [5] NCCL INFO Channel 01/0 : 4[4] -> 5[5] [receive] via NET/IB/11/GDRDMA
a100-llm-02:1395510:1395670 [5] NCCL INFO GPU Direct RDMA Enabled for GPU/0-1036384 (rank 5) - NET/0-11 (distance 5 <= 6, read 1, mode Default)
a100-llm-02:1395510:1395656 [5] NCCL INFO New proxy send connection 2 from local rank 0, transport 2
a100-llm-02:1395510:1395670 [5] NCCL INFO Connected to proxy localRank 0 -> connection 0x7f1ca0000e00
a100-llm-02:1395510:1395670 [5] NCCL INFO Channel 00/0 : 5[5] -> 6[6] [send] via NET/IB/11/GDRDMA
a100-llm-02:1395510:1395670 [5] NCCL INFO GPU Direct RDMA Enabled for GPU/0-1036384 (rank 5) - NET/0-11 (distance 5 <= 6, read 1, mode Default)
a100-llm-02:1395510:1395656 [5] NCCL INFO New proxy send connection 3 from local rank 0, transport 2
a100-llm-02:1395510:1395670 [5] NCCL INFO Connected to proxy localRank 0 -> connection 0x7f1ca0000e78
a100-llm-02:1395510:1395670 [5] NCCL INFO Channel 01/0 : 5[5] -> 6[6] [send] via NET/IB/11/GDRDMA
a100-llm-02:1395510:1395658 [6] NCCL INFO NET/IB: NCCL Dev 12 IbDev 7 Port 1 qpn 1254 mtu 5 GID 3 (0/455A13C6FFFF0000) ctsFifoRkey=0x19cfcd ctsFifoLkey=0x19cfcd
a100-llm-02:1395510:1395658 [6] NCCL INFO NET/IB: IbDev 7 Port 1 qpn 1254 query_ece={supported=1, vendor_id=0x15b3, options=0x30000000, comp_mask=0x0}
a100-llm-02:1395510:1395658 [6] NCCL INFO NET/IB: NCCL Dev 12 IbDev 8 Port 1 qpn 998 mtu 5 GID 3 (0/58B013C6FFFF0000) ctsFifoRkey=0x15d999 ctsFifoLkey=0x15d999
a100-llm-02:1395510:1395658 [6] NCCL INFO NET/IB: IbDev 8 Port 1 qpn 998 query_ece={supported=1, vendor_id=0x15b3, options=0x30000000, comp_mask=0x0}
a100-llm-02:1395510:1395654 [4] NCCL INFO NET/IB: NCCL Dev 11 IbDev 5 Port 1 qpn 1252 mtu 5 GID 3 (0/5E0113C6FFFF0000) ctsFifoRkey=0x19a8a8 ctsFifoLkey=0x19a8a8
a100-llm-02:1395510:1395654 [4] NCCL INFO NET/IB: IbDev 5 Port 1 qpn 1252 query_ece={supported=1, vendor_id=0x15b3, options=0x30000000, comp_mask=0x0}
a100-llm-02:1395510:1395656 [5] NCCL INFO NET/IB: NCCL Dev 11 IbDev 5 Port 1 qpn 1253 mtu 5 GID 3 (0/5E0113C6FFFF0000) ctsFifoRkey=0x199d9c ctsFifoLkey=0x199d9c
a100-llm-02:1395510:1395656 [5] NCCL INFO NET/IB: IbDev 5 Port 1 qpn 1253 query_ece={supported=1, vendor_id=0x15b3, options=0x30000000, comp_mask=0x0}
a100-llm-02:1395510:1395654 [4] NCCL INFO NET/IB: NCCL Dev 11 IbDev 6 Port 1 qpn 997 mtu 5 GID 3 (0/AF0713C6FFFF0000) ctsFifoRkey=0x15f2b1 ctsFifoLkey=0x15f2b1
a100-llm-02:1395510:1395654 [4] NCCL INFO NET/IB: IbDev 6 Port 1 qpn 997 query_ece={supported=1, vendor_id=0x15b3, options=0x30000000, comp_mask=0x0}
a100-llm-02:1395510:1395656 [5] NCCL INFO NET/IB: NCCL Dev 11 IbDev 6 Port 1 qpn 996 mtu 5 GID 3 (0/AF0713C6FFFF0000) ctsFifoRkey=0x15fcbb ctsFifoLkey=0x15fcbb
a100-llm-02:1395510:1395656 [5] NCCL INFO NET/IB: IbDev 6 Port 1 qpn 996 query_ece={supported=1, vendor_id=0x15b3, options=0x30000000, comp_mask=0x0}
a100-llm-02:1395510:1395652 [3] NCCL INFO NET/IB: NCCL Dev 10 IbDev 3 Port 1 qpn 1262 mtu 5 GID 3 (0/340D13C6FFFF0000) ctsFifoRkey=0x1a6665 ctsFifoLkey=0x1a6665
a100-llm-02:1395510:1395652 [3] NCCL INFO NET/IB: IbDev 3 Port 1 qpn 1262 query_ece={supported=1, vendor_id=0x15b3, options=0x30000000, comp_mask=0x0}
a100-llm-02:1395510:1395652 [3] NCCL INFO NET/IB: NCCL Dev 10 IbDev 4 Port 1 qpn 1006 mtu 5 GID 3 (0/462613C6FFFF0000) ctsFifoRkey=0x16b371 ctsFifoLkey=0x16b371
a100-llm-02:1395510:1395652 [3] NCCL INFO NET/IB: IbDev 4 Port 1 qpn 1006 query_ece={supported=1, vendor_id=0x15b3, options=0x30000000, comp_mask=0x0}
a100-llm-02:1395510:1395658 [6] NCCL INFO NET/IB: NCCL Dev 12 IbDev 7 Port 1 qpn 1255 mtu 5 GID 3 (0/455A13C6FFFF0000) ctsFifoRkey=0x19dcda ctsFifoLkey=0x19dcda
a100-llm-02:1395510:1395658 [6] NCCL INFO NET/IB: IbDev 7 Port 1 qpn 1255 query_ece={supported=1, vendor_id=0x15b3, options=0x30000000, comp_mask=0x0}
a100-llm-02:1395510:1395658 [6] NCCL INFO NET/IB: NCCL Dev 12 IbDev 8 Port 1 qpn 999 mtu 5 GID 3 (0/58B013C6FFFF0000) ctsFifoRkey=0x15e5a4 ctsFifoLkey=0x15e5a4
a100-llm-02:1395510:1395658 [6] NCCL INFO NET/IB: IbDev 8 Port 1 qpn 999 query_ece={supported=1, vendor_id=0x15b3, options=0x30000000, comp_mask=0x0}
a100-llm-02:1395510:1395658 [6] NCCL INFO NET/IB: IbDev 7 Port 1 qpn 1254 set_ece={supported=1, vendor_id=0x15b3, options=0x30000000, comp_mask=0x0}
a100-llm-02:1395510:1395658 [6] NCCL INFO NET/IB: IbDev 8 Port 1 qpn 998 set_ece={supported=1, vendor_id=0x15b3, options=0x30000000, comp_mask=0x0}
a100-llm-02:1395510:1395656 [5] NCCL INFO NET/IB: NCCL Dev 11 IbDev 5 Port 1 qpn 1257 mtu 5 GID 3 (0/5E0113C6FFFF0000) ctsFifoRkey=0x19cccb ctsFifoLkey=0x19cccb
a100-llm-02:1395510:1395656 [5] NCCL INFO NET/IB: IbDev 5 Port 1 qpn 1257 query_ece={supported=1, vendor_id=0x15b3, options=0x30000000, comp_mask=0x0}
a100-llm-02:1395510:1395652 [3] NCCL INFO NET/IB: NCCL Dev 10 IbDev 3 Port 1 qpn 1263 mtu 5 GID 3 (0/340D13C6FFFF0000) ctsFifoRkey=0x1a7372 ctsFifoLkey=0x1a7372
a100-llm-02:1395510:1395652 [3] NCCL INFO NET/IB: IbDev 3 Port 1 qpn 1263 query_ece={supported=1, vendor_id=0x15b3, options=0x30000000, comp_mask=0x0}
a100-llm-02:1395510:1395656 [5] NCCL INFO NET/IB: NCCL Dev 11 IbDev 6 Port 1 qpn 1001 mtu 5 GID 3 (0/AF0713C6FFFF0000) ctsFifoRkey=0x161fde ctsFifoLkey=0x161fde
a100-llm-02:1395510:1395656 [5] NCCL INFO NET/IB: IbDev 6 Port 1 qpn 1001 query_ece={supported=1, vendor_id=0x15b3, options=0x30000000, comp_mask=0x0}
a100-llm-02:1395510:1395656 [5] NCCL INFO NET/IB: IbDev 5 Port 1 qpn 1253 set_ece={supported=1, vendor_id=0x15b3, options=0x30000000, comp_mask=0x0}
a100-llm-02:1395510:1395656 [5] NCCL INFO NET/IB: IbDev 6 Port 1 qpn 996 set_ece={supported=1, vendor_id=0x15b3, options=0x30000000, comp_mask=0x0}
a100-llm-02:1395510:1395652 [3] NCCL INFO NET/IB: NCCL Dev 10 IbDev 4 Port 1 qpn 1007 mtu 5 GID 3 (0/462613C6FFFF0000) ctsFifoRkey=0x16c281 ctsFifoLkey=0x16c281
a100-llm-02:1395510:1395652 [3] NCCL INFO NET/IB: IbDev 4 Port 1 qpn 1007 query_ece={supported=1, vendor_id=0x15b3, options=0x30000000, comp_mask=0x0}
a100-llm-02:1395510:1395652 [3] NCCL INFO NET/IB: IbDev 3 Port 1 qpn 1262 set_ece={supported=1, vendor_id=0x15b3, options=0x30000000, comp_mask=0x0}
a100-llm-02:1395510:1395652 [3] NCCL INFO NET/IB: IbDev 4 Port 1 qpn 1006 set_ece={supported=1, vendor_id=0x15b3, options=0x30000000, comp_mask=0x0}
a100-llm-02:1395510:1395654 [4] NCCL INFO NET/IB: NCCL Dev 11 IbDev 5 Port 1 qpn 1259 mtu 5 GID 3 (0/5E0113C6FFFF0000) ctsFifoRkey=0x19d8d7 ctsFifoLkey=0x19d8d7
a100-llm-02:1395510:1395654 [4] NCCL INFO NET/IB: IbDev 5 Port 1 qpn 1259 query_ece={supported=1, vendor_id=0x15b3, options=0x30000000, comp_mask=0x0}
a100-llm-02:1395510:1395658 [6] NCCL INFO NET/IB: IbDev 7 Port 1 qpn 1255 set_ece={supported=1, vendor_id=0x15b3, options=0x30000000, comp_mask=0x0}
a100-llm-02:1395510:1395656 [5] NCCL INFO NET/IB: IbDev 5 Port 1 qpn 1257 set_ece={supported=1, vendor_id=0x15b3, options=0x30000000, comp_mask=0x0}
a100-llm-02:1395510:1395654 [4] NCCL INFO NET/IB: NCCL Dev 11 IbDev 6 Port 1 qpn 1003 mtu 5 GID 3 (0/AF0713C6FFFF0000) ctsFifoRkey=0x162bea ctsFifoLkey=0x162bea
a100-llm-02:1395510:1395654 [4] NCCL INFO NET/IB: IbDev 6 Port 1 qpn 1003 query_ece={supported=1, vendor_id=0x15b3, options=0x30000000, comp_mask=0x0}
a100-llm-02:1395510:1395658 [6] NCCL INFO NET/IB: IbDev 8 Port 1 qpn 999 set_ece={supported=1, vendor_id=0x15b3, options=0x30000000, comp_mask=0x0}
a100-llm-02:1395510:1395656 [5] NCCL INFO NET/IB: IbDev 6 Port 1 qpn 1001 set_ece={supported=1, vendor_id=0x15b3, options=0x30000000, comp_mask=0x0}
a100-llm-02:1395510:1395654 [4] NCCL INFO NET/IB: IbDev 5 Port 1 qpn 1252 set_ece={supported=1, vendor_id=0x15b3, options=0x30000000, comp_mask=0x0}
a100-llm-02:1395510:1395654 [4] NCCL INFO NET/IB: IbDev 6 Port 1 qpn 997 set_ece={supported=1, vendor_id=0x15b3, options=0x30000000, comp_mask=0x0}
a100-llm-02:1395510:1395652 [3] NCCL INFO NET/IB: IbDev 3 Port 1 qpn 1263 set_ece={supported=1, vendor_id=0x15b3, options=0x30000000, comp_mask=0x0}
a100-llm-02:1395510:1395652 [3] NCCL INFO NET/IB: IbDev 4 Port 1 qpn 1007 set_ece={supported=1, vendor_id=0x15b3, options=0x30000000, comp_mask=0x0}
a100-llm-02:1395510:1395654 [4] NCCL INFO NET/IB: IbDev 5 Port 1 qpn 1259 set_ece={supported=1, vendor_id=0x15b3, options=0x30000000, comp_mask=0x0}
a100-llm-02:1395510:1395654 [4] NCCL INFO NET/IB: IbDev 6 Port 1 qpn 1003 set_ece={supported=1, vendor_id=0x15b3, options=0x30000000, comp_mask=0x0}
[AIMD] FinalizeChunkRTT: cc=0x7f1cb0001000 slot=0 inflight_before=1
warmup done.
[AIMD] FinalizeChunkRTT: cc=0x7f1ca01e1380 slot=966 inflight_before=1
[AIMD] FinalizeChunkRTT: cc=0x7f1c9c0659a0 slot=432 inflight_before=1
a100-llm-02:1395510:1395633 [0] NCCL INFO V2MIN: pressure=1.000 (fast=0.163 slow=0.003 dev=0.1608) state=SHRINK window=204 floor=204 high=2432 low=0 ncc=16
[AIMD] FinalizeChunkRTT: cc=0x7f1cb0001000 slot=910 inflight_before=1
[AIMD] FinalizeChunkRTT: cc=0x7f1c94001000 slot=402 inflight_before=1
[AIMD] FinalizeChunkRTT: cc=0x7f1ca4065400 slot=414 inflight_before=1
[AIMD] FinalizeChunkRTT: cc=0x7f1c8c037420 slot=890 inflight_before=1
[AIMD] FinalizeChunkRTT: cc=0x7f1c8c037420 slot=412 inflight_before=1
a100-llm-02:1395510:1395633 [0] NCCL INFO V2MIN: pressure=1.000 (fast=0.278 slow=0.003 dev=0.2756) state=SHRINK window=204 floor=204 high=7150 low=0 ncc=16
[AIMD] FinalizeChunkRTT: cc=0x7f1c8c037660 slot=639 inflight_before=1
[AIMD] FinalizeChunkRTT: cc=0x7f1cb0001000 slot=198 inflight_before=1
[AIMD] FinalizeChunkRTT: cc=0x7f1c98001000 slot=660 inflight_before=6
CSV written to: oracle_results/6_v2_minimal_pinned_with_stress_20260409_100609.csv

========================================
  Oracle Experiment Results
========================================
Config: nDev=8  count=1048576  data=4.19 MB  iters=500
NCCL_AIMD_ENABLE=1  NCCL_CC_ORACLE_FACTOR=(unset)

Wall-clock latency (us):
  mean= 20009.9  stddev= 15532.1
  p50 = 19623.3  p99   = 65094.8  max= 73123.4

Collective max GPU latency (us):
  mean= 19988.6  stddev= 15531.3
  p50 = 19600.4  p99   = 65072.1  max= 73099.3

Rank skew (us):
  mean=   587.6  stddev=  1851.8
  p50 =   173.6  p99   = 12226.8  max= 19274.8

Avg algo bandwidth: 0.37 GB/s
========================================

