a100-llm-02:1535408:1535520 [0] NCCL INFO New proxy recv connection 0 from local rank 0, transport 2
a100-llm-02:1535408:1535530 [3] NCCL INFO Channel 00/0 : 2[2] -> 3[3] [receive] via NET/IB/10/GDRDMA
a100-llm-02:1535408:1535530 [3] NCCL INFO GPU Direct RDMA Enabled for GPU/0-1028192 (rank 3) - NET/0-10 (distance 5 <= 6, read 0, mode Default)
a100-llm-02:1535408:1535514 [3] NCCL INFO New proxy recv connection 1 from local rank 0, transport 2
a100-llm-02:1535408:1535530 [3] NCCL INFO Connected to proxy localRank 0 -> connection 0x7f5467fa2598
a100-llm-02:1535408:1535522 [7] NCCL INFO New proxy recv connection 0 from local rank 0, transport 2
a100-llm-02:1535408:1535533 [0] NCCL INFO Connected to proxy localRank 0 -> connection 0x7f546bf9a6d0
a100-llm-02:1535408:1535533 [0] NCCL INFO Channel 00/0 : 7[7] -> 0[0] [receive] via NET/IB/9/GDRDMA
a100-llm-02:1535408:1535533 [0] NCCL INFO GPU Direct RDMA Enabled for GPU/0-1019984 (rank 0) - NET/0-9 (distance 5 <= 6, read 0, mode Default)
a100-llm-02:1535408:1535520 [0] NCCL INFO New proxy recv connection 1 from local rank 0, transport 2
a100-llm-02:1535408:1535533 [0] NCCL INFO Connected to proxy localRank 0 -> connection 0x7f546bf9a748
a100-llm-02:1535408:1535533 [0] NCCL INFO Channel 01/0 : 7[7] -> 0[0] [receive] via NET/IB/9/GDRDMA
a100-llm-02:1535408:1535533 [0] NCCL INFO GPU Direct RDMA Enabled for GPU/0-1019984 (rank 0) - NET/0-9 (distance 5 <= 6, read 1, mode Default)
a100-llm-02:1535408:1535520 [0] NCCL INFO New proxy send connection 2 from local rank 0, transport 2
a100-llm-02:1535408:1535533 [0] NCCL INFO Connected to proxy localRank 0 -> connection 0x7f546bf9a7c0
a100-llm-02:1535408:1535533 [0] NCCL INFO Channel 00/0 : 0[0] -> 1[1] [send] via NET/IB/9/GDRDMA
a100-llm-02:1535408:1535533 [0] NCCL INFO GPU Direct RDMA Enabled for GPU/0-1019984 (rank 0) - NET/0-9 (distance 5 <= 6, read 1, mode Default)
a100-llm-02:1535408:1535520 [0] NCCL INFO New proxy send connection 3 from local rank 0, transport 2
a100-llm-02:1535408:1535533 [0] NCCL INFO Connected to proxy localRank 0 -> connection 0x7f546bf9a838
a100-llm-02:1535408:1535533 [0] NCCL INFO Channel 01/0 : 0[0] -> 1[1] [send] via NET/IB/9/GDRDMA
a100-llm-02:1535408:1535524 [6] NCCL INFO New proxy recv connection 0 from local rank 0, transport 2
a100-llm-02:1535408:1535527 [6] NCCL INFO Connected to proxy localRank 0 -> connection 0x7f5310009e10
a100-llm-02:1535408:1535531 [2] NCCL INFO Channel 00/0 : 1[1] -> 2[2] [receive] via NET/IB/10/GDRDMA
a100-llm-02:1535408:1535531 [2] NCCL INFO GPU Direct RDMA Enabled for GPU/0-1028176 (rank 2) - NET/0-10 (distance 5 <= 6, read 0, mode Default)
a100-llm-02:1535408:1535512 [2] NCCL INFO New proxy recv connection 1 from local rank 0, transport 2
a100-llm-02:1535408:1535531 [2] NCCL INFO Connected to proxy localRank 0 -> connection 0x7f54734e86e8
a100-llm-02:1535408:1535531 [2] NCCL INFO Channel 01/0 : 1[1] -> 2[2] [receive] via NET/IB/10/GDRDMA
a100-llm-02:1535408:1535531 [2] NCCL INFO GPU Direct RDMA Enabled for GPU/0-1028176 (rank 2) - NET/0-10 (distance 5 <= 6, read 1, mode Default)
a100-llm-02:1535408:1535512 [2] NCCL INFO New proxy send connection 2 from local rank 0, transport 2
a100-llm-02:1535408:1535531 [2] NCCL INFO Connected to proxy localRank 0 -> connection 0x7f54734e8760
a100-llm-02:1535408:1535531 [2] NCCL INFO Channel 00/0 : 2[2] -> 3[3] [send] via NET/IB/10/GDRDMA
a100-llm-02:1535408:1535531 [2] NCCL INFO GPU Direct RDMA Enabled for GPU/0-1028176 (rank 2) - NET/0-10 (distance 5 <= 6, read 1, mode Default)
a100-llm-02:1535408:1535512 [2] NCCL INFO New proxy send connection 3 from local rank 0, transport 2
a100-llm-02:1535408:1535531 [2] NCCL INFO Connected to proxy localRank 0 -> connection 0x7f54734e87d8
a100-llm-02:1535408:1535531 [2] NCCL INFO Channel 01/0 : 2[2] -> 3[3] [send] via NET/IB/10/GDRDMA
a100-llm-02:1535408:1535516 [4] NCCL INFO New proxy recv connection 0 from local rank 0, transport 2
a100-llm-02:1535408:1535510 [1] NCCL INFO New proxy recv connection 0 from local rank 0, transport 2
a100-llm-02:1535408:1535532 [1] NCCL INFO Connected to proxy localRank 0 -> connection 0x7f5384000d10
a100-llm-02:1535408:1535530 [3] NCCL INFO Channel 01/0 : 2[2] -> 3[3] [receive] via NET/IB/10/GDRDMA
a100-llm-02:1535408:1535530 [3] NCCL INFO GPU Direct RDMA Enabled for GPU/0-1028192 (rank 3) - NET/0-10 (distance 5 <= 6, read 1, mode Default)
a100-llm-02:1535408:1535528 [5] NCCL INFO Channel 00/0 : 4[4] -> 5[5] [receive] via NET/IB/11/GDRDMA
a100-llm-02:1535408:1535528 [5] NCCL INFO GPU Direct RDMA Enabled for GPU/0-1036384 (rank 5) - NET/0-11 (distance 5 <= 6, read 0, mode Default)
a100-llm-02:1535408:1535514 [3] NCCL INFO New proxy send connection 2 from local rank 0, transport 2
a100-llm-02:1535408:1535530 [3] NCCL INFO Connected to proxy localRank 0 -> connection 0x7f5467fa2610
a100-llm-02:1535408:1535517 [5] NCCL INFO New proxy recv connection 1 from local rank 0, transport 2
a100-llm-02:1535408:1535528 [5] NCCL INFO Connected to proxy localRank 0 -> connection 0x7f5330000d88
a100-llm-02:1535408:1535530 [3] NCCL INFO Channel 00/0 : 3[3] -> 4[4] [send] via NET/IB/10/GDRDMA
a100-llm-02:1535408:1535530 [3] NCCL INFO GPU Direct RDMA Enabled for GPU/0-1028192 (rank 3) - NET/0-10 (distance 5 <= 6, read 1, mode Default)
a100-llm-02:1535408:1535514 [3] NCCL INFO New proxy send connection 3 from local rank 0, transport 2
a100-llm-02:1535408:1535528 [5] NCCL INFO Channel 01/0 : 4[4] -> 5[5] [receive] via NET/IB/11/GDRDMA
a100-llm-02:1535408:1535528 [5] NCCL INFO GPU Direct RDMA Enabled for GPU/0-1036384 (rank 5) - NET/0-11 (distance 5 <= 6, read 1, mode Default)
a100-llm-02:1535408:1535530 [3] NCCL INFO Connected to proxy localRank 0 -> connection 0x7f5467fa2688
a100-llm-02:1535408:1535517 [5] NCCL INFO New proxy send connection 2 from local rank 0, transport 2
a100-llm-02:1535408:1535530 [3] NCCL INFO Channel 01/0 : 3[3] -> 4[4] [send] via NET/IB/10/GDRDMA
a100-llm-02:1535408:1535528 [5] NCCL INFO Connected to proxy localRank 0 -> connection 0x7f5330000e00
a100-llm-02:1535408:1535528 [5] NCCL INFO Channel 00/0 : 5[5] -> 6[6] [send] via NET/IB/11/GDRDMA
a100-llm-02:1535408:1535528 [5] NCCL INFO GPU Direct RDMA Enabled for GPU/0-1036384 (rank 5) - NET/0-11 (distance 5 <= 6, read 1, mode Default)
a100-llm-02:1535408:1535517 [5] NCCL INFO New proxy send connection 3 from local rank 0, transport 2
a100-llm-02:1535408:1535528 [5] NCCL INFO Connected to proxy localRank 0 -> connection 0x7f5330000e78
a100-llm-02:1535408:1535528 [5] NCCL INFO Channel 01/0 : 5[5] -> 6[6] [send] via NET/IB/11/GDRDMA
a100-llm-02:1535408:1535526 [7] NCCL INFO Connected to proxy localRank 0 -> connection 0x7f532c000d10
a100-llm-02:1535408:1535529 [4] NCCL INFO Connected to proxy localRank 0 -> connection 0x7f5354000d10
a100-llm-02:1535408:1535532 [1] NCCL INFO Channel 00/0 : 0[0] -> 1[1] [receive] via NET/IB/9/GDRDMA
a100-llm-02:1535408:1535532 [1] NCCL INFO GPU Direct RDMA Enabled for GPU/0-1020000 (rank 1) - NET/0-9 (distance 5 <= 6, read 0, mode Default)
a100-llm-02:1535408:1535526 [7] NCCL INFO Channel 00/0 : 6[6] -> 7[7] [receive] via NET/IB/12/GDRDMA
a100-llm-02:1535408:1535526 [7] NCCL INFO GPU Direct RDMA Enabled for GPU/0-1044576 (rank 7) - NET/0-12 (distance 5 <= 6, read 0, mode Default)
a100-llm-02:1535408:1535527 [6] NCCL INFO Channel 00/0 : 5[5] -> 6[6] [receive] via NET/IB/12/GDRDMA
a100-llm-02:1535408:1535527 [6] NCCL INFO GPU Direct RDMA Enabled for GPU/0-1044560 (rank 6) - NET/0-12 (distance 5 <= 6, read 0, mode Default)
a100-llm-02:1535408:1535524 [6] NCCL INFO New proxy recv connection 1 from local rank 0, transport 2
a100-llm-02:1535408:1535522 [7] NCCL INFO New proxy recv connection 1 from local rank 0, transport 2
a100-llm-02:1535408:1535527 [6] NCCL INFO Connected to proxy localRank 0 -> connection 0x7f5310009e88
a100-llm-02:1535408:1535527 [6] NCCL INFO Channel 01/0 : 5[5] -> 6[6] [receive] via NET/IB/12/GDRDMA
a100-llm-02:1535408:1535527 [6] NCCL INFO GPU Direct RDMA Enabled for GPU/0-1044560 (rank 6) - NET/0-12 (distance 5 <= 6, read 1, mode Default)
a100-llm-02:1535408:1535526 [7] NCCL INFO Connected to proxy localRank 0 -> connection 0x7f532c000d88
a100-llm-02:1535408:1535524 [6] NCCL INFO New proxy send connection 2 from local rank 0, transport 2
a100-llm-02:1535408:1535526 [7] NCCL INFO Channel 01/0 : 6[6] -> 7[7] [receive] via NET/IB/12/GDRDMA
a100-llm-02:1535408:1535526 [7] NCCL INFO GPU Direct RDMA Enabled for GPU/0-1044576 (rank 7) - NET/0-12 (distance 5 <= 6, read 1, mode Default)
a100-llm-02:1535408:1535527 [6] NCCL INFO Connected to proxy localRank 0 -> connection 0x7f5310009f00
a100-llm-02:1535408:1535522 [7] NCCL INFO New proxy send connection 2 from local rank 0, transport 2
a100-llm-02:1535408:1535526 [7] NCCL INFO Connected to proxy localRank 0 -> connection 0x7f532c000e00
a100-llm-02:1535408:1535527 [6] NCCL INFO Channel 00/0 : 6[6] -> 7[7] [send] via NET/IB/12/GDRDMA
a100-llm-02:1535408:1535527 [6] NCCL INFO GPU Direct RDMA Enabled for GPU/0-1044560 (rank 6) - NET/0-12 (distance 5 <= 6, read 1, mode Default)
a100-llm-02:1535408:1535524 [6] NCCL INFO New proxy send connection 3 from local rank 0, transport 2
a100-llm-02:1535408:1535526 [7] NCCL INFO Channel 00/0 : 7[7] -> 0[0] [send] via NET/IB/12/GDRDMA
a100-llm-02:1535408:1535526 [7] NCCL INFO GPU Direct RDMA Enabled for GPU/0-1044576 (rank 7) - NET/0-12 (distance 5 <= 6, read 1, mode Default)
a100-llm-02:1535408:1535527 [6] NCCL INFO Connected to proxy localRank 0 -> connection 0x7f5310009f78
a100-llm-02:1535408:1535522 [7] NCCL INFO New proxy send connection 3 from local rank 0, transport 2
a100-llm-02:1535408:1535526 [7] NCCL INFO Connected to proxy localRank 0 -> connection 0x7f532c000e78
a100-llm-02:1535408:1535527 [6] NCCL INFO Channel 01/0 : 6[6] -> 7[7] [send] via NET/IB/12/GDRDMA
a100-llm-02:1535408:1535529 [4] NCCL INFO Channel 00/0 : 3[3] -> 4[4] [receive] via NET/IB/11/GDRDMA
a100-llm-02:1535408:1535529 [4] NCCL INFO GPU Direct RDMA Enabled for GPU/0-1036368 (rank 4) - NET/0-11 (distance 5 <= 6, read 0, mode Default)
a100-llm-02:1535408:1535526 [7] NCCL INFO Channel 01/0 : 7[7] -> 0[0] [send] via NET/IB/12/GDRDMA
a100-llm-02:1535408:1535516 [4] NCCL INFO New proxy recv connection 1 from local rank 0, transport 2
a100-llm-02:1535408:1535510 [1] NCCL INFO New proxy recv connection 1 from local rank 0, transport 2
a100-llm-02:1535408:1535532 [1] NCCL INFO Connected to proxy localRank 0 -> connection 0x7f5384000d88
a100-llm-02:1535408:1535529 [4] NCCL INFO Connected to proxy localRank 0 -> connection 0x7f5354000d88
a100-llm-02:1535408:1535529 [4] NCCL INFO Channel 01/0 : 3[3] -> 4[4] [receive] via NET/IB/11/GDRDMA
a100-llm-02:1535408:1535529 [4] NCCL INFO GPU Direct RDMA Enabled for GPU/0-1036368 (rank 4) - NET/0-11 (distance 5 <= 6, read 1, mode Default)
a100-llm-02:1535408:1535516 [4] NCCL INFO New proxy send connection 2 from local rank 0, transport 2
a100-llm-02:1535408:1535532 [1] NCCL INFO Channel 01/0 : 0[0] -> 1[1] [receive] via NET/IB/9/GDRDMA
a100-llm-02:1535408:1535532 [1] NCCL INFO GPU Direct RDMA Enabled for GPU/0-1020000 (rank 1) - NET/0-9 (distance 5 <= 6, read 1, mode Default)
a100-llm-02:1535408:1535510 [1] NCCL INFO New proxy send connection 2 from local rank 0, transport 2
a100-llm-02:1535408:1535529 [4] NCCL INFO Connected to proxy localRank 0 -> connection 0x7f5354000e00
a100-llm-02:1535408:1535532 [1] NCCL INFO Connected to proxy localRank 0 -> connection 0x7f5384000e00
a100-llm-02:1535408:1535524 [6] NCCL INFO NET/IB: NCCL Dev 12 IbDev 7 Port 1 qpn 2236 mtu 5 GID 3 (0/455A13C6FFFF0000) ctsFifoRkey=0x96463 ctsFifoLkey=0x96463
a100-llm-02:1535408:1535524 [6] NCCL INFO NET/IB: IbDev 7 Port 1 qpn 2236 query_ece={supported=1, vendor_id=0x15b3, options=0x30000000, comp_mask=0x0}
a100-llm-02:1535408:1535524 [6] NCCL INFO NET/IB: NCCL Dev 12 IbDev 8 Port 1 qpn 1980 mtu 5 GID 3 (0/58B013C6FFFF0000) ctsFifoRkey=0x5d492 ctsFifoLkey=0x5d492
a100-llm-02:1535408:1535524 [6] NCCL INFO NET/IB: IbDev 8 Port 1 qpn 1980 query_ece={supported=1, vendor_id=0x15b3, options=0x30000000, comp_mask=0x0}
a100-llm-02:1535408:1535524 [6] NCCL INFO NET/IB: NCCL Dev 12 IbDev 7 Port 1 qpn 2237 mtu 5 GID 3 (0/455A13C6FFFF0000) ctsFifoRkey=0x98988 ctsFifoLkey=0x98988
a100-llm-02:1535408:1535524 [6] NCCL INFO NET/IB: IbDev 7 Port 1 qpn 2237 query_ece={supported=1, vendor_id=0x15b3, options=0x30000000, comp_mask=0x0}
a100-llm-02:1535408:1535524 [6] NCCL INFO NET/IB: NCCL Dev 12 IbDev 8 Port 1 qpn 1981 mtu 5 GID 3 (0/58B013C6FFFF0000) ctsFifoRkey=0x5b776 ctsFifoLkey=0x5b776
a100-llm-02:1535408:1535524 [6] NCCL INFO NET/IB: IbDev 8 Port 1 qpn 1981 query_ece={supported=1, vendor_id=0x15b3, options=0x30000000, comp_mask=0x0}
a100-llm-02:1535408:1535529 [4] NCCL INFO Channel 00/0 : 4[4] -> 5[5] [send] via NET/IB/11/GDRDMA
a100-llm-02:1535408:1535529 [4] NCCL INFO GPU Direct RDMA Enabled for GPU/0-1036368 (rank 4) - NET/0-11 (distance 5 <= 6, read 1, mode Default)
a100-llm-02:1535408:1535516 [4] NCCL INFO New proxy send connection 3 from local rank 0, transport 2
a100-llm-02:1535408:1535532 [1] NCCL INFO Channel 00/0 : 1[1] -> 2[2] [send] via NET/IB/9/GDRDMA
a100-llm-02:1535408:1535532 [1] NCCL INFO GPU Direct RDMA Enabled for GPU/0-1020000 (rank 1) - NET/0-9 (distance 5 <= 6, read 1, mode Default)
a100-llm-02:1535408:1535510 [1] NCCL INFO New proxy send connection 3 from local rank 0, transport 2
a100-llm-02:1535408:1535529 [4] NCCL INFO Connected to proxy localRank 0 -> connection 0x7f5354000e78
a100-llm-02:1535408:1535524 [6] NCCL INFO NET/IB: IbDev 7 Port 1 qpn 2236 set_ece={supported=1, vendor_id=0x15b3, options=0x30000000, comp_mask=0x0}
a100-llm-02:1535408:1535524 [6] NCCL INFO NET/IB: IbDev 8 Port 1 qpn 1980 set_ece={supported=1, vendor_id=0x15b3, options=0x30000000, comp_mask=0x0}
a100-llm-02:1535408:1535529 [4] NCCL INFO Channel 01/0 : 4[4] -> 5[5] [send] via NET/IB/11/GDRDMA
a100-llm-02:1535408:1535532 [1] NCCL INFO Connected to proxy localRank 0 -> connection 0x7f5384000e78
a100-llm-02:1535408:1535532 [1] NCCL INFO Channel 01/0 : 1[1] -> 2[2] [send] via NET/IB/9/GDRDMA
a100-llm-02:1535408:1535516 [4] NCCL INFO NET/IB: NCCL Dev 11 IbDev 5 Port 1 qpn 2236 mtu 5 GID 3 (0/5E0113C6FFFF0000) ctsFifoRkey=0x9aeab ctsFifoLkey=0x9aeab
a100-llm-02:1535408:1535516 [4] NCCL INFO NET/IB: IbDev 5 Port 1 qpn 2236 query_ece={supported=1, vendor_id=0x15b3, options=0x30000000, comp_mask=0x0}
a100-llm-02:1535408:1535516 [4] NCCL INFO NET/IB: NCCL Dev 11 IbDev 6 Port 1 qpn 1980 mtu 5 GID 3 (0/AF0713C6FFFF0000) ctsFifoRkey=0x5e5a4 ctsFifoLkey=0x5e5a4
a100-llm-02:1535408:1535516 [4] NCCL INFO NET/IB: IbDev 6 Port 1 qpn 1980 query_ece={supported=1, vendor_id=0x15b3, options=0x30000000, comp_mask=0x0}
a100-llm-02:1535408:1535524 [6] NCCL INFO NET/IB: IbDev 7 Port 1 qpn 2237 set_ece={supported=1, vendor_id=0x15b3, options=0x30000000, comp_mask=0x0}
a100-llm-02:1535408:1535524 [6] NCCL INFO NET/IB: IbDev 8 Port 1 qpn 1981 set_ece={supported=1, vendor_id=0x15b3, options=0x30000000, comp_mask=0x0}
a100-llm-02:1535408:1535514 [3] NCCL INFO NET/IB: NCCL Dev 10 IbDev 3 Port 1 qpn 2236 mtu 5 GID 3 (0/340D13C6FFFF0000) ctsFifoRkey=0x9e0df ctsFifoLkey=0x9e0df
a100-llm-02:1535408:1535514 [3] NCCL INFO NET/IB: IbDev 3 Port 1 qpn 2236 query_ece={supported=1, vendor_id=0x15b3, options=0x30000000, comp_mask=0x0}
a100-llm-02:1535408:1535514 [3] NCCL INFO NET/IB: NCCL Dev 10 IbDev 4 Port 1 qpn 1980 mtu 5 GID 3 (0/462613C6FFFF0000) ctsFifoRkey=0x62dec ctsFifoLkey=0x62dec
a100-llm-02:1535408:1535514 [3] NCCL INFO NET/IB: IbDev 4 Port 1 qpn 1980 query_ece={supported=1, vendor_id=0x15b3, options=0x30000000, comp_mask=0x0}
a100-llm-02:1535408:1535517 [5] NCCL INFO NET/IB: NCCL Dev 11 IbDev 5 Port 1 qpn 2237 mtu 5 GID 3 (0/5E0113C6FFFF0000) ctsFifoRkey=0x95656 ctsFifoLkey=0x95656
a100-llm-02:1535408:1535517 [5] NCCL INFO NET/IB: IbDev 5 Port 1 qpn 2237 query_ece={supported=1, vendor_id=0x15b3, options=0x30000000, comp_mask=0x0}
a100-llm-02:1535408:1535517 [5] NCCL INFO NET/IB: NCCL Dev 11 IbDev 6 Port 1 qpn 1981 mtu 5 GID 3 (0/AF0713C6FFFF0000) ctsFifoRkey=0x58342 ctsFifoLkey=0x58342
a100-llm-02:1535408:1535517 [5] NCCL INFO NET/IB: IbDev 6 Port 1 qpn 1981 query_ece={supported=1, vendor_id=0x15b3, options=0x30000000, comp_mask=0x0}
a100-llm-02:1535408:1535514 [3] NCCL INFO NET/IB: NCCL Dev 10 IbDev 3 Port 1 qpn 2237 mtu 5 GID 3 (0/340D13C6FFFF0000) ctsFifoRkey=0x9d4d6 ctsFifoLkey=0x9d4d6
a100-llm-02:1535408:1535514 [3] NCCL INFO NET/IB: IbDev 3 Port 1 qpn 2237 query_ece={supported=1, vendor_id=0x15b3, options=0x30000000, comp_mask=0x0}
a100-llm-02:1535408:1535514 [3] NCCL INFO NET/IB: NCCL Dev 10 IbDev 4 Port 1 qpn 1981 mtu 5 GID 3 (0/462613C6FFFF0000) ctsFifoRkey=0x620df ctsFifoLkey=0x620df
a100-llm-02:1535408:1535514 [3] NCCL INFO NET/IB: IbDev 4 Port 1 qpn 1981 query_ece={supported=1, vendor_id=0x15b3, options=0x30000000, comp_mask=0x0}
a100-llm-02:1535408:1535512 [2] NCCL INFO NET/IB: NCCL Dev 10 IbDev 3 Port 1 qpn 2238 mtu 5 GID 3 (0/340D13C6FFFF0000) ctsFifoRkey=0x9eceb ctsFifoLkey=0x9eceb
a100-llm-02:1535408:1535512 [2] NCCL INFO NET/IB: IbDev 3 Port 1 qpn 2238 query_ece={supported=1, vendor_id=0x15b3, options=0x30000000, comp_mask=0x0}
a100-llm-02:1535408:1535512 [2] NCCL INFO NET/IB: NCCL Dev 10 IbDev 4 Port 1 qpn 1982 mtu 5 GID 3 (0/462613C6FFFF0000) ctsFifoRkey=0x639f7 ctsFifoLkey=0x639f7
a100-llm-02:1535408:1535512 [2] NCCL INFO NET/IB: IbDev 4 Port 1 qpn 1982 query_ece={supported=1, vendor_id=0x15b3, options=0x30000000, comp_mask=0x0}
a100-llm-02:1535408:1535517 [5] NCCL INFO NET/IB: NCCL Dev 11 IbDev 5 Port 1 qpn 2240 mtu 5 GID 3 (0/5E0113C6FFFF0000) ctsFifoRkey=0x9c3c2 ctsFifoLkey=0x9c3c2
a100-llm-02:1535408:1535517 [5] NCCL INFO NET/IB: IbDev 5 Port 1 qpn 2240 query_ece={supported=1, vendor_id=0x15b3, options=0x30000000, comp_mask=0x0}
a100-llm-02:1535408:1535517 [5] NCCL INFO NET/IB: NCCL Dev 11 IbDev 6 Port 1 qpn 1984 mtu 5 GID 3 (0/AF0713C6FFFF0000) ctsFifoRkey=0x5fdbc ctsFifoLkey=0x5fdbc
a100-llm-02:1535408:1535517 [5] NCCL INFO NET/IB: IbDev 6 Port 1 qpn 1984 query_ece={supported=1, vendor_id=0x15b3, options=0x30000000, comp_mask=0x0}
a100-llm-02:1535408:1535512 [2] NCCL INFO NET/IB: NCCL Dev 10 IbDev 3 Port 1 qpn 2239 mtu 5 GID 3 (0/340D13C6FFFF0000) ctsFifoRkey=0xa1c1b ctsFifoLkey=0xa1c1b
a100-llm-02:1535408:1535512 [2] NCCL INFO NET/IB: IbDev 3 Port 1 qpn 2239 query_ece={supported=1, vendor_id=0x15b3, options=0x30000000, comp_mask=0x0}
a100-llm-02:1535408:1535512 [2] NCCL INFO NET/IB: NCCL Dev 10 IbDev 4 Port 1 qpn 1983 mtu 5 GID 3 (0/462613C6FFFF0000) ctsFifoRkey=0x66b29 ctsFifoLkey=0x66b29
a100-llm-02:1535408:1535512 [2] NCCL INFO NET/IB: IbDev 4 Port 1 qpn 1983 query_ece={supported=1, vendor_id=0x15b3, options=0x30000000, comp_mask=0x0}
a100-llm-02:1535408:1535522 [7] NCCL INFO NET/IB: NCCL Dev 12 IbDev 7 Port 1 qpn 2243 mtu 5 GID 3 (0/455A13C6FFFF0000) ctsFifoRkey=0xa1d1b ctsFifoLkey=0xa1d1b
a100-llm-02:1535408:1535522 [7] NCCL INFO NET/IB: IbDev 7 Port 1 qpn 2243 query_ece={supported=1, vendor_id=0x15b3, options=0x30000000, comp_mask=0x0}
a100-llm-02:1535408:1535522 [7] NCCL INFO NET/IB: NCCL Dev 12 IbDev 8 Port 1 qpn 1986 mtu 5 GID 3 (0/58B013C6FFFF0000) ctsFifoRkey=0x63efe ctsFifoLkey=0x63efe
a100-llm-02:1535408:1535522 [7] NCCL INFO NET/IB: IbDev 8 Port 1 qpn 1986 query_ece={supported=1, vendor_id=0x15b3, options=0x30000000, comp_mask=0x0}
a100-llm-02:1535408:1535510 [1] NCCL INFO NET/IB: NCCL Dev 9 IbDev 1 Port 1 qpn 2236 mtu 5 GID 3 (0/F74413C6FFFF0000) ctsFifoRkey=0x96966 ctsFifoLkey=0x96966
a100-llm-02:1535408:1535510 [1] NCCL INFO NET/IB: IbDev 1 Port 1 qpn 2236 query_ece={supported=1, vendor_id=0x15b3, options=0x30000000, comp_mask=0x0}
a100-llm-02:1535408:1535510 [1] NCCL INFO NET/IB: NCCL Dev 9 IbDev 2 Port 1 qpn 1980 mtu 5 GID 3 (0/A3F13C6FFFF0000) ctsFifoRkey=0x5bb7b ctsFifoLkey=0x5bb7b
a100-llm-02:1535408:1535510 [1] NCCL INFO NET/IB: IbDev 2 Port 1 qpn 1980 query_ece={supported=1, vendor_id=0x15b3, options=0x30000000, comp_mask=0x0}
a100-llm-02:1535408:1535522 [7] NCCL INFO NET/IB: NCCL Dev 12 IbDev 7 Port 1 qpn 2244 mtu 5 GID 3 (0/455A13C6FFFF0000) ctsFifoRkey=0xa100e ctsFifoLkey=0xa100e
a100-llm-02:1535408:1535522 [7] NCCL INFO NET/IB: IbDev 7 Port 1 qpn 2244 query_ece={supported=1, vendor_id=0x15b3, options=0x30000000, comp_mask=0x0}
a100-llm-02:1535408:1535522 [7] NCCL INFO NET/IB: NCCL Dev 12 IbDev 8 Port 1 qpn 1987 mtu 5 GID 3 (0/58B013C6FFFF0000) ctsFifoRkey=0x64607 ctsFifoLkey=0x64607
a100-llm-02:1535408:1535522 [7] NCCL INFO NET/IB: IbDev 8 Port 1 qpn 1987 query_ece={supported=1, vendor_id=0x15b3, options=0x30000000, comp_mask=0x0}
a100-llm-02:1535408:1535517 [5] NCCL INFO NET/IB: IbDev 5 Port 1 qpn 2237 set_ece={supported=1, vendor_id=0x15b3, options=0x30000000, comp_mask=0x0}
a100-llm-02:1535408:1535517 [5] NCCL INFO NET/IB: IbDev 6 Port 1 qpn 1981 set_ece={supported=1, vendor_id=0x15b3, options=0x30000000, comp_mask=0x0}
a100-llm-02:1535408:1535520 [0] NCCL INFO NET/IB: NCCL Dev 9 IbDev 1 Port 1 qpn 2237 mtu 5 GID 3 (0/F74413C6FFFF0000) ctsFifoRkey=0x9e6e3 ctsFifoLkey=0x9e6e3
a100-llm-02:1535408:1535520 [0] NCCL INFO NET/IB: IbDev 1 Port 1 qpn 2237 query_ece={supported=1, vendor_id=0x15b3, options=0x30000000, comp_mask=0x0}
a100-llm-02:1535408:1535520 [0] NCCL INFO NET/IB: NCCL Dev 9 IbDev 2 Port 1 qpn 1981 mtu 5 GID 3 (0/A3F13C6FFFF0000) ctsFifoRkey=0x633f4 ctsFifoLkey=0x633f4
a100-llm-02:1535408:1535520 [0] NCCL INFO NET/IB: IbDev 2 Port 1 qpn 1981 query_ece={supported=1, vendor_id=0x15b3, options=0x30000000, comp_mask=0x0}
a100-llm-02:1535408:1535512 [2] NCCL INFO NET/IB: IbDev 3 Port 1 qpn 2239 set_ece={supported=1, vendor_id=0x15b3, options=0x30000000, comp_mask=0x0}
a100-llm-02:1535408:1535512 [2] NCCL INFO NET/IB: IbDev 4 Port 1 qpn 1983 set_ece={supported=1, vendor_id=0x15b3, options=0x30000000, comp_mask=0x0}
a100-llm-02:1535408:1535510 [1] NCCL INFO NET/IB: NCCL Dev 9 IbDev 1 Port 1 qpn 2238 mtu 5 GID 3 (0/F74413C6FFFF0000) ctsFifoRkey=0x9a9a8 ctsFifoLkey=0x9a9a8
a100-llm-02:1535408:1535510 [1] NCCL INFO NET/IB: IbDev 1 Port 1 qpn 2238 query_ece={supported=1, vendor_id=0x15b3, options=0x30000000, comp_mask=0x0}
a100-llm-02:1535408:1535510 [1] NCCL INFO NET/IB: NCCL Dev 9 IbDev 2 Port 1 qpn 1982 mtu 5 GID 3 (0/A3F13C6FFFF0000) ctsFifoRkey=0x604c2 ctsFifoLkey=0x604c2
a100-llm-02:1535408:1535510 [1] NCCL INFO NET/IB: IbDev 2 Port 1 qpn 1982 query_ece={supported=1, vendor_id=0x15b3, options=0x30000000, comp_mask=0x0}
a100-llm-02:1535408:1535516 [4] NCCL INFO NET/IB: NCCL Dev 11 IbDev 5 Port 1 qpn 2243 mtu 5 GID 3 (0/5E0113C6FFFF0000) ctsFifoRkey=0x9b7b9 ctsFifoLkey=0x9b7b9
a100-llm-02:1535408:1535516 [4] NCCL INFO NET/IB: IbDev 5 Port 1 qpn 2243 query_ece={supported=1, vendor_id=0x15b3, options=0x30000000, comp_mask=0x0}
a100-llm-02:1535408:1535516 [4] NCCL INFO NET/IB: NCCL Dev 11 IbDev 6 Port 1 qpn 1987 mtu 5 GID 3 (0/AF0713C6FFFF0000) ctsFifoRkey=0x5f1b0 ctsFifoLkey=0x5f1b0
a100-llm-02:1535408:1535516 [4] NCCL INFO NET/IB: IbDev 6 Port 1 qpn 1987 query_ece={supported=1, vendor_id=0x15b3, options=0x30000000, comp_mask=0x0}
a100-llm-02:1535408:1535510 [1] NCCL INFO NET/IB: IbDev 1 Port 1 qpn 2236 set_ece={supported=1, vendor_id=0x15b3, options=0x30000000, comp_mask=0x0}
a100-llm-02:1535408:1535514 [3] NCCL INFO NET/IB: IbDev 3 Port 1 qpn 2237 set_ece={supported=1, vendor_id=0x15b3, options=0x30000000, comp_mask=0x0}
a100-llm-02:1535408:1535514 [3] NCCL INFO NET/IB: IbDev 4 Port 1 qpn 1981 set_ece={supported=1, vendor_id=0x15b3, options=0x30000000, comp_mask=0x0}
a100-llm-02:1535408:1535510 [1] NCCL INFO NET/IB: IbDev 2 Port 1 qpn 1980 set_ece={supported=1, vendor_id=0x15b3, options=0x30000000, comp_mask=0x0}
a100-llm-02:1535408:1535517 [5] NCCL INFO NET/IB: IbDev 5 Port 1 qpn 2240 set_ece={supported=1, vendor_id=0x15b3, options=0x30000000, comp_mask=0x0}
a100-llm-02:1535408:1535517 [5] NCCL INFO NET/IB: IbDev 6 Port 1 qpn 1984 set_ece={supported=1, vendor_id=0x15b3, options=0x30000000, comp_mask=0x0}
a100-llm-02:1535408:1535522 [7] NCCL INFO NET/IB: IbDev 7 Port 1 qpn 2243 set_ece={supported=1, vendor_id=0x15b3, options=0x30000000, comp_mask=0x0}
a100-llm-02:1535408:1535522 [7] NCCL INFO NET/IB: IbDev 8 Port 1 qpn 1986 set_ece={supported=1, vendor_id=0x15b3, options=0x30000000, comp_mask=0x0}
a100-llm-02:1535408:1535520 [0] NCCL INFO NET/IB: NCCL Dev 9 IbDev 1 Port 1 qpn 2241 mtu 5 GID 3 (0/F74413C6FFFF0000) ctsFifoRkey=0xa1716 ctsFifoLkey=0xa1716
a100-llm-02:1535408:1535520 [0] NCCL INFO NET/IB: IbDev 1 Port 1 qpn 2241 query_ece={supported=1, vendor_id=0x15b3, options=0x30000000, comp_mask=0x0}
a100-llm-02:1535408:1535520 [0] NCCL INFO NET/IB: NCCL Dev 9 IbDev 2 Port 1 qpn 1985 mtu 5 GID 3 (0/A3F13C6FFFF0000) ctsFifoRkey=0x66322 ctsFifoLkey=0x66322
a100-llm-02:1535408:1535520 [0] NCCL INFO NET/IB: IbDev 2 Port 1 qpn 1985 query_ece={supported=1, vendor_id=0x15b3, options=0x30000000, comp_mask=0x0}
a100-llm-02:1535408:1535516 [4] NCCL INFO NET/IB: IbDev 5 Port 1 qpn 2236 set_ece={supported=1, vendor_id=0x15b3, options=0x30000000, comp_mask=0x0}
a100-llm-02:1535408:1535516 [4] NCCL INFO NET/IB: IbDev 6 Port 1 qpn 1980 set_ece={supported=1, vendor_id=0x15b3, options=0x30000000, comp_mask=0x0}
a100-llm-02:1535408:1535514 [3] NCCL INFO NET/IB: IbDev 3 Port 1 qpn 2236 set_ece={supported=1, vendor_id=0x15b3, options=0x30000000, comp_mask=0x0}
a100-llm-02:1535408:1535514 [3] NCCL INFO NET/IB: IbDev 4 Port 1 qpn 1980 set_ece={supported=1, vendor_id=0x15b3, options=0x30000000, comp_mask=0x0}
a100-llm-02:1535408:1535512 [2] NCCL INFO NET/IB: IbDev 3 Port 1 qpn 2238 set_ece={supported=1, vendor_id=0x15b3, options=0x30000000, comp_mask=0x0}
a100-llm-02:1535408:1535512 [2] NCCL INFO NET/IB: IbDev 4 Port 1 qpn 1982 set_ece={supported=1, vendor_id=0x15b3, options=0x30000000, comp_mask=0x0}
a100-llm-02:1535408:1535522 [7] NCCL INFO NET/IB: IbDev 7 Port 1 qpn 2244 set_ece={supported=1, vendor_id=0x15b3, options=0x30000000, comp_mask=0x0}
a100-llm-02:1535408:1535522 [7] NCCL INFO NET/IB: IbDev 8 Port 1 qpn 1987 set_ece={supported=1, vendor_id=0x15b3, options=0x30000000, comp_mask=0x0}
a100-llm-02:1535408:1535516 [4] NCCL INFO NET/IB: IbDev 5 Port 1 qpn 2243 set_ece={supported=1, vendor_id=0x15b3, options=0x30000000, comp_mask=0x0}
a100-llm-02:1535408:1535516 [4] NCCL INFO NET/IB: IbDev 6 Port 1 qpn 1987 set_ece={supported=1, vendor_id=0x15b3, options=0x30000000, comp_mask=0x0}
a100-llm-02:1535408:1535520 [0] NCCL INFO NET/IB: IbDev 1 Port 1 qpn 2237 set_ece={supported=1, vendor_id=0x15b3, options=0x30000000, comp_mask=0x0}
a100-llm-02:1535408:1535520 [0] NCCL INFO NET/IB: IbDev 2 Port 1 qpn 1981 set_ece={supported=1, vendor_id=0x15b3, options=0x30000000, comp_mask=0x0}
a100-llm-02:1535408:1535510 [1] NCCL INFO NET/IB: IbDev 1 Port 1 qpn 2238 set_ece={supported=1, vendor_id=0x15b3, options=0x30000000, comp_mask=0x0}
a100-llm-02:1535408:1535510 [1] NCCL INFO NET/IB: IbDev 2 Port 1 qpn 1982 set_ece={supported=1, vendor_id=0x15b3, options=0x30000000, comp_mask=0x0}
a100-llm-02:1535408:1535520 [0] NCCL INFO NET/IB: IbDev 1 Port 1 qpn 2241 set_ece={supported=1, vendor_id=0x15b3, options=0x30000000, comp_mask=0x0}
a100-llm-02:1535408:1535520 [0] NCCL INFO NET/IB: IbDev 2 Port 1 qpn 1985 set_ece={supported=1, vendor_id=0x15b3, options=0x30000000, comp_mask=0x0}
[AIMD] FinalizeChunkRTT: cc=0x7f53540c7700 slot=0 inflight_before=1
[AIMD] FinalizeChunkRTT: cc=0x7f5330065be0 slot=341 inflight_before=2
warmup done.
[AIMD] FinalizeChunkRTT: cc=0x7f53300659a0 slot=854 inflight_before=2
a100-llm-02:1535408:1535508 [0] NCCL INFO V2MIN: pressure=1.000 (fast=0.168 slow=0.002 dev=0.1656) state=SHRINK window=204 floor=204 high=2681 low=0 ncc=16
[AIMD] FinalizeChunkRTT: cc=0x7f53300659a0 slot=262 inflight_before=2
[AIMD] FinalizeChunkRTT: cc=0x7f532000a680 slot=656 inflight_before=1
[AIMD] FinalizeChunkRTT: cc=0x7f5338001000 slot=65 inflight_before=1
[AIMD] FinalizeChunkRTT: cc=0x7f5328017320 slot=444 inflight_before=1
[AIMD] FinalizeChunkRTT: cc=0x7f5328001000 slot=920 inflight_before=1
a100-llm-02:1535408:1535508 [0] NCCL INFO V2MIN: pressure=1.000 (fast=0.088 slow=0.002 dev=0.0861) state=SHRINK window=204 floor=204 high=7408 low=0 ncc=16
[AIMD] FinalizeChunkRTT: cc=0x7f532c065420 slot=344 inflight_before=1
[AIMD] FinalizeChunkRTT: cc=0x7f5338001000 slot=722 inflight_before=1
[AIMD] FinalizeChunkRTT: cc=0x7f532400a3c0 slot=47 inflight_before=1
[AIMD] FinalizeChunkRTT: cc=0x7f53540c7700 slot=360 inflight_before=1
[AIMD] FinalizeChunkRTT: cc=0x7f5328001000 slot=709 inflight_before=3
a100-llm-02:1535408:1535508 [0] NCCL INFO V2MIN: pressure=1.000 (fast=0.095 slow=0.002 dev=0.0932) state=SHRINK window=204 floor=204 high=12136 low=0 ncc=16
[AIMD] FinalizeChunkRTT: cc=0x7f53540c7700 slot=158 inflight_before=1
[AIMD] FinalizeChunkRTT: cc=0x7f53300659a0 slot=718 inflight_before=6
[AIMD] FinalizeChunkRTT: cc=0x7f5328001000 slot=199 inflight_before=1
[AIMD] FinalizeChunkRTT: cc=0x7f53540c7700 slot=677 inflight_before=1
[AIMD] FinalizeChunkRTT: cc=0x7f5338001000 slot=272 inflight_before=2
CSV written to: oracle_results/6_v2_minimal_pinned_with_stress_20260409_134442_r4.csv

========================================
  Oracle Experiment Results
========================================
Config: nDev=8  count=1048576  data=4.19 MB  iters=500
NCCL_AIMD_ENABLE=1  NCCL_CC_ORACLE_FACTOR=(unset)

Wall-clock latency (us):
  mean= 31848.4  stddev= 14458.7
  p50 = 30662.6  p99   = 63960.9  max= 79949.5

Collective max GPU latency (us):
  mean= 29992.1  stddev= 14075.8
  p50 = 28195.8  p99   = 63927.4  max= 79926.3

Rank skew (us):
  mean=  5622.0  stddev=  5443.8
  p50 =  4495.4  p99   = 20030.9  max= 24030.2

Avg algo bandwidth: 0.23 GB/s
========================================

