a100-llm-02:1442669:1442797 [6] NCCL INFO Channel 00/0 : 5[5] -> 6[6] [receive] via NET/IB/12/GDRDMA
a100-llm-02:1442669:1442797 [6] NCCL INFO GPU Direct RDMA Enabled for GPU/0-1044560 (rank 6) - NET/0-12 (distance 5 <= 6, read 0, mode Default)
a100-llm-02:1442669:1442786 [6] NCCL INFO New proxy recv connection 1 from local rank 0, transport 2
a100-llm-02:1442669:1442797 [6] NCCL INFO Connected to proxy localRank 0 -> connection 0x7f0e18009e88
a100-llm-02:1442669:1442797 [6] NCCL INFO Channel 01/0 : 5[5] -> 6[6] [receive] via NET/IB/12/GDRDMA
a100-llm-02:1442669:1442797 [6] NCCL INFO GPU Direct RDMA Enabled for GPU/0-1044560 (rank 6) - NET/0-12 (distance 5 <= 6, read 1, mode Default)
a100-llm-02:1442669:1442786 [6] NCCL INFO New proxy send connection 2 from local rank 0, transport 2
a100-llm-02:1442669:1442797 [6] NCCL INFO Connected to proxy localRank 0 -> connection 0x7f0e18009f00
a100-llm-02:1442669:1442797 [6] NCCL INFO Channel 00/0 : 6[6] -> 7[7] [send] via NET/IB/12/GDRDMA
a100-llm-02:1442669:1442797 [6] NCCL INFO GPU Direct RDMA Enabled for GPU/0-1044560 (rank 6) - NET/0-12 (distance 5 <= 6, read 1, mode Default)
a100-llm-02:1442669:1442786 [6] NCCL INFO New proxy send connection 3 from local rank 0, transport 2
a100-llm-02:1442669:1442797 [6] NCCL INFO Connected to proxy localRank 0 -> connection 0x7f0e18009f78
a100-llm-02:1442669:1442797 [6] NCCL INFO Channel 01/0 : 6[6] -> 7[7] [send] via NET/IB/12/GDRDMA
a100-llm-02:1442669:1442780 [1] NCCL INFO New proxy recv connection 0 from local rank 0, transport 2
a100-llm-02:1442669:1442791 [5] NCCL INFO New proxy recv connection 0 from local rank 0, transport 2
a100-llm-02:1442669:1442798 [5] NCCL INFO Connected to proxy localRank 0 -> connection 0x7f0f63fa26b0
a100-llm-02:1442669:1442788 [0] NCCL INFO New proxy recv connection 0 from local rank 0, transport 2
a100-llm-02:1442669:1442781 [2] NCCL INFO New proxy recv connection 0 from local rank 0, transport 2
a100-llm-02:1442669:1442793 [4] NCCL INFO New proxy recv connection 0 from local rank 0, transport 2
a100-llm-02:1442669:1442801 [2] NCCL INFO Connected to proxy localRank 0 -> connection 0x7f0e3c000d10
a100-llm-02:1442669:1442803 [0] NCCL INFO Connected to proxy localRank 0 -> connection 0x7f0e1c009e10
a100-llm-02:1442669:1442803 [0] NCCL INFO Channel 00/0 : 7[7] -> 0[0] [receive] via NET/IB/9/GDRDMA
a100-llm-02:1442669:1442803 [0] NCCL INFO GPU Direct RDMA Enabled for GPU/0-1019984 (rank 0) - NET/0-9 (distance 5 <= 6, read 0, mode Default)
a100-llm-02:1442669:1442788 [0] NCCL INFO New proxy recv connection 1 from local rank 0, transport 2
a100-llm-02:1442669:1442803 [0] NCCL INFO Connected to proxy localRank 0 -> connection 0x7f0e1c009e88
a100-llm-02:1442669:1442803 [0] NCCL INFO Channel 01/0 : 7[7] -> 0[0] [receive] via NET/IB/9/GDRDMA
a100-llm-02:1442669:1442803 [0] NCCL INFO GPU Direct RDMA Enabled for GPU/0-1019984 (rank 0) - NET/0-9 (distance 5 <= 6, read 1, mode Default)
a100-llm-02:1442669:1442788 [0] NCCL INFO New proxy send connection 2 from local rank 0, transport 2
a100-llm-02:1442669:1442803 [0] NCCL INFO Connected to proxy localRank 0 -> connection 0x7f0e1c009f00
a100-llm-02:1442669:1442803 [0] NCCL INFO Channel 00/0 : 0[0] -> 1[1] [send] via NET/IB/9/GDRDMA
a100-llm-02:1442669:1442803 [0] NCCL INFO GPU Direct RDMA Enabled for GPU/0-1019984 (rank 0) - NET/0-9 (distance 5 <= 6, read 1, mode Default)
a100-llm-02:1442669:1442788 [0] NCCL INFO New proxy send connection 3 from local rank 0, transport 2
a100-llm-02:1442669:1442803 [0] NCCL INFO Connected to proxy localRank 0 -> connection 0x7f0e1c009f78
a100-llm-02:1442669:1442802 [1] NCCL INFO Connected to proxy localRank 0 -> connection 0x7f0e78000d10
a100-llm-02:1442669:1442799 [4] NCCL INFO Connected to proxy localRank 0 -> connection 0x7f0f7ffef460
a100-llm-02:1442669:1442796 [7] NCCL INFO Channel 00/0 : 6[6] -> 7[7] [receive] via NET/IB/12/GDRDMA
a100-llm-02:1442669:1442796 [7] NCCL INFO GPU Direct RDMA Enabled for GPU/0-1044576 (rank 7) - NET/0-12 (distance 5 <= 6, read 0, mode Default)
a100-llm-02:1442669:1442798 [5] NCCL INFO Channel 00/0 : 4[4] -> 5[5] [receive] via NET/IB/11/GDRDMA
a100-llm-02:1442669:1442798 [5] NCCL INFO GPU Direct RDMA Enabled for GPU/0-1036384 (rank 5) - NET/0-11 (distance 5 <= 6, read 0, mode Default)
a100-llm-02:1442669:1442789 [7] NCCL INFO New proxy recv connection 1 from local rank 0, transport 2
a100-llm-02:1442669:1442796 [7] NCCL INFO Connected to proxy localRank 0 -> connection 0x7f0f67f9a788
a100-llm-02:1442669:1442791 [5] NCCL INFO New proxy recv connection 1 from local rank 0, transport 2
a100-llm-02:1442669:1442798 [5] NCCL INFO Connected to proxy localRank 0 -> connection 0x7f0f63fa2728
a100-llm-02:1442669:1442803 [0] NCCL INFO Channel 01/0 : 0[0] -> 1[1] [send] via NET/IB/9/GDRDMA
a100-llm-02:1442669:1442801 [2] NCCL INFO Channel 00/0 : 1[1] -> 2[2] [receive] via NET/IB/10/GDRDMA
a100-llm-02:1442669:1442801 [2] NCCL INFO GPU Direct RDMA Enabled for GPU/0-1028176 (rank 2) - NET/0-10 (distance 5 <= 6, read 0, mode Default)
a100-llm-02:1442669:1442799 [4] NCCL INFO Channel 00/0 : 3[3] -> 4[4] [receive] via NET/IB/11/GDRDMA
a100-llm-02:1442669:1442799 [4] NCCL INFO GPU Direct RDMA Enabled for GPU/0-1036368 (rank 4) - NET/0-11 (distance 5 <= 6, read 0, mode Default)
a100-llm-02:1442669:1442793 [4] NCCL INFO New proxy recv connection 1 from local rank 0, transport 2
a100-llm-02:1442669:1442799 [4] NCCL INFO Connected to proxy localRank 0 -> connection 0x7f0f7ffef4d8
a100-llm-02:1442669:1442802 [1] NCCL INFO Channel 00/0 : 0[0] -> 1[1] [receive] via NET/IB/9/GDRDMA
a100-llm-02:1442669:1442802 [1] NCCL INFO GPU Direct RDMA Enabled for GPU/0-1020000 (rank 1) - NET/0-9 (distance 5 <= 6, read 0, mode Default)
a100-llm-02:1442669:1442799 [4] NCCL INFO Channel 01/0 : 3[3] -> 4[4] [receive] via NET/IB/11/GDRDMA
a100-llm-02:1442669:1442799 [4] NCCL INFO GPU Direct RDMA Enabled for GPU/0-1036368 (rank 4) - NET/0-11 (distance 5 <= 6, read 1, mode Default)
a100-llm-02:1442669:1442796 [7] NCCL INFO Channel 01/0 : 6[6] -> 7[7] [receive] via NET/IB/12/GDRDMA
a100-llm-02:1442669:1442796 [7] NCCL INFO GPU Direct RDMA Enabled for GPU/0-1044576 (rank 7) - NET/0-12 (distance 5 <= 6, read 1, mode Default)
a100-llm-02:1442669:1442800 [3] NCCL INFO Channel 00/0 : 2[2] -> 3[3] [receive] via NET/IB/10/GDRDMA
a100-llm-02:1442669:1442800 [3] NCCL INFO GPU Direct RDMA Enabled for GPU/0-1028192 (rank 3) - NET/0-10 (distance 5 <= 6, read 0, mode Default)
a100-llm-02:1442669:1442793 [4] NCCL INFO New proxy send connection 2 from local rank 0, transport 2
a100-llm-02:1442669:1442799 [4] NCCL INFO Connected to proxy localRank 0 -> connection 0x7f0f7ffef550
a100-llm-02:1442669:1442781 [2] NCCL INFO New proxy recv connection 1 from local rank 0, transport 2
a100-llm-02:1442669:1442799 [4] NCCL INFO Channel 00/0 : 4[4] -> 5[5] [send] via NET/IB/11/GDRDMA
a100-llm-02:1442669:1442799 [4] NCCL INFO GPU Direct RDMA Enabled for GPU/0-1036368 (rank 4) - NET/0-11 (distance 5 <= 6, read 1, mode Default)
a100-llm-02:1442669:1442789 [7] NCCL INFO New proxy send connection 2 from local rank 0, transport 2
a100-llm-02:1442669:1442796 [7] NCCL INFO Connected to proxy localRank 0 -> connection 0x7f0f67f9a800
a100-llm-02:1442669:1442796 [7] NCCL INFO Channel 00/0 : 7[7] -> 0[0] [send] via NET/IB/12/GDRDMA
a100-llm-02:1442669:1442796 [7] NCCL INFO GPU Direct RDMA Enabled for GPU/0-1044576 (rank 7) - NET/0-12 (distance 5 <= 6, read 1, mode Default)
a100-llm-02:1442669:1442789 [7] NCCL INFO New proxy send connection 3 from local rank 0, transport 2
a100-llm-02:1442669:1442796 [7] NCCL INFO Connected to proxy localRank 0 -> connection 0x7f0f67f9a878
a100-llm-02:1442669:1442796 [7] NCCL INFO Channel 01/0 : 7[7] -> 0[0] [send] via NET/IB/12/GDRDMA
a100-llm-02:1442669:1442793 [4] NCCL INFO New proxy send connection 3 from local rank 0, transport 2
a100-llm-02:1442669:1442798 [5] NCCL INFO Channel 01/0 : 4[4] -> 5[5] [receive] via NET/IB/11/GDRDMA
a100-llm-02:1442669:1442798 [5] NCCL INFO GPU Direct RDMA Enabled for GPU/0-1036384 (rank 5) - NET/0-11 (distance 5 <= 6, read 1, mode Default)
a100-llm-02:1442669:1442801 [2] NCCL INFO Connected to proxy localRank 0 -> connection 0x7f0e3c000d88
a100-llm-02:1442669:1442799 [4] NCCL INFO Connected to proxy localRank 0 -> connection 0x7f0f7ffef5c8
a100-llm-02:1442669:1442801 [2] NCCL INFO Channel 01/0 : 1[1] -> 2[2] [receive] via NET/IB/10/GDRDMA
a100-llm-02:1442669:1442801 [2] NCCL INFO GPU Direct RDMA Enabled for GPU/0-1028176 (rank 2) - NET/0-10 (distance 5 <= 6, read 1, mode Default)
a100-llm-02:1442669:1442781 [2] NCCL INFO New proxy send connection 2 from local rank 0, transport 2
a100-llm-02:1442669:1442799 [4] NCCL INFO Channel 01/0 : 4[4] -> 5[5] [send] via NET/IB/11/GDRDMA
a100-llm-02:1442669:1442801 [2] NCCL INFO Connected to proxy localRank 0 -> connection 0x7f0e3c000e00
a100-llm-02:1442669:1442801 [2] NCCL INFO Channel 00/0 : 2[2] -> 3[3] [send] via NET/IB/10/GDRDMA
a100-llm-02:1442669:1442801 [2] NCCL INFO GPU Direct RDMA Enabled for GPU/0-1028176 (rank 2) - NET/0-10 (distance 5 <= 6, read 1, mode Default)
a100-llm-02:1442669:1442791 [5] NCCL INFO New proxy send connection 2 from local rank 0, transport 2
a100-llm-02:1442669:1442780 [1] NCCL INFO New proxy recv connection 1 from local rank 0, transport 2
a100-llm-02:1442669:1442781 [2] NCCL INFO New proxy send connection 3 from local rank 0, transport 2
a100-llm-02:1442669:1442801 [2] NCCL INFO Connected to proxy localRank 0 -> connection 0x7f0e3c000e78
a100-llm-02:1442669:1442784 [3] NCCL INFO New proxy recv connection 1 from local rank 0, transport 2
a100-llm-02:1442669:1442801 [2] NCCL INFO Channel 01/0 : 2[2] -> 3[3] [send] via NET/IB/10/GDRDMA
a100-llm-02:1442669:1442800 [3] NCCL INFO Connected to proxy localRank 0 -> connection 0x7f0e28000d88
a100-llm-02:1442669:1442802 [1] NCCL INFO Connected to proxy localRank 0 -> connection 0x7f0e78000d88
a100-llm-02:1442669:1442798 [5] NCCL INFO Connected to proxy localRank 0 -> connection 0x7f0f63fa27a0
a100-llm-02:1442669:1442800 [3] NCCL INFO Channel 01/0 : 2[2] -> 3[3] [receive] via NET/IB/10/GDRDMA
a100-llm-02:1442669:1442800 [3] NCCL INFO GPU Direct RDMA Enabled for GPU/0-1028192 (rank 3) - NET/0-10 (distance 5 <= 6, read 1, mode Default)
a100-llm-02:1442669:1442802 [1] NCCL INFO Channel 01/0 : 0[0] -> 1[1] [receive] via NET/IB/9/GDRDMA
a100-llm-02:1442669:1442802 [1] NCCL INFO GPU Direct RDMA Enabled for GPU/0-1020000 (rank 1) - NET/0-9 (distance 5 <= 6, read 1, mode Default)
a100-llm-02:1442669:1442798 [5] NCCL INFO Channel 00/0 : 5[5] -> 6[6] [send] via NET/IB/11/GDRDMA
a100-llm-02:1442669:1442798 [5] NCCL INFO GPU Direct RDMA Enabled for GPU/0-1036384 (rank 5) - NET/0-11 (distance 5 <= 6, read 1, mode Default)
a100-llm-02:1442669:1442784 [3] NCCL INFO New proxy send connection 2 from local rank 0, transport 2
a100-llm-02:1442669:1442800 [3] NCCL INFO Connected to proxy localRank 0 -> connection 0x7f0e28000e00
a100-llm-02:1442669:1442791 [5] NCCL INFO New proxy send connection 3 from local rank 0, transport 2
a100-llm-02:1442669:1442780 [1] NCCL INFO New proxy send connection 2 from local rank 0, transport 2
a100-llm-02:1442669:1442802 [1] NCCL INFO Connected to proxy localRank 0 -> connection 0x7f0e78000e00
a100-llm-02:1442669:1442798 [5] NCCL INFO Connected to proxy localRank 0 -> connection 0x7f0f63fa2818
a100-llm-02:1442669:1442800 [3] NCCL INFO Channel 00/0 : 3[3] -> 4[4] [send] via NET/IB/10/GDRDMA
a100-llm-02:1442669:1442800 [3] NCCL INFO GPU Direct RDMA Enabled for GPU/0-1028192 (rank 3) - NET/0-10 (distance 5 <= 6, read 1, mode Default)
a100-llm-02:1442669:1442802 [1] NCCL INFO Channel 00/0 : 1[1] -> 2[2] [send] via NET/IB/9/GDRDMA
a100-llm-02:1442669:1442802 [1] NCCL INFO GPU Direct RDMA Enabled for GPU/0-1020000 (rank 1) - NET/0-9 (distance 5 <= 6, read 1, mode Default)
a100-llm-02:1442669:1442784 [3] NCCL INFO New proxy send connection 3 from local rank 0, transport 2
a100-llm-02:1442669:1442800 [3] NCCL INFO Connected to proxy localRank 0 -> connection 0x7f0e28000e78
a100-llm-02:1442669:1442798 [5] NCCL INFO Channel 01/0 : 5[5] -> 6[6] [send] via NET/IB/11/GDRDMA
a100-llm-02:1442669:1442780 [1] NCCL INFO New proxy send connection 3 from local rank 0, transport 2
a100-llm-02:1442669:1442802 [1] NCCL INFO Connected to proxy localRank 0 -> connection 0x7f0e78000e78
a100-llm-02:1442669:1442786 [6] NCCL INFO NET/IB: NCCL Dev 12 IbDev 7 Port 1 qpn 1756 mtu 5 GID 3 (0/455A13C6FFFF0000) ctsFifoRkey=0x122c2a ctsFifoLkey=0x122c2a
a100-llm-02:1442669:1442786 [6] NCCL INFO NET/IB: IbDev 7 Port 1 qpn 1756 query_ece={supported=1, vendor_id=0x15b3, options=0x30000000, comp_mask=0x0}
a100-llm-02:1442669:1442786 [6] NCCL INFO NET/IB: NCCL Dev 12 IbDev 8 Port 1 qpn 1500 mtu 5 GID 3 (0/58B013C6FFFF0000) ctsFifoRkey=0xe5918 ctsFifoLkey=0xe5918
a100-llm-02:1442669:1442786 [6] NCCL INFO NET/IB: IbDev 8 Port 1 qpn 1500 query_ece={supported=1, vendor_id=0x15b3, options=0x30000000, comp_mask=0x0}
a100-llm-02:1442669:1442802 [1] NCCL INFO Channel 01/0 : 1[1] -> 2[2] [send] via NET/IB/9/GDRDMA
a100-llm-02:1442669:1442800 [3] NCCL INFO Channel 01/0 : 3[3] -> 4[4] [send] via NET/IB/10/GDRDMA
a100-llm-02:1442669:1442786 [6] NCCL INFO NET/IB: NCCL Dev 12 IbDev 7 Port 1 qpn 1757 mtu 5 GID 3 (0/455A13C6FFFF0000) ctsFifoRkey=0x121f1d ctsFifoLkey=0x121f1d
a100-llm-02:1442669:1442786 [6] NCCL INFO NET/IB: IbDev 7 Port 1 qpn 1757 query_ece={supported=1, vendor_id=0x15b3, options=0x30000000, comp_mask=0x0}
a100-llm-02:1442669:1442786 [6] NCCL INFO NET/IB: NCCL Dev 12 IbDev 8 Port 1 qpn 1501 mtu 5 GID 3 (0/58B013C6FFFF0000) ctsFifoRkey=0xe4d0e ctsFifoLkey=0xe4d0e
a100-llm-02:1442669:1442786 [6] NCCL INFO NET/IB: IbDev 8 Port 1 qpn 1501 query_ece={supported=1, vendor_id=0x15b3, options=0x30000000, comp_mask=0x0}
a100-llm-02:1442669:1442791 [5] NCCL INFO NET/IB: NCCL Dev 11 IbDev 5 Port 1 qpn 1756 mtu 5 GID 3 (0/5E0113C6FFFF0000) ctsFifoRkey=0x11f7fa ctsFifoLkey=0x11f7fa
a100-llm-02:1442669:1442791 [5] NCCL INFO NET/IB: IbDev 5 Port 1 qpn 1756 query_ece={supported=1, vendor_id=0x15b3, options=0x30000000, comp_mask=0x0}
a100-llm-02:1442669:1442791 [5] NCCL INFO NET/IB: NCCL Dev 11 IbDev 6 Port 1 qpn 1500 mtu 5 GID 3 (0/AF0713C6FFFF0000) ctsFifoRkey=0xe38fc ctsFifoLkey=0xe38fc
a100-llm-02:1442669:1442791 [5] NCCL INFO NET/IB: IbDev 6 Port 1 qpn 1500 query_ece={supported=1, vendor_id=0x15b3, options=0x30000000, comp_mask=0x0}
a100-llm-02:1442669:1442781 [2] NCCL INFO NET/IB: NCCL Dev 10 IbDev 3 Port 1 qpn 1756 mtu 5 GID 3 (0/340D13C6FFFF0000) ctsFifoRkey=0x126b69 ctsFifoLkey=0x126b69
a100-llm-02:1442669:1442781 [2] NCCL INFO NET/IB: IbDev 3 Port 1 qpn 1756 query_ece={supported=1, vendor_id=0x15b3, options=0x30000000, comp_mask=0x0}
a100-llm-02:1442669:1442788 [0] NCCL INFO NET/IB: NCCL Dev 9 IbDev 1 Port 1 qpn 1756 mtu 5 GID 3 (0/F74413C6FFFF0000) ctsFifoRkey=0x123b3a ctsFifoLkey=0x123b3a
a100-llm-02:1442669:1442788 [0] NCCL INFO NET/IB: IbDev 1 Port 1 qpn 1756 query_ece={supported=1, vendor_id=0x15b3, options=0x30000000, comp_mask=0x0}
a100-llm-02:1442669:1442788 [0] NCCL INFO NET/IB: NCCL Dev 9 IbDev 2 Port 1 qpn 1500 mtu 5 GID 3 (0/A3F13C6FFFF0000) ctsFifoRkey=0xe8342 ctsFifoLkey=0xe8342
a100-llm-02:1442669:1442788 [0] NCCL INFO NET/IB: IbDev 2 Port 1 qpn 1500 query_ece={supported=1, vendor_id=0x15b3, options=0x30000000, comp_mask=0x0}
a100-llm-02:1442669:1442781 [2] NCCL INFO NET/IB: NCCL Dev 10 IbDev 4 Port 1 qpn 1500 mtu 5 GID 3 (0/462613C6FFFF0000) ctsFifoRkey=0xeb170 ctsFifoLkey=0xeb170
a100-llm-02:1442669:1442781 [2] NCCL INFO NET/IB: IbDev 4 Port 1 qpn 1500 query_ece={supported=1, vendor_id=0x15b3, options=0x30000000, comp_mask=0x0}
a100-llm-02:1442669:1442791 [5] NCCL INFO NET/IB: NCCL Dev 11 IbDev 5 Port 1 qpn 1757 mtu 5 GID 3 (0/5E0113C6FFFF0000) ctsFifoRkey=0x121b1a ctsFifoLkey=0x121b1a
a100-llm-02:1442669:1442791 [5] NCCL INFO NET/IB: IbDev 5 Port 1 qpn 1757 query_ece={supported=1, vendor_id=0x15b3, options=0x30000000, comp_mask=0x0}
a100-llm-02:1442669:1442791 [5] NCCL INFO NET/IB: NCCL Dev 11 IbDev 6 Port 1 qpn 1501 mtu 5 GID 3 (0/AF0713C6FFFF0000) ctsFifoRkey=0xe5f1c ctsFifoLkey=0xe5f1c
a100-llm-02:1442669:1442791 [5] NCCL INFO NET/IB: IbDev 6 Port 1 qpn 1501 query_ece={supported=1, vendor_id=0x15b3, options=0x30000000, comp_mask=0x0}
a100-llm-02:1442669:1442789 [7] NCCL INFO NET/IB: NCCL Dev 12 IbDev 7 Port 1 qpn 1762 mtu 5 GID 3 (0/455A13C6FFFF0000) ctsFifoRkey=0x124544 ctsFifoLkey=0x124544
a100-llm-02:1442669:1442789 [7] NCCL INFO NET/IB: IbDev 7 Port 1 qpn 1762 query_ece={supported=1, vendor_id=0x15b3, options=0x30000000, comp_mask=0x0}
a100-llm-02:1442669:1442789 [7] NCCL INFO NET/IB: NCCL Dev 12 IbDev 8 Port 1 qpn 1506 mtu 5 GID 3 (0/58B013C6FFFF0000) ctsFifoRkey=0xe7330 ctsFifoLkey=0xe7330
a100-llm-02:1442669:1442789 [7] NCCL INFO NET/IB: IbDev 8 Port 1 qpn 1506 query_ece={supported=1, vendor_id=0x15b3, options=0x30000000, comp_mask=0x0}
a100-llm-02:1442669:1442793 [4] NCCL INFO NET/IB: NCCL Dev 11 IbDev 5 Port 1 qpn 1758 mtu 5 GID 3 (0/5E0113C6FFFF0000) ctsFifoRkey=0x120f0e ctsFifoLkey=0x120f0e
a100-llm-02:1442669:1442793 [4] NCCL INFO NET/IB: IbDev 5 Port 1 qpn 1758 query_ece={supported=1, vendor_id=0x15b3, options=0x30000000, comp_mask=0x0}
a100-llm-02:1442669:1442793 [4] NCCL INFO NET/IB: NCCL Dev 11 IbDev 6 Port 1 qpn 1502 mtu 5 GID 3 (0/AF0713C6FFFF0000) ctsFifoRkey=0xe510f ctsFifoLkey=0xe510f
a100-llm-02:1442669:1442793 [4] NCCL INFO NET/IB: IbDev 6 Port 1 qpn 1502 query_ece={supported=1, vendor_id=0x15b3, options=0x30000000, comp_mask=0x0}
a100-llm-02:1442669:1442788 [0] NCCL INFO NET/IB: NCCL Dev 9 IbDev 1 Port 1 qpn 1757 mtu 5 GID 3 (0/F74413C6FFFF0000) ctsFifoRkey=0x121616 ctsFifoLkey=0x121616
a100-llm-02:1442669:1442788 [0] NCCL INFO NET/IB: IbDev 1 Port 1 qpn 1757 query_ece={supported=1, vendor_id=0x15b3, options=0x30000000, comp_mask=0x0}
a100-llm-02:1442669:1442788 [0] NCCL INFO NET/IB: NCCL Dev 9 IbDev 2 Port 1 qpn 1501 mtu 5 GID 3 (0/A3F13C6FFFF0000) ctsFifoRkey=0xe5c1b ctsFifoLkey=0xe5c1b
a100-llm-02:1442669:1442788 [0] NCCL INFO NET/IB: IbDev 2 Port 1 qpn 1501 query_ece={supported=1, vendor_id=0x15b3, options=0x30000000, comp_mask=0x0}
a100-llm-02:1442669:1442781 [2] NCCL INFO NET/IB: NCCL Dev 10 IbDev 3 Port 1 qpn 1757 mtu 5 GID 3 (0/340D13C6FFFF0000) ctsFifoRkey=0x125250 ctsFifoLkey=0x125250
a100-llm-02:1442669:1442781 [2] NCCL INFO NET/IB: IbDev 3 Port 1 qpn 1757 query_ece={supported=1, vendor_id=0x15b3, options=0x30000000, comp_mask=0x0}
a100-llm-02:1442669:1442781 [2] NCCL INFO NET/IB: NCCL Dev 10 IbDev 4 Port 1 qpn 1501 mtu 5 GID 3 (0/462613C6FFFF0000) ctsFifoRkey=0xe9959 ctsFifoLkey=0xe9959
a100-llm-02:1442669:1442781 [2] NCCL INFO NET/IB: IbDev 4 Port 1 qpn 1501 query_ece={supported=1, vendor_id=0x15b3, options=0x30000000, comp_mask=0x0}
a100-llm-02:1442669:1442786 [6] NCCL INFO NET/IB: IbDev 7 Port 1 qpn 1757 set_ece={supported=1, vendor_id=0x15b3, options=0x30000000, comp_mask=0x0}
a100-llm-02:1442669:1442786 [6] NCCL INFO NET/IB: IbDev 8 Port 1 qpn 1501 set_ece={supported=1, vendor_id=0x15b3, options=0x30000000, comp_mask=0x0}
a100-llm-02:1442669:1442784 [3] NCCL INFO NET/IB: NCCL Dev 10 IbDev 3 Port 1 qpn 1758 mtu 5 GID 3 (0/340D13C6FFFF0000) ctsFifoRkey=0x128483 ctsFifoLkey=0x128483
a100-llm-02:1442669:1442784 [3] NCCL INFO NET/IB: IbDev 3 Port 1 qpn 1758 query_ece={supported=1, vendor_id=0x15b3, options=0x30000000, comp_mask=0x0}
a100-llm-02:1442669:1442784 [3] NCCL INFO NET/IB: NCCL Dev 10 IbDev 4 Port 1 qpn 1502 mtu 5 GID 3 (0/462613C6FFFF0000) ctsFifoRkey=0xecb8a ctsFifoLkey=0xecb8a
a100-llm-02:1442669:1442784 [3] NCCL INFO NET/IB: IbDev 4 Port 1 qpn 1502 query_ece={supported=1, vendor_id=0x15b3, options=0x30000000, comp_mask=0x0}
a100-llm-02:1442669:1442789 [7] NCCL INFO NET/IB: NCCL Dev 12 IbDev 7 Port 1 qpn 1765 mtu 5 GID 3 (0/455A13C6FFFF0000) ctsFifoRkey=0x123937 ctsFifoLkey=0x123937
a100-llm-02:1442669:1442789 [7] NCCL INFO NET/IB: IbDev 7 Port 1 qpn 1765 query_ece={supported=1, vendor_id=0x15b3, options=0x30000000, comp_mask=0x0}
a100-llm-02:1442669:1442789 [7] NCCL INFO NET/IB: NCCL Dev 12 IbDev 8 Port 1 qpn 1509 mtu 5 GID 3 (0/58B013C6FFFF0000) ctsFifoRkey=0xe6524 ctsFifoLkey=0xe6524
a100-llm-02:1442669:1442789 [7] NCCL INFO NET/IB: IbDev 8 Port 1 qpn 1509 query_ece={supported=1, vendor_id=0x15b3, options=0x30000000, comp_mask=0x0}
a100-llm-02:1442669:1442791 [5] NCCL INFO NET/IB: IbDev 5 Port 1 qpn 1756 set_ece={supported=1, vendor_id=0x15b3, options=0x30000000, comp_mask=0x0}
a100-llm-02:1442669:1442791 [5] NCCL INFO NET/IB: IbDev 6 Port 1 qpn 1500 set_ece={supported=1, vendor_id=0x15b3, options=0x30000000, comp_mask=0x0}
a100-llm-02:1442669:1442793 [4] NCCL INFO NET/IB: IbDev 5 Port 1 qpn 1758 set_ece={supported=1, vendor_id=0x15b3, options=0x30000000, comp_mask=0x0}
a100-llm-02:1442669:1442793 [4] NCCL INFO NET/IB: IbDev 6 Port 1 qpn 1502 set_ece={supported=1, vendor_id=0x15b3, options=0x30000000, comp_mask=0x0}
a100-llm-02:1442669:1442789 [7] NCCL INFO NET/IB: IbDev 7 Port 1 qpn 1762 set_ece={supported=1, vendor_id=0x15b3, options=0x30000000, comp_mask=0x0}
a100-llm-02:1442669:1442781 [2] NCCL INFO NET/IB: IbDev 3 Port 1 qpn 1756 set_ece={supported=1, vendor_id=0x15b3, options=0x30000000, comp_mask=0x0}
a100-llm-02:1442669:1442789 [7] NCCL INFO NET/IB: IbDev 8 Port 1 qpn 1506 set_ece={supported=1, vendor_id=0x15b3, options=0x30000000, comp_mask=0x0}
a100-llm-02:1442669:1442781 [2] NCCL INFO NET/IB: IbDev 4 Port 1 qpn 1500 set_ece={supported=1, vendor_id=0x15b3, options=0x30000000, comp_mask=0x0}
a100-llm-02:1442669:1442780 [1] NCCL INFO NET/IB: NCCL Dev 9 IbDev 1 Port 1 qpn 1764 mtu 5 GID 3 (0/F74413C6FFFF0000) ctsFifoRkey=0x128585 ctsFifoLkey=0x128585
a100-llm-02:1442669:1442780 [1] NCCL INFO NET/IB: IbDev 1 Port 1 qpn 1764 query_ece={supported=1, vendor_id=0x15b3, options=0x30000000, comp_mask=0x0}
a100-llm-02:1442669:1442786 [6] NCCL INFO NET/IB: IbDev 7 Port 1 qpn 1756 set_ece={supported=1, vendor_id=0x15b3, options=0x30000000, comp_mask=0x0}
a100-llm-02:1442669:1442780 [1] NCCL INFO NET/IB: NCCL Dev 9 IbDev 2 Port 1 qpn 1507 mtu 5 GID 3 (0/A3F13C6FFFF0000) ctsFifoRkey=0xeca89 ctsFifoLkey=0xeca89
a100-llm-02:1442669:1442780 [1] NCCL INFO NET/IB: IbDev 2 Port 1 qpn 1507 query_ece={supported=1, vendor_id=0x15b3, options=0x30000000, comp_mask=0x0}
a100-llm-02:1442669:1442786 [6] NCCL INFO NET/IB: IbDev 8 Port 1 qpn 1500 set_ece={supported=1, vendor_id=0x15b3, options=0x30000000, comp_mask=0x0}
a100-llm-02:1442669:1442784 [3] NCCL INFO NET/IB: NCCL Dev 10 IbDev 3 Port 1 qpn 1761 mtu 5 GID 3 (0/340D13C6FFFF0000) ctsFifoRkey=0x129e9d ctsFifoLkey=0x129e9d
a100-llm-02:1442669:1442784 [3] NCCL INFO NET/IB: IbDev 3 Port 1 qpn 1761 query_ece={supported=1, vendor_id=0x15b3, options=0x30000000, comp_mask=0x0}
a100-llm-02:1442669:1442784 [3] NCCL INFO NET/IB: NCCL Dev 10 IbDev 4 Port 1 qpn 1505 mtu 5 GID 3 (0/462613C6FFFF0000) ctsFifoRkey=0xee2a1 ctsFifoLkey=0xee2a1
a100-llm-02:1442669:1442784 [3] NCCL INFO NET/IB: IbDev 4 Port 1 qpn 1505 query_ece={supported=1, vendor_id=0x15b3, options=0x30000000, comp_mask=0x0}
a100-llm-02:1442669:1442780 [1] NCCL INFO NET/IB: NCCL Dev 9 IbDev 1 Port 1 qpn 1767 mtu 5 GID 3 (0/F74413C6FFFF0000) ctsFifoRkey=0x124746 ctsFifoLkey=0x124746
a100-llm-02:1442669:1442780 [1] NCCL INFO NET/IB: IbDev 1 Port 1 qpn 1767 query_ece={supported=1, vendor_id=0x15b3, options=0x30000000, comp_mask=0x0}
a100-llm-02:1442669:1442788 [0] NCCL INFO NET/IB: IbDev 1 Port 1 qpn 1757 set_ece={supported=1, vendor_id=0x15b3, options=0x30000000, comp_mask=0x0}
a100-llm-02:1442669:1442788 [0] NCCL INFO NET/IB: IbDev 2 Port 1 qpn 1501 set_ece={supported=1, vendor_id=0x15b3, options=0x30000000, comp_mask=0x0}
a100-llm-02:1442669:1442791 [5] NCCL INFO NET/IB: IbDev 5 Port 1 qpn 1757 set_ece={supported=1, vendor_id=0x15b3, options=0x30000000, comp_mask=0x0}
a100-llm-02:1442669:1442791 [5] NCCL INFO NET/IB: IbDev 6 Port 1 qpn 1501 set_ece={supported=1, vendor_id=0x15b3, options=0x30000000, comp_mask=0x0}
a100-llm-02:1442669:1442780 [1] NCCL INFO NET/IB: NCCL Dev 9 IbDev 2 Port 1 qpn 1511 mtu 5 GID 3 (0/A3F13C6FFFF0000) ctsFifoRkey=0xe8e4e ctsFifoLkey=0xe8e4e
a100-llm-02:1442669:1442780 [1] NCCL INFO NET/IB: IbDev 2 Port 1 qpn 1511 query_ece={supported=1, vendor_id=0x15b3, options=0x30000000, comp_mask=0x0}
a100-llm-02:1442669:1442788 [0] NCCL INFO NET/IB: IbDev 1 Port 1 qpn 1756 set_ece={supported=1, vendor_id=0x15b3, options=0x30000000, comp_mask=0x0}
a100-llm-02:1442669:1442788 [0] NCCL INFO NET/IB: IbDev 2 Port 1 qpn 1500 set_ece={supported=1, vendor_id=0x15b3, options=0x30000000, comp_mask=0x0}
a100-llm-02:1442669:1442789 [7] NCCL INFO NET/IB: IbDev 7 Port 1 qpn 1765 set_ece={supported=1, vendor_id=0x15b3, options=0x30000000, comp_mask=0x0}
a100-llm-02:1442669:1442789 [7] NCCL INFO NET/IB: IbDev 8 Port 1 qpn 1509 set_ece={supported=1, vendor_id=0x15b3, options=0x30000000, comp_mask=0x0}
a100-llm-02:1442669:1442781 [2] NCCL INFO NET/IB: IbDev 3 Port 1 qpn 1757 set_ece={supported=1, vendor_id=0x15b3, options=0x30000000, comp_mask=0x0}
a100-llm-02:1442669:1442781 [2] NCCL INFO NET/IB: IbDev 4 Port 1 qpn 1501 set_ece={supported=1, vendor_id=0x15b3, options=0x30000000, comp_mask=0x0}
a100-llm-02:1442669:1442780 [1] NCCL INFO NET/IB: IbDev 1 Port 1 qpn 1764 set_ece={supported=1, vendor_id=0x15b3, options=0x30000000, comp_mask=0x0}
a100-llm-02:1442669:1442780 [1] NCCL INFO NET/IB: IbDev 2 Port 1 qpn 1507 set_ece={supported=1, vendor_id=0x15b3, options=0x30000000, comp_mask=0x0}
a100-llm-02:1442669:1442793 [4] NCCL INFO NET/IB: NCCL Dev 11 IbDev 5 Port 1 qpn 1763 mtu 5 GID 3 (0/5E0113C6FFFF0000) ctsFifoRkey=0x123f3e ctsFifoLkey=0x123f3e
a100-llm-02:1442669:1442793 [4] NCCL INFO NET/IB: IbDev 5 Port 1 qpn 1763 query_ece={supported=1, vendor_id=0x15b3, options=0x30000000, comp_mask=0x0}
a100-llm-02:1442669:1442793 [4] NCCL INFO NET/IB: NCCL Dev 11 IbDev 6 Port 1 qpn 1507 mtu 5 GID 3 (0/AF0713C6FFFF0000) ctsFifoRkey=0xe8342 ctsFifoLkey=0xe8342
a100-llm-02:1442669:1442793 [4] NCCL INFO NET/IB: IbDev 6 Port 1 qpn 1507 query_ece={supported=1, vendor_id=0x15b3, options=0x30000000, comp_mask=0x0}
a100-llm-02:1442669:1442784 [3] NCCL INFO NET/IB: IbDev 3 Port 1 qpn 1758 set_ece={supported=1, vendor_id=0x15b3, options=0x30000000, comp_mask=0x0}
a100-llm-02:1442669:1442784 [3] NCCL INFO NET/IB: IbDev 4 Port 1 qpn 1502 set_ece={supported=1, vendor_id=0x15b3, options=0x30000000, comp_mask=0x0}
a100-llm-02:1442669:1442784 [3] NCCL INFO NET/IB: IbDev 3 Port 1 qpn 1761 set_ece={supported=1, vendor_id=0x15b3, options=0x30000000, comp_mask=0x0}
a100-llm-02:1442669:1442784 [3] NCCL INFO NET/IB: IbDev 4 Port 1 qpn 1505 set_ece={supported=1, vendor_id=0x15b3, options=0x30000000, comp_mask=0x0}
a100-llm-02:1442669:1442780 [1] NCCL INFO NET/IB: IbDev 1 Port 1 qpn 1767 set_ece={supported=1, vendor_id=0x15b3, options=0x30000000, comp_mask=0x0}
a100-llm-02:1442669:1442780 [1] NCCL INFO NET/IB: IbDev 2 Port 1 qpn 1511 set_ece={supported=1, vendor_id=0x15b3, options=0x30000000, comp_mask=0x0}
a100-llm-02:1442669:1442793 [4] NCCL INFO NET/IB: IbDev 5 Port 1 qpn 1763 set_ece={supported=1, vendor_id=0x15b3, options=0x30000000, comp_mask=0x0}
a100-llm-02:1442669:1442793 [4] NCCL INFO NET/IB: IbDev 6 Port 1 qpn 1507 set_ece={supported=1, vendor_id=0x15b3, options=0x30000000, comp_mask=0x0}
[AIMD] FinalizeChunkRTT: cc=0x7f0e20001000 slot=0 inflight_before=1
[AIMD] FinalizeChunkRTT: cc=0x7f0e2400a3c0 slot=350 inflight_before=1
[AIMD] FinalizeChunkRTT: cc=0x7f0e2c001000 slot=642 inflight_before=2
warmup done.
[AIMD] FinalizeChunkRTT: cc=0x7f0e20001000 slot=967 inflight_before=2
a100-llm-02:1442669:1442776 [0] NCCL INFO V2MIN: pressure=1.000 (fast=0.093 slow=0.003 dev=0.0905) state=SHRINK window=204 floor=204 high=2760 low=0 ncc=16
[AIMD] FinalizeChunkRTT: cc=0x7f0e7c002200 slot=293 inflight_before=2
[AIMD] FinalizeChunkRTT: cc=0x7f0e3c1212d0 slot=1019 inflight_before=1
[AIMD] FinalizeChunkRTT: cc=0x7f0e7c002200 slot=552 inflight_before=4
[AIMD] FinalizeChunkRTT: cc=0x7f0e2400a3c0 slot=1009 inflight_before=1
[AIMD] FinalizeChunkRTT: cc=0x7f0e54001000 slot=373 inflight_before=8
a100-llm-02:1442669:1442776 [0] NCCL INFO V2MIN: pressure=1.000 (fast=0.129 slow=0.003 dev=0.1262) state=SHRINK window=204 floor=204 high=7478 low=0 ncc=16
[AIMD] FinalizeChunkRTT: cc=0x7f0e7c002200 slot=790 inflight_before=1
[AIMD] FinalizeChunkRTT: cc=0x7f0e3c1212d0 slot=229 inflight_before=1
[AIMD] FinalizeChunkRTT: cc=0x7f0e54001000 slot=790 inflight_before=1
[AIMD] FinalizeChunkRTT: cc=0x7f0e20001000 slot=620 inflight_before=1
[AIMD] FinalizeChunkRTT: cc=0x7f0e28065420 slot=34 inflight_before=1
a100-llm-02:1442669:1442776 [0] NCCL INFO V2MIN: pressure=1.000 (fast=0.106 slow=0.003 dev=0.1032) state=SHRINK window=204 floor=204 high=12205 low=0 ncc=16
[AIMD] FinalizeChunkRTT: cc=0x7f0e28065420 slot=394 inflight_before=1
[AIMD] FinalizeChunkRTT: cc=0x7f0e3c1212d0 slot=842 inflight_before=1
[AIMD] FinalizeChunkRTT: cc=0x7f0e2400a3c0 slot=124 inflight_before=1
[AIMD] FinalizeChunkRTT: cc=0x7f0e20017320 slot=517 inflight_before=1
CSV written to: oracle_results/6_v2_minimal_pinned_with_stress_20260409_111448_r4.csv

========================================
  Oracle Experiment Results
========================================
Config: nDev=8  count=1048576  data=4.19 MB  iters=500
NCCL_AIMD_ENABLE=1  NCCL_CC_ORACLE_FACTOR=(unset)

Wall-clock latency (us):
  mean= 29801.4  stddev= 17180.5
  p50 = 27449.2  p99   = 71948.6  max= 91724.1

Collective max GPU latency (us):
  mean= 28295.6  stddev= 16658.6
  p50 = 25744.9  p99   = 67932.7  max= 79790.1

Rank skew (us):
  mean=  5518.5  stddev=  5772.6
  p50 =  3554.8  p99   = 22547.5  max= 32332.8

Avg algo bandwidth: 0.25 GB/s
========================================

