a100-llm-02:1532071:1532337 [3] NCCL INFO Connected to proxy localRank 0 -> connection 0x7f26ac000d88
a100-llm-02:1532071:1532329 [7] NCCL INFO New proxy recv connection 0 from local rank 0, transport 2
a100-llm-02:1532071:1532333 [7] NCCL INFO Connected to proxy localRank 0 -> connection 0x7f27a7fa24e0
a100-llm-02:1532071:1532333 [7] NCCL INFO Channel 00/0 : 6[6] -> 7[7] [receive] via NET/IB/12/GDRDMA
a100-llm-02:1532071:1532333 [7] NCCL INFO GPU Direct RDMA Enabled for GPU/0-1044576 (rank 7) - NET/0-12 (distance 5 <= 6, read 0, mode Default)
a100-llm-02:1532071:1532329 [7] NCCL INFO New proxy recv connection 1 from local rank 0, transport 2
a100-llm-02:1532071:1532337 [3] NCCL INFO Channel 01/0 : 2[2] -> 3[3] [receive] via NET/IB/10/GDRDMA
a100-llm-02:1532071:1532333 [7] NCCL INFO Connected to proxy localRank 0 -> connection 0x7f27a7fa2558
a100-llm-02:1532071:1532337 [3] NCCL INFO GPU Direct RDMA Enabled for GPU/0-1028192 (rank 3) - NET/0-10 (distance 5 <= 6, read 1, mode Default)
a100-llm-02:1532071:1532333 [7] NCCL INFO Channel 01/0 : 6[6] -> 7[7] [receive] via NET/IB/12/GDRDMA
a100-llm-02:1532071:1532333 [7] NCCL INFO GPU Direct RDMA Enabled for GPU/0-1044576 (rank 7) - NET/0-12 (distance 5 <= 6, read 1, mode Default)
a100-llm-02:1532071:1532329 [7] NCCL INFO New proxy send connection 2 from local rank 0, transport 2
a100-llm-02:1532071:1532333 [7] NCCL INFO Connected to proxy localRank 0 -> connection 0x7f27a7fa25d0
a100-llm-02:1532071:1532333 [7] NCCL INFO Channel 00/0 : 7[7] -> 0[0] [send] via NET/IB/12/GDRDMA
a100-llm-02:1532071:1532333 [7] NCCL INFO GPU Direct RDMA Enabled for GPU/0-1044576 (rank 7) - NET/0-12 (distance 5 <= 6, read 1, mode Default)
a100-llm-02:1532071:1532329 [7] NCCL INFO New proxy send connection 3 from local rank 0, transport 2
a100-llm-02:1532071:1532333 [7] NCCL INFO Connected to proxy localRank 0 -> connection 0x7f27a7fa2648
a100-llm-02:1532071:1532333 [7] NCCL INFO Channel 01/0 : 7[7] -> 0[0] [send] via NET/IB/12/GDRDMA
a100-llm-02:1532071:1532321 [5] NCCL INFO New proxy recv connection 0 from local rank 0, transport 2
a100-llm-02:1532071:1532335 [5] NCCL INFO Connected to proxy localRank 0 -> connection 0x7f2640009e10
a100-llm-02:1532071:1532317 [3] NCCL INFO New proxy send connection 2 from local rank 0, transport 2
a100-llm-02:1532071:1532335 [5] NCCL INFO Channel 00/0 : 4[4] -> 5[5] [receive] via NET/IB/11/GDRDMA
a100-llm-02:1532071:1532335 [5] NCCL INFO GPU Direct RDMA Enabled for GPU/0-1036384 (rank 5) - NET/0-11 (distance 5 <= 6, read 0, mode Default)
a100-llm-02:1532071:1532325 [2] NCCL INFO New proxy recv connection 0 from local rank 0, transport 2
a100-llm-02:1532071:1532338 [2] NCCL INFO Connected to proxy localRank 0 -> connection 0x7f27abfa5bc0
a100-llm-02:1532071:1532321 [5] NCCL INFO New proxy recv connection 1 from local rank 0, transport 2
a100-llm-02:1532071:1532335 [5] NCCL INFO Connected to proxy localRank 0 -> connection 0x7f2640009e88
a100-llm-02:1532071:1532338 [2] NCCL INFO Channel 00/0 : 1[1] -> 2[2] [receive] via NET/IB/10/GDRDMA
a100-llm-02:1532071:1532338 [2] NCCL INFO GPU Direct RDMA Enabled for GPU/0-1028176 (rank 2) - NET/0-10 (distance 5 <= 6, read 0, mode Default)
a100-llm-02:1532071:1532335 [5] NCCL INFO Channel 01/0 : 4[4] -> 5[5] [receive] via NET/IB/11/GDRDMA
a100-llm-02:1532071:1532335 [5] NCCL INFO GPU Direct RDMA Enabled for GPU/0-1036384 (rank 5) - NET/0-11 (distance 5 <= 6, read 1, mode Default)
a100-llm-02:1532071:1532321 [5] NCCL INFO New proxy send connection 2 from local rank 0, transport 2
a100-llm-02:1532071:1532335 [5] NCCL INFO Connected to proxy localRank 0 -> connection 0x7f2640009f00
a100-llm-02:1532071:1532325 [2] NCCL INFO New proxy recv connection 1 from local rank 0, transport 2
a100-llm-02:1532071:1532338 [2] NCCL INFO Connected to proxy localRank 0 -> connection 0x7f27abfa5c38
a100-llm-02:1532071:1532335 [5] NCCL INFO Channel 00/0 : 5[5] -> 6[6] [send] via NET/IB/11/GDRDMA
a100-llm-02:1532071:1532335 [5] NCCL INFO GPU Direct RDMA Enabled for GPU/0-1036384 (rank 5) - NET/0-11 (distance 5 <= 6, read 1, mode Default)
a100-llm-02:1532071:1532321 [5] NCCL INFO New proxy send connection 3 from local rank 0, transport 2
a100-llm-02:1532071:1532338 [2] NCCL INFO Channel 01/0 : 1[1] -> 2[2] [receive] via NET/IB/10/GDRDMA
a100-llm-02:1532071:1532338 [2] NCCL INFO GPU Direct RDMA Enabled for GPU/0-1028176 (rank 2) - NET/0-10 (distance 5 <= 6, read 1, mode Default)
a100-llm-02:1532071:1532325 [2] NCCL INFO New proxy send connection 2 from local rank 0, transport 2
a100-llm-02:1532071:1532335 [5] NCCL INFO Connected to proxy localRank 0 -> connection 0x7f2640009f78
a100-llm-02:1532071:1532338 [2] NCCL INFO Connected to proxy localRank 0 -> connection 0x7f27abfa5cb0
a100-llm-02:1532071:1532335 [5] NCCL INFO Channel 01/0 : 5[5] -> 6[6] [send] via NET/IB/11/GDRDMA
a100-llm-02:1532071:1532338 [2] NCCL INFO Channel 00/0 : 2[2] -> 3[3] [send] via NET/IB/10/GDRDMA
a100-llm-02:1532071:1532338 [2] NCCL INFO GPU Direct RDMA Enabled for GPU/0-1028176 (rank 2) - NET/0-10 (distance 5 <= 6, read 1, mode Default)
a100-llm-02:1532071:1532325 [2] NCCL INFO New proxy send connection 3 from local rank 0, transport 2
a100-llm-02:1532071:1532338 [2] NCCL INFO Connected to proxy localRank 0 -> connection 0x7f27abfa5d28
a100-llm-02:1532071:1532338 [2] NCCL INFO Channel 01/0 : 2[2] -> 3[3] [send] via NET/IB/10/GDRDMA
a100-llm-02:1532071:1532327 [4] NCCL INFO New proxy recv connection 0 from local rank 0, transport 2
a100-llm-02:1532071:1532336 [4] NCCL INFO Connected to proxy localRank 0 -> connection 0x7f264c000d10
a100-llm-02:1532071:1532336 [4] NCCL INFO Channel 00/0 : 3[3] -> 4[4] [receive] via NET/IB/11/GDRDMA
a100-llm-02:1532071:1532336 [4] NCCL INFO GPU Direct RDMA Enabled for GPU/0-1036368 (rank 4) - NET/0-11 (distance 5 <= 6, read 0, mode Default)
a100-llm-02:1532071:1532327 [4] NCCL INFO New proxy recv connection 1 from local rank 0, transport 2
a100-llm-02:1532071:1532336 [4] NCCL INFO Connected to proxy localRank 0 -> connection 0x7f264c000d88
a100-llm-02:1532071:1532336 [4] NCCL INFO Channel 01/0 : 3[3] -> 4[4] [receive] via NET/IB/11/GDRDMA
a100-llm-02:1532071:1532336 [4] NCCL INFO GPU Direct RDMA Enabled for GPU/0-1036368 (rank 4) - NET/0-11 (distance 5 <= 6, read 1, mode Default)
a100-llm-02:1532071:1532327 [4] NCCL INFO New proxy send connection 2 from local rank 0, transport 2
a100-llm-02:1532071:1532336 [4] NCCL INFO Connected to proxy localRank 0 -> connection 0x7f264c000e00
a100-llm-02:1532071:1532319 [1] NCCL INFO New proxy recv connection 0 from local rank 0, transport 2
a100-llm-02:1532071:1532336 [4] NCCL INFO Channel 00/0 : 4[4] -> 5[5] [send] via NET/IB/11/GDRDMA
a100-llm-02:1532071:1532336 [4] NCCL INFO GPU Direct RDMA Enabled for GPU/0-1036368 (rank 4) - NET/0-11 (distance 5 <= 6, read 1, mode Default)
a100-llm-02:1532071:1532327 [4] NCCL INFO New proxy send connection 3 from local rank 0, transport 2
a100-llm-02:1532071:1532336 [4] NCCL INFO Connected to proxy localRank 0 -> connection 0x7f264c000e78
a100-llm-02:1532071:1532336 [4] NCCL INFO Channel 01/0 : 4[4] -> 5[5] [send] via NET/IB/11/GDRDMA
a100-llm-02:1532071:1532337 [3] NCCL INFO Connected to proxy localRank 0 -> connection 0x7f26ac000e00
a100-llm-02:1532071:1532323 [6] NCCL INFO New proxy recv connection 0 from local rank 0, transport 2
a100-llm-02:1532071:1532339 [1] NCCL INFO Connected to proxy localRank 0 -> connection 0x55aa47f3c210
a100-llm-02:1532071:1532331 [0] NCCL INFO New proxy recv connection 0 from local rank 0, transport 2
a100-llm-02:1532071:1532339 [1] NCCL INFO Channel 00/0 : 0[0] -> 1[1] [receive] via NET/IB/9/GDRDMA
a100-llm-02:1532071:1532339 [1] NCCL INFO GPU Direct RDMA Enabled for GPU/0-1020000 (rank 1) - NET/0-9 (distance 5 <= 6, read 0, mode Default)
a100-llm-02:1532071:1532319 [1] NCCL INFO New proxy recv connection 1 from local rank 0, transport 2
a100-llm-02:1532071:1532340 [0] NCCL INFO Connected to proxy localRank 0 -> connection 0x7f265c000d10
a100-llm-02:1532071:1532334 [6] NCCL INFO Connected to proxy localRank 0 -> connection 0x7f2654000d10
a100-llm-02:1532071:1532340 [0] NCCL INFO Channel 00/0 : 7[7] -> 0[0] [receive] via NET/IB/9/GDRDMA
a100-llm-02:1532071:1532340 [0] NCCL INFO GPU Direct RDMA Enabled for GPU/0-1019984 (rank 0) - NET/0-9 (distance 5 <= 6, read 0, mode Default)
a100-llm-02:1532071:1532339 [1] NCCL INFO Connected to proxy localRank 0 -> connection 0x55aa47f3c288
a100-llm-02:1532071:1532331 [0] NCCL INFO New proxy recv connection 1 from local rank 0, transport 2
a100-llm-02:1532071:1532337 [3] NCCL INFO Channel 00/0 : 3[3] -> 4[4] [send] via NET/IB/10/GDRDMA
a100-llm-02:1532071:1532337 [3] NCCL INFO GPU Direct RDMA Enabled for GPU/0-1028192 (rank 3) - NET/0-10 (distance 5 <= 6, read 1, mode Default)
a100-llm-02:1532071:1532340 [0] NCCL INFO Connected to proxy localRank 0 -> connection 0x7f265c000d88
a100-llm-02:1532071:1532317 [3] NCCL INFO New proxy send connection 3 from local rank 0, transport 2
a100-llm-02:1532071:1532334 [6] NCCL INFO Channel 00/0 : 5[5] -> 6[6] [receive] via NET/IB/12/GDRDMA
a100-llm-02:1532071:1532334 [6] NCCL INFO GPU Direct RDMA Enabled for GPU/0-1044560 (rank 6) - NET/0-12 (distance 5 <= 6, read 0, mode Default)
a100-llm-02:1532071:1532323 [6] NCCL INFO New proxy recv connection 1 from local rank 0, transport 2
a100-llm-02:1532071:1532339 [1] NCCL INFO Channel 01/0 : 0[0] -> 1[1] [receive] via NET/IB/9/GDRDMA
a100-llm-02:1532071:1532339 [1] NCCL INFO GPU Direct RDMA Enabled for GPU/0-1020000 (rank 1) - NET/0-9 (distance 5 <= 6, read 1, mode Default)
a100-llm-02:1532071:1532340 [0] NCCL INFO Channel 01/0 : 7[7] -> 0[0] [receive] via NET/IB/9/GDRDMA
a100-llm-02:1532071:1532340 [0] NCCL INFO GPU Direct RDMA Enabled for GPU/0-1019984 (rank 0) - NET/0-9 (distance 5 <= 6, read 1, mode Default)
a100-llm-02:1532071:1532319 [1] NCCL INFO New proxy send connection 2 from local rank 0, transport 2
a100-llm-02:1532071:1532337 [3] NCCL INFO Connected to proxy localRank 0 -> connection 0x7f26ac000e78
a100-llm-02:1532071:1532334 [6] NCCL INFO Connected to proxy localRank 0 -> connection 0x7f2654000d88
a100-llm-02:1532071:1532339 [1] NCCL INFO Connected to proxy localRank 0 -> connection 0x55aa47f3c300
a100-llm-02:1532071:1532331 [0] NCCL INFO New proxy send connection 2 from local rank 0, transport 2
a100-llm-02:1532071:1532340 [0] NCCL INFO Connected to proxy localRank 0 -> connection 0x7f265c000e00
a100-llm-02:1532071:1532337 [3] NCCL INFO Channel 01/0 : 3[3] -> 4[4] [send] via NET/IB/10/GDRDMA
a100-llm-02:1532071:1532339 [1] NCCL INFO Channel 00/0 : 1[1] -> 2[2] [send] via NET/IB/9/GDRDMA
a100-llm-02:1532071:1532339 [1] NCCL INFO GPU Direct RDMA Enabled for GPU/0-1020000 (rank 1) - NET/0-9 (distance 5 <= 6, read 1, mode Default)
a100-llm-02:1532071:1532319 [1] NCCL INFO New proxy send connection 3 from local rank 0, transport 2
a100-llm-02:1532071:1532334 [6] NCCL INFO Channel 01/0 : 5[5] -> 6[6] [receive] via NET/IB/12/GDRDMA
a100-llm-02:1532071:1532334 [6] NCCL INFO GPU Direct RDMA Enabled for GPU/0-1044560 (rank 6) - NET/0-12 (distance 5 <= 6, read 1, mode Default)
a100-llm-02:1532071:1532323 [6] NCCL INFO New proxy send connection 2 from local rank 0, transport 2
a100-llm-02:1532071:1532339 [1] NCCL INFO Connected to proxy localRank 0 -> connection 0x55aa47f3c378
a100-llm-02:1532071:1532317 [3] NCCL INFO NET/IB: NCCL Dev 10 IbDev 3 Port 1 qpn 2140 mtu 5 GID 3 (0/340D13C6FFFF0000) ctsFifoRkey=0x71615 ctsFifoLkey=0x71615
a100-llm-02:1532071:1532317 [3] NCCL INFO NET/IB: IbDev 3 Port 1 qpn 2140 query_ece={supported=1, vendor_id=0x15b3, options=0x30000000, comp_mask=0x0}
a100-llm-02:1532071:1532317 [3] NCCL INFO NET/IB: NCCL Dev 10 IbDev 4 Port 1 qpn 1884 mtu 5 GID 3 (0/462613C6FFFF0000) ctsFifoRkey=0x36829 ctsFifoLkey=0x36829
a100-llm-02:1532071:1532317 [3] NCCL INFO NET/IB: IbDev 4 Port 1 qpn 1884 query_ece={supported=1, vendor_id=0x15b3, options=0x30000000, comp_mask=0x0}
a100-llm-02:1532071:1532334 [6] NCCL INFO Connected to proxy localRank 0 -> connection 0x7f2654000e00
a100-llm-02:1532071:1532340 [0] NCCL INFO Channel 00/0 : 0[0] -> 1[1] [send] via NET/IB/9/GDRDMA
a100-llm-02:1532071:1532340 [0] NCCL INFO GPU Direct RDMA Enabled for GPU/0-1019984 (rank 0) - NET/0-9 (distance 5 <= 6, read 1, mode Default)
a100-llm-02:1532071:1532331 [0] NCCL INFO New proxy send connection 3 from local rank 0, transport 2
a100-llm-02:1532071:1532340 [0] NCCL INFO Connected to proxy localRank 0 -> connection 0x7f265c000e78
a100-llm-02:1532071:1532317 [3] NCCL INFO NET/IB: IbDev 3 Port 1 qpn 2140 set_ece={supported=1, vendor_id=0x15b3, options=0x30000000, comp_mask=0x0}
a100-llm-02:1532071:1532339 [1] NCCL INFO Channel 01/0 : 1[1] -> 2[2] [send] via NET/IB/9/GDRDMA
a100-llm-02:1532071:1532334 [6] NCCL INFO Channel 00/0 : 6[6] -> 7[7] [send] via NET/IB/12/GDRDMA
a100-llm-02:1532071:1532334 [6] NCCL INFO GPU Direct RDMA Enabled for GPU/0-1044560 (rank 6) - NET/0-12 (distance 5 <= 6, read 1, mode Default)
a100-llm-02:1532071:1532317 [3] NCCL INFO NET/IB: IbDev 4 Port 1 qpn 1884 set_ece={supported=1, vendor_id=0x15b3, options=0x30000000, comp_mask=0x0}
a100-llm-02:1532071:1532323 [6] NCCL INFO New proxy send connection 3 from local rank 0, transport 2
a100-llm-02:1532071:1532334 [6] NCCL INFO Connected to proxy localRank 0 -> connection 0x7f2654000e78
a100-llm-02:1532071:1532334 [6] NCCL INFO Channel 01/0 : 6[6] -> 7[7] [send] via NET/IB/12/GDRDMA
a100-llm-02:1532071:1532340 [0] NCCL INFO Channel 01/0 : 0[0] -> 1[1] [send] via NET/IB/9/GDRDMA
a100-llm-02:1532071:1532317 [3] NCCL INFO NET/IB: NCCL Dev 10 IbDev 3 Port 1 qpn 2141 mtu 5 GID 3 (0/340D13C6FFFF0000) ctsFifoRkey=0x6ccca ctsFifoLkey=0x6ccca
a100-llm-02:1532071:1532317 [3] NCCL INFO NET/IB: IbDev 3 Port 1 qpn 2141 query_ece={supported=1, vendor_id=0x15b3, options=0x30000000, comp_mask=0x0}
a100-llm-02:1532071:1532317 [3] NCCL INFO NET/IB: NCCL Dev 10 IbDev 4 Port 1 qpn 1885 mtu 5 GID 3 (0/462613C6FFFF0000) ctsFifoRkey=0x31fdf ctsFifoLkey=0x31fdf
a100-llm-02:1532071:1532317 [3] NCCL INFO NET/IB: IbDev 4 Port 1 qpn 1885 query_ece={supported=1, vendor_id=0x15b3, options=0x30000000, comp_mask=0x0}
a100-llm-02:1532071:1532327 [4] NCCL INFO NET/IB: NCCL Dev 11 IbDev 5 Port 1 qpn 2142 mtu 5 GID 3 (0/5E0113C6FFFF0000) ctsFifoRkey=0x63c3b ctsFifoLkey=0x63c3b
a100-llm-02:1532071:1532327 [4] NCCL INFO NET/IB: IbDev 5 Port 1 qpn 2142 query_ece={supported=1, vendor_id=0x15b3, options=0x30000000, comp_mask=0x0}
a100-llm-02:1532071:1532327 [4] NCCL INFO NET/IB: NCCL Dev 11 IbDev 6 Port 1 qpn 1886 mtu 5 GID 3 (0/AF0713C6FFFF0000) ctsFifoRkey=0x27d3c ctsFifoLkey=0x27d3c
a100-llm-02:1532071:1532327 [4] NCCL INFO NET/IB: IbDev 6 Port 1 qpn 1886 query_ece={supported=1, vendor_id=0x15b3, options=0x30000000, comp_mask=0x0}
a100-llm-02:1532071:1532331 [0] NCCL INFO NET/IB: NCCL Dev 9 IbDev 1 Port 1 qpn 2140 mtu 5 GID 3 (0/F74413C6FFFF0000) ctsFifoRkey=0x6c6c5 ctsFifoLkey=0x6c6c5
a100-llm-02:1532071:1532331 [0] NCCL INFO NET/IB: IbDev 1 Port 1 qpn 2140 query_ece={supported=1, vendor_id=0x15b3, options=0x30000000, comp_mask=0x0}
a100-llm-02:1532071:1532331 [0] NCCL INFO NET/IB: NCCL Dev 9 IbDev 2 Port 1 qpn 1884 mtu 5 GID 3 (0/A3F13C6FFFF0000) ctsFifoRkey=0x30ecc ctsFifoLkey=0x30ecc
a100-llm-02:1532071:1532331 [0] NCCL INFO NET/IB: IbDev 2 Port 1 qpn 1884 query_ece={supported=1, vendor_id=0x15b3, options=0x30000000, comp_mask=0x0}
a100-llm-02:1532071:1532329 [7] NCCL INFO NET/IB: NCCL Dev 12 IbDev 7 Port 1 qpn 2140 mtu 5 GID 3 (0/455A13C6FFFF0000) ctsFifoRkey=0x67471 ctsFifoLkey=0x67471
a100-llm-02:1532071:1532329 [7] NCCL INFO NET/IB: IbDev 7 Port 1 qpn 2140 query_ece={supported=1, vendor_id=0x15b3, options=0x30000000, comp_mask=0x0}
a100-llm-02:1532071:1532331 [0] NCCL INFO NET/IB: NCCL Dev 9 IbDev 1 Port 1 qpn 2141 mtu 5 GID 3 (0/F74413C6FFFF0000) ctsFifoRkey=0x6b9b8 ctsFifoLkey=0x6b9b8
a100-llm-02:1532071:1532331 [0] NCCL INFO NET/IB: IbDev 1 Port 1 qpn 2141 query_ece={supported=1, vendor_id=0x15b3, options=0x30000000, comp_mask=0x0}
a100-llm-02:1532071:1532331 [0] NCCL INFO NET/IB: NCCL Dev 9 IbDev 2 Port 1 qpn 1885 mtu 5 GID 3 (0/A3F13C6FFFF0000) ctsFifoRkey=0x300bd ctsFifoLkey=0x300bd
a100-llm-02:1532071:1532331 [0] NCCL INFO NET/IB: IbDev 2 Port 1 qpn 1885 query_ece={supported=1, vendor_id=0x15b3, options=0x30000000, comp_mask=0x0}
a100-llm-02:1532071:1532325 [2] NCCL INFO NET/IB: NCCL Dev 10 IbDev 3 Port 1 qpn 2142 mtu 5 GID 3 (0/340D13C6FFFF0000) ctsFifoRkey=0x6fdfc ctsFifoLkey=0x6fdfc
a100-llm-02:1532071:1532325 [2] NCCL INFO NET/IB: IbDev 3 Port 1 qpn 2142 query_ece={supported=1, vendor_id=0x15b3, options=0x30000000, comp_mask=0x0}
a100-llm-02:1532071:1532325 [2] NCCL INFO NET/IB: NCCL Dev 10 IbDev 4 Port 1 qpn 1886 mtu 5 GID 3 (0/462613C6FFFF0000) ctsFifoRkey=0x35312 ctsFifoLkey=0x35312
a100-llm-02:1532071:1532325 [2] NCCL INFO NET/IB: IbDev 4 Port 1 qpn 1886 query_ece={supported=1, vendor_id=0x15b3, options=0x30000000, comp_mask=0x0}
a100-llm-02:1532071:1532327 [4] NCCL INFO NET/IB: NCCL Dev 11 IbDev 5 Port 1 qpn 2143 mtu 5 GID 3 (0/5E0113C6FFFF0000) ctsFifoRkey=0x61615 ctsFifoLkey=0x61615
a100-llm-02:1532071:1532327 [4] NCCL INFO NET/IB: IbDev 5 Port 1 qpn 2143 query_ece={supported=1, vendor_id=0x15b3, options=0x30000000, comp_mask=0x0}
a100-llm-02:1532071:1532327 [4] NCCL INFO NET/IB: NCCL Dev 11 IbDev 6 Port 1 qpn 1887 mtu 5 GID 3 (0/AF0713C6FFFF0000) ctsFifoRkey=0x26322 ctsFifoLkey=0x26322
a100-llm-02:1532071:1532327 [4] NCCL INFO NET/IB: IbDev 6 Port 1 qpn 1887 query_ece={supported=1, vendor_id=0x15b3, options=0x30000000, comp_mask=0x0}
a100-llm-02:1532071:1532325 [2] NCCL INFO NET/IB: NCCL Dev 10 IbDev 3 Port 1 qpn 2143 mtu 5 GID 3 (0/340D13C6FFFF0000) ctsFifoRkey=0x6e4e2 ctsFifoLkey=0x6e4e2
a100-llm-02:1532071:1532325 [2] NCCL INFO NET/IB: IbDev 3 Port 1 qpn 2143 query_ece={supported=1, vendor_id=0x15b3, options=0x30000000, comp_mask=0x0}
a100-llm-02:1532071:1532329 [7] NCCL INFO NET/IB: NCCL Dev 12 IbDev 8 Port 1 qpn 1884 mtu 5 GID 3 (0/58B013C6FFFF0000) ctsFifoRkey=0x2bd7c ctsFifoLkey=0x2bd7c
a100-llm-02:1532071:1532329 [7] NCCL INFO NET/IB: IbDev 8 Port 1 qpn 1884 query_ece={supported=1, vendor_id=0x15b3, options=0x30000000, comp_mask=0x0}
a100-llm-02:1532071:1532325 [2] NCCL INFO NET/IB: NCCL Dev 10 IbDev 4 Port 1 qpn 1887 mtu 5 GID 3 (0/462613C6FFFF0000) ctsFifoRkey=0x338f7 ctsFifoLkey=0x338f7
a100-llm-02:1532071:1532325 [2] NCCL INFO NET/IB: IbDev 4 Port 1 qpn 1887 query_ece={supported=1, vendor_id=0x15b3, options=0x30000000, comp_mask=0x0}
a100-llm-02:1532071:1532329 [7] NCCL INFO NET/IB: NCCL Dev 12 IbDev 7 Port 1 qpn 2141 mtu 5 GID 3 (0/455A13C6FFFF0000) ctsFifoRkey=0x68e8d ctsFifoLkey=0x68e8d
a100-llm-02:1532071:1532329 [7] NCCL INFO NET/IB: IbDev 7 Port 1 qpn 2141 query_ece={supported=1, vendor_id=0x15b3, options=0x30000000, comp_mask=0x0}
a100-llm-02:1532071:1532329 [7] NCCL INFO NET/IB: NCCL Dev 12 IbDev 8 Port 1 qpn 1885 mtu 5 GID 3 (0/58B013C6FFFF0000) ctsFifoRkey=0x2a263 ctsFifoLkey=0x2a263
a100-llm-02:1532071:1532329 [7] NCCL INFO NET/IB: IbDev 8 Port 1 qpn 1885 query_ece={supported=1, vendor_id=0x15b3, options=0x30000000, comp_mask=0x0}
a100-llm-02:1532071:1532317 [3] NCCL INFO NET/IB: IbDev 3 Port 1 qpn 2141 set_ece={supported=1, vendor_id=0x15b3, options=0x30000000, comp_mask=0x0}
a100-llm-02:1532071:1532317 [3] NCCL INFO NET/IB: IbDev 4 Port 1 qpn 1885 set_ece={supported=1, vendor_id=0x15b3, options=0x30000000, comp_mask=0x0}
a100-llm-02:1532071:1532323 [6] NCCL INFO NET/IB: NCCL Dev 12 IbDev 7 Port 1 qpn 2142 mtu 5 GID 3 (0/455A13C6FFFF0000) ctsFifoRkey=0x5e3e2 ctsFifoLkey=0x5e3e2
a100-llm-02:1532071:1532323 [6] NCCL INFO NET/IB: IbDev 7 Port 1 qpn 2142 query_ece={supported=1, vendor_id=0x15b3, options=0x30000000, comp_mask=0x0}
a100-llm-02:1532071:1532323 [6] NCCL INFO NET/IB: NCCL Dev 12 IbDev 8 Port 1 qpn 1886 mtu 5 GID 3 (0/58B013C6FFFF0000) ctsFifoRkey=0x227e6 ctsFifoLkey=0x227e6
a100-llm-02:1532071:1532323 [6] NCCL INFO NET/IB: IbDev 8 Port 1 qpn 1886 query_ece={supported=1, vendor_id=0x15b3, options=0x30000000, comp_mask=0x0}
a100-llm-02:1532071:1532327 [4] NCCL INFO NET/IB: IbDev 5 Port 1 qpn 2142 set_ece={supported=1, vendor_id=0x15b3, options=0x30000000, comp_mask=0x0}
a100-llm-02:1532071:1532327 [4] NCCL INFO NET/IB: IbDev 6 Port 1 qpn 1886 set_ece={supported=1, vendor_id=0x15b3, options=0x30000000, comp_mask=0x0}
a100-llm-02:1532071:1532319 [1] NCCL INFO NET/IB: NCCL Dev 9 IbDev 1 Port 1 qpn 2147 mtu 5 GID 3 (0/F74413C6FFFF0000) ctsFifoRkey=0x75e5d ctsFifoLkey=0x75e5d
a100-llm-02:1532071:1532319 [1] NCCL INFO NET/IB: IbDev 1 Port 1 qpn 2147 query_ece={supported=1, vendor_id=0x15b3, options=0x30000000, comp_mask=0x0}
a100-llm-02:1532071:1532319 [1] NCCL INFO NET/IB: NCCL Dev 9 IbDev 2 Port 1 qpn 1891 mtu 5 GID 3 (0/A3F13C6FFFF0000) ctsFifoRkey=0x3a867 ctsFifoLkey=0x3a867
a100-llm-02:1532071:1532319 [1] NCCL INFO NET/IB: IbDev 2 Port 1 qpn 1891 query_ece={supported=1, vendor_id=0x15b3, options=0x30000000, comp_mask=0x0}
a100-llm-02:1532071:1532321 [5] NCCL INFO NET/IB: NCCL Dev 11 IbDev 5 Port 1 qpn 2150 mtu 5 GID 3 (0/5E0113C6FFFF0000) ctsFifoRkey=0x71f1f ctsFifoLkey=0x71f1f
a100-llm-02:1532071:1532321 [5] NCCL INFO NET/IB: IbDev 5 Port 1 qpn 2150 query_ece={supported=1, vendor_id=0x15b3, options=0x30000000, comp_mask=0x0}
a100-llm-02:1532071:1532321 [5] NCCL INFO NET/IB: NCCL Dev 11 IbDev 6 Port 1 qpn 1894 mtu 5 GID 3 (0/AF0713C6FFFF0000) ctsFifoRkey=0x2b776 ctsFifoLkey=0x2b776
a100-llm-02:1532071:1532321 [5] NCCL INFO NET/IB: IbDev 6 Port 1 qpn 1894 query_ece={supported=1, vendor_id=0x15b3, options=0x30000000, comp_mask=0x0}
a100-llm-02:1532071:1532331 [0] NCCL INFO NET/IB: IbDev 1 Port 1 qpn 2140 set_ece={supported=1, vendor_id=0x15b3, options=0x30000000, comp_mask=0x0}
a100-llm-02:1532071:1532331 [0] NCCL INFO NET/IB: IbDev 2 Port 1 qpn 1884 set_ece={supported=1, vendor_id=0x15b3, options=0x30000000, comp_mask=0x0}
a100-llm-02:1532071:1532329 [7] NCCL INFO NET/IB: IbDev 7 Port 1 qpn 2140 set_ece={supported=1, vendor_id=0x15b3, options=0x30000000, comp_mask=0x0}
a100-llm-02:1532071:1532329 [7] NCCL INFO NET/IB: IbDev 8 Port 1 qpn 1884 set_ece={supported=1, vendor_id=0x15b3, options=0x30000000, comp_mask=0x0}
a100-llm-02:1532071:1532325 [2] NCCL INFO NET/IB: IbDev 3 Port 1 qpn 2142 set_ece={supported=1, vendor_id=0x15b3, options=0x30000000, comp_mask=0x0}
a100-llm-02:1532071:1532325 [2] NCCL INFO NET/IB: IbDev 4 Port 1 qpn 1886 set_ece={supported=1, vendor_id=0x15b3, options=0x30000000, comp_mask=0x0}
a100-llm-02:1532071:1532327 [4] NCCL INFO NET/IB: IbDev 5 Port 1 qpn 2143 set_ece={supported=1, vendor_id=0x15b3, options=0x30000000, comp_mask=0x0}
a100-llm-02:1532071:1532327 [4] NCCL INFO NET/IB: IbDev 6 Port 1 qpn 1887 set_ece={supported=1, vendor_id=0x15b3, options=0x30000000, comp_mask=0x0}
a100-llm-02:1532071:1532319 [1] NCCL INFO NET/IB: NCCL Dev 9 IbDev 1 Port 1 qpn 2151 mtu 5 GID 3 (0/F74413C6FFFF0000) ctsFifoRkey=0x6f9fa ctsFifoLkey=0x6f9fa
a100-llm-02:1532071:1532319 [1] NCCL INFO NET/IB: IbDev 1 Port 1 qpn 2151 query_ece={supported=1, vendor_id=0x15b3, options=0x30000000, comp_mask=0x0}
a100-llm-02:1532071:1532319 [1] NCCL INFO NET/IB: NCCL Dev 9 IbDev 2 Port 1 qpn 1895 mtu 5 GID 3 (0/A3F13C6FFFF0000) ctsFifoRkey=0x34201 ctsFifoLkey=0x34201
a100-llm-02:1532071:1532319 [1] NCCL INFO NET/IB: IbDev 2 Port 1 qpn 1895 query_ece={supported=1, vendor_id=0x15b3, options=0x30000000, comp_mask=0x0}
a100-llm-02:1532071:1532321 [5] NCCL INFO NET/IB: NCCL Dev 11 IbDev 5 Port 1 qpn 2151 mtu 5 GID 3 (0/5E0113C6FFFF0000) ctsFifoRkey=0x72b2b ctsFifoLkey=0x72b2b
a100-llm-02:1532071:1532321 [5] NCCL INFO NET/IB: IbDev 5 Port 1 qpn 2151 query_ece={supported=1, vendor_id=0x15b3, options=0x30000000, comp_mask=0x0}
a100-llm-02:1532071:1532321 [5] NCCL INFO NET/IB: NCCL Dev 11 IbDev 6 Port 1 qpn 1895 mtu 5 GID 3 (0/AF0713C6FFFF0000) ctsFifoRkey=0x2d090 ctsFifoLkey=0x2d090
a100-llm-02:1532071:1532321 [5] NCCL INFO NET/IB: IbDev 6 Port 1 qpn 1895 query_ece={supported=1, vendor_id=0x15b3, options=0x30000000, comp_mask=0x0}
a100-llm-02:1532071:1532331 [0] NCCL INFO NET/IB: IbDev 1 Port 1 qpn 2141 set_ece={supported=1, vendor_id=0x15b3, options=0x30000000, comp_mask=0x0}
a100-llm-02:1532071:1532331 [0] NCCL INFO NET/IB: IbDev 2 Port 1 qpn 1885 set_ece={supported=1, vendor_id=0x15b3, options=0x30000000, comp_mask=0x0}
a100-llm-02:1532071:1532319 [1] NCCL INFO NET/IB: IbDev 1 Port 1 qpn 2147 set_ece={supported=1, vendor_id=0x15b3, options=0x30000000, comp_mask=0x0}
a100-llm-02:1532071:1532329 [7] NCCL INFO NET/IB: IbDev 7 Port 1 qpn 2141 set_ece={supported=1, vendor_id=0x15b3, options=0x30000000, comp_mask=0x0}
a100-llm-02:1532071:1532319 [1] NCCL INFO NET/IB: IbDev 2 Port 1 qpn 1891 set_ece={supported=1, vendor_id=0x15b3, options=0x30000000, comp_mask=0x0}
a100-llm-02:1532071:1532329 [7] NCCL INFO NET/IB: IbDev 8 Port 1 qpn 1885 set_ece={supported=1, vendor_id=0x15b3, options=0x30000000, comp_mask=0x0}
a100-llm-02:1532071:1532325 [2] NCCL INFO NET/IB: IbDev 3 Port 1 qpn 2143 set_ece={supported=1, vendor_id=0x15b3, options=0x30000000, comp_mask=0x0}
a100-llm-02:1532071:1532325 [2] NCCL INFO NET/IB: IbDev 4 Port 1 qpn 1887 set_ece={supported=1, vendor_id=0x15b3, options=0x30000000, comp_mask=0x0}
a100-llm-02:1532071:1532321 [5] NCCL INFO NET/IB: IbDev 5 Port 1 qpn 2150 set_ece={supported=1, vendor_id=0x15b3, options=0x30000000, comp_mask=0x0}
a100-llm-02:1532071:1532321 [5] NCCL INFO NET/IB: IbDev 6 Port 1 qpn 1894 set_ece={supported=1, vendor_id=0x15b3, options=0x30000000, comp_mask=0x0}
a100-llm-02:1532071:1532323 [6] NCCL INFO NET/IB: IbDev 7 Port 1 qpn 2142 set_ece={supported=1, vendor_id=0x15b3, options=0x30000000, comp_mask=0x0}
a100-llm-02:1532071:1532323 [6] NCCL INFO NET/IB: IbDev 8 Port 1 qpn 1886 set_ece={supported=1, vendor_id=0x15b3, options=0x30000000, comp_mask=0x0}
a100-llm-02:1532071:1532321 [5] NCCL INFO NET/IB: IbDev 5 Port 1 qpn 2151 set_ece={supported=1, vendor_id=0x15b3, options=0x30000000, comp_mask=0x0}
a100-llm-02:1532071:1532321 [5] NCCL INFO NET/IB: IbDev 6 Port 1 qpn 1895 set_ece={supported=1, vendor_id=0x15b3, options=0x30000000, comp_mask=0x0}
a100-llm-02:1532071:1532319 [1] NCCL INFO NET/IB: IbDev 1 Port 1 qpn 2151 set_ece={supported=1, vendor_id=0x15b3, options=0x30000000, comp_mask=0x0}
a100-llm-02:1532071:1532319 [1] NCCL INFO NET/IB: IbDev 2 Port 1 qpn 1895 set_ece={supported=1, vendor_id=0x15b3, options=0x30000000, comp_mask=0x0}
a100-llm-02:1532071:1532323 [6] NCCL INFO NET/IB: NCCL Dev 12 IbDev 7 Port 1 qpn 2149 mtu 5 GID 3 (0/455A13C6FFFF0000) ctsFifoRkey=0x6b2b3 ctsFifoLkey=0x6b2b3
a100-llm-02:1532071:1532323 [6] NCCL INFO NET/IB: IbDev 7 Port 1 qpn 2149 query_ece={supported=1, vendor_id=0x15b3, options=0x30000000, comp_mask=0x0}
a100-llm-02:1532071:1532323 [6] NCCL INFO NET/IB: NCCL Dev 12 IbDev 8 Port 1 qpn 1893 mtu 5 GID 3 (0/58B013C6FFFF0000) ctsFifoRkey=0x2e19f ctsFifoLkey=0x2e19f
a100-llm-02:1532071:1532323 [6] NCCL INFO NET/IB: IbDev 8 Port 1 qpn 1893 query_ece={supported=1, vendor_id=0x15b3, options=0x30000000, comp_mask=0x0}
a100-llm-02:1532071:1532323 [6] NCCL INFO NET/IB: IbDev 7 Port 1 qpn 2149 set_ece={supported=1, vendor_id=0x15b3, options=0x30000000, comp_mask=0x0}
a100-llm-02:1532071:1532323 [6] NCCL INFO NET/IB: IbDev 8 Port 1 qpn 1893 set_ece={supported=1, vendor_id=0x15b3, options=0x30000000, comp_mask=0x0}
[AIMD] FinalizeChunkRTT: cc=0x7f2660001000 slot=0 inflight_before=1
[AIMD] FinalizeChunkRTT: cc=0x7f2664001000 slot=321 inflight_before=1
[AIMD] FinalizeChunkRTT: cc=0x7f2664001000 slot=658 inflight_before=1
warmup done.
[AIMD] FinalizeChunkRTT: cc=0x7f2658001000 slot=937 inflight_before=1
a100-llm-02:1532071:1532310 [0] NCCL INFO V2MIN: pressure=1.000 (fast=0.133 slow=0.002 dev=0.1310) state=SHRINK window=204 floor=204 high=2870 low=0 ncc=16
[AIMD] FinalizeChunkRTT: cc=0x7f265c0659a0 slot=418 inflight_before=1
[AIMD] FinalizeChunkRTT: cc=0x7f266c001000 slot=22 inflight_before=2
[AIMD] FinalizeChunkRTT: cc=0x7f2660001000 slot=598 inflight_before=1
[AIMD] FinalizeChunkRTT: cc=0x7f2664001000 slot=48 inflight_before=2
[AIMD] FinalizeChunkRTT: cc=0x7f266c017320 slot=812 inflight_before=2
a100-llm-02:1532071:1532310 [0] NCCL INFO V2MIN: pressure=1.000 (fast=0.188 slow=0.002 dev=0.1862) state=SHRINK window=204 floor=204 high=7604 low=0 ncc=16
[AIMD] FinalizeChunkRTT: cc=0x7f266c001000 slot=538 inflight_before=4
[AIMD] FinalizeChunkRTT: cc=0x7f2658001000 slot=260 inflight_before=4
[AIMD] FinalizeChunkRTT: cc=0x7f265c0659a0 slot=819 inflight_before=1
[AIMD] FinalizeChunkRTT: cc=0x7f2654067c00 slot=240 inflight_before=2
[AIMD] FinalizeChunkRTT: cc=0x7f2658001000 slot=635 inflight_before=1
a100-llm-02:1532071:1532310 [0] NCCL INFO V2MIN: pressure=1.000 (fast=0.123 slow=0.002 dev=0.1212) state=SHRINK window=204 floor=204 high=12328 low=0 ncc=16
[AIMD] FinalizeChunkRTT: cc=0x7f2660001000 slot=56 inflight_before=1
[AIMD] FinalizeChunkRTT: cc=0x7f2658001000 slot=470 inflight_before=6
CSV written to: oracle_results/6_v2_minimal_pinned_with_stress_20260409_134442_r3.csv

========================================
  Oracle Experiment Results
========================================
Config: nDev=8  count=1048576  data=4.19 MB  iters=500
NCCL_AIMD_ENABLE=1  NCCL_CC_ORACLE_FACTOR=(unset)

Wall-clock latency (us):
  mean= 25952.7  stddev= 13416.7
  p50 = 24041.4  p99   = 64263.6  max= 83025.1

Collective max GPU latency (us):
  mean= 23889.6  stddev= 12658.4
  p50 = 22057.0  p99   = 63979.0  max= 75683.8

Rank skew (us):
  mean=  6307.6  stddev=  5337.1
  p50 =  5161.5  p99   = 23971.9  max= 40120.3

Avg algo bandwidth: 0.28 GB/s
========================================

