a100-llm-02:1143841:1144035 [2] NCCL INFO GPU Direct RDMA Enabled for GPU/0-1028176 (rank 2) - NET/0-10 (distance 5 <= 6, read 0, mode Default)
a100-llm-02:1143841:1144014 [2] NCCL INFO New proxy recv connection 1 from local rank 0, transport 2
a100-llm-02:1143841:1144035 [2] NCCL INFO Connected to proxy localRank 0 -> connection 0x7fcf8c001118
a100-llm-02:1143841:1144035 [2] NCCL INFO Channel 01/0 : 1[1] -> 2[2] [receive] via NET/IB/10/GDRDMA
a100-llm-02:1143841:1144035 [2] NCCL INFO GPU Direct RDMA Enabled for GPU/0-1028176 (rank 2) - NET/0-10 (distance 5 <= 6, read 1, mode Default)
a100-llm-02:1143841:1144014 [2] NCCL INFO New proxy send connection 2 from local rank 0, transport 2
a100-llm-02:1143841:1144035 [2] NCCL INFO Connected to proxy localRank 0 -> connection 0x7fcf8c001190
a100-llm-02:1143841:1144035 [2] NCCL INFO Channel 00/0 : 2[2] -> 3[3] [send] via NET/IB/10/GDRDMA
a100-llm-02:1143841:1144035 [2] NCCL INFO GPU Direct RDMA Enabled for GPU/0-1028176 (rank 2) - NET/0-10 (distance 5 <= 6, read 1, mode Default)
a100-llm-02:1143841:1144014 [2] NCCL INFO New proxy send connection 3 from local rank 0, transport 2
a100-llm-02:1143841:1144035 [2] NCCL INFO Connected to proxy localRank 0 -> connection 0x7fcf8c001208
a100-llm-02:1143841:1144035 [2] NCCL INFO Channel 01/0 : 2[2] -> 3[3] [send] via NET/IB/10/GDRDMA
a100-llm-02:1143841:1144026 [6] NCCL INFO New proxy recv connection 0 from local rank 0, transport 2
a100-llm-02:1143841:1144028 [7] NCCL INFO New proxy recv connection 0 from local rank 0, transport 2
a100-llm-02:1143841:1144031 [6] NCCL INFO Connected to proxy localRank 0 -> connection 0x7fcf84000d10
a100-llm-02:1143841:1144030 [7] NCCL INFO Connected to proxy localRank 0 -> connection 0x7fcf9c000d10
a100-llm-02:1143841:1144020 [3] NCCL INFO New proxy recv connection 0 from local rank 0, transport 2
a100-llm-02:1143841:1144030 [7] NCCL INFO Channel 00/0 : 6[6] -> 7[7] [receive] via NET/IB/12/GDRDMA
a100-llm-02:1143841:1144030 [7] NCCL INFO GPU Direct RDMA Enabled for GPU/0-1044576 (rank 7) - NET/0-12 (distance 5 <= 6, read 0, mode Default)
a100-llm-02:1143841:1144028 [7] NCCL INFO New proxy recv connection 1 from local rank 0, transport 2
a100-llm-02:1143841:1144034 [3] NCCL INFO Connected to proxy localRank 0 -> connection 0x7fcf880010a0
a100-llm-02:1143841:1144017 [1] NCCL INFO New proxy recv connection 0 from local rank 0, transport 2
a100-llm-02:1143841:1144031 [6] NCCL INFO Channel 00/0 : 5[5] -> 6[6] [receive] via NET/IB/12/GDRDMA
a100-llm-02:1143841:1144031 [6] NCCL INFO GPU Direct RDMA Enabled for GPU/0-1044560 (rank 6) - NET/0-12 (distance 5 <= 6, read 0, mode Default)
a100-llm-02:1143841:1144026 [6] NCCL INFO New proxy recv connection 1 from local rank 0, transport 2
a100-llm-02:1143841:1144031 [6] NCCL INFO Connected to proxy localRank 0 -> connection 0x7fcf84000d88
a100-llm-02:1143841:1144031 [6] NCCL INFO Channel 01/0 : 5[5] -> 6[6] [receive] via NET/IB/12/GDRDMA
a100-llm-02:1143841:1144031 [6] NCCL INFO GPU Direct RDMA Enabled for GPU/0-1044560 (rank 6) - NET/0-12 (distance 5 <= 6, read 1, mode Default)
a100-llm-02:1143841:1144026 [6] NCCL INFO New proxy send connection 2 from local rank 0, transport 2
a100-llm-02:1143841:1144031 [6] NCCL INFO Connected to proxy localRank 0 -> connection 0x7fcf84000e00
a100-llm-02:1143841:1144031 [6] NCCL INFO Channel 00/0 : 6[6] -> 7[7] [send] via NET/IB/12/GDRDMA
a100-llm-02:1143841:1144031 [6] NCCL INFO GPU Direct RDMA Enabled for GPU/0-1044560 (rank 6) - NET/0-12 (distance 5 <= 6, read 1, mode Default)
a100-llm-02:1143841:1144026 [6] NCCL INFO New proxy send connection 3 from local rank 0, transport 2
a100-llm-02:1143841:1144031 [6] NCCL INFO Connected to proxy localRank 0 -> connection 0x7fcf84000e78
a100-llm-02:1143841:1144031 [6] NCCL INFO Channel 01/0 : 6[6] -> 7[7] [send] via NET/IB/12/GDRDMA
a100-llm-02:1143841:1144030 [7] NCCL INFO Connected to proxy localRank 0 -> connection 0x7fcf9c000d88
a100-llm-02:1143841:1144018 [4] NCCL INFO New proxy recv connection 0 from local rank 0, transport 2
a100-llm-02:1143841:1144036 [1] NCCL INFO Connected to proxy localRank 0 -> connection 0x7fcf940010a0
a100-llm-02:1143841:1144033 [4] NCCL INFO Connected to proxy localRank 0 -> connection 0x7fcfa8000d10
a100-llm-02:1143841:1144033 [4] NCCL INFO Channel 00/0 : 3[3] -> 4[4] [receive] via NET/IB/11/GDRDMA
a100-llm-02:1143841:1144033 [4] NCCL INFO GPU Direct RDMA Enabled for GPU/0-1036368 (rank 4) - NET/0-11 (distance 5 <= 6, read 0, mode Default)
a100-llm-02:1143841:1144018 [4] NCCL INFO New proxy recv connection 1 from local rank 0, transport 2
a100-llm-02:1143841:1144033 [4] NCCL INFO Connected to proxy localRank 0 -> connection 0x7fcfa8000d88
a100-llm-02:1143841:1144033 [4] NCCL INFO Channel 01/0 : 3[3] -> 4[4] [receive] via NET/IB/11/GDRDMA
a100-llm-02:1143841:1144033 [4] NCCL INFO GPU Direct RDMA Enabled for GPU/0-1036368 (rank 4) - NET/0-11 (distance 5 <= 6, read 1, mode Default)
a100-llm-02:1143841:1144018 [4] NCCL INFO New proxy send connection 2 from local rank 0, transport 2
a100-llm-02:1143841:1144033 [4] NCCL INFO Connected to proxy localRank 0 -> connection 0x7fcfa8000e00
a100-llm-02:1143841:1144033 [4] NCCL INFO Channel 00/0 : 4[4] -> 5[5] [send] via NET/IB/11/GDRDMA
a100-llm-02:1143841:1144033 [4] NCCL INFO GPU Direct RDMA Enabled for GPU/0-1036368 (rank 4) - NET/0-11 (distance 5 <= 6, read 1, mode Default)
a100-llm-02:1143841:1144018 [4] NCCL INFO New proxy send connection 3 from local rank 0, transport 2
a100-llm-02:1143841:1144033 [4] NCCL INFO Connected to proxy localRank 0 -> connection 0x7fcfa8000e78
a100-llm-02:1143841:1144033 [4] NCCL INFO Channel 01/0 : 4[4] -> 5[5] [send] via NET/IB/11/GDRDMA
a100-llm-02:1143841:1144016 [0] NCCL INFO New proxy recv connection 0 from local rank 0, transport 2
a100-llm-02:1143841:1144037 [0] NCCL INFO Connected to proxy localRank 0 -> connection 0x55785278f9b0
a100-llm-02:1143841:1144023 [5] NCCL INFO New proxy recv connection 0 from local rank 0, transport 2
a100-llm-02:1143841:1144032 [5] NCCL INFO Connected to proxy localRank 0 -> connection 0x7fcf88004db0
a100-llm-02:1143841:1144032 [5] NCCL INFO Channel 00/0 : 4[4] -> 5[5] [receive] via NET/IB/11/GDRDMA
a100-llm-02:1143841:1144032 [5] NCCL INFO GPU Direct RDMA Enabled for GPU/0-1036384 (rank 5) - NET/0-11 (distance 5 <= 6, read 0, mode Default)
a100-llm-02:1143841:1144023 [5] NCCL INFO New proxy recv connection 1 from local rank 0, transport 2
a100-llm-02:1143841:1144032 [5] NCCL INFO Connected to proxy localRank 0 -> connection 0x7fcf88004e28
a100-llm-02:1143841:1144036 [1] NCCL INFO Channel 00/0 : 0[0] -> 1[1] [receive] via NET/IB/9/GDRDMA
a100-llm-02:1143841:1144036 [1] NCCL INFO GPU Direct RDMA Enabled for GPU/0-1020000 (rank 1) - NET/0-9 (distance 5 <= 6, read 0, mode Default)
a100-llm-02:1143841:1144017 [1] NCCL INFO New proxy recv connection 1 from local rank 0, transport 2
a100-llm-02:1143841:1144037 [0] NCCL INFO Channel 00/0 : 7[7] -> 0[0] [receive] via NET/IB/9/GDRDMA
a100-llm-02:1143841:1144037 [0] NCCL INFO GPU Direct RDMA Enabled for GPU/0-1019984 (rank 0) - NET/0-9 (distance 5 <= 6, read 0, mode Default)
a100-llm-02:1143841:1144016 [0] NCCL INFO New proxy recv connection 1 from local rank 0, transport 2
a100-llm-02:1143841:1144036 [1] NCCL INFO Connected to proxy localRank 0 -> connection 0x7fcf94001118
a100-llm-02:1143841:1144037 [0] NCCL INFO Connected to proxy localRank 0 -> connection 0x55785278fa28
a100-llm-02:1143841:1144030 [7] NCCL INFO Channel 01/0 : 6[6] -> 7[7] [receive] via NET/IB/12/GDRDMA
a100-llm-02:1143841:1144030 [7] NCCL INFO GPU Direct RDMA Enabled for GPU/0-1044576 (rank 7) - NET/0-12 (distance 5 <= 6, read 1, mode Default)
a100-llm-02:1143841:1144028 [7] NCCL INFO New proxy send connection 2 from local rank 0, transport 2
a100-llm-02:1143841:1144034 [3] NCCL INFO Channel 00/0 : 2[2] -> 3[3] [receive] via NET/IB/10/GDRDMA
a100-llm-02:1143841:1144034 [3] NCCL INFO GPU Direct RDMA Enabled for GPU/0-1028192 (rank 3) - NET/0-10 (distance 5 <= 6, read 0, mode Default)
a100-llm-02:1143841:1144036 [1] NCCL INFO Channel 01/0 : 0[0] -> 1[1] [receive] via NET/IB/9/GDRDMA
a100-llm-02:1143841:1144036 [1] NCCL INFO GPU Direct RDMA Enabled for GPU/0-1020000 (rank 1) - NET/0-9 (distance 5 <= 6, read 1, mode Default)
a100-llm-02:1143841:1144017 [1] NCCL INFO New proxy send connection 2 from local rank 0, transport 2
a100-llm-02:1143841:1144037 [0] NCCL INFO Channel 01/0 : 7[7] -> 0[0] [receive] via NET/IB/9/GDRDMA
a100-llm-02:1143841:1144037 [0] NCCL INFO GPU Direct RDMA Enabled for GPU/0-1019984 (rank 0) - NET/0-9 (distance 5 <= 6, read 1, mode Default)
a100-llm-02:1143841:1144016 [0] NCCL INFO New proxy send connection 2 from local rank 0, transport 2
a100-llm-02:1143841:1144037 [0] NCCL INFO Connected to proxy localRank 0 -> connection 0x55785278faa0
a100-llm-02:1143841:1144036 [1] NCCL INFO Connected to proxy localRank 0 -> connection 0x7fcf94001190
a100-llm-02:1143841:1144037 [0] NCCL INFO Channel 00/0 : 0[0] -> 1[1] [send] via NET/IB/9/GDRDMA
a100-llm-02:1143841:1144037 [0] NCCL INFO GPU Direct RDMA Enabled for GPU/0-1019984 (rank 0) - NET/0-9 (distance 5 <= 6, read 1, mode Default)
a100-llm-02:1143841:1144016 [0] NCCL INFO New proxy send connection 3 from local rank 0, transport 2
a100-llm-02:1143841:1144036 [1] NCCL INFO Channel 00/0 : 1[1] -> 2[2] [send] via NET/IB/9/GDRDMA
a100-llm-02:1143841:1144036 [1] NCCL INFO GPU Direct RDMA Enabled for GPU/0-1020000 (rank 1) - NET/0-9 (distance 5 <= 6, read 1, mode Default)
a100-llm-02:1143841:1144017 [1] NCCL INFO New proxy send connection 3 from local rank 0, transport 2
a100-llm-02:1143841:1144036 [1] NCCL INFO Connected to proxy localRank 0 -> connection 0x7fcf94001208
a100-llm-02:1143841:1144037 [0] NCCL INFO Connected to proxy localRank 0 -> connection 0x55785278fb18
a100-llm-02:1143841:1144030 [7] NCCL INFO Connected to proxy localRank 0 -> connection 0x7fcf9c000e00
a100-llm-02:1143841:1144037 [0] NCCL INFO Channel 01/0 : 0[0] -> 1[1] [send] via NET/IB/9/GDRDMA
a100-llm-02:1143841:1144030 [7] NCCL INFO Channel 00/0 : 7[7] -> 0[0] [send] via NET/IB/12/GDRDMA
a100-llm-02:1143841:1144030 [7] NCCL INFO GPU Direct RDMA Enabled for GPU/0-1044576 (rank 7) - NET/0-12 (distance 5 <= 6, read 1, mode Default)
a100-llm-02:1143841:1144036 [1] NCCL INFO Channel 01/0 : 1[1] -> 2[2] [send] via NET/IB/9/GDRDMA
a100-llm-02:1143841:1144020 [3] NCCL INFO New proxy recv connection 1 from local rank 0, transport 2
a100-llm-02:1143841:1144034 [3] NCCL INFO Connected to proxy localRank 0 -> connection 0x7fcf88001118
a100-llm-02:1143841:1144034 [3] NCCL INFO Channel 01/0 : 2[2] -> 3[3] [receive] via NET/IB/10/GDRDMA
a100-llm-02:1143841:1144034 [3] NCCL INFO GPU Direct RDMA Enabled for GPU/0-1028192 (rank 3) - NET/0-10 (distance 5 <= 6, read 1, mode Default)
a100-llm-02:1143841:1144032 [5] NCCL INFO Channel 01/0 : 4[4] -> 5[5] [receive] via NET/IB/11/GDRDMA
a100-llm-02:1143841:1144032 [5] NCCL INFO GPU Direct RDMA Enabled for GPU/0-1036384 (rank 5) - NET/0-11 (distance 5 <= 6, read 1, mode Default)
a100-llm-02:1143841:1144023 [5] NCCL INFO New proxy send connection 2 from local rank 0, transport 2
a100-llm-02:1143841:1144032 [5] NCCL INFO Connected to proxy localRank 0 -> connection 0x7fcf88004ea0
a100-llm-02:1143841:1144032 [5] NCCL INFO Channel 00/0 : 5[5] -> 6[6] [send] via NET/IB/11/GDRDMA
a100-llm-02:1143841:1144032 [5] NCCL INFO GPU Direct RDMA Enabled for GPU/0-1036384 (rank 5) - NET/0-11 (distance 5 <= 6, read 1, mode Default)
a100-llm-02:1143841:1144023 [5] NCCL INFO New proxy send connection 3 from local rank 0, transport 2
a100-llm-02:1143841:1144032 [5] NCCL INFO Connected to proxy localRank 0 -> connection 0x7fcf88004f18
a100-llm-02:1143841:1144032 [5] NCCL INFO Channel 01/0 : 5[5] -> 6[6] [send] via NET/IB/11/GDRDMA
a100-llm-02:1143841:1144028 [7] NCCL INFO New proxy send connection 3 from local rank 0, transport 2
a100-llm-02:1143841:1144030 [7] NCCL INFO Connected to proxy localRank 0 -> connection 0x7fcf9c000e78
a100-llm-02:1143841:1144030 [7] NCCL INFO Channel 01/0 : 7[7] -> 0[0] [send] via NET/IB/12/GDRDMA
a100-llm-02:1143841:1144020 [3] NCCL INFO New proxy send connection 2 from local rank 0, transport 2
a100-llm-02:1143841:1144034 [3] NCCL INFO Connected to proxy localRank 0 -> connection 0x7fcf88001190
a100-llm-02:1143841:1144023 [5] NCCL INFO NET/IB: NCCL Dev 11 IbDev 5 Port 1 qpn 1012 mtu 5 GID 3 (0/5E0113C6FFFF0000) ctsFifoRkey=0x78282 ctsFifoLkey=0x78282
a100-llm-02:1143841:1144023 [5] NCCL INFO NET/IB: IbDev 5 Port 1 qpn 1012 query_ece={supported=1, vendor_id=0x15b3, options=0x30000000, comp_mask=0x0}
a100-llm-02:1143841:1144023 [5] NCCL INFO NET/IB: NCCL Dev 11 IbDev 6 Port 1 qpn 756 mtu 5 GID 3 (0/AF0713C6FFFF0000) ctsFifoRkey=0x3bc7b ctsFifoLkey=0x3bc7b
a100-llm-02:1143841:1144023 [5] NCCL INFO NET/IB: IbDev 6 Port 1 qpn 756 query_ece={supported=1, vendor_id=0x15b3, options=0x30000000, comp_mask=0x0}
a100-llm-02:1143841:1144023 [5] NCCL INFO NET/IB: NCCL Dev 11 IbDev 5 Port 1 qpn 1013 mtu 5 GID 3 (0/5E0113C6FFFF0000) ctsFifoRkey=0x13d9de ctsFifoLkey=0x13d9de
a100-llm-02:1143841:1144023 [5] NCCL INFO NET/IB: IbDev 5 Port 1 qpn 1013 query_ece={supported=1, vendor_id=0x15b3, options=0x30000000, comp_mask=0x0}
a100-llm-02:1143841:1144016 [0] NCCL INFO NET/IB: NCCL Dev 9 IbDev 1 Port 1 qpn 1012 mtu 5 GID 3 (0/F74413C6FFFF0000) ctsFifoRkey=0x141c1b ctsFifoLkey=0x141c1b
a100-llm-02:1143841:1144016 [0] NCCL INFO NET/IB: IbDev 1 Port 1 qpn 1012 query_ece={supported=1, vendor_id=0x15b3, options=0x30000000, comp_mask=0x0}
a100-llm-02:1143841:1144023 [5] NCCL INFO NET/IB: NCCL Dev 11 IbDev 6 Port 1 qpn 757 mtu 5 GID 3 (0/AF0713C6FFFF0000) ctsFifoRkey=0x1026e6 ctsFifoLkey=0x1026e6
a100-llm-02:1143841:1144023 [5] NCCL INFO NET/IB: IbDev 6 Port 1 qpn 757 query_ece={supported=1, vendor_id=0x15b3, options=0x30000000, comp_mask=0x0}
a100-llm-02:1143841:1144016 [0] NCCL INFO NET/IB: NCCL Dev 9 IbDev 2 Port 1 qpn 756 mtu 5 GID 3 (0/A3F13C6FFFF0000) ctsFifoRkey=0x10611f ctsFifoLkey=0x10611f
a100-llm-02:1143841:1144016 [0] NCCL INFO NET/IB: IbDev 2 Port 1 qpn 756 query_ece={supported=1, vendor_id=0x15b3, options=0x30000000, comp_mask=0x0}
a100-llm-02:1143841:1144034 [3] NCCL INFO Channel 00/0 : 3[3] -> 4[4] [send] via NET/IB/10/GDRDMA
a100-llm-02:1143841:1144028 [7] NCCL INFO NET/IB: NCCL Dev 12 IbDev 7 Port 1 qpn 1013 mtu 5 GID 3 (0/455A13C6FFFF0000) ctsFifoRkey=0x71210 ctsFifoLkey=0x71210
a100-llm-02:1143841:1144028 [7] NCCL INFO NET/IB: IbDev 7 Port 1 qpn 1013 query_ece={supported=1, vendor_id=0x15b3, options=0x30000000, comp_mask=0x0}
a100-llm-02:1143841:1144034 [3] NCCL INFO GPU Direct RDMA Enabled for GPU/0-1028192 (rank 3) - NET/0-10 (distance 5 <= 6, read 1, mode Default)
a100-llm-02:1143841:1144028 [7] NCCL INFO NET/IB: NCCL Dev 12 IbDev 8 Port 1 qpn 757 mtu 5 GID 3 (0/58B013C6FFFF0000) ctsFifoRkey=0x35413 ctsFifoLkey=0x35413
a100-llm-02:1143841:1144028 [7] NCCL INFO NET/IB: IbDev 8 Port 1 qpn 757 query_ece={supported=1, vendor_id=0x15b3, options=0x30000000, comp_mask=0x0}
a100-llm-02:1143841:1144023 [5] NCCL INFO NET/IB: IbDev 5 Port 1 qpn 1012 set_ece={supported=1, vendor_id=0x15b3, options=0x30000000, comp_mask=0x0}
a100-llm-02:1143841:1144023 [5] NCCL INFO NET/IB: IbDev 6 Port 1 qpn 756 set_ece={supported=1, vendor_id=0x15b3, options=0x30000000, comp_mask=0x0}
a100-llm-02:1143841:1144023 [5] NCCL INFO NET/IB: IbDev 5 Port 1 qpn 1013 set_ece={supported=1, vendor_id=0x15b3, options=0x30000000, comp_mask=0x0}
a100-llm-02:1143841:1144023 [5] NCCL INFO NET/IB: IbDev 6 Port 1 qpn 757 set_ece={supported=1, vendor_id=0x15b3, options=0x30000000, comp_mask=0x0}
a100-llm-02:1143841:1144026 [6] NCCL INFO NET/IB: NCCL Dev 12 IbDev 7 Port 1 qpn 1017 mtu 5 GID 3 (0/455A13C6FFFF0000) ctsFifoRkey=0x71f1e ctsFifoLkey=0x71f1e
a100-llm-02:1143841:1144026 [6] NCCL INFO NET/IB: IbDev 7 Port 1 qpn 1017 query_ece={supported=1, vendor_id=0x15b3, options=0x30000000, comp_mask=0x0}
a100-llm-02:1143841:1144026 [6] NCCL INFO NET/IB: NCCL Dev 12 IbDev 8 Port 1 qpn 761 mtu 5 GID 3 (0/58B013C6FFFF0000) ctsFifoRkey=0x36120 ctsFifoLkey=0x36120
a100-llm-02:1143841:1144026 [6] NCCL INFO NET/IB: IbDev 8 Port 1 qpn 761 query_ece={supported=1, vendor_id=0x15b3, options=0x30000000, comp_mask=0x0}
a100-llm-02:1143841:1144020 [3] NCCL INFO New proxy send connection 3 from local rank 0, transport 2
a100-llm-02:1143841:1144034 [3] NCCL INFO Connected to proxy localRank 0 -> connection 0x7fcf88001208
a100-llm-02:1143841:1144034 [3] NCCL INFO Channel 01/0 : 3[3] -> 4[4] [send] via NET/IB/10/GDRDMA
a100-llm-02:1143841:1144016 [0] NCCL INFO NET/IB: NCCL Dev 9 IbDev 1 Port 1 qpn 1017 mtu 5 GID 3 (0/F74413C6FFFF0000) ctsFifoRkey=0x143433 ctsFifoLkey=0x143433
a100-llm-02:1143841:1144016 [0] NCCL INFO NET/IB: IbDev 1 Port 1 qpn 1017 query_ece={supported=1, vendor_id=0x15b3, options=0x30000000, comp_mask=0x0}
a100-llm-02:1143841:1144016 [0] NCCL INFO NET/IB: NCCL Dev 9 IbDev 2 Port 1 qpn 761 mtu 5 GID 3 (0/A3F13C6FFFF0000) ctsFifoRkey=0x107834 ctsFifoLkey=0x107834
a100-llm-02:1143841:1144016 [0] NCCL INFO NET/IB: IbDev 2 Port 1 qpn 761 query_ece={supported=1, vendor_id=0x15b3, options=0x30000000, comp_mask=0x0}
a100-llm-02:1143841:1144016 [0] NCCL INFO NET/IB: IbDev 1 Port 1 qpn 1012 set_ece={supported=1, vendor_id=0x15b3, options=0x30000000, comp_mask=0x0}
a100-llm-02:1143841:1144016 [0] NCCL INFO NET/IB: IbDev 2 Port 1 qpn 756 set_ece={supported=1, vendor_id=0x15b3, options=0x30000000, comp_mask=0x0}
a100-llm-02:1143841:1144026 [6] NCCL INFO NET/IB: NCCL Dev 12 IbDev 7 Port 1 qpn 1021 mtu 5 GID 3 (0/455A13C6FFFF0000) ctsFifoRkey=0x145958 ctsFifoLkey=0x145958
a100-llm-02:1143841:1144026 [6] NCCL INFO NET/IB: IbDev 7 Port 1 qpn 1021 query_ece={supported=1, vendor_id=0x15b3, options=0x30000000, comp_mask=0x0}
a100-llm-02:1143841:1144028 [7] NCCL INFO NET/IB: NCCL Dev 12 IbDev 7 Port 1 qpn 1020 mtu 5 GID 3 (0/455A13C6FFFF0000) ctsFifoRkey=0x146664 ctsFifoLkey=0x146664
a100-llm-02:1143841:1144028 [7] NCCL INFO NET/IB: IbDev 7 Port 1 qpn 1020 query_ece={supported=1, vendor_id=0x15b3, options=0x30000000, comp_mask=0x0}
a100-llm-02:1143841:1144026 [6] NCCL INFO NET/IB: NCCL Dev 12 IbDev 8 Port 1 qpn 765 mtu 5 GID 3 (0/58B013C6FFFF0000) ctsFifoRkey=0x107d3c ctsFifoLkey=0x107d3c
a100-llm-02:1143841:1144026 [6] NCCL INFO NET/IB: IbDev 8 Port 1 qpn 765 query_ece={supported=1, vendor_id=0x15b3, options=0x30000000, comp_mask=0x0}
a100-llm-02:1143841:1144028 [7] NCCL INFO NET/IB: NCCL Dev 12 IbDev 8 Port 1 qpn 764 mtu 5 GID 3 (0/58B013C6FFFF0000) ctsFifoRkey=0x108948 ctsFifoLkey=0x108948
a100-llm-02:1143841:1144028 [7] NCCL INFO NET/IB: IbDev 8 Port 1 qpn 764 query_ece={supported=1, vendor_id=0x15b3, options=0x30000000, comp_mask=0x0}
a100-llm-02:1143841:1144028 [7] NCCL INFO NET/IB: IbDev 7 Port 1 qpn 1013 set_ece={supported=1, vendor_id=0x15b3, options=0x30000000, comp_mask=0x0}
a100-llm-02:1143841:1144028 [7] NCCL INFO NET/IB: IbDev 8 Port 1 qpn 757 set_ece={supported=1, vendor_id=0x15b3, options=0x30000000, comp_mask=0x0}
a100-llm-02:1143841:1144026 [6] NCCL INFO NET/IB: IbDev 7 Port 1 qpn 1017 set_ece={supported=1, vendor_id=0x15b3, options=0x30000000, comp_mask=0x0}
a100-llm-02:1143841:1144026 [6] NCCL INFO NET/IB: IbDev 8 Port 1 qpn 761 set_ece={supported=1, vendor_id=0x15b3, options=0x30000000, comp_mask=0x0}
a100-llm-02:1143841:1144018 [4] NCCL INFO NET/IB: NCCL Dev 11 IbDev 5 Port 1 qpn 1014 mtu 5 GID 3 (0/5E0113C6FFFF0000) ctsFifoRkey=0x78e8d ctsFifoLkey=0x78e8d
a100-llm-02:1143841:1144018 [4] NCCL INFO NET/IB: IbDev 5 Port 1 qpn 1014 query_ece={supported=1, vendor_id=0x15b3, options=0x30000000, comp_mask=0x0}
a100-llm-02:1143841:1144018 [4] NCCL INFO NET/IB: NCCL Dev 11 IbDev 6 Port 1 qpn 758 mtu 5 GID 3 (0/AF0713C6FFFF0000) ctsFifoRkey=0x3c787 ctsFifoLkey=0x3c787
a100-llm-02:1143841:1144018 [4] NCCL INFO NET/IB: IbDev 6 Port 1 qpn 758 query_ece={supported=1, vendor_id=0x15b3, options=0x30000000, comp_mask=0x0}
a100-llm-02:1143841:1144017 [1] NCCL INFO NET/IB: NCCL Dev 9 IbDev 1 Port 1 qpn 1018 mtu 5 GID 3 (0/F74413C6FFFF0000) ctsFifoRkey=0x14413f ctsFifoLkey=0x14413f
a100-llm-02:1143841:1144017 [1] NCCL INFO NET/IB: IbDev 1 Port 1 qpn 1018 query_ece={supported=1, vendor_id=0x15b3, options=0x30000000, comp_mask=0x0}
a100-llm-02:1143841:1144026 [6] NCCL INFO NET/IB: IbDev 7 Port 1 qpn 1021 set_ece={supported=1, vendor_id=0x15b3, options=0x30000000, comp_mask=0x0}
a100-llm-02:1143841:1144017 [1] NCCL INFO NET/IB: NCCL Dev 9 IbDev 2 Port 1 qpn 762 mtu 5 GID 3 (0/A3F13C6FFFF0000) ctsFifoRkey=0x108243 ctsFifoLkey=0x108243
a100-llm-02:1143841:1144017 [1] NCCL INFO NET/IB: IbDev 2 Port 1 qpn 762 query_ece={supported=1, vendor_id=0x15b3, options=0x30000000, comp_mask=0x0}
a100-llm-02:1143841:1144026 [6] NCCL INFO NET/IB: IbDev 8 Port 1 qpn 765 set_ece={supported=1, vendor_id=0x15b3, options=0x30000000, comp_mask=0x0}
a100-llm-02:1143841:1144018 [4] NCCL INFO NET/IB: NCCL Dev 11 IbDev 5 Port 1 qpn 1015 mtu 5 GID 3 (0/5E0113C6FFFF0000) ctsFifoRkey=0x79a99 ctsFifoLkey=0x79a99
a100-llm-02:1143841:1144018 [4] NCCL INFO NET/IB: IbDev 5 Port 1 qpn 1015 query_ece={supported=1, vendor_id=0x15b3, options=0x30000000, comp_mask=0x0}
a100-llm-02:1143841:1144018 [4] NCCL INFO NET/IB: NCCL Dev 11 IbDev 6 Port 1 qpn 759 mtu 5 GID 3 (0/AF0713C6FFFF0000) ctsFifoRkey=0x3d291 ctsFifoLkey=0x3d291
a100-llm-02:1143841:1144018 [4] NCCL INFO NET/IB: IbDev 6 Port 1 qpn 759 query_ece={supported=1, vendor_id=0x15b3, options=0x30000000, comp_mask=0x0}
a100-llm-02:1143841:1144020 [3] NCCL INFO NET/IB: NCCL Dev 10 IbDev 3 Port 1 qpn 1012 mtu 5 GID 3 (0/340D13C6FFFF0000) ctsFifoRkey=0x146462 ctsFifoLkey=0x146462
a100-llm-02:1143841:1144020 [3] NCCL INFO NET/IB: IbDev 3 Port 1 qpn 1012 query_ece={supported=1, vendor_id=0x15b3, options=0x30000000, comp_mask=0x0}
a100-llm-02:1143841:1144020 [3] NCCL INFO NET/IB: NCCL Dev 10 IbDev 4 Port 1 qpn 756 mtu 5 GID 3 (0/462613C6FFFF0000) ctsFifoRkey=0x10ae6b ctsFifoLkey=0x10ae6b
a100-llm-02:1143841:1144020 [3] NCCL INFO NET/IB: IbDev 4 Port 1 qpn 756 query_ece={supported=1, vendor_id=0x15b3, options=0x30000000, comp_mask=0x0}
a100-llm-02:1143841:1144014 [2] NCCL INFO NET/IB: NCCL Dev 10 IbDev 3 Port 1 qpn 1015 mtu 5 GID 3 (0/340D13C6FFFF0000) ctsFifoRkey=0x71413 ctsFifoLkey=0x71413
a100-llm-02:1143841:1144014 [2] NCCL INFO NET/IB: IbDev 3 Port 1 qpn 1015 query_ece={supported=1, vendor_id=0x15b3, options=0x30000000, comp_mask=0x0}
a100-llm-02:1143841:1144014 [2] NCCL INFO NET/IB: NCCL Dev 10 IbDev 4 Port 1 qpn 759 mtu 5 GID 3 (0/462613C6FFFF0000) ctsFifoRkey=0x34301 ctsFifoLkey=0x34301
a100-llm-02:1143841:1144014 [2] NCCL INFO NET/IB: IbDev 4 Port 1 qpn 759 query_ece={supported=1, vendor_id=0x15b3, options=0x30000000, comp_mask=0x0}
a100-llm-02:1143841:1144020 [3] NCCL INFO NET/IB: NCCL Dev 10 IbDev 3 Port 1 qpn 1016 mtu 5 GID 3 (0/340D13C6FFFF0000) ctsFifoRkey=0x72120 ctsFifoLkey=0x72120
a100-llm-02:1143841:1144020 [3] NCCL INFO NET/IB: IbDev 3 Port 1 qpn 1016 query_ece={supported=1, vendor_id=0x15b3, options=0x30000000, comp_mask=0x0}
a100-llm-02:1143841:1144020 [3] NCCL INFO NET/IB: NCCL Dev 10 IbDev 4 Port 1 qpn 760 mtu 5 GID 3 (0/462613C6FFFF0000) ctsFifoRkey=0x34f0d ctsFifoLkey=0x34f0d
a100-llm-02:1143841:1144020 [3] NCCL INFO NET/IB: IbDev 4 Port 1 qpn 760 query_ece={supported=1, vendor_id=0x15b3, options=0x30000000, comp_mask=0x0}
a100-llm-02:1143841:1144028 [7] NCCL INFO NET/IB: IbDev 7 Port 1 qpn 1020 set_ece={supported=1, vendor_id=0x15b3, options=0x30000000, comp_mask=0x0}
a100-llm-02:1143841:1144028 [7] NCCL INFO NET/IB: IbDev 8 Port 1 qpn 764 set_ece={supported=1, vendor_id=0x15b3, options=0x30000000, comp_mask=0x0}
a100-llm-02:1143841:1144017 [1] NCCL INFO NET/IB: NCCL Dev 9 IbDev 1 Port 1 qpn 1023 mtu 5 GID 3 (0/F74413C6FFFF0000) ctsFifoRkey=0x146564 ctsFifoLkey=0x146564
a100-llm-02:1143841:1144017 [1] NCCL INFO NET/IB: IbDev 1 Port 1 qpn 1023 query_ece={supported=1, vendor_id=0x15b3, options=0x30000000, comp_mask=0x0}
a100-llm-02:1143841:1144017 [1] NCCL INFO NET/IB: NCCL Dev 9 IbDev 2 Port 1 qpn 767 mtu 5 GID 3 (0/A3F13C6FFFF0000) ctsFifoRkey=0x10a867 ctsFifoLkey=0x10a867
a100-llm-02:1143841:1144017 [1] NCCL INFO NET/IB: IbDev 2 Port 1 qpn 767 query_ece={supported=1, vendor_id=0x15b3, options=0x30000000, comp_mask=0x0}
a100-llm-02:1143841:1144017 [1] NCCL INFO NET/IB: IbDev 1 Port 1 qpn 1018 set_ece={supported=1, vendor_id=0x15b3, options=0x30000000, comp_mask=0x0}
a100-llm-02:1143841:1144017 [1] NCCL INFO NET/IB: IbDev 2 Port 1 qpn 762 set_ece={supported=1, vendor_id=0x15b3, options=0x30000000, comp_mask=0x0}
a100-llm-02:1143841:1144014 [2] NCCL INFO NET/IB: NCCL Dev 10 IbDev 3 Port 1 qpn 1017 mtu 5 GID 3 (0/340D13C6FFFF0000) ctsFifoRkey=0x14706f ctsFifoLkey=0x14706f
a100-llm-02:1143841:1144014 [2] NCCL INFO NET/IB: IbDev 3 Port 1 qpn 1017 query_ece={supported=1, vendor_id=0x15b3, options=0x30000000, comp_mask=0x0}
a100-llm-02:1143841:1144014 [2] NCCL INFO NET/IB: NCCL Dev 10 IbDev 4 Port 1 qpn 762 mtu 5 GID 3 (0/462613C6FFFF0000) ctsFifoRkey=0x10b979 ctsFifoLkey=0x10b979
a100-llm-02:1143841:1144014 [2] NCCL INFO NET/IB: IbDev 4 Port 1 qpn 762 query_ece={supported=1, vendor_id=0x15b3, options=0x30000000, comp_mask=0x0}
a100-llm-02:1143841:1144020 [3] NCCL INFO NET/IB: IbDev 3 Port 1 qpn 1012 set_ece={supported=1, vendor_id=0x15b3, options=0x30000000, comp_mask=0x0}
a100-llm-02:1143841:1144020 [3] NCCL INFO NET/IB: IbDev 4 Port 1 qpn 756 set_ece={supported=1, vendor_id=0x15b3, options=0x30000000, comp_mask=0x0}
a100-llm-02:1143841:1144018 [4] NCCL INFO NET/IB: IbDev 5 Port 1 qpn 1014 set_ece={supported=1, vendor_id=0x15b3, options=0x30000000, comp_mask=0x0}
a100-llm-02:1143841:1144018 [4] NCCL INFO NET/IB: IbDev 6 Port 1 qpn 758 set_ece={supported=1, vendor_id=0x15b3, options=0x30000000, comp_mask=0x0}
a100-llm-02:1143841:1144018 [4] NCCL INFO NET/IB: IbDev 5 Port 1 qpn 1015 set_ece={supported=1, vendor_id=0x15b3, options=0x30000000, comp_mask=0x0}
a100-llm-02:1143841:1144018 [4] NCCL INFO NET/IB: IbDev 6 Port 1 qpn 759 set_ece={supported=1, vendor_id=0x15b3, options=0x30000000, comp_mask=0x0}
a100-llm-02:1143841:1144014 [2] NCCL INFO NET/IB: IbDev 3 Port 1 qpn 1015 set_ece={supported=1, vendor_id=0x15b3, options=0x30000000, comp_mask=0x0}
a100-llm-02:1143841:1144016 [0] NCCL INFO NET/IB: IbDev 1 Port 1 qpn 1017 set_ece={supported=1, vendor_id=0x15b3, options=0x30000000, comp_mask=0x0}
a100-llm-02:1143841:1144014 [2] NCCL INFO NET/IB: IbDev 4 Port 1 qpn 759 set_ece={supported=1, vendor_id=0x15b3, options=0x30000000, comp_mask=0x0}
a100-llm-02:1143841:1144016 [0] NCCL INFO NET/IB: IbDev 2 Port 1 qpn 761 set_ece={supported=1, vendor_id=0x15b3, options=0x30000000, comp_mask=0x0}
a100-llm-02:1143841:1144020 [3] NCCL INFO NET/IB: IbDev 3 Port 1 qpn 1016 set_ece={supported=1, vendor_id=0x15b3, options=0x30000000, comp_mask=0x0}
a100-llm-02:1143841:1144020 [3] NCCL INFO NET/IB: IbDev 4 Port 1 qpn 760 set_ece={supported=1, vendor_id=0x15b3, options=0x30000000, comp_mask=0x0}
a100-llm-02:1143841:1144017 [1] NCCL INFO NET/IB: IbDev 1 Port 1 qpn 1023 set_ece={supported=1, vendor_id=0x15b3, options=0x30000000, comp_mask=0x0}
a100-llm-02:1143841:1144014 [2] NCCL INFO NET/IB: IbDev 3 Port 1 qpn 1017 set_ece={supported=1, vendor_id=0x15b3, options=0x30000000, comp_mask=0x0}
a100-llm-02:1143841:1144017 [1] NCCL INFO NET/IB: IbDev 2 Port 1 qpn 767 set_ece={supported=1, vendor_id=0x15b3, options=0x30000000, comp_mask=0x0}
a100-llm-02:1143841:1144014 [2] NCCL INFO NET/IB: IbDev 4 Port 1 qpn 762 set_ece={supported=1, vendor_id=0x15b3, options=0x30000000, comp_mask=0x0}
[AIMD] FinalizeChunkRTT: cc=0x7fcf98001000 slot=0 inflight_before=1
warmup done.
[AIMD] FinalizeChunkRTT: cc=0x7fcf9c0074c0 slot=598 inflight_before=2
[AIMD] FinalizeChunkRTT: cc=0x7fcff0001000 slot=573 inflight_before=2
[AIMD] FinalizeChunkRTT: cc=0x7fcfec000f70 slot=217 inflight_before=1
a100-llm-02:1143841:1144002 [0] NCCL INFO V2MIN: pressure=0.540 (backlog=0.080 poll_gap=0.846) state=SHRINK window=204 floor=204 high=9 low=0 ncc=16
[AIMD] FinalizeChunkRTT: cc=0x7fcff0017320 slot=707 inflight_before=1
[AIMD] FinalizeChunkRTT: cc=0x7fcfac001000 slot=539 inflight_before=1
[AIMD] FinalizeChunkRTT: cc=0x7fcff4000f70 slot=662 inflight_before=1
[AIMD] FinalizeChunkRTT: cc=0x7fcfe4002200 slot=785 inflight_before=1
CSV written to: oracle_results/6_v2_minimal_pinned_with_stress_20260406_182843.csv

========================================
  Oracle Experiment Results
========================================
Config: nDev=8  count=1048576  data=4.19 MB  iters=500
NCCL_AIMD_ENABLE=1  NCCL_CC_ORACLE_FACTOR=(unset)

Wall-clock latency (us):
  mean= 13905.4  stddev= 11132.8
  p50 =  9477.1  p99   = 51796.8  max= 54071.8

Collective max GPU latency (us):
  mean= 13401.8  stddev= 10981.3
  p50 =  8809.0  p99   = 49066.6  max= 53807.1

Rank skew (us):
  mean=  3424.2  stddev=  4297.1
  p50 =  1319.4  p99   = 17659.2  max= 22203.4

Avg algo bandwidth: 0.53 GB/s
========================================

