a100-llm-05:3998264:3998412 [5] NCCL INFO GPU Direct RDMA Enabled for GPU/0-1036384 (rank 5) - NET/0-11 (distance 5 <= 6, read 0, mode Default)
a100-llm-05:3998264:3998395 [5] NCCL INFO New proxy recv connection 1 from local rank 0, transport 2
a100-llm-05:3998264:3998412 [5] NCCL INFO Connected to proxy localRank 0 -> connection 0x7f8274000d88
a100-llm-05:3998264:3998411 [6] NCCL INFO Channel 00/0 : 5[5] -> 6[6] [receive] via NET/IB/12/GDRDMA
a100-llm-05:3998264:3998411 [6] NCCL INFO GPU Direct RDMA Enabled for GPU/0-1044560 (rank 6) - NET/0-12 (distance 5 <= 6, read 0, mode Default)
a100-llm-05:3998264:3998397 [6] NCCL INFO New proxy recv connection 1 from local rank 0, transport 2
a100-llm-05:3998264:3998411 [6] NCCL INFO Connected to proxy localRank 0 -> connection 0x7f8284c59458
a100-llm-05:3998264:3998411 [6] NCCL INFO Channel 01/0 : 5[5] -> 6[6] [receive] via NET/IB/12/GDRDMA
a100-llm-05:3998264:3998411 [6] NCCL INFO GPU Direct RDMA Enabled for GPU/0-1044560 (rank 6) - NET/0-12 (distance 5 <= 6, read 1, mode Default)
a100-llm-05:3998264:3998397 [6] NCCL INFO New proxy send connection 2 from local rank 0, transport 2
a100-llm-05:3998264:3998411 [6] NCCL INFO Connected to proxy localRank 0 -> connection 0x7f8284c594d0
a100-llm-05:3998264:3998393 [7] NCCL INFO New proxy recv connection 0 from local rank 0, transport 2
a100-llm-05:3998264:3998411 [6] NCCL INFO Channel 00/0 : 6[6] -> 7[7] [send] via NET/IB/12/GDRDMA
a100-llm-05:3998264:3998411 [6] NCCL INFO GPU Direct RDMA Enabled for GPU/0-1044560 (rank 6) - NET/0-12 (distance 5 <= 6, read 1, mode Default)
a100-llm-05:3998264:3998397 [6] NCCL INFO New proxy send connection 3 from local rank 0, transport 2
a100-llm-05:3998264:3998411 [6] NCCL INFO Connected to proxy localRank 0 -> connection 0x7f8284c59548
a100-llm-05:3998264:3998411 [6] NCCL INFO Channel 01/0 : 6[6] -> 7[7] [send] via NET/IB/12/GDRDMA
a100-llm-05:3998264:3998412 [5] NCCL INFO Channel 01/0 : 4[4] -> 5[5] [receive] via NET/IB/11/GDRDMA
a100-llm-05:3998264:3998412 [5] NCCL INFO GPU Direct RDMA Enabled for GPU/0-1036384 (rank 5) - NET/0-11 (distance 5 <= 6, read 1, mode Default)
a100-llm-05:3998264:3998395 [5] NCCL INFO New proxy send connection 2 from local rank 0, transport 2
a100-llm-05:3998264:3998412 [5] NCCL INFO Connected to proxy localRank 0 -> connection 0x7f8274000e00
a100-llm-05:3998264:3998404 [3] NCCL INFO New proxy recv connection 0 from local rank 0, transport 2
a100-llm-05:3998264:3998414 [3] NCCL INFO Connected to proxy localRank 0 -> connection 0x7f8258000d10
a100-llm-05:3998264:3998399 [1] NCCL INFO New proxy recv connection 0 from local rank 0, transport 2
a100-llm-05:3998264:3998414 [3] NCCL INFO Channel 00/0 : 2[2] -> 3[3] [receive] via NET/IB/10/GDRDMA
a100-llm-05:3998264:3998414 [3] NCCL INFO GPU Direct RDMA Enabled for GPU/0-1028192 (rank 3) - NET/0-10 (distance 5 <= 6, read 0, mode Default)
a100-llm-05:3998264:3998412 [5] NCCL INFO Channel 00/0 : 5[5] -> 6[6] [send] via NET/IB/11/GDRDMA
a100-llm-05:3998264:3998412 [5] NCCL INFO GPU Direct RDMA Enabled for GPU/0-1036384 (rank 5) - NET/0-11 (distance 5 <= 6, read 1, mode Default)
a100-llm-05:3998264:3998404 [3] NCCL INFO New proxy recv connection 1 from local rank 0, transport 2
a100-llm-05:3998264:3998414 [3] NCCL INFO Connected to proxy localRank 0 -> connection 0x7f8258000d88
a100-llm-05:3998264:3998414 [3] NCCL INFO Channel 01/0 : 2[2] -> 3[3] [receive] via NET/IB/10/GDRDMA
a100-llm-05:3998264:3998414 [3] NCCL INFO GPU Direct RDMA Enabled for GPU/0-1028192 (rank 3) - NET/0-10 (distance 5 <= 6, read 1, mode Default)
a100-llm-05:3998264:3998404 [3] NCCL INFO New proxy send connection 2 from local rank 0, transport 2
a100-llm-05:3998264:3998414 [3] NCCL INFO Connected to proxy localRank 0 -> connection 0x7f8258000e00
a100-llm-05:3998264:3998410 [7] NCCL INFO Connected to proxy localRank 0 -> connection 0x7f8278000d10
a100-llm-05:3998264:3998414 [3] NCCL INFO Channel 00/0 : 3[3] -> 4[4] [send] via NET/IB/10/GDRDMA
a100-llm-05:3998264:3998414 [3] NCCL INFO GPU Direct RDMA Enabled for GPU/0-1028192 (rank 3) - NET/0-10 (distance 5 <= 6, read 1, mode Default)
a100-llm-05:3998264:3998404 [3] NCCL INFO New proxy send connection 3 from local rank 0, transport 2
a100-llm-05:3998264:3998414 [3] NCCL INFO Connected to proxy localRank 0 -> connection 0x7f8258000e78
a100-llm-05:3998264:3998410 [7] NCCL INFO Channel 00/0 : 6[6] -> 7[7] [receive] via NET/IB/12/GDRDMA
a100-llm-05:3998264:3998410 [7] NCCL INFO GPU Direct RDMA Enabled for GPU/0-1044576 (rank 7) - NET/0-12 (distance 5 <= 6, read 0, mode Default)
a100-llm-05:3998264:3998393 [7] NCCL INFO New proxy recv connection 1 from local rank 0, transport 2
a100-llm-05:3998264:3998410 [7] NCCL INFO Connected to proxy localRank 0 -> connection 0x7f8278000d88
a100-llm-05:3998264:3998410 [7] NCCL INFO Channel 01/0 : 6[6] -> 7[7] [receive] via NET/IB/12/GDRDMA
a100-llm-05:3998264:3998410 [7] NCCL INFO GPU Direct RDMA Enabled for GPU/0-1044576 (rank 7) - NET/0-12 (distance 5 <= 6, read 1, mode Default)
a100-llm-05:3998264:3998393 [7] NCCL INFO New proxy send connection 2 from local rank 0, transport 2
a100-llm-05:3998264:3998410 [7] NCCL INFO Connected to proxy localRank 0 -> connection 0x7f8278000e00
a100-llm-05:3998264:3998410 [7] NCCL INFO Channel 00/0 : 7[7] -> 0[0] [send] via NET/IB/12/GDRDMA
a100-llm-05:3998264:3998410 [7] NCCL INFO GPU Direct RDMA Enabled for GPU/0-1044576 (rank 7) - NET/0-12 (distance 5 <= 6, read 1, mode Default)
a100-llm-05:3998264:3998393 [7] NCCL INFO New proxy send connection 3 from local rank 0, transport 2
a100-llm-05:3998264:3998410 [7] NCCL INFO Connected to proxy localRank 0 -> connection 0x7f8278000e78
a100-llm-05:3998264:3998410 [7] NCCL INFO Channel 01/0 : 7[7] -> 0[0] [send] via NET/IB/12/GDRDMA
a100-llm-05:3998264:3998407 [2] NCCL INFO New proxy recv connection 0 from local rank 0, transport 2
a100-llm-05:3998264:3998416 [1] NCCL INFO Connected to proxy localRank 0 -> connection 0x7f8268000d10
a100-llm-05:3998264:3998416 [1] NCCL INFO Channel 00/0 : 0[0] -> 1[1] [receive] via NET/IB/9/GDRDMA
a100-llm-05:3998264:3998416 [1] NCCL INFO GPU Direct RDMA Enabled for GPU/0-1020000 (rank 1) - NET/0-9 (distance 5 <= 6, read 0, mode Default)
a100-llm-05:3998264:3998399 [1] NCCL INFO New proxy recv connection 1 from local rank 0, transport 2
a100-llm-05:3998264:3998416 [1] NCCL INFO Connected to proxy localRank 0 -> connection 0x7f8268000d88
a100-llm-05:3998264:3998416 [1] NCCL INFO Channel 01/0 : 0[0] -> 1[1] [receive] via NET/IB/9/GDRDMA
a100-llm-05:3998264:3998416 [1] NCCL INFO GPU Direct RDMA Enabled for GPU/0-1020000 (rank 1) - NET/0-9 (distance 5 <= 6, read 1, mode Default)
a100-llm-05:3998264:3998399 [1] NCCL INFO New proxy send connection 2 from local rank 0, transport 2
a100-llm-05:3998264:3998416 [1] NCCL INFO Connected to proxy localRank 0 -> connection 0x7f8268000e00
a100-llm-05:3998264:3998416 [1] NCCL INFO Channel 00/0 : 1[1] -> 2[2] [send] via NET/IB/9/GDRDMA
a100-llm-05:3998264:3998416 [1] NCCL INFO GPU Direct RDMA Enabled for GPU/0-1020000 (rank 1) - NET/0-9 (distance 5 <= 6, read 1, mode Default)
a100-llm-05:3998264:3998399 [1] NCCL INFO New proxy send connection 3 from local rank 0, transport 2
a100-llm-05:3998264:3998416 [1] NCCL INFO Connected to proxy localRank 0 -> connection 0x7f8268000e78
a100-llm-05:3998264:3998416 [1] NCCL INFO Channel 01/0 : 1[1] -> 2[2] [send] via NET/IB/9/GDRDMA
a100-llm-05:3998264:3998400 [0] NCCL INFO New proxy recv connection 0 from local rank 0, transport 2
a100-llm-05:3998264:3998395 [5] NCCL INFO New proxy send connection 3 from local rank 0, transport 2
a100-llm-05:3998264:3998417 [0] NCCL INFO Connected to proxy localRank 0 -> connection 0x7f8270000d10
a100-llm-05:3998264:3998412 [5] NCCL INFO Connected to proxy localRank 0 -> connection 0x7f8274000e78
a100-llm-05:3998264:3998415 [2] NCCL INFO Connected to proxy localRank 0 -> connection 0x561c19639350
a100-llm-05:3998264:3998417 [0] NCCL INFO Channel 00/0 : 7[7] -> 0[0] [receive] via NET/IB/9/GDRDMA
a100-llm-05:3998264:3998417 [0] NCCL INFO GPU Direct RDMA Enabled for GPU/0-1019984 (rank 0) - NET/0-9 (distance 5 <= 6, read 0, mode Default)
a100-llm-05:3998264:3998403 [4] NCCL INFO New proxy recv connection 0 from local rank 0, transport 2
a100-llm-05:3998264:3998414 [3] NCCL INFO Channel 01/0 : 3[3] -> 4[4] [send] via NET/IB/10/GDRDMA
a100-llm-05:3998264:3998413 [4] NCCL INFO Connected to proxy localRank 0 -> connection 0x7f8264000d10
a100-llm-05:3998264:3998415 [2] NCCL INFO Channel 00/0 : 1[1] -> 2[2] [receive] via NET/IB/10/GDRDMA
a100-llm-05:3998264:3998415 [2] NCCL INFO GPU Direct RDMA Enabled for GPU/0-1028176 (rank 2) - NET/0-10 (distance 5 <= 6, read 0, mode Default)
a100-llm-05:3998264:3998413 [4] NCCL INFO Channel 00/0 : 3[3] -> 4[4] [receive] via NET/IB/11/GDRDMA
a100-llm-05:3998264:3998413 [4] NCCL INFO GPU Direct RDMA Enabled for GPU/0-1036368 (rank 4) - NET/0-11 (distance 5 <= 6, read 0, mode Default)
a100-llm-05:3998264:3998412 [5] NCCL INFO Channel 01/0 : 5[5] -> 6[6] [send] via NET/IB/11/GDRDMA
a100-llm-05:3998264:3998400 [0] NCCL INFO New proxy recv connection 1 from local rank 0, transport 2
a100-llm-05:3998264:3998417 [0] NCCL INFO Connected to proxy localRank 0 -> connection 0x7f8270000d88
a100-llm-05:3998264:3998407 [2] NCCL INFO New proxy recv connection 1 from local rank 0, transport 2
a100-llm-05:3998264:3998403 [4] NCCL INFO New proxy recv connection 1 from local rank 0, transport 2
a100-llm-05:3998264:3998415 [2] NCCL INFO Connected to proxy localRank 0 -> connection 0x561c196393c8
a100-llm-05:3998264:3998413 [4] NCCL INFO Connected to proxy localRank 0 -> connection 0x7f8264000d88
a100-llm-05:3998264:3998417 [0] NCCL INFO Channel 01/0 : 7[7] -> 0[0] [receive] via NET/IB/9/GDRDMA
a100-llm-05:3998264:3998417 [0] NCCL INFO GPU Direct RDMA Enabled for GPU/0-1019984 (rank 0) - NET/0-9 (distance 5 <= 6, read 1, mode Default)
a100-llm-05:3998264:3998400 [0] NCCL INFO New proxy send connection 2 from local rank 0, transport 2
a100-llm-05:3998264:3998415 [2] NCCL INFO Channel 01/0 : 1[1] -> 2[2] [receive] via NET/IB/10/GDRDMA
a100-llm-05:3998264:3998415 [2] NCCL INFO GPU Direct RDMA Enabled for GPU/0-1028176 (rank 2) - NET/0-10 (distance 5 <= 6, read 1, mode Default)
a100-llm-05:3998264:3998407 [2] NCCL INFO New proxy send connection 2 from local rank 0, transport 2
a100-llm-05:3998264:3998415 [2] NCCL INFO Connected to proxy localRank 0 -> connection 0x561c19639440
a100-llm-05:3998264:3998415 [2] NCCL INFO Channel 00/0 : 2[2] -> 3[3] [send] via NET/IB/10/GDRDMA
a100-llm-05:3998264:3998415 [2] NCCL INFO GPU Direct RDMA Enabled for GPU/0-1028176 (rank 2) - NET/0-10 (distance 5 <= 6, read 1, mode Default)
a100-llm-05:3998264:3998407 [2] NCCL INFO New proxy send connection 3 from local rank 0, transport 2
a100-llm-05:3998264:3998415 [2] NCCL INFO Connected to proxy localRank 0 -> connection 0x561c196394b8
a100-llm-05:3998264:3998415 [2] NCCL INFO Channel 01/0 : 2[2] -> 3[3] [send] via NET/IB/10/GDRDMA
a100-llm-05:3998264:3998417 [0] NCCL INFO Connected to proxy localRank 0 -> connection 0x7f8270000e00
a100-llm-05:3998264:3998413 [4] NCCL INFO Channel 01/0 : 3[3] -> 4[4] [receive] via NET/IB/11/GDRDMA
a100-llm-05:3998264:3998413 [4] NCCL INFO GPU Direct RDMA Enabled for GPU/0-1036368 (rank 4) - NET/0-11 (distance 5 <= 6, read 1, mode Default)
a100-llm-05:3998264:3998417 [0] NCCL INFO Channel 00/0 : 0[0] -> 1[1] [send] via NET/IB/9/GDRDMA
a100-llm-05:3998264:3998417 [0] NCCL INFO GPU Direct RDMA Enabled for GPU/0-1019984 (rank 0) - NET/0-9 (distance 5 <= 6, read 1, mode Default)
a100-llm-05:3998264:3998400 [0] NCCL INFO New proxy send connection 3 from local rank 0, transport 2
a100-llm-05:3998264:3998403 [4] NCCL INFO New proxy send connection 2 from local rank 0, transport 2
a100-llm-05:3998264:3998413 [4] NCCL INFO Connected to proxy localRank 0 -> connection 0x7f8264000e00
a100-llm-05:3998264:3998417 [0] NCCL INFO Connected to proxy localRank 0 -> connection 0x7f8270000e78
a100-llm-05:3998264:3998413 [4] NCCL INFO Channel 00/0 : 4[4] -> 5[5] [send] via NET/IB/11/GDRDMA
a100-llm-05:3998264:3998413 [4] NCCL INFO GPU Direct RDMA Enabled for GPU/0-1036368 (rank 4) - NET/0-11 (distance 5 <= 6, read 1, mode Default)
a100-llm-05:3998264:3998403 [4] NCCL INFO New proxy send connection 3 from local rank 0, transport 2
a100-llm-05:3998264:3998413 [4] NCCL INFO Connected to proxy localRank 0 -> connection 0x7f8264000e78
a100-llm-05:3998264:3998417 [0] NCCL INFO Channel 01/0 : 0[0] -> 1[1] [send] via NET/IB/9/GDRDMA
a100-llm-05:3998264:3998413 [4] NCCL INFO Channel 01/0 : 4[4] -> 5[5] [send] via NET/IB/11/GDRDMA
a100-llm-05:3998264:3998397 [6] NCCL INFO NET/IB: NCCL Dev 12 IbDev 7 Port 1 qpn 1228 mtu 5 GID 3 (0/4E5A13C6FFFF0000) ctsFifoRkey=0x48f8f ctsFifoLkey=0x48f8f
a100-llm-05:3998264:3998397 [6] NCCL INFO NET/IB: IbDev 7 Port 1 qpn 1228 query_ece={supported=1, vendor_id=0x15b3, options=0x30000000, comp_mask=0x0}
a100-llm-05:3998264:3998397 [6] NCCL INFO NET/IB: NCCL Dev 12 IbDev 8 Port 1 qpn 972 mtu 5 GID 3 (0/57B013C6FFFF0000) ctsFifoRkey=0xcd8e ctsFifoLkey=0xcd8e
a100-llm-05:3998264:3998397 [6] NCCL INFO NET/IB: IbDev 8 Port 1 qpn 972 query_ece={supported=1, vendor_id=0x15b3, options=0x30000000, comp_mask=0x0}
a100-llm-05:3998264:3998397 [6] NCCL INFO NET/IB: NCCL Dev 12 IbDev 7 Port 1 qpn 1229 mtu 5 GID 3 (0/4E5A13C6FFFF0000) ctsFifoRkey=0x48180 ctsFifoLkey=0x48180
a100-llm-05:3998264:3998397 [6] NCCL INFO NET/IB: IbDev 7 Port 1 qpn 1229 query_ece={supported=1, vendor_id=0x15b3, options=0x30000000, comp_mask=0x0}
a100-llm-05:3998264:3998397 [6] NCCL INFO NET/IB: NCCL Dev 12 IbDev 8 Port 1 qpn 973 mtu 5 GID 3 (0/57B013C6FFFF0000) ctsFifoRkey=0xb278 ctsFifoLkey=0xb278
a100-llm-05:3998264:3998397 [6] NCCL INFO NET/IB: IbDev 8 Port 1 qpn 973 query_ece={supported=1, vendor_id=0x15b3, options=0x30000000, comp_mask=0x0}
a100-llm-05:3998264:3998399 [1] NCCL INFO NET/IB: NCCL Dev 9 IbDev 1 Port 1 qpn 1228 mtu 5 GID 3 (0/F34413C6FFFF0000) ctsFifoRkey=0x56d6d ctsFifoLkey=0x56d6d
a100-llm-05:3998264:3998399 [1] NCCL INFO NET/IB: IbDev 1 Port 1 qpn 1228 query_ece={supported=1, vendor_id=0x15b3, options=0x30000000, comp_mask=0x0}
a100-llm-05:3998264:3998399 [1] NCCL INFO NET/IB: NCCL Dev 9 IbDev 2 Port 1 qpn 972 mtu 5 GID 3 (0/173F13C6FFFF0000) ctsFifoRkey=0x19656 ctsFifoLkey=0x19656
a100-llm-05:3998264:3998399 [1] NCCL INFO NET/IB: IbDev 2 Port 1 qpn 972 query_ece={supported=1, vendor_id=0x15b3, options=0x30000000, comp_mask=0x0}
a100-llm-05:3998264:3998400 [0] NCCL INFO NET/IB: NCCL Dev 9 IbDev 1 Port 1 qpn 1229 mtu 5 GID 3 (0/F34413C6FFFF0000) ctsFifoRkey=0x5cccc ctsFifoLkey=0x5cccc
a100-llm-05:3998264:3998400 [0] NCCL INFO NET/IB: IbDev 1 Port 1 qpn 1229 query_ece={supported=1, vendor_id=0x15b3, options=0x30000000, comp_mask=0x0}
a100-llm-05:3998264:3998400 [0] NCCL INFO NET/IB: NCCL Dev 9 IbDev 2 Port 1 qpn 973 mtu 5 GID 3 (0/173F13C6FFFF0000) ctsFifoRkey=0x1fcbb ctsFifoLkey=0x1fcbb
a100-llm-05:3998264:3998400 [0] NCCL INFO NET/IB: IbDev 2 Port 1 qpn 973 query_ece={supported=1, vendor_id=0x15b3, options=0x30000000, comp_mask=0x0}
a100-llm-05:3998264:3998397 [6] NCCL INFO NET/IB: IbDev 7 Port 1 qpn 1228 set_ece={supported=1, vendor_id=0x15b3, options=0x30000000, comp_mask=0x0}
a100-llm-05:3998264:3998397 [6] NCCL INFO NET/IB: IbDev 8 Port 1 qpn 972 set_ece={supported=1, vendor_id=0x15b3, options=0x30000000, comp_mask=0x0}
a100-llm-05:3998264:3998400 [0] NCCL INFO NET/IB: NCCL Dev 9 IbDev 1 Port 1 qpn 1230 mtu 5 GID 3 (0/F34413C6FFFF0000) ctsFifoRkey=0x5b0b0 ctsFifoLkey=0x5b0b0
a100-llm-05:3998264:3998400 [0] NCCL INFO NET/IB: IbDev 1 Port 1 qpn 1230 query_ece={supported=1, vendor_id=0x15b3, options=0x30000000, comp_mask=0x0}
a100-llm-05:3998264:3998395 [5] NCCL INFO NET/IB: NCCL Dev 11 IbDev 5 Port 1 qpn 1228 mtu 5 GID 3 (0/520113C6FFFF0000) ctsFifoRkey=0x59898 ctsFifoLkey=0x59898
a100-llm-05:3998264:3998395 [5] NCCL INFO NET/IB: IbDev 5 Port 1 qpn 1228 query_ece={supported=1, vendor_id=0x15b3, options=0x30000000, comp_mask=0x0}
a100-llm-05:3998264:3998400 [0] NCCL INFO NET/IB: NCCL Dev 9 IbDev 2 Port 1 qpn 974 mtu 5 GID 3 (0/173F13C6FFFF0000) ctsFifoRkey=0x1df9d ctsFifoLkey=0x1df9d
a100-llm-05:3998264:3998400 [0] NCCL INFO NET/IB: IbDev 2 Port 1 qpn 974 query_ece={supported=1, vendor_id=0x15b3, options=0x30000000, comp_mask=0x0}
a100-llm-05:3998264:3998395 [5] NCCL INFO NET/IB: NCCL Dev 11 IbDev 6 Port 1 qpn 972 mtu 5 GID 3 (0/B90713C6FFFF0000) ctsFifoRkey=0x1b06f ctsFifoLkey=0x1b06f
a100-llm-05:3998264:3998395 [5] NCCL INFO NET/IB: IbDev 6 Port 1 qpn 972 query_ece={supported=1, vendor_id=0x15b3, options=0x30000000, comp_mask=0x0}
a100-llm-05:3998264:3998404 [3] NCCL INFO NET/IB: NCCL Dev 10 IbDev 3 Port 1 qpn 1229 mtu 5 GID 3 (0/220D13C6FFFF0000) ctsFifoRkey=0x56967 ctsFifoLkey=0x56967
a100-llm-05:3998264:3998404 [3] NCCL INFO NET/IB: IbDev 3 Port 1 qpn 1229 query_ece={supported=1, vendor_id=0x15b3, options=0x30000000, comp_mask=0x0}
a100-llm-05:3998264:3998404 [3] NCCL INFO NET/IB: NCCL Dev 10 IbDev 4 Port 1 qpn 973 mtu 5 GID 3 (0/422613C6FFFF0000) ctsFifoRkey=0x203c2 ctsFifoLkey=0x203c2
a100-llm-05:3998264:3998404 [3] NCCL INFO NET/IB: IbDev 4 Port 1 qpn 973 query_ece={supported=1, vendor_id=0x15b3, options=0x30000000, comp_mask=0x0}
a100-llm-05:3998264:3998404 [3] NCCL INFO NET/IB: NCCL Dev 10 IbDev 3 Port 1 qpn 1231 mtu 5 GID 3 (0/220D13C6FFFF0000) ctsFifoRkey=0x5b2b3 ctsFifoLkey=0x5b2b3
a100-llm-05:3998264:3998404 [3] NCCL INFO NET/IB: IbDev 3 Port 1 qpn 1231 query_ece={supported=1, vendor_id=0x15b3, options=0x30000000, comp_mask=0x0}
a100-llm-05:3998264:3998404 [3] NCCL INFO NET/IB: NCCL Dev 10 IbDev 4 Port 1 qpn 975 mtu 5 GID 3 (0/422613C6FFFF0000) ctsFifoRkey=0x1b778 ctsFifoLkey=0x1b778
a100-llm-05:3998264:3998404 [3] NCCL INFO NET/IB: IbDev 4 Port 1 qpn 975 query_ece={supported=1, vendor_id=0x15b3, options=0x30000000, comp_mask=0x0}
a100-llm-05:3998264:3998403 [4] NCCL INFO NET/IB: NCCL Dev 11 IbDev 5 Port 1 qpn 1229 mtu 5 GID 3 (0/520113C6FFFF0000) ctsFifoRkey=0x57473 ctsFifoLkey=0x57473
a100-llm-05:3998264:3998403 [4] NCCL INFO NET/IB: IbDev 5 Port 1 qpn 1229 query_ece={supported=1, vendor_id=0x15b3, options=0x30000000, comp_mask=0x0}
a100-llm-05:3998264:3998407 [2] NCCL INFO NET/IB: NCCL Dev 10 IbDev 3 Port 1 qpn 1232 mtu 5 GID 3 (0/220D13C6FFFF0000) ctsFifoRkey=0x59695 ctsFifoLkey=0x59695
a100-llm-05:3998264:3998407 [2] NCCL INFO NET/IB: IbDev 3 Port 1 qpn 1232 query_ece={supported=1, vendor_id=0x15b3, options=0x30000000, comp_mask=0x0}
a100-llm-05:3998264:3998407 [2] NCCL INFO NET/IB: NCCL Dev 10 IbDev 4 Port 1 qpn 976 mtu 5 GID 3 (0/422613C6FFFF0000) ctsFifoRkey=0x1e6a4 ctsFifoLkey=0x1e6a4
a100-llm-05:3998264:3998407 [2] NCCL INFO NET/IB: IbDev 4 Port 1 qpn 976 query_ece={supported=1, vendor_id=0x15b3, options=0x30000000, comp_mask=0x0}
a100-llm-05:3998264:3998403 [4] NCCL INFO NET/IB: NCCL Dev 11 IbDev 6 Port 1 qpn 973 mtu 5 GID 3 (0/B90713C6FFFF0000) ctsFifoRkey=0x1a463 ctsFifoLkey=0x1a463
a100-llm-05:3998264:3998403 [4] NCCL INFO NET/IB: IbDev 6 Port 1 qpn 973 query_ece={supported=1, vendor_id=0x15b3, options=0x30000000, comp_mask=0x0}
a100-llm-05:3998264:3998407 [2] NCCL INFO NET/IB: NCCL Dev 10 IbDev 3 Port 1 qpn 1233 mtu 5 GID 3 (0/220D13C6FFFF0000) ctsFifoRkey=0x57979 ctsFifoLkey=0x57979
a100-llm-05:3998264:3998407 [2] NCCL INFO NET/IB: IbDev 3 Port 1 qpn 1233 query_ece={supported=1, vendor_id=0x15b3, options=0x30000000, comp_mask=0x0}
a100-llm-05:3998264:3998393 [7] NCCL INFO NET/IB: NCCL Dev 12 IbDev 7 Port 1 qpn 1234 mtu 5 GID 3 (0/4E5A13C6FFFF0000) ctsFifoRkey=0x5a6a1 ctsFifoLkey=0x5a6a1
a100-llm-05:3998264:3998393 [7] NCCL INFO NET/IB: IbDev 7 Port 1 qpn 1234 query_ece={supported=1, vendor_id=0x15b3, options=0x30000000, comp_mask=0x0}
a100-llm-05:3998264:3998407 [2] NCCL INFO NET/IB: NCCL Dev 10 IbDev 4 Port 1 qpn 977 mtu 5 GID 3 (0/422613C6FFFF0000) ctsFifoRkey=0x1c685 ctsFifoLkey=0x1c685
a100-llm-05:3998264:3998407 [2] NCCL INFO NET/IB: IbDev 4 Port 1 qpn 977 query_ece={supported=1, vendor_id=0x15b3, options=0x30000000, comp_mask=0x0}
a100-llm-05:3998264:3998393 [7] NCCL INFO NET/IB: NCCL Dev 12 IbDev 8 Port 1 qpn 978 mtu 5 GID 3 (0/57B013C6FFFF0000) ctsFifoRkey=0x1de9d ctsFifoLkey=0x1de9d
a100-llm-05:3998264:3998393 [7] NCCL INFO NET/IB: IbDev 8 Port 1 qpn 978 query_ece={supported=1, vendor_id=0x15b3, options=0x30000000, comp_mask=0x0}
a100-llm-05:3998264:3998399 [1] NCCL INFO NET/IB: NCCL Dev 9 IbDev 1 Port 1 qpn 1233 mtu 5 GID 3 (0/F34413C6FFFF0000) ctsFifoRkey=0x57b7b ctsFifoLkey=0x57b7b
a100-llm-05:3998264:3998399 [1] NCCL INFO NET/IB: IbDev 1 Port 1 qpn 1233 query_ece={supported=1, vendor_id=0x15b3, options=0x30000000, comp_mask=0x0}
a100-llm-05:3998264:3998399 [1] NCCL INFO NET/IB: NCCL Dev 9 IbDev 2 Port 1 qpn 977 mtu 5 GID 3 (0/173F13C6FFFF0000) ctsFifoRkey=0x1a664 ctsFifoLkey=0x1a664
a100-llm-05:3998264:3998399 [1] NCCL INFO NET/IB: IbDev 2 Port 1 qpn 977 query_ece={supported=1, vendor_id=0x15b3, options=0x30000000, comp_mask=0x0}
a100-llm-05:3998264:3998400 [0] NCCL INFO NET/IB: IbDev 1 Port 1 qpn 1229 set_ece={supported=1, vendor_id=0x15b3, options=0x30000000, comp_mask=0x0}
a100-llm-05:3998264:3998400 [0] NCCL INFO NET/IB: IbDev 2 Port 1 qpn 973 set_ece={supported=1, vendor_id=0x15b3, options=0x30000000, comp_mask=0x0}
a100-llm-05:3998264:3998403 [4] NCCL INFO NET/IB: NCCL Dev 11 IbDev 5 Port 1 qpn 1233 mtu 5 GID 3 (0/520113C6FFFF0000) ctsFifoRkey=0x53a37 ctsFifoLkey=0x53a37
a100-llm-05:3998264:3998403 [4] NCCL INFO NET/IB: IbDev 5 Port 1 qpn 1233 query_ece={supported=1, vendor_id=0x15b3, options=0x30000000, comp_mask=0x0}
a100-llm-05:3998264:3998403 [4] NCCL INFO NET/IB: NCCL Dev 11 IbDev 6 Port 1 qpn 977 mtu 5 GID 3 (0/B90713C6FFFF0000) ctsFifoRkey=0x16c2c ctsFifoLkey=0x16c2c
a100-llm-05:3998264:3998403 [4] NCCL INFO NET/IB: IbDev 6 Port 1 qpn 977 query_ece={supported=1, vendor_id=0x15b3, options=0x30000000, comp_mask=0x0}
a100-llm-05:3998264:3998407 [2] NCCL INFO NET/IB: IbDev 3 Port 1 qpn 1232 set_ece={supported=1, vendor_id=0x15b3, options=0x30000000, comp_mask=0x0}
a100-llm-05:3998264:3998407 [2] NCCL INFO NET/IB: IbDev 4 Port 1 qpn 976 set_ece={supported=1, vendor_id=0x15b3, options=0x30000000, comp_mask=0x0}
a100-llm-05:3998264:3998399 [1] NCCL INFO NET/IB: IbDev 1 Port 1 qpn 1228 set_ece={supported=1, vendor_id=0x15b3, options=0x30000000, comp_mask=0x0}
a100-llm-05:3998264:3998399 [1] NCCL INFO NET/IB: IbDev 2 Port 1 qpn 972 set_ece={supported=1, vendor_id=0x15b3, options=0x30000000, comp_mask=0x0}
a100-llm-05:3998264:3998404 [3] NCCL INFO NET/IB: IbDev 3 Port 1 qpn 1229 set_ece={supported=1, vendor_id=0x15b3, options=0x30000000, comp_mask=0x0}
a100-llm-05:3998264:3998404 [3] NCCL INFO NET/IB: IbDev 4 Port 1 qpn 973 set_ece={supported=1, vendor_id=0x15b3, options=0x30000000, comp_mask=0x0}
a100-llm-05:3998264:3998403 [4] NCCL INFO NET/IB: IbDev 5 Port 1 qpn 1229 set_ece={supported=1, vendor_id=0x15b3, options=0x30000000, comp_mask=0x0}
a100-llm-05:3998264:3998403 [4] NCCL INFO NET/IB: IbDev 6 Port 1 qpn 973 set_ece={supported=1, vendor_id=0x15b3, options=0x30000000, comp_mask=0x0}
a100-llm-05:3998264:3998393 [7] NCCL INFO NET/IB: NCCL Dev 12 IbDev 7 Port 1 qpn 1236 mtu 5 GID 3 (0/4E5A13C6FFFF0000) ctsFifoRkey=0x58383 ctsFifoLkey=0x58383
a100-llm-05:3998264:3998393 [7] NCCL INFO NET/IB: IbDev 7 Port 1 qpn 1236 query_ece={supported=1, vendor_id=0x15b3, options=0x30000000, comp_mask=0x0}
a100-llm-05:3998264:3998397 [6] NCCL INFO NET/IB: IbDev 7 Port 1 qpn 1229 set_ece={supported=1, vendor_id=0x15b3, options=0x30000000, comp_mask=0x0}
a100-llm-05:3998264:3998393 [7] NCCL INFO NET/IB: NCCL Dev 12 IbDev 8 Port 1 qpn 980 mtu 5 GID 3 (0/57B013C6FFFF0000) ctsFifoRkey=0x1c180 ctsFifoLkey=0x1c180
a100-llm-05:3998264:3998393 [7] NCCL INFO NET/IB: IbDev 8 Port 1 qpn 980 query_ece={supported=1, vendor_id=0x15b3, options=0x30000000, comp_mask=0x0}
a100-llm-05:3998264:3998397 [6] NCCL INFO NET/IB: IbDev 8 Port 1 qpn 973 set_ece={supported=1, vendor_id=0x15b3, options=0x30000000, comp_mask=0x0}
a100-llm-05:3998264:3998407 [2] NCCL INFO NET/IB: IbDev 3 Port 1 qpn 1233 set_ece={supported=1, vendor_id=0x15b3, options=0x30000000, comp_mask=0x0}
a100-llm-05:3998264:3998407 [2] NCCL INFO NET/IB: IbDev 4 Port 1 qpn 977 set_ece={supported=1, vendor_id=0x15b3, options=0x30000000, comp_mask=0x0}
a100-llm-05:3998264:3998395 [5] NCCL INFO NET/IB: IbDev 5 Port 1 qpn 1228 set_ece={supported=1, vendor_id=0x15b3, options=0x30000000, comp_mask=0x0}
a100-llm-05:3998264:3998399 [1] NCCL INFO NET/IB: IbDev 1 Port 1 qpn 1233 set_ece={supported=1, vendor_id=0x15b3, options=0x30000000, comp_mask=0x0}
a100-llm-05:3998264:3998395 [5] NCCL INFO NET/IB: IbDev 6 Port 1 qpn 972 set_ece={supported=1, vendor_id=0x15b3, options=0x30000000, comp_mask=0x0}
a100-llm-05:3998264:3998403 [4] NCCL INFO NET/IB: IbDev 5 Port 1 qpn 1233 set_ece={supported=1, vendor_id=0x15b3, options=0x30000000, comp_mask=0x0}
a100-llm-05:3998264:3998399 [1] NCCL INFO NET/IB: IbDev 2 Port 1 qpn 977 set_ece={supported=1, vendor_id=0x15b3, options=0x30000000, comp_mask=0x0}
a100-llm-05:3998264:3998403 [4] NCCL INFO NET/IB: IbDev 6 Port 1 qpn 977 set_ece={supported=1, vendor_id=0x15b3, options=0x30000000, comp_mask=0x0}
a100-llm-05:3998264:3998404 [3] NCCL INFO NET/IB: IbDev 3 Port 1 qpn 1231 set_ece={supported=1, vendor_id=0x15b3, options=0x30000000, comp_mask=0x0}
a100-llm-05:3998264:3998404 [3] NCCL INFO NET/IB: IbDev 4 Port 1 qpn 975 set_ece={supported=1, vendor_id=0x15b3, options=0x30000000, comp_mask=0x0}
a100-llm-05:3998264:3998400 [0] NCCL INFO NET/IB: IbDev 1 Port 1 qpn 1230 set_ece={supported=1, vendor_id=0x15b3, options=0x30000000, comp_mask=0x0}
a100-llm-05:3998264:3998400 [0] NCCL INFO NET/IB: IbDev 2 Port 1 qpn 974 set_ece={supported=1, vendor_id=0x15b3, options=0x30000000, comp_mask=0x0}
a100-llm-05:3998264:3998393 [7] NCCL INFO NET/IB: IbDev 7 Port 1 qpn 1234 set_ece={supported=1, vendor_id=0x15b3, options=0x30000000, comp_mask=0x0}
a100-llm-05:3998264:3998393 [7] NCCL INFO NET/IB: IbDev 8 Port 1 qpn 978 set_ece={supported=1, vendor_id=0x15b3, options=0x30000000, comp_mask=0x0}
a100-llm-05:3998264:3998395 [5] NCCL INFO NET/IB: NCCL Dev 11 IbDev 5 Port 1 qpn 1239 mtu 5 GID 3 (0/520113C6FFFF0000) ctsFifoRkey=0x50f0e ctsFifoLkey=0x50f0e
a100-llm-05:3998264:3998395 [5] NCCL INFO NET/IB: IbDev 5 Port 1 qpn 1239 query_ece={supported=1, vendor_id=0x15b3, options=0x30000000, comp_mask=0x0}
a100-llm-05:3998264:3998395 [5] NCCL INFO NET/IB: NCCL Dev 11 IbDev 6 Port 1 qpn 983 mtu 5 GID 3 (0/B90713C6FFFF0000) ctsFifoRkey=0x14202 ctsFifoLkey=0x14202
a100-llm-05:3998264:3998395 [5] NCCL INFO NET/IB: IbDev 6 Port 1 qpn 983 query_ece={supported=1, vendor_id=0x15b3, options=0x30000000, comp_mask=0x0}
a100-llm-05:3998264:3998393 [7] NCCL INFO NET/IB: IbDev 7 Port 1 qpn 1236 set_ece={supported=1, vendor_id=0x15b3, options=0x30000000, comp_mask=0x0}
a100-llm-05:3998264:3998393 [7] NCCL INFO NET/IB: IbDev 8 Port 1 qpn 980 set_ece={supported=1, vendor_id=0x15b3, options=0x30000000, comp_mask=0x0}
a100-llm-05:3998264:3998395 [5] NCCL INFO NET/IB: IbDev 5 Port 1 qpn 1239 set_ece={supported=1, vendor_id=0x15b3, options=0x30000000, comp_mask=0x0}
a100-llm-05:3998264:3998395 [5] NCCL INFO NET/IB: IbDev 6 Port 1 qpn 983 set_ece={supported=1, vendor_id=0x15b3, options=0x30000000, comp_mask=0x0}
[AIMD] FinalizeChunkRTT: cc=0x7f82640659a0 slot=0 inflight_before=1
[AIMD] FinalizeChunkRTT: cc=0x7f8260001000 slot=658 inflight_before=4
warmup done.
[AIMD] FinalizeChunkRTT: cc=0x7f82700659a0 slot=237 inflight_before=1
[AIMD] FinalizeChunkRTT: cc=0x7f82740c7180 slot=882 inflight_before=8
a100-llm-05:3998264:3998386 [0] NCCL INFO V2MIN: pressure=1.000 (fast=0.154 slow=0.002 dev=0.1521) state=SHRINK window=204 floor=204 high=3164 low=0 ncc=16
[AIMD] FinalizeChunkRTT: cc=0x7f8260001000 slot=96 inflight_before=8
[AIMD] FinalizeChunkRTT: cc=0x7f8260001000 slot=258 inflight_before=7
[AIMD] FinalizeChunkRTT: cc=0x7f82700659a0 slot=242 inflight_before=3
[AIMD] FinalizeChunkRTT: cc=0x7f82640659a0 slot=605 inflight_before=1
[AIMD] FinalizeChunkRTT: cc=0x7f826c001000 slot=971 inflight_before=1
a100-llm-05:3998264:3998386 [0] NCCL INFO V2MIN: pressure=1.000 (fast=0.063 slow=0.002 dev=0.0612) state=SHRINK window=204 floor=204 high=7886 low=0 ncc=16
[AIMD] FinalizeChunkRTT: cc=0x7f8258163250 slot=322 inflight_before=2
[AIMD] FinalizeChunkRTT: cc=0x7f82640659a0 slot=814 inflight_before=1
[AIMD] FinalizeChunkRTT: cc=0x7f8258163250 slot=157 inflight_before=1
[AIMD] FinalizeChunkRTT: cc=0x7f8258163250 slot=672 inflight_before=1
[AIMD] FinalizeChunkRTT: cc=0x7f8278065400 slot=235 inflight_before=1
a100-llm-05:3998264:3998386 [0] NCCL INFO V2MIN: pressure=1.000 (fast=0.101 slow=0.002 dev=0.0997) state=SHRINK window=204 floor=204 high=12605 low=0 ncc=16
[AIMD] FinalizeChunkRTT: cc=0x7f8278067bd0 slot=740 inflight_before=1
[AIMD] FinalizeChunkRTT: cc=0x7f82700659a0 slot=250 inflight_before=2
[AIMD] FinalizeChunkRTT: cc=0x7f826c001000 slot=634 inflight_before=3
[AIMD] FinalizeChunkRTT: cc=0x7f82640659a0 slot=50 inflight_before=1
[AIMD] FinalizeChunkRTT: cc=0x7f8258163250 slot=371 inflight_before=1
a100-llm-05:3998264:3998386 [0] NCCL INFO V2MIN: pressure=1.000 (fast=0.212 slow=0.002 dev=0.2108) state=SHRINK window=204 floor=204 high=17326 low=0 ncc=16
[AIMD] FinalizeChunkRTT: cc=0x7f8278067bd0 slot=876 inflight_before=1
[AIMD] FinalizeChunkRTT: cc=0x7f82640659a0 slot=384 inflight_before=1
[AIMD] FinalizeChunkRTT: cc=0x7f8260001000 slot=874 inflight_before=6
[AIMD] FinalizeChunkRTT: cc=0x7f826c001000 slot=321 inflight_before=5
[AIMD] FinalizeChunkRTT: cc=0x7f82700659a0 slot=668 inflight_before=4
a100-llm-05:3998264:3998386 [0] NCCL INFO V2MIN: pressure=1.000 (fast=0.042 slow=0.002 dev=0.0404) state=SHRINK window=204 floor=204 high=22051 low=0 ncc=16
[AIMD] FinalizeChunkRTT: cc=0x7f82700659a0 slot=29 inflight_before=1
[AIMD] FinalizeChunkRTT: cc=0x7f82700659a0 slot=494 inflight_before=1
[AIMD] FinalizeChunkRTT: cc=0x7f826c001000 slot=940 inflight_before=1
CSV written to: det_v3_sweep_run4/bench_latency_20260416_204525.csv

========================================
  Oracle Experiment Results
========================================
Config: nDev=8  count=1048576  data=4.19 MB  iters=1000
NCCL_AIMD_ENABLE=1  NCCL_CC_ORACLE_FACTOR=(unset)

Wall-clock latency (us):
  mean= 25929.6  stddev= 15855.7
  p50 = 24095.9  p99   = 64516.8  max= 75951.7

Collective max GPU latency (us):
  mean= 24302.5  stddev= 15212.7
  p50 = 22391.8  p99   = 63920.6  max= 75941.9

Rank skew (us):
  mean=  3531.6  stddev=  5101.9
  p50 =   389.6  p99   = 19191.3  max= 27063.3

Avg algo bandwidth: 0.28 GB/s
========================================

