a100-llm-05:4025099:4025246 [1] NCCL INFO GPU Direct RDMA Enabled for GPU/0-1020000 (rank 1) - NET/0-9 (distance 5 <= 6, read 0, mode Default)
a100-llm-05:4025099:4025226 [1] NCCL INFO New proxy recv connection 1 from local rank 0, transport 2
a100-llm-05:4025099:4025246 [1] NCCL INFO Connected to proxy localRank 0 -> connection 0x7fda88000d88
a100-llm-05:4025099:4025246 [1] NCCL INFO Channel 01/0 : 0[0] -> 1[1] [receive] via NET/IB/9/GDRDMA
a100-llm-05:4025099:4025246 [1] NCCL INFO GPU Direct RDMA Enabled for GPU/0-1020000 (rank 1) - NET/0-9 (distance 5 <= 6, read 1, mode Default)
a100-llm-05:4025099:4025226 [1] NCCL INFO New proxy send connection 2 from local rank 0, transport 2
a100-llm-05:4025099:4025246 [1] NCCL INFO Connected to proxy localRank 0 -> connection 0x7fda88000e00
a100-llm-05:4025099:4025246 [1] NCCL INFO Channel 00/0 : 1[1] -> 2[2] [send] via NET/IB/9/GDRDMA
a100-llm-05:4025099:4025246 [1] NCCL INFO GPU Direct RDMA Enabled for GPU/0-1020000 (rank 1) - NET/0-9 (distance 5 <= 6, read 1, mode Default)
a100-llm-05:4025099:4025226 [1] NCCL INFO New proxy send connection 3 from local rank 0, transport 2
a100-llm-05:4025099:4025246 [1] NCCL INFO Connected to proxy localRank 0 -> connection 0x7fda88000e78
a100-llm-05:4025099:4025246 [1] NCCL INFO Channel 01/0 : 1[1] -> 2[2] [send] via NET/IB/9/GDRDMA
a100-llm-05:4025099:4025235 [5] NCCL INFO New proxy recv connection 0 from local rank 0, transport 2
a100-llm-05:4025099:4025229 [3] NCCL INFO New proxy recv connection 0 from local rank 0, transport 2
a100-llm-05:4025099:4025242 [5] NCCL INFO Connected to proxy localRank 0 -> connection 0x7fda7c009e10
a100-llm-05:4025099:4025234 [7] NCCL INFO New proxy recv connection 0 from local rank 0, transport 2
a100-llm-05:4025099:4025228 [2] NCCL INFO New proxy recv connection 0 from local rank 0, transport 2
a100-llm-05:4025099:4025240 [7] NCCL INFO Connected to proxy localRank 0 -> connection 0x7fda84000d10
a100-llm-05:4025099:4025244 [3] NCCL INFO Connected to proxy localRank 0 -> connection 0x7fda90000d10
a100-llm-05:4025099:4025244 [3] NCCL INFO Channel 00/0 : 2[2] -> 3[3] [receive] via NET/IB/10/GDRDMA
a100-llm-05:4025099:4025244 [3] NCCL INFO GPU Direct RDMA Enabled for GPU/0-1028192 (rank 3) - NET/0-10 (distance 5 <= 6, read 0, mode Default)
a100-llm-05:4025099:4025229 [3] NCCL INFO New proxy recv connection 1 from local rank 0, transport 2
a100-llm-05:4025099:4025244 [3] NCCL INFO Connected to proxy localRank 0 -> connection 0x7fda90000d88
a100-llm-05:4025099:4025244 [3] NCCL INFO Channel 01/0 : 2[2] -> 3[3] [receive] via NET/IB/10/GDRDMA
a100-llm-05:4025099:4025244 [3] NCCL INFO GPU Direct RDMA Enabled for GPU/0-1028192 (rank 3) - NET/0-10 (distance 5 <= 6, read 1, mode Default)
a100-llm-05:4025099:4025229 [3] NCCL INFO New proxy send connection 2 from local rank 0, transport 2
a100-llm-05:4025099:4025244 [3] NCCL INFO Connected to proxy localRank 0 -> connection 0x7fda90000e00
a100-llm-05:4025099:4025244 [3] NCCL INFO Channel 00/0 : 3[3] -> 4[4] [send] via NET/IB/10/GDRDMA
a100-llm-05:4025099:4025244 [3] NCCL INFO GPU Direct RDMA Enabled for GPU/0-1028192 (rank 3) - NET/0-10 (distance 5 <= 6, read 1, mode Default)
a100-llm-05:4025099:4025229 [3] NCCL INFO New proxy send connection 3 from local rank 0, transport 2
a100-llm-05:4025099:4025244 [3] NCCL INFO Connected to proxy localRank 0 -> connection 0x7fda90000e78
a100-llm-05:4025099:4025244 [3] NCCL INFO Channel 01/0 : 3[3] -> 4[4] [send] via NET/IB/10/GDRDMA
a100-llm-05:4025099:4025242 [5] NCCL INFO Channel 00/0 : 4[4] -> 5[5] [receive] via NET/IB/11/GDRDMA
a100-llm-05:4025099:4025242 [5] NCCL INFO GPU Direct RDMA Enabled for GPU/0-1036384 (rank 5) - NET/0-11 (distance 5 <= 6, read 0, mode Default)
a100-llm-05:4025099:4025235 [5] NCCL INFO New proxy recv connection 1 from local rank 0, transport 2
a100-llm-05:4025099:4025242 [5] NCCL INFO Connected to proxy localRank 0 -> connection 0x7fda7c009e88
a100-llm-05:4025099:4025242 [5] NCCL INFO Channel 01/0 : 4[4] -> 5[5] [receive] via NET/IB/11/GDRDMA
a100-llm-05:4025099:4025242 [5] NCCL INFO GPU Direct RDMA Enabled for GPU/0-1036384 (rank 5) - NET/0-11 (distance 5 <= 6, read 1, mode Default)
a100-llm-05:4025099:4025235 [5] NCCL INFO New proxy send connection 2 from local rank 0, transport 2
a100-llm-05:4025099:4025242 [5] NCCL INFO Connected to proxy localRank 0 -> connection 0x7fda7c009f00
a100-llm-05:4025099:4025242 [5] NCCL INFO Channel 00/0 : 5[5] -> 6[6] [send] via NET/IB/11/GDRDMA
a100-llm-05:4025099:4025242 [5] NCCL INFO GPU Direct RDMA Enabled for GPU/0-1036384 (rank 5) - NET/0-11 (distance 5 <= 6, read 1, mode Default)
a100-llm-05:4025099:4025235 [5] NCCL INFO New proxy send connection 3 from local rank 0, transport 2
a100-llm-05:4025099:4025242 [5] NCCL INFO Connected to proxy localRank 0 -> connection 0x7fda7c009f78
a100-llm-05:4025099:4025242 [5] NCCL INFO Channel 01/0 : 5[5] -> 6[6] [send] via NET/IB/11/GDRDMA
a100-llm-05:4025099:4025232 [4] NCCL INFO New proxy recv connection 0 from local rank 0, transport 2
a100-llm-05:4025099:4025224 [0] NCCL INFO New proxy recv connection 0 from local rank 0, transport 2
a100-llm-05:4025099:4025245 [2] NCCL INFO Connected to proxy localRank 0 -> connection 0x7fdbe7792f70
a100-llm-05:4025099:4025243 [4] NCCL INFO Connected to proxy localRank 0 -> connection 0x7fdaa4000d10
a100-llm-05:4025099:4025241 [6] NCCL INFO Channel 00/0 : 5[5] -> 6[6] [receive] via NET/IB/12/GDRDMA
a100-llm-05:4025099:4025241 [6] NCCL INFO GPU Direct RDMA Enabled for GPU/0-1044560 (rank 6) - NET/0-12 (distance 5 <= 6, read 0, mode Default)
a100-llm-05:4025099:4025240 [7] NCCL INFO Channel 00/0 : 6[6] -> 7[7] [receive] via NET/IB/12/GDRDMA
a100-llm-05:4025099:4025240 [7] NCCL INFO GPU Direct RDMA Enabled for GPU/0-1044576 (rank 7) - NET/0-12 (distance 5 <= 6, read 0, mode Default)
a100-llm-05:4025099:4025234 [7] NCCL INFO New proxy recv connection 1 from local rank 0, transport 2
a100-llm-05:4025099:4025245 [2] NCCL INFO Channel 00/0 : 1[1] -> 2[2] [receive] via NET/IB/10/GDRDMA
a100-llm-05:4025099:4025245 [2] NCCL INFO GPU Direct RDMA Enabled for GPU/0-1028176 (rank 2) - NET/0-10 (distance 5 <= 6, read 0, mode Default)
a100-llm-05:4025099:4025228 [2] NCCL INFO New proxy recv connection 1 from local rank 0, transport 2
a100-llm-05:4025099:4025240 [7] NCCL INFO Connected to proxy localRank 0 -> connection 0x7fda84000d88
a100-llm-05:4025099:4025245 [2] NCCL INFO Connected to proxy localRank 0 -> connection 0x7fdbe7792fe8
a100-llm-05:4025099:4025240 [7] NCCL INFO Channel 01/0 : 6[6] -> 7[7] [receive] via NET/IB/12/GDRDMA
a100-llm-05:4025099:4025240 [7] NCCL INFO GPU Direct RDMA Enabled for GPU/0-1044576 (rank 7) - NET/0-12 (distance 5 <= 6, read 1, mode Default)
a100-llm-05:4025099:4025234 [7] NCCL INFO New proxy send connection 2 from local rank 0, transport 2
a100-llm-05:4025099:4025245 [2] NCCL INFO Channel 01/0 : 1[1] -> 2[2] [receive] via NET/IB/10/GDRDMA
a100-llm-05:4025099:4025245 [2] NCCL INFO GPU Direct RDMA Enabled for GPU/0-1028176 (rank 2) - NET/0-10 (distance 5 <= 6, read 1, mode Default)
a100-llm-05:4025099:4025228 [2] NCCL INFO New proxy send connection 2 from local rank 0, transport 2
a100-llm-05:4025099:4025240 [7] NCCL INFO Connected to proxy localRank 0 -> connection 0x7fda84000e00
a100-llm-05:4025099:4025245 [2] NCCL INFO Connected to proxy localRank 0 -> connection 0x7fdbe7793060
a100-llm-05:4025099:4025240 [7] NCCL INFO Channel 00/0 : 7[7] -> 0[0] [send] via NET/IB/12/GDRDMA
a100-llm-05:4025099:4025240 [7] NCCL INFO GPU Direct RDMA Enabled for GPU/0-1044576 (rank 7) - NET/0-12 (distance 5 <= 6, read 1, mode Default)
a100-llm-05:4025099:4025245 [2] NCCL INFO Channel 00/0 : 2[2] -> 3[3] [send] via NET/IB/10/GDRDMA
a100-llm-05:4025099:4025245 [2] NCCL INFO GPU Direct RDMA Enabled for GPU/0-1028176 (rank 2) - NET/0-10 (distance 5 <= 6, read 1, mode Default)
a100-llm-05:4025099:4025236 [6] NCCL INFO New proxy recv connection 1 from local rank 0, transport 2
a100-llm-05:4025099:4025247 [0] NCCL INFO Connected to proxy localRank 0 -> connection 0x7fdaa8000d10
a100-llm-05:4025099:4025234 [7] NCCL INFO New proxy send connection 3 from local rank 0, transport 2
a100-llm-05:4025099:4025228 [2] NCCL INFO New proxy send connection 3 from local rank 0, transport 2
a100-llm-05:4025099:4025240 [7] NCCL INFO Connected to proxy localRank 0 -> connection 0x7fda84000e78
a100-llm-05:4025099:4025243 [4] NCCL INFO Channel 00/0 : 3[3] -> 4[4] [receive] via NET/IB/11/GDRDMA
a100-llm-05:4025099:4025243 [4] NCCL INFO GPU Direct RDMA Enabled for GPU/0-1036368 (rank 4) - NET/0-11 (distance 5 <= 6, read 0, mode Default)
a100-llm-05:4025099:4025245 [2] NCCL INFO Connected to proxy localRank 0 -> connection 0x7fdbe77930d8
a100-llm-05:4025099:4025240 [7] NCCL INFO Channel 01/0 : 7[7] -> 0[0] [send] via NET/IB/12/GDRDMA
a100-llm-05:4025099:4025245 [2] NCCL INFO Channel 01/0 : 2[2] -> 3[3] [send] via NET/IB/10/GDRDMA
a100-llm-05:4025099:4025232 [4] NCCL INFO New proxy recv connection 1 from local rank 0, transport 2
a100-llm-05:4025099:4025241 [6] NCCL INFO Connected to proxy localRank 0 -> connection 0x7fdaccc59458
a100-llm-05:4025099:4025243 [4] NCCL INFO Connected to proxy localRank 0 -> connection 0x7fdaa4000d88
a100-llm-05:4025099:4025243 [4] NCCL INFO Channel 01/0 : 3[3] -> 4[4] [receive] via NET/IB/11/GDRDMA
a100-llm-05:4025099:4025243 [4] NCCL INFO GPU Direct RDMA Enabled for GPU/0-1036368 (rank 4) - NET/0-11 (distance 5 <= 6, read 1, mode Default)
a100-llm-05:4025099:4025232 [4] NCCL INFO New proxy send connection 2 from local rank 0, transport 2
a100-llm-05:4025099:4025241 [6] NCCL INFO Channel 01/0 : 5[5] -> 6[6] [receive] via NET/IB/12/GDRDMA
a100-llm-05:4025099:4025241 [6] NCCL INFO GPU Direct RDMA Enabled for GPU/0-1044560 (rank 6) - NET/0-12 (distance 5 <= 6, read 1, mode Default)
a100-llm-05:4025099:4025243 [4] NCCL INFO Connected to proxy localRank 0 -> connection 0x7fdaa4000e00
a100-llm-05:4025099:4025236 [6] NCCL INFO New proxy send connection 2 from local rank 0, transport 2
a100-llm-05:4025099:4025247 [0] NCCL INFO Channel 00/0 : 7[7] -> 0[0] [receive] via NET/IB/9/GDRDMA
a100-llm-05:4025099:4025247 [0] NCCL INFO GPU Direct RDMA Enabled for GPU/0-1019984 (rank 0) - NET/0-9 (distance 5 <= 6, read 0, mode Default)
a100-llm-05:4025099:4025224 [0] NCCL INFO New proxy recv connection 1 from local rank 0, transport 2
a100-llm-05:4025099:4025247 [0] NCCL INFO Connected to proxy localRank 0 -> connection 0x7fdaa8000d88
a100-llm-05:4025099:4025241 [6] NCCL INFO Connected to proxy localRank 0 -> connection 0x7fdaccc594d0
a100-llm-05:4025099:4025241 [6] NCCL INFO Channel 00/0 : 6[6] -> 7[7] [send] via NET/IB/12/GDRDMA
a100-llm-05:4025099:4025241 [6] NCCL INFO GPU Direct RDMA Enabled for GPU/0-1044560 (rank 6) - NET/0-12 (distance 5 <= 6, read 1, mode Default)
a100-llm-05:4025099:4025243 [4] NCCL INFO Channel 00/0 : 4[4] -> 5[5] [send] via NET/IB/11/GDRDMA
a100-llm-05:4025099:4025243 [4] NCCL INFO GPU Direct RDMA Enabled for GPU/0-1036368 (rank 4) - NET/0-11 (distance 5 <= 6, read 1, mode Default)
a100-llm-05:4025099:4025236 [6] NCCL INFO New proxy send connection 3 from local rank 0, transport 2
a100-llm-05:4025099:4025232 [4] NCCL INFO New proxy send connection 3 from local rank 0, transport 2
a100-llm-05:4025099:4025243 [4] NCCL INFO Connected to proxy localRank 0 -> connection 0x7fdaa4000e78
a100-llm-05:4025099:4025247 [0] NCCL INFO Channel 01/0 : 7[7] -> 0[0] [receive] via NET/IB/9/GDRDMA
a100-llm-05:4025099:4025247 [0] NCCL INFO GPU Direct RDMA Enabled for GPU/0-1019984 (rank 0) - NET/0-9 (distance 5 <= 6, read 1, mode Default)
a100-llm-05:4025099:4025224 [0] NCCL INFO New proxy send connection 2 from local rank 0, transport 2
a100-llm-05:4025099:4025247 [0] NCCL INFO Connected to proxy localRank 0 -> connection 0x7fdaa8000e00
a100-llm-05:4025099:4025241 [6] NCCL INFO Connected to proxy localRank 0 -> connection 0x7fdaccc59548
a100-llm-05:4025099:4025243 [4] NCCL INFO Channel 01/0 : 4[4] -> 5[5] [send] via NET/IB/11/GDRDMA
a100-llm-05:4025099:4025247 [0] NCCL INFO Channel 00/0 : 0[0] -> 1[1] [send] via NET/IB/9/GDRDMA
a100-llm-05:4025099:4025247 [0] NCCL INFO GPU Direct RDMA Enabled for GPU/0-1019984 (rank 0) - NET/0-9 (distance 5 <= 6, read 1, mode Default)
a100-llm-05:4025099:4025224 [0] NCCL INFO New proxy send connection 3 from local rank 0, transport 2
a100-llm-05:4025099:4025241 [6] NCCL INFO Channel 01/0 : 6[6] -> 7[7] [send] via NET/IB/12/GDRDMA
a100-llm-05:4025099:4025247 [0] NCCL INFO Connected to proxy localRank 0 -> connection 0x7fdaa8000e78
a100-llm-05:4025099:4025247 [0] NCCL INFO Channel 01/0 : 0[0] -> 1[1] [send] via NET/IB/9/GDRDMA
a100-llm-05:4025099:4025229 [3] NCCL INFO NET/IB: NCCL Dev 10 IbDev 3 Port 1 qpn 1324 mtu 5 GID 3 (0/220D13C6FFFF0000) ctsFifoRkey=0x87d83 ctsFifoLkey=0x87d83
a100-llm-05:4025099:4025229 [3] NCCL INFO NET/IB: IbDev 3 Port 1 qpn 1324 query_ece={supported=1, vendor_id=0x15b3, options=0x30000000, comp_mask=0x0}
a100-llm-05:4025099:4025228 [2] NCCL INFO NET/IB: NCCL Dev 10 IbDev 3 Port 1 qpn 1325 mtu 5 GID 3 (0/220D13C6FFFF0000) ctsFifoRkey=0x8adac ctsFifoLkey=0x8adac
a100-llm-05:4025099:4025228 [2] NCCL INFO NET/IB: IbDev 3 Port 1 qpn 1325 query_ece={supported=1, vendor_id=0x15b3, options=0x30000000, comp_mask=0x0}
a100-llm-05:4025099:4025228 [2] NCCL INFO NET/IB: NCCL Dev 10 IbDev 4 Port 1 qpn 1069 mtu 5 GID 3 (0/422613C6FFFF0000) ctsFifoRkey=0x4f5b2 ctsFifoLkey=0x4f5b2
a100-llm-05:4025099:4025228 [2] NCCL INFO NET/IB: IbDev 4 Port 1 qpn 1069 query_ece={supported=1, vendor_id=0x15b3, options=0x30000000, comp_mask=0x0}
a100-llm-05:4025099:4025229 [3] NCCL INFO NET/IB: NCCL Dev 10 IbDev 4 Port 1 qpn 1068 mtu 5 GID 3 (0/422613C6FFFF0000) ctsFifoRkey=0x524e3 ctsFifoLkey=0x524e3
a100-llm-05:4025099:4025229 [3] NCCL INFO NET/IB: IbDev 4 Port 1 qpn 1068 query_ece={supported=1, vendor_id=0x15b3, options=0x30000000, comp_mask=0x0}
a100-llm-05:4025099:4025232 [4] NCCL INFO NET/IB: NCCL Dev 11 IbDev 5 Port 1 qpn 1325 mtu 5 GID 3 (0/520113C6FFFF0000) ctsFifoRkey=0x8dddd ctsFifoLkey=0x8dddd
a100-llm-05:4025099:4025232 [4] NCCL INFO NET/IB: IbDev 5 Port 1 qpn 1325 query_ece={supported=1, vendor_id=0x15b3, options=0x30000000, comp_mask=0x0}
a100-llm-05:4025099:4025235 [5] NCCL INFO NET/IB: NCCL Dev 11 IbDev 5 Port 1 qpn 1324 mtu 5 GID 3 (0/520113C6FFFF0000) ctsFifoRkey=0x8a3a2 ctsFifoLkey=0x8a3a2
a100-llm-05:4025099:4025235 [5] NCCL INFO NET/IB: IbDev 5 Port 1 qpn 1324 query_ece={supported=1, vendor_id=0x15b3, options=0x30000000, comp_mask=0x0}
a100-llm-05:4025099:4025232 [4] NCCL INFO NET/IB: NCCL Dev 11 IbDev 6 Port 1 qpn 1068 mtu 5 GID 3 (0/B90713C6FFFF0000) ctsFifoRkey=0x50ccb ctsFifoLkey=0x50ccb
a100-llm-05:4025099:4025232 [4] NCCL INFO NET/IB: IbDev 6 Port 1 qpn 1068 query_ece={supported=1, vendor_id=0x15b3, options=0x30000000, comp_mask=0x0}
a100-llm-05:4025099:4025235 [5] NCCL INFO NET/IB: NCCL Dev 11 IbDev 6 Port 1 qpn 1069 mtu 5 GID 3 (0/B90713C6FFFF0000) ctsFifoRkey=0x4d08f ctsFifoLkey=0x4d08f
a100-llm-05:4025099:4025235 [5] NCCL INFO NET/IB: IbDev 6 Port 1 qpn 1069 query_ece={supported=1, vendor_id=0x15b3, options=0x30000000, comp_mask=0x0}
a100-llm-05:4025099:4025228 [2] NCCL INFO NET/IB: NCCL Dev 10 IbDev 3 Port 1 qpn 1326 mtu 5 GID 3 (0/220D13C6FFFF0000) ctsFifoRkey=0x87877 ctsFifoLkey=0x87877
a100-llm-05:4025099:4025228 [2] NCCL INFO NET/IB: IbDev 3 Port 1 qpn 1326 query_ece={supported=1, vendor_id=0x15b3, options=0x30000000, comp_mask=0x0}
a100-llm-05:4025099:4025232 [4] NCCL INFO NET/IB: NCCL Dev 11 IbDev 5 Port 1 qpn 1326 mtu 5 GID 3 (0/520113C6FFFF0000) ctsFifoRkey=0x8c7c6 ctsFifoLkey=0x8c7c6
a100-llm-05:4025099:4025232 [4] NCCL INFO NET/IB: IbDev 5 Port 1 qpn 1326 query_ece={supported=1, vendor_id=0x15b3, options=0x30000000, comp_mask=0x0}
a100-llm-05:4025099:4025228 [2] NCCL INFO NET/IB: NCCL Dev 10 IbDev 4 Port 1 qpn 1070 mtu 5 GID 3 (0/422613C6FFFF0000) ctsFifoRkey=0x4e7a6 ctsFifoLkey=0x4e7a6
a100-llm-05:4025099:4025228 [2] NCCL INFO NET/IB: IbDev 4 Port 1 qpn 1070 query_ece={supported=1, vendor_id=0x15b3, options=0x30000000, comp_mask=0x0}
a100-llm-05:4025099:4025232 [4] NCCL INFO NET/IB: NCCL Dev 11 IbDev 6 Port 1 qpn 1070 mtu 5 GID 3 (0/B90713C6FFFF0000) ctsFifoRkey=0x4f4b3 ctsFifoLkey=0x4f4b3
a100-llm-05:4025099:4025232 [4] NCCL INFO NET/IB: IbDev 6 Port 1 qpn 1070 query_ece={supported=1, vendor_id=0x15b3, options=0x30000000, comp_mask=0x0}
a100-llm-05:4025099:4025234 [7] NCCL INFO NET/IB: NCCL Dev 12 IbDev 7 Port 1 qpn 1324 mtu 5 GID 3 (0/4E5A13C6FFFF0000) ctsFifoRkey=0x86c6c ctsFifoLkey=0x86c6c
a100-llm-05:4025099:4025234 [7] NCCL INFO NET/IB: IbDev 7 Port 1 qpn 1324 query_ece={supported=1, vendor_id=0x15b3, options=0x30000000, comp_mask=0x0}
a100-llm-05:4025099:4025235 [5] NCCL INFO NET/IB: NCCL Dev 11 IbDev 5 Port 1 qpn 1327 mtu 5 GID 3 (0/520113C6FFFF0000) ctsFifoRkey=0x93b3a ctsFifoLkey=0x93b3a
a100-llm-05:4025099:4025235 [5] NCCL INFO NET/IB: IbDev 5 Port 1 qpn 1327 query_ece={supported=1, vendor_id=0x15b3, options=0x30000000, comp_mask=0x0}
a100-llm-05:4025099:4025235 [5] NCCL INFO NET/IB: NCCL Dev 11 IbDev 6 Port 1 qpn 1071 mtu 5 GID 3 (0/B90713C6FFFF0000) ctsFifoRkey=0x56d2c ctsFifoLkey=0x56d2c
a100-llm-05:4025099:4025235 [5] NCCL INFO NET/IB: IbDev 6 Port 1 qpn 1071 query_ece={supported=1, vendor_id=0x15b3, options=0x30000000, comp_mask=0x0}
a100-llm-05:4025099:4025234 [7] NCCL INFO NET/IB: NCCL Dev 12 IbDev 8 Port 1 qpn 1068 mtu 5 GID 3 (0/57B013C6FFFF0000) ctsFifoRkey=0x4a363 ctsFifoLkey=0x4a363
a100-llm-05:4025099:4025234 [7] NCCL INFO NET/IB: IbDev 8 Port 1 qpn 1068 query_ece={supported=1, vendor_id=0x15b3, options=0x30000000, comp_mask=0x0}
a100-llm-05:4025099:4025228 [2] NCCL INFO NET/IB: IbDev 3 Port 1 qpn 1325 set_ece={supported=1, vendor_id=0x15b3, options=0x30000000, comp_mask=0x0}
a100-llm-05:4025099:4025228 [2] NCCL INFO NET/IB: IbDev 4 Port 1 qpn 1069 set_ece={supported=1, vendor_id=0x15b3, options=0x30000000, comp_mask=0x0}
a100-llm-05:4025099:4025234 [7] NCCL INFO NET/IB: NCCL Dev 12 IbDev 7 Port 1 qpn 1325 mtu 5 GID 3 (0/4E5A13C6FFFF0000) ctsFifoRkey=0x85453 ctsFifoLkey=0x85453
a100-llm-05:4025099:4025234 [7] NCCL INFO NET/IB: IbDev 7 Port 1 qpn 1325 query_ece={supported=1, vendor_id=0x15b3, options=0x30000000, comp_mask=0x0}
a100-llm-05:4025099:4025234 [7] NCCL INFO NET/IB: NCCL Dev 12 IbDev 8 Port 1 qpn 1069 mtu 5 GID 3 (0/57B013C6FFFF0000) ctsFifoRkey=0x48c4b ctsFifoLkey=0x48c4b
a100-llm-05:4025099:4025234 [7] NCCL INFO NET/IB: IbDev 8 Port 1 qpn 1069 query_ece={supported=1, vendor_id=0x15b3, options=0x30000000, comp_mask=0x0}
a100-llm-05:4025099:4025229 [3] NCCL INFO NET/IB: NCCL Dev 10 IbDev 3 Port 1 qpn 1329 mtu 5 GID 3 (0/220D13C6FFFF0000) ctsFifoRkey=0x91716 ctsFifoLkey=0x91716
a100-llm-05:4025099:4025229 [3] NCCL INFO NET/IB: IbDev 3 Port 1 qpn 1329 query_ece={supported=1, vendor_id=0x15b3, options=0x30000000, comp_mask=0x0}
a100-llm-05:4025099:4025229 [3] NCCL INFO NET/IB: NCCL Dev 10 IbDev 4 Port 1 qpn 1073 mtu 5 GID 3 (0/422613C6FFFF0000) ctsFifoRkey=0x59252 ctsFifoLkey=0x59252
a100-llm-05:4025099:4025229 [3] NCCL INFO NET/IB: IbDev 4 Port 1 qpn 1073 query_ece={supported=1, vendor_id=0x15b3, options=0x30000000, comp_mask=0x0}
a100-llm-05:4025099:4025234 [7] NCCL INFO NET/IB: IbDev 7 Port 1 qpn 1324 set_ece={supported=1, vendor_id=0x15b3, options=0x30000000, comp_mask=0x0}
a100-llm-05:4025099:4025234 [7] NCCL INFO NET/IB: IbDev 8 Port 1 qpn 1068 set_ece={supported=1, vendor_id=0x15b3, options=0x30000000, comp_mask=0x0}
a100-llm-05:4025099:4025229 [3] NCCL INFO NET/IB: IbDev 3 Port 1 qpn 1324 set_ece={supported=1, vendor_id=0x15b3, options=0x30000000, comp_mask=0x0}
a100-llm-05:4025099:4025228 [2] NCCL INFO NET/IB: IbDev 3 Port 1 qpn 1326 set_ece={supported=1, vendor_id=0x15b3, options=0x30000000, comp_mask=0x0}
a100-llm-05:4025099:4025229 [3] NCCL INFO NET/IB: IbDev 4 Port 1 qpn 1068 set_ece={supported=1, vendor_id=0x15b3, options=0x30000000, comp_mask=0x0}
a100-llm-05:4025099:4025228 [2] NCCL INFO NET/IB: IbDev 4 Port 1 qpn 1070 set_ece={supported=1, vendor_id=0x15b3, options=0x30000000, comp_mask=0x0}
a100-llm-05:4025099:4025224 [0] NCCL INFO NET/IB: NCCL Dev 9 IbDev 1 Port 1 qpn 1326 mtu 5 GID 3 (0/F34413C6FFFF0000) ctsFifoRkey=0x8c3c2 ctsFifoLkey=0x8c3c2
a100-llm-05:4025099:4025224 [0] NCCL INFO NET/IB: IbDev 1 Port 1 qpn 1326 query_ece={supported=1, vendor_id=0x15b3, options=0x30000000, comp_mask=0x0}
a100-llm-05:4025099:4025224 [0] NCCL INFO NET/IB: NCCL Dev 9 IbDev 2 Port 1 qpn 1070 mtu 5 GID 3 (0/173F13C6FFFF0000) ctsFifoRkey=0x509c8 ctsFifoLkey=0x509c8
a100-llm-05:4025099:4025224 [0] NCCL INFO NET/IB: IbDev 2 Port 1 qpn 1070 query_ece={supported=1, vendor_id=0x15b3, options=0x30000000, comp_mask=0x0}
a100-llm-05:4025099:4025232 [4] NCCL INFO NET/IB: IbDev 5 Port 1 qpn 1326 set_ece={supported=1, vendor_id=0x15b3, options=0x30000000, comp_mask=0x0}
a100-llm-05:4025099:4025232 [4] NCCL INFO NET/IB: IbDev 6 Port 1 qpn 1070 set_ece={supported=1, vendor_id=0x15b3, options=0x30000000, comp_mask=0x0}
a100-llm-05:4025099:4025234 [7] NCCL INFO NET/IB: IbDev 7 Port 1 qpn 1325 set_ece={supported=1, vendor_id=0x15b3, options=0x30000000, comp_mask=0x0}
a100-llm-05:4025099:4025236 [6] NCCL INFO NET/IB: NCCL Dev 12 IbDev 7 Port 1 qpn 1326 mtu 5 GID 3 (0/4E5A13C6FFFF0000) ctsFifoRkey=0x88383 ctsFifoLkey=0x88383
a100-llm-05:4025099:4025236 [6] NCCL INFO NET/IB: IbDev 7 Port 1 qpn 1326 query_ece={supported=1, vendor_id=0x15b3, options=0x30000000, comp_mask=0x0}
a100-llm-05:4025099:4025234 [7] NCCL INFO NET/IB: IbDev 8 Port 1 qpn 1069 set_ece={supported=1, vendor_id=0x15b3, options=0x30000000, comp_mask=0x0}
a100-llm-05:4025099:4025236 [6] NCCL INFO NET/IB: NCCL Dev 12 IbDev 8 Port 1 qpn 1070 mtu 5 GID 3 (0/57B013C6FFFF0000) ctsFifoRkey=0x4b978 ctsFifoLkey=0x4b978
a100-llm-05:4025099:4025236 [6] NCCL INFO NET/IB: IbDev 8 Port 1 qpn 1070 query_ece={supported=1, vendor_id=0x15b3, options=0x30000000, comp_mask=0x0}
a100-llm-05:4025099:4025226 [1] NCCL INFO NET/IB: NCCL Dev 9 IbDev 1 Port 1 qpn 1329 mtu 5 GID 3 (0/F34413C6FFFF0000) ctsFifoRkey=0x87c7b ctsFifoLkey=0x87c7b
a100-llm-05:4025099:4025226 [1] NCCL INFO NET/IB: IbDev 1 Port 1 qpn 1329 query_ece={supported=1, vendor_id=0x15b3, options=0x30000000, comp_mask=0x0}
a100-llm-05:4025099:4025226 [1] NCCL INFO NET/IB: NCCL Dev 9 IbDev 2 Port 1 qpn 1073 mtu 5 GID 3 (0/173F13C6FFFF0000) ctsFifoRkey=0x4be7d ctsFifoLkey=0x4be7d
a100-llm-05:4025099:4025226 [1] NCCL INFO NET/IB: IbDev 2 Port 1 qpn 1073 query_ece={supported=1, vendor_id=0x15b3, options=0x30000000, comp_mask=0x0}
a100-llm-05:4025099:4025224 [0] NCCL INFO NET/IB: NCCL Dev 9 IbDev 1 Port 1 qpn 1330 mtu 5 GID 3 (0/F34413C6FFFF0000) ctsFifoRkey=0x90806 ctsFifoLkey=0x90806
a100-llm-05:4025099:4025224 [0] NCCL INFO NET/IB: IbDev 1 Port 1 qpn 1330 query_ece={supported=1, vendor_id=0x15b3, options=0x30000000, comp_mask=0x0}
a100-llm-05:4025099:4025224 [0] NCCL INFO NET/IB: NCCL Dev 9 IbDev 2 Port 1 qpn 1074 mtu 5 GID 3 (0/173F13C6FFFF0000) ctsFifoRkey=0x54f0e ctsFifoLkey=0x54f0e
a100-llm-05:4025099:4025224 [0] NCCL INFO NET/IB: IbDev 2 Port 1 qpn 1074 query_ece={supported=1, vendor_id=0x15b3, options=0x30000000, comp_mask=0x0}
a100-llm-05:4025099:4025236 [6] NCCL INFO NET/IB: NCCL Dev 12 IbDev 7 Port 1 qpn 1329 mtu 5 GID 3 (0/4E5A13C6FFFF0000) ctsFifoRkey=0x89599 ctsFifoLkey=0x89599
a100-llm-05:4025099:4025236 [6] NCCL INFO NET/IB: IbDev 7 Port 1 qpn 1329 query_ece={supported=1, vendor_id=0x15b3, options=0x30000000, comp_mask=0x0}
a100-llm-05:4025099:4025236 [6] NCCL INFO NET/IB: NCCL Dev 12 IbDev 8 Port 1 qpn 1073 mtu 5 GID 3 (0/57B013C6FFFF0000) ctsFifoRkey=0x4d08f ctsFifoLkey=0x4d08f
a100-llm-05:4025099:4025236 [6] NCCL INFO NET/IB: IbDev 8 Port 1 qpn 1073 query_ece={supported=1, vendor_id=0x15b3, options=0x30000000, comp_mask=0x0}
a100-llm-05:4025099:4025226 [1] NCCL INFO NET/IB: NCCL Dev 9 IbDev 1 Port 1 qpn 1333 mtu 5 GID 3 (0/F34413C6FFFF0000) ctsFifoRkey=0x8dcda ctsFifoLkey=0x8dcda
a100-llm-05:4025099:4025226 [1] NCCL INFO NET/IB: IbDev 1 Port 1 qpn 1333 query_ece={supported=1, vendor_id=0x15b3, options=0x30000000, comp_mask=0x0}
a100-llm-05:4025099:4025226 [1] NCCL INFO NET/IB: NCCL Dev 9 IbDev 2 Port 1 qpn 1077 mtu 5 GID 3 (0/173F13C6FFFF0000) ctsFifoRkey=0x51fde ctsFifoLkey=0x51fde
a100-llm-05:4025099:4025226 [1] NCCL INFO NET/IB: IbDev 2 Port 1 qpn 1077 query_ece={supported=1, vendor_id=0x15b3, options=0x30000000, comp_mask=0x0}
a100-llm-05:4025099:4025224 [0] NCCL INFO NET/IB: IbDev 1 Port 1 qpn 1326 set_ece={supported=1, vendor_id=0x15b3, options=0x30000000, comp_mask=0x0}
a100-llm-05:4025099:4025235 [5] NCCL INFO NET/IB: IbDev 5 Port 1 qpn 1327 set_ece={supported=1, vendor_id=0x15b3, options=0x30000000, comp_mask=0x0}
a100-llm-05:4025099:4025224 [0] NCCL INFO NET/IB: IbDev 2 Port 1 qpn 1070 set_ece={supported=1, vendor_id=0x15b3, options=0x30000000, comp_mask=0x0}
a100-llm-05:4025099:4025235 [5] NCCL INFO NET/IB: IbDev 6 Port 1 qpn 1071 set_ece={supported=1, vendor_id=0x15b3, options=0x30000000, comp_mask=0x0}
a100-llm-05:4025099:4025232 [4] NCCL INFO NET/IB: IbDev 5 Port 1 qpn 1325 set_ece={supported=1, vendor_id=0x15b3, options=0x30000000, comp_mask=0x0}
a100-llm-05:4025099:4025232 [4] NCCL INFO NET/IB: IbDev 6 Port 1 qpn 1068 set_ece={supported=1, vendor_id=0x15b3, options=0x30000000, comp_mask=0x0}
a100-llm-05:4025099:4025226 [1] NCCL INFO NET/IB: IbDev 1 Port 1 qpn 1333 set_ece={supported=1, vendor_id=0x15b3, options=0x30000000, comp_mask=0x0}
a100-llm-05:4025099:4025226 [1] NCCL INFO NET/IB: IbDev 2 Port 1 qpn 1077 set_ece={supported=1, vendor_id=0x15b3, options=0x30000000, comp_mask=0x0}
a100-llm-05:4025099:4025236 [6] NCCL INFO NET/IB: IbDev 7 Port 1 qpn 1326 set_ece={supported=1, vendor_id=0x15b3, options=0x30000000, comp_mask=0x0}
a100-llm-05:4025099:4025236 [6] NCCL INFO NET/IB: IbDev 8 Port 1 qpn 1070 set_ece={supported=1, vendor_id=0x15b3, options=0x30000000, comp_mask=0x0}
a100-llm-05:4025099:4025224 [0] NCCL INFO NET/IB: IbDev 1 Port 1 qpn 1330 set_ece={supported=1, vendor_id=0x15b3, options=0x30000000, comp_mask=0x0}
a100-llm-05:4025099:4025224 [0] NCCL INFO NET/IB: IbDev 2 Port 1 qpn 1074 set_ece={supported=1, vendor_id=0x15b3, options=0x30000000, comp_mask=0x0}
a100-llm-05:4025099:4025235 [5] NCCL INFO NET/IB: IbDev 5 Port 1 qpn 1324 set_ece={supported=1, vendor_id=0x15b3, options=0x30000000, comp_mask=0x0}
a100-llm-05:4025099:4025235 [5] NCCL INFO NET/IB: IbDev 6 Port 1 qpn 1069 set_ece={supported=1, vendor_id=0x15b3, options=0x30000000, comp_mask=0x0}
a100-llm-05:4025099:4025229 [3] NCCL INFO NET/IB: IbDev 3 Port 1 qpn 1329 set_ece={supported=1, vendor_id=0x15b3, options=0x30000000, comp_mask=0x0}
a100-llm-05:4025099:4025229 [3] NCCL INFO NET/IB: IbDev 4 Port 1 qpn 1073 set_ece={supported=1, vendor_id=0x15b3, options=0x30000000, comp_mask=0x0}
a100-llm-05:4025099:4025226 [1] NCCL INFO NET/IB: IbDev 1 Port 1 qpn 1329 set_ece={supported=1, vendor_id=0x15b3, options=0x30000000, comp_mask=0x0}
a100-llm-05:4025099:4025226 [1] NCCL INFO NET/IB: IbDev 2 Port 1 qpn 1073 set_ece={supported=1, vendor_id=0x15b3, options=0x30000000, comp_mask=0x0}
a100-llm-05:4025099:4025236 [6] NCCL INFO NET/IB: IbDev 7 Port 1 qpn 1329 set_ece={supported=1, vendor_id=0x15b3, options=0x30000000, comp_mask=0x0}
a100-llm-05:4025099:4025236 [6] NCCL INFO NET/IB: IbDev 8 Port 1 qpn 1073 set_ece={supported=1, vendor_id=0x15b3, options=0x30000000, comp_mask=0x0}
[AIMD] FinalizeChunkRTT: cc=0x7fda84037420 slot=0 inflight_before=1
warmup done.
[AIMD] FinalizeChunkRTT: cc=0x7fdaa4037420 slot=756 inflight_before=1
[AIMD] FinalizeChunkRTT: cc=0x7fdaa4037420 slot=432 inflight_before=1
[AIMD] FinalizeChunkRTT: cc=0x7fdaac001000 slot=123 inflight_before=4
a100-llm-05:4025099:4025211 [0] NCCL INFO V2MIN: pressure=1.000 (fast=0.072 slow=0.002 dev=0.0698) state=SHRINK window=204 floor=204 high=3070 low=0 ncc=16
[AIMD] FinalizeChunkRTT: cc=0x7fda90006dc0 slot=836 inflight_before=1
[AIMD] FinalizeChunkRTT: cc=0x7fdaa0001000 slot=596 inflight_before=1
[AIMD] FinalizeChunkRTT: cc=0x7fda98001000 slot=230 inflight_before=8
[AIMD] FinalizeChunkRTT: cc=0x7fda98001000 slot=916 inflight_before=6
[AIMD] FinalizeChunkRTT: cc=0x7fda84037420 slot=457 inflight_before=1
a100-llm-05:4025099:4025211 [0] NCCL INFO V2MIN: pressure=1.000 (fast=0.133 slow=0.002 dev=0.1309) state=SHRINK window=204 floor=204 high=7794 low=0 ncc=16
[AIMD] FinalizeChunkRTT: cc=0x7fdaa0017320 slot=872 inflight_before=1
[AIMD] FinalizeChunkRTT: cc=0x7fda84037420 slot=257 inflight_before=4
[AIMD] FinalizeChunkRTT: cc=0x7fda98001000 slot=624 inflight_before=8
[AIMD] FinalizeChunkRTT: cc=0x7fdaa4037420 slot=969 inflight_before=8
[AIMD] FinalizeChunkRTT: cc=0x7fda8c001000 slot=350 inflight_before=1
a100-llm-05:4025099:4025211 [0] NCCL INFO V2MIN: pressure=1.000 (fast=0.217 slow=0.002 dev=0.2152) state=SHRINK window=204 floor=204 high=12500 low=0 ncc=16
[AIMD] FinalizeChunkRTT: cc=0x7fdaac001000 slot=691 inflight_before=1
[AIMD] FinalizeChunkRTT: cc=0x7fda84037420 slot=40 inflight_before=1
[AIMD] FinalizeChunkRTT: cc=0x7fda90098c00 slot=378 inflight_before=1
[AIMD] FinalizeChunkRTT: cc=0x7fda8c001000 slot=754 inflight_before=1
[AIMD] FinalizeChunkRTT: cc=0x7fda9c001000 slot=92 inflight_before=2
a100-llm-05:4025099:4025211 [0] NCCL INFO V2MIN: pressure=1.000 (fast=0.108 slow=0.002 dev=0.1059) state=SHRINK window=204 floor=204 high=17223 low=0 ncc=16
[AIMD] FinalizeChunkRTT: cc=0x7fda98001000 slot=455 inflight_before=3
[AIMD] FinalizeChunkRTT: cc=0x7fda90098c00 slot=807 inflight_before=1
[AIMD] FinalizeChunkRTT: cc=0x7fda84037420 slot=232 inflight_before=1
[AIMD] FinalizeChunkRTT: cc=0x7fda90098c00 slot=667 inflight_before=2
[AIMD] FinalizeChunkRTT: cc=0x7fdaa4037420 slot=204 inflight_before=6
a100-llm-05:4025099:4025211 [0] NCCL INFO V2MIN: pressure=1.000 (fast=0.320 slow=0.002 dev=0.3185) state=SHRINK window=204 floor=204 high=21947 low=0 ncc=16
[AIMD] FinalizeChunkRTT: cc=0x7fda98001000 slot=461 inflight_before=1
[AIMD] FinalizeChunkRTT: cc=0x7fdaa4037420 slot=646 inflight_before=1
CSV written to: det_v3_sweep_run8/bench_latency_20260416_212705.csv

========================================
  Oracle Experiment Results
========================================
Config: nDev=8  count=1048576  data=4.19 MB  iters=1000
NCCL_AIMD_ENABLE=1  NCCL_CC_ORACLE_FACTOR=(unset)

Wall-clock latency (us):
  mean= 24554.9  stddev= 15009.9
  p50 = 20935.6  p99   = 64458.5  max= 83937.5

Collective max GPU latency (us):
  mean= 23153.2  stddev= 13884.1
  p50 = 20047.9  p99   = 62314.7  max= 83913.7

Rank skew (us):
  mean=  3327.3  stddev=  5003.4
  p50 =   331.3  p99   = 19748.7  max= 23477.2

Avg algo bandwidth: 0.30 GB/s
========================================

