a100-llm-05:3812008:3812146 [6] NCCL INFO New proxy recv connection 1 from local rank 0, transport 2
a100-llm-05:3812008:3812159 [6] NCCL INFO Connected to proxy localRank 0 -> connection 0x7f7848000d88
a100-llm-05:3812008:3812159 [6] NCCL INFO Channel 01/0 : 5[5] -> 6[6] [receive] via NET/IB/12/GDRDMA
a100-llm-05:3812008:3812159 [6] NCCL INFO GPU Direct RDMA Enabled for GPU/0-1044560 (rank 6) - NET/0-12 (distance 5 <= 6, read 1, mode Default)
a100-llm-05:3812008:3812146 [6] NCCL INFO New proxy send connection 2 from local rank 0, transport 2
a100-llm-05:3812008:3812159 [6] NCCL INFO Connected to proxy localRank 0 -> connection 0x7f7848000e00
a100-llm-05:3812008:3812159 [6] NCCL INFO Channel 00/0 : 6[6] -> 7[7] [send] via NET/IB/12/GDRDMA
a100-llm-05:3812008:3812159 [6] NCCL INFO GPU Direct RDMA Enabled for GPU/0-1044560 (rank 6) - NET/0-12 (distance 5 <= 6, read 1, mode Default)
a100-llm-05:3812008:3812146 [6] NCCL INFO New proxy send connection 3 from local rank 0, transport 2
a100-llm-05:3812008:3812159 [6] NCCL INFO Connected to proxy localRank 0 -> connection 0x7f7848000e78
a100-llm-05:3812008:3812159 [6] NCCL INFO Channel 01/0 : 6[6] -> 7[7] [send] via NET/IB/12/GDRDMA
a100-llm-05:3812008:3812144 [1] NCCL INFO New proxy recv connection 0 from local rank 0, transport 2
a100-llm-05:3812008:3812153 [5] NCCL INFO New proxy recv connection 0 from local rank 0, transport 2
a100-llm-05:3812008:3812154 [0] NCCL INFO New proxy recv connection 0 from local rank 0, transport 2
a100-llm-05:3812008:3812160 [5] NCCL INFO Connected to proxy localRank 0 -> connection 0x7f78380010a0
a100-llm-05:3812008:3812165 [0] NCCL INFO Connected to proxy localRank 0 -> connection 0x7f7838004db0
a100-llm-05:3812008:3812160 [5] NCCL INFO Channel 00/0 : 4[4] -> 5[5] [receive] via NET/IB/11/GDRDMA
a100-llm-05:3812008:3812160 [5] NCCL INFO GPU Direct RDMA Enabled for GPU/0-1036384 (rank 5) - NET/0-11 (distance 5 <= 6, read 0, mode Default)
a100-llm-05:3812008:3812153 [5] NCCL INFO New proxy recv connection 1 from local rank 0, transport 2
a100-llm-05:3812008:3812160 [5] NCCL INFO Connected to proxy localRank 0 -> connection 0x7f7838001118
a100-llm-05:3812008:3812160 [5] NCCL INFO Channel 01/0 : 4[4] -> 5[5] [receive] via NET/IB/11/GDRDMA
a100-llm-05:3812008:3812160 [5] NCCL INFO GPU Direct RDMA Enabled for GPU/0-1036384 (rank 5) - NET/0-11 (distance 5 <= 6, read 1, mode Default)
a100-llm-05:3812008:3812153 [5] NCCL INFO New proxy send connection 2 from local rank 0, transport 2
a100-llm-05:3812008:3812160 [5] NCCL INFO Connected to proxy localRank 0 -> connection 0x7f7838001190
a100-llm-05:3812008:3812160 [5] NCCL INFO Channel 00/0 : 5[5] -> 6[6] [send] via NET/IB/11/GDRDMA
a100-llm-05:3812008:3812160 [5] NCCL INFO GPU Direct RDMA Enabled for GPU/0-1036384 (rank 5) - NET/0-11 (distance 5 <= 6, read 1, mode Default)
a100-llm-05:3812008:3812153 [5] NCCL INFO New proxy send connection 3 from local rank 0, transport 2
a100-llm-05:3812008:3812160 [5] NCCL INFO Connected to proxy localRank 0 -> connection 0x7f7838001208
a100-llm-05:3812008:3812160 [5] NCCL INFO Channel 01/0 : 5[5] -> 6[6] [send] via NET/IB/11/GDRDMA
a100-llm-05:3812008:3812147 [7] NCCL INFO New proxy recv connection 0 from local rank 0, transport 2
a100-llm-05:3812008:3812140 [3] NCCL INFO New proxy recv connection 0 from local rank 0, transport 2
a100-llm-05:3812008:3812162 [3] NCCL INFO Connected to proxy localRank 0 -> connection 0x7f786c000d10
a100-llm-05:3812008:3812149 [4] NCCL INFO New proxy recv connection 0 from local rank 0, transport 2
a100-llm-05:3812008:3812162 [3] NCCL INFO Channel 00/0 : 2[2] -> 3[3] [receive] via NET/IB/10/GDRDMA
a100-llm-05:3812008:3812162 [3] NCCL INFO GPU Direct RDMA Enabled for GPU/0-1028192 (rank 3) - NET/0-10 (distance 5 <= 6, read 0, mode Default)
a100-llm-05:3812008:3812161 [4] NCCL INFO Connected to proxy localRank 0 -> connection 0x7f784c000d10
a100-llm-05:3812008:3812140 [3] NCCL INFO New proxy recv connection 1 from local rank 0, transport 2
a100-llm-05:3812008:3812162 [3] NCCL INFO Connected to proxy localRank 0 -> connection 0x7f786c000d88
a100-llm-05:3812008:3812162 [3] NCCL INFO Channel 01/0 : 2[2] -> 3[3] [receive] via NET/IB/10/GDRDMA
a100-llm-05:3812008:3812162 [3] NCCL INFO GPU Direct RDMA Enabled for GPU/0-1028192 (rank 3) - NET/0-10 (distance 5 <= 6, read 1, mode Default)
a100-llm-05:3812008:3812140 [3] NCCL INFO New proxy send connection 2 from local rank 0, transport 2
a100-llm-05:3812008:3812162 [3] NCCL INFO Connected to proxy localRank 0 -> connection 0x7f786c000e00
a100-llm-05:3812008:3812162 [3] NCCL INFO Channel 00/0 : 3[3] -> 4[4] [send] via NET/IB/10/GDRDMA
a100-llm-05:3812008:3812162 [3] NCCL INFO GPU Direct RDMA Enabled for GPU/0-1028192 (rank 3) - NET/0-10 (distance 5 <= 6, read 1, mode Default)
a100-llm-05:3812008:3812140 [3] NCCL INFO New proxy send connection 3 from local rank 0, transport 2
a100-llm-05:3812008:3812162 [3] NCCL INFO Connected to proxy localRank 0 -> connection 0x7f786c000e78
a100-llm-05:3812008:3812162 [3] NCCL INFO Channel 01/0 : 3[3] -> 4[4] [send] via NET/IB/10/GDRDMA
a100-llm-05:3812008:3812142 [2] NCCL INFO New proxy recv connection 0 from local rank 0, transport 2
a100-llm-05:3812008:3812164 [1] NCCL INFO Connected to proxy localRank 0 -> connection 0x7f7864000d10
a100-llm-05:3812008:3812164 [1] NCCL INFO Channel 00/0 : 0[0] -> 1[1] [receive] via NET/IB/9/GDRDMA
a100-llm-05:3812008:3812164 [1] NCCL INFO GPU Direct RDMA Enabled for GPU/0-1020000 (rank 1) - NET/0-9 (distance 5 <= 6, read 0, mode Default)
a100-llm-05:3812008:3812144 [1] NCCL INFO New proxy recv connection 1 from local rank 0, transport 2
a100-llm-05:3812008:3812164 [1] NCCL INFO Connected to proxy localRank 0 -> connection 0x7f7864000d88
a100-llm-05:3812008:3812164 [1] NCCL INFO Channel 01/0 : 0[0] -> 1[1] [receive] via NET/IB/9/GDRDMA
a100-llm-05:3812008:3812164 [1] NCCL INFO GPU Direct RDMA Enabled for GPU/0-1020000 (rank 1) - NET/0-9 (distance 5 <= 6, read 1, mode Default)
a100-llm-05:3812008:3812144 [1] NCCL INFO New proxy send connection 2 from local rank 0, transport 2
a100-llm-05:3812008:3812164 [1] NCCL INFO Connected to proxy localRank 0 -> connection 0x7f7864000e00
a100-llm-05:3812008:3812164 [1] NCCL INFO Channel 00/0 : 1[1] -> 2[2] [send] via NET/IB/9/GDRDMA
a100-llm-05:3812008:3812164 [1] NCCL INFO GPU Direct RDMA Enabled for GPU/0-1020000 (rank 1) - NET/0-9 (distance 5 <= 6, read 1, mode Default)
a100-llm-05:3812008:3812144 [1] NCCL INFO New proxy send connection 3 from local rank 0, transport 2
a100-llm-05:3812008:3812164 [1] NCCL INFO Connected to proxy localRank 0 -> connection 0x7f7864000e78
a100-llm-05:3812008:3812164 [1] NCCL INFO Channel 01/0 : 1[1] -> 2[2] [send] via NET/IB/9/GDRDMA
a100-llm-05:3812008:3812161 [4] NCCL INFO Channel 00/0 : 3[3] -> 4[4] [receive] via NET/IB/11/GDRDMA
a100-llm-05:3812008:3812161 [4] NCCL INFO GPU Direct RDMA Enabled for GPU/0-1036368 (rank 4) - NET/0-11 (distance 5 <= 6, read 0, mode Default)
a100-llm-05:3812008:3812149 [4] NCCL INFO New proxy recv connection 1 from local rank 0, transport 2
a100-llm-05:3812008:3812161 [4] NCCL INFO Connected to proxy localRank 0 -> connection 0x7f784c000d88
a100-llm-05:3812008:3812161 [4] NCCL INFO Channel 01/0 : 3[3] -> 4[4] [receive] via NET/IB/11/GDRDMA
a100-llm-05:3812008:3812161 [4] NCCL INFO GPU Direct RDMA Enabled for GPU/0-1036368 (rank 4) - NET/0-11 (distance 5 <= 6, read 1, mode Default)
a100-llm-05:3812008:3812149 [4] NCCL INFO New proxy send connection 2 from local rank 0, transport 2
a100-llm-05:3812008:3812161 [4] NCCL INFO Connected to proxy localRank 0 -> connection 0x7f784c000e00
a100-llm-05:3812008:3812161 [4] NCCL INFO Channel 00/0 : 4[4] -> 5[5] [send] via NET/IB/11/GDRDMA
a100-llm-05:3812008:3812161 [4] NCCL INFO GPU Direct RDMA Enabled for GPU/0-1036368 (rank 4) - NET/0-11 (distance 5 <= 6, read 1, mode Default)
a100-llm-05:3812008:3812158 [7] NCCL INFO Connected to proxy localRank 0 -> connection 0x7f785c000d10
a100-llm-05:3812008:3812165 [0] NCCL INFO Channel 00/0 : 7[7] -> 0[0] [receive] via NET/IB/9/GDRDMA
a100-llm-05:3812008:3812165 [0] NCCL INFO GPU Direct RDMA Enabled for GPU/0-1019984 (rank 0) - NET/0-9 (distance 5 <= 6, read 0, mode Default)
a100-llm-05:3812008:3812154 [0] NCCL INFO New proxy recv connection 1 from local rank 0, transport 2
a100-llm-05:3812008:3812158 [7] NCCL INFO Channel 00/0 : 6[6] -> 7[7] [receive] via NET/IB/12/GDRDMA
a100-llm-05:3812008:3812158 [7] NCCL INFO GPU Direct RDMA Enabled for GPU/0-1044576 (rank 7) - NET/0-12 (distance 5 <= 6, read 0, mode Default)
a100-llm-05:3812008:3812147 [7] NCCL INFO New proxy recv connection 1 from local rank 0, transport 2
a100-llm-05:3812008:3812158 [7] NCCL INFO Connected to proxy localRank 0 -> connection 0x7f785c000d88
a100-llm-05:3812008:3812158 [7] NCCL INFO Channel 01/0 : 6[6] -> 7[7] [receive] via NET/IB/12/GDRDMA
a100-llm-05:3812008:3812158 [7] NCCL INFO GPU Direct RDMA Enabled for GPU/0-1044576 (rank 7) - NET/0-12 (distance 5 <= 6, read 1, mode Default)
a100-llm-05:3812008:3812147 [7] NCCL INFO New proxy send connection 2 from local rank 0, transport 2
a100-llm-05:3812008:3812158 [7] NCCL INFO Connected to proxy localRank 0 -> connection 0x7f785c000e00
a100-llm-05:3812008:3812158 [7] NCCL INFO Channel 00/0 : 7[7] -> 0[0] [send] via NET/IB/12/GDRDMA
a100-llm-05:3812008:3812158 [7] NCCL INFO GPU Direct RDMA Enabled for GPU/0-1044576 (rank 7) - NET/0-12 (distance 5 <= 6, read 1, mode Default)
a100-llm-05:3812008:3812147 [7] NCCL INFO New proxy send connection 3 from local rank 0, transport 2
a100-llm-05:3812008:3812158 [7] NCCL INFO Connected to proxy localRank 0 -> connection 0x7f785c000e78
a100-llm-05:3812008:3812158 [7] NCCL INFO Channel 01/0 : 7[7] -> 0[0] [send] via NET/IB/12/GDRDMA
a100-llm-05:3812008:3812165 [0] NCCL INFO Connected to proxy localRank 0 -> connection 0x7f7838004e28
a100-llm-05:3812008:3812163 [2] NCCL INFO Connected to proxy localRank 0 -> connection 0x7f78a4000d10
a100-llm-05:3812008:3812163 [2] NCCL INFO Channel 00/0 : 1[1] -> 2[2] [receive] via NET/IB/10/GDRDMA
a100-llm-05:3812008:3812163 [2] NCCL INFO GPU Direct RDMA Enabled for GPU/0-1028176 (rank 2) - NET/0-10 (distance 5 <= 6, read 0, mode Default)
a100-llm-05:3812008:3812149 [4] NCCL INFO New proxy send connection 3 from local rank 0, transport 2
a100-llm-05:3812008:3812161 [4] NCCL INFO Connected to proxy localRank 0 -> connection 0x7f784c000e78
a100-llm-05:3812008:3812165 [0] NCCL INFO Channel 01/0 : 7[7] -> 0[0] [receive] via NET/IB/9/GDRDMA
a100-llm-05:3812008:3812165 [0] NCCL INFO GPU Direct RDMA Enabled for GPU/0-1019984 (rank 0) - NET/0-9 (distance 5 <= 6, read 1, mode Default)
a100-llm-05:3812008:3812154 [0] NCCL INFO New proxy send connection 2 from local rank 0, transport 2
a100-llm-05:3812008:3812142 [2] NCCL INFO New proxy recv connection 1 from local rank 0, transport 2
a100-llm-05:3812008:3812163 [2] NCCL INFO Connected to proxy localRank 0 -> connection 0x7f78a4000d88
a100-llm-05:3812008:3812161 [4] NCCL INFO Channel 01/0 : 4[4] -> 5[5] [send] via NET/IB/11/GDRDMA
a100-llm-05:3812008:3812165 [0] NCCL INFO Connected to proxy localRank 0 -> connection 0x7f7838004ea0
a100-llm-05:3812008:3812163 [2] NCCL INFO Channel 01/0 : 1[1] -> 2[2] [receive] via NET/IB/10/GDRDMA
a100-llm-05:3812008:3812163 [2] NCCL INFO GPU Direct RDMA Enabled for GPU/0-1028176 (rank 2) - NET/0-10 (distance 5 <= 6, read 1, mode Default)
a100-llm-05:3812008:3812153 [5] NCCL INFO NET/IB: NCCL Dev 11 IbDev 5 Port 1 qpn 772 mtu 5 GID 3 (0/520113C6FFFF0000) ctsFifoRkey=0xef1f0 ctsFifoLkey=0xef1f0
a100-llm-05:3812008:3812153 [5] NCCL INFO NET/IB: IbDev 5 Port 1 qpn 772 query_ece={supported=1, vendor_id=0x15b3, options=0x30000000, comp_mask=0x0}
a100-llm-05:3812008:3812153 [5] NCCL INFO NET/IB: NCCL Dev 11 IbDev 6 Port 1 qpn 516 mtu 5 GID 3 (0/B90713C6FFFF0000) ctsFifoRkey=0xb2bea ctsFifoLkey=0xb2bea
a100-llm-05:3812008:3812153 [5] NCCL INFO NET/IB: IbDev 6 Port 1 qpn 516 query_ece={supported=1, vendor_id=0x15b3, options=0x30000000, comp_mask=0x0}
a100-llm-05:3812008:3812142 [2] NCCL INFO New proxy send connection 2 from local rank 0, transport 2
a100-llm-05:3812008:3812163 [2] NCCL INFO Connected to proxy localRank 0 -> connection 0x7f78a4000e00
a100-llm-05:3812008:3812163 [2] NCCL INFO Channel 00/0 : 2[2] -> 3[3] [send] via NET/IB/10/GDRDMA
a100-llm-05:3812008:3812163 [2] NCCL INFO GPU Direct RDMA Enabled for GPU/0-1028176 (rank 2) - NET/0-10 (distance 5 <= 6, read 1, mode Default)
a100-llm-05:3812008:3812165 [0] NCCL INFO Channel 00/0 : 0[0] -> 1[1] [send] via NET/IB/9/GDRDMA
a100-llm-05:3812008:3812165 [0] NCCL INFO GPU Direct RDMA Enabled for GPU/0-1019984 (rank 0) - NET/0-9 (distance 5 <= 6, read 1, mode Default)
a100-llm-05:3812008:3812149 [4] NCCL INFO NET/IB: NCCL Dev 11 IbDev 5 Port 1 qpn 773 mtu 5 GID 3 (0/520113C6FFFF0000) ctsFifoRkey=0xefefe ctsFifoLkey=0xefefe
a100-llm-05:3812008:3812149 [4] NCCL INFO NET/IB: IbDev 5 Port 1 qpn 773 query_ece={supported=1, vendor_id=0x15b3, options=0x30000000, comp_mask=0x0}
a100-llm-05:3812008:3812149 [4] NCCL INFO NET/IB: NCCL Dev 11 IbDev 6 Port 1 qpn 517 mtu 5 GID 3 (0/B90713C6FFFF0000) ctsFifoRkey=0xb37f6 ctsFifoLkey=0xb37f6
a100-llm-05:3812008:3812149 [4] NCCL INFO NET/IB: IbDev 6 Port 1 qpn 517 query_ece={supported=1, vendor_id=0x15b3, options=0x30000000, comp_mask=0x0}
a100-llm-05:3812008:3812142 [2] NCCL INFO New proxy send connection 3 from local rank 0, transport 2
a100-llm-05:3812008:3812163 [2] NCCL INFO Connected to proxy localRank 0 -> connection 0x7f78a4000e78
a100-llm-05:3812008:3812163 [2] NCCL INFO Channel 01/0 : 2[2] -> 3[3] [send] via NET/IB/10/GDRDMA
a100-llm-05:3812008:3812149 [4] NCCL INFO NET/IB: NCCL Dev 11 IbDev 5 Port 1 qpn 774 mtu 5 GID 3 (0/520113C6FFFF0000) ctsFifoRkey=0xf0908 ctsFifoLkey=0xf0908
a100-llm-05:3812008:3812149 [4] NCCL INFO NET/IB: IbDev 5 Port 1 qpn 774 query_ece={supported=1, vendor_id=0x15b3, options=0x30000000, comp_mask=0x0}
a100-llm-05:3812008:3812149 [4] NCCL INFO NET/IB: NCCL Dev 11 IbDev 6 Port 1 qpn 518 mtu 5 GID 3 (0/B90713C6FFFF0000) ctsFifoRkey=0xb4302 ctsFifoLkey=0xb4302
a100-llm-05:3812008:3812149 [4] NCCL INFO NET/IB: IbDev 6 Port 1 qpn 518 query_ece={supported=1, vendor_id=0x15b3, options=0x30000000, comp_mask=0x0}
a100-llm-05:3812008:3812154 [0] NCCL INFO New proxy send connection 3 from local rank 0, transport 2
a100-llm-05:3812008:3812140 [3] NCCL INFO NET/IB: NCCL Dev 10 IbDev 3 Port 1 qpn 772 mtu 5 GID 3 (0/220D13C6FFFF0000) ctsFifoRkey=0xecbca ctsFifoLkey=0xecbca
a100-llm-05:3812008:3812140 [3] NCCL INFO NET/IB: IbDev 3 Port 1 qpn 772 query_ece={supported=1, vendor_id=0x15b3, options=0x30000000, comp_mask=0x0}
a100-llm-05:3812008:3812140 [3] NCCL INFO NET/IB: NCCL Dev 10 IbDev 4 Port 1 qpn 516 mtu 5 GID 3 (0/422613C6FFFF0000) ctsFifoRkey=0xb5312 ctsFifoLkey=0xb5312
a100-llm-05:3812008:3812140 [3] NCCL INFO NET/IB: IbDev 4 Port 1 qpn 516 query_ece={supported=1, vendor_id=0x15b3, options=0x30000000, comp_mask=0x0}
a100-llm-05:3812008:3812165 [0] NCCL INFO Connected to proxy localRank 0 -> connection 0x7f7838004f18
a100-llm-05:3812008:3812153 [5] NCCL INFO NET/IB: IbDev 5 Port 1 qpn 772 set_ece={supported=1, vendor_id=0x15b3, options=0x30000000, comp_mask=0x0}
a100-llm-05:3812008:3812153 [5] NCCL INFO NET/IB: IbDev 6 Port 1 qpn 516 set_ece={supported=1, vendor_id=0x15b3, options=0x30000000, comp_mask=0x0}
a100-llm-05:3812008:3812153 [5] NCCL INFO NET/IB: NCCL Dev 11 IbDev 5 Port 1 qpn 779 mtu 5 GID 3 (0/520113C6FFFF0000) ctsFifoRkey=0xf2d2c ctsFifoLkey=0xf2d2c
a100-llm-05:3812008:3812153 [5] NCCL INFO NET/IB: IbDev 5 Port 1 qpn 779 query_ece={supported=1, vendor_id=0x15b3, options=0x30000000, comp_mask=0x0}
a100-llm-05:3812008:3812149 [4] NCCL INFO NET/IB: IbDev 5 Port 1 qpn 774 set_ece={supported=1, vendor_id=0x15b3, options=0x30000000, comp_mask=0x0}
a100-llm-05:3812008:3812153 [5] NCCL INFO NET/IB: NCCL Dev 11 IbDev 6 Port 1 qpn 523 mtu 5 GID 3 (0/B90713C6FFFF0000) ctsFifoRkey=0xb6726 ctsFifoLkey=0xb6726
a100-llm-05:3812008:3812153 [5] NCCL INFO NET/IB: IbDev 6 Port 1 qpn 523 query_ece={supported=1, vendor_id=0x15b3, options=0x30000000, comp_mask=0x0}
a100-llm-05:3812008:3812149 [4] NCCL INFO NET/IB: IbDev 6 Port 1 qpn 518 set_ece={supported=1, vendor_id=0x15b3, options=0x30000000, comp_mask=0x0}
a100-llm-05:3812008:3812142 [2] NCCL INFO NET/IB: NCCL Dev 10 IbDev 3 Port 1 qpn 773 mtu 5 GID 3 (0/220D13C6FFFF0000) ctsFifoRkey=0xed8d7 ctsFifoLkey=0xed8d7
a100-llm-05:3812008:3812142 [2] NCCL INFO NET/IB: IbDev 3 Port 1 qpn 773 query_ece={supported=1, vendor_id=0x15b3, options=0x30000000, comp_mask=0x0}
a100-llm-05:3812008:3812142 [2] NCCL INFO NET/IB: NCCL Dev 10 IbDev 4 Port 1 qpn 517 mtu 5 GID 3 (0/422613C6FFFF0000) ctsFifoRkey=0xb5f1e ctsFifoLkey=0xb5f1e
a100-llm-05:3812008:3812142 [2] NCCL INFO NET/IB: IbDev 4 Port 1 qpn 517 query_ece={supported=1, vendor_id=0x15b3, options=0x30000000, comp_mask=0x0}
a100-llm-05:3812008:3812149 [4] NCCL INFO NET/IB: IbDev 5 Port 1 qpn 773 set_ece={supported=1, vendor_id=0x15b3, options=0x30000000, comp_mask=0x0}
a100-llm-05:3812008:3812165 [0] NCCL INFO Channel 01/0 : 0[0] -> 1[1] [send] via NET/IB/9/GDRDMA
a100-llm-05:3812008:3812149 [4] NCCL INFO NET/IB: IbDev 6 Port 1 qpn 517 set_ece={supported=1, vendor_id=0x15b3, options=0x30000000, comp_mask=0x0}
a100-llm-05:3812008:3812142 [2] NCCL INFO NET/IB: NCCL Dev 10 IbDev 3 Port 1 qpn 774 mtu 5 GID 3 (0/220D13C6FFFF0000) ctsFifoRkey=0xedee3 ctsFifoLkey=0xedee3
a100-llm-05:3812008:3812142 [2] NCCL INFO NET/IB: IbDev 3 Port 1 qpn 774 query_ece={supported=1, vendor_id=0x15b3, options=0x30000000, comp_mask=0x0}
a100-llm-05:3812008:3812142 [2] NCCL INFO NET/IB: NCCL Dev 10 IbDev 4 Port 1 qpn 518 mtu 5 GID 3 (0/422613C6FFFF0000) ctsFifoRkey=0xb6c2a ctsFifoLkey=0xb6c2a
a100-llm-05:3812008:3812142 [2] NCCL INFO NET/IB: IbDev 4 Port 1 qpn 518 query_ece={supported=1, vendor_id=0x15b3, options=0x30000000, comp_mask=0x0}
a100-llm-05:3812008:3812142 [2] NCCL INFO NET/IB: IbDev 3 Port 1 qpn 773 set_ece={supported=1, vendor_id=0x15b3, options=0x30000000, comp_mask=0x0}
a100-llm-05:3812008:3812142 [2] NCCL INFO NET/IB: IbDev 4 Port 1 qpn 517 set_ece={supported=1, vendor_id=0x15b3, options=0x30000000, comp_mask=0x0}
a100-llm-05:3812008:3812146 [6] NCCL INFO NET/IB: NCCL Dev 12 IbDev 7 Port 1 qpn 776 mtu 5 GID 3 (0/4E5A13C6FFFF0000) ctsFifoRkey=0xe9b9a ctsFifoLkey=0xe9b9a
a100-llm-05:3812008:3812146 [6] NCCL INFO NET/IB: IbDev 7 Port 1 qpn 776 query_ece={supported=1, vendor_id=0x15b3, options=0x30000000, comp_mask=0x0}
a100-llm-05:3812008:3812146 [6] NCCL INFO NET/IB: NCCL Dev 12 IbDev 8 Port 1 qpn 520 mtu 5 GID 3 (0/57B013C6FFFF0000) ctsFifoRkey=0xae3a2 ctsFifoLkey=0xae3a2
a100-llm-05:3812008:3812146 [6] NCCL INFO NET/IB: IbDev 8 Port 1 qpn 520 query_ece={supported=1, vendor_id=0x15b3, options=0x30000000, comp_mask=0x0}
a100-llm-05:3812008:3812146 [6] NCCL INFO NET/IB: NCCL Dev 12 IbDev 7 Port 1 qpn 777 mtu 5 GID 3 (0/4E5A13C6FFFF0000) ctsFifoRkey=0xea8a6 ctsFifoLkey=0xea8a6
a100-llm-05:3812008:3812146 [6] NCCL INFO NET/IB: IbDev 7 Port 1 qpn 777 query_ece={supported=1, vendor_id=0x15b3, options=0x30000000, comp_mask=0x0}
a100-llm-05:3812008:3812146 [6] NCCL INFO NET/IB: NCCL Dev 12 IbDev 8 Port 1 qpn 521 mtu 5 GID 3 (0/57B013C6FFFF0000) ctsFifoRkey=0xaf0ae ctsFifoLkey=0xaf0ae
a100-llm-05:3812008:3812146 [6] NCCL INFO NET/IB: IbDev 8 Port 1 qpn 521 query_ece={supported=1, vendor_id=0x15b3, options=0x30000000, comp_mask=0x0}
a100-llm-05:3812008:3812140 [3] NCCL INFO NET/IB: IbDev 3 Port 1 qpn 772 set_ece={supported=1, vendor_id=0x15b3, options=0x30000000, comp_mask=0x0}
a100-llm-05:3812008:3812142 [2] NCCL INFO NET/IB: IbDev 3 Port 1 qpn 774 set_ece={supported=1, vendor_id=0x15b3, options=0x30000000, comp_mask=0x0}
a100-llm-05:3812008:3812140 [3] NCCL INFO NET/IB: IbDev 4 Port 1 qpn 516 set_ece={supported=1, vendor_id=0x15b3, options=0x30000000, comp_mask=0x0}
a100-llm-05:3812008:3812142 [2] NCCL INFO NET/IB: IbDev 4 Port 1 qpn 518 set_ece={supported=1, vendor_id=0x15b3, options=0x30000000, comp_mask=0x0}
a100-llm-05:3812008:3812153 [5] NCCL INFO NET/IB: IbDev 5 Port 1 qpn 779 set_ece={supported=1, vendor_id=0x15b3, options=0x30000000, comp_mask=0x0}
a100-llm-05:3812008:3812153 [5] NCCL INFO NET/IB: IbDev 6 Port 1 qpn 523 set_ece={supported=1, vendor_id=0x15b3, options=0x30000000, comp_mask=0x0}
a100-llm-05:3812008:3812140 [3] NCCL INFO NET/IB: NCCL Dev 10 IbDev 3 Port 1 qpn 779 mtu 5 GID 3 (0/220D13C6FFFF0000) ctsFifoRkey=0xf0603 ctsFifoLkey=0xf0603
a100-llm-05:3812008:3812140 [3] NCCL INFO NET/IB: IbDev 3 Port 1 qpn 779 query_ece={supported=1, vendor_id=0x15b3, options=0x30000000, comp_mask=0x0}
a100-llm-05:3812008:3812140 [3] NCCL INFO NET/IB: NCCL Dev 10 IbDev 4 Port 1 qpn 523 mtu 5 GID 3 (0/422613C6FFFF0000) ctsFifoRkey=0xb9150 ctsFifoLkey=0xb9150
a100-llm-05:3812008:3812140 [3] NCCL INFO NET/IB: IbDev 4 Port 1 qpn 523 query_ece={supported=1, vendor_id=0x15b3, options=0x30000000, comp_mask=0x0}
a100-llm-05:3812008:3812146 [6] NCCL INFO NET/IB: IbDev 7 Port 1 qpn 776 set_ece={supported=1, vendor_id=0x15b3, options=0x30000000, comp_mask=0x0}
a100-llm-05:3812008:3812146 [6] NCCL INFO NET/IB: IbDev 8 Port 1 qpn 520 set_ece={supported=1, vendor_id=0x15b3, options=0x30000000, comp_mask=0x0}
a100-llm-05:3812008:3812140 [3] NCCL INFO NET/IB: IbDev 3 Port 1 qpn 779 set_ece={supported=1, vendor_id=0x15b3, options=0x30000000, comp_mask=0x0}
a100-llm-05:3812008:3812140 [3] NCCL INFO NET/IB: IbDev 4 Port 1 qpn 523 set_ece={supported=1, vendor_id=0x15b3, options=0x30000000, comp_mask=0x0}
a100-llm-05:3812008:3812146 [6] NCCL INFO NET/IB: IbDev 7 Port 1 qpn 777 set_ece={supported=1, vendor_id=0x15b3, options=0x30000000, comp_mask=0x0}
a100-llm-05:3812008:3812146 [6] NCCL INFO NET/IB: IbDev 8 Port 1 qpn 521 set_ece={supported=1, vendor_id=0x15b3, options=0x30000000, comp_mask=0x0}
a100-llm-05:3812008:3812147 [7] NCCL INFO NET/IB: NCCL Dev 12 IbDev 7 Port 1 qpn 782 mtu 5 GID 3 (0/4E5A13C6FFFF0000) ctsFifoRkey=0xecac9 ctsFifoLkey=0xecac9
a100-llm-05:3812008:3812147 [7] NCCL INFO NET/IB: IbDev 7 Port 1 qpn 782 query_ece={supported=1, vendor_id=0x15b3, options=0x30000000, comp_mask=0x0}
a100-llm-05:3812008:3812147 [7] NCCL INFO NET/IB: NCCL Dev 12 IbDev 8 Port 1 qpn 526 mtu 5 GID 3 (0/57B013C6FFFF0000) ctsFifoRkey=0xb14d3 ctsFifoLkey=0xb14d3
a100-llm-05:3812008:3812147 [7] NCCL INFO NET/IB: IbDev 8 Port 1 qpn 526 query_ece={supported=1, vendor_id=0x15b3, options=0x30000000, comp_mask=0x0}
a100-llm-05:3812008:3812144 [1] NCCL INFO NET/IB: NCCL Dev 9 IbDev 1 Port 1 qpn 772 mtu 5 GID 3 (0/F34413C6FFFF0000) ctsFifoRkey=0xed8d7 ctsFifoLkey=0xed8d7
a100-llm-05:3812008:3812144 [1] NCCL INFO NET/IB: IbDev 1 Port 1 qpn 772 query_ece={supported=1, vendor_id=0x15b3, options=0x30000000, comp_mask=0x0}
a100-llm-05:3812008:3812144 [1] NCCL INFO NET/IB: NCCL Dev 9 IbDev 2 Port 1 qpn 516 mtu 5 GID 3 (0/173F13C6FFFF0000) ctsFifoRkey=0xb25e4 ctsFifoLkey=0xb25e4
a100-llm-05:3812008:3812144 [1] NCCL INFO NET/IB: IbDev 2 Port 1 qpn 516 query_ece={supported=1, vendor_id=0x15b3, options=0x30000000, comp_mask=0x0}
a100-llm-05:3812008:3812154 [0] NCCL INFO NET/IB: NCCL Dev 9 IbDev 1 Port 1 qpn 773 mtu 5 GID 3 (0/F34413C6FFFF0000) ctsFifoRkey=0xee4e3 ctsFifoLkey=0xee4e3
a100-llm-05:3812008:3812154 [0] NCCL INFO NET/IB: IbDev 1 Port 1 qpn 773 query_ece={supported=1, vendor_id=0x15b3, options=0x30000000, comp_mask=0x0}
a100-llm-05:3812008:3812154 [0] NCCL INFO NET/IB: NCCL Dev 9 IbDev 2 Port 1 qpn 517 mtu 5 GID 3 (0/173F13C6FFFF0000) ctsFifoRkey=0xb31f0 ctsFifoLkey=0xb31f0
a100-llm-05:3812008:3812154 [0] NCCL INFO NET/IB: IbDev 2 Port 1 qpn 517 query_ece={supported=1, vendor_id=0x15b3, options=0x30000000, comp_mask=0x0}
a100-llm-05:3812008:3812147 [7] NCCL INFO NET/IB: NCCL Dev 12 IbDev 7 Port 1 qpn 783 mtu 5 GID 3 (0/4E5A13C6FFFF0000) ctsFifoRkey=0xed4d5 ctsFifoLkey=0xed4d5
a100-llm-05:3812008:3812147 [7] NCCL INFO NET/IB: IbDev 7 Port 1 qpn 783 query_ece={supported=1, vendor_id=0x15b3, options=0x30000000, comp_mask=0x0}
a100-llm-05:3812008:3812147 [7] NCCL INFO NET/IB: NCCL Dev 12 IbDev 8 Port 1 qpn 527 mtu 5 GID 3 (0/57B013C6FFFF0000) ctsFifoRkey=0xb20df ctsFifoLkey=0xb20df
a100-llm-05:3812008:3812147 [7] NCCL INFO NET/IB: IbDev 8 Port 1 qpn 527 query_ece={supported=1, vendor_id=0x15b3, options=0x30000000, comp_mask=0x0}
a100-llm-05:3812008:3812154 [0] NCCL INFO NET/IB: NCCL Dev 9 IbDev 1 Port 1 qpn 774 mtu 5 GID 3 (0/F34413C6FFFF0000) ctsFifoRkey=0xef0ef ctsFifoLkey=0xef0ef
a100-llm-05:3812008:3812154 [0] NCCL INFO NET/IB: IbDev 1 Port 1 qpn 774 query_ece={supported=1, vendor_id=0x15b3, options=0x30000000, comp_mask=0x0}
a100-llm-05:3812008:3812154 [0] NCCL INFO NET/IB: NCCL Dev 9 IbDev 2 Port 1 qpn 518 mtu 5 GID 3 (0/173F13C6FFFF0000) ctsFifoRkey=0xb3efc ctsFifoLkey=0xb3efc
a100-llm-05:3812008:3812154 [0] NCCL INFO NET/IB: IbDev 2 Port 1 qpn 518 query_ece={supported=1, vendor_id=0x15b3, options=0x30000000, comp_mask=0x0}
a100-llm-05:3812008:3812147 [7] NCCL INFO NET/IB: IbDev 7 Port 1 qpn 782 set_ece={supported=1, vendor_id=0x15b3, options=0x30000000, comp_mask=0x0}
a100-llm-05:3812008:3812147 [7] NCCL INFO NET/IB: IbDev 8 Port 1 qpn 526 set_ece={supported=1, vendor_id=0x15b3, options=0x30000000, comp_mask=0x0}
a100-llm-05:3812008:3812147 [7] NCCL INFO NET/IB: IbDev 7 Port 1 qpn 783 set_ece={supported=1, vendor_id=0x15b3, options=0x30000000, comp_mask=0x0}
a100-llm-05:3812008:3812147 [7] NCCL INFO NET/IB: IbDev 8 Port 1 qpn 527 set_ece={supported=1, vendor_id=0x15b3, options=0x30000000, comp_mask=0x0}
a100-llm-05:3812008:3812144 [1] NCCL INFO NET/IB: NCCL Dev 9 IbDev 1 Port 1 qpn 781 mtu 5 GID 3 (0/F34413C6FFFF0000) ctsFifoRkey=0xf1f1f ctsFifoLkey=0xf1f1f
a100-llm-05:3812008:3812144 [1] NCCL INFO NET/IB: IbDev 1 Port 1 qpn 781 query_ece={supported=1, vendor_id=0x15b3, options=0x30000000, comp_mask=0x0}
a100-llm-05:3812008:3812144 [1] NCCL INFO NET/IB: NCCL Dev 9 IbDev 2 Port 1 qpn 525 mtu 5 GID 3 (0/173F13C6FFFF0000) ctsFifoRkey=0xb6c2c ctsFifoLkey=0xb6c2c
a100-llm-05:3812008:3812144 [1] NCCL INFO NET/IB: IbDev 2 Port 1 qpn 525 query_ece={supported=1, vendor_id=0x15b3, options=0x30000000, comp_mask=0x0}
a100-llm-05:3812008:3812144 [1] NCCL INFO NET/IB: IbDev 1 Port 1 qpn 772 set_ece={supported=1, vendor_id=0x15b3, options=0x30000000, comp_mask=0x0}
a100-llm-05:3812008:3812144 [1] NCCL INFO NET/IB: IbDev 2 Port 1 qpn 516 set_ece={supported=1, vendor_id=0x15b3, options=0x30000000, comp_mask=0x0}
a100-llm-05:3812008:3812154 [0] NCCL INFO NET/IB: IbDev 1 Port 1 qpn 773 set_ece={supported=1, vendor_id=0x15b3, options=0x30000000, comp_mask=0x0}
a100-llm-05:3812008:3812154 [0] NCCL INFO NET/IB: IbDev 2 Port 1 qpn 517 set_ece={supported=1, vendor_id=0x15b3, options=0x30000000, comp_mask=0x0}
a100-llm-05:3812008:3812154 [0] NCCL INFO NET/IB: IbDev 1 Port 1 qpn 774 set_ece={supported=1, vendor_id=0x15b3, options=0x30000000, comp_mask=0x0}
a100-llm-05:3812008:3812154 [0] NCCL INFO NET/IB: IbDev 2 Port 1 qpn 518 set_ece={supported=1, vendor_id=0x15b3, options=0x30000000, comp_mask=0x0}
a100-llm-05:3812008:3812144 [1] NCCL INFO NET/IB: IbDev 1 Port 1 qpn 781 set_ece={supported=1, vendor_id=0x15b3, options=0x30000000, comp_mask=0x0}
a100-llm-05:3812008:3812144 [1] NCCL INFO NET/IB: IbDev 2 Port 1 qpn 525 set_ece={supported=1, vendor_id=0x15b3, options=0x30000000, comp_mask=0x0}
[AIMD] FinalizeChunkRTT: cc=0x7f784c0659a0 slot=0 inflight_before=1
[AIMD] FinalizeChunkRTT: cc=0x7f786421cc70 slot=687 inflight_before=8
warmup done.
[AIMD] FinalizeChunkRTT: cc=0x7f786421cc70 slot=377 inflight_before=3
[AIMD] FinalizeChunkRTT: cc=0x7f7858001000 slot=66 inflight_before=6
a100-llm-05:3812008:3812132 [0] NCCL INFO V2MIN: pressure=1.000 (fast=0.097 slow=0.001 dev=0.0959) state=SHRINK window=204 floor=204 high=3142 low=0 ncc=16
[AIMD] FinalizeChunkRTT: cc=0x7f7858001000 slot=766 inflight_before=4
[AIMD] FinalizeChunkRTT: cc=0x7f7858001000 slot=470 inflight_before=8
[AIMD] FinalizeChunkRTT: cc=0x7f785c006de0 slot=272 inflight_before=1
[AIMD] FinalizeChunkRTT: cc=0x7f7858017320 slot=987 inflight_before=6
[AIMD] FinalizeChunkRTT: cc=0x7f786c0c7180 slot=535 inflight_before=1
a100-llm-05:3812008:3812132 [0] NCCL INFO V2MIN: pressure=1.000 (fast=0.169 slow=0.001 dev=0.1680) state=SHRINK window=204 floor=204 high=7868 low=0 ncc=16
[AIMD] FinalizeChunkRTT: cc=0x7f786421cc70 slot=860 inflight_before=2
[AIMD] FinalizeChunkRTT: cc=0x7f784c0659a0 slot=436 inflight_before=1
[AIMD] FinalizeChunkRTT: cc=0x7f784c0659a0 slot=806 inflight_before=1
[AIMD] FinalizeChunkRTT: cc=0x7f785c006de0 slot=238 inflight_before=1
[AIMD] FinalizeChunkRTT: cc=0x7f7848065400 slot=644 inflight_before=1
a100-llm-05:3812008:3812132 [0] NCCL INFO V2MIN: pressure=1.000 (fast=0.175 slow=0.001 dev=0.1745) state=SHRINK window=204 floor=204 high=12591 low=0 ncc=16
[AIMD] FinalizeChunkRTT: cc=0x7f785c006de0 slot=68 inflight_before=1
[AIMD] FinalizeChunkRTT: cc=0x7f786421cc70 slot=558 inflight_before=1
[AIMD] FinalizeChunkRTT: cc=0x7f7850001000 slot=52 inflight_before=1
[AIMD] FinalizeChunkRTT: cc=0x7f7850001000 slot=503 inflight_before=3
[AIMD] FinalizeChunkRTT: cc=0x7f7858017320 slot=925 inflight_before=8
a100-llm-05:3812008:3812132 [0] NCCL INFO V2MIN: pressure=1.000 (fast=0.114 slow=0.001 dev=0.1128) state=SHRINK window=204 floor=204 high=17312 low=0 ncc=16
[AIMD] FinalizeChunkRTT: cc=0x7f786421cc70 slot=330 inflight_before=1
[AIMD] FinalizeChunkRTT: cc=0x7f7850001000 slot=809 inflight_before=8
[AIMD] FinalizeChunkRTT: cc=0x7f786421cc70 slot=230 inflight_before=1
[AIMD] FinalizeChunkRTT: cc=0x7f7860001000 slot=694 inflight_before=8
[AIMD] FinalizeChunkRTT: cc=0x7f786c0c7180 slot=216 inflight_before=1
a100-llm-05:3812008:3812132 [0] NCCL INFO V2MIN: pressure=1.000 (fast=0.136 slow=0.001 dev=0.1346) state=SHRINK window=204 floor=204 high=21976 low=0 ncc=16
[AIMD] FinalizeChunkRTT: cc=0x7f785c006de0 slot=856 inflight_before=1
[AIMD] FinalizeChunkRTT: cc=0x7f786421cc70 slot=423 inflight_before=1
[AIMD] FinalizeChunkRTT: cc=0x7f7860001000 slot=42 inflight_before=1
CSV written to: det_v1_baseline_run4/bench_latency_20260416_162034.csv

========================================
  Oracle Experiment Results
========================================
Config: nDev=8  count=1048576  data=4.19 MB  iters=1000
NCCL_AIMD_ENABLE=1  NCCL_CC_ORACLE_FACTOR=(unset)

Wall-clock latency (us):
  mean= 25538.8  stddev= 12882.3
  p50 = 22838.5  p99   = 69638.3  max= 83902.6

Collective max GPU latency (us):
  mean= 24645.4  stddev= 12297.1
  p50 = 22109.7  p99   = 63852.6  max= 83879.9

Rank skew (us):
  mean=  2392.4  stddev=  4433.7
  p50 =   231.4  p99   = 19607.8  max= 28863.5

Avg algo bandwidth: 0.29 GB/s
========================================

