a100-llm-05:3886081:3886208 [7] NCCL INFO New proxy recv connection 0 from local rank 0, transport 2
a100-llm-05:3886081:3886216 [7] NCCL INFO Connected to proxy localRank 0 -> connection 0x7efb98000d10
a100-llm-05:3886081:3886202 [3] NCCL INFO New proxy recv connection 1 from local rank 0, transport 2
a100-llm-05:3886081:3886220 [3] NCCL INFO Connected to proxy localRank 0 -> connection 0x7efba8000d88
a100-llm-05:3886081:3886221 [2] NCCL INFO Connected to proxy localRank 0 -> connection 0x7efbac000d10
a100-llm-05:3886081:3886220 [3] NCCL INFO Channel 01/0 : 2[2] -> 3[3] [receive] via NET/IB/10/GDRDMA
a100-llm-05:3886081:3886220 [3] NCCL INFO GPU Direct RDMA Enabled for GPU/0-1028192 (rank 3) - NET/0-10 (distance 5 <= 6, read 1, mode Default)
a100-llm-05:3886081:3886202 [3] NCCL INFO New proxy send connection 2 from local rank 0, transport 2
a100-llm-05:3886081:3886220 [3] NCCL INFO Connected to proxy localRank 0 -> connection 0x7efba8000e00
a100-llm-05:3886081:3886220 [3] NCCL INFO Channel 00/0 : 3[3] -> 4[4] [send] via NET/IB/10/GDRDMA
a100-llm-05:3886081:3886220 [3] NCCL INFO GPU Direct RDMA Enabled for GPU/0-1028192 (rank 3) - NET/0-10 (distance 5 <= 6, read 1, mode Default)
a100-llm-05:3886081:3886202 [3] NCCL INFO New proxy send connection 3 from local rank 0, transport 2
a100-llm-05:3886081:3886220 [3] NCCL INFO Connected to proxy localRank 0 -> connection 0x7efba8000e78
a100-llm-05:3886081:3886220 [3] NCCL INFO Channel 01/0 : 3[3] -> 4[4] [send] via NET/IB/10/GDRDMA
a100-llm-05:3886081:3886206 [0] NCCL INFO New proxy recv connection 0 from local rank 0, transport 2
a100-llm-05:3886081:3886204 [6] NCCL INFO New proxy recv connection 0 from local rank 0, transport 2
a100-llm-05:3886081:3886211 [5] NCCL INFO New proxy recv connection 0 from local rank 0, transport 2
a100-llm-05:3886081:3886218 [5] NCCL INFO Connected to proxy localRank 0 -> connection 0x7efb8c000d10
a100-llm-05:3886081:3886221 [2] NCCL INFO Channel 00/0 : 1[1] -> 2[2] [receive] via NET/IB/10/GDRDMA
a100-llm-05:3886081:3886221 [2] NCCL INFO GPU Direct RDMA Enabled for GPU/0-1028176 (rank 2) - NET/0-10 (distance 5 <= 6, read 0, mode Default)
a100-llm-05:3886081:3886200 [2] NCCL INFO New proxy recv connection 1 from local rank 0, transport 2
a100-llm-05:3886081:3886216 [7] NCCL INFO Channel 00/0 : 6[6] -> 7[7] [receive] via NET/IB/12/GDRDMA
a100-llm-05:3886081:3886216 [7] NCCL INFO GPU Direct RDMA Enabled for GPU/0-1044576 (rank 7) - NET/0-12 (distance 5 <= 6, read 0, mode Default)
a100-llm-05:3886081:3886208 [7] NCCL INFO New proxy recv connection 1 from local rank 0, transport 2
a100-llm-05:3886081:3886221 [2] NCCL INFO Connected to proxy localRank 0 -> connection 0x7efbac000d88
a100-llm-05:3886081:3886216 [7] NCCL INFO Connected to proxy localRank 0 -> connection 0x7efb98000d88
a100-llm-05:3886081:3886221 [2] NCCL INFO Channel 01/0 : 1[1] -> 2[2] [receive] via NET/IB/10/GDRDMA
a100-llm-05:3886081:3886221 [2] NCCL INFO GPU Direct RDMA Enabled for GPU/0-1028176 (rank 2) - NET/0-10 (distance 5 <= 6, read 1, mode Default)
a100-llm-05:3886081:3886200 [2] NCCL INFO New proxy send connection 2 from local rank 0, transport 2
a100-llm-05:3886081:3886216 [7] NCCL INFO Channel 01/0 : 6[6] -> 7[7] [receive] via NET/IB/12/GDRDMA
a100-llm-05:3886081:3886216 [7] NCCL INFO GPU Direct RDMA Enabled for GPU/0-1044576 (rank 7) - NET/0-12 (distance 5 <= 6, read 1, mode Default)
a100-llm-05:3886081:3886208 [7] NCCL INFO New proxy send connection 2 from local rank 0, transport 2
a100-llm-05:3886081:3886221 [2] NCCL INFO Connected to proxy localRank 0 -> connection 0x7efbac000e00
a100-llm-05:3886081:3886216 [7] NCCL INFO Connected to proxy localRank 0 -> connection 0x7efb98000e00
a100-llm-05:3886081:3886221 [2] NCCL INFO Channel 00/0 : 2[2] -> 3[3] [send] via NET/IB/10/GDRDMA
a100-llm-05:3886081:3886221 [2] NCCL INFO GPU Direct RDMA Enabled for GPU/0-1028176 (rank 2) - NET/0-10 (distance 5 <= 6, read 1, mode Default)
a100-llm-05:3886081:3886216 [7] NCCL INFO Channel 00/0 : 7[7] -> 0[0] [send] via NET/IB/12/GDRDMA
a100-llm-05:3886081:3886216 [7] NCCL INFO GPU Direct RDMA Enabled for GPU/0-1044576 (rank 7) - NET/0-12 (distance 5 <= 6, read 1, mode Default)
a100-llm-05:3886081:3886205 [1] NCCL INFO New proxy recv connection 0 from local rank 0, transport 2
a100-llm-05:3886081:3886207 [4] NCCL INFO New proxy recv connection 0 from local rank 0, transport 2
a100-llm-05:3886081:3886223 [0] NCCL INFO Connected to proxy localRank 0 -> connection 0x7efba4000d10
a100-llm-05:3886081:3886222 [1] NCCL INFO Connected to proxy localRank 0 -> connection 0x7efb90000d10
a100-llm-05:3886081:3886223 [0] NCCL INFO Channel 00/0 : 7[7] -> 0[0] [receive] via NET/IB/9/GDRDMA
a100-llm-05:3886081:3886223 [0] NCCL INFO GPU Direct RDMA Enabled for GPU/0-1019984 (rank 0) - NET/0-9 (distance 5 <= 6, read 0, mode Default)
a100-llm-05:3886081:3886206 [0] NCCL INFO New proxy recv connection 1 from local rank 0, transport 2
a100-llm-05:3886081:3886223 [0] NCCL INFO Connected to proxy localRank 0 -> connection 0x7efba4000d88
a100-llm-05:3886081:3886223 [0] NCCL INFO Channel 01/0 : 7[7] -> 0[0] [receive] via NET/IB/9/GDRDMA
a100-llm-05:3886081:3886223 [0] NCCL INFO GPU Direct RDMA Enabled for GPU/0-1019984 (rank 0) - NET/0-9 (distance 5 <= 6, read 1, mode Default)
a100-llm-05:3886081:3886206 [0] NCCL INFO New proxy send connection 2 from local rank 0, transport 2
a100-llm-05:3886081:3886223 [0] NCCL INFO Connected to proxy localRank 0 -> connection 0x7efba4000e00
a100-llm-05:3886081:3886223 [0] NCCL INFO Channel 00/0 : 0[0] -> 1[1] [send] via NET/IB/9/GDRDMA
a100-llm-05:3886081:3886218 [5] NCCL INFO Channel 00/0 : 4[4] -> 5[5] [receive] via NET/IB/11/GDRDMA
a100-llm-05:3886081:3886223 [0] NCCL INFO GPU Direct RDMA Enabled for GPU/0-1019984 (rank 0) - NET/0-9 (distance 5 <= 6, read 1, mode Default)
a100-llm-05:3886081:3886217 [6] NCCL INFO Connected to proxy localRank 0 -> connection 0x7efba0000d10
a100-llm-05:3886081:3886200 [2] NCCL INFO New proxy send connection 3 from local rank 0, transport 2
a100-llm-05:3886081:3886208 [7] NCCL INFO New proxy send connection 3 from local rank 0, transport 2
a100-llm-05:3886081:3886221 [2] NCCL INFO Connected to proxy localRank 0 -> connection 0x7efbac000e78
a100-llm-05:3886081:3886222 [1] NCCL INFO Channel 00/0 : 0[0] -> 1[1] [receive] via NET/IB/9/GDRDMA
a100-llm-05:3886081:3886222 [1] NCCL INFO GPU Direct RDMA Enabled for GPU/0-1020000 (rank 1) - NET/0-9 (distance 5 <= 6, read 0, mode Default)
a100-llm-05:3886081:3886205 [1] NCCL INFO New proxy recv connection 1 from local rank 0, transport 2
a100-llm-05:3886081:3886222 [1] NCCL INFO Connected to proxy localRank 0 -> connection 0x7efb90000d88
a100-llm-05:3886081:3886222 [1] NCCL INFO Channel 01/0 : 0[0] -> 1[1] [receive] via NET/IB/9/GDRDMA
a100-llm-05:3886081:3886222 [1] NCCL INFO GPU Direct RDMA Enabled for GPU/0-1020000 (rank 1) - NET/0-9 (distance 5 <= 6, read 1, mode Default)
a100-llm-05:3886081:3886205 [1] NCCL INFO New proxy send connection 2 from local rank 0, transport 2
a100-llm-05:3886081:3886222 [1] NCCL INFO Connected to proxy localRank 0 -> connection 0x7efb90000e00
a100-llm-05:3886081:3886222 [1] NCCL INFO Channel 00/0 : 1[1] -> 2[2] [send] via NET/IB/9/GDRDMA
a100-llm-05:3886081:3886222 [1] NCCL INFO GPU Direct RDMA Enabled for GPU/0-1020000 (rank 1) - NET/0-9 (distance 5 <= 6, read 1, mode Default)
a100-llm-05:3886081:3886205 [1] NCCL INFO New proxy send connection 3 from local rank 0, transport 2
a100-llm-05:3886081:3886222 [1] NCCL INFO Connected to proxy localRank 0 -> connection 0x7efb90000e78
a100-llm-05:3886081:3886216 [7] NCCL INFO Connected to proxy localRank 0 -> connection 0x7efb98000e78
a100-llm-05:3886081:3886222 [1] NCCL INFO Channel 01/0 : 1[1] -> 2[2] [send] via NET/IB/9/GDRDMA
a100-llm-05:3886081:3886221 [2] NCCL INFO Channel 01/0 : 2[2] -> 3[3] [send] via NET/IB/10/GDRDMA
a100-llm-05:3886081:3886216 [7] NCCL INFO Channel 01/0 : 7[7] -> 0[0] [send] via NET/IB/12/GDRDMA
a100-llm-05:3886081:3886206 [0] NCCL INFO New proxy send connection 3 from local rank 0, transport 2
a100-llm-05:3886081:3886218 [5] NCCL INFO GPU Direct RDMA Enabled for GPU/0-1036384 (rank 5) - NET/0-11 (distance 5 <= 6, read 0, mode Default)
a100-llm-05:3886081:3886219 [4] NCCL INFO Connected to proxy localRank 0 -> connection 0x7efce7fc16a0
a100-llm-05:3886081:3886211 [5] NCCL INFO New proxy recv connection 1 from local rank 0, transport 2
a100-llm-05:3886081:3886223 [0] NCCL INFO Connected to proxy localRank 0 -> connection 0x7efba4000e78
a100-llm-05:3886081:3886217 [6] NCCL INFO Channel 00/0 : 5[5] -> 6[6] [receive] via NET/IB/12/GDRDMA
a100-llm-05:3886081:3886217 [6] NCCL INFO GPU Direct RDMA Enabled for GPU/0-1044560 (rank 6) - NET/0-12 (distance 5 <= 6, read 0, mode Default)
a100-llm-05:3886081:3886204 [6] NCCL INFO New proxy recv connection 1 from local rank 0, transport 2
a100-llm-05:3886081:3886218 [5] NCCL INFO Connected to proxy localRank 0 -> connection 0x7efb8c000d88
a100-llm-05:3886081:3886219 [4] NCCL INFO Channel 00/0 : 3[3] -> 4[4] [receive] via NET/IB/11/GDRDMA
a100-llm-05:3886081:3886219 [4] NCCL INFO GPU Direct RDMA Enabled for GPU/0-1036368 (rank 4) - NET/0-11 (distance 5 <= 6, read 0, mode Default)
a100-llm-05:3886081:3886217 [6] NCCL INFO Connected to proxy localRank 0 -> connection 0x7efba0000d88
a100-llm-05:3886081:3886217 [6] NCCL INFO Channel 01/0 : 5[5] -> 6[6] [receive] via NET/IB/12/GDRDMA
a100-llm-05:3886081:3886217 [6] NCCL INFO GPU Direct RDMA Enabled for GPU/0-1044560 (rank 6) - NET/0-12 (distance 5 <= 6, read 1, mode Default)
a100-llm-05:3886081:3886204 [6] NCCL INFO New proxy send connection 2 from local rank 0, transport 2
a100-llm-05:3886081:3886217 [6] NCCL INFO Connected to proxy localRank 0 -> connection 0x7efba0000e00
a100-llm-05:3886081:3886217 [6] NCCL INFO Channel 00/0 : 6[6] -> 7[7] [send] via NET/IB/12/GDRDMA
a100-llm-05:3886081:3886217 [6] NCCL INFO GPU Direct RDMA Enabled for GPU/0-1044560 (rank 6) - NET/0-12 (distance 5 <= 6, read 1, mode Default)
a100-llm-05:3886081:3886204 [6] NCCL INFO New proxy send connection 3 from local rank 0, transport 2
a100-llm-05:3886081:3886217 [6] NCCL INFO Connected to proxy localRank 0 -> connection 0x7efba0000e78
a100-llm-05:3886081:3886217 [6] NCCL INFO Channel 01/0 : 6[6] -> 7[7] [send] via NET/IB/12/GDRDMA
a100-llm-05:3886081:3886223 [0] NCCL INFO Channel 01/0 : 0[0] -> 1[1] [send] via NET/IB/9/GDRDMA
a100-llm-05:3886081:3886207 [4] NCCL INFO New proxy recv connection 1 from local rank 0, transport 2
a100-llm-05:3886081:3886219 [4] NCCL INFO Connected to proxy localRank 0 -> connection 0x7efce7fc1718
a100-llm-05:3886081:3886218 [5] NCCL INFO Channel 01/0 : 4[4] -> 5[5] [receive] via NET/IB/11/GDRDMA
a100-llm-05:3886081:3886218 [5] NCCL INFO GPU Direct RDMA Enabled for GPU/0-1036384 (rank 5) - NET/0-11 (distance 5 <= 6, read 1, mode Default)
a100-llm-05:3886081:3886208 [7] NCCL INFO NET/IB: NCCL Dev 12 IbDev 7 Port 1 qpn 916 mtu 5 GID 3 (0/4E5A13C6FFFF0000) ctsFifoRkey=0x12faf8 ctsFifoLkey=0x12faf8
a100-llm-05:3886081:3886208 [7] NCCL INFO NET/IB: IbDev 7 Port 1 qpn 916 query_ece={supported=1, vendor_id=0x15b3, options=0x30000000, comp_mask=0x0}
a100-llm-05:3886081:3886208 [7] NCCL INFO NET/IB: NCCL Dev 12 IbDev 8 Port 1 qpn 660 mtu 5 GID 3 (0/57B013C6FFFF0000) ctsFifoRkey=0xf5615 ctsFifoLkey=0xf5615
a100-llm-05:3886081:3886208 [7] NCCL INFO NET/IB: IbDev 8 Port 1 qpn 660 query_ece={supported=1, vendor_id=0x15b3, options=0x30000000, comp_mask=0x0}
a100-llm-05:3886081:3886219 [4] NCCL INFO Channel 01/0 : 3[3] -> 4[4] [receive] via NET/IB/11/GDRDMA
a100-llm-05:3886081:3886219 [4] NCCL INFO GPU Direct RDMA Enabled for GPU/0-1036368 (rank 4) - NET/0-11 (distance 5 <= 6, read 1, mode Default)
a100-llm-05:3886081:3886208 [7] NCCL INFO NET/IB: NCCL Dev 12 IbDev 7 Port 1 qpn 917 mtu 5 GID 3 (0/4E5A13C6FFFF0000) ctsFifoRkey=0x130605 ctsFifoLkey=0x130605
a100-llm-05:3886081:3886208 [7] NCCL INFO NET/IB: IbDev 7 Port 1 qpn 917 query_ece={supported=1, vendor_id=0x15b3, options=0x30000000, comp_mask=0x0}
a100-llm-05:3886081:3886208 [7] NCCL INFO NET/IB: NCCL Dev 12 IbDev 8 Port 1 qpn 661 mtu 5 GID 3 (0/57B013C6FFFF0000) ctsFifoRkey=0xf6221 ctsFifoLkey=0xf6221
a100-llm-05:3886081:3886208 [7] NCCL INFO NET/IB: IbDev 8 Port 1 qpn 661 query_ece={supported=1, vendor_id=0x15b3, options=0x30000000, comp_mask=0x0}
a100-llm-05:3886081:3886207 [4] NCCL INFO New proxy send connection 2 from local rank 0, transport 2
a100-llm-05:3886081:3886205 [1] NCCL INFO NET/IB: NCCL Dev 9 IbDev 1 Port 1 qpn 916 mtu 5 GID 3 (0/F34413C6FFFF0000) ctsFifoRkey=0x135e5e ctsFifoLkey=0x135e5e
a100-llm-05:3886081:3886205 [1] NCCL INFO NET/IB: IbDev 1 Port 1 qpn 916 query_ece={supported=1, vendor_id=0x15b3, options=0x30000000, comp_mask=0x0}
a100-llm-05:3886081:3886205 [1] NCCL INFO NET/IB: NCCL Dev 9 IbDev 2 Port 1 qpn 660 mtu 5 GID 3 (0/173F13C6FFFF0000) ctsFifoRkey=0xfa261 ctsFifoLkey=0xfa261
a100-llm-05:3886081:3886205 [1] NCCL INFO NET/IB: IbDev 2 Port 1 qpn 660 query_ece={supported=1, vendor_id=0x15b3, options=0x30000000, comp_mask=0x0}
a100-llm-05:3886081:3886211 [5] NCCL INFO New proxy send connection 2 from local rank 0, transport 2
a100-llm-05:3886081:3886218 [5] NCCL INFO Connected to proxy localRank 0 -> connection 0x7efb8c000e00
a100-llm-05:3886081:3886219 [4] NCCL INFO Connected to proxy localRank 0 -> connection 0x7efce7fc1790
a100-llm-05:3886081:3886218 [5] NCCL INFO Channel 00/0 : 5[5] -> 6[6] [send] via NET/IB/11/GDRDMA
a100-llm-05:3886081:3886218 [5] NCCL INFO GPU Direct RDMA Enabled for GPU/0-1036384 (rank 5) - NET/0-11 (distance 5 <= 6, read 1, mode Default)
a100-llm-05:3886081:3886219 [4] NCCL INFO Channel 00/0 : 4[4] -> 5[5] [send] via NET/IB/11/GDRDMA
a100-llm-05:3886081:3886219 [4] NCCL INFO GPU Direct RDMA Enabled for GPU/0-1036368 (rank 4) - NET/0-11 (distance 5 <= 6, read 1, mode Default)
a100-llm-05:3886081:3886211 [5] NCCL INFO New proxy send connection 3 from local rank 0, transport 2
a100-llm-05:3886081:3886218 [5] NCCL INFO Connected to proxy localRank 0 -> connection 0x7efb8c000e78
a100-llm-05:3886081:3886218 [5] NCCL INFO Channel 01/0 : 5[5] -> 6[6] [send] via NET/IB/11/GDRDMA
a100-llm-05:3886081:3886207 [4] NCCL INFO New proxy send connection 3 from local rank 0, transport 2
a100-llm-05:3886081:3886206 [0] NCCL INFO NET/IB: NCCL Dev 9 IbDev 1 Port 1 qpn 919 mtu 5 GID 3 (0/F34413C6FFFF0000) ctsFifoRkey=0x137776 ctsFifoLkey=0x137776
a100-llm-05:3886081:3886206 [0] NCCL INFO NET/IB: IbDev 1 Port 1 qpn 919 query_ece={supported=1, vendor_id=0x15b3, options=0x30000000, comp_mask=0x0}
a100-llm-05:3886081:3886206 [0] NCCL INFO NET/IB: NCCL Dev 9 IbDev 2 Port 1 qpn 663 mtu 5 GID 3 (0/173F13C6FFFF0000) ctsFifoRkey=0xfba79 ctsFifoLkey=0xfba79
a100-llm-05:3886081:3886206 [0] NCCL INFO NET/IB: IbDev 2 Port 1 qpn 663 query_ece={supported=1, vendor_id=0x15b3, options=0x30000000, comp_mask=0x0}
a100-llm-05:3886081:3886205 [1] NCCL INFO NET/IB: NCCL Dev 9 IbDev 1 Port 1 qpn 920 mtu 5 GID 3 (0/F34413C6FFFF0000) ctsFifoRkey=0x138483 ctsFifoLkey=0x138483
a100-llm-05:3886081:3886205 [1] NCCL INFO NET/IB: IbDev 1 Port 1 qpn 920 query_ece={supported=1, vendor_id=0x15b3, options=0x30000000, comp_mask=0x0}
a100-llm-05:3886081:3886205 [1] NCCL INFO NET/IB: NCCL Dev 9 IbDev 2 Port 1 qpn 664 mtu 5 GID 3 (0/173F13C6FFFF0000) ctsFifoRkey=0xfc685 ctsFifoLkey=0xfc685
a100-llm-05:3886081:3886205 [1] NCCL INFO NET/IB: IbDev 2 Port 1 qpn 664 query_ece={supported=1, vendor_id=0x15b3, options=0x30000000, comp_mask=0x0}
a100-llm-05:3886081:3886208 [7] NCCL INFO NET/IB: IbDev 7 Port 1 qpn 916 set_ece={supported=1, vendor_id=0x15b3, options=0x30000000, comp_mask=0x0}
a100-llm-05:3886081:3886208 [7] NCCL INFO NET/IB: IbDev 8 Port 1 qpn 660 set_ece={supported=1, vendor_id=0x15b3, options=0x30000000, comp_mask=0x0}
a100-llm-05:3886081:3886219 [4] NCCL INFO Connected to proxy localRank 0 -> connection 0x7efce7fc1808
a100-llm-05:3886081:3886219 [4] NCCL INFO Channel 01/0 : 4[4] -> 5[5] [send] via NET/IB/11/GDRDMA
a100-llm-05:3886081:3886205 [1] NCCL INFO NET/IB: IbDev 1 Port 1 qpn 916 set_ece={supported=1, vendor_id=0x15b3, options=0x30000000, comp_mask=0x0}
a100-llm-05:3886081:3886205 [1] NCCL INFO NET/IB: IbDev 2 Port 1 qpn 660 set_ece={supported=1, vendor_id=0x15b3, options=0x30000000, comp_mask=0x0}
a100-llm-05:3886081:3886202 [3] NCCL INFO NET/IB: NCCL Dev 10 IbDev 3 Port 1 qpn 919 mtu 5 GID 3 (0/220D13C6FFFF0000) ctsFifoRkey=0x135a59 ctsFifoLkey=0x135a59
a100-llm-05:3886081:3886202 [3] NCCL INFO NET/IB: IbDev 3 Port 1 qpn 919 query_ece={supported=1, vendor_id=0x15b3, options=0x30000000, comp_mask=0x0}
a100-llm-05:3886081:3886202 [3] NCCL INFO NET/IB: NCCL Dev 10 IbDev 4 Port 1 qpn 662 mtu 5 GID 3 (0/422613C6FFFF0000) ctsFifoRkey=0x1005c4 ctsFifoLkey=0x1005c4
a100-llm-05:3886081:3886202 [3] NCCL INFO NET/IB: IbDev 4 Port 1 qpn 662 query_ece={supported=1, vendor_id=0x15b3, options=0x30000000, comp_mask=0x0}
a100-llm-05:3886081:3886206 [0] NCCL INFO NET/IB: NCCL Dev 9 IbDev 1 Port 1 qpn 925 mtu 5 GID 3 (0/F34413C6FFFF0000) ctsFifoRkey=0x13a8a7 ctsFifoLkey=0x13a8a7
a100-llm-05:3886081:3886206 [0] NCCL INFO NET/IB: IbDev 1 Port 1 qpn 925 query_ece={supported=1, vendor_id=0x15b3, options=0x30000000, comp_mask=0x0}
a100-llm-05:3886081:3886206 [0] NCCL INFO NET/IB: NCCL Dev 9 IbDev 2 Port 1 qpn 669 mtu 5 GID 3 (0/173F13C6FFFF0000) ctsFifoRkey=0xfeaa9 ctsFifoLkey=0xfeaa9
a100-llm-05:3886081:3886206 [0] NCCL INFO NET/IB: IbDev 2 Port 1 qpn 669 query_ece={supported=1, vendor_id=0x15b3, options=0x30000000, comp_mask=0x0}
a100-llm-05:3886081:3886202 [3] NCCL INFO NET/IB: NCCL Dev 10 IbDev 3 Port 1 qpn 920 mtu 5 GID 3 (0/220D13C6FFFF0000) ctsFifoRkey=0x136665 ctsFifoLkey=0x136665
a100-llm-05:3886081:3886202 [3] NCCL INFO NET/IB: IbDev 3 Port 1 qpn 920 query_ece={supported=1, vendor_id=0x15b3, options=0x30000000, comp_mask=0x0}
a100-llm-05:3886081:3886202 [3] NCCL INFO NET/IB: NCCL Dev 10 IbDev 4 Port 1 qpn 663 mtu 5 GID 3 (0/422613C6FFFF0000) ctsFifoRkey=0x1012d0 ctsFifoLkey=0x1012d0
a100-llm-05:3886081:3886202 [3] NCCL INFO NET/IB: IbDev 4 Port 1 qpn 663 query_ece={supported=1, vendor_id=0x15b3, options=0x30000000, comp_mask=0x0}
a100-llm-05:3886081:3886208 [7] NCCL INFO NET/IB: IbDev 7 Port 1 qpn 917 set_ece={supported=1, vendor_id=0x15b3, options=0x30000000, comp_mask=0x0}
a100-llm-05:3886081:3886208 [7] NCCL INFO NET/IB: IbDev 8 Port 1 qpn 661 set_ece={supported=1, vendor_id=0x15b3, options=0x30000000, comp_mask=0x0}
a100-llm-05:3886081:3886206 [0] NCCL INFO NET/IB: IbDev 1 Port 1 qpn 919 set_ece={supported=1, vendor_id=0x15b3, options=0x30000000, comp_mask=0x0}
a100-llm-05:3886081:3886206 [0] NCCL INFO NET/IB: IbDev 2 Port 1 qpn 663 set_ece={supported=1, vendor_id=0x15b3, options=0x30000000, comp_mask=0x0}
a100-llm-05:3886081:3886205 [1] NCCL INFO NET/IB: IbDev 1 Port 1 qpn 920 set_ece={supported=1, vendor_id=0x15b3, options=0x30000000, comp_mask=0x0}
a100-llm-05:3886081:3886205 [1] NCCL INFO NET/IB: IbDev 2 Port 1 qpn 664 set_ece={supported=1, vendor_id=0x15b3, options=0x30000000, comp_mask=0x0}
a100-llm-05:3886081:3886200 [2] NCCL INFO NET/IB: NCCL Dev 10 IbDev 3 Port 1 qpn 922 mtu 5 GID 3 (0/220D13C6FFFF0000) ctsFifoRkey=0x137d7c ctsFifoLkey=0x137d7c
a100-llm-05:3886081:3886200 [2] NCCL INFO NET/IB: IbDev 3 Port 1 qpn 922 query_ece={supported=1, vendor_id=0x15b3, options=0x30000000, comp_mask=0x0}
a100-llm-05:3886081:3886202 [3] NCCL INFO NET/IB: IbDev 3 Port 1 qpn 919 set_ece={supported=1, vendor_id=0x15b3, options=0x30000000, comp_mask=0x0}
a100-llm-05:3886081:3886202 [3] NCCL INFO NET/IB: IbDev 4 Port 1 qpn 662 set_ece={supported=1, vendor_id=0x15b3, options=0x30000000, comp_mask=0x0}
a100-llm-05:3886081:3886200 [2] NCCL INFO NET/IB: NCCL Dev 10 IbDev 4 Port 1 qpn 666 mtu 5 GID 3 (0/422613C6FFFF0000) ctsFifoRkey=0x1029e8 ctsFifoLkey=0x1029e8
a100-llm-05:3886081:3886200 [2] NCCL INFO NET/IB: IbDev 4 Port 1 qpn 666 query_ece={supported=1, vendor_id=0x15b3, options=0x30000000, comp_mask=0x0}
a100-llm-05:3886081:3886206 [0] NCCL INFO NET/IB: IbDev 1 Port 1 qpn 925 set_ece={supported=1, vendor_id=0x15b3, options=0x30000000, comp_mask=0x0}
a100-llm-05:3886081:3886206 [0] NCCL INFO NET/IB: IbDev 2 Port 1 qpn 669 set_ece={supported=1, vendor_id=0x15b3, options=0x30000000, comp_mask=0x0}
a100-llm-05:3886081:3886207 [4] NCCL INFO NET/IB: NCCL Dev 11 IbDev 5 Port 1 qpn 920 mtu 5 GID 3 (0/520113C6FFFF0000) ctsFifoRkey=0x138c8b ctsFifoLkey=0x138c8b
a100-llm-05:3886081:3886207 [4] NCCL INFO NET/IB: IbDev 5 Port 1 qpn 920 query_ece={supported=1, vendor_id=0x15b3, options=0x30000000, comp_mask=0x0}
a100-llm-05:3886081:3886207 [4] NCCL INFO NET/IB: NCCL Dev 11 IbDev 6 Port 1 qpn 664 mtu 5 GID 3 (0/B90713C6FFFF0000) ctsFifoRkey=0xfc888 ctsFifoLkey=0xfc888
a100-llm-05:3886081:3886207 [4] NCCL INFO NET/IB: IbDev 6 Port 1 qpn 664 query_ece={supported=1, vendor_id=0x15b3, options=0x30000000, comp_mask=0x0}
a100-llm-05:3886081:3886204 [6] NCCL INFO NET/IB: NCCL Dev 12 IbDev 7 Port 1 qpn 918 mtu 5 GID 3 (0/4E5A13C6FFFF0000) ctsFifoRkey=0x131211 ctsFifoLkey=0x131211
a100-llm-05:3886081:3886204 [6] NCCL INFO NET/IB: IbDev 7 Port 1 qpn 918 query_ece={supported=1, vendor_id=0x15b3, options=0x30000000, comp_mask=0x0}
a100-llm-05:3886081:3886204 [6] NCCL INFO NET/IB: NCCL Dev 12 IbDev 8 Port 1 qpn 662 mtu 5 GID 3 (0/57B013C6FFFF0000) ctsFifoRkey=0xf6e2d ctsFifoLkey=0xf6e2d
a100-llm-05:3886081:3886204 [6] NCCL INFO NET/IB: IbDev 8 Port 1 qpn 662 query_ece={supported=1, vendor_id=0x15b3, options=0x30000000, comp_mask=0x0}
a100-llm-05:3886081:3886211 [5] NCCL INFO NET/IB: NCCL Dev 11 IbDev 5 Port 1 qpn 921 mtu 5 GID 3 (0/520113C6FFFF0000) ctsFifoRkey=0x139796 ctsFifoLkey=0x139796
a100-llm-05:3886081:3886211 [5] NCCL INFO NET/IB: IbDev 5 Port 1 qpn 921 query_ece={supported=1, vendor_id=0x15b3, options=0x30000000, comp_mask=0x0}
a100-llm-05:3886081:3886200 [2] NCCL INFO NET/IB: NCCL Dev 10 IbDev 3 Port 1 qpn 923 mtu 5 GID 3 (0/220D13C6FFFF0000) ctsFifoRkey=0x138a88 ctsFifoLkey=0x138a88
a100-llm-05:3886081:3886200 [2] NCCL INFO NET/IB: IbDev 3 Port 1 qpn 923 query_ece={supported=1, vendor_id=0x15b3, options=0x30000000, comp_mask=0x0}
a100-llm-05:3886081:3886211 [5] NCCL INFO NET/IB: NCCL Dev 11 IbDev 6 Port 1 qpn 665 mtu 5 GID 3 (0/B90713C6FFFF0000) ctsFifoRkey=0xfd594 ctsFifoLkey=0xfd594
a100-llm-05:3886081:3886211 [5] NCCL INFO NET/IB: IbDev 6 Port 1 qpn 665 query_ece={supported=1, vendor_id=0x15b3, options=0x30000000, comp_mask=0x0}
a100-llm-05:3886081:3886200 [2] NCCL INFO NET/IB: NCCL Dev 10 IbDev 4 Port 1 qpn 667 mtu 5 GID 3 (0/422613C6FFFF0000) ctsFifoRkey=0x1035f4 ctsFifoLkey=0x1035f4
a100-llm-05:3886081:3886200 [2] NCCL INFO NET/IB: IbDev 4 Port 1 qpn 667 query_ece={supported=1, vendor_id=0x15b3, options=0x30000000, comp_mask=0x0}
a100-llm-05:3886081:3886204 [6] NCCL INFO NET/IB: NCCL Dev 12 IbDev 7 Port 1 qpn 919 mtu 5 GID 3 (0/4E5A13C6FFFF0000) ctsFifoRkey=0x131e1d ctsFifoLkey=0x131e1d
a100-llm-05:3886081:3886204 [6] NCCL INFO NET/IB: IbDev 7 Port 1 qpn 919 query_ece={supported=1, vendor_id=0x15b3, options=0x30000000, comp_mask=0x0}
a100-llm-05:3886081:3886204 [6] NCCL INFO NET/IB: NCCL Dev 12 IbDev 8 Port 1 qpn 663 mtu 5 GID 3 (0/57B013C6FFFF0000) ctsFifoRkey=0xf7938 ctsFifoLkey=0xf7938
a100-llm-05:3886081:3886204 [6] NCCL INFO NET/IB: IbDev 8 Port 1 qpn 663 query_ece={supported=1, vendor_id=0x15b3, options=0x30000000, comp_mask=0x0}
a100-llm-05:3886081:3886202 [3] NCCL INFO NET/IB: IbDev 3 Port 1 qpn 920 set_ece={supported=1, vendor_id=0x15b3, options=0x30000000, comp_mask=0x0}
a100-llm-05:3886081:3886202 [3] NCCL INFO NET/IB: IbDev 4 Port 1 qpn 663 set_ece={supported=1, vendor_id=0x15b3, options=0x30000000, comp_mask=0x0}
a100-llm-05:3886081:3886200 [2] NCCL INFO NET/IB: IbDev 3 Port 1 qpn 922 set_ece={supported=1, vendor_id=0x15b3, options=0x30000000, comp_mask=0x0}
a100-llm-05:3886081:3886200 [2] NCCL INFO NET/IB: IbDev 4 Port 1 qpn 666 set_ece={supported=1, vendor_id=0x15b3, options=0x30000000, comp_mask=0x0}
a100-llm-05:3886081:3886207 [4] NCCL INFO NET/IB: NCCL Dev 11 IbDev 5 Port 1 qpn 923 mtu 5 GID 3 (0/520113C6FFFF0000) ctsFifoRkey=0x13a3a2 ctsFifoLkey=0x13a3a2
a100-llm-05:3886081:3886207 [4] NCCL INFO NET/IB: IbDev 5 Port 1 qpn 923 query_ece={supported=1, vendor_id=0x15b3, options=0x30000000, comp_mask=0x0}
a100-llm-05:3886081:3886207 [4] NCCL INFO NET/IB: NCCL Dev 11 IbDev 6 Port 1 qpn 666 mtu 5 GID 3 (0/B90713C6FFFF0000) ctsFifoRkey=0xfe1a0 ctsFifoLkey=0xfe1a0
a100-llm-05:3886081:3886207 [4] NCCL INFO NET/IB: IbDev 6 Port 1 qpn 666 query_ece={supported=1, vendor_id=0x15b3, options=0x30000000, comp_mask=0x0}
a100-llm-05:3886081:3886204 [6] NCCL INFO NET/IB: IbDev 7 Port 1 qpn 918 set_ece={supported=1, vendor_id=0x15b3, options=0x30000000, comp_mask=0x0}
a100-llm-05:3886081:3886204 [6] NCCL INFO NET/IB: IbDev 8 Port 1 qpn 662 set_ece={supported=1, vendor_id=0x15b3, options=0x30000000, comp_mask=0x0}
a100-llm-05:3886081:3886207 [4] NCCL INFO NET/IB: IbDev 5 Port 1 qpn 920 set_ece={supported=1, vendor_id=0x15b3, options=0x30000000, comp_mask=0x0}
a100-llm-05:3886081:3886207 [4] NCCL INFO NET/IB: IbDev 6 Port 1 qpn 664 set_ece={supported=1, vendor_id=0x15b3, options=0x30000000, comp_mask=0x0}
a100-llm-05:3886081:3886211 [5] NCCL INFO NET/IB: NCCL Dev 11 IbDev 5 Port 1 qpn 925 mtu 5 GID 3 (0/520113C6FFFF0000) ctsFifoRkey=0x13bebd ctsFifoLkey=0x13bebd
a100-llm-05:3886081:3886211 [5] NCCL INFO NET/IB: IbDev 5 Port 1 qpn 925 query_ece={supported=1, vendor_id=0x15b3, options=0x30000000, comp_mask=0x0}
a100-llm-05:3886081:3886211 [5] NCCL INFO NET/IB: NCCL Dev 11 IbDev 6 Port 1 qpn 669 mtu 5 GID 3 (0/B90713C6FFFF0000) ctsFifoRkey=0xffab9 ctsFifoLkey=0xffab9
a100-llm-05:3886081:3886211 [5] NCCL INFO NET/IB: IbDev 6 Port 1 qpn 669 query_ece={supported=1, vendor_id=0x15b3, options=0x30000000, comp_mask=0x0}
a100-llm-05:3886081:3886200 [2] NCCL INFO NET/IB: IbDev 3 Port 1 qpn 923 set_ece={supported=1, vendor_id=0x15b3, options=0x30000000, comp_mask=0x0}
a100-llm-05:3886081:3886200 [2] NCCL INFO NET/IB: IbDev 4 Port 1 qpn 667 set_ece={supported=1, vendor_id=0x15b3, options=0x30000000, comp_mask=0x0}
a100-llm-05:3886081:3886211 [5] NCCL INFO NET/IB: IbDev 5 Port 1 qpn 921 set_ece={supported=1, vendor_id=0x15b3, options=0x30000000, comp_mask=0x0}
a100-llm-05:3886081:3886207 [4] NCCL INFO NET/IB: IbDev 5 Port 1 qpn 923 set_ece={supported=1, vendor_id=0x15b3, options=0x30000000, comp_mask=0x0}
a100-llm-05:3886081:3886211 [5] NCCL INFO NET/IB: IbDev 6 Port 1 qpn 665 set_ece={supported=1, vendor_id=0x15b3, options=0x30000000, comp_mask=0x0}
a100-llm-05:3886081:3886207 [4] NCCL INFO NET/IB: IbDev 6 Port 1 qpn 666 set_ece={supported=1, vendor_id=0x15b3, options=0x30000000, comp_mask=0x0}
a100-llm-05:3886081:3886204 [6] NCCL INFO NET/IB: IbDev 7 Port 1 qpn 919 set_ece={supported=1, vendor_id=0x15b3, options=0x30000000, comp_mask=0x0}
a100-llm-05:3886081:3886204 [6] NCCL INFO NET/IB: IbDev 8 Port 1 qpn 663 set_ece={supported=1, vendor_id=0x15b3, options=0x30000000, comp_mask=0x0}
a100-llm-05:3886081:3886211 [5] NCCL INFO NET/IB: IbDev 5 Port 1 qpn 925 set_ece={supported=1, vendor_id=0x15b3, options=0x30000000, comp_mask=0x0}
a100-llm-05:3886081:3886211 [5] NCCL INFO NET/IB: IbDev 6 Port 1 qpn 669 set_ece={supported=1, vendor_id=0x15b3, options=0x30000000, comp_mask=0x0}
[AIMD] FinalizeChunkRTT: cc=0x7efba00659a0 slot=0 inflight_before=1
warmup done.
[AIMD] FinalizeChunkRTT: cc=0x7efb98037420 slot=180 inflight_before=1
[AIMD] FinalizeChunkRTT: cc=0x7efbb0001000 slot=839 inflight_before=3
[AIMD] FinalizeChunkRTT: cc=0x7efb98037420 slot=641 inflight_before=8
a100-llm-05:3886081:3886188 [0] NCCL INFO V2MIN: pressure=1.000 (fast=0.099 slow=0.001 dev=0.0978) state=SHRINK window=204 floor=204 high=3165 low=0 ncc=16
[AIMD] FinalizeChunkRTT: cc=0x7efba8065bc0 slot=400 inflight_before=1
[AIMD] FinalizeChunkRTT: cc=0x7efbb4001000 slot=92 inflight_before=4
[AIMD] FinalizeChunkRTT: cc=0x7efba4006de0 slot=846 inflight_before=7
[AIMD] FinalizeChunkRTT: cc=0x7efbb0001000 slot=519 inflight_before=3
[AIMD] FinalizeChunkRTT: cc=0x7efba00659a0 slot=425 inflight_before=4
a100-llm-05:3886081:3886188 [0] NCCL INFO V2MIN: pressure=1.000 (fast=0.163 slow=0.001 dev=0.1616) state=SHRINK window=204 floor=204 high=7890 low=0 ncc=16
[AIMD] FinalizeChunkRTT: cc=0x7efbac065660 slot=928 inflight_before=7
[AIMD] FinalizeChunkRTT: cc=0x7efbb4001000 slot=296 inflight_before=1
[AIMD] FinalizeChunkRTT: cc=0x7efbac065420 slot=994 inflight_before=1
[AIMD] FinalizeChunkRTT: cc=0x7efba00659a0 slot=446 inflight_before=2
[AIMD] FinalizeChunkRTT: cc=0x7efba8065980 slot=934 inflight_before=1
a100-llm-05:3886081:3886188 [0] NCCL INFO V2MIN: pressure=1.000 (fast=0.311 slow=0.001 dev=0.3094) state=SHRINK window=204 floor=204 high=12611 low=0 ncc=16
[AIMD] FinalizeChunkRTT: cc=0x7efb90037420 slot=442 inflight_before=1
[AIMD] FinalizeChunkRTT: cc=0x7efbb0001000 slot=1002 inflight_before=1
[AIMD] FinalizeChunkRTT: cc=0x7efb90037420 slot=552 inflight_before=1
[AIMD] FinalizeChunkRTT: cc=0x7efba4006de0 slot=130 inflight_before=7
[AIMD] FinalizeChunkRTT: cc=0x7efbb4001000 slot=693 inflight_before=2
a100-llm-05:3886081:3886188 [0] NCCL INFO V2MIN: pressure=1.000 (fast=0.283 slow=0.001 dev=0.2815) state=SHRINK window=204 floor=204 high=17327 low=0 ncc=16
CSV written to: det_v1_baseline_run4/bench_latency_20260416_172259.csv

========================================
  Oracle Experiment Results
========================================
Config: nDev=8  count=1048576  data=4.19 MB  iters=1000
NCCL_AIMD_ENABLE=1  NCCL_CC_ORACLE_FACTOR=(unset)

Wall-clock latency (us):
  mean= 18381.5  stddev= 13344.9
  p50 = 18642.5  p99   = 62657.0  max= 83973.4

Collective max GPU latency (us):
  mean= 18350.9  stddev= 13340.1
  p50 = 18607.1  p99   = 62633.9  max= 83953.7

Rank skew (us):
  mean=   933.9  stddev=  2404.7
  p50 =   178.7  p99   = 10895.3  max= 30347.3

Avg algo bandwidth: 0.40 GB/s
========================================

