a100-llm-05:3873353:3873486 [7] NCCL INFO New proxy recv connection 0 from local rank 0, transport 2
a100-llm-05:3873353:3873507 [2] NCCL INFO Connected to proxy localRank 0 -> connection 0x7f1353f83340
a100-llm-05:3873353:3873507 [2] NCCL INFO Channel 00/0 : 1[1] -> 2[2] [receive] via NET/IB/10/GDRDMA
a100-llm-05:3873353:3873507 [2] NCCL INFO GPU Direct RDMA Enabled for GPU/0-1028176 (rank 2) - NET/0-10 (distance 5 <= 6, read 0, mode Default)
a100-llm-05:3873353:3873499 [2] NCCL INFO New proxy recv connection 1 from local rank 0, transport 2
a100-llm-05:3873353:3873507 [2] NCCL INFO Connected to proxy localRank 0 -> connection 0x7f1353f833b8
a100-llm-05:3873353:3873507 [2] NCCL INFO Channel 01/0 : 1[1] -> 2[2] [receive] via NET/IB/10/GDRDMA
a100-llm-05:3873353:3873507 [2] NCCL INFO GPU Direct RDMA Enabled for GPU/0-1028176 (rank 2) - NET/0-10 (distance 5 <= 6, read 1, mode Default)
a100-llm-05:3873353:3873499 [2] NCCL INFO New proxy send connection 2 from local rank 0, transport 2
a100-llm-05:3873353:3873507 [2] NCCL INFO Connected to proxy localRank 0 -> connection 0x7f1353f83430
a100-llm-05:3873353:3873507 [2] NCCL INFO Channel 00/0 : 2[2] -> 3[3] [send] via NET/IB/10/GDRDMA
a100-llm-05:3873353:3873507 [2] NCCL INFO GPU Direct RDMA Enabled for GPU/0-1028176 (rank 2) - NET/0-10 (distance 5 <= 6, read 1, mode Default)
a100-llm-05:3873353:3873499 [2] NCCL INFO New proxy send connection 3 from local rank 0, transport 2
a100-llm-05:3873353:3873507 [2] NCCL INFO Connected to proxy localRank 0 -> connection 0x7f1353f834a8
a100-llm-05:3873353:3873507 [2] NCCL INFO Channel 01/0 : 2[2] -> 3[3] [send] via NET/IB/10/GDRDMA
a100-llm-05:3873353:3873496 [3] NCCL INFO New proxy recv connection 0 from local rank 0, transport 2
a100-llm-05:3873353:3873502 [7] NCCL INFO Connected to proxy localRank 0 -> connection 0x7f1224000d10
a100-llm-05:3873353:3873503 [6] NCCL INFO Channel 00/0 : 5[5] -> 6[6] [receive] via NET/IB/12/GDRDMA
a100-llm-05:3873353:3873503 [6] NCCL INFO GPU Direct RDMA Enabled for GPU/0-1044560 (rank 6) - NET/0-12 (distance 5 <= 6, read 0, mode Default)
a100-llm-05:3873353:3873505 [4] NCCL INFO Channel 00/0 : 3[3] -> 4[4] [receive] via NET/IB/11/GDRDMA
a100-llm-05:3873353:3873505 [4] NCCL INFO GPU Direct RDMA Enabled for GPU/0-1036368 (rank 4) - NET/0-11 (distance 5 <= 6, read 0, mode Default)
a100-llm-05:3873353:3873502 [7] NCCL INFO Channel 00/0 : 6[6] -> 7[7] [receive] via NET/IB/12/GDRDMA
a100-llm-05:3873353:3873502 [7] NCCL INFO GPU Direct RDMA Enabled for GPU/0-1044576 (rank 7) - NET/0-12 (distance 5 <= 6, read 0, mode Default)
a100-llm-05:3873353:3873486 [7] NCCL INFO New proxy recv connection 1 from local rank 0, transport 2
a100-llm-05:3873353:3873494 [4] NCCL INFO New proxy recv connection 1 from local rank 0, transport 2
a100-llm-05:3873353:3873505 [4] NCCL INFO Connected to proxy localRank 0 -> connection 0x7f1214000d88
a100-llm-05:3873353:3873505 [4] NCCL INFO Channel 01/0 : 3[3] -> 4[4] [receive] via NET/IB/11/GDRDMA
a100-llm-05:3873353:3873505 [4] NCCL INFO GPU Direct RDMA Enabled for GPU/0-1036368 (rank 4) - NET/0-11 (distance 5 <= 6, read 1, mode Default)
a100-llm-05:3873353:3873494 [4] NCCL INFO New proxy send connection 2 from local rank 0, transport 2
a100-llm-05:3873353:3873505 [4] NCCL INFO Connected to proxy localRank 0 -> connection 0x7f1214000e00
a100-llm-05:3873353:3873505 [4] NCCL INFO Channel 00/0 : 4[4] -> 5[5] [send] via NET/IB/11/GDRDMA
a100-llm-05:3873353:3873505 [4] NCCL INFO GPU Direct RDMA Enabled for GPU/0-1036368 (rank 4) - NET/0-11 (distance 5 <= 6, read 1, mode Default)
a100-llm-05:3873353:3873494 [4] NCCL INFO New proxy send connection 3 from local rank 0, transport 2
a100-llm-05:3873353:3873505 [4] NCCL INFO Connected to proxy localRank 0 -> connection 0x7f1214000e78
a100-llm-05:3873353:3873505 [4] NCCL INFO Channel 01/0 : 4[4] -> 5[5] [send] via NET/IB/11/GDRDMA
a100-llm-05:3873353:3873490 [6] NCCL INFO New proxy recv connection 1 from local rank 0, transport 2
a100-llm-05:3873353:3873506 [3] NCCL INFO Connected to proxy localRank 0 -> connection 0x7f120c000d10
a100-llm-05:3873353:3873502 [7] NCCL INFO Connected to proxy localRank 0 -> connection 0x7f1224000d88
a100-llm-05:3873353:3873502 [7] NCCL INFO Channel 01/0 : 6[6] -> 7[7] [receive] via NET/IB/12/GDRDMA
a100-llm-05:3873353:3873502 [7] NCCL INFO GPU Direct RDMA Enabled for GPU/0-1044576 (rank 7) - NET/0-12 (distance 5 <= 6, read 1, mode Default)
a100-llm-05:3873353:3873486 [7] NCCL INFO New proxy send connection 2 from local rank 0, transport 2
a100-llm-05:3873353:3873502 [7] NCCL INFO Connected to proxy localRank 0 -> connection 0x7f1224000e00
a100-llm-05:3873353:3873502 [7] NCCL INFO Channel 00/0 : 7[7] -> 0[0] [send] via NET/IB/12/GDRDMA
a100-llm-05:3873353:3873502 [7] NCCL INFO GPU Direct RDMA Enabled for GPU/0-1044576 (rank 7) - NET/0-12 (distance 5 <= 6, read 1, mode Default)
a100-llm-05:3873353:3873486 [7] NCCL INFO New proxy send connection 3 from local rank 0, transport 2
a100-llm-05:3873353:3873502 [7] NCCL INFO Connected to proxy localRank 0 -> connection 0x7f1224000e78
a100-llm-05:3873353:3873488 [5] NCCL INFO New proxy recv connection 0 from local rank 0, transport 2
a100-llm-05:3873353:3873498 [1] NCCL INFO New proxy recv connection 0 from local rank 0, transport 2
a100-llm-05:3873353:3873504 [5] NCCL INFO Connected to proxy localRank 0 -> connection 0x7f1357f85590
a100-llm-05:3873353:3873508 [1] NCCL INFO Connected to proxy localRank 0 -> connection 0x7f135bfb8e40
a100-llm-05:3873353:3873502 [7] NCCL INFO Channel 01/0 : 7[7] -> 0[0] [send] via NET/IB/12/GDRDMA
a100-llm-05:3873353:3873508 [1] NCCL INFO Channel 00/0 : 0[0] -> 1[1] [receive] via NET/IB/9/GDRDMA
a100-llm-05:3873353:3873508 [1] NCCL INFO GPU Direct RDMA Enabled for GPU/0-1020000 (rank 1) - NET/0-9 (distance 5 <= 6, read 0, mode Default)
a100-llm-05:3873353:3873498 [1] NCCL INFO New proxy recv connection 1 from local rank 0, transport 2
a100-llm-05:3873353:3873508 [1] NCCL INFO Connected to proxy localRank 0 -> connection 0x7f135bfb8eb8
a100-llm-05:3873353:3873508 [1] NCCL INFO Channel 01/0 : 0[0] -> 1[1] [receive] via NET/IB/9/GDRDMA
a100-llm-05:3873353:3873508 [1] NCCL INFO GPU Direct RDMA Enabled for GPU/0-1020000 (rank 1) - NET/0-9 (distance 5 <= 6, read 1, mode Default)
a100-llm-05:3873353:3873503 [6] NCCL INFO Connected to proxy localRank 0 -> connection 0x7f11f8000d88
a100-llm-05:3873353:3873509 [0] NCCL INFO Connected to proxy localRank 0 -> connection 0x7f121c000d10
a100-llm-05:3873353:3873509 [0] NCCL INFO Channel 00/0 : 7[7] -> 0[0] [receive] via NET/IB/9/GDRDMA
a100-llm-05:3873353:3873509 [0] NCCL INFO GPU Direct RDMA Enabled for GPU/0-1019984 (rank 0) - NET/0-9 (distance 5 <= 6, read 0, mode Default)
a100-llm-05:3873353:3873492 [0] NCCL INFO New proxy recv connection 1 from local rank 0, transport 2
a100-llm-05:3873353:3873509 [0] NCCL INFO Connected to proxy localRank 0 -> connection 0x7f121c000d88
a100-llm-05:3873353:3873509 [0] NCCL INFO Channel 01/0 : 7[7] -> 0[0] [receive] via NET/IB/9/GDRDMA
a100-llm-05:3873353:3873509 [0] NCCL INFO GPU Direct RDMA Enabled for GPU/0-1019984 (rank 0) - NET/0-9 (distance 5 <= 6, read 1, mode Default)
a100-llm-05:3873353:3873492 [0] NCCL INFO New proxy send connection 2 from local rank 0, transport 2
a100-llm-05:3873353:3873509 [0] NCCL INFO Connected to proxy localRank 0 -> connection 0x7f121c000e00
a100-llm-05:3873353:3873509 [0] NCCL INFO Channel 00/0 : 0[0] -> 1[1] [send] via NET/IB/9/GDRDMA
a100-llm-05:3873353:3873509 [0] NCCL INFO GPU Direct RDMA Enabled for GPU/0-1019984 (rank 0) - NET/0-9 (distance 5 <= 6, read 1, mode Default)
a100-llm-05:3873353:3873492 [0] NCCL INFO New proxy send connection 3 from local rank 0, transport 2
a100-llm-05:3873353:3873509 [0] NCCL INFO Connected to proxy localRank 0 -> connection 0x7f121c000e78
a100-llm-05:3873353:3873509 [0] NCCL INFO Channel 01/0 : 0[0] -> 1[1] [send] via NET/IB/9/GDRDMA
a100-llm-05:3873353:3873498 [1] NCCL INFO New proxy send connection 2 from local rank 0, transport 2
a100-llm-05:3873353:3873508 [1] NCCL INFO Connected to proxy localRank 0 -> connection 0x7f135bfb8f30
a100-llm-05:3873353:3873508 [1] NCCL INFO Channel 00/0 : 1[1] -> 2[2] [send] via NET/IB/9/GDRDMA
a100-llm-05:3873353:3873508 [1] NCCL INFO GPU Direct RDMA Enabled for GPU/0-1020000 (rank 1) - NET/0-9 (distance 5 <= 6, read 1, mode Default)
a100-llm-05:3873353:3873498 [1] NCCL INFO New proxy send connection 3 from local rank 0, transport 2
a100-llm-05:3873353:3873508 [1] NCCL INFO Connected to proxy localRank 0 -> connection 0x7f135bfb8fa8
a100-llm-05:3873353:3873508 [1] NCCL INFO Channel 01/0 : 1[1] -> 2[2] [send] via NET/IB/9/GDRDMA
a100-llm-05:3873353:3873504 [5] NCCL INFO Channel 00/0 : 4[4] -> 5[5] [receive] via NET/IB/11/GDRDMA
a100-llm-05:3873353:3873504 [5] NCCL INFO GPU Direct RDMA Enabled for GPU/0-1036384 (rank 5) - NET/0-11 (distance 5 <= 6, read 0, mode Default)
a100-llm-05:3873353:3873503 [6] NCCL INFO Channel 01/0 : 5[5] -> 6[6] [receive] via NET/IB/12/GDRDMA
a100-llm-05:3873353:3873503 [6] NCCL INFO GPU Direct RDMA Enabled for GPU/0-1044560 (rank 6) - NET/0-12 (distance 5 <= 6, read 1, mode Default)
a100-llm-05:3873353:3873490 [6] NCCL INFO New proxy send connection 2 from local rank 0, transport 2
a100-llm-05:3873353:3873503 [6] NCCL INFO Connected to proxy localRank 0 -> connection 0x7f11f8000e00
a100-llm-05:3873353:3873503 [6] NCCL INFO Channel 00/0 : 6[6] -> 7[7] [send] via NET/IB/12/GDRDMA
a100-llm-05:3873353:3873503 [6] NCCL INFO GPU Direct RDMA Enabled for GPU/0-1044560 (rank 6) - NET/0-12 (distance 5 <= 6, read 1, mode Default)
a100-llm-05:3873353:3873490 [6] NCCL INFO New proxy send connection 3 from local rank 0, transport 2
a100-llm-05:3873353:3873503 [6] NCCL INFO Connected to proxy localRank 0 -> connection 0x7f11f8000e78
a100-llm-05:3873353:3873503 [6] NCCL INFO Channel 01/0 : 6[6] -> 7[7] [send] via NET/IB/12/GDRDMA
a100-llm-05:3873353:3873492 [0] NCCL INFO NET/IB: NCCL Dev 9 IbDev 1 Port 1 qpn 868 mtu 5 GID 3 (0/F34413C6FFFF0000) ctsFifoRkey=0x11dad9 ctsFifoLkey=0x11dad9
a100-llm-05:3873353:3873492 [0] NCCL INFO NET/IB: IbDev 1 Port 1 qpn 868 query_ece={supported=1, vendor_id=0x15b3, options=0x30000000, comp_mask=0x0}
a100-llm-05:3873353:3873492 [0] NCCL INFO NET/IB: NCCL Dev 9 IbDev 2 Port 1 qpn 612 mtu 5 GID 3 (0/173F13C6FFFF0000) ctsFifoRkey=0xe19d8 ctsFifoLkey=0xe19d8
a100-llm-05:3873353:3873492 [0] NCCL INFO NET/IB: IbDev 2 Port 1 qpn 612 query_ece={supported=1, vendor_id=0x15b3, options=0x30000000, comp_mask=0x0}
a100-llm-05:3873353:3873492 [0] NCCL INFO NET/IB: NCCL Dev 9 IbDev 1 Port 1 qpn 869 mtu 5 GID 3 (0/F34413C6FFFF0000) ctsFifoRkey=0x11e6e5 ctsFifoLkey=0x11e6e5
a100-llm-05:3873353:3873492 [0] NCCL INFO NET/IB: IbDev 1 Port 1 qpn 869 query_ece={supported=1, vendor_id=0x15b3, options=0x30000000, comp_mask=0x0}
a100-llm-05:3873353:3873506 [3] NCCL INFO Channel 00/0 : 2[2] -> 3[3] [receive] via NET/IB/10/GDRDMA
a100-llm-05:3873353:3873506 [3] NCCL INFO GPU Direct RDMA Enabled for GPU/0-1028192 (rank 3) - NET/0-10 (distance 5 <= 6, read 0, mode Default)
a100-llm-05:3873353:3873492 [0] NCCL INFO NET/IB: NCCL Dev 9 IbDev 2 Port 1 qpn 613 mtu 5 GID 3 (0/173F13C6FFFF0000) ctsFifoRkey=0xe25e4 ctsFifoLkey=0xe25e4
a100-llm-05:3873353:3873492 [0] NCCL INFO NET/IB: IbDev 2 Port 1 qpn 613 query_ece={supported=1, vendor_id=0x15b3, options=0x30000000, comp_mask=0x0}
a100-llm-05:3873353:3873496 [3] NCCL INFO New proxy recv connection 1 from local rank 0, transport 2
a100-llm-05:3873353:3873506 [3] NCCL INFO Connected to proxy localRank 0 -> connection 0x7f120c000d88
a100-llm-05:3873353:3873506 [3] NCCL INFO Channel 01/0 : 2[2] -> 3[3] [receive] via NET/IB/10/GDRDMA
a100-llm-05:3873353:3873506 [3] NCCL INFO GPU Direct RDMA Enabled for GPU/0-1028192 (rank 3) - NET/0-10 (distance 5 <= 6, read 1, mode Default)
a100-llm-05:3873353:3873496 [3] NCCL INFO New proxy send connection 2 from local rank 0, transport 2
a100-llm-05:3873353:3873506 [3] NCCL INFO Connected to proxy localRank 0 -> connection 0x7f120c000e00
a100-llm-05:3873353:3873506 [3] NCCL INFO Channel 00/0 : 3[3] -> 4[4] [send] via NET/IB/10/GDRDMA
a100-llm-05:3873353:3873506 [3] NCCL INFO GPU Direct RDMA Enabled for GPU/0-1028192 (rank 3) - NET/0-10 (distance 5 <= 6, read 1, mode Default)
a100-llm-05:3873353:3873496 [3] NCCL INFO New proxy send connection 3 from local rank 0, transport 2
a100-llm-05:3873353:3873506 [3] NCCL INFO Connected to proxy localRank 0 -> connection 0x7f120c000e78
a100-llm-05:3873353:3873506 [3] NCCL INFO Channel 01/0 : 3[3] -> 4[4] [send] via NET/IB/10/GDRDMA
a100-llm-05:3873353:3873488 [5] NCCL INFO New proxy recv connection 1 from local rank 0, transport 2
a100-llm-05:3873353:3873504 [5] NCCL INFO Connected to proxy localRank 0 -> connection 0x7f1357f85608
a100-llm-05:3873353:3873486 [7] NCCL INFO NET/IB: NCCL Dev 12 IbDev 7 Port 1 qpn 868 mtu 5 GID 3 (0/4E5A13C6FFFF0000) ctsFifoRkey=0x117e7d ctsFifoLkey=0x117e7d
a100-llm-05:3873353:3873486 [7] NCCL INFO NET/IB: IbDev 7 Port 1 qpn 868 query_ece={supported=1, vendor_id=0x15b3, options=0x30000000, comp_mask=0x0}
a100-llm-05:3873353:3873486 [7] NCCL INFO NET/IB: NCCL Dev 12 IbDev 8 Port 1 qpn 612 mtu 5 GID 3 (0/57B013C6FFFF0000) ctsFifoRkey=0xdd794 ctsFifoLkey=0xdd794
a100-llm-05:3873353:3873486 [7] NCCL INFO NET/IB: IbDev 8 Port 1 qpn 612 query_ece={supported=1, vendor_id=0x15b3, options=0x30000000, comp_mask=0x0}
a100-llm-05:3873353:3873504 [5] NCCL INFO Channel 01/0 : 4[4] -> 5[5] [receive] via NET/IB/11/GDRDMA
a100-llm-05:3873353:3873504 [5] NCCL INFO GPU Direct RDMA Enabled for GPU/0-1036384 (rank 5) - NET/0-11 (distance 5 <= 6, read 1, mode Default)
a100-llm-05:3873353:3873492 [0] NCCL INFO NET/IB: IbDev 1 Port 1 qpn 868 set_ece={supported=1, vendor_id=0x15b3, options=0x30000000, comp_mask=0x0}
a100-llm-05:3873353:3873492 [0] NCCL INFO NET/IB: IbDev 2 Port 1 qpn 612 set_ece={supported=1, vendor_id=0x15b3, options=0x30000000, comp_mask=0x0}
a100-llm-05:3873353:3873486 [7] NCCL INFO NET/IB: NCCL Dev 12 IbDev 7 Port 1 qpn 869 mtu 5 GID 3 (0/4E5A13C6FFFF0000) ctsFifoRkey=0x118a89 ctsFifoLkey=0x118a89
a100-llm-05:3873353:3873486 [7] NCCL INFO NET/IB: IbDev 7 Port 1 qpn 869 query_ece={supported=1, vendor_id=0x15b3, options=0x30000000, comp_mask=0x0}
a100-llm-05:3873353:3873486 [7] NCCL INFO NET/IB: NCCL Dev 12 IbDev 8 Port 1 qpn 613 mtu 5 GID 3 (0/57B013C6FFFF0000) ctsFifoRkey=0xde3a2 ctsFifoLkey=0xde3a2
a100-llm-05:3873353:3873486 [7] NCCL INFO NET/IB: IbDev 8 Port 1 qpn 613 query_ece={supported=1, vendor_id=0x15b3, options=0x30000000, comp_mask=0x0}
a100-llm-05:3873353:3873486 [7] NCCL INFO NET/IB: IbDev 7 Port 1 qpn 868 set_ece={supported=1, vendor_id=0x15b3, options=0x30000000, comp_mask=0x0}
a100-llm-05:3873353:3873486 [7] NCCL INFO NET/IB: IbDev 8 Port 1 qpn 612 set_ece={supported=1, vendor_id=0x15b3, options=0x30000000, comp_mask=0x0}
a100-llm-05:3873353:3873499 [2] NCCL INFO NET/IB: NCCL Dev 10 IbDev 3 Port 1 qpn 868 mtu 5 GID 3 (0/220D13C6FFFF0000) ctsFifoRkey=0x11cbca ctsFifoLkey=0x11cbca
a100-llm-05:3873353:3873499 [2] NCCL INFO NET/IB: IbDev 3 Port 1 qpn 868 query_ece={supported=1, vendor_id=0x15b3, options=0x30000000, comp_mask=0x0}
a100-llm-05:3873353:3873499 [2] NCCL INFO NET/IB: NCCL Dev 10 IbDev 4 Port 1 qpn 612 mtu 5 GID 3 (0/422613C6FFFF0000) ctsFifoRkey=0xe6422 ctsFifoLkey=0xe6422
a100-llm-05:3873353:3873499 [2] NCCL INFO NET/IB: IbDev 4 Port 1 qpn 612 query_ece={supported=1, vendor_id=0x15b3, options=0x30000000, comp_mask=0x0}
a100-llm-05:3873353:3873498 [1] NCCL INFO NET/IB: NCCL Dev 9 IbDev 1 Port 1 qpn 876 mtu 5 GID 3 (0/F34413C6FFFF0000) ctsFifoRkey=0x121817 ctsFifoLkey=0x121817
a100-llm-05:3873353:3873498 [1] NCCL INFO NET/IB: IbDev 1 Port 1 qpn 876 query_ece={supported=1, vendor_id=0x15b3, options=0x30000000, comp_mask=0x0}
a100-llm-05:3873353:3873498 [1] NCCL INFO NET/IB: NCCL Dev 9 IbDev 2 Port 1 qpn 620 mtu 5 GID 3 (0/173F13C6FFFF0000) ctsFifoRkey=0xe5414 ctsFifoLkey=0xe5414
a100-llm-05:3873353:3873498 [1] NCCL INFO NET/IB: IbDev 2 Port 1 qpn 620 query_ece={supported=1, vendor_id=0x15b3, options=0x30000000, comp_mask=0x0}
a100-llm-05:3873353:3873488 [5] NCCL INFO New proxy send connection 2 from local rank 0, transport 2
a100-llm-05:3873353:3873499 [2] NCCL INFO NET/IB: NCCL Dev 10 IbDev 3 Port 1 qpn 873 mtu 5 GID 3 (0/220D13C6FFFF0000) ctsFifoRkey=0x11efee ctsFifoLkey=0x11efee
a100-llm-05:3873353:3873499 [2] NCCL INFO NET/IB: IbDev 3 Port 1 qpn 873 query_ece={supported=1, vendor_id=0x15b3, options=0x30000000, comp_mask=0x0}
a100-llm-05:3873353:3873499 [2] NCCL INFO NET/IB: NCCL Dev 10 IbDev 4 Port 1 qpn 617 mtu 5 GID 3 (0/422613C6FFFF0000) ctsFifoRkey=0xe8a48 ctsFifoLkey=0xe8a48
a100-llm-05:3873353:3873499 [2] NCCL INFO NET/IB: IbDev 4 Port 1 qpn 617 query_ece={supported=1, vendor_id=0x15b3, options=0x30000000, comp_mask=0x0}
a100-llm-05:3873353:3873499 [2] NCCL INFO NET/IB: IbDev 3 Port 1 qpn 868 set_ece={supported=1, vendor_id=0x15b3, options=0x30000000, comp_mask=0x0}
a100-llm-05:3873353:3873499 [2] NCCL INFO NET/IB: IbDev 4 Port 1 qpn 612 set_ece={supported=1, vendor_id=0x15b3, options=0x30000000, comp_mask=0x0}
a100-llm-05:3873353:3873492 [0] NCCL INFO NET/IB: IbDev 1 Port 1 qpn 869 set_ece={supported=1, vendor_id=0x15b3, options=0x30000000, comp_mask=0x0}
a100-llm-05:3873353:3873504 [5] NCCL INFO Connected to proxy localRank 0 -> connection 0x7f1357f85680
a100-llm-05:3873353:3873492 [0] NCCL INFO NET/IB: IbDev 2 Port 1 qpn 613 set_ece={supported=1, vendor_id=0x15b3, options=0x30000000, comp_mask=0x0}
a100-llm-05:3873353:3873498 [1] NCCL INFO NET/IB: NCCL Dev 9 IbDev 1 Port 1 qpn 877 mtu 5 GID 3 (0/F34413C6FFFF0000) ctsFifoRkey=0x122523 ctsFifoLkey=0x122523
a100-llm-05:3873353:3873498 [1] NCCL INFO NET/IB: IbDev 1 Port 1 qpn 877 query_ece={supported=1, vendor_id=0x15b3, options=0x30000000, comp_mask=0x0}
a100-llm-05:3873353:3873498 [1] NCCL INFO NET/IB: NCCL Dev 9 IbDev 2 Port 1 qpn 621 mtu 5 GID 3 (0/173F13C6FFFF0000) ctsFifoRkey=0xe6523 ctsFifoLkey=0xe6523
a100-llm-05:3873353:3873498 [1] NCCL INFO NET/IB: IbDev 2 Port 1 qpn 621 query_ece={supported=1, vendor_id=0x15b3, options=0x30000000, comp_mask=0x0}
a100-llm-05:3873353:3873499 [2] NCCL INFO NET/IB: IbDev 3 Port 1 qpn 873 set_ece={supported=1, vendor_id=0x15b3, options=0x30000000, comp_mask=0x0}
a100-llm-05:3873353:3873499 [2] NCCL INFO NET/IB: IbDev 4 Port 1 qpn 617 set_ece={supported=1, vendor_id=0x15b3, options=0x30000000, comp_mask=0x0}
a100-llm-05:3873353:3873498 [1] NCCL INFO NET/IB: IbDev 1 Port 1 qpn 876 set_ece={supported=1, vendor_id=0x15b3, options=0x30000000, comp_mask=0x0}
a100-llm-05:3873353:3873498 [1] NCCL INFO NET/IB: IbDev 2 Port 1 qpn 620 set_ece={supported=1, vendor_id=0x15b3, options=0x30000000, comp_mask=0x0}
a100-llm-05:3873353:3873486 [7] NCCL INFO NET/IB: IbDev 7 Port 1 qpn 869 set_ece={supported=1, vendor_id=0x15b3, options=0x30000000, comp_mask=0x0}
a100-llm-05:3873353:3873486 [7] NCCL INFO NET/IB: IbDev 8 Port 1 qpn 613 set_ece={supported=1, vendor_id=0x15b3, options=0x30000000, comp_mask=0x0}
a100-llm-05:3873353:3873504 [5] NCCL INFO Channel 00/0 : 5[5] -> 6[6] [send] via NET/IB/11/GDRDMA
a100-llm-05:3873353:3873504 [5] NCCL INFO GPU Direct RDMA Enabled for GPU/0-1036384 (rank 5) - NET/0-11 (distance 5 <= 6, read 1, mode Default)
a100-llm-05:3873353:3873498 [1] NCCL INFO NET/IB: IbDev 1 Port 1 qpn 877 set_ece={supported=1, vendor_id=0x15b3, options=0x30000000, comp_mask=0x0}
a100-llm-05:3873353:3873498 [1] NCCL INFO NET/IB: IbDev 2 Port 1 qpn 621 set_ece={supported=1, vendor_id=0x15b3, options=0x30000000, comp_mask=0x0}
a100-llm-05:3873353:3873488 [5] NCCL INFO New proxy send connection 3 from local rank 0, transport 2
a100-llm-05:3873353:3873504 [5] NCCL INFO Connected to proxy localRank 0 -> connection 0x7f1357f856f8
a100-llm-05:3873353:3873504 [5] NCCL INFO Channel 01/0 : 5[5] -> 6[6] [send] via NET/IB/11/GDRDMA
a100-llm-05:3873353:3873490 [6] NCCL INFO NET/IB: NCCL Dev 12 IbDev 7 Port 1 qpn 870 mtu 5 GID 3 (0/4E5A13C6FFFF0000) ctsFifoRkey=0x119695 ctsFifoLkey=0x119695
a100-llm-05:3873353:3873490 [6] NCCL INFO NET/IB: IbDev 7 Port 1 qpn 870 query_ece={supported=1, vendor_id=0x15b3, options=0x30000000, comp_mask=0x0}
a100-llm-05:3873353:3873490 [6] NCCL INFO NET/IB: NCCL Dev 12 IbDev 8 Port 1 qpn 614 mtu 5 GID 3 (0/57B013C6FFFF0000) ctsFifoRkey=0xdefad ctsFifoLkey=0xdefad
a100-llm-05:3873353:3873490 [6] NCCL INFO NET/IB: IbDev 8 Port 1 qpn 614 query_ece={supported=1, vendor_id=0x15b3, options=0x30000000, comp_mask=0x0}
a100-llm-05:3873353:3873488 [5] NCCL INFO NET/IB: NCCL Dev 11 IbDev 5 Port 1 qpn 868 mtu 5 GID 3 (0/520113C6FFFF0000) ctsFifoRkey=0x11eef2 ctsFifoLkey=0x11eef2
a100-llm-05:3873353:3873488 [5] NCCL INFO NET/IB: IbDev 5 Port 1 qpn 868 query_ece={supported=1, vendor_id=0x15b3, options=0x30000000, comp_mask=0x0}
a100-llm-05:3873353:3873488 [5] NCCL INFO NET/IB: NCCL Dev 11 IbDev 6 Port 1 qpn 612 mtu 5 GID 3 (0/B90713C6FFFF0000) ctsFifoRkey=0xe28e6 ctsFifoLkey=0xe28e6
a100-llm-05:3873353:3873488 [5] NCCL INFO NET/IB: IbDev 6 Port 1 qpn 612 query_ece={supported=1, vendor_id=0x15b3, options=0x30000000, comp_mask=0x0}
a100-llm-05:3873353:3873490 [6] NCCL INFO NET/IB: NCCL Dev 12 IbDev 7 Port 1 qpn 875 mtu 5 GID 3 (0/4E5A13C6FFFF0000) ctsFifoRkey=0x11b3b2 ctsFifoLkey=0x11b3b2
a100-llm-05:3873353:3873490 [6] NCCL INFO NET/IB: IbDev 7 Port 1 qpn 875 query_ece={supported=1, vendor_id=0x15b3, options=0x30000000, comp_mask=0x0}
a100-llm-05:3873353:3873490 [6] NCCL INFO NET/IB: NCCL Dev 12 IbDev 8 Port 1 qpn 619 mtu 5 GID 3 (0/57B013C6FFFF0000) ctsFifoRkey=0xe14d3 ctsFifoLkey=0xe14d3
a100-llm-05:3873353:3873490 [6] NCCL INFO NET/IB: IbDev 8 Port 1 qpn 619 query_ece={supported=1, vendor_id=0x15b3, options=0x30000000, comp_mask=0x0}
a100-llm-05:3873353:3873490 [6] NCCL INFO NET/IB: IbDev 7 Port 1 qpn 870 set_ece={supported=1, vendor_id=0x15b3, options=0x30000000, comp_mask=0x0}
a100-llm-05:3873353:3873490 [6] NCCL INFO NET/IB: IbDev 8 Port 1 qpn 614 set_ece={supported=1, vendor_id=0x15b3, options=0x30000000, comp_mask=0x0}
a100-llm-05:3873353:3873488 [5] NCCL INFO NET/IB: IbDev 5 Port 1 qpn 868 set_ece={supported=1, vendor_id=0x15b3, options=0x30000000, comp_mask=0x0}
a100-llm-05:3873353:3873488 [5] NCCL INFO NET/IB: IbDev 6 Port 1 qpn 612 set_ece={supported=1, vendor_id=0x15b3, options=0x30000000, comp_mask=0x0}
a100-llm-05:3873353:3873488 [5] NCCL INFO NET/IB: NCCL Dev 11 IbDev 5 Port 1 qpn 869 mtu 5 GID 3 (0/520113C6FFFF0000) ctsFifoRkey=0x11faf9 ctsFifoLkey=0x11faf9
a100-llm-05:3873353:3873488 [5] NCCL INFO NET/IB: IbDev 5 Port 1 qpn 869 query_ece={supported=1, vendor_id=0x15b3, options=0x30000000, comp_mask=0x0}
a100-llm-05:3873353:3873488 [5] NCCL INFO NET/IB: NCCL Dev 11 IbDev 6 Port 1 qpn 613 mtu 5 GID 3 (0/B90713C6FFFF0000) ctsFifoRkey=0xe34f3 ctsFifoLkey=0xe34f3
a100-llm-05:3873353:3873488 [5] NCCL INFO NET/IB: IbDev 6 Port 1 qpn 613 query_ece={supported=1, vendor_id=0x15b3, options=0x30000000, comp_mask=0x0}
a100-llm-05:3873353:3873496 [3] NCCL INFO NET/IB: NCCL Dev 10 IbDev 3 Port 1 qpn 878 mtu 5 GID 3 (0/220D13C6FFFF0000) ctsFifoRkey=0x121b14 ctsFifoLkey=0x121b14
a100-llm-05:3873353:3873496 [3] NCCL INFO NET/IB: IbDev 3 Port 1 qpn 878 query_ece={supported=1, vendor_id=0x15b3, options=0x30000000, comp_mask=0x0}
a100-llm-05:3873353:3873496 [3] NCCL INFO NET/IB: NCCL Dev 10 IbDev 4 Port 1 qpn 622 mtu 5 GID 3 (0/422613C6FFFF0000) ctsFifoRkey=0xeae6d ctsFifoLkey=0xeae6d
a100-llm-05:3873353:3873496 [3] NCCL INFO NET/IB: IbDev 4 Port 1 qpn 622 query_ece={supported=1, vendor_id=0x15b3, options=0x30000000, comp_mask=0x0}
a100-llm-05:3873353:3873494 [4] NCCL INFO NET/IB: NCCL Dev 11 IbDev 5 Port 1 qpn 870 mtu 5 GID 3 (0/520113C6FFFF0000) ctsFifoRkey=0x120705 ctsFifoLkey=0x120705
a100-llm-05:3873353:3873494 [4] NCCL INFO NET/IB: IbDev 5 Port 1 qpn 870 query_ece={supported=1, vendor_id=0x15b3, options=0x30000000, comp_mask=0x0}
a100-llm-05:3873353:3873494 [4] NCCL INFO NET/IB: NCCL Dev 11 IbDev 6 Port 1 qpn 614 mtu 5 GID 3 (0/B90713C6FFFF0000) ctsFifoRkey=0xe40ff ctsFifoLkey=0xe40ff
a100-llm-05:3873353:3873494 [4] NCCL INFO NET/IB: IbDev 6 Port 1 qpn 614 query_ece={supported=1, vendor_id=0x15b3, options=0x30000000, comp_mask=0x0}
a100-llm-05:3873353:3873496 [3] NCCL INFO NET/IB: NCCL Dev 10 IbDev 3 Port 1 qpn 879 mtu 5 GID 3 (0/220D13C6FFFF0000) ctsFifoRkey=0x122625 ctsFifoLkey=0x122625
a100-llm-05:3873353:3873496 [3] NCCL INFO NET/IB: IbDev 3 Port 1 qpn 879 query_ece={supported=1, vendor_id=0x15b3, options=0x30000000, comp_mask=0x0}
a100-llm-05:3873353:3873496 [3] NCCL INFO NET/IB: NCCL Dev 10 IbDev 4 Port 1 qpn 623 mtu 5 GID 3 (0/422613C6FFFF0000) ctsFifoRkey=0xeba79 ctsFifoLkey=0xeba79
a100-llm-05:3873353:3873496 [3] NCCL INFO NET/IB: IbDev 4 Port 1 qpn 623 query_ece={supported=1, vendor_id=0x15b3, options=0x30000000, comp_mask=0x0}
a100-llm-05:3873353:3873494 [4] NCCL INFO NET/IB: NCCL Dev 11 IbDev 5 Port 1 qpn 871 mtu 5 GID 3 (0/520113C6FFFF0000) ctsFifoRkey=0x121211 ctsFifoLkey=0x121211
a100-llm-05:3873353:3873494 [4] NCCL INFO NET/IB: IbDev 5 Port 1 qpn 871 query_ece={supported=1, vendor_id=0x15b3, options=0x30000000, comp_mask=0x0}
a100-llm-05:3873353:3873490 [6] NCCL INFO NET/IB: IbDev 7 Port 1 qpn 875 set_ece={supported=1, vendor_id=0x15b3, options=0x30000000, comp_mask=0x0}
a100-llm-05:3873353:3873494 [4] NCCL INFO NET/IB: NCCL Dev 11 IbDev 6 Port 1 qpn 615 mtu 5 GID 3 (0/B90713C6FFFF0000) ctsFifoRkey=0xe4d0b ctsFifoLkey=0xe4d0b
a100-llm-05:3873353:3873494 [4] NCCL INFO NET/IB: IbDev 6 Port 1 qpn 615 query_ece={supported=1, vendor_id=0x15b3, options=0x30000000, comp_mask=0x0}
a100-llm-05:3873353:3873490 [6] NCCL INFO NET/IB: IbDev 8 Port 1 qpn 619 set_ece={supported=1, vendor_id=0x15b3, options=0x30000000, comp_mask=0x0}
a100-llm-05:3873353:3873488 [5] NCCL INFO NET/IB: IbDev 5 Port 1 qpn 869 set_ece={supported=1, vendor_id=0x15b3, options=0x30000000, comp_mask=0x0}
a100-llm-05:3873353:3873494 [4] NCCL INFO NET/IB: IbDev 5 Port 1 qpn 871 set_ece={supported=1, vendor_id=0x15b3, options=0x30000000, comp_mask=0x0}
a100-llm-05:3873353:3873488 [5] NCCL INFO NET/IB: IbDev 6 Port 1 qpn 613 set_ece={supported=1, vendor_id=0x15b3, options=0x30000000, comp_mask=0x0}
a100-llm-05:3873353:3873494 [4] NCCL INFO NET/IB: IbDev 6 Port 1 qpn 615 set_ece={supported=1, vendor_id=0x15b3, options=0x30000000, comp_mask=0x0}
a100-llm-05:3873353:3873496 [3] NCCL INFO NET/IB: IbDev 3 Port 1 qpn 878 set_ece={supported=1, vendor_id=0x15b3, options=0x30000000, comp_mask=0x0}
a100-llm-05:3873353:3873496 [3] NCCL INFO NET/IB: IbDev 4 Port 1 qpn 622 set_ece={supported=1, vendor_id=0x15b3, options=0x30000000, comp_mask=0x0}
a100-llm-05:3873353:3873496 [3] NCCL INFO NET/IB: IbDev 3 Port 1 qpn 879 set_ece={supported=1, vendor_id=0x15b3, options=0x30000000, comp_mask=0x0}
a100-llm-05:3873353:3873496 [3] NCCL INFO NET/IB: IbDev 4 Port 1 qpn 623 set_ece={supported=1, vendor_id=0x15b3, options=0x30000000, comp_mask=0x0}
a100-llm-05:3873353:3873494 [4] NCCL INFO NET/IB: IbDev 5 Port 1 qpn 870 set_ece={supported=1, vendor_id=0x15b3, options=0x30000000, comp_mask=0x0}
a100-llm-05:3873353:3873494 [4] NCCL INFO NET/IB: IbDev 6 Port 1 qpn 614 set_ece={supported=1, vendor_id=0x15b3, options=0x30000000, comp_mask=0x0}
[AIMD] FinalizeChunkRTT: cc=0x7f1200001000 slot=0 inflight_before=1
warmup done.
[AIMD] FinalizeChunkRTT: cc=0x7f120c065420 slot=701 inflight_before=2
[AIMD] FinalizeChunkRTT: cc=0x7f120c065420 slot=461 inflight_before=8
[AIMD] FinalizeChunkRTT: cc=0x7f1218001000 slot=165 inflight_before=8
a100-llm-05:3873353:3873476 [0] NCCL INFO V2MIN: pressure=1.000 (fast=0.114 slow=0.002 dev=0.1123) state=SHRINK window=204 floor=204 high=3307 low=0 ncc=16
[AIMD] FinalizeChunkRTT: cc=0x7f1210001000 slot=88 inflight_before=4
[AIMD] FinalizeChunkRTT: cc=0x7f1208001000 slot=960 inflight_before=1
[AIMD] FinalizeChunkRTT: cc=0x7f120c065420 slot=74 inflight_before=1
[AIMD] FinalizeChunkRTT: cc=0x7f1204001000 slot=537 inflight_before=1
[AIMD] FinalizeChunkRTT: cc=0x7f1200001000 slot=16 inflight_before=1
a100-llm-05:3873353:3873476 [0] NCCL INFO V2MIN: pressure=1.000 (fast=0.124 slow=0.002 dev=0.1221) state=SHRINK window=204 floor=204 high=8031 low=0 ncc=16
[AIMD] FinalizeChunkRTT: cc=0x7f120c065420 slot=576 inflight_before=2
[AIMD] FinalizeChunkRTT: cc=0x7f1210001000 slot=342 inflight_before=2
[AIMD] FinalizeChunkRTT: cc=0x7f1204001000 slot=913 inflight_before=5
[AIMD] FinalizeChunkRTT: cc=0x7f1208001000 slot=291 inflight_before=1
[AIMD] FinalizeChunkRTT: cc=0x7f1214067d40 slot=950 inflight_before=7
a100-llm-05:3873353:3873476 [0] NCCL INFO V2MIN: pressure=1.000 (fast=0.134 slow=0.002 dev=0.1326) state=SHRINK window=204 floor=204 high=12753 low=0 ncc=16
[AIMD] FinalizeChunkRTT: cc=0x7f1204001000 slot=221 inflight_before=1
[AIMD] FinalizeChunkRTT: cc=0x7f1200001000 slot=681 inflight_before=1
[AIMD] FinalizeChunkRTT: cc=0x7f1204001000 slot=109 inflight_before=1
[AIMD] FinalizeChunkRTT: cc=0x7f1200001000 slot=610 inflight_before=1
[AIMD] FinalizeChunkRTT: cc=0x7f1210001000 slot=90 inflight_before=1
a100-llm-05:3873353:3873476 [0] NCCL INFO V2MIN: pressure=1.000 (fast=0.065 slow=0.002 dev=0.0638) state=SHRINK window=204 floor=204 high=17472 low=0 ncc=16
[AIMD] FinalizeChunkRTT: cc=0x7f1214067d40 slot=426 inflight_before=5
[AIMD] FinalizeChunkRTT: cc=0x7f120c065420 slot=776 inflight_before=1
[AIMD] FinalizeChunkRTT: cc=0x7f1218017320 slot=186 inflight_before=1
[AIMD] FinalizeChunkRTT: cc=0x7f121c096190 slot=567 inflight_before=1
[AIMD] FinalizeChunkRTT: cc=0x7f1200001000 slot=941 inflight_before=1
a100-llm-05:3873353:3873476 [0] NCCL INFO V2MIN: pressure=1.000 (fast=0.094 slow=0.002 dev=0.0922) state=SHRINK window=204 floor=204 high=22193 low=0 ncc=16
[AIMD] FinalizeChunkRTT: cc=0x7f1208001000 slot=379 inflight_before=1
[AIMD] FinalizeChunkRTT: cc=0x7f121c096190 slot=994 inflight_before=2
CSV written to: det_v1_baseline_run8/bench_latency_20260416_170211.csv

========================================
  Oracle Experiment Results
========================================
Config: nDev=8  count=1048576  data=4.19 MB  iters=1000
NCCL_AIMD_ENABLE=1  NCCL_CC_ORACLE_FACTOR=(unset)

Wall-clock latency (us):
  mean= 24476.4  stddev= 14414.8
  p50 = 21827.9  p99   = 68019.4  max= 76598.7

Collective max GPU latency (us):
  mean= 23400.0  stddev= 13744.8
  p50 = 20926.5  p99   = 65067.3  max= 76590.1

Rank skew (us):
  mean=  3970.9  stddev=  4990.9
  p50 =   875.5  p99   = 19044.5  max= 30363.6

Avg algo bandwidth: 0.30 GB/s
========================================

