a100-llm-05:3943393:3943549 [6] NCCL INFO GPU Direct RDMA Enabled for GPU/0-1044560 (rank 6) - NET/0-12 (distance 5 <= 6, read 0, mode Default)
a100-llm-05:3943393:3943548 [7] NCCL INFO Channel 00/0 : 6[6] -> 7[7] [receive] via NET/IB/12/GDRDMA
a100-llm-05:3943393:3943548 [7] NCCL INFO GPU Direct RDMA Enabled for GPU/0-1044576 (rank 7) - NET/0-12 (distance 5 <= 6, read 0, mode Default)
a100-llm-05:3943393:3943536 [7] NCCL INFO New proxy recv connection 1 from local rank 0, transport 2
a100-llm-05:3943393:3943548 [7] NCCL INFO Connected to proxy localRank 0 -> connection 0x7f5d14000d88
a100-llm-05:3943393:3943534 [6] NCCL INFO New proxy recv connection 1 from local rank 0, transport 2
a100-llm-05:3943393:3943549 [6] NCCL INFO Connected to proxy localRank 0 -> connection 0x7f5d0c000d88
a100-llm-05:3943393:3943549 [6] NCCL INFO Channel 01/0 : 5[5] -> 6[6] [receive] via NET/IB/12/GDRDMA
a100-llm-05:3943393:3943549 [6] NCCL INFO GPU Direct RDMA Enabled for GPU/0-1044560 (rank 6) - NET/0-12 (distance 5 <= 6, read 1, mode Default)
a100-llm-05:3943393:3943534 [6] NCCL INFO New proxy send connection 2 from local rank 0, transport 2
a100-llm-05:3943393:3943549 [6] NCCL INFO Connected to proxy localRank 0 -> connection 0x7f5d0c000e00
a100-llm-05:3943393:3943549 [6] NCCL INFO Channel 00/0 : 6[6] -> 7[7] [send] via NET/IB/12/GDRDMA
a100-llm-05:3943393:3943549 [6] NCCL INFO GPU Direct RDMA Enabled for GPU/0-1044560 (rank 6) - NET/0-12 (distance 5 <= 6, read 1, mode Default)
a100-llm-05:3943393:3943534 [6] NCCL INFO New proxy send connection 3 from local rank 0, transport 2
a100-llm-05:3943393:3943549 [6] NCCL INFO Connected to proxy localRank 0 -> connection 0x7f5d0c000e78
a100-llm-05:3943393:3943549 [6] NCCL INFO Channel 01/0 : 6[6] -> 7[7] [send] via NET/IB/12/GDRDMA
a100-llm-05:3943393:3943553 [2] NCCL INFO Connected to proxy localRank 0 -> connection 0x7f5d00000d10
a100-llm-05:3943393:3943539 [0] NCCL INFO New proxy recv connection 0 from local rank 0, transport 2
a100-llm-05:3943393:3943537 [1] NCCL INFO New proxy recv connection 0 from local rank 0, transport 2
a100-llm-05:3943393:3943553 [2] NCCL INFO Channel 00/0 : 1[1] -> 2[2] [receive] via NET/IB/10/GDRDMA
a100-llm-05:3943393:3943553 [2] NCCL INFO GPU Direct RDMA Enabled for GPU/0-1028176 (rank 2) - NET/0-10 (distance 5 <= 6, read 0, mode Default)
a100-llm-05:3943393:3943554 [1] NCCL INFO Connected to proxy localRank 0 -> connection 0x7f5d24000d10
a100-llm-05:3943393:3943548 [7] NCCL INFO Channel 01/0 : 6[6] -> 7[7] [receive] via NET/IB/12/GDRDMA
a100-llm-05:3943393:3943548 [7] NCCL INFO GPU Direct RDMA Enabled for GPU/0-1044576 (rank 7) - NET/0-12 (distance 5 <= 6, read 1, mode Default)
a100-llm-05:3943393:3943555 [0] NCCL INFO Connected to proxy localRank 0 -> connection 0x7f5d04000d10
a100-llm-05:3943393:3943540 [3] NCCL INFO New proxy recv connection 0 from local rank 0, transport 2
a100-llm-05:3943393:3943555 [0] NCCL INFO Channel 00/0 : 7[7] -> 0[0] [receive] via NET/IB/9/GDRDMA
a100-llm-05:3943393:3943555 [0] NCCL INFO GPU Direct RDMA Enabled for GPU/0-1019984 (rank 0) - NET/0-9 (distance 5 <= 6, read 0, mode Default)
a100-llm-05:3943393:3943539 [0] NCCL INFO New proxy recv connection 1 from local rank 0, transport 2
a100-llm-05:3943393:3943555 [0] NCCL INFO Connected to proxy localRank 0 -> connection 0x7f5d04000d88
a100-llm-05:3943393:3943542 [4] NCCL INFO New proxy recv connection 0 from local rank 0, transport 2
a100-llm-05:3943393:3943532 [5] NCCL INFO New proxy recv connection 0 from local rank 0, transport 2
a100-llm-05:3943393:3943541 [2] NCCL INFO New proxy recv connection 1 from local rank 0, transport 2
a100-llm-05:3943393:3943551 [4] NCCL INFO Connected to proxy localRank 0 -> connection 0x7f5cf80010a0
a100-llm-05:3943393:3943536 [7] NCCL INFO New proxy send connection 2 from local rank 0, transport 2
a100-llm-05:3943393:3943550 [5] NCCL INFO Connected to proxy localRank 0 -> connection 0x7f5d2c000d10
a100-llm-05:3943393:3943552 [3] NCCL INFO Connected to proxy localRank 0 -> connection 0x7f5d080010a0
a100-llm-05:3943393:3943552 [3] NCCL INFO Channel 00/0 : 2[2] -> 3[3] [receive] via NET/IB/10/GDRDMA
a100-llm-05:3943393:3943552 [3] NCCL INFO GPU Direct RDMA Enabled for GPU/0-1028192 (rank 3) - NET/0-10 (distance 5 <= 6, read 0, mode Default)
a100-llm-05:3943393:3943540 [3] NCCL INFO New proxy recv connection 1 from local rank 0, transport 2
a100-llm-05:3943393:3943552 [3] NCCL INFO Connected to proxy localRank 0 -> connection 0x7f5d08001118
a100-llm-05:3943393:3943552 [3] NCCL INFO Channel 01/0 : 2[2] -> 3[3] [receive] via NET/IB/10/GDRDMA
a100-llm-05:3943393:3943552 [3] NCCL INFO GPU Direct RDMA Enabled for GPU/0-1028192 (rank 3) - NET/0-10 (distance 5 <= 6, read 1, mode Default)
a100-llm-05:3943393:3943540 [3] NCCL INFO New proxy send connection 2 from local rank 0, transport 2
a100-llm-05:3943393:3943552 [3] NCCL INFO Connected to proxy localRank 0 -> connection 0x7f5d08001190
a100-llm-05:3943393:3943552 [3] NCCL INFO Channel 00/0 : 3[3] -> 4[4] [send] via NET/IB/10/GDRDMA
a100-llm-05:3943393:3943552 [3] NCCL INFO GPU Direct RDMA Enabled for GPU/0-1028192 (rank 3) - NET/0-10 (distance 5 <= 6, read 1, mode Default)
a100-llm-05:3943393:3943540 [3] NCCL INFO New proxy send connection 3 from local rank 0, transport 2
a100-llm-05:3943393:3943552 [3] NCCL INFO Connected to proxy localRank 0 -> connection 0x7f5d08001208
a100-llm-05:3943393:3943552 [3] NCCL INFO Channel 01/0 : 3[3] -> 4[4] [send] via NET/IB/10/GDRDMA
a100-llm-05:3943393:3943553 [2] NCCL INFO Connected to proxy localRank 0 -> connection 0x7f5d00000d88
a100-llm-05:3943393:3943548 [7] NCCL INFO Connected to proxy localRank 0 -> connection 0x7f5d14000e00
a100-llm-05:3943393:3943554 [1] NCCL INFO Channel 00/0 : 0[0] -> 1[1] [receive] via NET/IB/9/GDRDMA
a100-llm-05:3943393:3943554 [1] NCCL INFO GPU Direct RDMA Enabled for GPU/0-1020000 (rank 1) - NET/0-9 (distance 5 <= 6, read 0, mode Default)
a100-llm-05:3943393:3943551 [4] NCCL INFO Channel 00/0 : 3[3] -> 4[4] [receive] via NET/IB/11/GDRDMA
a100-llm-05:3943393:3943551 [4] NCCL INFO GPU Direct RDMA Enabled for GPU/0-1036368 (rank 4) - NET/0-11 (distance 5 <= 6, read 0, mode Default)
a100-llm-05:3943393:3943542 [4] NCCL INFO New proxy recv connection 1 from local rank 0, transport 2
a100-llm-05:3943393:3943550 [5] NCCL INFO Channel 00/0 : 4[4] -> 5[5] [receive] via NET/IB/11/GDRDMA
a100-llm-05:3943393:3943550 [5] NCCL INFO GPU Direct RDMA Enabled for GPU/0-1036384 (rank 5) - NET/0-11 (distance 5 <= 6, read 0, mode Default)
a100-llm-05:3943393:3943553 [2] NCCL INFO Channel 01/0 : 1[1] -> 2[2] [receive] via NET/IB/10/GDRDMA
a100-llm-05:3943393:3943553 [2] NCCL INFO GPU Direct RDMA Enabled for GPU/0-1028176 (rank 2) - NET/0-10 (distance 5 <= 6, read 1, mode Default)
a100-llm-05:3943393:3943555 [0] NCCL INFO Channel 01/0 : 7[7] -> 0[0] [receive] via NET/IB/9/GDRDMA
a100-llm-05:3943393:3943555 [0] NCCL INFO GPU Direct RDMA Enabled for GPU/0-1019984 (rank 0) - NET/0-9 (distance 5 <= 6, read 1, mode Default)
a100-llm-05:3943393:3943548 [7] NCCL INFO Channel 00/0 : 7[7] -> 0[0] [send] via NET/IB/12/GDRDMA
a100-llm-05:3943393:3943548 [7] NCCL INFO GPU Direct RDMA Enabled for GPU/0-1044576 (rank 7) - NET/0-12 (distance 5 <= 6, read 1, mode Default)
a100-llm-05:3943393:3943541 [2] NCCL INFO New proxy send connection 2 from local rank 0, transport 2
a100-llm-05:3943393:3943551 [4] NCCL INFO Connected to proxy localRank 0 -> connection 0x7f5cf8001118
a100-llm-05:3943393:3943539 [0] NCCL INFO New proxy send connection 2 from local rank 0, transport 2
a100-llm-05:3943393:3943537 [1] NCCL INFO New proxy recv connection 1 from local rank 0, transport 2
a100-llm-05:3943393:3943555 [0] NCCL INFO Connected to proxy localRank 0 -> connection 0x7f5d04000e00
a100-llm-05:3943393:3943532 [5] NCCL INFO New proxy recv connection 1 from local rank 0, transport 2
a100-llm-05:3943393:3943553 [2] NCCL INFO Connected to proxy localRank 0 -> connection 0x7f5d00000e00
a100-llm-05:3943393:3943554 [1] NCCL INFO Connected to proxy localRank 0 -> connection 0x7f5d24000d88
a100-llm-05:3943393:3943536 [7] NCCL INFO New proxy send connection 3 from local rank 0, transport 2
a100-llm-05:3943393:3943550 [5] NCCL INFO Connected to proxy localRank 0 -> connection 0x7f5d2c000d88
a100-llm-05:3943393:3943550 [5] NCCL INFO Channel 01/0 : 4[4] -> 5[5] [receive] via NET/IB/11/GDRDMA
a100-llm-05:3943393:3943550 [5] NCCL INFO GPU Direct RDMA Enabled for GPU/0-1036384 (rank 5) - NET/0-11 (distance 5 <= 6, read 1, mode Default)
a100-llm-05:3943393:3943551 [4] NCCL INFO Channel 01/0 : 3[3] -> 4[4] [receive] via NET/IB/11/GDRDMA
a100-llm-05:3943393:3943551 [4] NCCL INFO GPU Direct RDMA Enabled for GPU/0-1036368 (rank 4) - NET/0-11 (distance 5 <= 6, read 1, mode Default)
a100-llm-05:3943393:3943554 [1] NCCL INFO Channel 01/0 : 0[0] -> 1[1] [receive] via NET/IB/9/GDRDMA
a100-llm-05:3943393:3943554 [1] NCCL INFO GPU Direct RDMA Enabled for GPU/0-1020000 (rank 1) - NET/0-9 (distance 5 <= 6, read 1, mode Default)
a100-llm-05:3943393:3943548 [7] NCCL INFO Connected to proxy localRank 0 -> connection 0x7f5d14000e78
a100-llm-05:3943393:3943542 [4] NCCL INFO New proxy send connection 2 from local rank 0, transport 2
a100-llm-05:3943393:3943553 [2] NCCL INFO Channel 00/0 : 2[2] -> 3[3] [send] via NET/IB/10/GDRDMA
a100-llm-05:3943393:3943553 [2] NCCL INFO GPU Direct RDMA Enabled for GPU/0-1028176 (rank 2) - NET/0-10 (distance 5 <= 6, read 1, mode Default)
a100-llm-05:3943393:3943548 [7] NCCL INFO Channel 01/0 : 7[7] -> 0[0] [send] via NET/IB/12/GDRDMA
a100-llm-05:3943393:3943555 [0] NCCL INFO Channel 00/0 : 0[0] -> 1[1] [send] via NET/IB/9/GDRDMA
a100-llm-05:3943393:3943532 [5] NCCL INFO New proxy send connection 2 from local rank 0, transport 2
a100-llm-05:3943393:3943555 [0] NCCL INFO GPU Direct RDMA Enabled for GPU/0-1019984 (rank 0) - NET/0-9 (distance 5 <= 6, read 1, mode Default)
a100-llm-05:3943393:3943550 [5] NCCL INFO Connected to proxy localRank 0 -> connection 0x7f5d2c000e00
a100-llm-05:3943393:3943551 [4] NCCL INFO Connected to proxy localRank 0 -> connection 0x7f5cf8001190
a100-llm-05:3943393:3943539 [0] NCCL INFO New proxy send connection 3 from local rank 0, transport 2
a100-llm-05:3943393:3943550 [5] NCCL INFO Channel 00/0 : 5[5] -> 6[6] [send] via NET/IB/11/GDRDMA
a100-llm-05:3943393:3943550 [5] NCCL INFO GPU Direct RDMA Enabled for GPU/0-1036384 (rank 5) - NET/0-11 (distance 5 <= 6, read 1, mode Default)
a100-llm-05:3943393:3943537 [1] NCCL INFO New proxy send connection 2 from local rank 0, transport 2
a100-llm-05:3943393:3943555 [0] NCCL INFO Connected to proxy localRank 0 -> connection 0x7f5d04000e78
a100-llm-05:3943393:3943541 [2] NCCL INFO New proxy send connection 3 from local rank 0, transport 2
a100-llm-05:3943393:3943532 [5] NCCL INFO New proxy send connection 3 from local rank 0, transport 2
a100-llm-05:3943393:3943553 [2] NCCL INFO Connected to proxy localRank 0 -> connection 0x7f5d00000e78
a100-llm-05:3943393:3943554 [1] NCCL INFO Connected to proxy localRank 0 -> connection 0x7f5d24000e00
a100-llm-05:3943393:3943550 [5] NCCL INFO Connected to proxy localRank 0 -> connection 0x7f5d2c000e78
a100-llm-05:3943393:3943551 [4] NCCL INFO Channel 00/0 : 4[4] -> 5[5] [send] via NET/IB/11/GDRDMA
a100-llm-05:3943393:3943551 [4] NCCL INFO GPU Direct RDMA Enabled for GPU/0-1036368 (rank 4) - NET/0-11 (distance 5 <= 6, read 1, mode Default)
a100-llm-05:3943393:3943554 [1] NCCL INFO Channel 00/0 : 1[1] -> 2[2] [send] via NET/IB/9/GDRDMA
a100-llm-05:3943393:3943555 [0] NCCL INFO Channel 01/0 : 0[0] -> 1[1] [send] via NET/IB/9/GDRDMA
a100-llm-05:3943393:3943554 [1] NCCL INFO GPU Direct RDMA Enabled for GPU/0-1020000 (rank 1) - NET/0-9 (distance 5 <= 6, read 1, mode Default)
a100-llm-05:3943393:3943542 [4] NCCL INFO New proxy send connection 3 from local rank 0, transport 2
a100-llm-05:3943393:3943553 [2] NCCL INFO Channel 01/0 : 2[2] -> 3[3] [send] via NET/IB/10/GDRDMA
a100-llm-05:3943393:3943550 [5] NCCL INFO Channel 01/0 : 5[5] -> 6[6] [send] via NET/IB/11/GDRDMA
a100-llm-05:3943393:3943551 [4] NCCL INFO Connected to proxy localRank 0 -> connection 0x7f5cf8001208
a100-llm-05:3943393:3943537 [1] NCCL INFO New proxy send connection 3 from local rank 0, transport 2
a100-llm-05:3943393:3943551 [4] NCCL INFO Channel 01/0 : 4[4] -> 5[5] [send] via NET/IB/11/GDRDMA
a100-llm-05:3943393:3943554 [1] NCCL INFO Connected to proxy localRank 0 -> connection 0x7f5d24000e78
a100-llm-05:3943393:3943534 [6] NCCL INFO NET/IB: NCCL Dev 12 IbDev 7 Port 1 qpn 1132 mtu 5 GID 3 (0/4E5A13C6FFFF0000) ctsFifoRkey=0x19aeb0 ctsFifoLkey=0x19aeb0
a100-llm-05:3943393:3943534 [6] NCCL INFO NET/IB: IbDev 7 Port 1 qpn 1132 query_ece={supported=1, vendor_id=0x15b3, options=0x30000000, comp_mask=0x0}
a100-llm-05:3943393:3943534 [6] NCCL INFO NET/IB: NCCL Dev 12 IbDev 8 Port 1 qpn 876 mtu 5 GID 3 (0/57B013C6FFFF0000) ctsFifoRkey=0x1639f9 ctsFifoLkey=0x1639f9
a100-llm-05:3943393:3943534 [6] NCCL INFO NET/IB: IbDev 8 Port 1 qpn 876 query_ece={supported=1, vendor_id=0x15b3, options=0x30000000, comp_mask=0x0}
a100-llm-05:3943393:3943554 [1] NCCL INFO Channel 01/0 : 1[1] -> 2[2] [send] via NET/IB/9/GDRDMA
a100-llm-05:3943393:3943534 [6] NCCL INFO NET/IB: NCCL Dev 12 IbDev 7 Port 1 qpn 1133 mtu 5 GID 3 (0/4E5A13C6FFFF0000) ctsFifoRkey=0x19bab9 ctsFifoLkey=0x19bab9
a100-llm-05:3943393:3943534 [6] NCCL INFO NET/IB: IbDev 7 Port 1 qpn 1133 query_ece={supported=1, vendor_id=0x15b3, options=0x30000000, comp_mask=0x0}
a100-llm-05:3943393:3943534 [6] NCCL INFO NET/IB: NCCL Dev 12 IbDev 8 Port 1 qpn 877 mtu 5 GID 3 (0/57B013C6FFFF0000) ctsFifoRkey=0x164201 ctsFifoLkey=0x164201
a100-llm-05:3943393:3943534 [6] NCCL INFO NET/IB: IbDev 8 Port 1 qpn 877 query_ece={supported=1, vendor_id=0x15b3, options=0x30000000, comp_mask=0x0}
a100-llm-05:3943393:3943542 [4] NCCL INFO NET/IB: NCCL Dev 11 IbDev 5 Port 1 qpn 1132 mtu 5 GID 3 (0/520113C6FFFF0000) ctsFifoRkey=0x1a3435 ctsFifoLkey=0x1a3435
a100-llm-05:3943393:3943542 [4] NCCL INFO NET/IB: IbDev 5 Port 1 qpn 1132 query_ece={supported=1, vendor_id=0x15b3, options=0x30000000, comp_mask=0x0}
a100-llm-05:3943393:3943542 [4] NCCL INFO NET/IB: NCCL Dev 11 IbDev 6 Port 1 qpn 876 mtu 5 GID 3 (0/B90713C6FFFF0000) ctsFifoRkey=0x166322 ctsFifoLkey=0x166322
a100-llm-05:3943393:3943542 [4] NCCL INFO NET/IB: IbDev 6 Port 1 qpn 876 query_ece={supported=1, vendor_id=0x15b3, options=0x30000000, comp_mask=0x0}
a100-llm-05:3943393:3943532 [5] NCCL INFO NET/IB: NCCL Dev 11 IbDev 5 Port 1 qpn 1133 mtu 5 GID 3 (0/520113C6FFFF0000) ctsFifoRkey=0x1a403f ctsFifoLkey=0x1a403f
a100-llm-05:3943393:3943532 [5] NCCL INFO NET/IB: IbDev 5 Port 1 qpn 1133 query_ece={supported=1, vendor_id=0x15b3, options=0x30000000, comp_mask=0x0}
a100-llm-05:3943393:3943532 [5] NCCL INFO NET/IB: NCCL Dev 11 IbDev 6 Port 1 qpn 877 mtu 5 GID 3 (0/B90713C6FFFF0000) ctsFifoRkey=0x16702e ctsFifoLkey=0x16702e
a100-llm-05:3943393:3943532 [5] NCCL INFO NET/IB: IbDev 6 Port 1 qpn 877 query_ece={supported=1, vendor_id=0x15b3, options=0x30000000, comp_mask=0x0}
a100-llm-05:3943393:3943534 [6] NCCL INFO NET/IB: IbDev 7 Port 1 qpn 1132 set_ece={supported=1, vendor_id=0x15b3, options=0x30000000, comp_mask=0x0}
a100-llm-05:3943393:3943534 [6] NCCL INFO NET/IB: IbDev 8 Port 1 qpn 876 set_ece={supported=1, vendor_id=0x15b3, options=0x30000000, comp_mask=0x0}
a100-llm-05:3943393:3943542 [4] NCCL INFO NET/IB: NCCL Dev 11 IbDev 5 Port 1 qpn 1135 mtu 5 GID 3 (0/520113C6FFFF0000) ctsFifoRkey=0x1a4b4b ctsFifoLkey=0x1a4b4b
a100-llm-05:3943393:3943542 [4] NCCL INFO NET/IB: IbDev 5 Port 1 qpn 1135 query_ece={supported=1, vendor_id=0x15b3, options=0x30000000, comp_mask=0x0}
a100-llm-05:3943393:3943542 [4] NCCL INFO NET/IB: NCCL Dev 11 IbDev 6 Port 1 qpn 878 mtu 5 GID 3 (0/B90713C6FFFF0000) ctsFifoRkey=0x167b3a ctsFifoLkey=0x167b3a
a100-llm-05:3943393:3943542 [4] NCCL INFO NET/IB: IbDev 6 Port 1 qpn 878 query_ece={supported=1, vendor_id=0x15b3, options=0x30000000, comp_mask=0x0}
a100-llm-05:3943393:3943542 [4] NCCL INFO NET/IB: IbDev 5 Port 1 qpn 1132 set_ece={supported=1, vendor_id=0x15b3, options=0x30000000, comp_mask=0x0}
a100-llm-05:3943393:3943540 [3] NCCL INFO NET/IB: NCCL Dev 10 IbDev 3 Port 1 qpn 1132 mtu 5 GID 3 (0/220D13C6FFFF0000) ctsFifoRkey=0x1a1413 ctsFifoLkey=0x1a1413
a100-llm-05:3943393:3943540 [3] NCCL INFO NET/IB: IbDev 3 Port 1 qpn 1132 query_ece={supported=1, vendor_id=0x15b3, options=0x30000000, comp_mask=0x0}
a100-llm-05:3943393:3943542 [4] NCCL INFO NET/IB: IbDev 6 Port 1 qpn 876 set_ece={supported=1, vendor_id=0x15b3, options=0x30000000, comp_mask=0x0}
a100-llm-05:3943393:3943540 [3] NCCL INFO NET/IB: NCCL Dev 10 IbDev 4 Port 1 qpn 876 mtu 5 GID 3 (0/422613C6FFFF0000) ctsFifoRkey=0x16b475 ctsFifoLkey=0x16b475
a100-llm-05:3943393:3943540 [3] NCCL INFO NET/IB: IbDev 4 Port 1 qpn 876 query_ece={supported=1, vendor_id=0x15b3, options=0x30000000, comp_mask=0x0}
a100-llm-05:3943393:3943532 [5] NCCL INFO NET/IB: NCCL Dev 11 IbDev 5 Port 1 qpn 1137 mtu 5 GID 3 (0/520113C6FFFF0000) ctsFifoRkey=0x1a6362 ctsFifoLkey=0x1a6362
a100-llm-05:3943393:3943532 [5] NCCL INFO NET/IB: IbDev 5 Port 1 qpn 1137 query_ece={supported=1, vendor_id=0x15b3, options=0x30000000, comp_mask=0x0}
a100-llm-05:3943393:3943532 [5] NCCL INFO NET/IB: NCCL Dev 11 IbDev 6 Port 1 qpn 881 mtu 5 GID 3 (0/B90713C6FFFF0000) ctsFifoRkey=0x169352 ctsFifoLkey=0x169352
a100-llm-05:3943393:3943532 [5] NCCL INFO NET/IB: IbDev 6 Port 1 qpn 881 query_ece={supported=1, vendor_id=0x15b3, options=0x30000000, comp_mask=0x0}
a100-llm-05:3943393:3943541 [2] NCCL INFO NET/IB: NCCL Dev 10 IbDev 3 Port 1 qpn 1133 mtu 5 GID 3 (0/220D13C6FFFF0000) ctsFifoRkey=0x1a201f ctsFifoLkey=0x1a201f
a100-llm-05:3943393:3943541 [2] NCCL INFO NET/IB: IbDev 3 Port 1 qpn 1133 query_ece={supported=1, vendor_id=0x15b3, options=0x30000000, comp_mask=0x0}
a100-llm-05:3943393:3943541 [2] NCCL INFO NET/IB: NCCL Dev 10 IbDev 4 Port 1 qpn 877 mtu 5 GID 3 (0/422613C6FFFF0000) ctsFifoRkey=0x16c080 ctsFifoLkey=0x16c080
a100-llm-05:3943393:3943541 [2] NCCL INFO NET/IB: IbDev 4 Port 1 qpn 877 query_ece={supported=1, vendor_id=0x15b3, options=0x30000000, comp_mask=0x0}
a100-llm-05:3943393:3943534 [6] NCCL INFO NET/IB: IbDev 7 Port 1 qpn 1133 set_ece={supported=1, vendor_id=0x15b3, options=0x30000000, comp_mask=0x0}
a100-llm-05:3943393:3943534 [6] NCCL INFO NET/IB: IbDev 8 Port 1 qpn 877 set_ece={supported=1, vendor_id=0x15b3, options=0x30000000, comp_mask=0x0}
a100-llm-05:3943393:3943536 [7] NCCL INFO NET/IB: NCCL Dev 12 IbDev 7 Port 1 qpn 1140 mtu 5 GID 3 (0/4E5A13C6FFFF0000) ctsFifoRkey=0x19eae9 ctsFifoLkey=0x19eae9
a100-llm-05:3943393:3943536 [7] NCCL INFO NET/IB: IbDev 7 Port 1 qpn 1140 query_ece={supported=1, vendor_id=0x15b3, options=0x30000000, comp_mask=0x0}
a100-llm-05:3943393:3943536 [7] NCCL INFO NET/IB: NCCL Dev 12 IbDev 8 Port 1 qpn 884 mtu 5 GID 3 (0/57B013C6FFFF0000) ctsFifoRkey=0x167232 ctsFifoLkey=0x167232
a100-llm-05:3943393:3943536 [7] NCCL INFO NET/IB: IbDev 8 Port 1 qpn 884 query_ece={supported=1, vendor_id=0x15b3, options=0x30000000, comp_mask=0x0}
a100-llm-05:3943393:3943532 [5] NCCL INFO NET/IB: IbDev 5 Port 1 qpn 1133 set_ece={supported=1, vendor_id=0x15b3, options=0x30000000, comp_mask=0x0}
a100-llm-05:3943393:3943532 [5] NCCL INFO NET/IB: IbDev 6 Port 1 qpn 877 set_ece={supported=1, vendor_id=0x15b3, options=0x30000000, comp_mask=0x0}
a100-llm-05:3943393:3943542 [4] NCCL INFO NET/IB: IbDev 5 Port 1 qpn 1135 set_ece={supported=1, vendor_id=0x15b3, options=0x30000000, comp_mask=0x0}
a100-llm-05:3943393:3943540 [3] NCCL INFO NET/IB: IbDev 3 Port 1 qpn 1132 set_ece={supported=1, vendor_id=0x15b3, options=0x30000000, comp_mask=0x0}
a100-llm-05:3943393:3943542 [4] NCCL INFO NET/IB: IbDev 6 Port 1 qpn 878 set_ece={supported=1, vendor_id=0x15b3, options=0x30000000, comp_mask=0x0}
a100-llm-05:3943393:3943540 [3] NCCL INFO NET/IB: IbDev 4 Port 1 qpn 876 set_ece={supported=1, vendor_id=0x15b3, options=0x30000000, comp_mask=0x0}
a100-llm-05:3943393:3943536 [7] NCCL INFO NET/IB: NCCL Dev 12 IbDev 7 Port 1 qpn 1142 mtu 5 GID 3 (0/4E5A13C6FFFF0000) ctsFifoRkey=0x19f6f5 ctsFifoLkey=0x19f6f5
a100-llm-05:3943393:3943536 [7] NCCL INFO NET/IB: IbDev 7 Port 1 qpn 1142 query_ece={supported=1, vendor_id=0x15b3, options=0x30000000, comp_mask=0x0}
a100-llm-05:3943393:3943536 [7] NCCL INFO NET/IB: NCCL Dev 12 IbDev 8 Port 1 qpn 886 mtu 5 GID 3 (0/57B013C6FFFF0000) ctsFifoRkey=0x167c3b ctsFifoLkey=0x167c3b
a100-llm-05:3943393:3943536 [7] NCCL INFO NET/IB: IbDev 8 Port 1 qpn 886 query_ece={supported=1, vendor_id=0x15b3, options=0x30000000, comp_mask=0x0}
a100-llm-05:3943393:3943537 [1] NCCL INFO NET/IB: NCCL Dev 9 IbDev 1 Port 1 qpn 1133 mtu 5 GID 3 (0/F34413C6FFFF0000) ctsFifoRkey=0x1a4341 ctsFifoLkey=0x1a4341
a100-llm-05:3943393:3943537 [1] NCCL INFO NET/IB: IbDev 1 Port 1 qpn 1133 query_ece={supported=1, vendor_id=0x15b3, options=0x30000000, comp_mask=0x0}
a100-llm-05:3943393:3943537 [1] NCCL INFO NET/IB: NCCL Dev 9 IbDev 2 Port 1 qpn 876 mtu 5 GID 3 (0/173F13C6FFFF0000) ctsFifoRkey=0x165610 ctsFifoLkey=0x165610
a100-llm-05:3943393:3943537 [1] NCCL INFO NET/IB: IbDev 2 Port 1 qpn 876 query_ece={supported=1, vendor_id=0x15b3, options=0x30000000, comp_mask=0x0}
a100-llm-05:3943393:3943532 [5] NCCL INFO NET/IB: IbDev 5 Port 1 qpn 1137 set_ece={supported=1, vendor_id=0x15b3, options=0x30000000, comp_mask=0x0}
a100-llm-05:3943393:3943532 [5] NCCL INFO NET/IB: IbDev 6 Port 1 qpn 881 set_ece={supported=1, vendor_id=0x15b3, options=0x30000000, comp_mask=0x0}
a100-llm-05:3943393:3943537 [1] NCCL INFO NET/IB: NCCL Dev 9 IbDev 1 Port 1 qpn 1135 mtu 5 GID 3 (0/F34413C6FFFF0000) ctsFifoRkey=0x1a5b5a ctsFifoLkey=0x1a5b5a
a100-llm-05:3943393:3943537 [1] NCCL INFO NET/IB: IbDev 1 Port 1 qpn 1135 query_ece={supported=1, vendor_id=0x15b3, options=0x30000000, comp_mask=0x0}
a100-llm-05:3943393:3943537 [1] NCCL INFO NET/IB: NCCL Dev 9 IbDev 2 Port 1 qpn 878 mtu 5 GID 3 (0/173F13C6FFFF0000) ctsFifoRkey=0x166f2d ctsFifoLkey=0x166f2d
a100-llm-05:3943393:3943537 [1] NCCL INFO NET/IB: IbDev 2 Port 1 qpn 878 query_ece={supported=1, vendor_id=0x15b3, options=0x30000000, comp_mask=0x0}
a100-llm-05:3943393:3943540 [3] NCCL INFO NET/IB: NCCL Dev 10 IbDev 3 Port 1 qpn 1136 mtu 5 GID 3 (0/220D13C6FFFF0000) ctsFifoRkey=0x1a3638 ctsFifoLkey=0x1a3638
a100-llm-05:3943393:3943540 [3] NCCL INFO NET/IB: IbDev 3 Port 1 qpn 1136 query_ece={supported=1, vendor_id=0x15b3, options=0x30000000, comp_mask=0x0}
a100-llm-05:3943393:3943540 [3] NCCL INFO NET/IB: NCCL Dev 10 IbDev 4 Port 1 qpn 880 mtu 5 GID 3 (0/422613C6FFFF0000) ctsFifoRkey=0x16de9e ctsFifoLkey=0x16de9e
a100-llm-05:3943393:3943540 [3] NCCL INFO NET/IB: IbDev 4 Port 1 qpn 880 query_ece={supported=1, vendor_id=0x15b3, options=0x30000000, comp_mask=0x0}
a100-llm-05:3943393:3943539 [0] NCCL INFO NET/IB: NCCL Dev 9 IbDev 1 Port 1 qpn 1136 mtu 5 GID 3 (0/F34413C6FFFF0000) ctsFifoRkey=0x1a6766 ctsFifoLkey=0x1a6766
a100-llm-05:3943393:3943539 [0] NCCL INFO NET/IB: IbDev 1 Port 1 qpn 1136 query_ece={supported=1, vendor_id=0x15b3, options=0x30000000, comp_mask=0x0}
a100-llm-05:3943393:3943539 [0] NCCL INFO NET/IB: NCCL Dev 9 IbDev 2 Port 1 qpn 880 mtu 5 GID 3 (0/173F13C6FFFF0000) ctsFifoRkey=0x167b3a ctsFifoLkey=0x167b3a
a100-llm-05:3943393:3943539 [0] NCCL INFO NET/IB: IbDev 2 Port 1 qpn 880 query_ece={supported=1, vendor_id=0x15b3, options=0x30000000, comp_mask=0x0}
a100-llm-05:3943393:3943536 [7] NCCL INFO NET/IB: IbDev 7 Port 1 qpn 1140 set_ece={supported=1, vendor_id=0x15b3, options=0x30000000, comp_mask=0x0}
a100-llm-05:3943393:3943536 [7] NCCL INFO NET/IB: IbDev 8 Port 1 qpn 884 set_ece={supported=1, vendor_id=0x15b3, options=0x30000000, comp_mask=0x0}
a100-llm-05:3943393:3943540 [3] NCCL INFO NET/IB: IbDev 3 Port 1 qpn 1136 set_ece={supported=1, vendor_id=0x15b3, options=0x30000000, comp_mask=0x0}
a100-llm-05:3943393:3943541 [2] NCCL INFO NET/IB: IbDev 3 Port 1 qpn 1133 set_ece={supported=1, vendor_id=0x15b3, options=0x30000000, comp_mask=0x0}
a100-llm-05:3943393:3943541 [2] NCCL INFO NET/IB: IbDev 4 Port 1 qpn 877 set_ece={supported=1, vendor_id=0x15b3, options=0x30000000, comp_mask=0x0}
a100-llm-05:3943393:3943540 [3] NCCL INFO NET/IB: IbDev 4 Port 1 qpn 880 set_ece={supported=1, vendor_id=0x15b3, options=0x30000000, comp_mask=0x0}
a100-llm-05:3943393:3943539 [0] NCCL INFO NET/IB: NCCL Dev 9 IbDev 1 Port 1 qpn 1140 mtu 5 GID 3 (0/F34413C6FFFF0000) ctsFifoRkey=0x1a8c8a ctsFifoLkey=0x1a8c8a
a100-llm-05:3943393:3943539 [0] NCCL INFO NET/IB: IbDev 1 Port 1 qpn 1140 query_ece={supported=1, vendor_id=0x15b3, options=0x30000000, comp_mask=0x0}
a100-llm-05:3943393:3943539 [0] NCCL INFO NET/IB: NCCL Dev 9 IbDev 2 Port 1 qpn 884 mtu 5 GID 3 (0/173F13C6FFFF0000) ctsFifoRkey=0x169d5c ctsFifoLkey=0x169d5c
a100-llm-05:3943393:3943539 [0] NCCL INFO NET/IB: IbDev 2 Port 1 qpn 884 query_ece={supported=1, vendor_id=0x15b3, options=0x30000000, comp_mask=0x0}
a100-llm-05:3943393:3943536 [7] NCCL INFO NET/IB: IbDev 7 Port 1 qpn 1142 set_ece={supported=1, vendor_id=0x15b3, options=0x30000000, comp_mask=0x0}
a100-llm-05:3943393:3943536 [7] NCCL INFO NET/IB: IbDev 8 Port 1 qpn 886 set_ece={supported=1, vendor_id=0x15b3, options=0x30000000, comp_mask=0x0}
a100-llm-05:3943393:3943539 [0] NCCL INFO NET/IB: IbDev 1 Port 1 qpn 1136 set_ece={supported=1, vendor_id=0x15b3, options=0x30000000, comp_mask=0x0}
a100-llm-05:3943393:3943541 [2] NCCL INFO NET/IB: NCCL Dev 10 IbDev 3 Port 1 qpn 1139 mtu 5 GID 3 (0/220D13C6FFFF0000) ctsFifoRkey=0x1a4e4c ctsFifoLkey=0x1a4e4c
a100-llm-05:3943393:3943541 [2] NCCL INFO NET/IB: IbDev 3 Port 1 qpn 1139 query_ece={supported=1, vendor_id=0x15b3, options=0x30000000, comp_mask=0x0}
a100-llm-05:3943393:3943541 [2] NCCL INFO NET/IB: NCCL Dev 10 IbDev 4 Port 1 qpn 883 mtu 5 GID 3 (0/422613C6FFFF0000) ctsFifoRkey=0x16f6b5 ctsFifoLkey=0x16f6b5
a100-llm-05:3943393:3943541 [2] NCCL INFO NET/IB: IbDev 4 Port 1 qpn 883 query_ece={supported=1, vendor_id=0x15b3, options=0x30000000, comp_mask=0x0}
a100-llm-05:3943393:3943539 [0] NCCL INFO NET/IB: IbDev 2 Port 1 qpn 880 set_ece={supported=1, vendor_id=0x15b3, options=0x30000000, comp_mask=0x0}
a100-llm-05:3943393:3943541 [2] NCCL INFO NET/IB: IbDev 3 Port 1 qpn 1139 set_ece={supported=1, vendor_id=0x15b3, options=0x30000000, comp_mask=0x0}
a100-llm-05:3943393:3943541 [2] NCCL INFO NET/IB: IbDev 4 Port 1 qpn 883 set_ece={supported=1, vendor_id=0x15b3, options=0x30000000, comp_mask=0x0}
a100-llm-05:3943393:3943537 [1] NCCL INFO NET/IB: IbDev 1 Port 1 qpn 1135 set_ece={supported=1, vendor_id=0x15b3, options=0x30000000, comp_mask=0x0}
a100-llm-05:3943393:3943537 [1] NCCL INFO NET/IB: IbDev 2 Port 1 qpn 878 set_ece={supported=1, vendor_id=0x15b3, options=0x30000000, comp_mask=0x0}
a100-llm-05:3943393:3943539 [0] NCCL INFO NET/IB: IbDev 1 Port 1 qpn 1140 set_ece={supported=1, vendor_id=0x15b3, options=0x30000000, comp_mask=0x0}
a100-llm-05:3943393:3943539 [0] NCCL INFO NET/IB: IbDev 2 Port 1 qpn 884 set_ece={supported=1, vendor_id=0x15b3, options=0x30000000, comp_mask=0x0}
a100-llm-05:3943393:3943537 [1] NCCL INFO NET/IB: IbDev 1 Port 1 qpn 1133 set_ece={supported=1, vendor_id=0x15b3, options=0x30000000, comp_mask=0x0}
a100-llm-05:3943393:3943537 [1] NCCL INFO NET/IB: IbDev 2 Port 1 qpn 876 set_ece={supported=1, vendor_id=0x15b3, options=0x30000000, comp_mask=0x0}
[AIMD] FinalizeChunkRTT: cc=0x7f5d0010d170 slot=0 inflight_before=1
warmup done.
[AIMD] FinalizeChunkRTT: cc=0x7f5d10001000 slot=348 inflight_before=1
[AIMD] FinalizeChunkRTT: cc=0x7f5d240659a0 slot=53 inflight_before=8
[AIMD] FinalizeChunkRTT: cc=0x7f5d1c001000 slot=934 inflight_before=1
a100-llm-05:3943393:3943526 [0] NCCL INFO V2MIN: pressure=1.000 (fast=0.097 slow=0.002 dev=0.0954) state=SHRINK window=204 floor=204 high=3018 low=0 ncc=16
[AIMD] FinalizeChunkRTT: cc=0x7f5d1c001000 slot=625 inflight_before=8
[AIMD] FinalizeChunkRTT: cc=0x7f5d1c001000 slot=357 inflight_before=8
[AIMD] FinalizeChunkRTT: cc=0x7f5d04065420 slot=46 inflight_before=7
[AIMD] FinalizeChunkRTT: cc=0x7f5d0c065980 slot=618 inflight_before=2
[AIMD] FinalizeChunkRTT: cc=0x7f5d0010d170 slot=147 inflight_before=1
a100-llm-05:3943393:3943526 [0] NCCL INFO V2MIN: pressure=1.000 (fast=0.256 slow=0.002 dev=0.2542) state=SHRINK window=204 floor=204 high=7740 low=0 ncc=16
[AIMD] FinalizeChunkRTT: cc=0x7f5d0010d170 slot=618 inflight_before=1
[AIMD] FinalizeChunkRTT: cc=0x7f5d04065420 slot=154 inflight_before=7
[AIMD] FinalizeChunkRTT: cc=0x7f5d0c065980 slot=574 inflight_before=2
[AIMD] FinalizeChunkRTT: cc=0x7f5d0c065980 slot=1007 inflight_before=1
[AIMD] FinalizeChunkRTT: cc=0x7f5d0c065980 slot=335 inflight_before=1
a100-llm-05:3943393:3943526 [0] NCCL INFO V2MIN: pressure=1.000 (fast=0.096 slow=0.002 dev=0.0942) state=SHRINK window=204 floor=204 high=12460 low=0 ncc=16
[AIMD] FinalizeChunkRTT: cc=0x7f5d0010d170 slot=868 inflight_before=1
[AIMD] FinalizeChunkRTT: cc=0x7f5d1c001000 slot=387 inflight_before=1
[AIMD] FinalizeChunkRTT: cc=0x7f5d14006de0 slot=855 inflight_before=1
[AIMD] FinalizeChunkRTT: cc=0x7f5d04065420 slot=204 inflight_before=8
[AIMD] FinalizeChunkRTT: cc=0x7f5d0c065980 slot=665 inflight_before=1
a100-llm-05:3943393:3943526 [0] NCCL INFO V2MIN: pressure=1.000 (fast=0.211 slow=0.002 dev=0.2094) state=SHRINK window=204 floor=204 high=17110 low=0 ncc=16
[AIMD] FinalizeChunkRTT: cc=0x7f5d0010d170 slot=76 inflight_before=1
[AIMD] FinalizeChunkRTT: cc=0x7f5d04065420 slot=589 inflight_before=2
[AIMD] FinalizeChunkRTT: cc=0x7f5d0c065980 slot=65 inflight_before=8
[AIMD] FinalizeChunkRTT: cc=0x7f5d240659a0 slot=480 inflight_before=1
[AIMD] FinalizeChunkRTT: cc=0x7f5d0c065980 slot=144 inflight_before=8
a100-llm-05:3943393:3943526 [0] NCCL INFO V2MIN: pressure=1.000 (fast=0.166 slow=0.002 dev=0.1636) state=SHRINK window=204 floor=204 high=21827 low=0 ncc=16
[AIMD] FinalizeChunkRTT: cc=0x7f5d240659a0 slot=745 inflight_before=3
[AIMD] FinalizeChunkRTT: cc=0x7f5d0010d170 slot=154 inflight_before=1
CSV written to: det_v2_tuned_run8/bench_latency_20260416_190019.csv

========================================
  Oracle Experiment Results
========================================
Config: nDev=8  count=1048576  data=4.19 MB  iters=1000
NCCL_AIMD_ENABLE=1  NCCL_CC_ORACLE_FACTOR=(unset)

Wall-clock latency (us):
  mean= 24955.2  stddev= 14798.8
  p50 = 20963.7  p99   = 71012.6  max=111877.0

Collective max GPU latency (us):
  mean= 22388.1  stddev= 13287.0
  p50 = 19951.1  p99   = 64725.1  max= 95940.6

Rank skew (us):
  mean=  2757.0  stddev=  4782.7
  p50 =   220.7  p99   = 19328.3  max= 26368.0

Avg algo bandwidth: 0.29 GB/s
========================================

