a100-llm-05:3900833:3901211 [7] NCCL INFO GPU Direct RDMA Enabled for GPU/0-1044576 (rank 7) - NET/0-12 (distance 5 <= 6, read 0, mode Default)
a100-llm-05:3900833:3901198 [7] NCCL INFO New proxy recv connection 1 from local rank 0, transport 2
a100-llm-05:3900833:3901211 [7] NCCL INFO Connected to proxy localRank 0 -> connection 0x7f7923fa5478
a100-llm-05:3900833:3901211 [7] NCCL INFO Channel 01/0 : 6[6] -> 7[7] [receive] via NET/IB/12/GDRDMA
a100-llm-05:3900833:3901211 [7] NCCL INFO GPU Direct RDMA Enabled for GPU/0-1044576 (rank 7) - NET/0-12 (distance 5 <= 6, read 1, mode Default)
a100-llm-05:3900833:3901198 [7] NCCL INFO New proxy send connection 2 from local rank 0, transport 2
a100-llm-05:3900833:3901211 [7] NCCL INFO Connected to proxy localRank 0 -> connection 0x7f7923fa54f0
a100-llm-05:3900833:3901211 [7] NCCL INFO Channel 00/0 : 7[7] -> 0[0] [send] via NET/IB/12/GDRDMA
a100-llm-05:3900833:3901211 [7] NCCL INFO GPU Direct RDMA Enabled for GPU/0-1044576 (rank 7) - NET/0-12 (distance 5 <= 6, read 1, mode Default)
a100-llm-05:3900833:3901198 [7] NCCL INFO New proxy send connection 3 from local rank 0, transport 2
a100-llm-05:3900833:3901211 [7] NCCL INFO Connected to proxy localRank 0 -> connection 0x7f7923fa5568
a100-llm-05:3900833:3901211 [7] NCCL INFO Channel 01/0 : 7[7] -> 0[0] [send] via NET/IB/12/GDRDMA
a100-llm-05:3900833:3901217 [1] NCCL INFO Connected to proxy localRank 0 -> connection 0x7f77f4000d10
a100-llm-05:3900833:3901213 [5] NCCL INFO Connected to proxy localRank 0 -> connection 0x7f792bfa31d0
a100-llm-05:3900833:3901217 [1] NCCL INFO Channel 00/0 : 0[0] -> 1[1] [receive] via NET/IB/9/GDRDMA
a100-llm-05:3900833:3901217 [1] NCCL INFO GPU Direct RDMA Enabled for GPU/0-1020000 (rank 1) - NET/0-9 (distance 5 <= 6, read 0, mode Default)
a100-llm-05:3900833:3901201 [1] NCCL INFO New proxy recv connection 1 from local rank 0, transport 2
a100-llm-05:3900833:3901217 [1] NCCL INFO Connected to proxy localRank 0 -> connection 0x7f77f4000d88
a100-llm-05:3900833:3901217 [1] NCCL INFO Channel 01/0 : 0[0] -> 1[1] [receive] via NET/IB/9/GDRDMA
a100-llm-05:3900833:3901217 [1] NCCL INFO GPU Direct RDMA Enabled for GPU/0-1020000 (rank 1) - NET/0-9 (distance 5 <= 6, read 1, mode Default)
a100-llm-05:3900833:3901201 [1] NCCL INFO New proxy send connection 2 from local rank 0, transport 2
a100-llm-05:3900833:3901217 [1] NCCL INFO Connected to proxy localRank 0 -> connection 0x7f77f4000e00
a100-llm-05:3900833:3901213 [5] NCCL INFO Channel 00/0 : 4[4] -> 5[5] [receive] via NET/IB/11/GDRDMA
a100-llm-05:3900833:3901213 [5] NCCL INFO GPU Direct RDMA Enabled for GPU/0-1036384 (rank 5) - NET/0-11 (distance 5 <= 6, read 0, mode Default)
a100-llm-05:3900833:3901217 [1] NCCL INFO Channel 00/0 : 1[1] -> 2[2] [send] via NET/IB/9/GDRDMA
a100-llm-05:3900833:3901217 [1] NCCL INFO GPU Direct RDMA Enabled for GPU/0-1020000 (rank 1) - NET/0-9 (distance 5 <= 6, read 1, mode Default)
a100-llm-05:3900833:3901206 [3] NCCL INFO New proxy recv connection 0 from local rank 0, transport 2
a100-llm-05:3900833:3901194 [6] NCCL INFO New proxy recv connection 0 from local rank 0, transport 2
a100-llm-05:3900833:3901215 [3] NCCL INFO Connected to proxy localRank 0 -> connection 0x561d213753e0
a100-llm-05:3900833:3901201 [1] NCCL INFO New proxy send connection 3 from local rank 0, transport 2
a100-llm-05:3900833:3901217 [1] NCCL INFO Connected to proxy localRank 0 -> connection 0x7f77f4000e78
a100-llm-05:3900833:3901217 [1] NCCL INFO Channel 01/0 : 1[1] -> 2[2] [send] via NET/IB/9/GDRDMA
a100-llm-05:3900833:3901196 [5] NCCL INFO New proxy recv connection 1 from local rank 0, transport 2
a100-llm-05:3900833:3901212 [6] NCCL INFO Connected to proxy localRank 0 -> connection 0x7f7840000d10
a100-llm-05:3900833:3901213 [5] NCCL INFO Connected to proxy localRank 0 -> connection 0x7f792bfa3248
a100-llm-05:3900833:3901212 [6] NCCL INFO Channel 00/0 : 5[5] -> 6[6] [receive] via NET/IB/12/GDRDMA
a100-llm-05:3900833:3901205 [4] NCCL INFO New proxy recv connection 0 from local rank 0, transport 2
a100-llm-05:3900833:3901212 [6] NCCL INFO GPU Direct RDMA Enabled for GPU/0-1044560 (rank 6) - NET/0-12 (distance 5 <= 6, read 0, mode Default)
a100-llm-05:3900833:3901215 [3] NCCL INFO Channel 00/0 : 2[2] -> 3[3] [receive] via NET/IB/10/GDRDMA
a100-llm-05:3900833:3901215 [3] NCCL INFO GPU Direct RDMA Enabled for GPU/0-1028192 (rank 3) - NET/0-10 (distance 5 <= 6, read 0, mode Default)
a100-llm-05:3900833:3901209 [2] NCCL INFO New proxy recv connection 0 from local rank 0, transport 2
a100-llm-05:3900833:3901202 [0] NCCL INFO New proxy recv connection 0 from local rank 0, transport 2
a100-llm-05:3900833:3901216 [2] NCCL INFO Connected to proxy localRank 0 -> connection 0x7f77dc009e10
a100-llm-05:3900833:3901194 [6] NCCL INFO New proxy recv connection 1 from local rank 0, transport 2
a100-llm-05:3900833:3901218 [0] NCCL INFO Connected to proxy localRank 0 -> connection 0x7f7810000d10
a100-llm-05:3900833:3901213 [5] NCCL INFO Channel 01/0 : 4[4] -> 5[5] [receive] via NET/IB/11/GDRDMA
a100-llm-05:3900833:3901213 [5] NCCL INFO GPU Direct RDMA Enabled for GPU/0-1036384 (rank 5) - NET/0-11 (distance 5 <= 6, read 1, mode Default)
a100-llm-05:3900833:3901206 [3] NCCL INFO New proxy recv connection 1 from local rank 0, transport 2
a100-llm-05:3900833:3901214 [4] NCCL INFO Connected to proxy localRank 0 -> connection 0x7f77ec000d10
a100-llm-05:3900833:3901212 [6] NCCL INFO Connected to proxy localRank 0 -> connection 0x7f7840000d88
a100-llm-05:3900833:3901196 [5] NCCL INFO New proxy send connection 2 from local rank 0, transport 2
a100-llm-05:3900833:3901215 [3] NCCL INFO Connected to proxy localRank 0 -> connection 0x561d21375458
a100-llm-05:3900833:3901218 [0] NCCL INFO Channel 00/0 : 7[7] -> 0[0] [receive] via NET/IB/9/GDRDMA
a100-llm-05:3900833:3901218 [0] NCCL INFO GPU Direct RDMA Enabled for GPU/0-1019984 (rank 0) - NET/0-9 (distance 5 <= 6, read 0, mode Default)
a100-llm-05:3900833:3901213 [5] NCCL INFO Connected to proxy localRank 0 -> connection 0x7f792bfa32c0
a100-llm-05:3900833:3901216 [2] NCCL INFO Channel 00/0 : 1[1] -> 2[2] [receive] via NET/IB/10/GDRDMA
a100-llm-05:3900833:3901216 [2] NCCL INFO GPU Direct RDMA Enabled for GPU/0-1028176 (rank 2) - NET/0-10 (distance 5 <= 6, read 0, mode Default)
a100-llm-05:3900833:3901209 [2] NCCL INFO New proxy recv connection 1 from local rank 0, transport 2
a100-llm-05:3900833:3901212 [6] NCCL INFO Channel 01/0 : 5[5] -> 6[6] [receive] via NET/IB/12/GDRDMA
a100-llm-05:3900833:3901212 [6] NCCL INFO GPU Direct RDMA Enabled for GPU/0-1044560 (rank 6) - NET/0-12 (distance 5 <= 6, read 1, mode Default)
a100-llm-05:3900833:3901216 [2] NCCL INFO Connected to proxy localRank 0 -> connection 0x7f77dc009e88
a100-llm-05:3900833:3901214 [4] NCCL INFO Channel 00/0 : 3[3] -> 4[4] [receive] via NET/IB/11/GDRDMA
a100-llm-05:3900833:3901214 [4] NCCL INFO GPU Direct RDMA Enabled for GPU/0-1036368 (rank 4) - NET/0-11 (distance 5 <= 6, read 0, mode Default)
a100-llm-05:3900833:3901213 [5] NCCL INFO Channel 00/0 : 5[5] -> 6[6] [send] via NET/IB/11/GDRDMA
a100-llm-05:3900833:3901213 [5] NCCL INFO GPU Direct RDMA Enabled for GPU/0-1036384 (rank 5) - NET/0-11 (distance 5 <= 6, read 1, mode Default)
a100-llm-05:3900833:3901205 [4] NCCL INFO New proxy recv connection 1 from local rank 0, transport 2
a100-llm-05:3900833:3901202 [0] NCCL INFO New proxy recv connection 1 from local rank 0, transport 2
a100-llm-05:3900833:3901194 [6] NCCL INFO New proxy send connection 2 from local rank 0, transport 2
a100-llm-05:3900833:3901218 [0] NCCL INFO Connected to proxy localRank 0 -> connection 0x7f7810000d88
a100-llm-05:3900833:3901215 [3] NCCL INFO Channel 01/0 : 2[2] -> 3[3] [receive] via NET/IB/10/GDRDMA
a100-llm-05:3900833:3901215 [3] NCCL INFO GPU Direct RDMA Enabled for GPU/0-1028192 (rank 3) - NET/0-10 (distance 5 <= 6, read 1, mode Default)
a100-llm-05:3900833:3901212 [6] NCCL INFO Connected to proxy localRank 0 -> connection 0x7f7840000e00
a100-llm-05:3900833:3901206 [3] NCCL INFO New proxy send connection 2 from local rank 0, transport 2
a100-llm-05:3900833:3901214 [4] NCCL INFO Connected to proxy localRank 0 -> connection 0x7f77ec000d88
a100-llm-05:3900833:3901214 [4] NCCL INFO Channel 01/0 : 3[3] -> 4[4] [receive] via NET/IB/11/GDRDMA
a100-llm-05:3900833:3901218 [0] NCCL INFO Channel 01/0 : 7[7] -> 0[0] [receive] via NET/IB/9/GDRDMA
a100-llm-05:3900833:3901218 [0] NCCL INFO GPU Direct RDMA Enabled for GPU/0-1019984 (rank 0) - NET/0-9 (distance 5 <= 6, read 1, mode Default)
a100-llm-05:3900833:3901216 [2] NCCL INFO Channel 01/0 : 1[1] -> 2[2] [receive] via NET/IB/10/GDRDMA
a100-llm-05:3900833:3901216 [2] NCCL INFO GPU Direct RDMA Enabled for GPU/0-1028176 (rank 2) - NET/0-10 (distance 5 <= 6, read 1, mode Default)
a100-llm-05:3900833:3901196 [5] NCCL INFO New proxy send connection 3 from local rank 0, transport 2
a100-llm-05:3900833:3901213 [5] NCCL INFO Connected to proxy localRank 0 -> connection 0x7f792bfa3338
a100-llm-05:3900833:3901214 [4] NCCL INFO GPU Direct RDMA Enabled for GPU/0-1036368 (rank 4) - NET/0-11 (distance 5 <= 6, read 1, mode Default)
a100-llm-05:3900833:3901213 [5] NCCL INFO Channel 01/0 : 5[5] -> 6[6] [send] via NET/IB/11/GDRDMA
a100-llm-05:3900833:3901202 [0] NCCL INFO New proxy send connection 2 from local rank 0, transport 2
a100-llm-05:3900833:3901218 [0] NCCL INFO Connected to proxy localRank 0 -> connection 0x7f7810000e00
a100-llm-05:3900833:3901215 [3] NCCL INFO Connected to proxy localRank 0 -> connection 0x561d213754d0
a100-llm-05:3900833:3901212 [6] NCCL INFO Channel 00/0 : 6[6] -> 7[7] [send] via NET/IB/12/GDRDMA
a100-llm-05:3900833:3901212 [6] NCCL INFO GPU Direct RDMA Enabled for GPU/0-1044560 (rank 6) - NET/0-12 (distance 5 <= 6, read 1, mode Default)
a100-llm-05:3900833:3901205 [4] NCCL INFO New proxy send connection 2 from local rank 0, transport 2
a100-llm-05:3900833:3901214 [4] NCCL INFO Connected to proxy localRank 0 -> connection 0x7f77ec000e00
a100-llm-05:3900833:3901209 [2] NCCL INFO New proxy send connection 2 from local rank 0, transport 2
a100-llm-05:3900833:3901215 [3] NCCL INFO Channel 00/0 : 3[3] -> 4[4] [send] via NET/IB/10/GDRDMA
a100-llm-05:3900833:3901215 [3] NCCL INFO GPU Direct RDMA Enabled for GPU/0-1028192 (rank 3) - NET/0-10 (distance 5 <= 6, read 1, mode Default)
a100-llm-05:3900833:3901206 [3] NCCL INFO New proxy send connection 3 from local rank 0, transport 2
a100-llm-05:3900833:3901216 [2] NCCL INFO Connected to proxy localRank 0 -> connection 0x7f77dc009f00
a100-llm-05:3900833:3901216 [2] NCCL INFO Channel 00/0 : 2[2] -> 3[3] [send] via NET/IB/10/GDRDMA
a100-llm-05:3900833:3901216 [2] NCCL INFO GPU Direct RDMA Enabled for GPU/0-1028176 (rank 2) - NET/0-10 (distance 5 <= 6, read 1, mode Default)
a100-llm-05:3900833:3901218 [0] NCCL INFO Channel 00/0 : 0[0] -> 1[1] [send] via NET/IB/9/GDRDMA
a100-llm-05:3900833:3901218 [0] NCCL INFO GPU Direct RDMA Enabled for GPU/0-1019984 (rank 0) - NET/0-9 (distance 5 <= 6, read 1, mode Default)
a100-llm-05:3900833:3901209 [2] NCCL INFO New proxy send connection 3 from local rank 0, transport 2
a100-llm-05:3900833:3901216 [2] NCCL INFO Connected to proxy localRank 0 -> connection 0x7f77dc009f78
a100-llm-05:3900833:3901216 [2] NCCL INFO Channel 01/0 : 2[2] -> 3[3] [send] via NET/IB/10/GDRDMA
a100-llm-05:3900833:3901194 [6] NCCL INFO New proxy send connection 3 from local rank 0, transport 2
a100-llm-05:3900833:3901215 [3] NCCL INFO Connected to proxy localRank 0 -> connection 0x561d21375548
a100-llm-05:3900833:3901212 [6] NCCL INFO Connected to proxy localRank 0 -> connection 0x7f7840000e78
a100-llm-05:3900833:3901214 [4] NCCL INFO Channel 00/0 : 4[4] -> 5[5] [send] via NET/IB/11/GDRDMA
a100-llm-05:3900833:3901214 [4] NCCL INFO GPU Direct RDMA Enabled for GPU/0-1036368 (rank 4) - NET/0-11 (distance 5 <= 6, read 1, mode Default)
a100-llm-05:3900833:3901212 [6] NCCL INFO Channel 01/0 : 6[6] -> 7[7] [send] via NET/IB/12/GDRDMA
a100-llm-05:3900833:3901202 [0] NCCL INFO New proxy send connection 3 from local rank 0, transport 2
a100-llm-05:3900833:3901218 [0] NCCL INFO Connected to proxy localRank 0 -> connection 0x7f7810000e78
a100-llm-05:3900833:3901205 [4] NCCL INFO New proxy send connection 3 from local rank 0, transport 2
a100-llm-05:3900833:3901214 [4] NCCL INFO Connected to proxy localRank 0 -> connection 0x7f77ec000e78
a100-llm-05:3900833:3901215 [3] NCCL INFO Channel 01/0 : 3[3] -> 4[4] [send] via NET/IB/10/GDRDMA
a100-llm-05:3900833:3901218 [0] NCCL INFO Channel 01/0 : 0[0] -> 1[1] [send] via NET/IB/9/GDRDMA
a100-llm-05:3900833:3901214 [4] NCCL INFO Channel 01/0 : 4[4] -> 5[5] [send] via NET/IB/11/GDRDMA
a100-llm-05:3900833:3901194 [6] NCCL INFO NET/IB: NCCL Dev 12 IbDev 7 Port 1 qpn 964 mtu 5 GID 3 (0/4E5A13C6FFFF0000) ctsFifoRkey=0x147d7c ctsFifoLkey=0x147d7c
a100-llm-05:3900833:3901194 [6] NCCL INFO NET/IB: IbDev 7 Port 1 qpn 964 query_ece={supported=1, vendor_id=0x15b3, options=0x30000000, comp_mask=0x0}
a100-llm-05:3900833:3901194 [6] NCCL INFO NET/IB: NCCL Dev 12 IbDev 8 Port 1 qpn 708 mtu 5 GID 3 (0/57B013C6FFFF0000) ctsFifoRkey=0x10d695 ctsFifoLkey=0x10d695
a100-llm-05:3900833:3901194 [6] NCCL INFO NET/IB: IbDev 8 Port 1 qpn 708 query_ece={supported=1, vendor_id=0x15b3, options=0x30000000, comp_mask=0x0}
a100-llm-05:3900833:3901202 [0] NCCL INFO NET/IB: NCCL Dev 9 IbDev 1 Port 1 qpn 964 mtu 5 GID 3 (0/F34413C6FFFF0000) ctsFifoRkey=0x14e8e7 ctsFifoLkey=0x14e8e7
a100-llm-05:3900833:3901202 [0] NCCL INFO NET/IB: IbDev 1 Port 1 qpn 964 query_ece={supported=1, vendor_id=0x15b3, options=0x30000000, comp_mask=0x0}
a100-llm-05:3900833:3901202 [0] NCCL INFO NET/IB: NCCL Dev 9 IbDev 2 Port 1 qpn 708 mtu 5 GID 3 (0/173F13C6FFFF0000) ctsFifoRkey=0x1111d7 ctsFifoLkey=0x1111d7
a100-llm-05:3900833:3901202 [0] NCCL INFO NET/IB: IbDev 2 Port 1 qpn 708 query_ece={supported=1, vendor_id=0x15b3, options=0x30000000, comp_mask=0x0}
a100-llm-05:3900833:3901194 [6] NCCL INFO NET/IB: NCCL Dev 12 IbDev 7 Port 1 qpn 965 mtu 5 GID 3 (0/4E5A13C6FFFF0000) ctsFifoRkey=0x148988 ctsFifoLkey=0x148988
a100-llm-05:3900833:3901194 [6] NCCL INFO NET/IB: IbDev 7 Port 1 qpn 965 query_ece={supported=1, vendor_id=0x15b3, options=0x30000000, comp_mask=0x0}
a100-llm-05:3900833:3901201 [1] NCCL INFO NET/IB: NCCL Dev 9 IbDev 1 Port 1 qpn 965 mtu 5 GID 3 (0/F34413C6FFFF0000) ctsFifoRkey=0x14f5f3 ctsFifoLkey=0x14f5f3
a100-llm-05:3900833:3901201 [1] NCCL INFO NET/IB: IbDev 1 Port 1 qpn 965 query_ece={supported=1, vendor_id=0x15b3, options=0x30000000, comp_mask=0x0}
a100-llm-05:3900833:3901201 [1] NCCL INFO NET/IB: NCCL Dev 9 IbDev 2 Port 1 qpn 709 mtu 5 GID 3 (0/173F13C6FFFF0000) ctsFifoRkey=0x111ddc ctsFifoLkey=0x111ddc
a100-llm-05:3900833:3901201 [1] NCCL INFO NET/IB: IbDev 2 Port 1 qpn 709 query_ece={supported=1, vendor_id=0x15b3, options=0x30000000, comp_mask=0x0}
a100-llm-05:3900833:3901198 [7] NCCL INFO NET/IB: NCCL Dev 12 IbDev 7 Port 1 qpn 968 mtu 5 GID 3 (0/4E5A13C6FFFF0000) ctsFifoRkey=0x14a09f ctsFifoLkey=0x14a09f
a100-llm-05:3900833:3901198 [7] NCCL INFO NET/IB: IbDev 7 Port 1 qpn 968 query_ece={supported=1, vendor_id=0x15b3, options=0x30000000, comp_mask=0x0}
a100-llm-05:3900833:3901198 [7] NCCL INFO NET/IB: NCCL Dev 12 IbDev 8 Port 1 qpn 712 mtu 5 GID 3 (0/57B013C6FFFF0000) ctsFifoRkey=0x10fab9 ctsFifoLkey=0x10fab9
a100-llm-05:3900833:3901198 [7] NCCL INFO NET/IB: IbDev 8 Port 1 qpn 712 query_ece={supported=1, vendor_id=0x15b3, options=0x30000000, comp_mask=0x0}
a100-llm-05:3900833:3901194 [6] NCCL INFO NET/IB: NCCL Dev 12 IbDev 8 Port 1 qpn 709 mtu 5 GID 3 (0/57B013C6FFFF0000) ctsFifoRkey=0x10e2a1 ctsFifoLkey=0x10e2a1
a100-llm-05:3900833:3901194 [6] NCCL INFO NET/IB: IbDev 8 Port 1 qpn 709 query_ece={supported=1, vendor_id=0x15b3, options=0x30000000, comp_mask=0x0}
a100-llm-05:3900833:3901194 [6] NCCL INFO NET/IB: IbDev 7 Port 1 qpn 964 set_ece={supported=1, vendor_id=0x15b3, options=0x30000000, comp_mask=0x0}
a100-llm-05:3900833:3901194 [6] NCCL INFO NET/IB: IbDev 8 Port 1 qpn 708 set_ece={supported=1, vendor_id=0x15b3, options=0x30000000, comp_mask=0x0}
a100-llm-05:3900833:3901202 [0] NCCL INFO NET/IB: NCCL Dev 9 IbDev 1 Port 1 qpn 968 mtu 5 GID 3 (0/F34413C6FFFF0000) ctsFifoRkey=0x150e0d ctsFifoLkey=0x150e0d
a100-llm-05:3900833:3901202 [0] NCCL INFO NET/IB: IbDev 1 Port 1 qpn 968 query_ece={supported=1, vendor_id=0x15b3, options=0x30000000, comp_mask=0x0}
a100-llm-05:3900833:3901202 [0] NCCL INFO NET/IB: NCCL Dev 9 IbDev 2 Port 1 qpn 712 mtu 5 GID 3 (0/173F13C6FFFF0000) ctsFifoRkey=0x1135f4 ctsFifoLkey=0x1135f4
a100-llm-05:3900833:3901202 [0] NCCL INFO NET/IB: IbDev 2 Port 1 qpn 712 query_ece={supported=1, vendor_id=0x15b3, options=0x30000000, comp_mask=0x0}
a100-llm-05:3900833:3901202 [0] NCCL INFO NET/IB: IbDev 1 Port 1 qpn 964 set_ece={supported=1, vendor_id=0x15b3, options=0x30000000, comp_mask=0x0}
a100-llm-05:3900833:3901201 [1] NCCL INFO NET/IB: NCCL Dev 9 IbDev 1 Port 1 qpn 969 mtu 5 GID 3 (0/F34413C6FFFF0000) ctsFifoRkey=0x151a19 ctsFifoLkey=0x151a19
a100-llm-05:3900833:3901201 [1] NCCL INFO NET/IB: IbDev 1 Port 1 qpn 969 query_ece={supported=1, vendor_id=0x15b3, options=0x30000000, comp_mask=0x0}
a100-llm-05:3900833:3901202 [0] NCCL INFO NET/IB: IbDev 2 Port 1 qpn 708 set_ece={supported=1, vendor_id=0x15b3, options=0x30000000, comp_mask=0x0}
a100-llm-05:3900833:3901201 [1] NCCL INFO NET/IB: NCCL Dev 9 IbDev 2 Port 1 qpn 713 mtu 5 GID 3 (0/173F13C6FFFF0000) ctsFifoRkey=0x1143ff ctsFifoLkey=0x1143ff
a100-llm-05:3900833:3901201 [1] NCCL INFO NET/IB: IbDev 2 Port 1 qpn 713 query_ece={supported=1, vendor_id=0x15b3, options=0x30000000, comp_mask=0x0}
a100-llm-05:3900833:3901196 [5] NCCL INFO NET/IB: NCCL Dev 11 IbDev 5 Port 1 qpn 964 mtu 5 GID 3 (0/520113C6FFFF0000) ctsFifoRkey=0x14f4f2 ctsFifoLkey=0x14f4f2
a100-llm-05:3900833:3901196 [5] NCCL INFO NET/IB: IbDev 5 Port 1 qpn 964 query_ece={supported=1, vendor_id=0x15b3, options=0x30000000, comp_mask=0x0}
a100-llm-05:3900833:3901196 [5] NCCL INFO NET/IB: NCCL Dev 11 IbDev 6 Port 1 qpn 708 mtu 5 GID 3 (0/B90713C6FFFF0000) ctsFifoRkey=0x1134f3 ctsFifoLkey=0x1134f3
a100-llm-05:3900833:3901196 [5] NCCL INFO NET/IB: IbDev 6 Port 1 qpn 708 query_ece={supported=1, vendor_id=0x15b3, options=0x30000000, comp_mask=0x0}
a100-llm-05:3900833:3901196 [5] NCCL INFO NET/IB: NCCL Dev 11 IbDev 5 Port 1 qpn 965 mtu 5 GID 3 (0/520113C6FFFF0000) ctsFifoRkey=0x14ffff ctsFifoLkey=0x14ffff
a100-llm-05:3900833:3901196 [5] NCCL INFO NET/IB: IbDev 5 Port 1 qpn 965 query_ece={supported=1, vendor_id=0x15b3, options=0x30000000, comp_mask=0x0}
a100-llm-05:3900833:3901196 [5] NCCL INFO NET/IB: NCCL Dev 11 IbDev 6 Port 1 qpn 709 mtu 5 GID 3 (0/B90713C6FFFF0000) ctsFifoRkey=0x1140ff ctsFifoLkey=0x1140ff
a100-llm-05:3900833:3901196 [5] NCCL INFO NET/IB: IbDev 6 Port 1 qpn 709 query_ece={supported=1, vendor_id=0x15b3, options=0x30000000, comp_mask=0x0}
a100-llm-05:3900833:3901205 [4] NCCL INFO NET/IB: NCCL Dev 11 IbDev 5 Port 1 qpn 966 mtu 5 GID 3 (0/520113C6FFFF0000) ctsFifoRkey=0x150b0a ctsFifoLkey=0x150b0a
a100-llm-05:3900833:3901205 [4] NCCL INFO NET/IB: IbDev 5 Port 1 qpn 966 query_ece={supported=1, vendor_id=0x15b3, options=0x30000000, comp_mask=0x0}
a100-llm-05:3900833:3901205 [4] NCCL INFO NET/IB: NCCL Dev 11 IbDev 6 Port 1 qpn 710 mtu 5 GID 3 (0/B90713C6FFFF0000) ctsFifoRkey=0x114d0c ctsFifoLkey=0x114d0c
a100-llm-05:3900833:3901205 [4] NCCL INFO NET/IB: IbDev 6 Port 1 qpn 710 query_ece={supported=1, vendor_id=0x15b3, options=0x30000000, comp_mask=0x0}
a100-llm-05:3900833:3901206 [3] NCCL INFO NET/IB: NCCL Dev 10 IbDev 3 Port 1 qpn 965 mtu 5 GID 3 (0/220D13C6FFFF0000) ctsFifoRkey=0x14d1d1 ctsFifoLkey=0x14d1d1
a100-llm-05:3900833:3901206 [3] NCCL INFO NET/IB: IbDev 3 Port 1 qpn 965 query_ece={supported=1, vendor_id=0x15b3, options=0x30000000, comp_mask=0x0}
a100-llm-05:3900833:3901205 [4] NCCL INFO NET/IB: NCCL Dev 11 IbDev 5 Port 1 qpn 967 mtu 5 GID 3 (0/520113C6FFFF0000) ctsFifoRkey=0x151817 ctsFifoLkey=0x151817
a100-llm-05:3900833:3901205 [4] NCCL INFO NET/IB: IbDev 5 Port 1 qpn 967 query_ece={supported=1, vendor_id=0x15b3, options=0x30000000, comp_mask=0x0}
a100-llm-05:3900833:3901205 [4] NCCL INFO NET/IB: NCCL Dev 11 IbDev 6 Port 1 qpn 711 mtu 5 GID 3 (0/B90713C6FFFF0000) ctsFifoRkey=0x115918 ctsFifoLkey=0x115918
a100-llm-05:3900833:3901205 [4] NCCL INFO NET/IB: IbDev 6 Port 1 qpn 711 query_ece={supported=1, vendor_id=0x15b3, options=0x30000000, comp_mask=0x0}
a100-llm-05:3900833:3901202 [0] NCCL INFO NET/IB: IbDev 1 Port 1 qpn 968 set_ece={supported=1, vendor_id=0x15b3, options=0x30000000, comp_mask=0x0}
a100-llm-05:3900833:3901202 [0] NCCL INFO NET/IB: IbDev 2 Port 1 qpn 712 set_ece={supported=1, vendor_id=0x15b3, options=0x30000000, comp_mask=0x0}
a100-llm-05:3900833:3901194 [6] NCCL INFO NET/IB: IbDev 7 Port 1 qpn 965 set_ece={supported=1, vendor_id=0x15b3, options=0x30000000, comp_mask=0x0}
a100-llm-05:3900833:3901206 [3] NCCL INFO NET/IB: NCCL Dev 10 IbDev 4 Port 1 qpn 708 mtu 5 GID 3 (0/422613C6FFFF0000) ctsFifoRkey=0x117b3a ctsFifoLkey=0x117b3a
a100-llm-05:3900833:3901206 [3] NCCL INFO NET/IB: IbDev 4 Port 1 qpn 708 query_ece={supported=1, vendor_id=0x15b3, options=0x30000000, comp_mask=0x0}
a100-llm-05:3900833:3901194 [6] NCCL INFO NET/IB: IbDev 8 Port 1 qpn 709 set_ece={supported=1, vendor_id=0x15b3, options=0x30000000, comp_mask=0x0}
a100-llm-05:3900833:3901196 [5] NCCL INFO NET/IB: IbDev 5 Port 1 qpn 965 set_ece={supported=1, vendor_id=0x15b3, options=0x30000000, comp_mask=0x0}
a100-llm-05:3900833:3901209 [2] NCCL INFO NET/IB: NCCL Dev 10 IbDev 3 Port 1 qpn 967 mtu 5 GID 3 (0/220D13C6FFFF0000) ctsFifoRkey=0x14ebe9 ctsFifoLkey=0x14ebe9
a100-llm-05:3900833:3901209 [2] NCCL INFO NET/IB: IbDev 3 Port 1 qpn 967 query_ece={supported=1, vendor_id=0x15b3, options=0x30000000, comp_mask=0x0}
a100-llm-05:3900833:3901196 [5] NCCL INFO NET/IB: IbDev 6 Port 1 qpn 709 set_ece={supported=1, vendor_id=0x15b3, options=0x30000000, comp_mask=0x0}
a100-llm-05:3900833:3901209 [2] NCCL INFO NET/IB: NCCL Dev 10 IbDev 4 Port 1 qpn 711 mtu 5 GID 3 (0/422613C6FFFF0000) ctsFifoRkey=0x119251 ctsFifoLkey=0x119251
a100-llm-05:3900833:3901209 [2] NCCL INFO NET/IB: IbDev 4 Port 1 qpn 711 query_ece={supported=1, vendor_id=0x15b3, options=0x30000000, comp_mask=0x0}
a100-llm-05:3900833:3901201 [1] NCCL INFO NET/IB: IbDev 1 Port 1 qpn 965 set_ece={supported=1, vendor_id=0x15b3, options=0x30000000, comp_mask=0x0}
a100-llm-05:3900833:3901201 [1] NCCL INFO NET/IB: IbDev 2 Port 1 qpn 709 set_ece={supported=1, vendor_id=0x15b3, options=0x30000000, comp_mask=0x0}
a100-llm-05:3900833:3901206 [3] NCCL INFO NET/IB: NCCL Dev 10 IbDev 3 Port 1 qpn 968 mtu 5 GID 3 (0/220D13C6FFFF0000) ctsFifoRkey=0x14f6f6 ctsFifoLkey=0x14f6f6
a100-llm-05:3900833:3901206 [3] NCCL INFO NET/IB: IbDev 3 Port 1 qpn 968 query_ece={supported=1, vendor_id=0x15b3, options=0x30000000, comp_mask=0x0}
a100-llm-05:3900833:3901206 [3] NCCL INFO NET/IB: NCCL Dev 10 IbDev 4 Port 1 qpn 712 mtu 5 GID 3 (0/422613C6FFFF0000) ctsFifoRkey=0x119c5d ctsFifoLkey=0x119c5d
a100-llm-05:3900833:3901206 [3] NCCL INFO NET/IB: IbDev 4 Port 1 qpn 712 query_ece={supported=1, vendor_id=0x15b3, options=0x30000000, comp_mask=0x0}
a100-llm-05:3900833:3901198 [7] NCCL INFO NET/IB: NCCL Dev 12 IbDev 7 Port 1 qpn 975 mtu 5 GID 3 (0/4E5A13C6FFFF0000) ctsFifoRkey=0x14d1d1 ctsFifoLkey=0x14d1d1
a100-llm-05:3900833:3901198 [7] NCCL INFO NET/IB: IbDev 7 Port 1 qpn 975 query_ece={supported=1, vendor_id=0x15b3, options=0x30000000, comp_mask=0x0}
a100-llm-05:3900833:3901198 [7] NCCL INFO NET/IB: NCCL Dev 12 IbDev 8 Port 1 qpn 719 mtu 5 GID 3 (0/57B013C6FFFF0000) ctsFifoRkey=0x112ceb ctsFifoLkey=0x112ceb
a100-llm-05:3900833:3901198 [7] NCCL INFO NET/IB: IbDev 8 Port 1 qpn 719 query_ece={supported=1, vendor_id=0x15b3, options=0x30000000, comp_mask=0x0}
a100-llm-05:3900833:3901205 [4] NCCL INFO NET/IB: IbDev 5 Port 1 qpn 966 set_ece={supported=1, vendor_id=0x15b3, options=0x30000000, comp_mask=0x0}
a100-llm-05:3900833:3901205 [4] NCCL INFO NET/IB: IbDev 6 Port 1 qpn 710 set_ece={supported=1, vendor_id=0x15b3, options=0x30000000, comp_mask=0x0}
a100-llm-05:3900833:3901196 [5] NCCL INFO NET/IB: IbDev 5 Port 1 qpn 964 set_ece={supported=1, vendor_id=0x15b3, options=0x30000000, comp_mask=0x0}
a100-llm-05:3900833:3901196 [5] NCCL INFO NET/IB: IbDev 6 Port 1 qpn 708 set_ece={supported=1, vendor_id=0x15b3, options=0x30000000, comp_mask=0x0}
a100-llm-05:3900833:3901206 [3] NCCL INFO NET/IB: IbDev 3 Port 1 qpn 965 set_ece={supported=1, vendor_id=0x15b3, options=0x30000000, comp_mask=0x0}
a100-llm-05:3900833:3901206 [3] NCCL INFO NET/IB: IbDev 4 Port 1 qpn 708 set_ece={supported=1, vendor_id=0x15b3, options=0x30000000, comp_mask=0x0}
a100-llm-05:3900833:3901209 [2] NCCL INFO NET/IB: NCCL Dev 10 IbDev 3 Port 1 qpn 973 mtu 5 GID 3 (0/220D13C6FFFF0000) ctsFifoRkey=0x151b1a ctsFifoLkey=0x151b1a
a100-llm-05:3900833:3901209 [2] NCCL INFO NET/IB: IbDev 3 Port 1 qpn 973 query_ece={supported=1, vendor_id=0x15b3, options=0x30000000, comp_mask=0x0}
a100-llm-05:3900833:3901209 [2] NCCL INFO NET/IB: NCCL Dev 10 IbDev 4 Port 1 qpn 717 mtu 5 GID 3 (0/422613C6FFFF0000) ctsFifoRkey=0x11bf7e ctsFifoLkey=0x11bf7e
a100-llm-05:3900833:3901209 [2] NCCL INFO NET/IB: IbDev 4 Port 1 qpn 717 query_ece={supported=1, vendor_id=0x15b3, options=0x30000000, comp_mask=0x0}
a100-llm-05:3900833:3901198 [7] NCCL INFO NET/IB: IbDev 7 Port 1 qpn 968 set_ece={supported=1, vendor_id=0x15b3, options=0x30000000, comp_mask=0x0}
a100-llm-05:3900833:3901205 [4] NCCL INFO NET/IB: IbDev 5 Port 1 qpn 967 set_ece={supported=1, vendor_id=0x15b3, options=0x30000000, comp_mask=0x0}
a100-llm-05:3900833:3901201 [1] NCCL INFO NET/IB: IbDev 1 Port 1 qpn 969 set_ece={supported=1, vendor_id=0x15b3, options=0x30000000, comp_mask=0x0}
a100-llm-05:3900833:3901205 [4] NCCL INFO NET/IB: IbDev 6 Port 1 qpn 711 set_ece={supported=1, vendor_id=0x15b3, options=0x30000000, comp_mask=0x0}
a100-llm-05:3900833:3901209 [2] NCCL INFO NET/IB: IbDev 3 Port 1 qpn 967 set_ece={supported=1, vendor_id=0x15b3, options=0x30000000, comp_mask=0x0}
a100-llm-05:3900833:3901201 [1] NCCL INFO NET/IB: IbDev 2 Port 1 qpn 713 set_ece={supported=1, vendor_id=0x15b3, options=0x30000000, comp_mask=0x0}
a100-llm-05:3900833:3901209 [2] NCCL INFO NET/IB: IbDev 4 Port 1 qpn 711 set_ece={supported=1, vendor_id=0x15b3, options=0x30000000, comp_mask=0x0}
a100-llm-05:3900833:3901198 [7] NCCL INFO NET/IB: IbDev 8 Port 1 qpn 712 set_ece={supported=1, vendor_id=0x15b3, options=0x30000000, comp_mask=0x0}
a100-llm-05:3900833:3901198 [7] NCCL INFO NET/IB: IbDev 7 Port 1 qpn 975 set_ece={supported=1, vendor_id=0x15b3, options=0x30000000, comp_mask=0x0}
a100-llm-05:3900833:3901198 [7] NCCL INFO NET/IB: IbDev 8 Port 1 qpn 719 set_ece={supported=1, vendor_id=0x15b3, options=0x30000000, comp_mask=0x0}
a100-llm-05:3900833:3901206 [3] NCCL INFO NET/IB: IbDev 3 Port 1 qpn 968 set_ece={supported=1, vendor_id=0x15b3, options=0x30000000, comp_mask=0x0}
a100-llm-05:3900833:3901206 [3] NCCL INFO NET/IB: IbDev 4 Port 1 qpn 712 set_ece={supported=1, vendor_id=0x15b3, options=0x30000000, comp_mask=0x0}
a100-llm-05:3900833:3901209 [2] NCCL INFO NET/IB: IbDev 3 Port 1 qpn 973 set_ece={supported=1, vendor_id=0x15b3, options=0x30000000, comp_mask=0x0}
a100-llm-05:3900833:3901209 [2] NCCL INFO NET/IB: IbDev 4 Port 1 qpn 717 set_ece={supported=1, vendor_id=0x15b3, options=0x30000000, comp_mask=0x0}
[AIMD] FinalizeChunkRTT: cc=0x7f7810037420 slot=0 inflight_before=1
warmup done.
[AIMD] FinalizeChunkRTT: cc=0x7f77f0017320 slot=92 inflight_before=2
[AIMD] FinalizeChunkRTT: cc=0x7f77ec037660 slot=918 inflight_before=1
[AIMD] FinalizeChunkRTT: cc=0x7f77e4001000 slot=654 inflight_before=4
a100-llm-05:3900833:3901154 [0] NCCL INFO V2MIN: pressure=1.000 (fast=0.117 slow=0.002 dev=0.1144) state=SHRINK window=204 floor=204 high=2874 low=0 ncc=16
[AIMD] FinalizeChunkRTT: cc=0x7f7804001000 slot=730 inflight_before=2
[AIMD] FinalizeChunkRTT: cc=0x7f7810037420 slot=1017 inflight_before=4
[AIMD] FinalizeChunkRTT: cc=0x7f7810037420 slot=720 inflight_before=2
[AIMD] FinalizeChunkRTT: cc=0x7f77f8001000 slot=0 inflight_before=1
[AIMD] FinalizeChunkRTT: cc=0x7f77e8001000 slot=390 inflight_before=1
a100-llm-05:3900833:3901154 [0] NCCL INFO V2MIN: pressure=1.000 (fast=0.193 slow=0.002 dev=0.1905) state=SHRINK window=204 floor=204 high=7589 low=0 ncc=16
[AIMD] FinalizeChunkRTT: cc=0x7f77ec037420 slot=430 inflight_before=1
[AIMD] FinalizeChunkRTT: cc=0x7f77fc001000 slot=892 inflight_before=1
[AIMD] FinalizeChunkRTT: cc=0x7f77ec037420 slot=570 inflight_before=8
[AIMD] FinalizeChunkRTT: cc=0x7f77e8001000 slot=90 inflight_before=1
[AIMD] FinalizeChunkRTT: cc=0x7f77f8001000 slot=972 inflight_before=1
a100-llm-05:3900833:3901154 [0] NCCL INFO V2MIN: pressure=1.000 (fast=0.331 slow=0.002 dev=0.3285) state=SHRINK window=204 floor=204 high=12305 low=0 ncc=16
[AIMD] FinalizeChunkRTT: cc=0x7f77fc017320 slot=340 inflight_before=1
CSV written to: det_v2_tuned_run1/bench_latency_20260416_174725.csv

========================================
  Oracle Experiment Results
========================================
Config: nDev=8  count=1048576  data=4.19 MB  iters=1000
NCCL_AIMD_ENABLE=1  NCCL_CC_ORACLE_FACTOR=(unset)

Wall-clock latency (us):
  mean= 13491.3  stddev= 12906.6
  p50 =  8376.1  p99   = 57150.8  max= 83848.2

Collective max GPU latency (us):
  mean= 12790.6  stddev= 12345.4
  p50 =  8141.3  p99   = 56395.4  max= 79345.7

Rank skew (us):
  mean=   838.3  stddev=  2626.5
  p50 =   154.1  p99   = 14389.8  max= 28260.4

Avg algo bandwidth: 0.54 GB/s
========================================

