a100-llm-05:3979995:3980162 [2] NCCL INFO Connected to proxy localRank 0 -> connection 0x55f827be5408
a100-llm-05:3979995:3980162 [2] NCCL INFO Channel 01/0 : 1[1] -> 2[2] [receive] via NET/IB/10/GDRDMA
a100-llm-05:3979995:3980162 [2] NCCL INFO GPU Direct RDMA Enabled for GPU/0-1028176 (rank 2) - NET/0-10 (distance 5 <= 6, read 1, mode Default)
a100-llm-05:3979995:3980141 [2] NCCL INFO New proxy send connection 2 from local rank 0, transport 2
a100-llm-05:3979995:3980162 [2] NCCL INFO Connected to proxy localRank 0 -> connection 0x55f827be5480
a100-llm-05:3979995:3980162 [2] NCCL INFO Channel 00/0 : 2[2] -> 3[3] [send] via NET/IB/10/GDRDMA
a100-llm-05:3979995:3980162 [2] NCCL INFO GPU Direct RDMA Enabled for GPU/0-1028176 (rank 2) - NET/0-10 (distance 5 <= 6, read 1, mode Default)
a100-llm-05:3979995:3980141 [2] NCCL INFO New proxy send connection 3 from local rank 0, transport 2
a100-llm-05:3979995:3980162 [2] NCCL INFO Connected to proxy localRank 0 -> connection 0x55f827be54f8
a100-llm-05:3979995:3980162 [2] NCCL INFO Channel 01/0 : 2[2] -> 3[3] [send] via NET/IB/10/GDRDMA
a100-llm-05:3979995:3980154 [1] NCCL INFO New proxy recv connection 0 from local rank 0, transport 2
a100-llm-05:3979995:3980144 [3] NCCL INFO New proxy recv connection 0 from local rank 0, transport 2
a100-llm-05:3979995:3980163 [1] NCCL INFO Connected to proxy localRank 0 -> connection 0x7f0734000d10
a100-llm-05:3979995:3980163 [1] NCCL INFO Channel 00/0 : 0[0] -> 1[1] [receive] via NET/IB/9/GDRDMA
a100-llm-05:3979995:3980163 [1] NCCL INFO GPU Direct RDMA Enabled for GPU/0-1020000 (rank 1) - NET/0-9 (distance 5 <= 6, read 0, mode Default)
a100-llm-05:3979995:3980154 [1] NCCL INFO New proxy recv connection 1 from local rank 0, transport 2
a100-llm-05:3979995:3980163 [1] NCCL INFO Connected to proxy localRank 0 -> connection 0x7f0734000d88
a100-llm-05:3979995:3980163 [1] NCCL INFO Channel 01/0 : 0[0] -> 1[1] [receive] via NET/IB/9/GDRDMA
a100-llm-05:3979995:3980163 [1] NCCL INFO GPU Direct RDMA Enabled for GPU/0-1020000 (rank 1) - NET/0-9 (distance 5 <= 6, read 1, mode Default)
a100-llm-05:3979995:3980154 [1] NCCL INFO New proxy send connection 2 from local rank 0, transport 2
a100-llm-05:3979995:3980163 [1] NCCL INFO Connected to proxy localRank 0 -> connection 0x7f0734000e00
a100-llm-05:3979995:3980163 [1] NCCL INFO Channel 00/0 : 1[1] -> 2[2] [send] via NET/IB/9/GDRDMA
a100-llm-05:3979995:3980163 [1] NCCL INFO GPU Direct RDMA Enabled for GPU/0-1020000 (rank 1) - NET/0-9 (distance 5 <= 6, read 1, mode Default)
a100-llm-05:3979995:3980154 [1] NCCL INFO New proxy send connection 3 from local rank 0, transport 2
a100-llm-05:3979995:3980163 [1] NCCL INFO Connected to proxy localRank 0 -> connection 0x7f0734000e78
a100-llm-05:3979995:3980163 [1] NCCL INFO Channel 01/0 : 1[1] -> 2[2] [send] via NET/IB/9/GDRDMA
a100-llm-05:3979995:3980142 [7] NCCL INFO New proxy recv connection 0 from local rank 0, transport 2
a100-llm-05:3979995:3980161 [3] NCCL INFO Connected to proxy localRank 0 -> connection 0x7f071c0010a0
a100-llm-05:3979995:3980157 [7] NCCL INFO Connected to proxy localRank 0 -> connection 0x7f0728000d10
a100-llm-05:3979995:3980161 [3] NCCL INFO Channel 00/0 : 2[2] -> 3[3] [receive] via NET/IB/10/GDRDMA
a100-llm-05:3979995:3980161 [3] NCCL INFO GPU Direct RDMA Enabled for GPU/0-1028192 (rank 3) - NET/0-10 (distance 5 <= 6, read 0, mode Default)
a100-llm-05:3979995:3980147 [6] NCCL INFO New proxy recv connection 0 from local rank 0, transport 2
a100-llm-05:3979995:3980157 [7] NCCL INFO Channel 00/0 : 6[6] -> 7[7] [receive] via NET/IB/12/GDRDMA
a100-llm-05:3979995:3980157 [7] NCCL INFO GPU Direct RDMA Enabled for GPU/0-1044576 (rank 7) - NET/0-12 (distance 5 <= 6, read 0, mode Default)
a100-llm-05:3979995:3980151 [0] NCCL INFO New proxy recv connection 0 from local rank 0, transport 2
a100-llm-05:3979995:3980164 [0] NCCL INFO Connected to proxy localRank 0 -> connection 0x7f071c004db0
a100-llm-05:3979995:3980142 [7] NCCL INFO New proxy recv connection 1 from local rank 0, transport 2
a100-llm-05:3979995:3980157 [7] NCCL INFO Connected to proxy localRank 0 -> connection 0x7f0728000d88
a100-llm-05:3979995:3980157 [7] NCCL INFO Channel 01/0 : 6[6] -> 7[7] [receive] via NET/IB/12/GDRDMA
a100-llm-05:3979995:3980157 [7] NCCL INFO GPU Direct RDMA Enabled for GPU/0-1044576 (rank 7) - NET/0-12 (distance 5 <= 6, read 1, mode Default)
a100-llm-05:3979995:3980142 [7] NCCL INFO New proxy send connection 2 from local rank 0, transport 2
a100-llm-05:3979995:3980157 [7] NCCL INFO Connected to proxy localRank 0 -> connection 0x7f0728000e00
a100-llm-05:3979995:3980157 [7] NCCL INFO Channel 00/0 : 7[7] -> 0[0] [send] via NET/IB/12/GDRDMA
a100-llm-05:3979995:3980157 [7] NCCL INFO GPU Direct RDMA Enabled for GPU/0-1044576 (rank 7) - NET/0-12 (distance 5 <= 6, read 1, mode Default)
a100-llm-05:3979995:3980142 [7] NCCL INFO New proxy send connection 3 from local rank 0, transport 2
a100-llm-05:3979995:3980157 [7] NCCL INFO Connected to proxy localRank 0 -> connection 0x7f0728000e78
a100-llm-05:3979995:3980157 [7] NCCL INFO Channel 01/0 : 7[7] -> 0[0] [send] via NET/IB/12/GDRDMA
a100-llm-05:3979995:3980158 [6] NCCL INFO Connected to proxy localRank 0 -> connection 0x7f072c000d10
a100-llm-05:3979995:3980158 [6] NCCL INFO Channel 00/0 : 5[5] -> 6[6] [receive] via NET/IB/12/GDRDMA
a100-llm-05:3979995:3980158 [6] NCCL INFO GPU Direct RDMA Enabled for GPU/0-1044560 (rank 6) - NET/0-12 (distance 5 <= 6, read 0, mode Default)
a100-llm-05:3979995:3980147 [6] NCCL INFO New proxy recv connection 1 from local rank 0, transport 2
a100-llm-05:3979995:3980158 [6] NCCL INFO Connected to proxy localRank 0 -> connection 0x7f072c000d88
a100-llm-05:3979995:3980158 [6] NCCL INFO Channel 01/0 : 5[5] -> 6[6] [receive] via NET/IB/12/GDRDMA
a100-llm-05:3979995:3980158 [6] NCCL INFO GPU Direct RDMA Enabled for GPU/0-1044560 (rank 6) - NET/0-12 (distance 5 <= 6, read 1, mode Default)
a100-llm-05:3979995:3980147 [6] NCCL INFO New proxy send connection 2 from local rank 0, transport 2
a100-llm-05:3979995:3980158 [6] NCCL INFO Connected to proxy localRank 0 -> connection 0x7f072c000e00
a100-llm-05:3979995:3980158 [6] NCCL INFO Channel 00/0 : 6[6] -> 7[7] [send] via NET/IB/12/GDRDMA
a100-llm-05:3979995:3980158 [6] NCCL INFO GPU Direct RDMA Enabled for GPU/0-1044560 (rank 6) - NET/0-12 (distance 5 <= 6, read 1, mode Default)
a100-llm-05:3979995:3980147 [6] NCCL INFO New proxy send connection 3 from local rank 0, transport 2
a100-llm-05:3979995:3980158 [6] NCCL INFO Connected to proxy localRank 0 -> connection 0x7f072c000e78
a100-llm-05:3979995:3980158 [6] NCCL INFO Channel 01/0 : 6[6] -> 7[7] [send] via NET/IB/12/GDRDMA
a100-llm-05:3979995:3980148 [5] NCCL INFO New proxy recv connection 0 from local rank 0, transport 2
a100-llm-05:3979995:3980159 [5] NCCL INFO Connected to proxy localRank 0 -> connection 0x7f0730000d10
a100-llm-05:3979995:3980150 [4] NCCL INFO New proxy recv connection 0 from local rank 0, transport 2
a100-llm-05:3979995:3980159 [5] NCCL INFO Channel 00/0 : 4[4] -> 5[5] [receive] via NET/IB/11/GDRDMA
a100-llm-05:3979995:3980159 [5] NCCL INFO GPU Direct RDMA Enabled for GPU/0-1036384 (rank 5) - NET/0-11 (distance 5 <= 6, read 0, mode Default)
a100-llm-05:3979995:3980160 [4] NCCL INFO Connected to proxy localRank 0 -> connection 0x7f07240010a0
a100-llm-05:3979995:3980160 [4] NCCL INFO Channel 00/0 : 3[3] -> 4[4] [receive] via NET/IB/11/GDRDMA
a100-llm-05:3979995:3980160 [4] NCCL INFO GPU Direct RDMA Enabled for GPU/0-1036368 (rank 4) - NET/0-11 (distance 5 <= 6, read 0, mode Default)
a100-llm-05:3979995:3980150 [4] NCCL INFO New proxy recv connection 1 from local rank 0, transport 2
a100-llm-05:3979995:3980160 [4] NCCL INFO Connected to proxy localRank 0 -> connection 0x7f0724001118
a100-llm-05:3979995:3980160 [4] NCCL INFO Channel 01/0 : 3[3] -> 4[4] [receive] via NET/IB/11/GDRDMA
a100-llm-05:3979995:3980160 [4] NCCL INFO GPU Direct RDMA Enabled for GPU/0-1036368 (rank 4) - NET/0-11 (distance 5 <= 6, read 1, mode Default)
a100-llm-05:3979995:3980150 [4] NCCL INFO New proxy send connection 2 from local rank 0, transport 2
a100-llm-05:3979995:3980160 [4] NCCL INFO Connected to proxy localRank 0 -> connection 0x7f0724001190
a100-llm-05:3979995:3980160 [4] NCCL INFO Channel 00/0 : 4[4] -> 5[5] [send] via NET/IB/11/GDRDMA
a100-llm-05:3979995:3980160 [4] NCCL INFO GPU Direct RDMA Enabled for GPU/0-1036368 (rank 4) - NET/0-11 (distance 5 <= 6, read 1, mode Default)
a100-llm-05:3979995:3980150 [4] NCCL INFO New proxy send connection 3 from local rank 0, transport 2
a100-llm-05:3979995:3980160 [4] NCCL INFO Connected to proxy localRank 0 -> connection 0x7f0724001208
a100-llm-05:3979995:3980160 [4] NCCL INFO Channel 01/0 : 4[4] -> 5[5] [send] via NET/IB/11/GDRDMA
a100-llm-05:3979995:3980144 [3] NCCL INFO New proxy recv connection 1 from local rank 0, transport 2
a100-llm-05:3979995:3980161 [3] NCCL INFO Connected to proxy localRank 0 -> connection 0x7f071c001118
a100-llm-05:3979995:3980148 [5] NCCL INFO New proxy recv connection 1 from local rank 0, transport 2
a100-llm-05:3979995:3980159 [5] NCCL INFO Connected to proxy localRank 0 -> connection 0x7f0730000d88
a100-llm-05:3979995:3980164 [0] NCCL INFO Channel 00/0 : 7[7] -> 0[0] [receive] via NET/IB/9/GDRDMA
a100-llm-05:3979995:3980164 [0] NCCL INFO GPU Direct RDMA Enabled for GPU/0-1019984 (rank 0) - NET/0-9 (distance 5 <= 6, read 0, mode Default)
a100-llm-05:3979995:3980151 [0] NCCL INFO New proxy recv connection 1 from local rank 0, transport 2
a100-llm-05:3979995:3980164 [0] NCCL INFO Connected to proxy localRank 0 -> connection 0x7f071c004e28
a100-llm-05:3979995:3980164 [0] NCCL INFO Channel 01/0 : 7[7] -> 0[0] [receive] via NET/IB/9/GDRDMA
a100-llm-05:3979995:3980164 [0] NCCL INFO GPU Direct RDMA Enabled for GPU/0-1019984 (rank 0) - NET/0-9 (distance 5 <= 6, read 1, mode Default)
a100-llm-05:3979995:3980151 [0] NCCL INFO New proxy send connection 2 from local rank 0, transport 2
a100-llm-05:3979995:3980164 [0] NCCL INFO Connected to proxy localRank 0 -> connection 0x7f071c004ea0
a100-llm-05:3979995:3980164 [0] NCCL INFO Channel 00/0 : 0[0] -> 1[1] [send] via NET/IB/9/GDRDMA
a100-llm-05:3979995:3980164 [0] NCCL INFO GPU Direct RDMA Enabled for GPU/0-1019984 (rank 0) - NET/0-9 (distance 5 <= 6, read 1, mode Default)
a100-llm-05:3979995:3980151 [0] NCCL INFO New proxy send connection 3 from local rank 0, transport 2
a100-llm-05:3979995:3980164 [0] NCCL INFO Connected to proxy localRank 0 -> connection 0x7f071c004f18
a100-llm-05:3979995:3980164 [0] NCCL INFO Channel 01/0 : 0[0] -> 1[1] [send] via NET/IB/9/GDRDMA
a100-llm-05:3979995:3980161 [3] NCCL INFO Channel 01/0 : 2[2] -> 3[3] [receive] via NET/IB/10/GDRDMA
a100-llm-05:3979995:3980161 [3] NCCL INFO GPU Direct RDMA Enabled for GPU/0-1028192 (rank 3) - NET/0-10 (distance 5 <= 6, read 1, mode Default)
a100-llm-05:3979995:3980159 [5] NCCL INFO Channel 01/0 : 4[4] -> 5[5] [receive] via NET/IB/11/GDRDMA
a100-llm-05:3979995:3980159 [5] NCCL INFO GPU Direct RDMA Enabled for GPU/0-1036384 (rank 5) - NET/0-11 (distance 5 <= 6, read 1, mode Default)
a100-llm-05:3979995:3980144 [3] NCCL INFO New proxy send connection 2 from local rank 0, transport 2
a100-llm-05:3979995:3980161 [3] NCCL INFO Connected to proxy localRank 0 -> connection 0x7f071c001190
a100-llm-05:3979995:3980161 [3] NCCL INFO Channel 00/0 : 3[3] -> 4[4] [send] via NET/IB/10/GDRDMA
a100-llm-05:3979995:3980161 [3] NCCL INFO GPU Direct RDMA Enabled for GPU/0-1028192 (rank 3) - NET/0-10 (distance 5 <= 6, read 1, mode Default)
a100-llm-05:3979995:3980144 [3] NCCL INFO New proxy send connection 3 from local rank 0, transport 2
a100-llm-05:3979995:3980161 [3] NCCL INFO Connected to proxy localRank 0 -> connection 0x7f071c001208
a100-llm-05:3979995:3980161 [3] NCCL INFO Channel 01/0 : 3[3] -> 4[4] [send] via NET/IB/10/GDRDMA
a100-llm-05:3979995:3980142 [7] NCCL INFO NET/IB: NCCL Dev 12 IbDev 7 Port 1 qpn 1156 mtu 5 GID 3 (0/4E5A13C6FFFF0000) ctsFifoRkey=0x1a706d ctsFifoLkey=0x1a706d
a100-llm-05:3979995:3980142 [7] NCCL INFO NET/IB: IbDev 7 Port 1 qpn 1156 query_ece={supported=1, vendor_id=0x15b3, options=0x30000000, comp_mask=0x0}
a100-llm-05:3979995:3980142 [7] NCCL INFO NET/IB: NCCL Dev 12 IbDev 8 Port 1 qpn 900 mtu 5 GID 3 (0/57B013C6FFFF0000) ctsFifoRkey=0x16f0ad ctsFifoLkey=0x16f0ad
a100-llm-05:3979995:3980142 [7] NCCL INFO NET/IB: IbDev 8 Port 1 qpn 900 query_ece={supported=1, vendor_id=0x15b3, options=0x30000000, comp_mask=0x0}
a100-llm-05:3979995:3980142 [7] NCCL INFO NET/IB: NCCL Dev 12 IbDev 7 Port 1 qpn 1157 mtu 5 GID 3 (0/4E5A13C6FFFF0000) ctsFifoRkey=0x1a7b7b ctsFifoLkey=0x1a7b7b
a100-llm-05:3979995:3980142 [7] NCCL INFO NET/IB: IbDev 7 Port 1 qpn 1157 query_ece={supported=1, vendor_id=0x15b3, options=0x30000000, comp_mask=0x0}
a100-llm-05:3979995:3980142 [7] NCCL INFO NET/IB: NCCL Dev 12 IbDev 8 Port 1 qpn 901 mtu 5 GID 3 (0/57B013C6FFFF0000) ctsFifoRkey=0x16fcbb ctsFifoLkey=0x16fcbb
a100-llm-05:3979995:3980142 [7] NCCL INFO NET/IB: IbDev 8 Port 1 qpn 901 query_ece={supported=1, vendor_id=0x15b3, options=0x30000000, comp_mask=0x0}
a100-llm-05:3979995:3980141 [2] NCCL INFO NET/IB: NCCL Dev 10 IbDev 3 Port 1 qpn 1156 mtu 5 GID 3 (0/220D13C6FFFF0000) ctsFifoRkey=0x1acece ctsFifoLkey=0x1acece
a100-llm-05:3979995:3980141 [2] NCCL INFO NET/IB: IbDev 3 Port 1 qpn 1156 query_ece={supported=1, vendor_id=0x15b3, options=0x30000000, comp_mask=0x0}
a100-llm-05:3979995:3980141 [2] NCCL INFO NET/IB: NCCL Dev 10 IbDev 4 Port 1 qpn 900 mtu 5 GID 3 (0/422613C6FFFF0000) ctsFifoRkey=0x17702e ctsFifoLkey=0x17702e
a100-llm-05:3979995:3980141 [2] NCCL INFO NET/IB: IbDev 4 Port 1 qpn 900 query_ece={supported=1, vendor_id=0x15b3, options=0x30000000, comp_mask=0x0}
a100-llm-05:3979995:3980148 [5] NCCL INFO New proxy send connection 2 from local rank 0, transport 2
a100-llm-05:3979995:3980159 [5] NCCL INFO Connected to proxy localRank 0 -> connection 0x7f0730000e00
a100-llm-05:3979995:3980141 [2] NCCL INFO NET/IB: NCCL Dev 10 IbDev 3 Port 1 qpn 1157 mtu 5 GID 3 (0/220D13C6FFFF0000) ctsFifoRkey=0x1adad9 ctsFifoLkey=0x1adad9
a100-llm-05:3979995:3980141 [2] NCCL INFO NET/IB: IbDev 3 Port 1 qpn 1157 query_ece={supported=1, vendor_id=0x15b3, options=0x30000000, comp_mask=0x0}
a100-llm-05:3979995:3980141 [2] NCCL INFO NET/IB: NCCL Dev 10 IbDev 4 Port 1 qpn 901 mtu 5 GID 3 (0/422613C6FFFF0000) ctsFifoRkey=0x177b3a ctsFifoLkey=0x177b3a
a100-llm-05:3979995:3980141 [2] NCCL INFO NET/IB: IbDev 4 Port 1 qpn 901 query_ece={supported=1, vendor_id=0x15b3, options=0x30000000, comp_mask=0x0}
a100-llm-05:3979995:3980142 [7] NCCL INFO NET/IB: IbDev 7 Port 1 qpn 1156 set_ece={supported=1, vendor_id=0x15b3, options=0x30000000, comp_mask=0x0}
a100-llm-05:3979995:3980142 [7] NCCL INFO NET/IB: IbDev 8 Port 1 qpn 900 set_ece={supported=1, vendor_id=0x15b3, options=0x30000000, comp_mask=0x0}
a100-llm-05:3979995:3980141 [2] NCCL INFO NET/IB: IbDev 3 Port 1 qpn 1156 set_ece={supported=1, vendor_id=0x15b3, options=0x30000000, comp_mask=0x0}
a100-llm-05:3979995:3980141 [2] NCCL INFO NET/IB: IbDev 4 Port 1 qpn 900 set_ece={supported=1, vendor_id=0x15b3, options=0x30000000, comp_mask=0x0}
a100-llm-05:3979995:3980154 [1] NCCL INFO NET/IB: NCCL Dev 9 IbDev 1 Port 1 qpn 1160 mtu 5 GID 3 (0/F34413C6FFFF0000) ctsFifoRkey=0x1b1517 ctsFifoLkey=0x1b1517
a100-llm-05:3979995:3980154 [1] NCCL INFO NET/IB: IbDev 1 Port 1 qpn 1160 query_ece={supported=1, vendor_id=0x15b3, options=0x30000000, comp_mask=0x0}
a100-llm-05:3979995:3980154 [1] NCCL INFO NET/IB: NCCL Dev 9 IbDev 2 Port 1 qpn 904 mtu 5 GID 3 (0/173F13C6FFFF0000) ctsFifoRkey=0x172bea ctsFifoLkey=0x172bea
a100-llm-05:3979995:3980154 [1] NCCL INFO NET/IB: IbDev 2 Port 1 qpn 904 query_ece={supported=1, vendor_id=0x15b3, options=0x30000000, comp_mask=0x0}
a100-llm-05:3979995:3980154 [1] NCCL INFO NET/IB: NCCL Dev 9 IbDev 1 Port 1 qpn 1161 mtu 5 GID 3 (0/F34413C6FFFF0000) ctsFifoRkey=0x1b2020 ctsFifoLkey=0x1b2020
a100-llm-05:3979995:3980154 [1] NCCL INFO NET/IB: IbDev 1 Port 1 qpn 1161 query_ece={supported=1, vendor_id=0x15b3, options=0x30000000, comp_mask=0x0}
a100-llm-05:3979995:3980142 [7] NCCL INFO NET/IB: IbDev 7 Port 1 qpn 1157 set_ece={supported=1, vendor_id=0x15b3, options=0x30000000, comp_mask=0x0}
a100-llm-05:3979995:3980154 [1] NCCL INFO NET/IB: NCCL Dev 9 IbDev 2 Port 1 qpn 905 mtu 5 GID 3 (0/173F13C6FFFF0000) ctsFifoRkey=0x1735f6 ctsFifoLkey=0x1735f6
a100-llm-05:3979995:3980154 [1] NCCL INFO NET/IB: IbDev 2 Port 1 qpn 905 query_ece={supported=1, vendor_id=0x15b3, options=0x30000000, comp_mask=0x0}
a100-llm-05:3979995:3980142 [7] NCCL INFO NET/IB: IbDev 8 Port 1 qpn 901 set_ece={supported=1, vendor_id=0x15b3, options=0x30000000, comp_mask=0x0}
a100-llm-05:3979995:3980159 [5] NCCL INFO Channel 00/0 : 5[5] -> 6[6] [send] via NET/IB/11/GDRDMA
a100-llm-05:3979995:3980159 [5] NCCL INFO GPU Direct RDMA Enabled for GPU/0-1036384 (rank 5) - NET/0-11 (distance 5 <= 6, read 1, mode Default)
a100-llm-05:3979995:3980151 [0] NCCL INFO NET/IB: NCCL Dev 9 IbDev 1 Port 1 qpn 1162 mtu 5 GID 3 (0/F34413C6FFFF0000) ctsFifoRkey=0x1b2d2c ctsFifoLkey=0x1b2d2c
a100-llm-05:3979995:3980151 [0] NCCL INFO NET/IB: IbDev 1 Port 1 qpn 1162 query_ece={supported=1, vendor_id=0x15b3, options=0x30000000, comp_mask=0x0}
a100-llm-05:3979995:3980151 [0] NCCL INFO NET/IB: NCCL Dev 9 IbDev 2 Port 1 qpn 906 mtu 5 GID 3 (0/173F13C6FFFF0000) ctsFifoRkey=0x173ffe ctsFifoLkey=0x173ffe
a100-llm-05:3979995:3980151 [0] NCCL INFO NET/IB: IbDev 2 Port 1 qpn 906 query_ece={supported=1, vendor_id=0x15b3, options=0x30000000, comp_mask=0x0}
a100-llm-05:3979995:3980141 [2] NCCL INFO NET/IB: IbDev 3 Port 1 qpn 1157 set_ece={supported=1, vendor_id=0x15b3, options=0x30000000, comp_mask=0x0}
a100-llm-05:3979995:3980141 [2] NCCL INFO NET/IB: IbDev 4 Port 1 qpn 901 set_ece={supported=1, vendor_id=0x15b3, options=0x30000000, comp_mask=0x0}
a100-llm-05:3979995:3980151 [0] NCCL INFO NET/IB: NCCL Dev 9 IbDev 1 Port 1 qpn 1163 mtu 5 GID 3 (0/F34413C6FFFF0000) ctsFifoRkey=0x1b3a38 ctsFifoLkey=0x1b3a38
a100-llm-05:3979995:3980151 [0] NCCL INFO NET/IB: IbDev 1 Port 1 qpn 1163 query_ece={supported=1, vendor_id=0x15b3, options=0x30000000, comp_mask=0x0}
a100-llm-05:3979995:3980151 [0] NCCL INFO NET/IB: NCCL Dev 9 IbDev 2 Port 1 qpn 907 mtu 5 GID 3 (0/173F13C6FFFF0000) ctsFifoRkey=0x174a08 ctsFifoLkey=0x174a08
a100-llm-05:3979995:3980151 [0] NCCL INFO NET/IB: IbDev 2 Port 1 qpn 907 query_ece={supported=1, vendor_id=0x15b3, options=0x30000000, comp_mask=0x0}
a100-llm-05:3979995:3980148 [5] NCCL INFO New proxy send connection 3 from local rank 0, transport 2
a100-llm-05:3979995:3980159 [5] NCCL INFO Connected to proxy localRank 0 -> connection 0x7f0730000e78
a100-llm-05:3979995:3980154 [1] NCCL INFO NET/IB: IbDev 1 Port 1 qpn 1160 set_ece={supported=1, vendor_id=0x15b3, options=0x30000000, comp_mask=0x0}
a100-llm-05:3979995:3980154 [1] NCCL INFO NET/IB: IbDev 2 Port 1 qpn 904 set_ece={supported=1, vendor_id=0x15b3, options=0x30000000, comp_mask=0x0}
a100-llm-05:3979995:3980159 [5] NCCL INFO Channel 01/0 : 5[5] -> 6[6] [send] via NET/IB/11/GDRDMA
a100-llm-05:3979995:3980154 [1] NCCL INFO NET/IB: IbDev 1 Port 1 qpn 1161 set_ece={supported=1, vendor_id=0x15b3, options=0x30000000, comp_mask=0x0}
a100-llm-05:3979995:3980154 [1] NCCL INFO NET/IB: IbDev 2 Port 1 qpn 905 set_ece={supported=1, vendor_id=0x15b3, options=0x30000000, comp_mask=0x0}
a100-llm-05:3979995:3980148 [5] NCCL INFO NET/IB: NCCL Dev 11 IbDev 5 Port 1 qpn 1156 mtu 5 GID 3 (0/520113C6FFFF0000) ctsFifoRkey=0x1af3f2 ctsFifoLkey=0x1af3f2
a100-llm-05:3979995:3980148 [5] NCCL INFO NET/IB: IbDev 5 Port 1 qpn 1156 query_ece={supported=1, vendor_id=0x15b3, options=0x30000000, comp_mask=0x0}
a100-llm-05:3979995:3980148 [5] NCCL INFO NET/IB: NCCL Dev 11 IbDev 6 Port 1 qpn 900 mtu 5 GID 3 (0/B90713C6FFFF0000) ctsFifoRkey=0x171cd9 ctsFifoLkey=0x171cd9
a100-llm-05:3979995:3980148 [5] NCCL INFO NET/IB: IbDev 6 Port 1 qpn 900 query_ece={supported=1, vendor_id=0x15b3, options=0x30000000, comp_mask=0x0}
a100-llm-05:3979995:3980144 [3] NCCL INFO NET/IB: NCCL Dev 10 IbDev 3 Port 1 qpn 1166 mtu 5 GID 3 (0/220D13C6FFFF0000) ctsFifoRkey=0x1b1413 ctsFifoLkey=0x1b1413
a100-llm-05:3979995:3980144 [3] NCCL INFO NET/IB: IbDev 3 Port 1 qpn 1166 query_ece={supported=1, vendor_id=0x15b3, options=0x30000000, comp_mask=0x0}
a100-llm-05:3979995:3980147 [6] NCCL INFO NET/IB: NCCL Dev 12 IbDev 7 Port 1 qpn 1160 mtu 5 GID 3 (0/4E5A13C6FFFF0000) ctsFifoRkey=0x1a9392 ctsFifoLkey=0x1a9392
a100-llm-05:3979995:3980147 [6] NCCL INFO NET/IB: IbDev 7 Port 1 qpn 1160 query_ece={supported=1, vendor_id=0x15b3, options=0x30000000, comp_mask=0x0}
a100-llm-05:3979995:3980147 [6] NCCL INFO NET/IB: NCCL Dev 12 IbDev 8 Port 1 qpn 904 mtu 5 GID 3 (0/57B013C6FFFF0000) ctsFifoRkey=0x1713d2 ctsFifoLkey=0x1713d2
a100-llm-05:3979995:3980147 [6] NCCL INFO NET/IB: IbDev 8 Port 1 qpn 904 query_ece={supported=1, vendor_id=0x15b3, options=0x30000000, comp_mask=0x0}
a100-llm-05:3979995:3980148 [5] NCCL INFO NET/IB: IbDev 5 Port 1 qpn 1156 set_ece={supported=1, vendor_id=0x15b3, options=0x30000000, comp_mask=0x0}
a100-llm-05:3979995:3980150 [4] NCCL INFO NET/IB: NCCL Dev 11 IbDev 5 Port 1 qpn 1157 mtu 5 GID 3 (0/520113C6FFFF0000) ctsFifoRkey=0x1afffe ctsFifoLkey=0x1afffe
a100-llm-05:3979995:3980150 [4] NCCL INFO NET/IB: IbDev 5 Port 1 qpn 1157 query_ece={supported=1, vendor_id=0x15b3, options=0x30000000, comp_mask=0x0}
a100-llm-05:3979995:3980144 [3] NCCL INFO NET/IB: NCCL Dev 10 IbDev 4 Port 1 qpn 910 mtu 5 GID 3 (0/422613C6FFFF0000) ctsFifoRkey=0x17bf7d ctsFifoLkey=0x17bf7d
a100-llm-05:3979995:3980144 [3] NCCL INFO NET/IB: IbDev 4 Port 1 qpn 910 query_ece={supported=1, vendor_id=0x15b3, options=0x30000000, comp_mask=0x0}
a100-llm-05:3979995:3980150 [4] NCCL INFO NET/IB: NCCL Dev 11 IbDev 6 Port 1 qpn 901 mtu 5 GID 3 (0/B90713C6FFFF0000) ctsFifoRkey=0x172bea ctsFifoLkey=0x172bea
a100-llm-05:3979995:3980150 [4] NCCL INFO NET/IB: IbDev 6 Port 1 qpn 901 query_ece={supported=1, vendor_id=0x15b3, options=0x30000000, comp_mask=0x0}
a100-llm-05:3979995:3980147 [6] NCCL INFO NET/IB: NCCL Dev 12 IbDev 7 Port 1 qpn 1161 mtu 5 GID 3 (0/4E5A13C6FFFF0000) ctsFifoRkey=0x1a9f9e ctsFifoLkey=0x1a9f9e
a100-llm-05:3979995:3980147 [6] NCCL INFO NET/IB: IbDev 7 Port 1 qpn 1161 query_ece={supported=1, vendor_id=0x15b3, options=0x30000000, comp_mask=0x0}
a100-llm-05:3979995:3980147 [6] NCCL INFO NET/IB: NCCL Dev 12 IbDev 8 Port 1 qpn 905 mtu 5 GID 3 (0/57B013C6FFFF0000) ctsFifoRkey=0x171dde ctsFifoLkey=0x171dde
a100-llm-05:3979995:3980147 [6] NCCL INFO NET/IB: IbDev 8 Port 1 qpn 905 query_ece={supported=1, vendor_id=0x15b3, options=0x30000000, comp_mask=0x0}
a100-llm-05:3979995:3980148 [5] NCCL INFO NET/IB: IbDev 6 Port 1 qpn 900 set_ece={supported=1, vendor_id=0x15b3, options=0x30000000, comp_mask=0x0}
a100-llm-05:3979995:3980147 [6] NCCL INFO NET/IB: IbDev 7 Port 1 qpn 1160 set_ece={supported=1, vendor_id=0x15b3, options=0x30000000, comp_mask=0x0}
a100-llm-05:3979995:3980147 [6] NCCL INFO NET/IB: IbDev 8 Port 1 qpn 904 set_ece={supported=1, vendor_id=0x15b3, options=0x30000000, comp_mask=0x0}
a100-llm-05:3979995:3980151 [0] NCCL INFO NET/IB: IbDev 1 Port 1 qpn 1163 set_ece={supported=1, vendor_id=0x15b3, options=0x30000000, comp_mask=0x0}
a100-llm-05:3979995:3980147 [6] NCCL INFO NET/IB: IbDev 7 Port 1 qpn 1161 set_ece={supported=1, vendor_id=0x15b3, options=0x30000000, comp_mask=0x0}
a100-llm-05:3979995:3980144 [3] NCCL INFO NET/IB: NCCL Dev 10 IbDev 3 Port 1 qpn 1167 mtu 5 GID 3 (0/220D13C6FFFF0000) ctsFifoRkey=0x1b241f ctsFifoLkey=0x1b241f
a100-llm-05:3979995:3980144 [3] NCCL INFO NET/IB: IbDev 3 Port 1 qpn 1167 query_ece={supported=1, vendor_id=0x15b3, options=0x30000000, comp_mask=0x0}
a100-llm-05:3979995:3980151 [0] NCCL INFO NET/IB: IbDev 2 Port 1 qpn 907 set_ece={supported=1, vendor_id=0x15b3, options=0x30000000, comp_mask=0x0}
a100-llm-05:3979995:3980147 [6] NCCL INFO NET/IB: IbDev 8 Port 1 qpn 905 set_ece={supported=1, vendor_id=0x15b3, options=0x30000000, comp_mask=0x0}
a100-llm-05:3979995:3980144 [3] NCCL INFO NET/IB: NCCL Dev 10 IbDev 4 Port 1 qpn 911 mtu 5 GID 3 (0/422613C6FFFF0000) ctsFifoRkey=0x17ca89 ctsFifoLkey=0x17ca89
a100-llm-05:3979995:3980144 [3] NCCL INFO NET/IB: IbDev 4 Port 1 qpn 911 query_ece={supported=1, vendor_id=0x15b3, options=0x30000000, comp_mask=0x0}
a100-llm-05:3979995:3980144 [3] NCCL INFO NET/IB: IbDev 3 Port 1 qpn 1166 set_ece={supported=1, vendor_id=0x15b3, options=0x30000000, comp_mask=0x0}
a100-llm-05:3979995:3980144 [3] NCCL INFO NET/IB: IbDev 4 Port 1 qpn 910 set_ece={supported=1, vendor_id=0x15b3, options=0x30000000, comp_mask=0x0}
a100-llm-05:3979995:3980148 [5] NCCL INFO NET/IB: NCCL Dev 11 IbDev 5 Port 1 qpn 1162 mtu 5 GID 3 (0/520113C6FFFF0000) ctsFifoRkey=0x1b2221 ctsFifoLkey=0x1b2221
a100-llm-05:3979995:3980148 [5] NCCL INFO NET/IB: IbDev 5 Port 1 qpn 1162 query_ece={supported=1, vendor_id=0x15b3, options=0x30000000, comp_mask=0x0}
a100-llm-05:3979995:3980148 [5] NCCL INFO NET/IB: NCCL Dev 11 IbDev 6 Port 1 qpn 906 mtu 5 GID 3 (0/B90713C6FFFF0000) ctsFifoRkey=0x175312 ctsFifoLkey=0x175312
a100-llm-05:3979995:3980148 [5] NCCL INFO NET/IB: IbDev 6 Port 1 qpn 906 query_ece={supported=1, vendor_id=0x15b3, options=0x30000000, comp_mask=0x0}
a100-llm-05:3979995:3980151 [0] NCCL INFO NET/IB: IbDev 1 Port 1 qpn 1162 set_ece={supported=1, vendor_id=0x15b3, options=0x30000000, comp_mask=0x0}
a100-llm-05:3979995:3980151 [0] NCCL INFO NET/IB: IbDev 2 Port 1 qpn 906 set_ece={supported=1, vendor_id=0x15b3, options=0x30000000, comp_mask=0x0}
a100-llm-05:3979995:3980150 [4] NCCL INFO NET/IB: IbDev 5 Port 1 qpn 1157 set_ece={supported=1, vendor_id=0x15b3, options=0x30000000, comp_mask=0x0}
a100-llm-05:3979995:3980144 [3] NCCL INFO NET/IB: IbDev 3 Port 1 qpn 1167 set_ece={supported=1, vendor_id=0x15b3, options=0x30000000, comp_mask=0x0}
a100-llm-05:3979995:3980150 [4] NCCL INFO NET/IB: IbDev 6 Port 1 qpn 901 set_ece={supported=1, vendor_id=0x15b3, options=0x30000000, comp_mask=0x0}
a100-llm-05:3979995:3980144 [3] NCCL INFO NET/IB: IbDev 4 Port 1 qpn 911 set_ece={supported=1, vendor_id=0x15b3, options=0x30000000, comp_mask=0x0}
a100-llm-05:3979995:3980148 [5] NCCL INFO NET/IB: IbDev 5 Port 1 qpn 1162 set_ece={supported=1, vendor_id=0x15b3, options=0x30000000, comp_mask=0x0}
a100-llm-05:3979995:3980148 [5] NCCL INFO NET/IB: IbDev 6 Port 1 qpn 906 set_ece={supported=1, vendor_id=0x15b3, options=0x30000000, comp_mask=0x0}
a100-llm-05:3979995:3980150 [4] NCCL INFO NET/IB: NCCL Dev 11 IbDev 5 Port 1 qpn 1165 mtu 5 GID 3 (0/520113C6FFFF0000) ctsFifoRkey=0x1b3838 ctsFifoLkey=0x1b3838
a100-llm-05:3979995:3980150 [4] NCCL INFO NET/IB: IbDev 5 Port 1 qpn 1165 query_ece={supported=1, vendor_id=0x15b3, options=0x30000000, comp_mask=0x0}
a100-llm-05:3979995:3980150 [4] NCCL INFO NET/IB: NCCL Dev 11 IbDev 6 Port 1 qpn 909 mtu 5 GID 3 (0/B90713C6FFFF0000) ctsFifoRkey=0x176a2a ctsFifoLkey=0x176a2a
a100-llm-05:3979995:3980150 [4] NCCL INFO NET/IB: IbDev 6 Port 1 qpn 909 query_ece={supported=1, vendor_id=0x15b3, options=0x30000000, comp_mask=0x0}
a100-llm-05:3979995:3980150 [4] NCCL INFO NET/IB: IbDev 5 Port 1 qpn 1165 set_ece={supported=1, vendor_id=0x15b3, options=0x30000000, comp_mask=0x0}
a100-llm-05:3979995:3980150 [4] NCCL INFO NET/IB: IbDev 6 Port 1 qpn 909 set_ece={supported=1, vendor_id=0x15b3, options=0x30000000, comp_mask=0x0}
[AIMD] FinalizeChunkRTT: cc=0x7f0740001000 slot=0 inflight_before=1
warmup done.
[AIMD] FinalizeChunkRTT: cc=0x7f0734037420 slot=728 inflight_before=1
[AIMD] FinalizeChunkRTT: cc=0x7f073c001000 slot=348 inflight_before=8
[AIMD] FinalizeChunkRTT: cc=0x7f0784002160 slot=31 inflight_before=7
a100-llm-05:3979995:3980130 [0] NCCL INFO V2MIN: pressure=1.000 (fast=0.247 slow=0.002 dev=0.2450) state=SHRINK window=204 floor=204 high=3265 low=0 ncc=16
[AIMD] FinalizeChunkRTT: cc=0x7f073c001000 slot=106 inflight_before=4
[AIMD] FinalizeChunkRTT: cc=0x7f0734037420 slot=807 inflight_before=3
[AIMD] FinalizeChunkRTT: cc=0x7f073c001000 slot=524 inflight_before=5
[AIMD] FinalizeChunkRTT: cc=0x7f073c001000 slot=200 inflight_before=5
[AIMD] FinalizeChunkRTT: cc=0x7f0784002160 slot=593 inflight_before=4
a100-llm-05:3979995:3980130 [0] NCCL INFO V2MIN: pressure=1.000 (fast=0.187 slow=0.002 dev=0.1848) state=SHRINK window=204 floor=204 high=7989 low=0 ncc=16
[AIMD] FinalizeChunkRTT: cc=0x7f0738001000 slot=999 inflight_before=1
[AIMD] FinalizeChunkRTT: cc=0x7f0784002160 slot=506 inflight_before=1
[AIMD] FinalizeChunkRTT: cc=0x7f0784002160 slot=168 inflight_before=1
[AIMD] FinalizeChunkRTT: cc=0x7f077c018520 slot=742 inflight_before=1
[AIMD] FinalizeChunkRTT: cc=0x7f0734037420 slot=83 inflight_before=8
a100-llm-05:3979995:3980130 [0] NCCL INFO V2MIN: pressure=1.000 (fast=0.200 slow=0.002 dev=0.1984) state=SHRINK window=204 floor=204 high=12713 low=0 ncc=16
[AIMD] FinalizeChunkRTT: cc=0x7f072c0659a0 slot=783 inflight_before=8
[AIMD] FinalizeChunkRTT: cc=0x7f0740001000 slot=248 inflight_before=1
[AIMD] FinalizeChunkRTT: cc=0x7f085f1763b0 slot=880 inflight_before=1
[AIMD] FinalizeChunkRTT: cc=0x7f0740001000 slot=264 inflight_before=8
[AIMD] FinalizeChunkRTT: cc=0x7f072c0659a0 slot=638 inflight_before=1
a100-llm-05:3979995:3980130 [0] NCCL INFO V2MIN: pressure=1.000 (fast=0.100 slow=0.002 dev=0.0980) state=SHRINK window=204 floor=204 high=17429 low=0 ncc=16
[AIMD] FinalizeChunkRTT: cc=0x7f072c0659a0 slot=30 inflight_before=1
[AIMD] FinalizeChunkRTT: cc=0x7f072c0659a0 slot=482 inflight_before=1
[AIMD] FinalizeChunkRTT: cc=0x7f0740001000 slot=944 inflight_before=1
[AIMD] FinalizeChunkRTT: cc=0x7f073c017320 slot=577 inflight_before=1
[AIMD] FinalizeChunkRTT: cc=0x7f0734037660 slot=928 inflight_before=1
a100-llm-05:3979995:3980130 [0] NCCL INFO V2MIN: pressure=1.000 (fast=0.098 slow=0.002 dev=0.0960) state=SHRINK window=204 floor=204 high=22126 low=0 ncc=16
[AIMD] FinalizeChunkRTT: cc=0x7f073c001000 slot=388 inflight_before=3
[AIMD] FinalizeChunkRTT: cc=0x7f0740001000 slot=856 inflight_before=5
[AIMD] FinalizeChunkRTT: cc=0x7f0784002160 slot=322 inflight_before=1
CSV written to: det_v3_sweep_run1/bench_latency_20260416_201407.csv

========================================
  Oracle Experiment Results
========================================
Config: nDev=8  count=1048576  data=4.19 MB  iters=1000
NCCL_AIMD_ENABLE=1  NCCL_CC_ORACLE_FACTOR=(unset)

Wall-clock latency (us):
  mean= 25157.5  stddev= 13924.0
  p50 = 21406.5  p99   = 67888.6  max= 79926.0

Collective max GPU latency (us):
  mean= 22199.0  stddev= 12561.6
  p50 = 19934.7  p99   = 59931.9  max= 79902.7

Rank skew (us):
  mean=  3598.8  stddev=  5695.9
  p50 =   266.2  p99   = 22538.5  max= 26779.6

Avg algo bandwidth: 0.29 GB/s
========================================

