a100-llm-05:4018936:4019127 [2] NCCL INFO Connected to proxy localRank 0 -> connection 0x7f6810000d88
a100-llm-05:4018936:4019127 [2] NCCL INFO Channel 01/0 : 1[1] -> 2[2] [receive] via NET/IB/10/GDRDMA
a100-llm-05:4018936:4019127 [2] NCCL INFO GPU Direct RDMA Enabled for GPU/0-1028176 (rank 2) - NET/0-10 (distance 5 <= 6, read 1, mode Default)
a100-llm-05:4018936:4019116 [2] NCCL INFO New proxy send connection 2 from local rank 0, transport 2
a100-llm-05:4018936:4019127 [2] NCCL INFO Connected to proxy localRank 0 -> connection 0x7f6810000e00
a100-llm-05:4018936:4019127 [2] NCCL INFO Channel 00/0 : 2[2] -> 3[3] [send] via NET/IB/10/GDRDMA
a100-llm-05:4018936:4019127 [2] NCCL INFO GPU Direct RDMA Enabled for GPU/0-1028176 (rank 2) - NET/0-10 (distance 5 <= 6, read 1, mode Default)
a100-llm-05:4018936:4019116 [2] NCCL INFO New proxy send connection 3 from local rank 0, transport 2
a100-llm-05:4018936:4019127 [2] NCCL INFO Connected to proxy localRank 0 -> connection 0x7f6810000e78
a100-llm-05:4018936:4019127 [2] NCCL INFO Channel 01/0 : 2[2] -> 3[3] [send] via NET/IB/10/GDRDMA
a100-llm-05:4018936:4019110 [5] NCCL INFO New proxy recv connection 0 from local rank 0, transport 2
a100-llm-05:4018936:4019124 [5] NCCL INFO Connected to proxy localRank 0 -> connection 0x7f6824000d10
a100-llm-05:4018936:4019124 [5] NCCL INFO Channel 00/0 : 4[4] -> 5[5] [receive] via NET/IB/11/GDRDMA
a100-llm-05:4018936:4019124 [5] NCCL INFO GPU Direct RDMA Enabled for GPU/0-1036384 (rank 5) - NET/0-11 (distance 5 <= 6, read 0, mode Default)
a100-llm-05:4018936:4019110 [5] NCCL INFO New proxy recv connection 1 from local rank 0, transport 2
a100-llm-05:4018936:4019124 [5] NCCL INFO Connected to proxy localRank 0 -> connection 0x7f6824000d88
a100-llm-05:4018936:4019124 [5] NCCL INFO Channel 01/0 : 4[4] -> 5[5] [receive] via NET/IB/11/GDRDMA
a100-llm-05:4018936:4019124 [5] NCCL INFO GPU Direct RDMA Enabled for GPU/0-1036384 (rank 5) - NET/0-11 (distance 5 <= 6, read 1, mode Default)
a100-llm-05:4018936:4019110 [5] NCCL INFO New proxy send connection 2 from local rank 0, transport 2
a100-llm-05:4018936:4019124 [5] NCCL INFO Connected to proxy localRank 0 -> connection 0x7f6824000e00
a100-llm-05:4018936:4019124 [5] NCCL INFO Channel 00/0 : 5[5] -> 6[6] [send] via NET/IB/11/GDRDMA
a100-llm-05:4018936:4019124 [5] NCCL INFO GPU Direct RDMA Enabled for GPU/0-1036384 (rank 5) - NET/0-11 (distance 5 <= 6, read 1, mode Default)
a100-llm-05:4018936:4019110 [5] NCCL INFO New proxy send connection 3 from local rank 0, transport 2
a100-llm-05:4018936:4019124 [5] NCCL INFO Connected to proxy localRank 0 -> connection 0x7f6824000e78
a100-llm-05:4018936:4019124 [5] NCCL INFO Channel 01/0 : 5[5] -> 6[6] [send] via NET/IB/11/GDRDMA
a100-llm-05:4018936:4019106 [7] NCCL INFO New proxy recv connection 0 from local rank 0, transport 2
a100-llm-05:4018936:4019122 [7] NCCL INFO Connected to proxy localRank 0 -> connection 0x7f684cc593c0
a100-llm-05:4018936:4019114 [0] NCCL INFO New proxy recv connection 0 from local rank 0, transport 2
a100-llm-05:4018936:4019115 [3] NCCL INFO New proxy recv connection 0 from local rank 0, transport 2
a100-llm-05:4018936:4019126 [3] NCCL INFO Connected to proxy localRank 0 -> connection 0x7f67fc0010a0
a100-llm-05:4018936:4019129 [0] NCCL INFO Connected to proxy localRank 0 -> connection 0x7f680c000d10
a100-llm-05:4018936:4019122 [7] NCCL INFO Channel 00/0 : 6[6] -> 7[7] [receive] via NET/IB/12/GDRDMA
a100-llm-05:4018936:4019122 [7] NCCL INFO GPU Direct RDMA Enabled for GPU/0-1044576 (rank 7) - NET/0-12 (distance 5 <= 6, read 0, mode Default)
a100-llm-05:4018936:4019126 [3] NCCL INFO Channel 00/0 : 2[2] -> 3[3] [receive] via NET/IB/10/GDRDMA
a100-llm-05:4018936:4019126 [3] NCCL INFO GPU Direct RDMA Enabled for GPU/0-1028192 (rank 3) - NET/0-10 (distance 5 <= 6, read 0, mode Default)
a100-llm-05:4018936:4019108 [6] NCCL INFO New proxy recv connection 0 from local rank 0, transport 2
a100-llm-05:4018936:4019123 [6] NCCL INFO Connected to proxy localRank 0 -> connection 0x7f682c000d10
a100-llm-05:4018936:4019106 [7] NCCL INFO New proxy recv connection 1 from local rank 0, transport 2
a100-llm-05:4018936:4019122 [7] NCCL INFO Connected to proxy localRank 0 -> connection 0x7f684cc59438
a100-llm-05:4018936:4019115 [3] NCCL INFO New proxy recv connection 1 from local rank 0, transport 2
a100-llm-05:4018936:4019129 [0] NCCL INFO Channel 00/0 : 7[7] -> 0[0] [receive] via NET/IB/9/GDRDMA
a100-llm-05:4018936:4019129 [0] NCCL INFO GPU Direct RDMA Enabled for GPU/0-1019984 (rank 0) - NET/0-9 (distance 5 <= 6, read 0, mode Default)
a100-llm-05:4018936:4019117 [1] NCCL INFO New proxy recv connection 0 from local rank 0, transport 2
a100-llm-05:4018936:4019109 [4] NCCL INFO New proxy recv connection 0 from local rank 0, transport 2
a100-llm-05:4018936:4019125 [4] NCCL INFO Connected to proxy localRank 0 -> connection 0x7f6814000d10
a100-llm-05:4018936:4019122 [7] NCCL INFO Channel 01/0 : 6[6] -> 7[7] [receive] via NET/IB/12/GDRDMA
a100-llm-05:4018936:4019122 [7] NCCL INFO GPU Direct RDMA Enabled for GPU/0-1044576 (rank 7) - NET/0-12 (distance 5 <= 6, read 1, mode Default)
a100-llm-05:4018936:4019114 [0] NCCL INFO New proxy recv connection 1 from local rank 0, transport 2
a100-llm-05:4018936:4019128 [1] NCCL INFO Connected to proxy localRank 0 -> connection 0x7f6804009e10
a100-llm-05:4018936:4019128 [1] NCCL INFO Channel 00/0 : 0[0] -> 1[1] [receive] via NET/IB/9/GDRDMA
a100-llm-05:4018936:4019128 [1] NCCL INFO GPU Direct RDMA Enabled for GPU/0-1020000 (rank 1) - NET/0-9 (distance 5 <= 6, read 0, mode Default)
a100-llm-05:4018936:4019117 [1] NCCL INFO New proxy recv connection 1 from local rank 0, transport 2
a100-llm-05:4018936:4019128 [1] NCCL INFO Connected to proxy localRank 0 -> connection 0x7f6804009e88
a100-llm-05:4018936:4019128 [1] NCCL INFO Channel 01/0 : 0[0] -> 1[1] [receive] via NET/IB/9/GDRDMA
a100-llm-05:4018936:4019128 [1] NCCL INFO GPU Direct RDMA Enabled for GPU/0-1020000 (rank 1) - NET/0-9 (distance 5 <= 6, read 1, mode Default)
a100-llm-05:4018936:4019117 [1] NCCL INFO New proxy send connection 2 from local rank 0, transport 2
a100-llm-05:4018936:4019128 [1] NCCL INFO Connected to proxy localRank 0 -> connection 0x7f6804009f00
a100-llm-05:4018936:4019128 [1] NCCL INFO Channel 00/0 : 1[1] -> 2[2] [send] via NET/IB/9/GDRDMA
a100-llm-05:4018936:4019128 [1] NCCL INFO GPU Direct RDMA Enabled for GPU/0-1020000 (rank 1) - NET/0-9 (distance 5 <= 6, read 1, mode Default)
a100-llm-05:4018936:4019117 [1] NCCL INFO New proxy send connection 3 from local rank 0, transport 2
a100-llm-05:4018936:4019128 [1] NCCL INFO Connected to proxy localRank 0 -> connection 0x7f6804009f78
a100-llm-05:4018936:4019128 [1] NCCL INFO Channel 01/0 : 1[1] -> 2[2] [send] via NET/IB/9/GDRDMA
a100-llm-05:4018936:4019126 [3] NCCL INFO Connected to proxy localRank 0 -> connection 0x7f67fc001118
a100-llm-05:4018936:4019129 [0] NCCL INFO Connected to proxy localRank 0 -> connection 0x7f680c000d88
a100-llm-05:4018936:4019125 [4] NCCL INFO Channel 00/0 : 3[3] -> 4[4] [receive] via NET/IB/11/GDRDMA
a100-llm-05:4018936:4019125 [4] NCCL INFO GPU Direct RDMA Enabled for GPU/0-1036368 (rank 4) - NET/0-11 (distance 5 <= 6, read 0, mode Default)
a100-llm-05:4018936:4019106 [7] NCCL INFO New proxy send connection 2 from local rank 0, transport 2
a100-llm-05:4018936:4019122 [7] NCCL INFO Connected to proxy localRank 0 -> connection 0x7f684cc594b0
a100-llm-05:4018936:4019123 [6] NCCL INFO Channel 00/0 : 5[5] -> 6[6] [receive] via NET/IB/12/GDRDMA
a100-llm-05:4018936:4019109 [4] NCCL INFO New proxy recv connection 1 from local rank 0, transport 2
a100-llm-05:4018936:4019123 [6] NCCL INFO GPU Direct RDMA Enabled for GPU/0-1044560 (rank 6) - NET/0-12 (distance 5 <= 6, read 0, mode Default)
a100-llm-05:4018936:4019126 [3] NCCL INFO Channel 01/0 : 2[2] -> 3[3] [receive] via NET/IB/10/GDRDMA
a100-llm-05:4018936:4019126 [3] NCCL INFO GPU Direct RDMA Enabled for GPU/0-1028192 (rank 3) - NET/0-10 (distance 5 <= 6, read 1, mode Default)
a100-llm-05:4018936:4019108 [6] NCCL INFO New proxy recv connection 1 from local rank 0, transport 2
a100-llm-05:4018936:4019115 [3] NCCL INFO New proxy send connection 2 from local rank 0, transport 2
a100-llm-05:4018936:4019122 [7] NCCL INFO Channel 00/0 : 7[7] -> 0[0] [send] via NET/IB/12/GDRDMA
a100-llm-05:4018936:4019125 [4] NCCL INFO Connected to proxy localRank 0 -> connection 0x7f6814000d88
a100-llm-05:4018936:4019122 [7] NCCL INFO GPU Direct RDMA Enabled for GPU/0-1044576 (rank 7) - NET/0-12 (distance 5 <= 6, read 1, mode Default)
a100-llm-05:4018936:4019123 [6] NCCL INFO Connected to proxy localRank 0 -> connection 0x7f682c000d88
a100-llm-05:4018936:4019126 [3] NCCL INFO Connected to proxy localRank 0 -> connection 0x7f67fc001190
a100-llm-05:4018936:4019106 [7] NCCL INFO New proxy send connection 3 from local rank 0, transport 2
a100-llm-05:4018936:4019122 [7] NCCL INFO Connected to proxy localRank 0 -> connection 0x7f684cc59528
a100-llm-05:4018936:4019129 [0] NCCL INFO Channel 01/0 : 7[7] -> 0[0] [receive] via NET/IB/9/GDRDMA
a100-llm-05:4018936:4019129 [0] NCCL INFO GPU Direct RDMA Enabled for GPU/0-1019984 (rank 0) - NET/0-9 (distance 5 <= 6, read 1, mode Default)
a100-llm-05:4018936:4019122 [7] NCCL INFO Channel 01/0 : 7[7] -> 0[0] [send] via NET/IB/12/GDRDMA
a100-llm-05:4018936:4019126 [3] NCCL INFO Channel 00/0 : 3[3] -> 4[4] [send] via NET/IB/10/GDRDMA
a100-llm-05:4018936:4019126 [3] NCCL INFO GPU Direct RDMA Enabled for GPU/0-1028192 (rank 3) - NET/0-10 (distance 5 <= 6, read 1, mode Default)
a100-llm-05:4018936:4019114 [0] NCCL INFO New proxy send connection 2 from local rank 0, transport 2
a100-llm-05:4018936:4019129 [0] NCCL INFO Connected to proxy localRank 0 -> connection 0x7f680c000e00
a100-llm-05:4018936:4019123 [6] NCCL INFO Channel 01/0 : 5[5] -> 6[6] [receive] via NET/IB/12/GDRDMA
a100-llm-05:4018936:4019123 [6] NCCL INFO GPU Direct RDMA Enabled for GPU/0-1044560 (rank 6) - NET/0-12 (distance 5 <= 6, read 1, mode Default)
a100-llm-05:4018936:4019125 [4] NCCL INFO Channel 01/0 : 3[3] -> 4[4] [receive] via NET/IB/11/GDRDMA
a100-llm-05:4018936:4019125 [4] NCCL INFO GPU Direct RDMA Enabled for GPU/0-1036368 (rank 4) - NET/0-11 (distance 5 <= 6, read 1, mode Default)
a100-llm-05:4018936:4019108 [6] NCCL INFO New proxy send connection 2 from local rank 0, transport 2
a100-llm-05:4018936:4019115 [3] NCCL INFO New proxy send connection 3 from local rank 0, transport 2
a100-llm-05:4018936:4019109 [4] NCCL INFO New proxy send connection 2 from local rank 0, transport 2
a100-llm-05:4018936:4019126 [3] NCCL INFO Connected to proxy localRank 0 -> connection 0x7f67fc001208
a100-llm-05:4018936:4019129 [0] NCCL INFO Channel 00/0 : 0[0] -> 1[1] [send] via NET/IB/9/GDRDMA
a100-llm-05:4018936:4019129 [0] NCCL INFO GPU Direct RDMA Enabled for GPU/0-1019984 (rank 0) - NET/0-9 (distance 5 <= 6, read 1, mode Default)
a100-llm-05:4018936:4019114 [0] NCCL INFO New proxy send connection 3 from local rank 0, transport 2
a100-llm-05:4018936:4019129 [0] NCCL INFO Connected to proxy localRank 0 -> connection 0x7f680c000e78
a100-llm-05:4018936:4019123 [6] NCCL INFO Connected to proxy localRank 0 -> connection 0x7f682c000e00
a100-llm-05:4018936:4019125 [4] NCCL INFO Connected to proxy localRank 0 -> connection 0x7f6814000e00
a100-llm-05:4018936:4019126 [3] NCCL INFO Channel 01/0 : 3[3] -> 4[4] [send] via NET/IB/10/GDRDMA
a100-llm-05:4018936:4019129 [0] NCCL INFO Channel 01/0 : 0[0] -> 1[1] [send] via NET/IB/9/GDRDMA
a100-llm-05:4018936:4019117 [1] NCCL INFO NET/IB: NCCL Dev 9 IbDev 1 Port 1 qpn 1300 mtu 5 GID 3 (0/F34413C6FFFF0000) ctsFifoRkey=0x82221 ctsFifoLkey=0x82221
a100-llm-05:4018936:4019117 [1] NCCL INFO NET/IB: IbDev 1 Port 1 qpn 1300 query_ece={supported=1, vendor_id=0x15b3, options=0x30000000, comp_mask=0x0}
a100-llm-05:4018936:4019117 [1] NCCL INFO NET/IB: NCCL Dev 9 IbDev 2 Port 1 qpn 1044 mtu 5 GID 3 (0/173F13C6FFFF0000) ctsFifoRkey=0x45d1c ctsFifoLkey=0x45d1c
a100-llm-05:4018936:4019117 [1] NCCL INFO NET/IB: IbDev 2 Port 1 qpn 1044 query_ece={supported=1, vendor_id=0x15b3, options=0x30000000, comp_mask=0x0}
a100-llm-05:4018936:4019125 [4] NCCL INFO Channel 00/0 : 4[4] -> 5[5] [send] via NET/IB/11/GDRDMA
a100-llm-05:4018936:4019125 [4] NCCL INFO GPU Direct RDMA Enabled for GPU/0-1036368 (rank 4) - NET/0-11 (distance 5 <= 6, read 1, mode Default)
a100-llm-05:4018936:4019109 [4] NCCL INFO New proxy send connection 3 from local rank 0, transport 2
a100-llm-05:4018936:4019125 [4] NCCL INFO Connected to proxy localRank 0 -> connection 0x7f6814000e78
a100-llm-05:4018936:4019117 [1] NCCL INFO NET/IB: IbDev 1 Port 1 qpn 1300 set_ece={supported=1, vendor_id=0x15b3, options=0x30000000, comp_mask=0x0}
a100-llm-05:4018936:4019117 [1] NCCL INFO NET/IB: IbDev 2 Port 1 qpn 1044 set_ece={supported=1, vendor_id=0x15b3, options=0x30000000, comp_mask=0x0}
a100-llm-05:4018936:4019123 [6] NCCL INFO Channel 00/0 : 6[6] -> 7[7] [send] via NET/IB/12/GDRDMA
a100-llm-05:4018936:4019123 [6] NCCL INFO GPU Direct RDMA Enabled for GPU/0-1044560 (rank 6) - NET/0-12 (distance 5 <= 6, read 1, mode Default)
a100-llm-05:4018936:4019117 [1] NCCL INFO NET/IB: NCCL Dev 9 IbDev 1 Port 1 qpn 1302 mtu 5 GID 3 (0/F34413C6FFFF0000) ctsFifoRkey=0x80b0a ctsFifoLkey=0x80b0a
a100-llm-05:4018936:4019117 [1] NCCL INFO NET/IB: IbDev 1 Port 1 qpn 1302 query_ece={supported=1, vendor_id=0x15b3, options=0x30000000, comp_mask=0x0}
a100-llm-05:4018936:4019117 [1] NCCL INFO NET/IB: NCCL Dev 9 IbDev 2 Port 1 qpn 1045 mtu 5 GID 3 (0/173F13C6FFFF0000) ctsFifoRkey=0x44403 ctsFifoLkey=0x44403
a100-llm-05:4018936:4019117 [1] NCCL INFO NET/IB: IbDev 2 Port 1 qpn 1045 query_ece={supported=1, vendor_id=0x15b3, options=0x30000000, comp_mask=0x0}
a100-llm-05:4018936:4019114 [0] NCCL INFO NET/IB: NCCL Dev 9 IbDev 1 Port 1 qpn 1301 mtu 5 GID 3 (0/F34413C6FFFF0000) ctsFifoRkey=0x81616 ctsFifoLkey=0x81616
a100-llm-05:4018936:4019114 [0] NCCL INFO NET/IB: IbDev 1 Port 1 qpn 1301 query_ece={supported=1, vendor_id=0x15b3, options=0x30000000, comp_mask=0x0}
a100-llm-05:4018936:4019114 [0] NCCL INFO NET/IB: NCCL Dev 9 IbDev 2 Port 1 qpn 1046 mtu 5 GID 3 (0/173F13C6FFFF0000) ctsFifoRkey=0x438f7 ctsFifoLkey=0x438f7
a100-llm-05:4018936:4019114 [0] NCCL INFO NET/IB: IbDev 2 Port 1 qpn 1046 query_ece={supported=1, vendor_id=0x15b3, options=0x30000000, comp_mask=0x0}
a100-llm-05:4018936:4019117 [1] NCCL INFO NET/IB: IbDev 1 Port 1 qpn 1302 set_ece={supported=1, vendor_id=0x15b3, options=0x30000000, comp_mask=0x0}
a100-llm-05:4018936:4019117 [1] NCCL INFO NET/IB: IbDev 2 Port 1 qpn 1045 set_ece={supported=1, vendor_id=0x15b3, options=0x30000000, comp_mask=0x0}
a100-llm-05:4018936:4019114 [0] NCCL INFO NET/IB: NCCL Dev 9 IbDev 1 Port 1 qpn 1303 mtu 5 GID 3 (0/F34413C6FFFF0000) ctsFifoRkey=0x7e6e5 ctsFifoLkey=0x7e6e5
a100-llm-05:4018936:4019114 [0] NCCL INFO NET/IB: IbDev 1 Port 1 qpn 1303 query_ece={supported=1, vendor_id=0x15b3, options=0x30000000, comp_mask=0x0}
a100-llm-05:4018936:4019125 [4] NCCL INFO Channel 01/0 : 4[4] -> 5[5] [send] via NET/IB/11/GDRDMA
a100-llm-05:4018936:4019114 [0] NCCL INFO NET/IB: NCCL Dev 9 IbDev 2 Port 1 qpn 1048 mtu 5 GID 3 (0/173F13C6FFFF0000) ctsFifoRkey=0x420de ctsFifoLkey=0x420de
a100-llm-05:4018936:4019114 [0] NCCL INFO NET/IB: IbDev 2 Port 1 qpn 1048 query_ece={supported=1, vendor_id=0x15b3, options=0x30000000, comp_mask=0x0}
a100-llm-05:4018936:4019114 [0] NCCL INFO NET/IB: IbDev 1 Port 1 qpn 1301 set_ece={supported=1, vendor_id=0x15b3, options=0x30000000, comp_mask=0x0}
a100-llm-05:4018936:4019114 [0] NCCL INFO NET/IB: IbDev 2 Port 1 qpn 1046 set_ece={supported=1, vendor_id=0x15b3, options=0x30000000, comp_mask=0x0}
a100-llm-05:4018936:4019108 [6] NCCL INFO New proxy send connection 3 from local rank 0, transport 2
a100-llm-05:4018936:4019123 [6] NCCL INFO Connected to proxy localRank 0 -> connection 0x7f682c000e78
a100-llm-05:4018936:4019114 [0] NCCL INFO NET/IB: IbDev 1 Port 1 qpn 1303 set_ece={supported=1, vendor_id=0x15b3, options=0x30000000, comp_mask=0x0}
a100-llm-05:4018936:4019114 [0] NCCL INFO NET/IB: IbDev 2 Port 1 qpn 1048 set_ece={supported=1, vendor_id=0x15b3, options=0x30000000, comp_mask=0x0}
a100-llm-05:4018936:4019123 [6] NCCL INFO Channel 01/0 : 6[6] -> 7[7] [send] via NET/IB/12/GDRDMA
a100-llm-05:4018936:4019110 [5] NCCL INFO NET/IB: NCCL Dev 11 IbDev 5 Port 1 qpn 1300 mtu 5 GID 3 (0/520113C6FFFF0000) ctsFifoRkey=0x83437 ctsFifoLkey=0x83437
a100-llm-05:4018936:4019110 [5] NCCL INFO NET/IB: IbDev 5 Port 1 qpn 1300 query_ece={supported=1, vendor_id=0x15b3, options=0x30000000, comp_mask=0x0}
a100-llm-05:4018936:4019110 [5] NCCL INFO NET/IB: NCCL Dev 11 IbDev 6 Port 1 qpn 1044 mtu 5 GID 3 (0/B90713C6FFFF0000) ctsFifoRkey=0x46c2b ctsFifoLkey=0x46c2b
a100-llm-05:4018936:4019110 [5] NCCL INFO NET/IB: IbDev 6 Port 1 qpn 1044 query_ece={supported=1, vendor_id=0x15b3, options=0x30000000, comp_mask=0x0}
a100-llm-05:4018936:4019109 [4] NCCL INFO NET/IB: NCCL Dev 11 IbDev 5 Port 1 qpn 1301 mtu 5 GID 3 (0/520113C6FFFF0000) ctsFifoRkey=0x82c2b ctsFifoLkey=0x82c2b
a100-llm-05:4018936:4019109 [4] NCCL INFO NET/IB: IbDev 5 Port 1 qpn 1301 query_ece={supported=1, vendor_id=0x15b3, options=0x30000000, comp_mask=0x0}
a100-llm-05:4018936:4019109 [4] NCCL INFO NET/IB: NCCL Dev 11 IbDev 6 Port 1 qpn 1045 mtu 5 GID 3 (0/B90713C6FFFF0000) ctsFifoRkey=0x4601e ctsFifoLkey=0x4601e
a100-llm-05:4018936:4019109 [4] NCCL INFO NET/IB: IbDev 6 Port 1 qpn 1045 query_ece={supported=1, vendor_id=0x15b3, options=0x30000000, comp_mask=0x0}
a100-llm-05:4018936:4019109 [4] NCCL INFO NET/IB: NCCL Dev 11 IbDev 5 Port 1 qpn 1302 mtu 5 GID 3 (0/520113C6FFFF0000) ctsFifoRkey=0x81413 ctsFifoLkey=0x81413
a100-llm-05:4018936:4019109 [4] NCCL INFO NET/IB: IbDev 5 Port 1 qpn 1302 query_ece={supported=1, vendor_id=0x15b3, options=0x30000000, comp_mask=0x0}
a100-llm-05:4018936:4019109 [4] NCCL INFO NET/IB: NCCL Dev 11 IbDev 6 Port 1 qpn 1046 mtu 5 GID 3 (0/B90713C6FFFF0000) ctsFifoRkey=0x44605 ctsFifoLkey=0x44605
a100-llm-05:4018936:4019109 [4] NCCL INFO NET/IB: IbDev 6 Port 1 qpn 1046 query_ece={supported=1, vendor_id=0x15b3, options=0x30000000, comp_mask=0x0}
a100-llm-05:4018936:4019109 [4] NCCL INFO NET/IB: IbDev 5 Port 1 qpn 1301 set_ece={supported=1, vendor_id=0x15b3, options=0x30000000, comp_mask=0x0}
a100-llm-05:4018936:4019109 [4] NCCL INFO NET/IB: IbDev 6 Port 1 qpn 1045 set_ece={supported=1, vendor_id=0x15b3, options=0x30000000, comp_mask=0x0}
a100-llm-05:4018936:4019109 [4] NCCL INFO NET/IB: IbDev 5 Port 1 qpn 1302 set_ece={supported=1, vendor_id=0x15b3, options=0x30000000, comp_mask=0x0}
a100-llm-05:4018936:4019109 [4] NCCL INFO NET/IB: IbDev 6 Port 1 qpn 1046 set_ece={supported=1, vendor_id=0x15b3, options=0x30000000, comp_mask=0x0}
a100-llm-05:4018936:4019106 [7] NCCL INFO NET/IB: NCCL Dev 12 IbDev 7 Port 1 qpn 1301 mtu 5 GID 3 (0/4E5A13C6FFFF0000) ctsFifoRkey=0x75756 ctsFifoLkey=0x75756
a100-llm-05:4018936:4019106 [7] NCCL INFO NET/IB: IbDev 7 Port 1 qpn 1301 query_ece={supported=1, vendor_id=0x15b3, options=0x30000000, comp_mask=0x0}
a100-llm-05:4018936:4019106 [7] NCCL INFO NET/IB: NCCL Dev 12 IbDev 8 Port 1 qpn 1045 mtu 5 GID 3 (0/57B013C6FFFF0000) ctsFifoRkey=0x39554 ctsFifoLkey=0x39554
a100-llm-05:4018936:4019106 [7] NCCL INFO NET/IB: IbDev 8 Port 1 qpn 1045 query_ece={supported=1, vendor_id=0x15b3, options=0x30000000, comp_mask=0x0}
a100-llm-05:4018936:4019110 [5] NCCL INFO NET/IB: IbDev 5 Port 1 qpn 1300 set_ece={supported=1, vendor_id=0x15b3, options=0x30000000, comp_mask=0x0}
a100-llm-05:4018936:4019110 [5] NCCL INFO NET/IB: IbDev 6 Port 1 qpn 1044 set_ece={supported=1, vendor_id=0x15b3, options=0x30000000, comp_mask=0x0}
a100-llm-05:4018936:4019106 [7] NCCL INFO NET/IB: NCCL Dev 12 IbDev 7 Port 1 qpn 1303 mtu 5 GID 3 (0/4E5A13C6FFFF0000) ctsFifoRkey=0x7d9d7 ctsFifoLkey=0x7d9d7
a100-llm-05:4018936:4019106 [7] NCCL INFO NET/IB: IbDev 7 Port 1 qpn 1303 query_ece={supported=1, vendor_id=0x15b3, options=0x30000000, comp_mask=0x0}
a100-llm-05:4018936:4019106 [7] NCCL INFO NET/IB: NCCL Dev 12 IbDev 8 Port 1 qpn 1047 mtu 5 GID 3 (0/57B013C6FFFF0000) ctsFifoRkey=0x414d3 ctsFifoLkey=0x414d3
a100-llm-05:4018936:4019106 [7] NCCL INFO NET/IB: IbDev 8 Port 1 qpn 1047 query_ece={supported=1, vendor_id=0x15b3, options=0x30000000, comp_mask=0x0}
a100-llm-05:4018936:4019108 [6] NCCL INFO NET/IB: NCCL Dev 12 IbDev 7 Port 1 qpn 1304 mtu 5 GID 3 (0/4E5A13C6FFFF0000) ctsFifoRkey=0x7b2b0 ctsFifoLkey=0x7b2b0
a100-llm-05:4018936:4019108 [6] NCCL INFO NET/IB: IbDev 7 Port 1 qpn 1304 query_ece={supported=1, vendor_id=0x15b3, options=0x30000000, comp_mask=0x0}
a100-llm-05:4018936:4019108 [6] NCCL INFO NET/IB: NCCL Dev 12 IbDev 8 Port 1 qpn 1048 mtu 5 GID 3 (0/57B013C6FFFF0000) ctsFifoRkey=0x3f0b0 ctsFifoLkey=0x3f0b0
a100-llm-05:4018936:4019108 [6] NCCL INFO NET/IB: IbDev 8 Port 1 qpn 1048 query_ece={supported=1, vendor_id=0x15b3, options=0x30000000, comp_mask=0x0}
a100-llm-05:4018936:4019108 [6] NCCL INFO NET/IB: NCCL Dev 12 IbDev 7 Port 1 qpn 1305 mtu 5 GID 3 (0/4E5A13C6FFFF0000) ctsFifoRkey=0x7bebd ctsFifoLkey=0x7bebd
a100-llm-05:4018936:4019108 [6] NCCL INFO NET/IB: IbDev 7 Port 1 qpn 1305 query_ece={supported=1, vendor_id=0x15b3, options=0x30000000, comp_mask=0x0}
a100-llm-05:4018936:4019108 [6] NCCL INFO NET/IB: NCCL Dev 12 IbDev 8 Port 1 qpn 1049 mtu 5 GID 3 (0/57B013C6FFFF0000) ctsFifoRkey=0x3fcbb ctsFifoLkey=0x3fcbb
a100-llm-05:4018936:4019108 [6] NCCL INFO NET/IB: IbDev 8 Port 1 qpn 1049 query_ece={supported=1, vendor_id=0x15b3, options=0x30000000, comp_mask=0x0}
a100-llm-05:4018936:4019116 [2] NCCL INFO NET/IB: NCCL Dev 10 IbDev 3 Port 1 qpn 1304 mtu 5 GID 3 (0/220D13C6FFFF0000) ctsFifoRkey=0x7e9e9 ctsFifoLkey=0x7e9e9
a100-llm-05:4018936:4019116 [2] NCCL INFO NET/IB: IbDev 3 Port 1 qpn 1304 query_ece={supported=1, vendor_id=0x15b3, options=0x30000000, comp_mask=0x0}
a100-llm-05:4018936:4019116 [2] NCCL INFO NET/IB: NCCL Dev 10 IbDev 4 Port 1 qpn 1048 mtu 5 GID 3 (0/422613C6FFFF0000) ctsFifoRkey=0x45211 ctsFifoLkey=0x45211
a100-llm-05:4018936:4019116 [2] NCCL INFO NET/IB: IbDev 4 Port 1 qpn 1048 query_ece={supported=1, vendor_id=0x15b3, options=0x30000000, comp_mask=0x0}
a100-llm-05:4018936:4019110 [5] NCCL INFO NET/IB: NCCL Dev 11 IbDev 5 Port 1 qpn 1307 mtu 5 GID 3 (0/520113C6FFFF0000) ctsFifoRkey=0x88181 ctsFifoLkey=0x88181
a100-llm-05:4018936:4019110 [5] NCCL INFO NET/IB: IbDev 5 Port 1 qpn 1307 query_ece={supported=1, vendor_id=0x15b3, options=0x30000000, comp_mask=0x0}
a100-llm-05:4018936:4019110 [5] NCCL INFO NET/IB: NCCL Dev 11 IbDev 6 Port 1 qpn 1051 mtu 5 GID 3 (0/B90713C6FFFF0000) ctsFifoRkey=0x4ac72 ctsFifoLkey=0x4ac72
a100-llm-05:4018936:4019110 [5] NCCL INFO NET/IB: IbDev 6 Port 1 qpn 1051 query_ece={supported=1, vendor_id=0x15b3, options=0x30000000, comp_mask=0x0}
a100-llm-05:4018936:4019115 [3] NCCL INFO NET/IB: NCCL Dev 10 IbDev 3 Port 1 qpn 1305 mtu 5 GID 3 (0/220D13C6FFFF0000) ctsFifoRkey=0x7d0cf ctsFifoLkey=0x7d0cf
a100-llm-05:4018936:4019115 [3] NCCL INFO NET/IB: IbDev 3 Port 1 qpn 1305 query_ece={supported=1, vendor_id=0x15b3, options=0x30000000, comp_mask=0x0}
a100-llm-05:4018936:4019115 [3] NCCL INFO NET/IB: NCCL Dev 10 IbDev 4 Port 1 qpn 1049 mtu 5 GID 3 (0/422613C6FFFF0000) ctsFifoRkey=0x43af9 ctsFifoLkey=0x43af9
a100-llm-05:4018936:4019115 [3] NCCL INFO NET/IB: IbDev 4 Port 1 qpn 1049 query_ece={supported=1, vendor_id=0x15b3, options=0x30000000, comp_mask=0x0}
a100-llm-05:4018936:4019106 [7] NCCL INFO NET/IB: IbDev 7 Port 1 qpn 1301 set_ece={supported=1, vendor_id=0x15b3, options=0x30000000, comp_mask=0x0}
a100-llm-05:4018936:4019116 [2] NCCL INFO NET/IB: NCCL Dev 10 IbDev 3 Port 1 qpn 1306 mtu 5 GID 3 (0/220D13C6FFFF0000) ctsFifoRkey=0x86c6b ctsFifoLkey=0x86c6b
a100-llm-05:4018936:4019116 [2] NCCL INFO NET/IB: IbDev 3 Port 1 qpn 1306 query_ece={supported=1, vendor_id=0x15b3, options=0x30000000, comp_mask=0x0}
a100-llm-05:4018936:4019106 [7] NCCL INFO NET/IB: IbDev 8 Port 1 qpn 1045 set_ece={supported=1, vendor_id=0x15b3, options=0x30000000, comp_mask=0x0}
a100-llm-05:4018936:4019116 [2] NCCL INFO NET/IB: NCCL Dev 10 IbDev 4 Port 1 qpn 1050 mtu 5 GID 3 (0/422613C6FFFF0000) ctsFifoRkey=0x4db9a ctsFifoLkey=0x4db9a
a100-llm-05:4018936:4019116 [2] NCCL INFO NET/IB: IbDev 4 Port 1 qpn 1050 query_ece={supported=1, vendor_id=0x15b3, options=0x30000000, comp_mask=0x0}
a100-llm-05:4018936:4019115 [3] NCCL INFO NET/IB: NCCL Dev 10 IbDev 3 Port 1 qpn 1307 mtu 5 GID 3 (0/220D13C6FFFF0000) ctsFifoRkey=0x82524 ctsFifoLkey=0x82524
a100-llm-05:4018936:4019115 [3] NCCL INFO NET/IB: IbDev 3 Port 1 qpn 1307 query_ece={supported=1, vendor_id=0x15b3, options=0x30000000, comp_mask=0x0}
a100-llm-05:4018936:4019115 [3] NCCL INFO NET/IB: NCCL Dev 10 IbDev 4 Port 1 qpn 1051 mtu 5 GID 3 (0/422613C6FFFF0000) ctsFifoRkey=0x4904f ctsFifoLkey=0x4904f
a100-llm-05:4018936:4019115 [3] NCCL INFO NET/IB: IbDev 4 Port 1 qpn 1051 query_ece={supported=1, vendor_id=0x15b3, options=0x30000000, comp_mask=0x0}
a100-llm-05:4018936:4019108 [6] NCCL INFO NET/IB: IbDev 7 Port 1 qpn 1304 set_ece={supported=1, vendor_id=0x15b3, options=0x30000000, comp_mask=0x0}
a100-llm-05:4018936:4019108 [6] NCCL INFO NET/IB: IbDev 8 Port 1 qpn 1048 set_ece={supported=1, vendor_id=0x15b3, options=0x30000000, comp_mask=0x0}
a100-llm-05:4018936:4019108 [6] NCCL INFO NET/IB: IbDev 7 Port 1 qpn 1305 set_ece={supported=1, vendor_id=0x15b3, options=0x30000000, comp_mask=0x0}
a100-llm-05:4018936:4019106 [7] NCCL INFO NET/IB: IbDev 7 Port 1 qpn 1303 set_ece={supported=1, vendor_id=0x15b3, options=0x30000000, comp_mask=0x0}
a100-llm-05:4018936:4019108 [6] NCCL INFO NET/IB: IbDev 8 Port 1 qpn 1049 set_ece={supported=1, vendor_id=0x15b3, options=0x30000000, comp_mask=0x0}
a100-llm-05:4018936:4019106 [7] NCCL INFO NET/IB: IbDev 8 Port 1 qpn 1047 set_ece={supported=1, vendor_id=0x15b3, options=0x30000000, comp_mask=0x0}
a100-llm-05:4018936:4019115 [3] NCCL INFO NET/IB: IbDev 3 Port 1 qpn 1305 set_ece={supported=1, vendor_id=0x15b3, options=0x30000000, comp_mask=0x0}
a100-llm-05:4018936:4019115 [3] NCCL INFO NET/IB: IbDev 4 Port 1 qpn 1049 set_ece={supported=1, vendor_id=0x15b3, options=0x30000000, comp_mask=0x0}
a100-llm-05:4018936:4019116 [2] NCCL INFO NET/IB: IbDev 3 Port 1 qpn 1304 set_ece={supported=1, vendor_id=0x15b3, options=0x30000000, comp_mask=0x0}
a100-llm-05:4018936:4019110 [5] NCCL INFO NET/IB: IbDev 5 Port 1 qpn 1307 set_ece={supported=1, vendor_id=0x15b3, options=0x30000000, comp_mask=0x0}
a100-llm-05:4018936:4019116 [2] NCCL INFO NET/IB: IbDev 4 Port 1 qpn 1048 set_ece={supported=1, vendor_id=0x15b3, options=0x30000000, comp_mask=0x0}
a100-llm-05:4018936:4019110 [5] NCCL INFO NET/IB: IbDev 6 Port 1 qpn 1051 set_ece={supported=1, vendor_id=0x15b3, options=0x30000000, comp_mask=0x0}
a100-llm-05:4018936:4019116 [2] NCCL INFO NET/IB: IbDev 3 Port 1 qpn 1306 set_ece={supported=1, vendor_id=0x15b3, options=0x30000000, comp_mask=0x0}
a100-llm-05:4018936:4019115 [3] NCCL INFO NET/IB: IbDev 3 Port 1 qpn 1307 set_ece={supported=1, vendor_id=0x15b3, options=0x30000000, comp_mask=0x0}
a100-llm-05:4018936:4019116 [2] NCCL INFO NET/IB: IbDev 4 Port 1 qpn 1050 set_ece={supported=1, vendor_id=0x15b3, options=0x30000000, comp_mask=0x0}
a100-llm-05:4018936:4019115 [3] NCCL INFO NET/IB: IbDev 4 Port 1 qpn 1051 set_ece={supported=1, vendor_id=0x15b3, options=0x30000000, comp_mask=0x0}
[AIMD] FinalizeChunkRTT: cc=0x7f68240c7180 slot=0 inflight_before=1
warmup done.
[AIMD] FinalizeChunkRTT: cc=0x7f6820001000 slot=728 inflight_before=5
[AIMD] FinalizeChunkRTT: cc=0x7f680c0659a0 slot=740 inflight_before=1
[AIMD] FinalizeChunkRTT: cc=0x7f680c0659a0 slot=402 inflight_before=1
a100-llm-05:4018936:4019096 [0] NCCL INFO V2MIN: pressure=1.000 (fast=0.098 slow=0.003 dev=0.0957) state=SHRINK window=204 floor=204 high=3057 low=0 ncc=16
[AIMD] FinalizeChunkRTT: cc=0x7f680c0659a0 slot=78 inflight_before=1
[AIMD] FinalizeChunkRTT: cc=0x7f6830001000 slot=792 inflight_before=1
[AIMD] FinalizeChunkRTT: cc=0x7f6820001000 slot=482 inflight_before=7
[AIMD] FinalizeChunkRTT: cc=0x7f6820001000 slot=188 inflight_before=5
[AIMD] FinalizeChunkRTT: cc=0x7f681c001000 slot=678 inflight_before=7
a100-llm-05:4018936:4019096 [0] NCCL INFO V2MIN: pressure=1.000 (fast=0.252 slow=0.003 dev=0.2497) state=SHRINK window=204 floor=204 high=7776 low=0 ncc=16
[AIMD] FinalizeChunkRTT: cc=0x7f6828001000 slot=197 inflight_before=3
[AIMD] FinalizeChunkRTT: cc=0x7f6814037420 slot=827 inflight_before=1
[AIMD] FinalizeChunkRTT: cc=0x7f6820001000 slot=306 inflight_before=7
[AIMD] FinalizeChunkRTT: cc=0x7f68240c7180 slot=740 inflight_before=1
[AIMD] FinalizeChunkRTT: cc=0x7f68240c7180 slot=263 inflight_before=5
a100-llm-05:4018936:4019096 [0] NCCL INFO V2MIN: pressure=1.000 (fast=0.105 slow=0.003 dev=0.1029) state=SHRINK window=204 floor=204 high=12500 low=0 ncc=16
[AIMD] FinalizeChunkRTT: cc=0x7f6810065400 slot=79 inflight_before=3
[AIMD] FinalizeChunkRTT: cc=0x7f6830001000 slot=806 inflight_before=1
[AIMD] FinalizeChunkRTT: cc=0x7f6828001000 slot=272 inflight_before=3
[AIMD] FinalizeChunkRTT: cc=0x7f6814037420 slot=858 inflight_before=1
[AIMD] FinalizeChunkRTT: cc=0x7f6810065400 slot=425 inflight_before=2
a100-llm-05:4018936:4019096 [0] NCCL INFO V2MIN: pressure=1.000 (fast=0.231 slow=0.003 dev=0.2287) state=SHRINK window=204 floor=204 high=17221 low=0 ncc=16
[AIMD] FinalizeChunkRTT: cc=0x7f6810065400 slot=985 inflight_before=3
CSV written to: det_v3_sweep_run7/bench_latency_20260416_211641.csv

========================================
  Oracle Experiment Results
========================================
Config: nDev=8  count=1048576  data=4.19 MB  iters=1000
NCCL_AIMD_ENABLE=1  NCCL_CC_ORACLE_FACTOR=(unset)

Wall-clock latency (us):
  mean= 18724.6  stddev= 12214.2
  p50 = 19927.9  p99   = 61923.4  max= 81967.6

Collective max GPU latency (us):
  mean= 18468.9  stddev= 12110.2
  p50 = 19899.9  p99   = 61904.8  max= 81954.8

Rank skew (us):
  mean=   436.9  stddev=  1494.7
  p50 =   155.6  p99   =  6776.2  max= 22026.2

Avg algo bandwidth: 0.39 GB/s
========================================

