a100-llm-05:3840922:3841073 [3] NCCL INFO Connected to proxy localRank 0 -> connection 0x7f2be8001118
a100-llm-05:3840922:3841073 [3] NCCL INFO Channel 01/0 : 2[2] -> 3[3] [receive] via NET/IB/10/GDRDMA
a100-llm-05:3840922:3841073 [3] NCCL INFO GPU Direct RDMA Enabled for GPU/0-1028192 (rank 3) - NET/0-10 (distance 5 <= 6, read 1, mode Default)
a100-llm-05:3840922:3841065 [3] NCCL INFO New proxy send connection 2 from local rank 0, transport 2
a100-llm-05:3840922:3841073 [3] NCCL INFO Connected to proxy localRank 0 -> connection 0x7f2be8001190
a100-llm-05:3840922:3841056 [0] NCCL INFO New proxy recv connection 0 from local rank 0, transport 2
a100-llm-05:3840922:3841076 [0] NCCL INFO Connected to proxy localRank 0 -> connection 0x7f2c0c000d10
a100-llm-05:3840922:3841073 [3] NCCL INFO Channel 00/0 : 3[3] -> 4[4] [send] via NET/IB/10/GDRDMA
a100-llm-05:3840922:3841073 [3] NCCL INFO GPU Direct RDMA Enabled for GPU/0-1028192 (rank 3) - NET/0-10 (distance 5 <= 6, read 1, mode Default)
a100-llm-05:3840922:3841065 [3] NCCL INFO New proxy send connection 3 from local rank 0, transport 2
a100-llm-05:3840922:3841073 [3] NCCL INFO Connected to proxy localRank 0 -> connection 0x7f2be8001208
a100-llm-05:3840922:3841073 [3] NCCL INFO Channel 01/0 : 3[3] -> 4[4] [send] via NET/IB/10/GDRDMA
a100-llm-05:3840922:3841076 [0] NCCL INFO Channel 00/0 : 7[7] -> 0[0] [receive] via NET/IB/9/GDRDMA
a100-llm-05:3840922:3841076 [0] NCCL INFO GPU Direct RDMA Enabled for GPU/0-1019984 (rank 0) - NET/0-9 (distance 5 <= 6, read 0, mode Default)
a100-llm-05:3840922:3841056 [0] NCCL INFO New proxy recv connection 1 from local rank 0, transport 2
a100-llm-05:3840922:3841076 [0] NCCL INFO Connected to proxy localRank 0 -> connection 0x7f2c0c000d88
a100-llm-05:3840922:3841076 [0] NCCL INFO Channel 01/0 : 7[7] -> 0[0] [receive] via NET/IB/9/GDRDMA
a100-llm-05:3840922:3841076 [0] NCCL INFO GPU Direct RDMA Enabled for GPU/0-1019984 (rank 0) - NET/0-9 (distance 5 <= 6, read 1, mode Default)
a100-llm-05:3840922:3841056 [0] NCCL INFO New proxy send connection 2 from local rank 0, transport 2
a100-llm-05:3840922:3841076 [0] NCCL INFO Connected to proxy localRank 0 -> connection 0x7f2c0c000e00
a100-llm-05:3840922:3841076 [0] NCCL INFO Channel 00/0 : 0[0] -> 1[1] [send] via NET/IB/9/GDRDMA
a100-llm-05:3840922:3841076 [0] NCCL INFO GPU Direct RDMA Enabled for GPU/0-1019984 (rank 0) - NET/0-9 (distance 5 <= 6, read 1, mode Default)
a100-llm-05:3840922:3841056 [0] NCCL INFO New proxy send connection 3 from local rank 0, transport 2
a100-llm-05:3840922:3841076 [0] NCCL INFO Connected to proxy localRank 0 -> connection 0x7f2c0c000e78
a100-llm-05:3840922:3841076 [0] NCCL INFO Channel 01/0 : 0[0] -> 1[1] [send] via NET/IB/9/GDRDMA
a100-llm-05:3840922:3841059 [5] NCCL INFO New proxy recv connection 0 from local rank 0, transport 2
a100-llm-05:3840922:3841053 [7] NCCL INFO New proxy recv connection 0 from local rank 0, transport 2
a100-llm-05:3840922:3841055 [1] NCCL INFO New proxy recv connection 0 from local rank 0, transport 2
a100-llm-05:3840922:3841071 [5] NCCL INFO Connected to proxy localRank 0 -> connection 0x7f2c00000d10
a100-llm-05:3840922:3841069 [7] NCCL INFO Connected to proxy localRank 0 -> connection 0x7f2c4c000d10
a100-llm-05:3840922:3841058 [4] NCCL INFO New proxy recv connection 0 from local rank 0, transport 2
a100-llm-05:3840922:3841062 [6] NCCL INFO New proxy recv connection 0 from local rank 0, transport 2
a100-llm-05:3840922:3841075 [1] NCCL INFO Connected to proxy localRank 0 -> connection 0x7f2c1c000d10
a100-llm-05:3840922:3841072 [4] NCCL INFO Connected to proxy localRank 0 -> connection 0x7f2bfc000d10
a100-llm-05:3840922:3841070 [6] NCCL INFO Connected to proxy localRank 0 -> connection 0x7f2bf00010a0
a100-llm-05:3840922:3841070 [6] NCCL INFO Channel 00/0 : 5[5] -> 6[6] [receive] via NET/IB/12/GDRDMA
a100-llm-05:3840922:3841070 [6] NCCL INFO GPU Direct RDMA Enabled for GPU/0-1044560 (rank 6) - NET/0-12 (distance 5 <= 6, read 0, mode Default)
a100-llm-05:3840922:3841062 [6] NCCL INFO New proxy recv connection 1 from local rank 0, transport 2
a100-llm-05:3840922:3841075 [1] NCCL INFO Channel 00/0 : 0[0] -> 1[1] [receive] via NET/IB/9/GDRDMA
a100-llm-05:3840922:3841075 [1] NCCL INFO GPU Direct RDMA Enabled for GPU/0-1020000 (rank 1) - NET/0-9 (distance 5 <= 6, read 0, mode Default)
a100-llm-05:3840922:3841055 [1] NCCL INFO New proxy recv connection 1 from local rank 0, transport 2
a100-llm-05:3840922:3841075 [1] NCCL INFO Connected to proxy localRank 0 -> connection 0x7f2c1c000d88
a100-llm-05:3840922:3841075 [1] NCCL INFO Channel 01/0 : 0[0] -> 1[1] [receive] via NET/IB/9/GDRDMA
a100-llm-05:3840922:3841075 [1] NCCL INFO GPU Direct RDMA Enabled for GPU/0-1020000 (rank 1) - NET/0-9 (distance 5 <= 6, read 1, mode Default)
a100-llm-05:3840922:3841055 [1] NCCL INFO New proxy send connection 2 from local rank 0, transport 2
a100-llm-05:3840922:3841075 [1] NCCL INFO Connected to proxy localRank 0 -> connection 0x7f2c1c000e00
a100-llm-05:3840922:3841075 [1] NCCL INFO Channel 00/0 : 1[1] -> 2[2] [send] via NET/IB/9/GDRDMA
a100-llm-05:3840922:3841075 [1] NCCL INFO GPU Direct RDMA Enabled for GPU/0-1020000 (rank 1) - NET/0-9 (distance 5 <= 6, read 1, mode Default)
a100-llm-05:3840922:3841055 [1] NCCL INFO New proxy send connection 3 from local rank 0, transport 2
a100-llm-05:3840922:3841075 [1] NCCL INFO Connected to proxy localRank 0 -> connection 0x7f2c1c000e78
a100-llm-05:3840922:3841075 [1] NCCL INFO Channel 01/0 : 1[1] -> 2[2] [send] via NET/IB/9/GDRDMA
a100-llm-05:3840922:3841070 [6] NCCL INFO Connected to proxy localRank 0 -> connection 0x7f2bf0001118
a100-llm-05:3840922:3841070 [6] NCCL INFO Channel 01/0 : 5[5] -> 6[6] [receive] via NET/IB/12/GDRDMA
a100-llm-05:3840922:3841070 [6] NCCL INFO GPU Direct RDMA Enabled for GPU/0-1044560 (rank 6) - NET/0-12 (distance 5 <= 6, read 1, mode Default)
a100-llm-05:3840922:3841064 [2] NCCL INFO New proxy recv connection 0 from local rank 0, transport 2
a100-llm-05:3840922:3841074 [2] NCCL INFO Connected to proxy localRank 0 -> connection 0x7f2be40010a0
a100-llm-05:3840922:3841071 [5] NCCL INFO Channel 00/0 : 4[4] -> 5[5] [receive] via NET/IB/11/GDRDMA
a100-llm-05:3840922:3841071 [5] NCCL INFO GPU Direct RDMA Enabled for GPU/0-1036384 (rank 5) - NET/0-11 (distance 5 <= 6, read 0, mode Default)
a100-llm-05:3840922:3841062 [6] NCCL INFO New proxy send connection 2 from local rank 0, transport 2
a100-llm-05:3840922:3841070 [6] NCCL INFO Connected to proxy localRank 0 -> connection 0x7f2bf0001190
a100-llm-05:3840922:3841070 [6] NCCL INFO Channel 00/0 : 6[6] -> 7[7] [send] via NET/IB/12/GDRDMA
a100-llm-05:3840922:3841070 [6] NCCL INFO GPU Direct RDMA Enabled for GPU/0-1044560 (rank 6) - NET/0-12 (distance 5 <= 6, read 1, mode Default)
a100-llm-05:3840922:3841062 [6] NCCL INFO New proxy send connection 3 from local rank 0, transport 2
a100-llm-05:3840922:3841070 [6] NCCL INFO Connected to proxy localRank 0 -> connection 0x7f2bf0001208
a100-llm-05:3840922:3841069 [7] NCCL INFO Channel 00/0 : 6[6] -> 7[7] [receive] via NET/IB/12/GDRDMA
a100-llm-05:3840922:3841069 [7] NCCL INFO GPU Direct RDMA Enabled for GPU/0-1044576 (rank 7) - NET/0-12 (distance 5 <= 6, read 0, mode Default)
a100-llm-05:3840922:3841070 [6] NCCL INFO Channel 01/0 : 6[6] -> 7[7] [send] via NET/IB/12/GDRDMA
a100-llm-05:3840922:3841074 [2] NCCL INFO Channel 00/0 : 1[1] -> 2[2] [receive] via NET/IB/10/GDRDMA
a100-llm-05:3840922:3841074 [2] NCCL INFO GPU Direct RDMA Enabled for GPU/0-1028176 (rank 2) - NET/0-10 (distance 5 <= 6, read 0, mode Default)
a100-llm-05:3840922:3841064 [2] NCCL INFO New proxy recv connection 1 from local rank 0, transport 2
a100-llm-05:3840922:3841074 [2] NCCL INFO Connected to proxy localRank 0 -> connection 0x7f2be4001118
a100-llm-05:3840922:3841074 [2] NCCL INFO Channel 01/0 : 1[1] -> 2[2] [receive] via NET/IB/10/GDRDMA
a100-llm-05:3840922:3841074 [2] NCCL INFO GPU Direct RDMA Enabled for GPU/0-1028176 (rank 2) - NET/0-10 (distance 5 <= 6, read 1, mode Default)
a100-llm-05:3840922:3841064 [2] NCCL INFO New proxy send connection 2 from local rank 0, transport 2
a100-llm-05:3840922:3841074 [2] NCCL INFO Connected to proxy localRank 0 -> connection 0x7f2be4001190
a100-llm-05:3840922:3841074 [2] NCCL INFO Channel 00/0 : 2[2] -> 3[3] [send] via NET/IB/10/GDRDMA
a100-llm-05:3840922:3841074 [2] NCCL INFO GPU Direct RDMA Enabled for GPU/0-1028176 (rank 2) - NET/0-10 (distance 5 <= 6, read 1, mode Default)
a100-llm-05:3840922:3841064 [2] NCCL INFO New proxy send connection 3 from local rank 0, transport 2
a100-llm-05:3840922:3841074 [2] NCCL INFO Connected to proxy localRank 0 -> connection 0x7f2be4001208
a100-llm-05:3840922:3841074 [2] NCCL INFO Channel 01/0 : 2[2] -> 3[3] [send] via NET/IB/10/GDRDMA
a100-llm-05:3840922:3841059 [5] NCCL INFO New proxy recv connection 1 from local rank 0, transport 2
a100-llm-05:3840922:3841071 [5] NCCL INFO Connected to proxy localRank 0 -> connection 0x7f2c00000d88
a100-llm-05:3840922:3841053 [7] NCCL INFO New proxy recv connection 1 from local rank 0, transport 2
a100-llm-05:3840922:3841069 [7] NCCL INFO Connected to proxy localRank 0 -> connection 0x7f2c4c000d88
a100-llm-05:3840922:3841072 [4] NCCL INFO Channel 00/0 : 3[3] -> 4[4] [receive] via NET/IB/11/GDRDMA
a100-llm-05:3840922:3841072 [4] NCCL INFO GPU Direct RDMA Enabled for GPU/0-1036368 (rank 4) - NET/0-11 (distance 5 <= 6, read 0, mode Default)
a100-llm-05:3840922:3841058 [4] NCCL INFO New proxy recv connection 1 from local rank 0, transport 2
a100-llm-05:3840922:3841072 [4] NCCL INFO Connected to proxy localRank 0 -> connection 0x7f2bfc000d88
a100-llm-05:3840922:3841072 [4] NCCL INFO Channel 01/0 : 3[3] -> 4[4] [receive] via NET/IB/11/GDRDMA
a100-llm-05:3840922:3841072 [4] NCCL INFO GPU Direct RDMA Enabled for GPU/0-1036368 (rank 4) - NET/0-11 (distance 5 <= 6, read 1, mode Default)
a100-llm-05:3840922:3841058 [4] NCCL INFO New proxy send connection 2 from local rank 0, transport 2
a100-llm-05:3840922:3841072 [4] NCCL INFO Connected to proxy localRank 0 -> connection 0x7f2bfc000e00
a100-llm-05:3840922:3841072 [4] NCCL INFO Channel 00/0 : 4[4] -> 5[5] [send] via NET/IB/11/GDRDMA
a100-llm-05:3840922:3841072 [4] NCCL INFO GPU Direct RDMA Enabled for GPU/0-1036368 (rank 4) - NET/0-11 (distance 5 <= 6, read 1, mode Default)
a100-llm-05:3840922:3841055 [1] NCCL INFO NET/IB: NCCL Dev 9 IbDev 1 Port 1 qpn 844 mtu 5 GID 3 (0/F34413C6FFFF0000) ctsFifoRkey=0x111816 ctsFifoLkey=0x111816
a100-llm-05:3840922:3841055 [1] NCCL INFO NET/IB: IbDev 1 Port 1 qpn 844 query_ece={supported=1, vendor_id=0x15b3, options=0x30000000, comp_mask=0x0}
a100-llm-05:3840922:3841055 [1] NCCL INFO NET/IB: NCCL Dev 9 IbDev 2 Port 1 qpn 588 mtu 5 GID 3 (0/173F13C6FFFF0000) ctsFifoRkey=0xd601f ctsFifoLkey=0xd601f
a100-llm-05:3840922:3841055 [1] NCCL INFO NET/IB: IbDev 2 Port 1 qpn 588 query_ece={supported=1, vendor_id=0x15b3, options=0x30000000, comp_mask=0x0}
a100-llm-05:3840922:3841058 [4] NCCL INFO New proxy send connection 3 from local rank 0, transport 2
a100-llm-05:3840922:3841072 [4] NCCL INFO Connected to proxy localRank 0 -> connection 0x7f2bfc000e78
a100-llm-05:3840922:3841072 [4] NCCL INFO Channel 01/0 : 4[4] -> 5[5] [send] via NET/IB/11/GDRDMA
a100-llm-05:3840922:3841055 [1] NCCL INFO NET/IB: NCCL Dev 9 IbDev 1 Port 1 qpn 845 mtu 5 GID 3 (0/F34413C6FFFF0000) ctsFifoRkey=0x112423 ctsFifoLkey=0x112423
a100-llm-05:3840922:3841055 [1] NCCL INFO NET/IB: IbDev 1 Port 1 qpn 845 query_ece={supported=1, vendor_id=0x15b3, options=0x30000000, comp_mask=0x0}
a100-llm-05:3840922:3841071 [5] NCCL INFO Channel 01/0 : 4[4] -> 5[5] [receive] via NET/IB/11/GDRDMA
a100-llm-05:3840922:3841071 [5] NCCL INFO GPU Direct RDMA Enabled for GPU/0-1036384 (rank 5) - NET/0-11 (distance 5 <= 6, read 1, mode Default)
a100-llm-05:3840922:3841055 [1] NCCL INFO NET/IB: NCCL Dev 9 IbDev 2 Port 1 qpn 589 mtu 5 GID 3 (0/173F13C6FFFF0000) ctsFifoRkey=0xd6c2b ctsFifoLkey=0xd6c2b
a100-llm-05:3840922:3841055 [1] NCCL INFO NET/IB: IbDev 2 Port 1 qpn 589 query_ece={supported=1, vendor_id=0x15b3, options=0x30000000, comp_mask=0x0}
a100-llm-05:3840922:3841059 [5] NCCL INFO New proxy send connection 2 from local rank 0, transport 2
a100-llm-05:3840922:3841069 [7] NCCL INFO Channel 01/0 : 6[6] -> 7[7] [receive] via NET/IB/12/GDRDMA
a100-llm-05:3840922:3841069 [7] NCCL INFO GPU Direct RDMA Enabled for GPU/0-1044576 (rank 7) - NET/0-12 (distance 5 <= 6, read 1, mode Default)
a100-llm-05:3840922:3841071 [5] NCCL INFO Connected to proxy localRank 0 -> connection 0x7f2c00000e00
a100-llm-05:3840922:3841053 [7] NCCL INFO New proxy send connection 2 from local rank 0, transport 2
a100-llm-05:3840922:3841069 [7] NCCL INFO Connected to proxy localRank 0 -> connection 0x7f2c4c000e00
a100-llm-05:3840922:3841069 [7] NCCL INFO Channel 00/0 : 7[7] -> 0[0] [send] via NET/IB/12/GDRDMA
a100-llm-05:3840922:3841069 [7] NCCL INFO GPU Direct RDMA Enabled for GPU/0-1044576 (rank 7) - NET/0-12 (distance 5 <= 6, read 1, mode Default)
a100-llm-05:3840922:3841053 [7] NCCL INFO New proxy send connection 3 from local rank 0, transport 2
a100-llm-05:3840922:3841069 [7] NCCL INFO Connected to proxy localRank 0 -> connection 0x7f2c4c000e78
a100-llm-05:3840922:3841071 [5] NCCL INFO Channel 00/0 : 5[5] -> 6[6] [send] via NET/IB/11/GDRDMA
a100-llm-05:3840922:3841071 [5] NCCL INFO GPU Direct RDMA Enabled for GPU/0-1036384 (rank 5) - NET/0-11 (distance 5 <= 6, read 1, mode Default)
a100-llm-05:3840922:3841069 [7] NCCL INFO Channel 01/0 : 7[7] -> 0[0] [send] via NET/IB/12/GDRDMA
a100-llm-05:3840922:3841055 [1] NCCL INFO NET/IB: IbDev 1 Port 1 qpn 844 set_ece={supported=1, vendor_id=0x15b3, options=0x30000000, comp_mask=0x0}
a100-llm-05:3840922:3841055 [1] NCCL INFO NET/IB: IbDev 2 Port 1 qpn 588 set_ece={supported=1, vendor_id=0x15b3, options=0x30000000, comp_mask=0x0}
a100-llm-05:3840922:3841064 [2] NCCL INFO NET/IB: NCCL Dev 10 IbDev 3 Port 1 qpn 846 mtu 5 GID 3 (0/220D13C6FFFF0000) ctsFifoRkey=0x111917 ctsFifoLkey=0x111917
a100-llm-05:3840922:3841064 [2] NCCL INFO NET/IB: IbDev 3 Port 1 qpn 846 query_ece={supported=1, vendor_id=0x15b3, options=0x30000000, comp_mask=0x0}
a100-llm-05:3840922:3841064 [2] NCCL INFO NET/IB: NCCL Dev 10 IbDev 4 Port 1 qpn 590 mtu 5 GID 3 (0/422613C6FFFF0000) ctsFifoRkey=0xdb06f ctsFifoLkey=0xdb06f
a100-llm-05:3840922:3841064 [2] NCCL INFO NET/IB: IbDev 4 Port 1 qpn 590 query_ece={supported=1, vendor_id=0x15b3, options=0x30000000, comp_mask=0x0}
a100-llm-05:3840922:3841053 [7] NCCL INFO NET/IB: NCCL Dev 12 IbDev 7 Port 1 qpn 844 mtu 5 GID 3 (0/4E5A13C6FFFF0000) ctsFifoRkey=0x10c0be ctsFifoLkey=0x10c0be
a100-llm-05:3840922:3841053 [7] NCCL INFO NET/IB: IbDev 7 Port 1 qpn 844 query_ece={supported=1, vendor_id=0x15b3, options=0x30000000, comp_mask=0x0}
a100-llm-05:3840922:3841053 [7] NCCL INFO NET/IB: NCCL Dev 12 IbDev 8 Port 1 qpn 588 mtu 5 GID 3 (0/57B013C6FFFF0000) ctsFifoRkey=0xd10ce ctsFifoLkey=0xd10ce
a100-llm-05:3840922:3841053 [7] NCCL INFO NET/IB: IbDev 8 Port 1 qpn 588 query_ece={supported=1, vendor_id=0x15b3, options=0x30000000, comp_mask=0x0}
a100-llm-05:3840922:3841055 [1] NCCL INFO NET/IB: IbDev 1 Port 1 qpn 845 set_ece={supported=1, vendor_id=0x15b3, options=0x30000000, comp_mask=0x0}
a100-llm-05:3840922:3841055 [1] NCCL INFO NET/IB: IbDev 2 Port 1 qpn 589 set_ece={supported=1, vendor_id=0x15b3, options=0x30000000, comp_mask=0x0}
a100-llm-05:3840922:3841064 [2] NCCL INFO NET/IB: NCCL Dev 10 IbDev 3 Port 1 qpn 850 mtu 5 GID 3 (0/220D13C6FFFF0000) ctsFifoRkey=0x113d3c ctsFifoLkey=0x113d3c
a100-llm-05:3840922:3841064 [2] NCCL INFO NET/IB: IbDev 3 Port 1 qpn 850 query_ece={supported=1, vendor_id=0x15b3, options=0x30000000, comp_mask=0x0}
a100-llm-05:3840922:3841064 [2] NCCL INFO NET/IB: NCCL Dev 10 IbDev 4 Port 1 qpn 594 mtu 5 GID 3 (0/422613C6FFFF0000) ctsFifoRkey=0xdd493 ctsFifoLkey=0xdd493
a100-llm-05:3840922:3841064 [2] NCCL INFO NET/IB: IbDev 4 Port 1 qpn 594 query_ece={supported=1, vendor_id=0x15b3, options=0x30000000, comp_mask=0x0}
a100-llm-05:3840922:3841064 [2] NCCL INFO NET/IB: IbDev 3 Port 1 qpn 846 set_ece={supported=1, vendor_id=0x15b3, options=0x30000000, comp_mask=0x0}
a100-llm-05:3840922:3841064 [2] NCCL INFO NET/IB: IbDev 4 Port 1 qpn 590 set_ece={supported=1, vendor_id=0x15b3, options=0x30000000, comp_mask=0x0}
a100-llm-05:3840922:3841059 [5] NCCL INFO New proxy send connection 3 from local rank 0, transport 2
a100-llm-05:3840922:3841056 [0] NCCL INFO NET/IB: NCCL Dev 9 IbDev 1 Port 1 qpn 846 mtu 5 GID 3 (0/F34413C6FFFF0000) ctsFifoRkey=0x11302f ctsFifoLkey=0x11302f
a100-llm-05:3840922:3841056 [0] NCCL INFO NET/IB: IbDev 1 Port 1 qpn 846 query_ece={supported=1, vendor_id=0x15b3, options=0x30000000, comp_mask=0x0}
a100-llm-05:3840922:3841056 [0] NCCL INFO NET/IB: NCCL Dev 9 IbDev 2 Port 1 qpn 590 mtu 5 GID 3 (0/173F13C6FFFF0000) ctsFifoRkey=0xd7635 ctsFifoLkey=0xd7635
a100-llm-05:3840922:3841056 [0] NCCL INFO NET/IB: IbDev 2 Port 1 qpn 590 query_ece={supported=1, vendor_id=0x15b3, options=0x30000000, comp_mask=0x0}
a100-llm-05:3840922:3841071 [5] NCCL INFO Connected to proxy localRank 0 -> connection 0x7f2c00000e78
a100-llm-05:3840922:3841071 [5] NCCL INFO Channel 01/0 : 5[5] -> 6[6] [send] via NET/IB/11/GDRDMA
a100-llm-05:3840922:3841056 [0] NCCL INFO NET/IB: NCCL Dev 9 IbDev 1 Port 1 qpn 847 mtu 5 GID 3 (0/F34413C6FFFF0000) ctsFifoRkey=0x113c3b ctsFifoLkey=0x113c3b
a100-llm-05:3840922:3841056 [0] NCCL INFO NET/IB: IbDev 1 Port 1 qpn 847 query_ece={supported=1, vendor_id=0x15b3, options=0x30000000, comp_mask=0x0}
a100-llm-05:3840922:3841056 [0] NCCL INFO NET/IB: NCCL Dev 9 IbDev 2 Port 1 qpn 591 mtu 5 GID 3 (0/173F13C6FFFF0000) ctsFifoRkey=0xd8241 ctsFifoLkey=0xd8241
a100-llm-05:3840922:3841056 [0] NCCL INFO NET/IB: IbDev 2 Port 1 qpn 591 query_ece={supported=1, vendor_id=0x15b3, options=0x30000000, comp_mask=0x0}
a100-llm-05:3840922:3841053 [7] NCCL INFO NET/IB: NCCL Dev 12 IbDev 7 Port 1 qpn 845 mtu 5 GID 3 (0/4E5A13C6FFFF0000) ctsFifoRkey=0x10cccc ctsFifoLkey=0x10cccc
a100-llm-05:3840922:3841053 [7] NCCL INFO NET/IB: IbDev 7 Port 1 qpn 845 query_ece={supported=1, vendor_id=0x15b3, options=0x30000000, comp_mask=0x0}
a100-llm-05:3840922:3841053 [7] NCCL INFO NET/IB: NCCL Dev 12 IbDev 8 Port 1 qpn 589 mtu 5 GID 3 (0/57B013C6FFFF0000) ctsFifoRkey=0xd1fdc ctsFifoLkey=0xd1fdc
a100-llm-05:3840922:3841053 [7] NCCL INFO NET/IB: IbDev 8 Port 1 qpn 589 query_ece={supported=1, vendor_id=0x15b3, options=0x30000000, comp_mask=0x0}
a100-llm-05:3840922:3841053 [7] NCCL INFO NET/IB: IbDev 7 Port 1 qpn 844 set_ece={supported=1, vendor_id=0x15b3, options=0x30000000, comp_mask=0x0}
a100-llm-05:3840922:3841053 [7] NCCL INFO NET/IB: IbDev 8 Port 1 qpn 588 set_ece={supported=1, vendor_id=0x15b3, options=0x30000000, comp_mask=0x0}
a100-llm-05:3840922:3841064 [2] NCCL INFO NET/IB: IbDev 3 Port 1 qpn 850 set_ece={supported=1, vendor_id=0x15b3, options=0x30000000, comp_mask=0x0}
a100-llm-05:3840922:3841064 [2] NCCL INFO NET/IB: IbDev 4 Port 1 qpn 594 set_ece={supported=1, vendor_id=0x15b3, options=0x30000000, comp_mask=0x0}
a100-llm-05:3840922:3841053 [7] NCCL INFO NET/IB: IbDev 7 Port 1 qpn 845 set_ece={supported=1, vendor_id=0x15b3, options=0x30000000, comp_mask=0x0}
a100-llm-05:3840922:3841053 [7] NCCL INFO NET/IB: IbDev 8 Port 1 qpn 589 set_ece={supported=1, vendor_id=0x15b3, options=0x30000000, comp_mask=0x0}
a100-llm-05:3840922:3841058 [4] NCCL INFO NET/IB: NCCL Dev 11 IbDev 5 Port 1 qpn 844 mtu 5 GID 3 (0/520113C6FFFF0000) ctsFifoRkey=0x113534 ctsFifoLkey=0x113534
a100-llm-05:3840922:3841058 [4] NCCL INFO NET/IB: IbDev 5 Port 1 qpn 844 query_ece={supported=1, vendor_id=0x15b3, options=0x30000000, comp_mask=0x0}
a100-llm-05:3840922:3841058 [4] NCCL INFO NET/IB: NCCL Dev 11 IbDev 6 Port 1 qpn 588 mtu 5 GID 3 (0/B90713C6FFFF0000) ctsFifoRkey=0xd6221 ctsFifoLkey=0xd6221
a100-llm-05:3840922:3841058 [4] NCCL INFO NET/IB: IbDev 6 Port 1 qpn 588 query_ece={supported=1, vendor_id=0x15b3, options=0x30000000, comp_mask=0x0}
a100-llm-05:3840922:3841059 [5] NCCL INFO NET/IB: NCCL Dev 11 IbDev 5 Port 1 qpn 845 mtu 5 GID 3 (0/520113C6FFFF0000) ctsFifoRkey=0x114140 ctsFifoLkey=0x114140
a100-llm-05:3840922:3841059 [5] NCCL INFO NET/IB: IbDev 5 Port 1 qpn 845 query_ece={supported=1, vendor_id=0x15b3, options=0x30000000, comp_mask=0x0}
a100-llm-05:3840922:3841059 [5] NCCL INFO NET/IB: NCCL Dev 11 IbDev 6 Port 1 qpn 589 mtu 5 GID 3 (0/B90713C6FFFF0000) ctsFifoRkey=0xd6e2d ctsFifoLkey=0xd6e2d
a100-llm-05:3840922:3841059 [5] NCCL INFO NET/IB: IbDev 6 Port 1 qpn 589 query_ece={supported=1, vendor_id=0x15b3, options=0x30000000, comp_mask=0x0}
a100-llm-05:3840922:3841058 [4] NCCL INFO NET/IB: NCCL Dev 11 IbDev 5 Port 1 qpn 846 mtu 5 GID 3 (0/520113C6FFFF0000) ctsFifoRkey=0x114d4c ctsFifoLkey=0x114d4c
a100-llm-05:3840922:3841058 [4] NCCL INFO NET/IB: IbDev 5 Port 1 qpn 846 query_ece={supported=1, vendor_id=0x15b3, options=0x30000000, comp_mask=0x0}
a100-llm-05:3840922:3841058 [4] NCCL INFO NET/IB: NCCL Dev 11 IbDev 6 Port 1 qpn 590 mtu 5 GID 3 (0/B90713C6FFFF0000) ctsFifoRkey=0xd7b3a ctsFifoLkey=0xd7b3a
a100-llm-05:3840922:3841058 [4] NCCL INFO NET/IB: IbDev 6 Port 1 qpn 590 query_ece={supported=1, vendor_id=0x15b3, options=0x30000000, comp_mask=0x0}
a100-llm-05:3840922:3841062 [6] NCCL INFO NET/IB: NCCL Dev 12 IbDev 7 Port 1 qpn 846 mtu 5 GID 3 (0/4E5A13C6FFFF0000) ctsFifoRkey=0x10d8d7 ctsFifoLkey=0x10d8d7
a100-llm-05:3840922:3841062 [6] NCCL INFO NET/IB: IbDev 7 Port 1 qpn 846 query_ece={supported=1, vendor_id=0x15b3, options=0x30000000, comp_mask=0x0}
a100-llm-05:3840922:3841065 [3] NCCL INFO NET/IB: NCCL Dev 10 IbDev 3 Port 1 qpn 854 mtu 5 GID 3 (0/220D13C6FFFF0000) ctsFifoRkey=0x115253 ctsFifoLkey=0x115253
a100-llm-05:3840922:3841065 [3] NCCL INFO NET/IB: IbDev 3 Port 1 qpn 854 query_ece={supported=1, vendor_id=0x15b3, options=0x30000000, comp_mask=0x0}
a100-llm-05:3840922:3841065 [3] NCCL INFO NET/IB: NCCL Dev 10 IbDev 4 Port 1 qpn 598 mtu 5 GID 3 (0/422613C6FFFF0000) ctsFifoRkey=0xdedab ctsFifoLkey=0xdedab
a100-llm-05:3840922:3841065 [3] NCCL INFO NET/IB: IbDev 4 Port 1 qpn 598 query_ece={supported=1, vendor_id=0x15b3, options=0x30000000, comp_mask=0x0}
a100-llm-05:3840922:3841065 [3] NCCL INFO NET/IB: NCCL Dev 10 IbDev 3 Port 1 qpn 855 mtu 5 GID 3 (0/220D13C6FFFF0000) ctsFifoRkey=0x115e5d ctsFifoLkey=0x115e5d
a100-llm-05:3840922:3841065 [3] NCCL INFO NET/IB: IbDev 3 Port 1 qpn 855 query_ece={supported=1, vendor_id=0x15b3, options=0x30000000, comp_mask=0x0}
a100-llm-05:3840922:3841065 [3] NCCL INFO NET/IB: NCCL Dev 10 IbDev 4 Port 1 qpn 599 mtu 5 GID 3 (0/422613C6FFFF0000) ctsFifoRkey=0xdf8b7 ctsFifoLkey=0xdf8b7
a100-llm-05:3840922:3841065 [3] NCCL INFO NET/IB: IbDev 4 Port 1 qpn 599 query_ece={supported=1, vendor_id=0x15b3, options=0x30000000, comp_mask=0x0}
a100-llm-05:3840922:3841056 [0] NCCL INFO NET/IB: IbDev 1 Port 1 qpn 847 set_ece={supported=1, vendor_id=0x15b3, options=0x30000000, comp_mask=0x0}
a100-llm-05:3840922:3841056 [0] NCCL INFO NET/IB: IbDev 2 Port 1 qpn 591 set_ece={supported=1, vendor_id=0x15b3, options=0x30000000, comp_mask=0x0}
a100-llm-05:3840922:3841062 [6] NCCL INFO NET/IB: NCCL Dev 12 IbDev 8 Port 1 qpn 590 mtu 5 GID 3 (0/57B013C6FFFF0000) ctsFifoRkey=0xd2ae9 ctsFifoLkey=0xd2ae9
a100-llm-05:3840922:3841062 [6] NCCL INFO NET/IB: IbDev 8 Port 1 qpn 590 query_ece={supported=1, vendor_id=0x15b3, options=0x30000000, comp_mask=0x0}
a100-llm-05:3840922:3841056 [0] NCCL INFO NET/IB: IbDev 1 Port 1 qpn 846 set_ece={supported=1, vendor_id=0x15b3, options=0x30000000, comp_mask=0x0}
a100-llm-05:3840922:3841056 [0] NCCL INFO NET/IB: IbDev 2 Port 1 qpn 590 set_ece={supported=1, vendor_id=0x15b3, options=0x30000000, comp_mask=0x0}
a100-llm-05:3840922:3841065 [3] NCCL INFO NET/IB: IbDev 3 Port 1 qpn 854 set_ece={supported=1, vendor_id=0x15b3, options=0x30000000, comp_mask=0x0}
a100-llm-05:3840922:3841065 [3] NCCL INFO NET/IB: IbDev 4 Port 1 qpn 598 set_ece={supported=1, vendor_id=0x15b3, options=0x30000000, comp_mask=0x0}
a100-llm-05:3840922:3841062 [6] NCCL INFO NET/IB: NCCL Dev 12 IbDev 7 Port 1 qpn 850 mtu 5 GID 3 (0/4E5A13C6FFFF0000) ctsFifoRkey=0x10fbfa ctsFifoLkey=0x10fbfa
a100-llm-05:3840922:3841062 [6] NCCL INFO NET/IB: IbDev 7 Port 1 qpn 850 query_ece={supported=1, vendor_id=0x15b3, options=0x30000000, comp_mask=0x0}
a100-llm-05:3840922:3841062 [6] NCCL INFO NET/IB: NCCL Dev 12 IbDev 8 Port 1 qpn 594 mtu 5 GID 3 (0/57B013C6FFFF0000) ctsFifoRkey=0xd4c0c ctsFifoLkey=0xd4c0c
a100-llm-05:3840922:3841062 [6] NCCL INFO NET/IB: IbDev 8 Port 1 qpn 594 query_ece={supported=1, vendor_id=0x15b3, options=0x30000000, comp_mask=0x0}
a100-llm-05:3840922:3841065 [3] NCCL INFO NET/IB: IbDev 3 Port 1 qpn 855 set_ece={supported=1, vendor_id=0x15b3, options=0x30000000, comp_mask=0x0}
a100-llm-05:3840922:3841065 [3] NCCL INFO NET/IB: IbDev 4 Port 1 qpn 599 set_ece={supported=1, vendor_id=0x15b3, options=0x30000000, comp_mask=0x0}
a100-llm-05:3840922:3841058 [4] NCCL INFO NET/IB: IbDev 5 Port 1 qpn 844 set_ece={supported=1, vendor_id=0x15b3, options=0x30000000, comp_mask=0x0}
a100-llm-05:3840922:3841058 [4] NCCL INFO NET/IB: IbDev 6 Port 1 qpn 588 set_ece={supported=1, vendor_id=0x15b3, options=0x30000000, comp_mask=0x0}
a100-llm-05:3840922:3841062 [6] NCCL INFO NET/IB: IbDev 7 Port 1 qpn 846 set_ece={supported=1, vendor_id=0x15b3, options=0x30000000, comp_mask=0x0}
a100-llm-05:3840922:3841062 [6] NCCL INFO NET/IB: IbDev 8 Port 1 qpn 590 set_ece={supported=1, vendor_id=0x15b3, options=0x30000000, comp_mask=0x0}
a100-llm-05:3840922:3841059 [5] NCCL INFO NET/IB: IbDev 5 Port 1 qpn 845 set_ece={supported=1, vendor_id=0x15b3, options=0x30000000, comp_mask=0x0}
a100-llm-05:3840922:3841059 [5] NCCL INFO NET/IB: IbDev 6 Port 1 qpn 589 set_ece={supported=1, vendor_id=0x15b3, options=0x30000000, comp_mask=0x0}
a100-llm-05:3840922:3841058 [4] NCCL INFO NET/IB: IbDev 5 Port 1 qpn 846 set_ece={supported=1, vendor_id=0x15b3, options=0x30000000, comp_mask=0x0}
a100-llm-05:3840922:3841058 [4] NCCL INFO NET/IB: IbDev 6 Port 1 qpn 590 set_ece={supported=1, vendor_id=0x15b3, options=0x30000000, comp_mask=0x0}
a100-llm-05:3840922:3841059 [5] NCCL INFO NET/IB: NCCL Dev 11 IbDev 5 Port 1 qpn 855 mtu 5 GID 3 (0/520113C6FFFF0000) ctsFifoRkey=0x118988 ctsFifoLkey=0x118988
a100-llm-05:3840922:3841059 [5] NCCL INFO NET/IB: IbDev 5 Port 1 qpn 855 query_ece={supported=1, vendor_id=0x15b3, options=0x30000000, comp_mask=0x0}
a100-llm-05:3840922:3841059 [5] NCCL INFO NET/IB: NCCL Dev 11 IbDev 6 Port 1 qpn 599 mtu 5 GID 3 (0/B90713C6FFFF0000) ctsFifoRkey=0xdb572 ctsFifoLkey=0xdb572
a100-llm-05:3840922:3841059 [5] NCCL INFO NET/IB: IbDev 6 Port 1 qpn 599 query_ece={supported=1, vendor_id=0x15b3, options=0x30000000, comp_mask=0x0}
a100-llm-05:3840922:3841062 [6] NCCL INFO NET/IB: IbDev 7 Port 1 qpn 850 set_ece={supported=1, vendor_id=0x15b3, options=0x30000000, comp_mask=0x0}
a100-llm-05:3840922:3841062 [6] NCCL INFO NET/IB: IbDev 8 Port 1 qpn 594 set_ece={supported=1, vendor_id=0x15b3, options=0x30000000, comp_mask=0x0}
a100-llm-05:3840922:3841059 [5] NCCL INFO NET/IB: IbDev 5 Port 1 qpn 855 set_ece={supported=1, vendor_id=0x15b3, options=0x30000000, comp_mask=0x0}
a100-llm-05:3840922:3841059 [5] NCCL INFO NET/IB: IbDev 6 Port 1 qpn 599 set_ece={supported=1, vendor_id=0x15b3, options=0x30000000, comp_mask=0x0}
[AIMD] FinalizeChunkRTT: cc=0x7f2bfc065420 slot=0 inflight_before=1
warmup done.
[AIMD] FinalizeChunkRTT: cc=0x7f2bec001000 slot=743 inflight_before=8
[AIMD] FinalizeChunkRTT: cc=0x7f2c04001000 slot=447 inflight_before=8
[AIMD] FinalizeChunkRTT: cc=0x7f2c1c065980 slot=322 inflight_before=1
a100-llm-05:3840922:3841042 [0] NCCL INFO V2MIN: pressure=1.000 (fast=0.181 slow=0.001 dev=0.1797) state=SHRINK window=204 floor=204 high=3192 low=0 ncc=16
[AIMD] FinalizeChunkRTT: cc=0x7f2c04017320 slot=41 inflight_before=1
[AIMD] FinalizeChunkRTT: cc=0x7f2c04001000 slot=763 inflight_before=8
[AIMD] FinalizeChunkRTT: cc=0x7f2c08001000 slot=326 inflight_before=1
[AIMD] FinalizeChunkRTT: cc=0x7f2c08001000 slot=802 inflight_before=1
[AIMD] FinalizeChunkRTT: cc=0x7f2c08001000 slot=254 inflight_before=1
a100-llm-05:3840922:3841042 [0] NCCL INFO V2MIN: pressure=1.000 (fast=0.124 slow=0.001 dev=0.1223) state=SHRINK window=204 floor=204 high=7915 low=0 ncc=16
[AIMD] FinalizeChunkRTT: cc=0x7f2bfc065420 slot=686 inflight_before=1
[AIMD] FinalizeChunkRTT: cc=0x7f2c1c065980 slot=964 inflight_before=4
[AIMD] FinalizeChunkRTT: cc=0x7f2bec001000 slot=421 inflight_before=1
[AIMD] FinalizeChunkRTT: cc=0x7f2bfc065420 slot=881 inflight_before=1
[AIMD] FinalizeChunkRTT: cc=0x7f2c0c067bc0 slot=281 inflight_before=1
a100-llm-05:3840922:3841042 [0] NCCL INFO V2MIN: pressure=1.000 (fast=0.124 slow=0.001 dev=0.1220) state=SHRINK window=204 floor=204 high=12634 low=0 ncc=16
[AIMD] FinalizeChunkRTT: cc=0x7f2bfc065420 slot=834 inflight_before=4
[AIMD] FinalizeChunkRTT: cc=0x7f2bec001000 slot=207 inflight_before=2
[AIMD] FinalizeChunkRTT: cc=0x7f2bfc065420 slot=528 inflight_before=1
[AIMD] FinalizeChunkRTT: cc=0x7f2bf4001000 slot=850 inflight_before=1
[AIMD] FinalizeChunkRTT: cc=0x7f2c1c065980 slot=218 inflight_before=5
a100-llm-05:3840922:3841042 [0] NCCL INFO V2MIN: pressure=1.000 (fast=0.063 slow=0.001 dev=0.0618) state=SHRINK window=204 floor=204 high=17354 low=0 ncc=16
[AIMD] FinalizeChunkRTT: cc=0x7f2c1c065980 slot=610 inflight_before=8
[AIMD] FinalizeChunkRTT: cc=0x7f2bfc065420 slot=120 inflight_before=1
[AIMD] FinalizeChunkRTT: cc=0x7f2bf4001000 slot=804 inflight_before=1
[AIMD] FinalizeChunkRTT: cc=0x7f2c1c065980 slot=475 inflight_before=2
[AIMD] FinalizeChunkRTT: cc=0x7f2c1c065980 slot=156 inflight_before=4
a100-llm-05:3840922:3841042 [0] NCCL INFO V2MIN: pressure=1.000 (fast=0.083 slow=0.001 dev=0.0816) state=SHRINK window=204 floor=204 high=22079 low=0 ncc=16
[AIMD] FinalizeChunkRTT: cc=0x7f2bfc065420 slot=829 inflight_before=2
CSV written to: det_v1_baseline_run7/bench_latency_20260416_165146.csv

========================================
  Oracle Experiment Results
========================================
Config: nDev=8  count=1048576  data=4.19 MB  iters=1000
NCCL_AIMD_ENABLE=1  NCCL_CC_ORACLE_FACTOR=(unset)

Wall-clock latency (us):
  mean= 23875.8  stddev= 14440.1
  p50 = 20385.9  p99   = 67948.9  max= 81552.6

Collective max GPU latency (us):
  mean= 22613.2  stddev= 13381.3
  p50 = 20080.1  p99   = 63981.7  max= 80084.0

Rank skew (us):
  mean=  2566.0  stddev=  4641.4
  p50 =   503.3  p99   = 22503.5  max= 26954.8

Avg algo bandwidth: 0.31 GB/s
========================================

