a100-llm-05:4004300:4004446 [7] NCCL INFO New proxy recv connection 1 from local rank 0, transport 2
a100-llm-05:4004300:4004462 [7] NCCL INFO Connected to proxy localRank 0 -> connection 0x7ff74335cc78
a100-llm-05:4004300:4004462 [7] NCCL INFO Channel 01/0 : 6[6] -> 7[7] [receive] via NET/IB/12/GDRDMA
a100-llm-05:4004300:4004462 [7] NCCL INFO GPU Direct RDMA Enabled for GPU/0-1044576 (rank 7) - NET/0-12 (distance 5 <= 6, read 1, mode Default)
a100-llm-05:4004300:4004446 [7] NCCL INFO New proxy send connection 2 from local rank 0, transport 2
a100-llm-05:4004300:4004462 [7] NCCL INFO Connected to proxy localRank 0 -> connection 0x7ff74335ccf0
a100-llm-05:4004300:4004462 [7] NCCL INFO Channel 00/0 : 7[7] -> 0[0] [send] via NET/IB/12/GDRDMA
a100-llm-05:4004300:4004462 [7] NCCL INFO GPU Direct RDMA Enabled for GPU/0-1044576 (rank 7) - NET/0-12 (distance 5 <= 6, read 1, mode Default)
a100-llm-05:4004300:4004446 [7] NCCL INFO New proxy send connection 3 from local rank 0, transport 2
a100-llm-05:4004300:4004462 [7] NCCL INFO Connected to proxy localRank 0 -> connection 0x7ff74335cd68
a100-llm-05:4004300:4004462 [7] NCCL INFO Channel 01/0 : 7[7] -> 0[0] [send] via NET/IB/12/GDRDMA
a100-llm-05:4004300:4004469 [0] NCCL INFO Connected to proxy localRank 0 -> connection 0x7ff608000d10
a100-llm-05:4004300:4004450 [1] NCCL INFO New proxy recv connection 0 from local rank 0, transport 2
a100-llm-05:4004300:4004469 [0] NCCL INFO Channel 00/0 : 7[7] -> 0[0] [receive] via NET/IB/9/GDRDMA
a100-llm-05:4004300:4004469 [0] NCCL INFO GPU Direct RDMA Enabled for GPU/0-1019984 (rank 0) - NET/0-9 (distance 5 <= 6, read 0, mode Default)
a100-llm-05:4004300:4004448 [0] NCCL INFO New proxy recv connection 1 from local rank 0, transport 2
a100-llm-05:4004300:4004469 [0] NCCL INFO Connected to proxy localRank 0 -> connection 0x7ff608000d88
a100-llm-05:4004300:4004458 [4] NCCL INFO New proxy recv connection 0 from local rank 0, transport 2
a100-llm-05:4004300:4004455 [6] NCCL INFO New proxy recv connection 0 from local rank 0, transport 2
a100-llm-05:4004300:4004469 [0] NCCL INFO Channel 01/0 : 7[7] -> 0[0] [receive] via NET/IB/9/GDRDMA
a100-llm-05:4004300:4004469 [0] NCCL INFO GPU Direct RDMA Enabled for GPU/0-1019984 (rank 0) - NET/0-9 (distance 5 <= 6, read 1, mode Default)
a100-llm-05:4004300:4004448 [0] NCCL INFO New proxy send connection 2 from local rank 0, transport 2
a100-llm-05:4004300:4004469 [0] NCCL INFO Connected to proxy localRank 0 -> connection 0x7ff608000e00
a100-llm-05:4004300:4004469 [0] NCCL INFO Channel 00/0 : 0[0] -> 1[1] [send] via NET/IB/9/GDRDMA
a100-llm-05:4004300:4004469 [0] NCCL INFO GPU Direct RDMA Enabled for GPU/0-1019984 (rank 0) - NET/0-9 (distance 5 <= 6, read 1, mode Default)
a100-llm-05:4004300:4004448 [0] NCCL INFO New proxy send connection 3 from local rank 0, transport 2
a100-llm-05:4004300:4004469 [0] NCCL INFO Connected to proxy localRank 0 -> connection 0x7ff608000e78
a100-llm-05:4004300:4004469 [0] NCCL INFO Channel 01/0 : 0[0] -> 1[1] [send] via NET/IB/9/GDRDMA
a100-llm-05:4004300:4004468 [1] NCCL INFO Connected to proxy localRank 0 -> connection 0x7ff600000d10
a100-llm-05:4004300:4004454 [5] NCCL INFO New proxy recv connection 0 from local rank 0, transport 2
a100-llm-05:4004300:4004464 [5] NCCL INFO Connected to proxy localRank 0 -> connection 0x7ff5f8000d10
a100-llm-05:4004300:4004451 [3] NCCL INFO New proxy recv connection 0 from local rank 0, transport 2
a100-llm-05:4004300:4004465 [4] NCCL INFO Connected to proxy localRank 0 -> connection 0x563f30835ec0
a100-llm-05:4004300:4004463 [6] NCCL INFO Connected to proxy localRank 0 -> connection 0x7ff60c000d10
a100-llm-05:4004300:4004463 [6] NCCL INFO Channel 00/0 : 5[5] -> 6[6] [receive] via NET/IB/12/GDRDMA
a100-llm-05:4004300:4004463 [6] NCCL INFO GPU Direct RDMA Enabled for GPU/0-1044560 (rank 6) - NET/0-12 (distance 5 <= 6, read 0, mode Default)
a100-llm-05:4004300:4004455 [6] NCCL INFO New proxy recv connection 1 from local rank 0, transport 2
a100-llm-05:4004300:4004463 [6] NCCL INFO Connected to proxy localRank 0 -> connection 0x7ff60c000d88
a100-llm-05:4004300:4004463 [6] NCCL INFO Channel 01/0 : 5[5] -> 6[6] [receive] via NET/IB/12/GDRDMA
a100-llm-05:4004300:4004463 [6] NCCL INFO GPU Direct RDMA Enabled for GPU/0-1044560 (rank 6) - NET/0-12 (distance 5 <= 6, read 1, mode Default)
a100-llm-05:4004300:4004455 [6] NCCL INFO New proxy send connection 2 from local rank 0, transport 2
a100-llm-05:4004300:4004463 [6] NCCL INFO Connected to proxy localRank 0 -> connection 0x7ff60c000e00
a100-llm-05:4004300:4004463 [6] NCCL INFO Channel 00/0 : 6[6] -> 7[7] [send] via NET/IB/12/GDRDMA
a100-llm-05:4004300:4004463 [6] NCCL INFO GPU Direct RDMA Enabled for GPU/0-1044560 (rank 6) - NET/0-12 (distance 5 <= 6, read 1, mode Default)
a100-llm-05:4004300:4004455 [6] NCCL INFO New proxy send connection 3 from local rank 0, transport 2
a100-llm-05:4004300:4004463 [6] NCCL INFO Connected to proxy localRank 0 -> connection 0x7ff60c000e78
a100-llm-05:4004300:4004463 [6] NCCL INFO Channel 01/0 : 6[6] -> 7[7] [send] via NET/IB/12/GDRDMA
a100-llm-05:4004300:4004468 [1] NCCL INFO Channel 00/0 : 0[0] -> 1[1] [receive] via NET/IB/9/GDRDMA
a100-llm-05:4004300:4004468 [1] NCCL INFO GPU Direct RDMA Enabled for GPU/0-1020000 (rank 1) - NET/0-9 (distance 5 <= 6, read 0, mode Default)
a100-llm-05:4004300:4004450 [1] NCCL INFO New proxy recv connection 1 from local rank 0, transport 2
a100-llm-05:4004300:4004468 [1] NCCL INFO Connected to proxy localRank 0 -> connection 0x7ff600000d88
a100-llm-05:4004300:4004468 [1] NCCL INFO Channel 01/0 : 0[0] -> 1[1] [receive] via NET/IB/9/GDRDMA
a100-llm-05:4004300:4004468 [1] NCCL INFO GPU Direct RDMA Enabled for GPU/0-1020000 (rank 1) - NET/0-9 (distance 5 <= 6, read 1, mode Default)
a100-llm-05:4004300:4004464 [5] NCCL INFO Channel 00/0 : 4[4] -> 5[5] [receive] via NET/IB/11/GDRDMA
a100-llm-05:4004300:4004450 [1] NCCL INFO New proxy send connection 2 from local rank 0, transport 2
a100-llm-05:4004300:4004468 [1] NCCL INFO Connected to proxy localRank 0 -> connection 0x7ff600000e00
a100-llm-05:4004300:4004464 [5] NCCL INFO GPU Direct RDMA Enabled for GPU/0-1036384 (rank 5) - NET/0-11 (distance 5 <= 6, read 0, mode Default)
a100-llm-05:4004300:4004468 [1] NCCL INFO Channel 00/0 : 1[1] -> 2[2] [send] via NET/IB/9/GDRDMA
a100-llm-05:4004300:4004468 [1] NCCL INFO GPU Direct RDMA Enabled for GPU/0-1020000 (rank 1) - NET/0-9 (distance 5 <= 6, read 1, mode Default)
a100-llm-05:4004300:4004452 [2] NCCL INFO New proxy recv connection 0 from local rank 0, transport 2
a100-llm-05:4004300:4004450 [1] NCCL INFO New proxy send connection 3 from local rank 0, transport 2
a100-llm-05:4004300:4004466 [3] NCCL INFO Connected to proxy localRank 0 -> connection 0x7ff6140010a0
a100-llm-05:4004300:4004466 [3] NCCL INFO Channel 00/0 : 2[2] -> 3[3] [receive] via NET/IB/10/GDRDMA
a100-llm-05:4004300:4004466 [3] NCCL INFO GPU Direct RDMA Enabled for GPU/0-1028192 (rank 3) - NET/0-10 (distance 5 <= 6, read 0, mode Default)
a100-llm-05:4004300:4004451 [3] NCCL INFO New proxy recv connection 1 from local rank 0, transport 2
a100-llm-05:4004300:4004466 [3] NCCL INFO Connected to proxy localRank 0 -> connection 0x7ff614001118
a100-llm-05:4004300:4004466 [3] NCCL INFO Channel 01/0 : 2[2] -> 3[3] [receive] via NET/IB/10/GDRDMA
a100-llm-05:4004300:4004466 [3] NCCL INFO GPU Direct RDMA Enabled for GPU/0-1028192 (rank 3) - NET/0-10 (distance 5 <= 6, read 1, mode Default)
a100-llm-05:4004300:4004451 [3] NCCL INFO New proxy send connection 2 from local rank 0, transport 2
a100-llm-05:4004300:4004466 [3] NCCL INFO Connected to proxy localRank 0 -> connection 0x7ff614001190
a100-llm-05:4004300:4004466 [3] NCCL INFO Channel 00/0 : 3[3] -> 4[4] [send] via NET/IB/10/GDRDMA
a100-llm-05:4004300:4004466 [3] NCCL INFO GPU Direct RDMA Enabled for GPU/0-1028192 (rank 3) - NET/0-10 (distance 5 <= 6, read 1, mode Default)
a100-llm-05:4004300:4004451 [3] NCCL INFO New proxy send connection 3 from local rank 0, transport 2
a100-llm-05:4004300:4004466 [3] NCCL INFO Connected to proxy localRank 0 -> connection 0x7ff614001208
a100-llm-05:4004300:4004466 [3] NCCL INFO Channel 01/0 : 3[3] -> 4[4] [send] via NET/IB/10/GDRDMA
a100-llm-05:4004300:4004467 [2] NCCL INFO Connected to proxy localRank 0 -> connection 0x7ff628000d10
a100-llm-05:4004300:4004467 [2] NCCL INFO Channel 00/0 : 1[1] -> 2[2] [receive] via NET/IB/10/GDRDMA
a100-llm-05:4004300:4004467 [2] NCCL INFO GPU Direct RDMA Enabled for GPU/0-1028176 (rank 2) - NET/0-10 (distance 5 <= 6, read 0, mode Default)
a100-llm-05:4004300:4004452 [2] NCCL INFO New proxy recv connection 1 from local rank 0, transport 2
a100-llm-05:4004300:4004467 [2] NCCL INFO Connected to proxy localRank 0 -> connection 0x7ff628000d88
a100-llm-05:4004300:4004467 [2] NCCL INFO Channel 01/0 : 1[1] -> 2[2] [receive] via NET/IB/10/GDRDMA
a100-llm-05:4004300:4004467 [2] NCCL INFO GPU Direct RDMA Enabled for GPU/0-1028176 (rank 2) - NET/0-10 (distance 5 <= 6, read 1, mode Default)
a100-llm-05:4004300:4004452 [2] NCCL INFO New proxy send connection 2 from local rank 0, transport 2
a100-llm-05:4004300:4004467 [2] NCCL INFO Connected to proxy localRank 0 -> connection 0x7ff628000e00
a100-llm-05:4004300:4004467 [2] NCCL INFO Channel 00/0 : 2[2] -> 3[3] [send] via NET/IB/10/GDRDMA
a100-llm-05:4004300:4004467 [2] NCCL INFO GPU Direct RDMA Enabled for GPU/0-1028176 (rank 2) - NET/0-10 (distance 5 <= 6, read 1, mode Default)
a100-llm-05:4004300:4004452 [2] NCCL INFO New proxy send connection 3 from local rank 0, transport 2
a100-llm-05:4004300:4004467 [2] NCCL INFO Connected to proxy localRank 0 -> connection 0x7ff628000e78
a100-llm-05:4004300:4004467 [2] NCCL INFO Channel 01/0 : 2[2] -> 3[3] [send] via NET/IB/10/GDRDMA
a100-llm-05:4004300:4004465 [4] NCCL INFO Channel 00/0 : 3[3] -> 4[4] [receive] via NET/IB/11/GDRDMA
a100-llm-05:4004300:4004465 [4] NCCL INFO GPU Direct RDMA Enabled for GPU/0-1036368 (rank 4) - NET/0-11 (distance 5 <= 6, read 0, mode Default)
a100-llm-05:4004300:4004454 [5] NCCL INFO New proxy recv connection 1 from local rank 0, transport 2
a100-llm-05:4004300:4004464 [5] NCCL INFO Connected to proxy localRank 0 -> connection 0x7ff5f8000d88
a100-llm-05:4004300:4004468 [1] NCCL INFO Connected to proxy localRank 0 -> connection 0x7ff600000e78
a100-llm-05:4004300:4004468 [1] NCCL INFO Channel 01/0 : 1[1] -> 2[2] [send] via NET/IB/9/GDRDMA
a100-llm-05:4004300:4004458 [4] NCCL INFO New proxy recv connection 1 from local rank 0, transport 2
a100-llm-05:4004300:4004448 [0] NCCL INFO NET/IB: NCCL Dev 9 IbDev 1 Port 1 qpn 1252 mtu 5 GID 3 (0/F34413C6FFFF0000) ctsFifoRkey=0x5dfd9 ctsFifoLkey=0x5dfd9
a100-llm-05:4004300:4004448 [0] NCCL INFO NET/IB: IbDev 1 Port 1 qpn 1252 query_ece={supported=1, vendor_id=0x15b3, options=0x30000000, comp_mask=0x0}
a100-llm-05:4004300:4004448 [0] NCCL INFO NET/IB: NCCL Dev 9 IbDev 2 Port 1 qpn 996 mtu 5 GID 3 (0/173F13C6FFFF0000) ctsFifoRkey=0x20ac8 ctsFifoLkey=0x20ac8
a100-llm-05:4004300:4004448 [0] NCCL INFO NET/IB: IbDev 2 Port 1 qpn 996 query_ece={supported=1, vendor_id=0x15b3, options=0x30000000, comp_mask=0x0}
a100-llm-05:4004300:4004464 [5] NCCL INFO Channel 01/0 : 4[4] -> 5[5] [receive] via NET/IB/11/GDRDMA
a100-llm-05:4004300:4004464 [5] NCCL INFO GPU Direct RDMA Enabled for GPU/0-1036384 (rank 5) - NET/0-11 (distance 5 <= 6, read 1, mode Default)
a100-llm-05:4004300:4004446 [7] NCCL INFO NET/IB: NCCL Dev 12 IbDev 7 Port 1 qpn 1252 mtu 5 GID 3 (0/4E5A13C6FFFF0000) ctsFifoRkey=0x4eaef ctsFifoLkey=0x4eaef
a100-llm-05:4004300:4004446 [7] NCCL INFO NET/IB: IbDev 7 Port 1 qpn 1252 query_ece={supported=1, vendor_id=0x15b3, options=0x30000000, comp_mask=0x0}
a100-llm-05:4004300:4004446 [7] NCCL INFO NET/IB: NCCL Dev 12 IbDev 8 Port 1 qpn 996 mtu 5 GID 3 (0/57B013C6FFFF0000) ctsFifoRkey=0x11ee0 ctsFifoLkey=0x11ee0
a100-llm-05:4004300:4004446 [7] NCCL INFO NET/IB: IbDev 8 Port 1 qpn 996 query_ece={supported=1, vendor_id=0x15b3, options=0x30000000, comp_mask=0x0}
a100-llm-05:4004300:4004446 [7] NCCL INFO NET/IB: NCCL Dev 12 IbDev 7 Port 1 qpn 1253 mtu 5 GID 3 (0/4E5A13C6FFFF0000) ctsFifoRkey=0x50304 ctsFifoLkey=0x50304
a100-llm-05:4004300:4004446 [7] NCCL INFO NET/IB: IbDev 7 Port 1 qpn 1253 query_ece={supported=1, vendor_id=0x15b3, options=0x30000000, comp_mask=0x0}
a100-llm-05:4004300:4004446 [7] NCCL INFO NET/IB: NCCL Dev 12 IbDev 8 Port 1 qpn 997 mtu 5 GID 3 (0/57B013C6FFFF0000) ctsFifoRkey=0x13efa ctsFifoLkey=0x13efa
a100-llm-05:4004300:4004446 [7] NCCL INFO NET/IB: IbDev 8 Port 1 qpn 997 query_ece={supported=1, vendor_id=0x15b3, options=0x30000000, comp_mask=0x0}
a100-llm-05:4004300:4004454 [5] NCCL INFO New proxy send connection 2 from local rank 0, transport 2
a100-llm-05:4004300:4004464 [5] NCCL INFO Connected to proxy localRank 0 -> connection 0x7ff5f8000e00
a100-llm-05:4004300:4004448 [0] NCCL INFO NET/IB: NCCL Dev 9 IbDev 1 Port 1 qpn 1253 mtu 5 GID 3 (0/F34413C6FFFF0000) ctsFifoRkey=0x63232 ctsFifoLkey=0x63232
a100-llm-05:4004300:4004448 [0] NCCL INFO NET/IB: IbDev 1 Port 1 qpn 1253 query_ece={supported=1, vendor_id=0x15b3, options=0x30000000, comp_mask=0x0}
a100-llm-05:4004300:4004448 [0] NCCL INFO NET/IB: NCCL Dev 9 IbDev 2 Port 1 qpn 997 mtu 5 GID 3 (0/173F13C6FFFF0000) ctsFifoRkey=0x25817 ctsFifoLkey=0x25817
a100-llm-05:4004300:4004448 [0] NCCL INFO NET/IB: IbDev 2 Port 1 qpn 997 query_ece={supported=1, vendor_id=0x15b3, options=0x30000000, comp_mask=0x0}
a100-llm-05:4004300:4004450 [1] NCCL INFO NET/IB: NCCL Dev 9 IbDev 1 Port 1 qpn 1256 mtu 5 GID 3 (0/F34413C6FFFF0000) ctsFifoRkey=0x60e0f ctsFifoLkey=0x60e0f
a100-llm-05:4004300:4004450 [1] NCCL INFO NET/IB: IbDev 1 Port 1 qpn 1256 query_ece={supported=1, vendor_id=0x15b3, options=0x30000000, comp_mask=0x0}
a100-llm-05:4004300:4004450 [1] NCCL INFO NET/IB: NCCL Dev 9 IbDev 2 Port 1 qpn 1000 mtu 5 GID 3 (0/173F13C6FFFF0000) ctsFifoRkey=0x23efd ctsFifoLkey=0x23efd
a100-llm-05:4004300:4004450 [1] NCCL INFO NET/IB: IbDev 2 Port 1 qpn 1000 query_ece={supported=1, vendor_id=0x15b3, options=0x30000000, comp_mask=0x0}
a100-llm-05:4004300:4004464 [5] NCCL INFO Channel 00/0 : 5[5] -> 6[6] [send] via NET/IB/11/GDRDMA
a100-llm-05:4004300:4004464 [5] NCCL INFO GPU Direct RDMA Enabled for GPU/0-1036384 (rank 5) - NET/0-11 (distance 5 <= 6, read 1, mode Default)
a100-llm-05:4004300:4004454 [5] NCCL INFO New proxy send connection 3 from local rank 0, transport 2
a100-llm-05:4004300:4004464 [5] NCCL INFO Connected to proxy localRank 0 -> connection 0x7ff5f8000e78
a100-llm-05:4004300:4004464 [5] NCCL INFO Channel 01/0 : 5[5] -> 6[6] [send] via NET/IB/11/GDRDMA
a100-llm-05:4004300:4004465 [4] NCCL INFO Connected to proxy localRank 0 -> connection 0x563f30835f38
a100-llm-05:4004300:4004448 [0] NCCL INFO NET/IB: IbDev 1 Port 1 qpn 1252 set_ece={supported=1, vendor_id=0x15b3, options=0x30000000, comp_mask=0x0}
a100-llm-05:4004300:4004448 [0] NCCL INFO NET/IB: IbDev 2 Port 1 qpn 996 set_ece={supported=1, vendor_id=0x15b3, options=0x30000000, comp_mask=0x0}
a100-llm-05:4004300:4004446 [7] NCCL INFO NET/IB: IbDev 7 Port 1 qpn 1253 set_ece={supported=1, vendor_id=0x15b3, options=0x30000000, comp_mask=0x0}
a100-llm-05:4004300:4004446 [7] NCCL INFO NET/IB: IbDev 8 Port 1 qpn 997 set_ece={supported=1, vendor_id=0x15b3, options=0x30000000, comp_mask=0x0}
a100-llm-05:4004300:4004465 [4] NCCL INFO Channel 01/0 : 3[3] -> 4[4] [receive] via NET/IB/11/GDRDMA
a100-llm-05:4004300:4004465 [4] NCCL INFO GPU Direct RDMA Enabled for GPU/0-1036368 (rank 4) - NET/0-11 (distance 5 <= 6, read 1, mode Default)
a100-llm-05:4004300:4004458 [4] NCCL INFO New proxy send connection 2 from local rank 0, transport 2
a100-llm-05:4004300:4004465 [4] NCCL INFO Connected to proxy localRank 0 -> connection 0x563f30835fb0
a100-llm-05:4004300:4004465 [4] NCCL INFO Channel 00/0 : 4[4] -> 5[5] [send] via NET/IB/11/GDRDMA
a100-llm-05:4004300:4004465 [4] NCCL INFO GPU Direct RDMA Enabled for GPU/0-1036368 (rank 4) - NET/0-11 (distance 5 <= 6, read 1, mode Default)
a100-llm-05:4004300:4004458 [4] NCCL INFO New proxy send connection 3 from local rank 0, transport 2
a100-llm-05:4004300:4004465 [4] NCCL INFO Connected to proxy localRank 0 -> connection 0x563f30836028
a100-llm-05:4004300:4004465 [4] NCCL INFO Channel 01/0 : 4[4] -> 5[5] [send] via NET/IB/11/GDRDMA
a100-llm-05:4004300:4004450 [1] NCCL INFO NET/IB: NCCL Dev 9 IbDev 1 Port 1 qpn 1261 mtu 5 GID 3 (0/F34413C6FFFF0000) ctsFifoRkey=0x66766 ctsFifoLkey=0x66766
a100-llm-05:4004300:4004450 [1] NCCL INFO NET/IB: IbDev 1 Port 1 qpn 1261 query_ece={supported=1, vendor_id=0x15b3, options=0x30000000, comp_mask=0x0}
a100-llm-05:4004300:4004450 [1] NCCL INFO NET/IB: NCCL Dev 9 IbDev 2 Port 1 qpn 1005 mtu 5 GID 3 (0/173F13C6FFFF0000) ctsFifoRkey=0x2a666 ctsFifoLkey=0x2a666
a100-llm-05:4004300:4004450 [1] NCCL INFO NET/IB: IbDev 2 Port 1 qpn 1005 query_ece={supported=1, vendor_id=0x15b3, options=0x30000000, comp_mask=0x0}
a100-llm-05:4004300:4004448 [0] NCCL INFO NET/IB: IbDev 1 Port 1 qpn 1253 set_ece={supported=1, vendor_id=0x15b3, options=0x30000000, comp_mask=0x0}
a100-llm-05:4004300:4004446 [7] NCCL INFO NET/IB: IbDev 7 Port 1 qpn 1252 set_ece={supported=1, vendor_id=0x15b3, options=0x30000000, comp_mask=0x0}
a100-llm-05:4004300:4004448 [0] NCCL INFO NET/IB: IbDev 2 Port 1 qpn 997 set_ece={supported=1, vendor_id=0x15b3, options=0x30000000, comp_mask=0x0}
a100-llm-05:4004300:4004446 [7] NCCL INFO NET/IB: IbDev 8 Port 1 qpn 996 set_ece={supported=1, vendor_id=0x15b3, options=0x30000000, comp_mask=0x0}
a100-llm-05:4004300:4004458 [4] NCCL INFO NET/IB: NCCL Dev 11 IbDev 5 Port 1 qpn 1252 mtu 5 GID 3 (0/520113C6FFFF0000) ctsFifoRkey=0x60607 ctsFifoLkey=0x60607
a100-llm-05:4004300:4004458 [4] NCCL INFO NET/IB: IbDev 5 Port 1 qpn 1252 query_ece={supported=1, vendor_id=0x15b3, options=0x30000000, comp_mask=0x0}
a100-llm-05:4004300:4004458 [4] NCCL INFO NET/IB: NCCL Dev 11 IbDev 6 Port 1 qpn 996 mtu 5 GID 3 (0/B90713C6FFFF0000) ctsFifoRkey=0x234f3 ctsFifoLkey=0x234f3
a100-llm-05:4004300:4004458 [4] NCCL INFO NET/IB: IbDev 6 Port 1 qpn 996 query_ece={supported=1, vendor_id=0x15b3, options=0x30000000, comp_mask=0x0}
a100-llm-05:4004300:4004455 [6] NCCL INFO NET/IB: NCCL Dev 12 IbDev 7 Port 1 qpn 1254 mtu 5 GID 3 (0/4E5A13C6FFFF0000) ctsFifoRkey=0x62a2d ctsFifoLkey=0x62a2d
a100-llm-05:4004300:4004455 [6] NCCL INFO NET/IB: IbDev 7 Port 1 qpn 1254 query_ece={supported=1, vendor_id=0x15b3, options=0x30000000, comp_mask=0x0}
a100-llm-05:4004300:4004455 [6] NCCL INFO NET/IB: NCCL Dev 12 IbDev 8 Port 1 qpn 998 mtu 5 GID 3 (0/57B013C6FFFF0000) ctsFifoRkey=0x26020 ctsFifoLkey=0x26020
a100-llm-05:4004300:4004455 [6] NCCL INFO NET/IB: IbDev 8 Port 1 qpn 998 query_ece={supported=1, vendor_id=0x15b3, options=0x30000000, comp_mask=0x0}
a100-llm-05:4004300:4004455 [6] NCCL INFO NET/IB: NCCL Dev 12 IbDev 7 Port 1 qpn 1255 mtu 5 GID 3 (0/4E5A13C6FFFF0000) ctsFifoRkey=0x6211f ctsFifoLkey=0x6211f
a100-llm-05:4004300:4004455 [6] NCCL INFO NET/IB: IbDev 7 Port 1 qpn 1255 query_ece={supported=1, vendor_id=0x15b3, options=0x30000000, comp_mask=0x0}
a100-llm-05:4004300:4004455 [6] NCCL INFO NET/IB: NCCL Dev 12 IbDev 8 Port 1 qpn 999 mtu 5 GID 3 (0/57B013C6FFFF0000) ctsFifoRkey=0x24504 ctsFifoLkey=0x24504
a100-llm-05:4004300:4004455 [6] NCCL INFO NET/IB: IbDev 8 Port 1 qpn 999 query_ece={supported=1, vendor_id=0x15b3, options=0x30000000, comp_mask=0x0}
a100-llm-05:4004300:4004454 [5] NCCL INFO NET/IB: NCCL Dev 11 IbDev 5 Port 1 qpn 1253 mtu 5 GID 3 (0/520113C6FFFF0000) ctsFifoRkey=0x5fbf8 ctsFifoLkey=0x5fbf8
a100-llm-05:4004300:4004454 [5] NCCL INFO NET/IB: IbDev 5 Port 1 qpn 1253 query_ece={supported=1, vendor_id=0x15b3, options=0x30000000, comp_mask=0x0}
a100-llm-05:4004300:4004455 [6] NCCL INFO NET/IB: IbDev 7 Port 1 qpn 1254 set_ece={supported=1, vendor_id=0x15b3, options=0x30000000, comp_mask=0x0}
a100-llm-05:4004300:4004454 [5] NCCL INFO NET/IB: NCCL Dev 11 IbDev 6 Port 1 qpn 997 mtu 5 GID 3 (0/B90713C6FFFF0000) ctsFifoRkey=0x228e7 ctsFifoLkey=0x228e7
a100-llm-05:4004300:4004454 [5] NCCL INFO NET/IB: IbDev 6 Port 1 qpn 997 query_ece={supported=1, vendor_id=0x15b3, options=0x30000000, comp_mask=0x0}
a100-llm-05:4004300:4004455 [6] NCCL INFO NET/IB: IbDev 8 Port 1 qpn 998 set_ece={supported=1, vendor_id=0x15b3, options=0x30000000, comp_mask=0x0}
a100-llm-05:4004300:4004450 [1] NCCL INFO NET/IB: IbDev 1 Port 1 qpn 1261 set_ece={supported=1, vendor_id=0x15b3, options=0x30000000, comp_mask=0x0}
a100-llm-05:4004300:4004450 [1] NCCL INFO NET/IB: IbDev 2 Port 1 qpn 1005 set_ece={supported=1, vendor_id=0x15b3, options=0x30000000, comp_mask=0x0}
a100-llm-05:4004300:4004452 [2] NCCL INFO NET/IB: NCCL Dev 10 IbDev 3 Port 1 qpn 1254 mtu 5 GID 3 (0/220D13C6FFFF0000) ctsFifoRkey=0x5fdfc ctsFifoLkey=0x5fdfc
a100-llm-05:4004300:4004452 [2] NCCL INFO NET/IB: IbDev 3 Port 1 qpn 1254 query_ece={supported=1, vendor_id=0x15b3, options=0x30000000, comp_mask=0x0}
a100-llm-05:4004300:4004452 [2] NCCL INFO NET/IB: NCCL Dev 10 IbDev 4 Port 1 qpn 998 mtu 5 GID 3 (0/422613C6FFFF0000) ctsFifoRkey=0x24504 ctsFifoLkey=0x24504
a100-llm-05:4004300:4004452 [2] NCCL INFO NET/IB: IbDev 4 Port 1 qpn 998 query_ece={supported=1, vendor_id=0x15b3, options=0x30000000, comp_mask=0x0}
a100-llm-05:4004300:4004458 [4] NCCL INFO NET/IB: IbDev 5 Port 1 qpn 1252 set_ece={supported=1, vendor_id=0x15b3, options=0x30000000, comp_mask=0x0}
a100-llm-05:4004300:4004451 [3] NCCL INFO NET/IB: NCCL Dev 10 IbDev 3 Port 1 qpn 1255 mtu 5 GID 3 (0/220D13C6FFFF0000) ctsFifoRkey=0x5f0ed ctsFifoLkey=0x5f0ed
a100-llm-05:4004300:4004451 [3] NCCL INFO NET/IB: IbDev 3 Port 1 qpn 1255 query_ece={supported=1, vendor_id=0x15b3, options=0x30000000, comp_mask=0x0}
a100-llm-05:4004300:4004451 [3] NCCL INFO NET/IB: NCCL Dev 10 IbDev 4 Port 1 qpn 999 mtu 5 GID 3 (0/422613C6FFFF0000) ctsFifoRkey=0x25812 ctsFifoLkey=0x25812
a100-llm-05:4004300:4004451 [3] NCCL INFO NET/IB: IbDev 4 Port 1 qpn 999 query_ece={supported=1, vendor_id=0x15b3, options=0x30000000, comp_mask=0x0}
a100-llm-05:4004300:4004458 [4] NCCL INFO NET/IB: IbDev 6 Port 1 qpn 996 set_ece={supported=1, vendor_id=0x15b3, options=0x30000000, comp_mask=0x0}
a100-llm-05:4004300:4004454 [5] NCCL INFO NET/IB: NCCL Dev 11 IbDev 5 Port 1 qpn 1256 mtu 5 GID 3 (0/520113C6FFFF0000) ctsFifoRkey=0x65d5d ctsFifoLkey=0x65d5d
a100-llm-05:4004300:4004454 [5] NCCL INFO NET/IB: IbDev 5 Port 1 qpn 1256 query_ece={supported=1, vendor_id=0x15b3, options=0x30000000, comp_mask=0x0}
a100-llm-05:4004300:4004454 [5] NCCL INFO NET/IB: NCCL Dev 11 IbDev 6 Port 1 qpn 1000 mtu 5 GID 3 (0/B90713C6FFFF0000) ctsFifoRkey=0x28f4e ctsFifoLkey=0x28f4e
a100-llm-05:4004300:4004454 [5] NCCL INFO NET/IB: IbDev 6 Port 1 qpn 1000 query_ece={supported=1, vendor_id=0x15b3, options=0x30000000, comp_mask=0x0}
a100-llm-05:4004300:4004451 [3] NCCL INFO NET/IB: NCCL Dev 10 IbDev 3 Port 1 qpn 1256 mtu 5 GID 3 (0/220D13C6FFFF0000) ctsFifoRkey=0x60b09 ctsFifoLkey=0x60b09
a100-llm-05:4004300:4004451 [3] NCCL INFO NET/IB: IbDev 3 Port 1 qpn 1256 query_ece={supported=1, vendor_id=0x15b3, options=0x30000000, comp_mask=0x0}
a100-llm-05:4004300:4004451 [3] NCCL INFO NET/IB: NCCL Dev 10 IbDev 4 Port 1 qpn 1000 mtu 5 GID 3 (0/422613C6FFFF0000) ctsFifoRkey=0x22ceb ctsFifoLkey=0x22ceb
a100-llm-05:4004300:4004451 [3] NCCL INFO NET/IB: IbDev 4 Port 1 qpn 1000 query_ece={supported=1, vendor_id=0x15b3, options=0x30000000, comp_mask=0x0}
a100-llm-05:4004300:4004452 [2] NCCL INFO NET/IB: NCCL Dev 10 IbDev 3 Port 1 qpn 1260 mtu 5 GID 3 (0/220D13C6FFFF0000) ctsFifoRkey=0x67f80 ctsFifoLkey=0x67f80
a100-llm-05:4004300:4004452 [2] NCCL INFO NET/IB: IbDev 3 Port 1 qpn 1260 query_ece={supported=1, vendor_id=0x15b3, options=0x30000000, comp_mask=0x0}
a100-llm-05:4004300:4004452 [2] NCCL INFO NET/IB: NCCL Dev 10 IbDev 4 Port 1 qpn 1004 mtu 5 GID 3 (0/422613C6FFFF0000) ctsFifoRkey=0x2dc9f ctsFifoLkey=0x2dc9f
a100-llm-05:4004300:4004452 [2] NCCL INFO NET/IB: IbDev 4 Port 1 qpn 1004 query_ece={supported=1, vendor_id=0x15b3, options=0x30000000, comp_mask=0x0}
a100-llm-05:4004300:4004451 [3] NCCL INFO NET/IB: IbDev 3 Port 1 qpn 1255 set_ece={supported=1, vendor_id=0x15b3, options=0x30000000, comp_mask=0x0}
a100-llm-05:4004300:4004451 [3] NCCL INFO NET/IB: IbDev 4 Port 1 qpn 999 set_ece={supported=1, vendor_id=0x15b3, options=0x30000000, comp_mask=0x0}
a100-llm-05:4004300:4004458 [4] NCCL INFO NET/IB: NCCL Dev 11 IbDev 5 Port 1 qpn 1259 mtu 5 GID 3 (0/520113C6FFFF0000) ctsFifoRkey=0x64848 ctsFifoLkey=0x64848
a100-llm-05:4004300:4004458 [4] NCCL INFO NET/IB: IbDev 5 Port 1 qpn 1259 query_ece={supported=1, vendor_id=0x15b3, options=0x30000000, comp_mask=0x0}
a100-llm-05:4004300:4004452 [2] NCCL INFO NET/IB: IbDev 3 Port 1 qpn 1254 set_ece={supported=1, vendor_id=0x15b3, options=0x30000000, comp_mask=0x0}
a100-llm-05:4004300:4004458 [4] NCCL INFO NET/IB: NCCL Dev 11 IbDev 6 Port 1 qpn 1003 mtu 5 GID 3 (0/B90713C6FFFF0000) ctsFifoRkey=0x27635 ctsFifoLkey=0x27635
a100-llm-05:4004300:4004458 [4] NCCL INFO NET/IB: IbDev 6 Port 1 qpn 1003 query_ece={supported=1, vendor_id=0x15b3, options=0x30000000, comp_mask=0x0}
a100-llm-05:4004300:4004452 [2] NCCL INFO NET/IB: IbDev 4 Port 1 qpn 998 set_ece={supported=1, vendor_id=0x15b3, options=0x30000000, comp_mask=0x0}
a100-llm-05:4004300:4004455 [6] NCCL INFO NET/IB: IbDev 7 Port 1 qpn 1255 set_ece={supported=1, vendor_id=0x15b3, options=0x30000000, comp_mask=0x0}
a100-llm-05:4004300:4004455 [6] NCCL INFO NET/IB: IbDev 8 Port 1 qpn 999 set_ece={supported=1, vendor_id=0x15b3, options=0x30000000, comp_mask=0x0}
a100-llm-05:4004300:4004450 [1] NCCL INFO NET/IB: IbDev 1 Port 1 qpn 1256 set_ece={supported=1, vendor_id=0x15b3, options=0x30000000, comp_mask=0x0}
a100-llm-05:4004300:4004450 [1] NCCL INFO NET/IB: IbDev 2 Port 1 qpn 1000 set_ece={supported=1, vendor_id=0x15b3, options=0x30000000, comp_mask=0x0}
a100-llm-05:4004300:4004454 [5] NCCL INFO NET/IB: IbDev 5 Port 1 qpn 1253 set_ece={supported=1, vendor_id=0x15b3, options=0x30000000, comp_mask=0x0}
a100-llm-05:4004300:4004454 [5] NCCL INFO NET/IB: IbDev 6 Port 1 qpn 997 set_ece={supported=1, vendor_id=0x15b3, options=0x30000000, comp_mask=0x0}
a100-llm-05:4004300:4004451 [3] NCCL INFO NET/IB: IbDev 3 Port 1 qpn 1256 set_ece={supported=1, vendor_id=0x15b3, options=0x30000000, comp_mask=0x0}
a100-llm-05:4004300:4004458 [4] NCCL INFO NET/IB: IbDev 5 Port 1 qpn 1259 set_ece={supported=1, vendor_id=0x15b3, options=0x30000000, comp_mask=0x0}
a100-llm-05:4004300:4004451 [3] NCCL INFO NET/IB: IbDev 4 Port 1 qpn 1000 set_ece={supported=1, vendor_id=0x15b3, options=0x30000000, comp_mask=0x0}
a100-llm-05:4004300:4004458 [4] NCCL INFO NET/IB: IbDev 6 Port 1 qpn 1003 set_ece={supported=1, vendor_id=0x15b3, options=0x30000000, comp_mask=0x0}
a100-llm-05:4004300:4004452 [2] NCCL INFO NET/IB: IbDev 3 Port 1 qpn 1260 set_ece={supported=1, vendor_id=0x15b3, options=0x30000000, comp_mask=0x0}
a100-llm-05:4004300:4004452 [2] NCCL INFO NET/IB: IbDev 4 Port 1 qpn 1004 set_ece={supported=1, vendor_id=0x15b3, options=0x30000000, comp_mask=0x0}
a100-llm-05:4004300:4004454 [5] NCCL INFO NET/IB: IbDev 5 Port 1 qpn 1256 set_ece={supported=1, vendor_id=0x15b3, options=0x30000000, comp_mask=0x0}
a100-llm-05:4004300:4004454 [5] NCCL INFO NET/IB: IbDev 6 Port 1 qpn 1000 set_ece={supported=1, vendor_id=0x15b3, options=0x30000000, comp_mask=0x0}
[AIMD] FinalizeChunkRTT: cc=0x7ff604001000 slot=0 inflight_before=1
[AIMD] FinalizeChunkRTT: cc=0x7ff604001000 slot=564 inflight_before=2
warmup done.
[AIMD] FinalizeChunkRTT: cc=0x7ff5fc001390 slot=264 inflight_before=5
[AIMD] FinalizeChunkRTT: cc=0x7ff5fc001390 slot=122 inflight_before=8
a100-llm-05:4004300:4004438 [0] NCCL INFO V2MIN: pressure=1.000 (fast=0.508 slow=0.003 dev=0.5050) state=SHRINK window=204 floor=204 high=3208 low=0 ncc=16
[AIMD] FinalizeChunkRTT: cc=0x7ff608037400 slot=877 inflight_before=8
[AIMD] FinalizeChunkRTT: cc=0x7ff618001000 slot=147 inflight_before=8
[AIMD] FinalizeChunkRTT: cc=0x7ff60c0659a0 slot=830 inflight_before=1
[AIMD] FinalizeChunkRTT: cc=0x7ff608037400 slot=661 inflight_before=7
[AIMD] FinalizeChunkRTT: cc=0x7ff5fc0176b0 slot=1006 inflight_before=1
a100-llm-05:4004300:4004438 [0] NCCL INFO V2MIN: pressure=1.000 (fast=0.104 slow=0.003 dev=0.1009) state=SHRINK window=204 floor=204 high=7928 low=0 ncc=16
[AIMD] FinalizeChunkRTT: cc=0x7ff608037400 slot=874 inflight_before=1
[AIMD] FinalizeChunkRTT: cc=0x7ff60c0659a0 slot=513 inflight_before=2
[AIMD] FinalizeChunkRTT: cc=0x7ff618001000 slot=88 inflight_before=1
[AIMD] FinalizeChunkRTT: cc=0x7ff60c0659a0 slot=676 inflight_before=3
CSV written to: det_v3_sweep_run5/bench_latency_20260416_205550.csv

========================================
  Oracle Experiment Results
========================================
Config: nDev=8  count=1048576  data=4.19 MB  iters=1000
NCCL_AIMD_ENABLE=1  NCCL_CC_ORACLE_FACTOR=(unset)

Wall-clock latency (us):
  mean= 11523.1  stddev= 11939.5
  p50 =  5979.9  p99   = 51049.6  max= 71716.3

Collective max GPU latency (us):
  mean= 11484.7  stddev= 11921.9
  p50 =  5966.8  p99   = 51026.9  max= 71689.2

Rank skew (us):
  mean=   528.3  stddev=  1652.1
  p50 =   146.4  p99   =  9509.7  max= 14263.3

Avg algo bandwidth: 0.64 GB/s
========================================

