a100-llm-05:3986010:3986159 [5] NCCL INFO New proxy recv connection 0 from local rank 0, transport 2
a100-llm-05:3986010:3986153 [2] NCCL INFO New proxy recv connection 0 from local rank 0, transport 2
a100-llm-05:3986010:3986152 [4] NCCL INFO New proxy recv connection 0 from local rank 0, transport 2
a100-llm-05:3986010:3986170 [5] NCCL INFO Connected to proxy localRank 0 -> connection 0x7f5d7c0010a0
a100-llm-05:3986010:3986162 [7] NCCL INFO New proxy recv connection 1 from local rank 0, transport 2
a100-llm-05:3986010:3986168 [7] NCCL INFO Connected to proxy localRank 0 -> connection 0x7f5d6c001118
a100-llm-05:3986010:3986160 [6] NCCL INFO New proxy recv connection 0 from local rank 0, transport 2
a100-llm-05:3986010:3986170 [5] NCCL INFO Channel 00/0 : 4[4] -> 5[5] [receive] via NET/IB/11/GDRDMA
a100-llm-05:3986010:3986170 [5] NCCL INFO GPU Direct RDMA Enabled for GPU/0-1036384 (rank 5) - NET/0-11 (distance 5 <= 6, read 0, mode Default)
a100-llm-05:3986010:3986165 [0] NCCL INFO New proxy recv connection 0 from local rank 0, transport 2
a100-llm-05:3986010:3986169 [6] NCCL INFO Connected to proxy localRank 0 -> connection 0x7f5d80000d10
a100-llm-05:3986010:3986169 [6] NCCL INFO Channel 00/0 : 5[5] -> 6[6] [receive] via NET/IB/12/GDRDMA
a100-llm-05:3986010:3986169 [6] NCCL INFO GPU Direct RDMA Enabled for GPU/0-1044560 (rank 6) - NET/0-12 (distance 5 <= 6, read 0, mode Default)
a100-llm-05:3986010:3986160 [6] NCCL INFO New proxy recv connection 1 from local rank 0, transport 2
a100-llm-05:3986010:3986169 [6] NCCL INFO Connected to proxy localRank 0 -> connection 0x7f5d80000d88
a100-llm-05:3986010:3986169 [6] NCCL INFO Channel 01/0 : 5[5] -> 6[6] [receive] via NET/IB/12/GDRDMA
a100-llm-05:3986010:3986169 [6] NCCL INFO GPU Direct RDMA Enabled for GPU/0-1044560 (rank 6) - NET/0-12 (distance 5 <= 6, read 1, mode Default)
a100-llm-05:3986010:3986160 [6] NCCL INFO New proxy send connection 2 from local rank 0, transport 2
a100-llm-05:3986010:3986169 [6] NCCL INFO Connected to proxy localRank 0 -> connection 0x7f5d80000e00
a100-llm-05:3986010:3986169 [6] NCCL INFO Channel 00/0 : 6[6] -> 7[7] [send] via NET/IB/12/GDRDMA
a100-llm-05:3986010:3986169 [6] NCCL INFO GPU Direct RDMA Enabled for GPU/0-1044560 (rank 6) - NET/0-12 (distance 5 <= 6, read 1, mode Default)
a100-llm-05:3986010:3986160 [6] NCCL INFO New proxy send connection 3 from local rank 0, transport 2
a100-llm-05:3986010:3986169 [6] NCCL INFO Connected to proxy localRank 0 -> connection 0x7f5d80000e78
a100-llm-05:3986010:3986169 [6] NCCL INFO Channel 01/0 : 6[6] -> 7[7] [send] via NET/IB/12/GDRDMA
a100-llm-05:3986010:3986172 [3] NCCL INFO Connected to proxy localRank 0 -> connection 0x7f5d90000d10
a100-llm-05:3986010:3986172 [3] NCCL INFO Channel 00/0 : 2[2] -> 3[3] [receive] via NET/IB/10/GDRDMA
a100-llm-05:3986010:3986172 [3] NCCL INFO GPU Direct RDMA Enabled for GPU/0-1028192 (rank 3) - NET/0-10 (distance 5 <= 6, read 0, mode Default)
a100-llm-05:3986010:3986156 [3] NCCL INFO New proxy recv connection 1 from local rank 0, transport 2
a100-llm-05:3986010:3986172 [3] NCCL INFO Connected to proxy localRank 0 -> connection 0x7f5d90000d88
a100-llm-05:3986010:3986172 [3] NCCL INFO Channel 01/0 : 2[2] -> 3[3] [receive] via NET/IB/10/GDRDMA
a100-llm-05:3986010:3986172 [3] NCCL INFO GPU Direct RDMA Enabled for GPU/0-1028192 (rank 3) - NET/0-10 (distance 5 <= 6, read 1, mode Default)
a100-llm-05:3986010:3986156 [3] NCCL INFO New proxy send connection 2 from local rank 0, transport 2
a100-llm-05:3986010:3986172 [3] NCCL INFO Connected to proxy localRank 0 -> connection 0x7f5d90000e00
a100-llm-05:3986010:3986172 [3] NCCL INFO Channel 00/0 : 3[3] -> 4[4] [send] via NET/IB/10/GDRDMA
a100-llm-05:3986010:3986172 [3] NCCL INFO GPU Direct RDMA Enabled for GPU/0-1028192 (rank 3) - NET/0-10 (distance 5 <= 6, read 1, mode Default)
a100-llm-05:3986010:3986156 [3] NCCL INFO New proxy send connection 3 from local rank 0, transport 2
a100-llm-05:3986010:3986172 [3] NCCL INFO Connected to proxy localRank 0 -> connection 0x7f5d90000e78
a100-llm-05:3986010:3986172 [3] NCCL INFO Channel 01/0 : 3[3] -> 4[4] [send] via NET/IB/10/GDRDMA
a100-llm-05:3986010:3986151 [1] NCCL INFO New proxy recv connection 0 from local rank 0, transport 2
a100-llm-05:3986010:3986173 [2] NCCL INFO Connected to proxy localRank 0 -> connection 0x7f5d94000d10
a100-llm-05:3986010:3986174 [1] NCCL INFO Connected to proxy localRank 0 -> connection 0x7f5d9c000d10
a100-llm-05:3986010:3986174 [1] NCCL INFO Channel 00/0 : 0[0] -> 1[1] [receive] via NET/IB/9/GDRDMA
a100-llm-05:3986010:3986174 [1] NCCL INFO GPU Direct RDMA Enabled for GPU/0-1020000 (rank 1) - NET/0-9 (distance 5 <= 6, read 0, mode Default)
a100-llm-05:3986010:3986151 [1] NCCL INFO New proxy recv connection 1 from local rank 0, transport 2
a100-llm-05:3986010:3986174 [1] NCCL INFO Connected to proxy localRank 0 -> connection 0x7f5d9c000d88
a100-llm-05:3986010:3986174 [1] NCCL INFO Channel 01/0 : 0[0] -> 1[1] [receive] via NET/IB/9/GDRDMA
a100-llm-05:3986010:3986174 [1] NCCL INFO GPU Direct RDMA Enabled for GPU/0-1020000 (rank 1) - NET/0-9 (distance 5 <= 6, read 1, mode Default)
a100-llm-05:3986010:3986151 [1] NCCL INFO New proxy send connection 2 from local rank 0, transport 2
a100-llm-05:3986010:3986174 [1] NCCL INFO Connected to proxy localRank 0 -> connection 0x7f5d9c000e00
a100-llm-05:3986010:3986174 [1] NCCL INFO Channel 00/0 : 1[1] -> 2[2] [send] via NET/IB/9/GDRDMA
a100-llm-05:3986010:3986174 [1] NCCL INFO GPU Direct RDMA Enabled for GPU/0-1020000 (rank 1) - NET/0-9 (distance 5 <= 6, read 1, mode Default)
a100-llm-05:3986010:3986151 [1] NCCL INFO New proxy send connection 3 from local rank 0, transport 2
a100-llm-05:3986010:3986174 [1] NCCL INFO Connected to proxy localRank 0 -> connection 0x7f5d9c000e78
a100-llm-05:3986010:3986174 [1] NCCL INFO Channel 01/0 : 1[1] -> 2[2] [send] via NET/IB/9/GDRDMA
a100-llm-05:3986010:3986159 [5] NCCL INFO New proxy recv connection 1 from local rank 0, transport 2
a100-llm-05:3986010:3986170 [5] NCCL INFO Connected to proxy localRank 0 -> connection 0x7f5d7c001118
a100-llm-05:3986010:3986168 [7] NCCL INFO Channel 01/0 : 6[6] -> 7[7] [receive] via NET/IB/12/GDRDMA
a100-llm-05:3986010:3986168 [7] NCCL INFO GPU Direct RDMA Enabled for GPU/0-1044576 (rank 7) - NET/0-12 (distance 5 <= 6, read 1, mode Default)
a100-llm-05:3986010:3986175 [0] NCCL INFO Connected to proxy localRank 0 -> connection 0x5623a45990c0
a100-llm-05:3986010:3986162 [7] NCCL INFO New proxy send connection 2 from local rank 0, transport 2
a100-llm-05:3986010:3986171 [4] NCCL INFO Connected to proxy localRank 0 -> connection 0x7f5da0000d10
a100-llm-05:3986010:3986171 [4] NCCL INFO Channel 00/0 : 3[3] -> 4[4] [receive] via NET/IB/11/GDRDMA
a100-llm-05:3986010:3986171 [4] NCCL INFO GPU Direct RDMA Enabled for GPU/0-1036368 (rank 4) - NET/0-11 (distance 5 <= 6, read 0, mode Default)
a100-llm-05:3986010:3986170 [5] NCCL INFO Channel 01/0 : 4[4] -> 5[5] [receive] via NET/IB/11/GDRDMA
a100-llm-05:3986010:3986170 [5] NCCL INFO GPU Direct RDMA Enabled for GPU/0-1036384 (rank 5) - NET/0-11 (distance 5 <= 6, read 1, mode Default)
a100-llm-05:3986010:3986173 [2] NCCL INFO Channel 00/0 : 1[1] -> 2[2] [receive] via NET/IB/10/GDRDMA
a100-llm-05:3986010:3986173 [2] NCCL INFO GPU Direct RDMA Enabled for GPU/0-1028176 (rank 2) - NET/0-10 (distance 5 <= 6, read 0, mode Default)
a100-llm-05:3986010:3986159 [5] NCCL INFO New proxy send connection 2 from local rank 0, transport 2
a100-llm-05:3986010:3986170 [5] NCCL INFO Connected to proxy localRank 0 -> connection 0x7f5d7c001190
a100-llm-05:3986010:3986170 [5] NCCL INFO Channel 00/0 : 5[5] -> 6[6] [send] via NET/IB/11/GDRDMA
a100-llm-05:3986010:3986170 [5] NCCL INFO GPU Direct RDMA Enabled for GPU/0-1036384 (rank 5) - NET/0-11 (distance 5 <= 6, read 1, mode Default)
a100-llm-05:3986010:3986159 [5] NCCL INFO New proxy send connection 3 from local rank 0, transport 2
a100-llm-05:3986010:3986170 [5] NCCL INFO Connected to proxy localRank 0 -> connection 0x7f5d7c001208
a100-llm-05:3986010:3986170 [5] NCCL INFO Channel 01/0 : 5[5] -> 6[6] [send] via NET/IB/11/GDRDMA
a100-llm-05:3986010:3986153 [2] NCCL INFO New proxy recv connection 1 from local rank 0, transport 2
a100-llm-05:3986010:3986168 [7] NCCL INFO Connected to proxy localRank 0 -> connection 0x7f5d6c001190
a100-llm-05:3986010:3986175 [0] NCCL INFO Channel 00/0 : 7[7] -> 0[0] [receive] via NET/IB/9/GDRDMA
a100-llm-05:3986010:3986175 [0] NCCL INFO GPU Direct RDMA Enabled for GPU/0-1019984 (rank 0) - NET/0-9 (distance 5 <= 6, read 0, mode Default)
a100-llm-05:3986010:3986165 [0] NCCL INFO New proxy recv connection 1 from local rank 0, transport 2
a100-llm-05:3986010:3986152 [4] NCCL INFO New proxy recv connection 1 from local rank 0, transport 2
a100-llm-05:3986010:3986171 [4] NCCL INFO Connected to proxy localRank 0 -> connection 0x7f5da0000d88
a100-llm-05:3986010:3986175 [0] NCCL INFO Connected to proxy localRank 0 -> connection 0x5623a4599138
a100-llm-05:3986010:3986173 [2] NCCL INFO Connected to proxy localRank 0 -> connection 0x7f5d94000d88
a100-llm-05:3986010:3986168 [7] NCCL INFO Channel 00/0 : 7[7] -> 0[0] [send] via NET/IB/12/GDRDMA
a100-llm-05:3986010:3986168 [7] NCCL INFO GPU Direct RDMA Enabled for GPU/0-1044576 (rank 7) - NET/0-12 (distance 5 <= 6, read 1, mode Default)
a100-llm-05:3986010:3986162 [7] NCCL INFO New proxy send connection 3 from local rank 0, transport 2
a100-llm-05:3986010:3986171 [4] NCCL INFO Channel 01/0 : 3[3] -> 4[4] [receive] via NET/IB/11/GDRDMA
a100-llm-05:3986010:3986171 [4] NCCL INFO GPU Direct RDMA Enabled for GPU/0-1036368 (rank 4) - NET/0-11 (distance 5 <= 6, read 1, mode Default)
a100-llm-05:3986010:3986175 [0] NCCL INFO Channel 01/0 : 7[7] -> 0[0] [receive] via NET/IB/9/GDRDMA
a100-llm-05:3986010:3986175 [0] NCCL INFO GPU Direct RDMA Enabled for GPU/0-1019984 (rank 0) - NET/0-9 (distance 5 <= 6, read 1, mode Default)
a100-llm-05:3986010:3986173 [2] NCCL INFO Channel 01/0 : 1[1] -> 2[2] [receive] via NET/IB/10/GDRDMA
a100-llm-05:3986010:3986173 [2] NCCL INFO GPU Direct RDMA Enabled for GPU/0-1028176 (rank 2) - NET/0-10 (distance 5 <= 6, read 1, mode Default)
a100-llm-05:3986010:3986165 [0] NCCL INFO New proxy send connection 2 from local rank 0, transport 2
a100-llm-05:3986010:3986175 [0] NCCL INFO Connected to proxy localRank 0 -> connection 0x5623a45991b0
a100-llm-05:3986010:3986153 [2] NCCL INFO New proxy send connection 2 from local rank 0, transport 2
a100-llm-05:3986010:3986168 [7] NCCL INFO Connected to proxy localRank 0 -> connection 0x7f5d6c001208
a100-llm-05:3986010:3986152 [4] NCCL INFO New proxy send connection 2 from local rank 0, transport 2
a100-llm-05:3986010:3986171 [4] NCCL INFO Connected to proxy localRank 0 -> connection 0x7f5da0000e00
a100-llm-05:3986010:3986175 [0] NCCL INFO Channel 00/0 : 0[0] -> 1[1] [send] via NET/IB/9/GDRDMA
a100-llm-05:3986010:3986175 [0] NCCL INFO GPU Direct RDMA Enabled for GPU/0-1019984 (rank 0) - NET/0-9 (distance 5 <= 6, read 1, mode Default)
a100-llm-05:3986010:3986173 [2] NCCL INFO Connected to proxy localRank 0 -> connection 0x7f5d94000e00
a100-llm-05:3986010:3986165 [0] NCCL INFO New proxy send connection 3 from local rank 0, transport 2
a100-llm-05:3986010:3986175 [0] NCCL INFO Connected to proxy localRank 0 -> connection 0x5623a4599228
a100-llm-05:3986010:3986175 [0] NCCL INFO Channel 01/0 : 0[0] -> 1[1] [send] via NET/IB/9/GDRDMA
a100-llm-05:3986010:3986168 [7] NCCL INFO Channel 01/0 : 7[7] -> 0[0] [send] via NET/IB/12/GDRDMA
a100-llm-05:3986010:3986160 [6] NCCL INFO NET/IB: NCCL Dev 12 IbDev 7 Port 1 qpn 1180 mtu 5 GID 3 (0/4E5A13C6FFFF0000) ctsFifoRkey=0x1b2c2b ctsFifoLkey=0x1b2c2b
a100-llm-05:3986010:3986160 [6] NCCL INFO NET/IB: IbDev 7 Port 1 qpn 1180 query_ece={supported=1, vendor_id=0x15b3, options=0x30000000, comp_mask=0x0}
a100-llm-05:3986010:3986160 [6] NCCL INFO NET/IB: NCCL Dev 12 IbDev 8 Port 1 qpn 924 mtu 5 GID 3 (0/57B013C6FFFF0000) ctsFifoRkey=0x17a968 ctsFifoLkey=0x17a968
a100-llm-05:3986010:3986160 [6] NCCL INFO NET/IB: IbDev 8 Port 1 qpn 924 query_ece={supported=1, vendor_id=0x15b3, options=0x30000000, comp_mask=0x0}
a100-llm-05:3986010:3986171 [4] NCCL INFO Channel 00/0 : 4[4] -> 5[5] [send] via NET/IB/11/GDRDMA
a100-llm-05:3986010:3986171 [4] NCCL INFO GPU Direct RDMA Enabled for GPU/0-1036368 (rank 4) - NET/0-11 (distance 5 <= 6, read 1, mode Default)
a100-llm-05:3986010:3986152 [4] NCCL INFO New proxy send connection 3 from local rank 0, transport 2
a100-llm-05:3986010:3986173 [2] NCCL INFO Channel 00/0 : 2[2] -> 3[3] [send] via NET/IB/10/GDRDMA
a100-llm-05:3986010:3986173 [2] NCCL INFO GPU Direct RDMA Enabled for GPU/0-1028176 (rank 2) - NET/0-10 (distance 5 <= 6, read 1, mode Default)
a100-llm-05:3986010:3986171 [4] NCCL INFO Connected to proxy localRank 0 -> connection 0x7f5da0000e78
a100-llm-05:3986010:3986171 [4] NCCL INFO Channel 01/0 : 4[4] -> 5[5] [send] via NET/IB/11/GDRDMA
a100-llm-05:3986010:3986160 [6] NCCL INFO NET/IB: IbDev 7 Port 1 qpn 1180 set_ece={supported=1, vendor_id=0x15b3, options=0x30000000, comp_mask=0x0}
a100-llm-05:3986010:3986160 [6] NCCL INFO NET/IB: IbDev 8 Port 1 qpn 924 set_ece={supported=1, vendor_id=0x15b3, options=0x30000000, comp_mask=0x0}
a100-llm-05:3986010:3986160 [6] NCCL INFO NET/IB: NCCL Dev 12 IbDev 7 Port 1 qpn 1183 mtu 5 GID 3 (0/4E5A13C6FFFF0000) ctsFifoRkey=0x1b4243 ctsFifoLkey=0x1b4243
a100-llm-05:3986010:3986160 [6] NCCL INFO NET/IB: IbDev 7 Port 1 qpn 1183 query_ece={supported=1, vendor_id=0x15b3, options=0x30000000, comp_mask=0x0}
a100-llm-05:3986010:3986160 [6] NCCL INFO NET/IB: NCCL Dev 12 IbDev 8 Port 1 qpn 927 mtu 5 GID 3 (0/57B013C6FFFF0000) ctsFifoRkey=0x17c181 ctsFifoLkey=0x17c181
a100-llm-05:3986010:3986160 [6] NCCL INFO NET/IB: IbDev 8 Port 1 qpn 927 query_ece={supported=1, vendor_id=0x15b3, options=0x30000000, comp_mask=0x0}
a100-llm-05:3986010:3986153 [2] NCCL INFO New proxy send connection 3 from local rank 0, transport 2
a100-llm-05:3986010:3986173 [2] NCCL INFO Connected to proxy localRank 0 -> connection 0x7f5d94000e78
a100-llm-05:3986010:3986159 [5] NCCL INFO NET/IB: NCCL Dev 11 IbDev 5 Port 1 qpn 1180 mtu 5 GID 3 (0/520113C6FFFF0000) ctsFifoRkey=0x1bafae ctsFifoLkey=0x1bafae
a100-llm-05:3986010:3986159 [5] NCCL INFO NET/IB: IbDev 5 Port 1 qpn 1180 query_ece={supported=1, vendor_id=0x15b3, options=0x30000000, comp_mask=0x0}
a100-llm-05:3986010:3986159 [5] NCCL INFO NET/IB: NCCL Dev 11 IbDev 6 Port 1 qpn 924 mtu 5 GID 3 (0/B90713C6FFFF0000) ctsFifoRkey=0x17de9b ctsFifoLkey=0x17de9b
a100-llm-05:3986010:3986159 [5] NCCL INFO NET/IB: IbDev 6 Port 1 qpn 924 query_ece={supported=1, vendor_id=0x15b3, options=0x30000000, comp_mask=0x0}
a100-llm-05:3986010:3986159 [5] NCCL INFO NET/IB: NCCL Dev 11 IbDev 5 Port 1 qpn 1181 mtu 5 GID 3 (0/520113C6FFFF0000) ctsFifoRkey=0x1bbaba ctsFifoLkey=0x1bbaba
a100-llm-05:3986010:3986159 [5] NCCL INFO NET/IB: IbDev 5 Port 1 qpn 1181 query_ece={supported=1, vendor_id=0x15b3, options=0x30000000, comp_mask=0x0}
a100-llm-05:3986010:3986159 [5] NCCL INFO NET/IB: NCCL Dev 11 IbDev 6 Port 1 qpn 925 mtu 5 GID 3 (0/B90713C6FFFF0000) ctsFifoRkey=0x17eaa9 ctsFifoLkey=0x17eaa9
a100-llm-05:3986010:3986159 [5] NCCL INFO NET/IB: IbDev 6 Port 1 qpn 925 query_ece={supported=1, vendor_id=0x15b3, options=0x30000000, comp_mask=0x0}
a100-llm-05:3986010:3986152 [4] NCCL INFO NET/IB: NCCL Dev 11 IbDev 5 Port 1 qpn 1182 mtu 5 GID 3 (0/520113C6FFFF0000) ctsFifoRkey=0x23edb0 ctsFifoLkey=0x23edb0
a100-llm-05:3986010:3986152 [4] NCCL INFO NET/IB: IbDev 5 Port 1 qpn 1182 query_ece={supported=1, vendor_id=0x15b3, options=0x30000000, comp_mask=0x0}
a100-llm-05:3986010:3986152 [4] NCCL INFO NET/IB: NCCL Dev 11 IbDev 6 Port 1 qpn 926 mtu 5 GID 3 (0/B90713C6FFFF0000) ctsFifoRkey=0x202eae ctsFifoLkey=0x202eae
a100-llm-05:3986010:3986152 [4] NCCL INFO NET/IB: IbDev 6 Port 1 qpn 926 query_ece={supported=1, vendor_id=0x15b3, options=0x30000000, comp_mask=0x0}
a100-llm-05:3986010:3986152 [4] NCCL INFO NET/IB: NCCL Dev 11 IbDev 5 Port 1 qpn 1183 mtu 5 GID 3 (0/520113C6FFFF0000) ctsFifoRkey=0x23f0af ctsFifoLkey=0x23f0af
a100-llm-05:3986010:3986152 [4] NCCL INFO NET/IB: IbDev 5 Port 1 qpn 1183 query_ece={supported=1, vendor_id=0x15b3, options=0x30000000, comp_mask=0x0}
a100-llm-05:3986010:3986160 [6] NCCL INFO NET/IB: IbDev 7 Port 1 qpn 1183 set_ece={supported=1, vendor_id=0x15b3, options=0x30000000, comp_mask=0x0}
a100-llm-05:3986010:3986152 [4] NCCL INFO NET/IB: NCCL Dev 11 IbDev 6 Port 1 qpn 927 mtu 5 GID 3 (0/B90713C6FFFF0000) ctsFifoRkey=0x2030b0 ctsFifoLkey=0x2030b0
a100-llm-05:3986010:3986152 [4] NCCL INFO NET/IB: IbDev 6 Port 1 qpn 927 query_ece={supported=1, vendor_id=0x15b3, options=0x30000000, comp_mask=0x0}
a100-llm-05:3986010:3986160 [6] NCCL INFO NET/IB: IbDev 8 Port 1 qpn 927 set_ece={supported=1, vendor_id=0x15b3, options=0x30000000, comp_mask=0x0}
a100-llm-05:3986010:3986162 [7] NCCL INFO NET/IB: NCCL Dev 12 IbDev 7 Port 1 qpn 1188 mtu 5 GID 3 (0/4E5A13C6FFFF0000) ctsFifoRkey=0x1b6966 ctsFifoLkey=0x1b6966
a100-llm-05:3986010:3986162 [7] NCCL INFO NET/IB: IbDev 7 Port 1 qpn 1188 query_ece={supported=1, vendor_id=0x15b3, options=0x30000000, comp_mask=0x0}
a100-llm-05:3986010:3986162 [7] NCCL INFO NET/IB: NCCL Dev 12 IbDev 8 Port 1 qpn 932 mtu 5 GID 3 (0/57B013C6FFFF0000) ctsFifoRkey=0x17e5a6 ctsFifoLkey=0x17e5a6
a100-llm-05:3986010:3986162 [7] NCCL INFO NET/IB: IbDev 8 Port 1 qpn 932 query_ece={supported=1, vendor_id=0x15b3, options=0x30000000, comp_mask=0x0}
a100-llm-05:3986010:3986162 [7] NCCL INFO NET/IB: NCCL Dev 12 IbDev 7 Port 1 qpn 1189 mtu 5 GID 3 (0/4E5A13C6FFFF0000) ctsFifoRkey=0x1b7474 ctsFifoLkey=0x1b7474
a100-llm-05:3986010:3986162 [7] NCCL INFO NET/IB: IbDev 7 Port 1 qpn 1189 query_ece={supported=1, vendor_id=0x15b3, options=0x30000000, comp_mask=0x0}
a100-llm-05:3986010:3986162 [7] NCCL INFO NET/IB: NCCL Dev 12 IbDev 8 Port 1 qpn 933 mtu 5 GID 3 (0/57B013C6FFFF0000) ctsFifoRkey=0x17eeb0 ctsFifoLkey=0x17eeb0
a100-llm-05:3986010:3986162 [7] NCCL INFO NET/IB: IbDev 8 Port 1 qpn 933 query_ece={supported=1, vendor_id=0x15b3, options=0x30000000, comp_mask=0x0}
a100-llm-05:3986010:3986173 [2] NCCL INFO Channel 01/0 : 2[2] -> 3[3] [send] via NET/IB/10/GDRDMA
a100-llm-05:3986010:3986159 [5] NCCL INFO NET/IB: IbDev 5 Port 1 qpn 1180 set_ece={supported=1, vendor_id=0x15b3, options=0x30000000, comp_mask=0x0}
a100-llm-05:3986010:3986159 [5] NCCL INFO NET/IB: IbDev 6 Port 1 qpn 924 set_ece={supported=1, vendor_id=0x15b3, options=0x30000000, comp_mask=0x0}
a100-llm-05:3986010:3986159 [5] NCCL INFO NET/IB: IbDev 5 Port 1 qpn 1181 set_ece={supported=1, vendor_id=0x15b3, options=0x30000000, comp_mask=0x0}
a100-llm-05:3986010:3986159 [5] NCCL INFO NET/IB: IbDev 6 Port 1 qpn 925 set_ece={supported=1, vendor_id=0x15b3, options=0x30000000, comp_mask=0x0}
a100-llm-05:3986010:3986152 [4] NCCL INFO NET/IB: IbDev 5 Port 1 qpn 1182 set_ece={supported=1, vendor_id=0x15b3, options=0x30000000, comp_mask=0x0}
a100-llm-05:3986010:3986152 [4] NCCL INFO NET/IB: IbDev 6 Port 1 qpn 926 set_ece={supported=1, vendor_id=0x15b3, options=0x30000000, comp_mask=0x0}
a100-llm-05:3986010:3986152 [4] NCCL INFO NET/IB: IbDev 5 Port 1 qpn 1183 set_ece={supported=1, vendor_id=0x15b3, options=0x30000000, comp_mask=0x0}
a100-llm-05:3986010:3986152 [4] NCCL INFO NET/IB: IbDev 6 Port 1 qpn 927 set_ece={supported=1, vendor_id=0x15b3, options=0x30000000, comp_mask=0x0}
a100-llm-05:3986010:3986162 [7] NCCL INFO NET/IB: IbDev 7 Port 1 qpn 1188 set_ece={supported=1, vendor_id=0x15b3, options=0x30000000, comp_mask=0x0}
a100-llm-05:3986010:3986162 [7] NCCL INFO NET/IB: IbDev 8 Port 1 qpn 932 set_ece={supported=1, vendor_id=0x15b3, options=0x30000000, comp_mask=0x0}
a100-llm-05:3986010:3986165 [0] NCCL INFO NET/IB: NCCL Dev 9 IbDev 1 Port 1 qpn 1182 mtu 5 GID 3 (0/F34413C6FFFF0000) ctsFifoRkey=0x1bc8c7 ctsFifoLkey=0x1bc8c7
a100-llm-05:3986010:3986165 [0] NCCL INFO NET/IB: IbDev 1 Port 1 qpn 1182 query_ece={supported=1, vendor_id=0x15b3, options=0x30000000, comp_mask=0x0}
a100-llm-05:3986010:3986165 [0] NCCL INFO NET/IB: NCCL Dev 9 IbDev 2 Port 1 qpn 926 mtu 5 GID 3 (0/173F13C6FFFF0000) ctsFifoRkey=0x17cf8f ctsFifoLkey=0x17cf8f
a100-llm-05:3986010:3986165 [0] NCCL INFO NET/IB: IbDev 2 Port 1 qpn 926 query_ece={supported=1, vendor_id=0x15b3, options=0x30000000, comp_mask=0x0}
a100-llm-05:3986010:3986151 [1] NCCL INFO NET/IB: NCCL Dev 9 IbDev 1 Port 1 qpn 1183 mtu 5 GID 3 (0/F34413C6FFFF0000) ctsFifoRkey=0x1bd1d0 ctsFifoLkey=0x1bd1d0
a100-llm-05:3986010:3986151 [1] NCCL INFO NET/IB: IbDev 1 Port 1 qpn 1183 query_ece={supported=1, vendor_id=0x15b3, options=0x30000000, comp_mask=0x0}
a100-llm-05:3986010:3986151 [1] NCCL INFO NET/IB: NCCL Dev 9 IbDev 2 Port 1 qpn 927 mtu 5 GID 3 (0/173F13C6FFFF0000) ctsFifoRkey=0x17da9a ctsFifoLkey=0x17da9a
a100-llm-05:3986010:3986151 [1] NCCL INFO NET/IB: IbDev 2 Port 1 qpn 927 query_ece={supported=1, vendor_id=0x15b3, options=0x30000000, comp_mask=0x0}
a100-llm-05:3986010:3986151 [1] NCCL INFO NET/IB: NCCL Dev 9 IbDev 1 Port 1 qpn 1185 mtu 5 GID 3 (0/F34413C6FFFF0000) ctsFifoRkey=0x1bdddc ctsFifoLkey=0x1bdddc
a100-llm-05:3986010:3986151 [1] NCCL INFO NET/IB: IbDev 1 Port 1 qpn 1185 query_ece={supported=1, vendor_id=0x15b3, options=0x30000000, comp_mask=0x0}
a100-llm-05:3986010:3986151 [1] NCCL INFO NET/IB: NCCL Dev 9 IbDev 2 Port 1 qpn 929 mtu 5 GID 3 (0/173F13C6FFFF0000) ctsFifoRkey=0x17eeae ctsFifoLkey=0x17eeae
a100-llm-05:3986010:3986151 [1] NCCL INFO NET/IB: IbDev 2 Port 1 qpn 929 query_ece={supported=1, vendor_id=0x15b3, options=0x30000000, comp_mask=0x0}
a100-llm-05:3986010:3986162 [7] NCCL INFO NET/IB: IbDev 7 Port 1 qpn 1189 set_ece={supported=1, vendor_id=0x15b3, options=0x30000000, comp_mask=0x0}
a100-llm-05:3986010:3986162 [7] NCCL INFO NET/IB: IbDev 8 Port 1 qpn 933 set_ece={supported=1, vendor_id=0x15b3, options=0x30000000, comp_mask=0x0}
a100-llm-05:3986010:3986156 [3] NCCL INFO NET/IB: NCCL Dev 10 IbDev 3 Port 1 qpn 1180 mtu 5 GID 3 (0/220D13C6FFFF0000) ctsFifoRkey=0x1b8f8e ctsFifoLkey=0x1b8f8e
a100-llm-05:3986010:3986156 [3] NCCL INFO NET/IB: IbDev 3 Port 1 qpn 1180 query_ece={supported=1, vendor_id=0x15b3, options=0x30000000, comp_mask=0x0}
a100-llm-05:3986010:3986165 [0] NCCL INFO NET/IB: NCCL Dev 9 IbDev 1 Port 1 qpn 1188 mtu 5 GID 3 (0/F34413C6FFFF0000) ctsFifoRkey=0x23f0b0 ctsFifoLkey=0x23f0b0
a100-llm-05:3986010:3986165 [0] NCCL INFO NET/IB: IbDev 1 Port 1 qpn 1188 query_ece={supported=1, vendor_id=0x15b3, options=0x30000000, comp_mask=0x0}
a100-llm-05:3986010:3986156 [3] NCCL INFO NET/IB: NCCL Dev 10 IbDev 4 Port 1 qpn 924 mtu 5 GID 3 (0/422613C6FFFF0000) ctsFifoRkey=0x1822e1 ctsFifoLkey=0x1822e1
a100-llm-05:3986010:3986156 [3] NCCL INFO NET/IB: IbDev 4 Port 1 qpn 924 query_ece={supported=1, vendor_id=0x15b3, options=0x30000000, comp_mask=0x0}
a100-llm-05:3986010:3986165 [0] NCCL INFO NET/IB: NCCL Dev 9 IbDev 2 Port 1 qpn 932 mtu 5 GID 3 (0/173F13C6FFFF0000) ctsFifoRkey=0x2030b0 ctsFifoLkey=0x2030b0
a100-llm-05:3986010:3986165 [0] NCCL INFO NET/IB: IbDev 2 Port 1 qpn 932 query_ece={supported=1, vendor_id=0x15b3, options=0x30000000, comp_mask=0x0}
a100-llm-05:3986010:3986156 [3] NCCL INFO NET/IB: NCCL Dev 10 IbDev 3 Port 1 qpn 1181 mtu 5 GID 3 (0/220D13C6FFFF0000) ctsFifoRkey=0x1b9c9c ctsFifoLkey=0x1b9c9c
a100-llm-05:3986010:3986156 [3] NCCL INFO NET/IB: IbDev 3 Port 1 qpn 1181 query_ece={supported=1, vendor_id=0x15b3, options=0x30000000, comp_mask=0x0}
a100-llm-05:3986010:3986156 [3] NCCL INFO NET/IB: NCCL Dev 10 IbDev 4 Port 1 qpn 925 mtu 5 GID 3 (0/422613C6FFFF0000) ctsFifoRkey=0x1827e6 ctsFifoLkey=0x1827e6
a100-llm-05:3986010:3986156 [3] NCCL INFO NET/IB: IbDev 4 Port 1 qpn 925 query_ece={supported=1, vendor_id=0x15b3, options=0x30000000, comp_mask=0x0}
a100-llm-05:3986010:3986165 [0] NCCL INFO NET/IB: IbDev 1 Port 1 qpn 1182 set_ece={supported=1, vendor_id=0x15b3, options=0x30000000, comp_mask=0x0}
a100-llm-05:3986010:3986165 [0] NCCL INFO NET/IB: IbDev 2 Port 1 qpn 926 set_ece={supported=1, vendor_id=0x15b3, options=0x30000000, comp_mask=0x0}
a100-llm-05:3986010:3986153 [2] NCCL INFO NET/IB: NCCL Dev 10 IbDev 3 Port 1 qpn 1184 mtu 5 GID 3 (0/220D13C6FFFF0000) ctsFifoRkey=0x1bb8b1 ctsFifoLkey=0x1bb8b1
a100-llm-05:3986010:3986153 [2] NCCL INFO NET/IB: IbDev 3 Port 1 qpn 1184 query_ece={supported=1, vendor_id=0x15b3, options=0x30000000, comp_mask=0x0}
a100-llm-05:3986010:3986153 [2] NCCL INFO NET/IB: NCCL Dev 10 IbDev 4 Port 1 qpn 928 mtu 5 GID 3 (0/422613C6FFFF0000) ctsFifoRkey=0x1830ef ctsFifoLkey=0x1830ef
a100-llm-05:3986010:3986153 [2] NCCL INFO NET/IB: IbDev 4 Port 1 qpn 928 query_ece={supported=1, vendor_id=0x15b3, options=0x30000000, comp_mask=0x0}
a100-llm-05:3986010:3986151 [1] NCCL INFO NET/IB: IbDev 1 Port 1 qpn 1183 set_ece={supported=1, vendor_id=0x15b3, options=0x30000000, comp_mask=0x0}
a100-llm-05:3986010:3986151 [1] NCCL INFO NET/IB: IbDev 2 Port 1 qpn 927 set_ece={supported=1, vendor_id=0x15b3, options=0x30000000, comp_mask=0x0}
a100-llm-05:3986010:3986165 [0] NCCL INFO NET/IB: IbDev 1 Port 1 qpn 1188 set_ece={supported=1, vendor_id=0x15b3, options=0x30000000, comp_mask=0x0}
a100-llm-05:3986010:3986165 [0] NCCL INFO NET/IB: IbDev 2 Port 1 qpn 932 set_ece={supported=1, vendor_id=0x15b3, options=0x30000000, comp_mask=0x0}
a100-llm-05:3986010:3986156 [3] NCCL INFO NET/IB: IbDev 3 Port 1 qpn 1180 set_ece={supported=1, vendor_id=0x15b3, options=0x30000000, comp_mask=0x0}
a100-llm-05:3986010:3986156 [3] NCCL INFO NET/IB: IbDev 4 Port 1 qpn 924 set_ece={supported=1, vendor_id=0x15b3, options=0x30000000, comp_mask=0x0}
a100-llm-05:3986010:3986153 [2] NCCL INFO NET/IB: NCCL Dev 10 IbDev 3 Port 1 qpn 1187 mtu 5 GID 3 (0/220D13C6FFFF0000) ctsFifoRkey=0x23eeaf ctsFifoLkey=0x23eeaf
a100-llm-05:3986010:3986153 [2] NCCL INFO NET/IB: IbDev 3 Port 1 qpn 1187 query_ece={supported=1, vendor_id=0x15b3, options=0x30000000, comp_mask=0x0}
a100-llm-05:3986010:3986153 [2] NCCL INFO NET/IB: NCCL Dev 10 IbDev 4 Port 1 qpn 931 mtu 5 GID 3 (0/422613C6FFFF0000) ctsFifoRkey=0x202eae ctsFifoLkey=0x202eae
a100-llm-05:3986010:3986153 [2] NCCL INFO NET/IB: IbDev 4 Port 1 qpn 931 query_ece={supported=1, vendor_id=0x15b3, options=0x30000000, comp_mask=0x0}
a100-llm-05:3986010:3986151 [1] NCCL INFO NET/IB: IbDev 1 Port 1 qpn 1185 set_ece={supported=1, vendor_id=0x15b3, options=0x30000000, comp_mask=0x0}
a100-llm-05:3986010:3986151 [1] NCCL INFO NET/IB: IbDev 2 Port 1 qpn 929 set_ece={supported=1, vendor_id=0x15b3, options=0x30000000, comp_mask=0x0}
a100-llm-05:3986010:3986156 [3] NCCL INFO NET/IB: IbDev 3 Port 1 qpn 1181 set_ece={supported=1, vendor_id=0x15b3, options=0x30000000, comp_mask=0x0}
a100-llm-05:3986010:3986156 [3] NCCL INFO NET/IB: IbDev 4 Port 1 qpn 925 set_ece={supported=1, vendor_id=0x15b3, options=0x30000000, comp_mask=0x0}
a100-llm-05:3986010:3986153 [2] NCCL INFO NET/IB: IbDev 3 Port 1 qpn 1184 set_ece={supported=1, vendor_id=0x15b3, options=0x30000000, comp_mask=0x0}
a100-llm-05:3986010:3986153 [2] NCCL INFO NET/IB: IbDev 4 Port 1 qpn 928 set_ece={supported=1, vendor_id=0x15b3, options=0x30000000, comp_mask=0x0}
a100-llm-05:3986010:3986153 [2] NCCL INFO NET/IB: IbDev 3 Port 1 qpn 1187 set_ece={supported=1, vendor_id=0x15b3, options=0x30000000, comp_mask=0x0}
a100-llm-05:3986010:3986153 [2] NCCL INFO NET/IB: IbDev 4 Port 1 qpn 931 set_ece={supported=1, vendor_id=0x15b3, options=0x30000000, comp_mask=0x0}
[AIMD] FinalizeChunkRTT: cc=0x7f5d98001000 slot=0 inflight_before=1
[AIMD] FinalizeChunkRTT: cc=0x7f5d98001000 slot=663 inflight_before=8
warmup done.
[AIMD] FinalizeChunkRTT: cc=0x7f5d94006de0 slot=377 inflight_before=1
[AIMD] FinalizeChunkRTT: cc=0x7f5d84001000 slot=27 inflight_before=8
a100-llm-05:3986010:3986127 [0] NCCL INFO V2MIN: pressure=1.000 (fast=0.118 slow=0.002 dev=0.1156) state=SHRINK window=204 floor=204 high=2980 low=0 ncc=16
[AIMD] FinalizeChunkRTT: cc=0x7f5d800c7700 slot=1018 inflight_before=6
[AIMD] FinalizeChunkRTT: cc=0x7f5d84001000 slot=807 inflight_before=8
[AIMD] FinalizeChunkRTT: cc=0x7f5dc0001000 slot=720 inflight_before=1
[AIMD] FinalizeChunkRTT: cc=0x7f5d900c6b30 slot=370 inflight_before=8
[AIMD] FinalizeChunkRTT: cc=0x7f5d98001000 slot=942 inflight_before=1
a100-llm-05:3986010:3986127 [0] NCCL INFO V2MIN: pressure=1.000 (fast=0.167 slow=0.002 dev=0.1644) state=SHRINK window=204 floor=204 high=7705 low=0 ncc=16
[AIMD] FinalizeChunkRTT: cc=0x7f5d98001000 slot=618 inflight_before=1
[AIMD] FinalizeChunkRTT: cc=0x7f5d98001000 slot=336 inflight_before=1
[AIMD] FinalizeChunkRTT: cc=0x7f5d900c6b30 slot=186 inflight_before=2
[AIMD] FinalizeChunkRTT: cc=0x7f5d94006de0 slot=993 inflight_before=8
[AIMD] FinalizeChunkRTT: cc=0x7f5d94006de0 slot=636 inflight_before=4
a100-llm-05:3986010:3986127 [0] NCCL INFO V2MIN: pressure=1.000 (fast=0.110 slow=0.002 dev=0.1074) state=SHRINK window=204 floor=204 high=12424 low=0 ncc=16
[AIMD] FinalizeChunkRTT: cc=0x7f5d98001000 slot=274 inflight_before=1
[AIMD] FinalizeChunkRTT: cc=0x7f5d8c001000 slot=295 inflight_before=1
[AIMD] FinalizeChunkRTT: cc=0x7f5d84017320 slot=589 inflight_before=1
CSV written to: det_v3_sweep_run2/bench_latency_20260416_202432.csv

========================================
  Oracle Experiment Results
========================================
Config: nDev=8  count=1048576  data=4.19 MB  iters=1000
NCCL_AIMD_ENABLE=1  NCCL_CC_ORACLE_FACTOR=(unset)

Wall-clock latency (us):
  mean= 15659.3  stddev= 10659.8
  p50 = 15944.8  p99   = 41816.8  max= 57703.8

Collective max GPU latency (us):
  mean= 12119.0  stddev=  8472.1
  p50 = 10804.7  p99   = 39944.2  max= 53468.2

Rank skew (us):
  mean=  1093.1  stddev=  2456.4
  p50 =   142.3  p99   = 11759.0  max= 17938.4

Avg algo bandwidth: 0.47 GB/s
========================================

