a100-llm-05:3771899:3772055 [6] NCCL INFO GPU Direct RDMA Enabled for GPU/0-1044560 (rank 6) - NET/0-12 (distance 5 <= 6, read 0, mode Default)
a100-llm-05:3771899:3772056 [5] NCCL INFO Channel 00/0 : 4[4] -> 5[5] [receive] via NET/IB/11/GDRDMA
a100-llm-05:3771899:3772056 [5] NCCL INFO GPU Direct RDMA Enabled for GPU/0-1036384 (rank 5) - NET/0-11 (distance 5 <= 6, read 0, mode Default)
a100-llm-05:3771899:3772038 [5] NCCL INFO New proxy recv connection 1 from local rank 0, transport 2
a100-llm-05:3771899:3772056 [5] NCCL INFO Connected to proxy localRank 0 -> connection 0x7ff834c59438
a100-llm-05:3771899:3772056 [5] NCCL INFO Channel 01/0 : 4[4] -> 5[5] [receive] via NET/IB/11/GDRDMA
a100-llm-05:3771899:3772056 [5] NCCL INFO GPU Direct RDMA Enabled for GPU/0-1036384 (rank 5) - NET/0-11 (distance 5 <= 6, read 1, mode Default)
a100-llm-05:3771899:3772038 [5] NCCL INFO New proxy send connection 2 from local rank 0, transport 2
a100-llm-05:3771899:3772056 [5] NCCL INFO Connected to proxy localRank 0 -> connection 0x7ff834c594b0
a100-llm-05:3771899:3772056 [5] NCCL INFO Channel 00/0 : 5[5] -> 6[6] [send] via NET/IB/11/GDRDMA
a100-llm-05:3771899:3772056 [5] NCCL INFO GPU Direct RDMA Enabled for GPU/0-1036384 (rank 5) - NET/0-11 (distance 5 <= 6, read 1, mode Default)
a100-llm-05:3771899:3772038 [5] NCCL INFO New proxy send connection 3 from local rank 0, transport 2
a100-llm-05:3771899:3772056 [5] NCCL INFO Connected to proxy localRank 0 -> connection 0x7ff834c59528
a100-llm-05:3771899:3772056 [5] NCCL INFO Channel 01/0 : 5[5] -> 6[6] [send] via NET/IB/11/GDRDMA
a100-llm-05:3771899:3772041 [6] NCCL INFO New proxy recv connection 1 from local rank 0, transport 2
a100-llm-05:3771899:3772055 [6] NCCL INFO Connected to proxy localRank 0 -> connection 0x7ff810000d88
a100-llm-05:3771899:3772049 [4] NCCL INFO New proxy recv connection 0 from local rank 0, transport 2
a100-llm-05:3771899:3772045 [7] NCCL INFO New proxy recv connection 0 from local rank 0, transport 2
a100-llm-05:3771899:3772055 [6] NCCL INFO Channel 01/0 : 5[5] -> 6[6] [receive] via NET/IB/12/GDRDMA
a100-llm-05:3771899:3772055 [6] NCCL INFO GPU Direct RDMA Enabled for GPU/0-1044560 (rank 6) - NET/0-12 (distance 5 <= 6, read 1, mode Default)
a100-llm-05:3771899:3772057 [4] NCCL INFO Connected to proxy localRank 0 -> connection 0x7ff7f8000d10
a100-llm-05:3771899:3772054 [7] NCCL INFO Connected to proxy localRank 0 -> connection 0x7ff82c000d10
a100-llm-05:3771899:3772039 [1] NCCL INFO New proxy recv connection 0 from local rank 0, transport 2
a100-llm-05:3771899:3772051 [3] NCCL INFO New proxy recv connection 0 from local rank 0, transport 2
a100-llm-05:3771899:3772041 [6] NCCL INFO New proxy send connection 2 from local rank 0, transport 2
a100-llm-05:3771899:3772055 [6] NCCL INFO Connected to proxy localRank 0 -> connection 0x7ff810000e00
a100-llm-05:3771899:3772044 [2] NCCL INFO New proxy recv connection 0 from local rank 0, transport 2
a100-llm-05:3771899:3772046 [0] NCCL INFO New proxy recv connection 0 from local rank 0, transport 2
a100-llm-05:3771899:3772061 [0] NCCL INFO Connected to proxy localRank 0 -> connection 0x7ff808000d10
a100-llm-05:3771899:3772055 [6] NCCL INFO Channel 00/0 : 6[6] -> 7[7] [send] via NET/IB/12/GDRDMA
a100-llm-05:3771899:3772055 [6] NCCL INFO GPU Direct RDMA Enabled for GPU/0-1044560 (rank 6) - NET/0-12 (distance 5 <= 6, read 1, mode Default)
a100-llm-05:3771899:3772058 [3] NCCL INFO Connected to proxy localRank 0 -> connection 0x7ff7f0009e10
a100-llm-05:3771899:3772060 [1] NCCL INFO Connected to proxy localRank 0 -> connection 0x7ff953f91000
a100-llm-05:3771899:3772059 [2] NCCL INFO Connected to proxy localRank 0 -> connection 0x7ff814000d10
a100-llm-05:3771899:3772059 [2] NCCL INFO Channel 00/0 : 1[1] -> 2[2] [receive] via NET/IB/10/GDRDMA
a100-llm-05:3771899:3772059 [2] NCCL INFO GPU Direct RDMA Enabled for GPU/0-1028176 (rank 2) - NET/0-10 (distance 5 <= 6, read 0, mode Default)
a100-llm-05:3771899:3772044 [2] NCCL INFO New proxy recv connection 1 from local rank 0, transport 2
a100-llm-05:3771899:3772059 [2] NCCL INFO Connected to proxy localRank 0 -> connection 0x7ff814000d88
a100-llm-05:3771899:3772059 [2] NCCL INFO Channel 01/0 : 1[1] -> 2[2] [receive] via NET/IB/10/GDRDMA
a100-llm-05:3771899:3772059 [2] NCCL INFO GPU Direct RDMA Enabled for GPU/0-1028176 (rank 2) - NET/0-10 (distance 5 <= 6, read 1, mode Default)
a100-llm-05:3771899:3772044 [2] NCCL INFO New proxy send connection 2 from local rank 0, transport 2
a100-llm-05:3771899:3772059 [2] NCCL INFO Connected to proxy localRank 0 -> connection 0x7ff814000e00
a100-llm-05:3771899:3772059 [2] NCCL INFO Channel 00/0 : 2[2] -> 3[3] [send] via NET/IB/10/GDRDMA
a100-llm-05:3771899:3772059 [2] NCCL INFO GPU Direct RDMA Enabled for GPU/0-1028176 (rank 2) - NET/0-10 (distance 5 <= 6, read 1, mode Default)
a100-llm-05:3771899:3772044 [2] NCCL INFO New proxy send connection 3 from local rank 0, transport 2
a100-llm-05:3771899:3772059 [2] NCCL INFO Connected to proxy localRank 0 -> connection 0x7ff814000e78
a100-llm-05:3771899:3772059 [2] NCCL INFO Channel 01/0 : 2[2] -> 3[3] [send] via NET/IB/10/GDRDMA
a100-llm-05:3771899:3772041 [6] NCCL INFO New proxy send connection 3 from local rank 0, transport 2
a100-llm-05:3771899:3772055 [6] NCCL INFO Connected to proxy localRank 0 -> connection 0x7ff810000e78
a100-llm-05:3771899:3772054 [7] NCCL INFO Channel 00/0 : 6[6] -> 7[7] [receive] via NET/IB/12/GDRDMA
a100-llm-05:3771899:3772054 [7] NCCL INFO GPU Direct RDMA Enabled for GPU/0-1044576 (rank 7) - NET/0-12 (distance 5 <= 6, read 0, mode Default)
a100-llm-05:3771899:3772057 [4] NCCL INFO Channel 00/0 : 3[3] -> 4[4] [receive] via NET/IB/11/GDRDMA
a100-llm-05:3771899:3772057 [4] NCCL INFO GPU Direct RDMA Enabled for GPU/0-1036368 (rank 4) - NET/0-11 (distance 5 <= 6, read 0, mode Default)
a100-llm-05:3771899:3772045 [7] NCCL INFO New proxy recv connection 1 from local rank 0, transport 2
a100-llm-05:3771899:3772054 [7] NCCL INFO Connected to proxy localRank 0 -> connection 0x7ff82c000d88
a100-llm-05:3771899:3772054 [7] NCCL INFO Channel 01/0 : 6[6] -> 7[7] [receive] via NET/IB/12/GDRDMA
a100-llm-05:3771899:3772054 [7] NCCL INFO GPU Direct RDMA Enabled for GPU/0-1044576 (rank 7) - NET/0-12 (distance 5 <= 6, read 1, mode Default)
a100-llm-05:3771899:3772045 [7] NCCL INFO New proxy send connection 2 from local rank 0, transport 2
a100-llm-05:3771899:3772054 [7] NCCL INFO Connected to proxy localRank 0 -> connection 0x7ff82c000e00
a100-llm-05:3771899:3772054 [7] NCCL INFO Channel 00/0 : 7[7] -> 0[0] [send] via NET/IB/12/GDRDMA
a100-llm-05:3771899:3772054 [7] NCCL INFO GPU Direct RDMA Enabled for GPU/0-1044576 (rank 7) - NET/0-12 (distance 5 <= 6, read 1, mode Default)
a100-llm-05:3771899:3772045 [7] NCCL INFO New proxy send connection 3 from local rank 0, transport 2
a100-llm-05:3771899:3772054 [7] NCCL INFO Connected to proxy localRank 0 -> connection 0x7ff82c000e78
a100-llm-05:3771899:3772054 [7] NCCL INFO Channel 01/0 : 7[7] -> 0[0] [send] via NET/IB/12/GDRDMA
a100-llm-05:3771899:3772060 [1] NCCL INFO Channel 00/0 : 0[0] -> 1[1] [receive] via NET/IB/9/GDRDMA
a100-llm-05:3771899:3772060 [1] NCCL INFO GPU Direct RDMA Enabled for GPU/0-1020000 (rank 1) - NET/0-9 (distance 5 <= 6, read 0, mode Default)
a100-llm-05:3771899:3772055 [6] NCCL INFO Channel 01/0 : 6[6] -> 7[7] [send] via NET/IB/12/GDRDMA
a100-llm-05:3771899:3772049 [4] NCCL INFO New proxy recv connection 1 from local rank 0, transport 2
a100-llm-05:3771899:3772057 [4] NCCL INFO Connected to proxy localRank 0 -> connection 0x7ff7f8000d88
a100-llm-05:3771899:3772039 [1] NCCL INFO New proxy recv connection 1 from local rank 0, transport 2
a100-llm-05:3771899:3772061 [0] NCCL INFO Channel 00/0 : 7[7] -> 0[0] [receive] via NET/IB/9/GDRDMA
a100-llm-05:3771899:3772061 [0] NCCL INFO GPU Direct RDMA Enabled for GPU/0-1019984 (rank 0) - NET/0-9 (distance 5 <= 6, read 0, mode Default)
a100-llm-05:3771899:3772058 [3] NCCL INFO Channel 00/0 : 2[2] -> 3[3] [receive] via NET/IB/10/GDRDMA
a100-llm-05:3771899:3772058 [3] NCCL INFO GPU Direct RDMA Enabled for GPU/0-1028192 (rank 3) - NET/0-10 (distance 5 <= 6, read 0, mode Default)
a100-llm-05:3771899:3772051 [3] NCCL INFO New proxy recv connection 1 from local rank 0, transport 2
a100-llm-05:3771899:3772058 [3] NCCL INFO Connected to proxy localRank 0 -> connection 0x7ff7f0009e88
a100-llm-05:3771899:3772060 [1] NCCL INFO Connected to proxy localRank 0 -> connection 0x7ff953f91078
a100-llm-05:3771899:3772046 [0] NCCL INFO New proxy recv connection 1 from local rank 0, transport 2
a100-llm-05:3771899:3772060 [1] NCCL INFO Channel 01/0 : 0[0] -> 1[1] [receive] via NET/IB/9/GDRDMA
a100-llm-05:3771899:3772060 [1] NCCL INFO GPU Direct RDMA Enabled for GPU/0-1020000 (rank 1) - NET/0-9 (distance 5 <= 6, read 1, mode Default)
a100-llm-05:3771899:3772058 [3] NCCL INFO Channel 01/0 : 2[2] -> 3[3] [receive] via NET/IB/10/GDRDMA
a100-llm-05:3771899:3772058 [3] NCCL INFO GPU Direct RDMA Enabled for GPU/0-1028192 (rank 3) - NET/0-10 (distance 5 <= 6, read 1, mode Default)
a100-llm-05:3771899:3772057 [4] NCCL INFO Channel 01/0 : 3[3] -> 4[4] [receive] via NET/IB/11/GDRDMA
a100-llm-05:3771899:3772057 [4] NCCL INFO GPU Direct RDMA Enabled for GPU/0-1036368 (rank 4) - NET/0-11 (distance 5 <= 6, read 1, mode Default)
a100-llm-05:3771899:3772049 [4] NCCL INFO New proxy send connection 2 from local rank 0, transport 2
a100-llm-05:3771899:3772057 [4] NCCL INFO Connected to proxy localRank 0 -> connection 0x7ff7f8000e00
a100-llm-05:3771899:3772039 [1] NCCL INFO New proxy send connection 2 from local rank 0, transport 2
a100-llm-05:3771899:3772061 [0] NCCL INFO Connected to proxy localRank 0 -> connection 0x7ff808000d88
a100-llm-05:3771899:3772051 [3] NCCL INFO New proxy send connection 2 from local rank 0, transport 2
a100-llm-05:3771899:3772057 [4] NCCL INFO Channel 00/0 : 4[4] -> 5[5] [send] via NET/IB/11/GDRDMA
a100-llm-05:3771899:3772057 [4] NCCL INFO GPU Direct RDMA Enabled for GPU/0-1036368 (rank 4) - NET/0-11 (distance 5 <= 6, read 1, mode Default)
a100-llm-05:3771899:3772060 [1] NCCL INFO Connected to proxy localRank 0 -> connection 0x7ff953f910f0
a100-llm-05:3771899:3772058 [3] NCCL INFO Connected to proxy localRank 0 -> connection 0x7ff7f0009f00
a100-llm-05:3771899:3772060 [1] NCCL INFO Channel 00/0 : 1[1] -> 2[2] [send] via NET/IB/9/GDRDMA
a100-llm-05:3771899:3772060 [1] NCCL INFO GPU Direct RDMA Enabled for GPU/0-1020000 (rank 1) - NET/0-9 (distance 5 <= 6, read 1, mode Default)
a100-llm-05:3771899:3772039 [1] NCCL INFO New proxy send connection 3 from local rank 0, transport 2
a100-llm-05:3771899:3772061 [0] NCCL INFO Channel 01/0 : 7[7] -> 0[0] [receive] via NET/IB/9/GDRDMA
a100-llm-05:3771899:3772061 [0] NCCL INFO GPU Direct RDMA Enabled for GPU/0-1019984 (rank 0) - NET/0-9 (distance 5 <= 6, read 1, mode Default)
a100-llm-05:3771899:3772049 [4] NCCL INFO New proxy send connection 3 from local rank 0, transport 2
a100-llm-05:3771899:3772058 [3] NCCL INFO Channel 00/0 : 3[3] -> 4[4] [send] via NET/IB/10/GDRDMA
a100-llm-05:3771899:3772058 [3] NCCL INFO GPU Direct RDMA Enabled for GPU/0-1028192 (rank 3) - NET/0-10 (distance 5 <= 6, read 1, mode Default)
a100-llm-05:3771899:3772051 [3] NCCL INFO New proxy send connection 3 from local rank 0, transport 2
a100-llm-05:3771899:3772057 [4] NCCL INFO Connected to proxy localRank 0 -> connection 0x7ff7f8000e78
a100-llm-05:3771899:3772046 [0] NCCL INFO New proxy send connection 2 from local rank 0, transport 2
a100-llm-05:3771899:3772060 [1] NCCL INFO Connected to proxy localRank 0 -> connection 0x7ff953f91168
a100-llm-05:3771899:3772058 [3] NCCL INFO Connected to proxy localRank 0 -> connection 0x7ff7f0009f78
a100-llm-05:3771899:3772057 [4] NCCL INFO Channel 01/0 : 4[4] -> 5[5] [send] via NET/IB/11/GDRDMA
a100-llm-05:3771899:3772058 [3] NCCL INFO Channel 01/0 : 3[3] -> 4[4] [send] via NET/IB/10/GDRDMA
a100-llm-05:3771899:3772061 [0] NCCL INFO Connected to proxy localRank 0 -> connection 0x7ff808000e00
a100-llm-05:3771899:3772038 [5] NCCL INFO NET/IB: NCCL Dev 11 IbDev 5 Port 1 qpn 580 mtu 5 GID 3 (0/520113C6FFFF0000) ctsFifoRkey=0x8fffe ctsFifoLkey=0x8fffe
a100-llm-05:3771899:3772038 [5] NCCL INFO NET/IB: IbDev 5 Port 1 qpn 580 query_ece={supported=1, vendor_id=0x15b3, options=0x30000000, comp_mask=0x0}
a100-llm-05:3771899:3772038 [5] NCCL INFO NET/IB: NCCL Dev 11 IbDev 6 Port 1 qpn 324 mtu 5 GID 3 (0/B90713C6FFFF0000) ctsFifoRkey=0x530ef ctsFifoLkey=0x530ef
a100-llm-05:3771899:3772038 [5] NCCL INFO NET/IB: IbDev 6 Port 1 qpn 324 query_ece={supported=1, vendor_id=0x15b3, options=0x30000000, comp_mask=0x0}
a100-llm-05:3771899:3772061 [0] NCCL INFO Channel 00/0 : 0[0] -> 1[1] [send] via NET/IB/9/GDRDMA
a100-llm-05:3771899:3772060 [1] NCCL INFO Channel 01/0 : 1[1] -> 2[2] [send] via NET/IB/9/GDRDMA
a100-llm-05:3771899:3772061 [0] NCCL INFO GPU Direct RDMA Enabled for GPU/0-1019984 (rank 0) - NET/0-9 (distance 5 <= 6, read 1, mode Default)
a100-llm-05:3771899:3772046 [0] NCCL INFO New proxy send connection 3 from local rank 0, transport 2
a100-llm-05:3771899:3772061 [0] NCCL INFO Connected to proxy localRank 0 -> connection 0x7ff808000e78
a100-llm-05:3771899:3772061 [0] NCCL INFO Channel 01/0 : 0[0] -> 1[1] [send] via NET/IB/9/GDRDMA
a100-llm-05:3771899:3772046 [0] NCCL INFO NET/IB: NCCL Dev 9 IbDev 1 Port 1 qpn 580 mtu 5 GID 3 (0/F34413C6FFFF0000) ctsFifoRkey=0x8cfce ctsFifoLkey=0x8cfce
a100-llm-05:3771899:3772046 [0] NCCL INFO NET/IB: IbDev 1 Port 1 qpn 580 query_ece={supported=1, vendor_id=0x15b3, options=0x30000000, comp_mask=0x0}
a100-llm-05:3771899:3772046 [0] NCCL INFO NET/IB: NCCL Dev 9 IbDev 2 Port 1 qpn 324 mtu 5 GID 3 (0/173F13C6FFFF0000) ctsFifoRkey=0x514d3 ctsFifoLkey=0x514d3
a100-llm-05:3771899:3772046 [0] NCCL INFO NET/IB: IbDev 2 Port 1 qpn 324 query_ece={supported=1, vendor_id=0x15b3, options=0x30000000, comp_mask=0x0}
a100-llm-05:3771899:3772038 [5] NCCL INFO NET/IB: IbDev 5 Port 1 qpn 580 set_ece={supported=1, vendor_id=0x15b3, options=0x30000000, comp_mask=0x0}
a100-llm-05:3771899:3772049 [4] NCCL INFO NET/IB: NCCL Dev 11 IbDev 5 Port 1 qpn 581 mtu 5 GID 3 (0/520113C6FFFF0000) ctsFifoRkey=0x90b0a ctsFifoLkey=0x90b0a
a100-llm-05:3771899:3772049 [4] NCCL INFO NET/IB: IbDev 5 Port 1 qpn 581 query_ece={supported=1, vendor_id=0x15b3, options=0x30000000, comp_mask=0x0}
a100-llm-05:3771899:3772049 [4] NCCL INFO NET/IB: NCCL Dev 11 IbDev 6 Port 1 qpn 325 mtu 5 GID 3 (0/B90713C6FFFF0000) ctsFifoRkey=0x53dfb ctsFifoLkey=0x53dfb
a100-llm-05:3771899:3772049 [4] NCCL INFO NET/IB: IbDev 6 Port 1 qpn 325 query_ece={supported=1, vendor_id=0x15b3, options=0x30000000, comp_mask=0x0}
a100-llm-05:3771899:3772038 [5] NCCL INFO NET/IB: IbDev 6 Port 1 qpn 324 set_ece={supported=1, vendor_id=0x15b3, options=0x30000000, comp_mask=0x0}
a100-llm-05:3771899:3772046 [0] NCCL INFO NET/IB: NCCL Dev 9 IbDev 1 Port 1 qpn 583 mtu 5 GID 3 (0/F34413C6FFFF0000) ctsFifoRkey=0x8e5e7 ctsFifoLkey=0x8e5e7
a100-llm-05:3771899:3772046 [0] NCCL INFO NET/IB: IbDev 1 Port 1 qpn 583 query_ece={supported=1, vendor_id=0x15b3, options=0x30000000, comp_mask=0x0}
a100-llm-05:3771899:3772046 [0] NCCL INFO NET/IB: NCCL Dev 9 IbDev 2 Port 1 qpn 327 mtu 5 GID 3 (0/173F13C6FFFF0000) ctsFifoRkey=0x52bea ctsFifoLkey=0x52bea
a100-llm-05:3771899:3772046 [0] NCCL INFO NET/IB: IbDev 2 Port 1 qpn 327 query_ece={supported=1, vendor_id=0x15b3, options=0x30000000, comp_mask=0x0}
a100-llm-05:3771899:3772046 [0] NCCL INFO NET/IB: IbDev 1 Port 1 qpn 580 set_ece={supported=1, vendor_id=0x15b3, options=0x30000000, comp_mask=0x0}
a100-llm-05:3771899:3772046 [0] NCCL INFO NET/IB: IbDev 2 Port 1 qpn 324 set_ece={supported=1, vendor_id=0x15b3, options=0x30000000, comp_mask=0x0}
a100-llm-05:3771899:3772038 [5] NCCL INFO NET/IB: NCCL Dev 11 IbDev 5 Port 1 qpn 582 mtu 5 GID 3 (0/520113C6FFFF0000) ctsFifoRkey=0x91716 ctsFifoLkey=0x91716
a100-llm-05:3771899:3772038 [5] NCCL INFO NET/IB: IbDev 5 Port 1 qpn 582 query_ece={supported=1, vendor_id=0x15b3, options=0x30000000, comp_mask=0x0}
a100-llm-05:3771899:3772038 [5] NCCL INFO NET/IB: NCCL Dev 11 IbDev 6 Port 1 qpn 326 mtu 5 GID 3 (0/B90713C6FFFF0000) ctsFifoRkey=0x54908 ctsFifoLkey=0x54908
a100-llm-05:3771899:3772038 [5] NCCL INFO NET/IB: IbDev 6 Port 1 qpn 326 query_ece={supported=1, vendor_id=0x15b3, options=0x30000000, comp_mask=0x0}
a100-llm-05:3771899:3772041 [6] NCCL INFO NET/IB: NCCL Dev 12 IbDev 7 Port 1 qpn 583 mtu 5 GID 3 (0/4E5A13C6FFFF0000) ctsFifoRkey=0x8a0a0 ctsFifoLkey=0x8a0a0
a100-llm-05:3771899:3772041 [6] NCCL INFO NET/IB: IbDev 7 Port 1 qpn 583 query_ece={supported=1, vendor_id=0x15b3, options=0x30000000, comp_mask=0x0}
a100-llm-05:3771899:3772041 [6] NCCL INFO NET/IB: NCCL Dev 12 IbDev 8 Port 1 qpn 327 mtu 5 GID 3 (0/57B013C6FFFF0000) ctsFifoRkey=0x4dc9b ctsFifoLkey=0x4dc9b
a100-llm-05:3771899:3772041 [6] NCCL INFO NET/IB: IbDev 8 Port 1 qpn 327 query_ece={supported=1, vendor_id=0x15b3, options=0x30000000, comp_mask=0x0}
a100-llm-05:3771899:3772041 [6] NCCL INFO NET/IB: NCCL Dev 12 IbDev 7 Port 1 qpn 584 mtu 5 GID 3 (0/4E5A13C6FFFF0000) ctsFifoRkey=0x8acab ctsFifoLkey=0x8acab
a100-llm-05:3771899:3772041 [6] NCCL INFO NET/IB: IbDev 7 Port 1 qpn 584 query_ece={supported=1, vendor_id=0x15b3, options=0x30000000, comp_mask=0x0}
a100-llm-05:3771899:3772041 [6] NCCL INFO NET/IB: NCCL Dev 12 IbDev 8 Port 1 qpn 328 mtu 5 GID 3 (0/57B013C6FFFF0000) ctsFifoRkey=0x4e4a7 ctsFifoLkey=0x4e4a7
a100-llm-05:3771899:3772041 [6] NCCL INFO NET/IB: IbDev 8 Port 1 qpn 328 query_ece={supported=1, vendor_id=0x15b3, options=0x30000000, comp_mask=0x0}
a100-llm-05:3771899:3772045 [7] NCCL INFO NET/IB: NCCL Dev 12 IbDev 7 Port 1 qpn 582 mtu 5 GID 3 (0/4E5A13C6FFFF0000) ctsFifoRkey=0x8b8b7 ctsFifoLkey=0x8b8b7
a100-llm-05:3771899:3772045 [7] NCCL INFO NET/IB: IbDev 7 Port 1 qpn 582 query_ece={supported=1, vendor_id=0x15b3, options=0x30000000, comp_mask=0x0}
a100-llm-05:3771899:3772045 [7] NCCL INFO NET/IB: NCCL Dev 12 IbDev 8 Port 1 qpn 326 mtu 5 GID 3 (0/57B013C6FFFF0000) ctsFifoRkey=0x4f0af ctsFifoLkey=0x4f0af
a100-llm-05:3771899:3772045 [7] NCCL INFO NET/IB: IbDev 8 Port 1 qpn 326 query_ece={supported=1, vendor_id=0x15b3, options=0x30000000, comp_mask=0x0}
a100-llm-05:3771899:3772051 [3] NCCL INFO NET/IB: NCCL Dev 10 IbDev 3 Port 1 qpn 580 mtu 5 GID 3 (0/220D13C6FFFF0000) ctsFifoRkey=0x8d0cf ctsFifoLkey=0x8d0cf
a100-llm-05:3771899:3772051 [3] NCCL INFO NET/IB: IbDev 3 Port 1 qpn 580 query_ece={supported=1, vendor_id=0x15b3, options=0x30000000, comp_mask=0x0}
a100-llm-05:3771899:3772051 [3] NCCL INFO NET/IB: NCCL Dev 10 IbDev 4 Port 1 qpn 324 mtu 5 GID 3 (0/422613C6FFFF0000) ctsFifoRkey=0x54a09 ctsFifoLkey=0x54a09
a100-llm-05:3771899:3772051 [3] NCCL INFO NET/IB: IbDev 4 Port 1 qpn 324 query_ece={supported=1, vendor_id=0x15b3, options=0x30000000, comp_mask=0x0}
a100-llm-05:3771899:3772051 [3] NCCL INFO NET/IB: NCCL Dev 10 IbDev 3 Port 1 qpn 581 mtu 5 GID 3 (0/220D13C6FFFF0000) ctsFifoRkey=0x8dcdb ctsFifoLkey=0x8dcdb
a100-llm-05:3771899:3772051 [3] NCCL INFO NET/IB: IbDev 3 Port 1 qpn 581 query_ece={supported=1, vendor_id=0x15b3, options=0x30000000, comp_mask=0x0}
a100-llm-05:3771899:3772051 [3] NCCL INFO NET/IB: NCCL Dev 10 IbDev 4 Port 1 qpn 325 mtu 5 GID 3 (0/422613C6FFFF0000) ctsFifoRkey=0x55615 ctsFifoLkey=0x55615
a100-llm-05:3771899:3772051 [3] NCCL INFO NET/IB: IbDev 4 Port 1 qpn 325 query_ece={supported=1, vendor_id=0x15b3, options=0x30000000, comp_mask=0x0}
a100-llm-05:3771899:3772038 [5] NCCL INFO NET/IB: IbDev 5 Port 1 qpn 582 set_ece={supported=1, vendor_id=0x15b3, options=0x30000000, comp_mask=0x0}
a100-llm-05:3771899:3772039 [1] NCCL INFO NET/IB: NCCL Dev 9 IbDev 1 Port 1 qpn 587 mtu 5 GID 3 (0/F34413C6FFFF0000) ctsFifoRkey=0x8fbfc ctsFifoLkey=0x8fbfc
a100-llm-05:3771899:3772039 [1] NCCL INFO NET/IB: IbDev 1 Port 1 qpn 587 query_ece={supported=1, vendor_id=0x15b3, options=0x30000000, comp_mask=0x0}
a100-llm-05:3771899:3772038 [5] NCCL INFO NET/IB: IbDev 6 Port 1 qpn 326 set_ece={supported=1, vendor_id=0x15b3, options=0x30000000, comp_mask=0x0}
a100-llm-05:3771899:3772039 [1] NCCL INFO NET/IB: NCCL Dev 9 IbDev 2 Port 1 qpn 330 mtu 5 GID 3 (0/173F13C6FFFF0000) ctsFifoRkey=0x54302 ctsFifoLkey=0x54302
a100-llm-05:3771899:3772039 [1] NCCL INFO NET/IB: IbDev 2 Port 1 qpn 330 query_ece={supported=1, vendor_id=0x15b3, options=0x30000000, comp_mask=0x0}
a100-llm-05:3771899:3772044 [2] NCCL INFO NET/IB: NCCL Dev 10 IbDev 3 Port 1 qpn 582 mtu 5 GID 3 (0/220D13C6FFFF0000) ctsFifoRkey=0x8e8e7 ctsFifoLkey=0x8e8e7
a100-llm-05:3771899:3772044 [2] NCCL INFO NET/IB: IbDev 3 Port 1 qpn 582 query_ece={supported=1, vendor_id=0x15b3, options=0x30000000, comp_mask=0x0}
a100-llm-05:3771899:3772044 [2] NCCL INFO NET/IB: NCCL Dev 10 IbDev 4 Port 1 qpn 326 mtu 5 GID 3 (0/422613C6FFFF0000) ctsFifoRkey=0x56221 ctsFifoLkey=0x56221
a100-llm-05:3771899:3772044 [2] NCCL INFO NET/IB: IbDev 4 Port 1 qpn 326 query_ece={supported=1, vendor_id=0x15b3, options=0x30000000, comp_mask=0x0}
a100-llm-05:3771899:3772046 [0] NCCL INFO NET/IB: IbDev 1 Port 1 qpn 583 set_ece={supported=1, vendor_id=0x15b3, options=0x30000000, comp_mask=0x0}
a100-llm-05:3771899:3772049 [4] NCCL INFO NET/IB: NCCL Dev 11 IbDev 5 Port 1 qpn 584 mtu 5 GID 3 (0/520113C6FFFF0000) ctsFifoRkey=0x92f2e ctsFifoLkey=0x92f2e
a100-llm-05:3771899:3772049 [4] NCCL INFO NET/IB: IbDev 5 Port 1 qpn 584 query_ece={supported=1, vendor_id=0x15b3, options=0x30000000, comp_mask=0x0}
a100-llm-05:3771899:3772046 [0] NCCL INFO NET/IB: IbDev 2 Port 1 qpn 327 set_ece={supported=1, vendor_id=0x15b3, options=0x30000000, comp_mask=0x0}
a100-llm-05:3771899:3772049 [4] NCCL INFO NET/IB: NCCL Dev 11 IbDev 6 Port 1 qpn 329 mtu 5 GID 3 (0/B90713C6FFFF0000) ctsFifoRkey=0x56120 ctsFifoLkey=0x56120
a100-llm-05:3771899:3772049 [4] NCCL INFO NET/IB: IbDev 6 Port 1 qpn 329 query_ece={supported=1, vendor_id=0x15b3, options=0x30000000, comp_mask=0x0}
a100-llm-05:3771899:3772041 [6] NCCL INFO NET/IB: IbDev 7 Port 1 qpn 583 set_ece={supported=1, vendor_id=0x15b3, options=0x30000000, comp_mask=0x0}
a100-llm-05:3771899:3772041 [6] NCCL INFO NET/IB: IbDev 8 Port 1 qpn 327 set_ece={supported=1, vendor_id=0x15b3, options=0x30000000, comp_mask=0x0}
a100-llm-05:3771899:3772044 [2] NCCL INFO NET/IB: NCCL Dev 10 IbDev 3 Port 1 qpn 583 mtu 5 GID 3 (0/220D13C6FFFF0000) ctsFifoRkey=0x8ffff ctsFifoLkey=0x8ffff
a100-llm-05:3771899:3772044 [2] NCCL INFO NET/IB: IbDev 3 Port 1 qpn 583 query_ece={supported=1, vendor_id=0x15b3, options=0x30000000, comp_mask=0x0}
a100-llm-05:3771899:3772044 [2] NCCL INFO NET/IB: NCCL Dev 10 IbDev 4 Port 1 qpn 327 mtu 5 GID 3 (0/422613C6FFFF0000) ctsFifoRkey=0x57b3a ctsFifoLkey=0x57b3a
a100-llm-05:3771899:3772044 [2] NCCL INFO NET/IB: IbDev 4 Port 1 qpn 327 query_ece={supported=1, vendor_id=0x15b3, options=0x30000000, comp_mask=0x0}
a100-llm-05:3771899:3772039 [1] NCCL INFO NET/IB: NCCL Dev 9 IbDev 1 Port 1 qpn 589 mtu 5 GID 3 (0/F34413C6FFFF0000) ctsFifoRkey=0x91413 ctsFifoLkey=0x91413
a100-llm-05:3771899:3772039 [1] NCCL INFO NET/IB: IbDev 1 Port 1 qpn 589 query_ece={supported=1, vendor_id=0x15b3, options=0x30000000, comp_mask=0x0}
a100-llm-05:3771899:3772045 [7] NCCL INFO NET/IB: NCCL Dev 12 IbDev 7 Port 1 qpn 589 mtu 5 GID 3 (0/4E5A13C6FFFF0000) ctsFifoRkey=0x8dddb ctsFifoLkey=0x8dddb
a100-llm-05:3771899:3772045 [7] NCCL INFO NET/IB: IbDev 7 Port 1 qpn 589 query_ece={supported=1, vendor_id=0x15b3, options=0x30000000, comp_mask=0x0}
a100-llm-05:3771899:3772039 [1] NCCL INFO NET/IB: NCCL Dev 9 IbDev 2 Port 1 qpn 333 mtu 5 GID 3 (0/173F13C6FFFF0000) ctsFifoRkey=0x55b1a ctsFifoLkey=0x55b1a
a100-llm-05:3771899:3772039 [1] NCCL INFO NET/IB: IbDev 2 Port 1 qpn 333 query_ece={supported=1, vendor_id=0x15b3, options=0x30000000, comp_mask=0x0}
a100-llm-05:3771899:3772045 [7] NCCL INFO NET/IB: NCCL Dev 12 IbDev 8 Port 1 qpn 333 mtu 5 GID 3 (0/57B013C6FFFF0000) ctsFifoRkey=0x515d4 ctsFifoLkey=0x515d4
a100-llm-05:3771899:3772045 [7] NCCL INFO NET/IB: IbDev 8 Port 1 qpn 333 query_ece={supported=1, vendor_id=0x15b3, options=0x30000000, comp_mask=0x0}
a100-llm-05:3771899:3772049 [4] NCCL INFO NET/IB: IbDev 5 Port 1 qpn 581 set_ece={supported=1, vendor_id=0x15b3, options=0x30000000, comp_mask=0x0}
a100-llm-05:3771899:3772049 [4] NCCL INFO NET/IB: IbDev 6 Port 1 qpn 325 set_ece={supported=1, vendor_id=0x15b3, options=0x30000000, comp_mask=0x0}
a100-llm-05:3771899:3772045 [7] NCCL INFO NET/IB: IbDev 7 Port 1 qpn 582 set_ece={supported=1, vendor_id=0x15b3, options=0x30000000, comp_mask=0x0}
a100-llm-05:3771899:3772041 [6] NCCL INFO NET/IB: IbDev 7 Port 1 qpn 584 set_ece={supported=1, vendor_id=0x15b3, options=0x30000000, comp_mask=0x0}
a100-llm-05:3771899:3772041 [6] NCCL INFO NET/IB: IbDev 8 Port 1 qpn 328 set_ece={supported=1, vendor_id=0x15b3, options=0x30000000, comp_mask=0x0}
a100-llm-05:3771899:3772045 [7] NCCL INFO NET/IB: IbDev 8 Port 1 qpn 326 set_ece={supported=1, vendor_id=0x15b3, options=0x30000000, comp_mask=0x0}
a100-llm-05:3771899:3772051 [3] NCCL INFO NET/IB: IbDev 3 Port 1 qpn 581 set_ece={supported=1, vendor_id=0x15b3, options=0x30000000, comp_mask=0x0}
a100-llm-05:3771899:3772051 [3] NCCL INFO NET/IB: IbDev 4 Port 1 qpn 325 set_ece={supported=1, vendor_id=0x15b3, options=0x30000000, comp_mask=0x0}
a100-llm-05:3771899:3772044 [2] NCCL INFO NET/IB: IbDev 3 Port 1 qpn 582 set_ece={supported=1, vendor_id=0x15b3, options=0x30000000, comp_mask=0x0}
a100-llm-05:3771899:3772039 [1] NCCL INFO NET/IB: IbDev 1 Port 1 qpn 587 set_ece={supported=1, vendor_id=0x15b3, options=0x30000000, comp_mask=0x0}
a100-llm-05:3771899:3772044 [2] NCCL INFO NET/IB: IbDev 4 Port 1 qpn 326 set_ece={supported=1, vendor_id=0x15b3, options=0x30000000, comp_mask=0x0}
a100-llm-05:3771899:3772039 [1] NCCL INFO NET/IB: IbDev 2 Port 1 qpn 330 set_ece={supported=1, vendor_id=0x15b3, options=0x30000000, comp_mask=0x0}
a100-llm-05:3771899:3772049 [4] NCCL INFO NET/IB: IbDev 5 Port 1 qpn 584 set_ece={supported=1, vendor_id=0x15b3, options=0x30000000, comp_mask=0x0}
a100-llm-05:3771899:3772049 [4] NCCL INFO NET/IB: IbDev 6 Port 1 qpn 329 set_ece={supported=1, vendor_id=0x15b3, options=0x30000000, comp_mask=0x0}
a100-llm-05:3771899:3772051 [3] NCCL INFO NET/IB: IbDev 3 Port 1 qpn 580 set_ece={supported=1, vendor_id=0x15b3, options=0x30000000, comp_mask=0x0}
a100-llm-05:3771899:3772045 [7] NCCL INFO NET/IB: IbDev 7 Port 1 qpn 589 set_ece={supported=1, vendor_id=0x15b3, options=0x30000000, comp_mask=0x0}
a100-llm-05:3771899:3772051 [3] NCCL INFO NET/IB: IbDev 4 Port 1 qpn 324 set_ece={supported=1, vendor_id=0x15b3, options=0x30000000, comp_mask=0x0}
a100-llm-05:3771899:3772045 [7] NCCL INFO NET/IB: IbDev 8 Port 1 qpn 333 set_ece={supported=1, vendor_id=0x15b3, options=0x30000000, comp_mask=0x0}
a100-llm-05:3771899:3772044 [2] NCCL INFO NET/IB: IbDev 3 Port 1 qpn 583 set_ece={supported=1, vendor_id=0x15b3, options=0x30000000, comp_mask=0x0}
a100-llm-05:3771899:3772039 [1] NCCL INFO NET/IB: IbDev 1 Port 1 qpn 589 set_ece={supported=1, vendor_id=0x15b3, options=0x30000000, comp_mask=0x0}
a100-llm-05:3771899:3772044 [2] NCCL INFO NET/IB: IbDev 4 Port 1 qpn 327 set_ece={supported=1, vendor_id=0x15b3, options=0x30000000, comp_mask=0x0}
a100-llm-05:3771899:3772039 [1] NCCL INFO NET/IB: IbDev 2 Port 1 qpn 333 set_ece={supported=1, vendor_id=0x15b3, options=0x30000000, comp_mask=0x0}
[AIMD] FinalizeChunkRTT: cc=0x7ff7f80659a0 slot=0 inflight_before=1
[AIMD] FinalizeChunkRTT: cc=0x7ff82c0659a0 slot=658 inflight_before=6
warmup done.
[AIMD] FinalizeChunkRTT: cc=0x7ff8080c7940 slot=350 inflight_before=1
[AIMD] FinalizeChunkRTT: cc=0x7ff8080c7700 slot=179 inflight_before=1
a100-llm-05:3771899:3772009 [0] NCCL INFO V2MIN: pressure=1.000 (fast=0.088 slow=0.001 dev=0.0871) state=SHRINK window=204 floor=204 high=2992 low=0 ncc=16
[AIMD] FinalizeChunkRTT: cc=0x7ff8140659a0 slot=879 inflight_before=8
[AIMD] FinalizeChunkRTT: cc=0x7ff8080c7700 slot=583 inflight_before=8
[AIMD] FinalizeChunkRTT: cc=0x7ff814065be0 slot=300 inflight_before=1
[AIMD] FinalizeChunkRTT: cc=0x7ff804001000 slot=974 inflight_before=8
[AIMD] FinalizeChunkRTT: cc=0x7ff7f80659a0 slot=583 inflight_before=2
a100-llm-05:3771899:3772009 [0] NCCL INFO V2MIN: pressure=1.000 (fast=0.233 slow=0.001 dev=0.2321) state=SHRINK window=204 floor=204 high=7717 low=0 ncc=16
[AIMD] FinalizeChunkRTT: cc=0x7ff810065420 slot=998 inflight_before=1
[AIMD] FinalizeChunkRTT: cc=0x7ff82c0659a0 slot=380 inflight_before=8
[AIMD] FinalizeChunkRTT: cc=0x7ff7f80659a0 slot=817 inflight_before=2
[AIMD] FinalizeChunkRTT: cc=0x7ff800001000 slot=251 inflight_before=1
[AIMD] FinalizeChunkRTT: cc=0x7ff8080c7700 slot=678 inflight_before=8
a100-llm-05:3771899:3772009 [0] NCCL INFO V2MIN: pressure=1.000 (fast=0.305 slow=0.001 dev=0.3035) state=SHRINK window=204 floor=204 high=12442 low=0 ncc=16
[AIMD] FinalizeChunkRTT: cc=0x7ff7f80659a0 slot=138 inflight_before=1
[AIMD] FinalizeChunkRTT: cc=0x7ff804001000 slot=712 inflight_before=1
[AIMD] FinalizeChunkRTT: cc=0x7ff8140659a0 slot=247 inflight_before=1
[AIMD] FinalizeChunkRTT: cc=0x7ff804001000 slot=906 inflight_before=1
[AIMD] FinalizeChunkRTT: cc=0x7ff804001000 slot=373 inflight_before=5
a100-llm-05:3771899:3772009 [0] NCCL INFO V2MIN: pressure=1.000 (fast=0.083 slow=0.001 dev=0.0814) state=SHRINK window=204 floor=204 high=17166 low=0 ncc=16
[AIMD] FinalizeChunkRTT: cc=0x7ff804001000 slot=833 inflight_before=1
[AIMD] FinalizeChunkRTT: cc=0x7ff8140659a0 slot=68 inflight_before=2
[AIMD] FinalizeChunkRTT: cc=0x7ff7f80659a0 slot=856 inflight_before=1
CSV written to: phase12_sweep_run1/bench_latency_20260416_145713.csv

========================================
  Oracle Experiment Results
========================================
Config: nDev=8  count=1048576  data=4.19 MB  iters=1000
NCCL_AIMD_ENABLE=1  NCCL_CC_ORACLE_FACTOR=(unset)

Wall-clock latency (us):
  mean= 20261.8  stddev= 13263.6
  p50 = 19890.1  p99   = 61854.0  max= 73048.1

Collective max GPU latency (us):
  mean= 18257.2  stddev= 11936.2
  p50 = 17718.8  p99   = 57245.9  max= 73031.7

Rank skew (us):
  mean=  2550.1  stddev=  4602.9
  p50 =   209.4  p99   = 18976.6  max= 30119.9

Avg algo bandwidth: 0.36 GB/s
========================================

