a100-llm-05:3907243:3907418 [1] NCCL INFO New proxy recv connection 1 from local rank 0, transport 2
a100-llm-05:3907243:3907439 [1] NCCL INFO Connected to proxy localRank 0 -> connection 0x7f75e8000d88
a100-llm-05:3907243:3907439 [1] NCCL INFO Channel 01/0 : 0[0] -> 1[1] [receive] via NET/IB/9/GDRDMA
a100-llm-05:3907243:3907439 [1] NCCL INFO GPU Direct RDMA Enabled for GPU/0-1020000 (rank 1) - NET/0-9 (distance 5 <= 6, read 1, mode Default)
a100-llm-05:3907243:3907418 [1] NCCL INFO New proxy send connection 2 from local rank 0, transport 2
a100-llm-05:3907243:3907439 [1] NCCL INFO Connected to proxy localRank 0 -> connection 0x7f75e8000e00
a100-llm-05:3907243:3907439 [1] NCCL INFO Channel 00/0 : 1[1] -> 2[2] [send] via NET/IB/9/GDRDMA
a100-llm-05:3907243:3907439 [1] NCCL INFO GPU Direct RDMA Enabled for GPU/0-1020000 (rank 1) - NET/0-9 (distance 5 <= 6, read 1, mode Default)
a100-llm-05:3907243:3907418 [1] NCCL INFO New proxy send connection 3 from local rank 0, transport 2
a100-llm-05:3907243:3907439 [1] NCCL INFO Connected to proxy localRank 0 -> connection 0x7f75e8000e78
a100-llm-05:3907243:3907439 [1] NCCL INFO Channel 01/0 : 1[1] -> 2[2] [send] via NET/IB/9/GDRDMA
a100-llm-05:3907243:3907437 [3] NCCL INFO Connected to proxy localRank 0 -> connection 0x7f75c40010a0
a100-llm-05:3907243:3907437 [3] NCCL INFO Channel 00/0 : 2[2] -> 3[3] [receive] via NET/IB/10/GDRDMA
a100-llm-05:3907243:3907437 [3] NCCL INFO GPU Direct RDMA Enabled for GPU/0-1028192 (rank 3) - NET/0-10 (distance 5 <= 6, read 0, mode Default)
a100-llm-05:3907243:3907425 [3] NCCL INFO New proxy recv connection 1 from local rank 0, transport 2
a100-llm-05:3907243:3907437 [3] NCCL INFO Connected to proxy localRank 0 -> connection 0x7f75c4001118
a100-llm-05:3907243:3907437 [3] NCCL INFO Channel 01/0 : 2[2] -> 3[3] [receive] via NET/IB/10/GDRDMA
a100-llm-05:3907243:3907437 [3] NCCL INFO GPU Direct RDMA Enabled for GPU/0-1028192 (rank 3) - NET/0-10 (distance 5 <= 6, read 1, mode Default)
a100-llm-05:3907243:3907425 [3] NCCL INFO New proxy send connection 2 from local rank 0, transport 2
a100-llm-05:3907243:3907437 [3] NCCL INFO Connected to proxy localRank 0 -> connection 0x7f75c4001190
a100-llm-05:3907243:3907437 [3] NCCL INFO Channel 00/0 : 3[3] -> 4[4] [send] via NET/IB/10/GDRDMA
a100-llm-05:3907243:3907437 [3] NCCL INFO GPU Direct RDMA Enabled for GPU/0-1028192 (rank 3) - NET/0-10 (distance 5 <= 6, read 1, mode Default)
a100-llm-05:3907243:3907425 [3] NCCL INFO New proxy send connection 3 from local rank 0, transport 2
a100-llm-05:3907243:3907437 [3] NCCL INFO Connected to proxy localRank 0 -> connection 0x7f75c4001208
a100-llm-05:3907243:3907437 [3] NCCL INFO Channel 01/0 : 3[3] -> 4[4] [send] via NET/IB/10/GDRDMA
a100-llm-05:3907243:3907423 [5] NCCL INFO New proxy recv connection 0 from local rank 0, transport 2
a100-llm-05:3907243:3907420 [7] NCCL INFO New proxy recv connection 0 from local rank 0, transport 2
a100-llm-05:3907243:3907435 [5] NCCL INFO Connected to proxy localRank 0 -> connection 0x7f76000010a0
a100-llm-05:3907243:3907433 [7] NCCL INFO Connected to proxy localRank 0 -> connection 0x7f75d4000d10
a100-llm-05:3907243:3907417 [6] NCCL INFO New proxy recv connection 0 from local rank 0, transport 2
a100-llm-05:3907243:3907424 [0] NCCL INFO New proxy recv connection 0 from local rank 0, transport 2
a100-llm-05:3907243:3907440 [0] NCCL INFO Connected to proxy localRank 0 -> connection 0x7f75cc000d10
a100-llm-05:3907243:3907435 [5] NCCL INFO Channel 00/0 : 4[4] -> 5[5] [receive] via NET/IB/11/GDRDMA
a100-llm-05:3907243:3907435 [5] NCCL INFO GPU Direct RDMA Enabled for GPU/0-1036384 (rank 5) - NET/0-11 (distance 5 <= 6, read 0, mode Default)
a100-llm-05:3907243:3907440 [0] NCCL INFO Channel 00/0 : 7[7] -> 0[0] [receive] via NET/IB/9/GDRDMA
a100-llm-05:3907243:3907434 [6] NCCL INFO Connected to proxy localRank 0 -> connection 0x7f75e4000d10
a100-llm-05:3907243:3907431 [2] NCCL INFO New proxy recv connection 0 from local rank 0, transport 2
a100-llm-05:3907243:3907428 [4] NCCL INFO New proxy recv connection 0 from local rank 0, transport 2
a100-llm-05:3907243:3907440 [0] NCCL INFO GPU Direct RDMA Enabled for GPU/0-1019984 (rank 0) - NET/0-9 (distance 5 <= 6, read 0, mode Default)
a100-llm-05:3907243:3907424 [0] NCCL INFO New proxy recv connection 1 from local rank 0, transport 2
a100-llm-05:3907243:3907440 [0] NCCL INFO Connected to proxy localRank 0 -> connection 0x7f75cc000d88
a100-llm-05:3907243:3907440 [0] NCCL INFO Channel 01/0 : 7[7] -> 0[0] [receive] via NET/IB/9/GDRDMA
a100-llm-05:3907243:3907440 [0] NCCL INFO GPU Direct RDMA Enabled for GPU/0-1019984 (rank 0) - NET/0-9 (distance 5 <= 6, read 1, mode Default)
a100-llm-05:3907243:3907424 [0] NCCL INFO New proxy send connection 2 from local rank 0, transport 2
a100-llm-05:3907243:3907440 [0] NCCL INFO Connected to proxy localRank 0 -> connection 0x7f75cc000e00
a100-llm-05:3907243:3907440 [0] NCCL INFO Channel 00/0 : 0[0] -> 1[1] [send] via NET/IB/9/GDRDMA
a100-llm-05:3907243:3907440 [0] NCCL INFO GPU Direct RDMA Enabled for GPU/0-1019984 (rank 0) - NET/0-9 (distance 5 <= 6, read 1, mode Default)
a100-llm-05:3907243:3907424 [0] NCCL INFO New proxy send connection 3 from local rank 0, transport 2
a100-llm-05:3907243:3907440 [0] NCCL INFO Connected to proxy localRank 0 -> connection 0x7f75cc000e78
a100-llm-05:3907243:3907440 [0] NCCL INFO Channel 01/0 : 0[0] -> 1[1] [send] via NET/IB/9/GDRDMA
a100-llm-05:3907243:3907434 [6] NCCL INFO Channel 00/0 : 5[5] -> 6[6] [receive] via NET/IB/12/GDRDMA
a100-llm-05:3907243:3907434 [6] NCCL INFO GPU Direct RDMA Enabled for GPU/0-1044560 (rank 6) - NET/0-12 (distance 5 <= 6, read 0, mode Default)
a100-llm-05:3907243:3907417 [6] NCCL INFO New proxy recv connection 1 from local rank 0, transport 2
a100-llm-05:3907243:3907434 [6] NCCL INFO Connected to proxy localRank 0 -> connection 0x7f75e4000d88
a100-llm-05:3907243:3907434 [6] NCCL INFO Channel 01/0 : 5[5] -> 6[6] [receive] via NET/IB/12/GDRDMA
a100-llm-05:3907243:3907434 [6] NCCL INFO GPU Direct RDMA Enabled for GPU/0-1044560 (rank 6) - NET/0-12 (distance 5 <= 6, read 1, mode Default)
a100-llm-05:3907243:3907417 [6] NCCL INFO New proxy send connection 2 from local rank 0, transport 2
a100-llm-05:3907243:3907434 [6] NCCL INFO Connected to proxy localRank 0 -> connection 0x7f75e4000e00
a100-llm-05:3907243:3907434 [6] NCCL INFO Channel 00/0 : 6[6] -> 7[7] [send] via NET/IB/12/GDRDMA
a100-llm-05:3907243:3907434 [6] NCCL INFO GPU Direct RDMA Enabled for GPU/0-1044560 (rank 6) - NET/0-12 (distance 5 <= 6, read 1, mode Default)
a100-llm-05:3907243:3907417 [6] NCCL INFO New proxy send connection 3 from local rank 0, transport 2
a100-llm-05:3907243:3907434 [6] NCCL INFO Connected to proxy localRank 0 -> connection 0x7f75e4000e78
a100-llm-05:3907243:3907434 [6] NCCL INFO Channel 01/0 : 6[6] -> 7[7] [send] via NET/IB/12/GDRDMA
a100-llm-05:3907243:3907438 [2] NCCL INFO Connected to proxy localRank 0 -> connection 0x7f7600004d90
a100-llm-05:3907243:3907423 [5] NCCL INFO New proxy recv connection 1 from local rank 0, transport 2
a100-llm-05:3907243:3907433 [7] NCCL INFO Channel 00/0 : 6[6] -> 7[7] [receive] via NET/IB/12/GDRDMA
a100-llm-05:3907243:3907433 [7] NCCL INFO GPU Direct RDMA Enabled for GPU/0-1044576 (rank 7) - NET/0-12 (distance 5 <= 6, read 0, mode Default)
a100-llm-05:3907243:3907420 [7] NCCL INFO New proxy recv connection 1 from local rank 0, transport 2
a100-llm-05:3907243:3907433 [7] NCCL INFO Connected to proxy localRank 0 -> connection 0x7f75d4000d88
a100-llm-05:3907243:3907433 [7] NCCL INFO Channel 01/0 : 6[6] -> 7[7] [receive] via NET/IB/12/GDRDMA
a100-llm-05:3907243:3907433 [7] NCCL INFO GPU Direct RDMA Enabled for GPU/0-1044576 (rank 7) - NET/0-12 (distance 5 <= 6, read 1, mode Default)
a100-llm-05:3907243:3907420 [7] NCCL INFO New proxy send connection 2 from local rank 0, transport 2
a100-llm-05:3907243:3907433 [7] NCCL INFO Connected to proxy localRank 0 -> connection 0x7f75d4000e00
a100-llm-05:3907243:3907433 [7] NCCL INFO Channel 00/0 : 7[7] -> 0[0] [send] via NET/IB/12/GDRDMA
a100-llm-05:3907243:3907433 [7] NCCL INFO GPU Direct RDMA Enabled for GPU/0-1044576 (rank 7) - NET/0-12 (distance 5 <= 6, read 1, mode Default)
a100-llm-05:3907243:3907420 [7] NCCL INFO New proxy send connection 3 from local rank 0, transport 2
a100-llm-05:3907243:3907433 [7] NCCL INFO Connected to proxy localRank 0 -> connection 0x7f75d4000e78
a100-llm-05:3907243:3907433 [7] NCCL INFO Channel 01/0 : 7[7] -> 0[0] [send] via NET/IB/12/GDRDMA
a100-llm-05:3907243:3907436 [4] NCCL INFO Connected to proxy localRank 0 -> connection 0x7f75bc000d10
a100-llm-05:3907243:3907436 [4] NCCL INFO Channel 00/0 : 3[3] -> 4[4] [receive] via NET/IB/11/GDRDMA
a100-llm-05:3907243:3907436 [4] NCCL INFO GPU Direct RDMA Enabled for GPU/0-1036368 (rank 4) - NET/0-11 (distance 5 <= 6, read 0, mode Default)
a100-llm-05:3907243:3907428 [4] NCCL INFO New proxy recv connection 1 from local rank 0, transport 2
a100-llm-05:3907243:3907436 [4] NCCL INFO Connected to proxy localRank 0 -> connection 0x7f75bc000d88
a100-llm-05:3907243:3907436 [4] NCCL INFO Channel 01/0 : 3[3] -> 4[4] [receive] via NET/IB/11/GDRDMA
a100-llm-05:3907243:3907436 [4] NCCL INFO GPU Direct RDMA Enabled for GPU/0-1036368 (rank 4) - NET/0-11 (distance 5 <= 6, read 1, mode Default)
a100-llm-05:3907243:3907428 [4] NCCL INFO New proxy send connection 2 from local rank 0, transport 2
a100-llm-05:3907243:3907436 [4] NCCL INFO Connected to proxy localRank 0 -> connection 0x7f75bc000e00
a100-llm-05:3907243:3907436 [4] NCCL INFO Channel 00/0 : 4[4] -> 5[5] [send] via NET/IB/11/GDRDMA
a100-llm-05:3907243:3907436 [4] NCCL INFO GPU Direct RDMA Enabled for GPU/0-1036368 (rank 4) - NET/0-11 (distance 5 <= 6, read 1, mode Default)
a100-llm-05:3907243:3907428 [4] NCCL INFO New proxy send connection 3 from local rank 0, transport 2
a100-llm-05:3907243:3907436 [4] NCCL INFO Connected to proxy localRank 0 -> connection 0x7f75bc000e78
a100-llm-05:3907243:3907436 [4] NCCL INFO Channel 01/0 : 4[4] -> 5[5] [send] via NET/IB/11/GDRDMA
a100-llm-05:3907243:3907435 [5] NCCL INFO Connected to proxy localRank 0 -> connection 0x7f7600001118
a100-llm-05:3907243:3907438 [2] NCCL INFO Channel 00/0 : 1[1] -> 2[2] [receive] via NET/IB/10/GDRDMA
a100-llm-05:3907243:3907438 [2] NCCL INFO GPU Direct RDMA Enabled for GPU/0-1028176 (rank 2) - NET/0-10 (distance 5 <= 6, read 0, mode Default)
a100-llm-05:3907243:3907420 [7] NCCL INFO NET/IB: NCCL Dev 12 IbDev 7 Port 1 qpn 988 mtu 5 GID 3 (0/4E5A13C6FFFF0000) ctsFifoRkey=0x153b3a ctsFifoLkey=0x153b3a
a100-llm-05:3907243:3907420 [7] NCCL INFO NET/IB: IbDev 7 Port 1 qpn 988 query_ece={supported=1, vendor_id=0x15b3, options=0x30000000, comp_mask=0x0}
a100-llm-05:3907243:3907420 [7] NCCL INFO NET/IB: NCCL Dev 12 IbDev 8 Port 1 qpn 732 mtu 5 GID 3 (0/57B013C6FFFF0000) ctsFifoRkey=0x119757 ctsFifoLkey=0x119757
a100-llm-05:3907243:3907420 [7] NCCL INFO NET/IB: IbDev 8 Port 1 qpn 732 query_ece={supported=1, vendor_id=0x15b3, options=0x30000000, comp_mask=0x0}
a100-llm-05:3907243:3907420 [7] NCCL INFO NET/IB: NCCL Dev 12 IbDev 7 Port 1 qpn 989 mtu 5 GID 3 (0/4E5A13C6FFFF0000) ctsFifoRkey=0x154746 ctsFifoLkey=0x154746
a100-llm-05:3907243:3907420 [7] NCCL INFO NET/IB: IbDev 7 Port 1 qpn 989 query_ece={supported=1, vendor_id=0x15b3, options=0x30000000, comp_mask=0x0}
a100-llm-05:3907243:3907420 [7] NCCL INFO NET/IB: NCCL Dev 12 IbDev 8 Port 1 qpn 733 mtu 5 GID 3 (0/57B013C6FFFF0000) ctsFifoRkey=0x11a462 ctsFifoLkey=0x11a462
a100-llm-05:3907243:3907420 [7] NCCL INFO NET/IB: IbDev 8 Port 1 qpn 733 query_ece={supported=1, vendor_id=0x15b3, options=0x30000000, comp_mask=0x0}
a100-llm-05:3907243:3907431 [2] NCCL INFO New proxy recv connection 1 from local rank 0, transport 2
a100-llm-05:3907243:3907438 [2] NCCL INFO Connected to proxy localRank 0 -> connection 0x7f7600004e08
a100-llm-05:3907243:3907420 [7] NCCL INFO NET/IB: IbDev 7 Port 1 qpn 988 set_ece={supported=1, vendor_id=0x15b3, options=0x30000000, comp_mask=0x0}
a100-llm-05:3907243:3907420 [7] NCCL INFO NET/IB: IbDev 8 Port 1 qpn 732 set_ece={supported=1, vendor_id=0x15b3, options=0x30000000, comp_mask=0x0}
a100-llm-05:3907243:3907438 [2] NCCL INFO Channel 01/0 : 1[1] -> 2[2] [receive] via NET/IB/10/GDRDMA
a100-llm-05:3907243:3907438 [2] NCCL INFO GPU Direct RDMA Enabled for GPU/0-1028176 (rank 2) - NET/0-10 (distance 5 <= 6, read 1, mode Default)
a100-llm-05:3907243:3907435 [5] NCCL INFO Channel 01/0 : 4[4] -> 5[5] [receive] via NET/IB/11/GDRDMA
a100-llm-05:3907243:3907435 [5] NCCL INFO GPU Direct RDMA Enabled for GPU/0-1036384 (rank 5) - NET/0-11 (distance 5 <= 6, read 1, mode Default)
a100-llm-05:3907243:3907420 [7] NCCL INFO NET/IB: IbDev 7 Port 1 qpn 989 set_ece={supported=1, vendor_id=0x15b3, options=0x30000000, comp_mask=0x0}
a100-llm-05:3907243:3907420 [7] NCCL INFO NET/IB: IbDev 8 Port 1 qpn 733 set_ece={supported=1, vendor_id=0x15b3, options=0x30000000, comp_mask=0x0}
a100-llm-05:3907243:3907431 [2] NCCL INFO New proxy send connection 2 from local rank 0, transport 2
a100-llm-05:3907243:3907438 [2] NCCL INFO Connected to proxy localRank 0 -> connection 0x7f7600004e80
a100-llm-05:3907243:3907423 [5] NCCL INFO New proxy send connection 2 from local rank 0, transport 2
a100-llm-05:3907243:3907438 [2] NCCL INFO Channel 00/0 : 2[2] -> 3[3] [send] via NET/IB/10/GDRDMA
a100-llm-05:3907243:3907438 [2] NCCL INFO GPU Direct RDMA Enabled for GPU/0-1028176 (rank 2) - NET/0-10 (distance 5 <= 6, read 1, mode Default)
a100-llm-05:3907243:3907435 [5] NCCL INFO Connected to proxy localRank 0 -> connection 0x7f7600001190
a100-llm-05:3907243:3907431 [2] NCCL INFO New proxy send connection 3 from local rank 0, transport 2
a100-llm-05:3907243:3907438 [2] NCCL INFO Connected to proxy localRank 0 -> connection 0x7f7600004ef8
a100-llm-05:3907243:3907438 [2] NCCL INFO Channel 01/0 : 2[2] -> 3[3] [send] via NET/IB/10/GDRDMA
a100-llm-05:3907243:3907431 [2] NCCL INFO NET/IB: NCCL Dev 10 IbDev 3 Port 1 qpn 988 mtu 5 GID 3 (0/220D13C6FFFF0000) ctsFifoRkey=0x159593 ctsFifoLkey=0x159593
a100-llm-05:3907243:3907431 [2] NCCL INFO NET/IB: IbDev 3 Port 1 qpn 988 query_ece={supported=1, vendor_id=0x15b3, options=0x30000000, comp_mask=0x0}
a100-llm-05:3907243:3907431 [2] NCCL INFO NET/IB: NCCL Dev 10 IbDev 4 Port 1 qpn 732 mtu 5 GID 3 (0/422613C6FFFF0000) ctsFifoRkey=0x1234f3 ctsFifoLkey=0x1234f3
a100-llm-05:3907243:3907431 [2] NCCL INFO NET/IB: IbDev 4 Port 1 qpn 732 query_ece={supported=1, vendor_id=0x15b3, options=0x30000000, comp_mask=0x0}
a100-llm-05:3907243:3907424 [0] NCCL INFO NET/IB: NCCL Dev 9 IbDev 1 Port 1 qpn 992 mtu 5 GID 3 (0/F34413C6FFFF0000) ctsFifoRkey=0x15c9c5 ctsFifoLkey=0x15c9c5
a100-llm-05:3907243:3907424 [0] NCCL INFO NET/IB: IbDev 1 Port 1 qpn 992 query_ece={supported=1, vendor_id=0x15b3, options=0x30000000, comp_mask=0x0}
a100-llm-05:3907243:3907424 [0] NCCL INFO NET/IB: NCCL Dev 9 IbDev 2 Port 1 qpn 736 mtu 5 GID 3 (0/173F13C6FFFF0000) ctsFifoRkey=0x11efae ctsFifoLkey=0x11efae
a100-llm-05:3907243:3907424 [0] NCCL INFO NET/IB: IbDev 2 Port 1 qpn 736 query_ece={supported=1, vendor_id=0x15b3, options=0x30000000, comp_mask=0x0}
a100-llm-05:3907243:3907418 [1] NCCL INFO NET/IB: NCCL Dev 9 IbDev 1 Port 1 qpn 993 mtu 5 GID 3 (0/F34413C6FFFF0000) ctsFifoRkey=0x15d5d4 ctsFifoLkey=0x15d5d4
a100-llm-05:3907243:3907418 [1] NCCL INFO NET/IB: IbDev 1 Port 1 qpn 993 query_ece={supported=1, vendor_id=0x15b3, options=0x30000000, comp_mask=0x0}
a100-llm-05:3907243:3907418 [1] NCCL INFO NET/IB: NCCL Dev 9 IbDev 2 Port 1 qpn 737 mtu 5 GID 3 (0/173F13C6FFFF0000) ctsFifoRkey=0x11fcba ctsFifoLkey=0x11fcba
a100-llm-05:3907243:3907418 [1] NCCL INFO NET/IB: IbDev 2 Port 1 qpn 737 query_ece={supported=1, vendor_id=0x15b3, options=0x30000000, comp_mask=0x0}
a100-llm-05:3907243:3907435 [5] NCCL INFO Channel 00/0 : 5[5] -> 6[6] [send] via NET/IB/11/GDRDMA
a100-llm-05:3907243:3907435 [5] NCCL INFO GPU Direct RDMA Enabled for GPU/0-1036384 (rank 5) - NET/0-11 (distance 5 <= 6, read 1, mode Default)
a100-llm-05:3907243:3907431 [2] NCCL INFO NET/IB: NCCL Dev 10 IbDev 3 Port 1 qpn 989 mtu 5 GID 3 (0/220D13C6FFFF0000) ctsFifoRkey=0x15a4a1 ctsFifoLkey=0x15a4a1
a100-llm-05:3907243:3907431 [2] NCCL INFO NET/IB: IbDev 3 Port 1 qpn 989 query_ece={supported=1, vendor_id=0x15b3, options=0x30000000, comp_mask=0x0}
a100-llm-05:3907243:3907431 [2] NCCL INFO NET/IB: NCCL Dev 10 IbDev 4 Port 1 qpn 733 mtu 5 GID 3 (0/422613C6FFFF0000) ctsFifoRkey=0x1240ff ctsFifoLkey=0x1240ff
a100-llm-05:3907243:3907431 [2] NCCL INFO NET/IB: IbDev 4 Port 1 qpn 733 query_ece={supported=1, vendor_id=0x15b3, options=0x30000000, comp_mask=0x0}
a100-llm-05:3907243:3907424 [0] NCCL INFO NET/IB: NCCL Dev 9 IbDev 1 Port 1 qpn 994 mtu 5 GID 3 (0/F34413C6FFFF0000) ctsFifoRkey=0x15edec ctsFifoLkey=0x15edec
a100-llm-05:3907243:3907424 [0] NCCL INFO NET/IB: IbDev 1 Port 1 qpn 994 query_ece={supported=1, vendor_id=0x15b3, options=0x30000000, comp_mask=0x0}
a100-llm-05:3907243:3907424 [0] NCCL INFO NET/IB: NCCL Dev 9 IbDev 2 Port 1 qpn 738 mtu 5 GID 3 (0/173F13C6FFFF0000) ctsFifoRkey=0x1213d2 ctsFifoLkey=0x1213d2
a100-llm-05:3907243:3907424 [0] NCCL INFO NET/IB: IbDev 2 Port 1 qpn 738 query_ece={supported=1, vendor_id=0x15b3, options=0x30000000, comp_mask=0x0}
a100-llm-05:3907243:3907424 [0] NCCL INFO NET/IB: IbDev 1 Port 1 qpn 992 set_ece={supported=1, vendor_id=0x15b3, options=0x30000000, comp_mask=0x0}
a100-llm-05:3907243:3907424 [0] NCCL INFO NET/IB: IbDev 2 Port 1 qpn 736 set_ece={supported=1, vendor_id=0x15b3, options=0x30000000, comp_mask=0x0}
a100-llm-05:3907243:3907418 [1] NCCL INFO NET/IB: NCCL Dev 9 IbDev 1 Port 1 qpn 997 mtu 5 GID 3 (0/F34413C6FFFF0000) ctsFifoRkey=0x15fbf8 ctsFifoLkey=0x15fbf8
a100-llm-05:3907243:3907418 [1] NCCL INFO NET/IB: IbDev 1 Port 1 qpn 997 query_ece={supported=1, vendor_id=0x15b3, options=0x30000000, comp_mask=0x0}
a100-llm-05:3907243:3907418 [1] NCCL INFO NET/IB: NCCL Dev 9 IbDev 2 Port 1 qpn 741 mtu 5 GID 3 (0/173F13C6FFFF0000) ctsFifoRkey=0x1220df ctsFifoLkey=0x1220df
a100-llm-05:3907243:3907418 [1] NCCL INFO NET/IB: IbDev 2 Port 1 qpn 741 query_ece={supported=1, vendor_id=0x15b3, options=0x30000000, comp_mask=0x0}
a100-llm-05:3907243:3907423 [5] NCCL INFO New proxy send connection 3 from local rank 0, transport 2
a100-llm-05:3907243:3907424 [0] NCCL INFO NET/IB: IbDev 1 Port 1 qpn 994 set_ece={supported=1, vendor_id=0x15b3, options=0x30000000, comp_mask=0x0}
a100-llm-05:3907243:3907418 [1] NCCL INFO NET/IB: IbDev 1 Port 1 qpn 993 set_ece={supported=1, vendor_id=0x15b3, options=0x30000000, comp_mask=0x0}
a100-llm-05:3907243:3907418 [1] NCCL INFO NET/IB: IbDev 2 Port 1 qpn 737 set_ece={supported=1, vendor_id=0x15b3, options=0x30000000, comp_mask=0x0}
a100-llm-05:3907243:3907424 [0] NCCL INFO NET/IB: IbDev 2 Port 1 qpn 738 set_ece={supported=1, vendor_id=0x15b3, options=0x30000000, comp_mask=0x0}
a100-llm-05:3907243:3907431 [2] NCCL INFO NET/IB: IbDev 3 Port 1 qpn 988 set_ece={supported=1, vendor_id=0x15b3, options=0x30000000, comp_mask=0x0}
a100-llm-05:3907243:3907431 [2] NCCL INFO NET/IB: IbDev 4 Port 1 qpn 732 set_ece={supported=1, vendor_id=0x15b3, options=0x30000000, comp_mask=0x0}
a100-llm-05:3907243:3907418 [1] NCCL INFO NET/IB: IbDev 1 Port 1 qpn 997 set_ece={supported=1, vendor_id=0x15b3, options=0x30000000, comp_mask=0x0}
a100-llm-05:3907243:3907418 [1] NCCL INFO NET/IB: IbDev 2 Port 1 qpn 741 set_ece={supported=1, vendor_id=0x15b3, options=0x30000000, comp_mask=0x0}
a100-llm-05:3907243:3907435 [5] NCCL INFO Connected to proxy localRank 0 -> connection 0x7f7600001208
a100-llm-05:3907243:3907431 [2] NCCL INFO NET/IB: IbDev 3 Port 1 qpn 989 set_ece={supported=1, vendor_id=0x15b3, options=0x30000000, comp_mask=0x0}
a100-llm-05:3907243:3907431 [2] NCCL INFO NET/IB: IbDev 4 Port 1 qpn 733 set_ece={supported=1, vendor_id=0x15b3, options=0x30000000, comp_mask=0x0}
a100-llm-05:3907243:3907435 [5] NCCL INFO Channel 01/0 : 5[5] -> 6[6] [send] via NET/IB/11/GDRDMA
a100-llm-05:3907243:3907417 [6] NCCL INFO NET/IB: NCCL Dev 12 IbDev 7 Port 1 qpn 990 mtu 5 GID 3 (0/4E5A13C6FFFF0000) ctsFifoRkey=0x155452 ctsFifoLkey=0x155452
a100-llm-05:3907243:3907417 [6] NCCL INFO NET/IB: IbDev 7 Port 1 qpn 990 query_ece={supported=1, vendor_id=0x15b3, options=0x30000000, comp_mask=0x0}
a100-llm-05:3907243:3907417 [6] NCCL INFO NET/IB: NCCL Dev 12 IbDev 8 Port 1 qpn 734 mtu 5 GID 3 (0/57B013C6FFFF0000) ctsFifoRkey=0x11b372 ctsFifoLkey=0x11b372
a100-llm-05:3907243:3907417 [6] NCCL INFO NET/IB: IbDev 8 Port 1 qpn 734 query_ece={supported=1, vendor_id=0x15b3, options=0x30000000, comp_mask=0x0}
a100-llm-05:3907243:3907425 [3] NCCL INFO NET/IB: NCCL Dev 10 IbDev 3 Port 1 qpn 998 mtu 5 GID 3 (0/220D13C6FFFF0000) ctsFifoRkey=0x15e1e1 ctsFifoLkey=0x15e1e1
a100-llm-05:3907243:3907425 [3] NCCL INFO NET/IB: IbDev 3 Port 1 qpn 998 query_ece={supported=1, vendor_id=0x15b3, options=0x30000000, comp_mask=0x0}
a100-llm-05:3907243:3907423 [5] NCCL INFO NET/IB: NCCL Dev 11 IbDev 5 Port 1 qpn 988 mtu 5 GID 3 (0/520113C6FFFF0000) ctsFifoRkey=0x15aead ctsFifoLkey=0x15aead
a100-llm-05:3907243:3907423 [5] NCCL INFO NET/IB: IbDev 5 Port 1 qpn 988 query_ece={supported=1, vendor_id=0x15b3, options=0x30000000, comp_mask=0x0}
a100-llm-05:3907243:3907425 [3] NCCL INFO NET/IB: NCCL Dev 10 IbDev 4 Port 1 qpn 742 mtu 5 GID 3 (0/422613C6FFFF0000) ctsFifoRkey=0x127f3e ctsFifoLkey=0x127f3e
a100-llm-05:3907243:3907425 [3] NCCL INFO NET/IB: IbDev 4 Port 1 qpn 742 query_ece={supported=1, vendor_id=0x15b3, options=0x30000000, comp_mask=0x0}
a100-llm-05:3907243:3907428 [4] NCCL INFO NET/IB: NCCL Dev 11 IbDev 5 Port 1 qpn 989 mtu 5 GID 3 (0/520113C6FFFF0000) ctsFifoRkey=0x15bab9 ctsFifoLkey=0x15bab9
a100-llm-05:3907243:3907428 [4] NCCL INFO NET/IB: IbDev 5 Port 1 qpn 989 query_ece={supported=1, vendor_id=0x15b3, options=0x30000000, comp_mask=0x0}
a100-llm-05:3907243:3907423 [5] NCCL INFO NET/IB: NCCL Dev 11 IbDev 6 Port 1 qpn 732 mtu 5 GID 3 (0/B90713C6FFFF0000) ctsFifoRkey=0x11f3b2 ctsFifoLkey=0x11f3b2
a100-llm-05:3907243:3907423 [5] NCCL INFO NET/IB: IbDev 6 Port 1 qpn 732 query_ece={supported=1, vendor_id=0x15b3, options=0x30000000, comp_mask=0x0}
a100-llm-05:3907243:3907428 [4] NCCL INFO NET/IB: NCCL Dev 11 IbDev 6 Port 1 qpn 733 mtu 5 GID 3 (0/B90713C6FFFF0000) ctsFifoRkey=0x11ffbe ctsFifoLkey=0x11ffbe
a100-llm-05:3907243:3907428 [4] NCCL INFO NET/IB: IbDev 6 Port 1 qpn 733 query_ece={supported=1, vendor_id=0x15b3, options=0x30000000, comp_mask=0x0}
a100-llm-05:3907243:3907425 [3] NCCL INFO NET/IB: NCCL Dev 10 IbDev 3 Port 1 qpn 999 mtu 5 GID 3 (0/220D13C6FFFF0000) ctsFifoRkey=0x15eeed ctsFifoLkey=0x15eeed
a100-llm-05:3907243:3907425 [3] NCCL INFO NET/IB: IbDev 3 Port 1 qpn 999 query_ece={supported=1, vendor_id=0x15b3, options=0x30000000, comp_mask=0x0}
a100-llm-05:3907243:3907425 [3] NCCL INFO NET/IB: NCCL Dev 10 IbDev 4 Port 1 qpn 743 mtu 5 GID 3 (0/422613C6FFFF0000) ctsFifoRkey=0x128b4a ctsFifoLkey=0x128b4a
a100-llm-05:3907243:3907425 [3] NCCL INFO NET/IB: IbDev 4 Port 1 qpn 743 query_ece={supported=1, vendor_id=0x15b3, options=0x30000000, comp_mask=0x0}
a100-llm-05:3907243:3907423 [5] NCCL INFO NET/IB: NCCL Dev 11 IbDev 5 Port 1 qpn 990 mtu 5 GID 3 (0/520113C6FFFF0000) ctsFifoRkey=0x15d0d0 ctsFifoLkey=0x15d0d0
a100-llm-05:3907243:3907423 [5] NCCL INFO NET/IB: IbDev 5 Port 1 qpn 990 query_ece={supported=1, vendor_id=0x15b3, options=0x30000000, comp_mask=0x0}
a100-llm-05:3907243:3907423 [5] NCCL INFO NET/IB: NCCL Dev 11 IbDev 6 Port 1 qpn 734 mtu 5 GID 3 (0/B90713C6FFFF0000) ctsFifoRkey=0x1218d7 ctsFifoLkey=0x1218d7
a100-llm-05:3907243:3907423 [5] NCCL INFO NET/IB: IbDev 6 Port 1 qpn 734 query_ece={supported=1, vendor_id=0x15b3, options=0x30000000, comp_mask=0x0}
a100-llm-05:3907243:3907425 [3] NCCL INFO NET/IB: IbDev 3 Port 1 qpn 998 set_ece={supported=1, vendor_id=0x15b3, options=0x30000000, comp_mask=0x0}
a100-llm-05:3907243:3907425 [3] NCCL INFO NET/IB: IbDev 4 Port 1 qpn 742 set_ece={supported=1, vendor_id=0x15b3, options=0x30000000, comp_mask=0x0}
a100-llm-05:3907243:3907428 [4] NCCL INFO NET/IB: NCCL Dev 11 IbDev 5 Port 1 qpn 994 mtu 5 GID 3 (0/520113C6FFFF0000) ctsFifoRkey=0x15e7e6 ctsFifoLkey=0x15e7e6
a100-llm-05:3907243:3907428 [4] NCCL INFO NET/IB: IbDev 5 Port 1 qpn 994 query_ece={supported=1, vendor_id=0x15b3, options=0x30000000, comp_mask=0x0}
a100-llm-05:3907243:3907417 [6] NCCL INFO NET/IB: IbDev 7 Port 1 qpn 990 set_ece={supported=1, vendor_id=0x15b3, options=0x30000000, comp_mask=0x0}
a100-llm-05:3907243:3907428 [4] NCCL INFO NET/IB: NCCL Dev 11 IbDev 6 Port 1 qpn 738 mtu 5 GID 3 (0/B90713C6FFFF0000) ctsFifoRkey=0x122fef ctsFifoLkey=0x122fef
a100-llm-05:3907243:3907428 [4] NCCL INFO NET/IB: IbDev 6 Port 1 qpn 738 query_ece={supported=1, vendor_id=0x15b3, options=0x30000000, comp_mask=0x0}
a100-llm-05:3907243:3907417 [6] NCCL INFO NET/IB: IbDev 8 Port 1 qpn 734 set_ece={supported=1, vendor_id=0x15b3, options=0x30000000, comp_mask=0x0}
a100-llm-05:3907243:3907423 [5] NCCL INFO NET/IB: IbDev 5 Port 1 qpn 988 set_ece={supported=1, vendor_id=0x15b3, options=0x30000000, comp_mask=0x0}
a100-llm-05:3907243:3907423 [5] NCCL INFO NET/IB: IbDev 6 Port 1 qpn 732 set_ece={supported=1, vendor_id=0x15b3, options=0x30000000, comp_mask=0x0}
a100-llm-05:3907243:3907428 [4] NCCL INFO NET/IB: IbDev 5 Port 1 qpn 989 set_ece={supported=1, vendor_id=0x15b3, options=0x30000000, comp_mask=0x0}
a100-llm-05:3907243:3907428 [4] NCCL INFO NET/IB: IbDev 6 Port 1 qpn 733 set_ece={supported=1, vendor_id=0x15b3, options=0x30000000, comp_mask=0x0}
a100-llm-05:3907243:3907425 [3] NCCL INFO NET/IB: IbDev 3 Port 1 qpn 999 set_ece={supported=1, vendor_id=0x15b3, options=0x30000000, comp_mask=0x0}
a100-llm-05:3907243:3907425 [3] NCCL INFO NET/IB: IbDev 4 Port 1 qpn 743 set_ece={supported=1, vendor_id=0x15b3, options=0x30000000, comp_mask=0x0}
a100-llm-05:3907243:3907428 [4] NCCL INFO NET/IB: IbDev 5 Port 1 qpn 994 set_ece={supported=1, vendor_id=0x15b3, options=0x30000000, comp_mask=0x0}
a100-llm-05:3907243:3907428 [4] NCCL INFO NET/IB: IbDev 6 Port 1 qpn 738 set_ece={supported=1, vendor_id=0x15b3, options=0x30000000, comp_mask=0x0}
a100-llm-05:3907243:3907417 [6] NCCL INFO NET/IB: NCCL Dev 12 IbDev 7 Port 1 qpn 997 mtu 5 GID 3 (0/4E5A13C6FFFF0000) ctsFifoRkey=0x158483 ctsFifoLkey=0x158483
a100-llm-05:3907243:3907417 [6] NCCL INFO NET/IB: IbDev 7 Port 1 qpn 997 query_ece={supported=1, vendor_id=0x15b3, options=0x30000000, comp_mask=0x0}
a100-llm-05:3907243:3907417 [6] NCCL INFO NET/IB: NCCL Dev 12 IbDev 8 Port 1 qpn 741 mtu 5 GID 3 (0/57B013C6FFFF0000) ctsFifoRkey=0x11e6a5 ctsFifoLkey=0x11e6a5
a100-llm-05:3907243:3907417 [6] NCCL INFO NET/IB: IbDev 8 Port 1 qpn 741 query_ece={supported=1, vendor_id=0x15b3, options=0x30000000, comp_mask=0x0}
a100-llm-05:3907243:3907423 [5] NCCL INFO NET/IB: IbDev 5 Port 1 qpn 990 set_ece={supported=1, vendor_id=0x15b3, options=0x30000000, comp_mask=0x0}
a100-llm-05:3907243:3907423 [5] NCCL INFO NET/IB: IbDev 6 Port 1 qpn 734 set_ece={supported=1, vendor_id=0x15b3, options=0x30000000, comp_mask=0x0}
a100-llm-05:3907243:3907417 [6] NCCL INFO NET/IB: IbDev 7 Port 1 qpn 997 set_ece={supported=1, vendor_id=0x15b3, options=0x30000000, comp_mask=0x0}
a100-llm-05:3907243:3907417 [6] NCCL INFO NET/IB: IbDev 8 Port 1 qpn 741 set_ece={supported=1, vendor_id=0x15b3, options=0x30000000, comp_mask=0x0}
[AIMD] FinalizeChunkRTT: cc=0x7f75d40659a0 slot=0 inflight_before=1
[AIMD] FinalizeChunkRTT: cc=0x7f75dc001000 slot=671 inflight_before=1
warmup done.
[AIMD] FinalizeChunkRTT: cc=0x7f75d8001000 slot=740 inflight_before=1
[AIMD] FinalizeChunkRTT: cc=0x7f75d8017320 slot=416 inflight_before=1
a100-llm-05:3907243:3907401 [0] NCCL INFO V2MIN: pressure=1.000 (fast=0.137 slow=0.001 dev=0.1362) state=SHRINK window=204 floor=204 high=3198 low=0 ncc=16
[AIMD] FinalizeChunkRTT: cc=0x7f75e8065960 slot=232 inflight_before=7
[AIMD] FinalizeChunkRTT: cc=0x7f75d0001000 slot=918 inflight_before=1
[AIMD] FinalizeChunkRTT: cc=0x7f75e0001000 slot=608 inflight_before=1
[AIMD] FinalizeChunkRTT: cc=0x7f75e0001000 slot=284 inflight_before=1
[AIMD] FinalizeChunkRTT: cc=0x7f75e0017320 slot=968 inflight_before=2
a100-llm-05:3907243:3907401 [0] NCCL INFO V2MIN: pressure=1.000 (fast=0.088 slow=0.001 dev=0.0869) state=SHRINK window=204 floor=204 high=7925 low=0 ncc=16
[AIMD] FinalizeChunkRTT: cc=0x7f75e8065960 slot=433 inflight_before=1
[AIMD] FinalizeChunkRTT: cc=0x7f75d0001000 slot=912 inflight_before=1
[AIMD] FinalizeChunkRTT: cc=0x7f75d4065be0 slot=330 inflight_before=2
[AIMD] FinalizeChunkRTT: cc=0x7f75e8065960 slot=812 inflight_before=7
[AIMD] FinalizeChunkRTT: cc=0x7f75d40659a0 slot=264 inflight_before=1
a100-llm-05:3907243:3907401 [0] NCCL INFO V2MIN: pressure=1.000 (fast=0.257 slow=0.001 dev=0.2557) state=SHRINK window=204 floor=204 high=12653 low=0 ncc=16
[AIMD] FinalizeChunkRTT: cc=0x7f75bc0659a0 slot=754 inflight_before=1
[AIMD] FinalizeChunkRTT: cc=0x7f75d0001000 slot=332 inflight_before=1
[AIMD] FinalizeChunkRTT: cc=0x7f75d0001000 slot=787 inflight_before=4
[AIMD] FinalizeChunkRTT: cc=0x7f75d0001000 slot=123 inflight_before=8
[AIMD] FinalizeChunkRTT: cc=0x7f75d40659a0 slot=540 inflight_before=1
a100-llm-05:3907243:3907401 [0] NCCL INFO V2MIN: pressure=1.000 (fast=0.098 slow=0.001 dev=0.0964) state=SHRINK window=204 floor=204 high=17365 low=0 ncc=16
[AIMD] FinalizeChunkRTT: cc=0x7f75d0001000 slot=298 inflight_before=1
[AIMD] FinalizeChunkRTT: cc=0x7f75cc065420 slot=877 inflight_before=2
[AIMD] FinalizeChunkRTT: cc=0x7f75dc001000 slot=300 inflight_before=2
[AIMD] FinalizeChunkRTT: cc=0x7f75e0001000 slot=746 inflight_before=2
[AIMD] FinalizeChunkRTT: cc=0x7f75d0001000 slot=203 inflight_before=6
a100-llm-05:3907243:3907401 [0] NCCL INFO V2MIN: pressure=1.000 (fast=0.134 slow=0.001 dev=0.1324) state=SHRINK window=204 floor=204 high=22091 low=0 ncc=16
[AIMD] FinalizeChunkRTT: cc=0x7f75d8001000 slot=674 inflight_before=1
[AIMD] FinalizeChunkRTT: cc=0x7f75d0001000 slot=99 inflight_before=2
CSV written to: det_v2_tuned_run2/bench_latency_20260416_175751.csv

========================================
  Oracle Experiment Results
========================================
Config: nDev=8  count=1048576  data=4.19 MB  iters=1000
NCCL_AIMD_ENABLE=1  NCCL_CC_ORACLE_FACTOR=(unset)

Wall-clock latency (us):
  mean= 24502.2  stddev= 13037.9
  p50 = 22196.8  p99   = 61576.0  max= 80529.2

Collective max GPU latency (us):
  mean= 22356.9  stddev= 11798.5
  p50 = 20070.4  p99   = 56636.3  max= 67670.0

Rank skew (us):
  mean=  3061.9  stddev=  4697.4
  p50 =   270.3  p99   = 18848.3  max= 23352.3

Avg algo bandwidth: 0.30 GB/s
========================================

