a100-llm-05:3937316:3937513 [7] NCCL INFO Connected to proxy localRank 0 -> connection 0x7f8918000d10
a100-llm-05:3937316:3937513 [7] NCCL INFO Channel 00/0 : 6[6] -> 7[7] [receive] via NET/IB/12/GDRDMA
a100-llm-05:3937316:3937515 [5] NCCL INFO Connected to proxy localRank 0 -> connection 0x7f8954000d10
a100-llm-05:3937316:3937513 [7] NCCL INFO GPU Direct RDMA Enabled for GPU/0-1044576 (rank 7) - NET/0-12 (distance 5 <= 6, read 0, mode Default)
a100-llm-05:3937316:3937507 [4] NCCL INFO New proxy recv connection 0 from local rank 0, transport 2
a100-llm-05:3937316:3937517 [3] NCCL INFO Connected to proxy localRank 0 -> connection 0x7f8a6bf8d420
a100-llm-05:3937316:3937517 [3] NCCL INFO Channel 00/0 : 2[2] -> 3[3] [receive] via NET/IB/10/GDRDMA
a100-llm-05:3937316:3937517 [3] NCCL INFO GPU Direct RDMA Enabled for GPU/0-1028192 (rank 3) - NET/0-10 (distance 5 <= 6, read 0, mode Default)
a100-llm-05:3937316:3937497 [6] NCCL INFO New proxy recv connection 0 from local rank 0, transport 2
a100-llm-05:3937316:3937515 [5] NCCL INFO Channel 00/0 : 4[4] -> 5[5] [receive] via NET/IB/11/GDRDMA
a100-llm-05:3937316:3937515 [5] NCCL INFO GPU Direct RDMA Enabled for GPU/0-1036384 (rank 5) - NET/0-11 (distance 5 <= 6, read 0, mode Default)
a100-llm-05:3937316:3937498 [5] NCCL INFO New proxy recv connection 1 from local rank 0, transport 2
a100-llm-05:3937316:3937515 [5] NCCL INFO Connected to proxy localRank 0 -> connection 0x7f8954000d88
a100-llm-05:3937316:3937515 [5] NCCL INFO Channel 01/0 : 4[4] -> 5[5] [receive] via NET/IB/11/GDRDMA
a100-llm-05:3937316:3937515 [5] NCCL INFO GPU Direct RDMA Enabled for GPU/0-1036384 (rank 5) - NET/0-11 (distance 5 <= 6, read 1, mode Default)
a100-llm-05:3937316:3937500 [0] NCCL INFO New proxy recv connection 0 from local rank 0, transport 2
a100-llm-05:3937316:3937516 [4] NCCL INFO Connected to proxy localRank 0 -> connection 0x7f891c009e10
a100-llm-05:3937316:3937498 [5] NCCL INFO New proxy send connection 2 from local rank 0, transport 2
a100-llm-05:3937316:3937515 [5] NCCL INFO Connected to proxy localRank 0 -> connection 0x7f8954000e00
a100-llm-05:3937316:3937515 [5] NCCL INFO Channel 00/0 : 5[5] -> 6[6] [send] via NET/IB/11/GDRDMA
a100-llm-05:3937316:3937515 [5] NCCL INFO GPU Direct RDMA Enabled for GPU/0-1036384 (rank 5) - NET/0-11 (distance 5 <= 6, read 1, mode Default)
a100-llm-05:3937316:3937498 [5] NCCL INFO New proxy send connection 3 from local rank 0, transport 2
a100-llm-05:3937316:3937515 [5] NCCL INFO Connected to proxy localRank 0 -> connection 0x7f8954000e78
a100-llm-05:3937316:3937515 [5] NCCL INFO Channel 01/0 : 5[5] -> 6[6] [send] via NET/IB/11/GDRDMA
a100-llm-05:3937316:3937520 [0] NCCL INFO Connected to proxy localRank 0 -> connection 0x7f8920000d10
a100-llm-05:3937316:3937505 [7] NCCL INFO New proxy recv connection 1 from local rank 0, transport 2
a100-llm-05:3937316:3937513 [7] NCCL INFO Connected to proxy localRank 0 -> connection 0x7f8918000d88
a100-llm-05:3937316:3937508 [3] NCCL INFO New proxy recv connection 1 from local rank 0, transport 2
a100-llm-05:3937316:3937516 [4] NCCL INFO Channel 00/0 : 3[3] -> 4[4] [receive] via NET/IB/11/GDRDMA
a100-llm-05:3937316:3937516 [4] NCCL INFO GPU Direct RDMA Enabled for GPU/0-1036368 (rank 4) - NET/0-11 (distance 5 <= 6, read 0, mode Default)
a100-llm-05:3937316:3937507 [4] NCCL INFO New proxy recv connection 1 from local rank 0, transport 2
a100-llm-05:3937316:3937514 [6] NCCL INFO Connected to proxy localRank 0 -> connection 0x7f8924000d10
a100-llm-05:3937316:3937516 [4] NCCL INFO Connected to proxy localRank 0 -> connection 0x7f891c009e88
a100-llm-05:3937316:3937514 [6] NCCL INFO Channel 00/0 : 5[5] -> 6[6] [receive] via NET/IB/12/GDRDMA
a100-llm-05:3937316:3937514 [6] NCCL INFO GPU Direct RDMA Enabled for GPU/0-1044560 (rank 6) - NET/0-12 (distance 5 <= 6, read 0, mode Default)
a100-llm-05:3937316:3937497 [6] NCCL INFO New proxy recv connection 1 from local rank 0, transport 2
a100-llm-05:3937316:3937514 [6] NCCL INFO Connected to proxy localRank 0 -> connection 0x7f8924000d88
a100-llm-05:3937316:3937514 [6] NCCL INFO Channel 01/0 : 5[5] -> 6[6] [receive] via NET/IB/12/GDRDMA
a100-llm-05:3937316:3937514 [6] NCCL INFO GPU Direct RDMA Enabled for GPU/0-1044560 (rank 6) - NET/0-12 (distance 5 <= 6, read 1, mode Default)
a100-llm-05:3937316:3937497 [6] NCCL INFO New proxy send connection 2 from local rank 0, transport 2
a100-llm-05:3937316:3937514 [6] NCCL INFO Connected to proxy localRank 0 -> connection 0x7f8924000e00
a100-llm-05:3937316:3937514 [6] NCCL INFO Channel 00/0 : 6[6] -> 7[7] [send] via NET/IB/12/GDRDMA
a100-llm-05:3937316:3937514 [6] NCCL INFO GPU Direct RDMA Enabled for GPU/0-1044560 (rank 6) - NET/0-12 (distance 5 <= 6, read 1, mode Default)
a100-llm-05:3937316:3937497 [6] NCCL INFO New proxy send connection 3 from local rank 0, transport 2
a100-llm-05:3937316:3937514 [6] NCCL INFO Connected to proxy localRank 0 -> connection 0x7f8924000e78
a100-llm-05:3937316:3937514 [6] NCCL INFO Channel 01/0 : 6[6] -> 7[7] [send] via NET/IB/12/GDRDMA
a100-llm-05:3937316:3937517 [3] NCCL INFO Connected to proxy localRank 0 -> connection 0x7f8a6bf8d498
a100-llm-05:3937316:3937513 [7] NCCL INFO Channel 01/0 : 6[6] -> 7[7] [receive] via NET/IB/12/GDRDMA
a100-llm-05:3937316:3937513 [7] NCCL INFO GPU Direct RDMA Enabled for GPU/0-1044576 (rank 7) - NET/0-12 (distance 5 <= 6, read 1, mode Default)
a100-llm-05:3937316:3937520 [0] NCCL INFO Channel 00/0 : 7[7] -> 0[0] [receive] via NET/IB/9/GDRDMA
a100-llm-05:3937316:3937520 [0] NCCL INFO GPU Direct RDMA Enabled for GPU/0-1019984 (rank 0) - NET/0-9 (distance 5 <= 6, read 0, mode Default)
a100-llm-05:3937316:3937519 [1] NCCL INFO Channel 00/0 : 0[0] -> 1[1] [receive] via NET/IB/9/GDRDMA
a100-llm-05:3937316:3937519 [1] NCCL INFO GPU Direct RDMA Enabled for GPU/0-1020000 (rank 1) - NET/0-9 (distance 5 <= 6, read 0, mode Default)
a100-llm-05:3937316:3937500 [0] NCCL INFO New proxy recv connection 1 from local rank 0, transport 2
a100-llm-05:3937316:3937520 [0] NCCL INFO Connected to proxy localRank 0 -> connection 0x7f8920000d88
a100-llm-05:3937316:3937503 [1] NCCL INFO New proxy recv connection 1 from local rank 0, transport 2
a100-llm-05:3937316:3937505 [7] NCCL INFO New proxy send connection 2 from local rank 0, transport 2
a100-llm-05:3937316:3937513 [7] NCCL INFO Connected to proxy localRank 0 -> connection 0x7f8918000e00
a100-llm-05:3937316:3937518 [2] NCCL INFO Connected to proxy localRank 0 -> connection 0x7f8a5f40c740
a100-llm-05:3937316:3937518 [2] NCCL INFO Channel 00/0 : 1[1] -> 2[2] [receive] via NET/IB/10/GDRDMA
a100-llm-05:3937316:3937518 [2] NCCL INFO GPU Direct RDMA Enabled for GPU/0-1028176 (rank 2) - NET/0-10 (distance 5 <= 6, read 0, mode Default)
a100-llm-05:3937316:3937509 [2] NCCL INFO New proxy recv connection 1 from local rank 0, transport 2
a100-llm-05:3937316:3937518 [2] NCCL INFO Connected to proxy localRank 0 -> connection 0x7f8a5f40c7b8
a100-llm-05:3937316:3937518 [2] NCCL INFO Channel 01/0 : 1[1] -> 2[2] [receive] via NET/IB/10/GDRDMA
a100-llm-05:3937316:3937518 [2] NCCL INFO GPU Direct RDMA Enabled for GPU/0-1028176 (rank 2) - NET/0-10 (distance 5 <= 6, read 1, mode Default)
a100-llm-05:3937316:3937509 [2] NCCL INFO New proxy send connection 2 from local rank 0, transport 2
a100-llm-05:3937316:3937518 [2] NCCL INFO Connected to proxy localRank 0 -> connection 0x7f8a5f40c830
a100-llm-05:3937316:3937518 [2] NCCL INFO Channel 00/0 : 2[2] -> 3[3] [send] via NET/IB/10/GDRDMA
a100-llm-05:3937316:3937518 [2] NCCL INFO GPU Direct RDMA Enabled for GPU/0-1028176 (rank 2) - NET/0-10 (distance 5 <= 6, read 1, mode Default)
a100-llm-05:3937316:3937509 [2] NCCL INFO New proxy send connection 3 from local rank 0, transport 2
a100-llm-05:3937316:3937518 [2] NCCL INFO Connected to proxy localRank 0 -> connection 0x7f8a5f40c8a8
a100-llm-05:3937316:3937518 [2] NCCL INFO Channel 01/0 : 2[2] -> 3[3] [send] via NET/IB/10/GDRDMA
a100-llm-05:3937316:3937517 [3] NCCL INFO Channel 01/0 : 2[2] -> 3[3] [receive] via NET/IB/10/GDRDMA
a100-llm-05:3937316:3937517 [3] NCCL INFO GPU Direct RDMA Enabled for GPU/0-1028192 (rank 3) - NET/0-10 (distance 5 <= 6, read 1, mode Default)
a100-llm-05:3937316:3937516 [4] NCCL INFO Channel 01/0 : 3[3] -> 4[4] [receive] via NET/IB/11/GDRDMA
a100-llm-05:3937316:3937516 [4] NCCL INFO GPU Direct RDMA Enabled for GPU/0-1036368 (rank 4) - NET/0-11 (distance 5 <= 6, read 1, mode Default)
a100-llm-05:3937316:3937519 [1] NCCL INFO Connected to proxy localRank 0 -> connection 0x7f893c000d88
a100-llm-05:3937316:3937520 [0] NCCL INFO Channel 01/0 : 7[7] -> 0[0] [receive] via NET/IB/9/GDRDMA
a100-llm-05:3937316:3937520 [0] NCCL INFO GPU Direct RDMA Enabled for GPU/0-1019984 (rank 0) - NET/0-9 (distance 5 <= 6, read 1, mode Default)
a100-llm-05:3937316:3937500 [0] NCCL INFO New proxy send connection 2 from local rank 0, transport 2
a100-llm-05:3937316:3937513 [7] NCCL INFO Channel 00/0 : 7[7] -> 0[0] [send] via NET/IB/12/GDRDMA
a100-llm-05:3937316:3937513 [7] NCCL INFO GPU Direct RDMA Enabled for GPU/0-1044576 (rank 7) - NET/0-12 (distance 5 <= 6, read 1, mode Default)
a100-llm-05:3937316:3937507 [4] NCCL INFO New proxy send connection 2 from local rank 0, transport 2
a100-llm-05:3937316:3937520 [0] NCCL INFO Connected to proxy localRank 0 -> connection 0x7f8920000e00
a100-llm-05:3937316:3937508 [3] NCCL INFO New proxy send connection 2 from local rank 0, transport 2
a100-llm-05:3937316:3937519 [1] NCCL INFO Channel 01/0 : 0[0] -> 1[1] [receive] via NET/IB/9/GDRDMA
a100-llm-05:3937316:3937519 [1] NCCL INFO GPU Direct RDMA Enabled for GPU/0-1020000 (rank 1) - NET/0-9 (distance 5 <= 6, read 1, mode Default)
a100-llm-05:3937316:3937503 [1] NCCL INFO New proxy send connection 2 from local rank 0, transport 2
a100-llm-05:3937316:3937517 [3] NCCL INFO Connected to proxy localRank 0 -> connection 0x7f8a6bf8d510
a100-llm-05:3937316:3937516 [4] NCCL INFO Connected to proxy localRank 0 -> connection 0x7f891c009f00
a100-llm-05:3937316:3937505 [7] NCCL INFO New proxy send connection 3 from local rank 0, transport 2
a100-llm-05:3937316:3937513 [7] NCCL INFO Connected to proxy localRank 0 -> connection 0x7f8918000e78
a100-llm-05:3937316:3937519 [1] NCCL INFO Connected to proxy localRank 0 -> connection 0x7f893c000e00
a100-llm-05:3937316:3937520 [0] NCCL INFO Channel 00/0 : 0[0] -> 1[1] [send] via NET/IB/9/GDRDMA
a100-llm-05:3937316:3937520 [0] NCCL INFO GPU Direct RDMA Enabled for GPU/0-1019984 (rank 0) - NET/0-9 (distance 5 <= 6, read 1, mode Default)
a100-llm-05:3937316:3937513 [7] NCCL INFO Channel 01/0 : 7[7] -> 0[0] [send] via NET/IB/12/GDRDMA
a100-llm-05:3937316:3937517 [3] NCCL INFO Channel 00/0 : 3[3] -> 4[4] [send] via NET/IB/10/GDRDMA
a100-llm-05:3937316:3937517 [3] NCCL INFO GPU Direct RDMA Enabled for GPU/0-1028192 (rank 3) - NET/0-10 (distance 5 <= 6, read 1, mode Default)
a100-llm-05:3937316:3937500 [0] NCCL INFO New proxy send connection 3 from local rank 0, transport 2
a100-llm-05:3937316:3937516 [4] NCCL INFO Channel 00/0 : 4[4] -> 5[5] [send] via NET/IB/11/GDRDMA
a100-llm-05:3937316:3937516 [4] NCCL INFO GPU Direct RDMA Enabled for GPU/0-1036368 (rank 4) - NET/0-11 (distance 5 <= 6, read 1, mode Default)
a100-llm-05:3937316:3937508 [3] NCCL INFO New proxy send connection 3 from local rank 0, transport 2
a100-llm-05:3937316:3937507 [4] NCCL INFO New proxy send connection 3 from local rank 0, transport 2
a100-llm-05:3937316:3937517 [3] NCCL INFO Connected to proxy localRank 0 -> connection 0x7f8a6bf8d588
a100-llm-05:3937316:3937520 [0] NCCL INFO Connected to proxy localRank 0 -> connection 0x7f8920000e78
a100-llm-05:3937316:3937519 [1] NCCL INFO Channel 00/0 : 1[1] -> 2[2] [send] via NET/IB/9/GDRDMA
a100-llm-05:3937316:3937519 [1] NCCL INFO GPU Direct RDMA Enabled for GPU/0-1020000 (rank 1) - NET/0-9 (distance 5 <= 6, read 1, mode Default)
a100-llm-05:3937316:3937503 [1] NCCL INFO New proxy send connection 3 from local rank 0, transport 2
a100-llm-05:3937316:3937519 [1] NCCL INFO Connected to proxy localRank 0 -> connection 0x7f893c000e78
a100-llm-05:3937316:3937516 [4] NCCL INFO Connected to proxy localRank 0 -> connection 0x7f891c009f78
a100-llm-05:3937316:3937517 [3] NCCL INFO Channel 01/0 : 3[3] -> 4[4] [send] via NET/IB/10/GDRDMA
a100-llm-05:3937316:3937519 [1] NCCL INFO Channel 01/0 : 1[1] -> 2[2] [send] via NET/IB/9/GDRDMA
a100-llm-05:3937316:3937520 [0] NCCL INFO Channel 01/0 : 0[0] -> 1[1] [send] via NET/IB/9/GDRDMA
a100-llm-05:3937316:3937505 [7] NCCL INFO NET/IB: NCCL Dev 12 IbDev 7 Port 1 qpn 1108 mtu 5 GID 3 (0/4E5A13C6FFFF0000) ctsFifoRkey=0x18f0ef ctsFifoLkey=0x18f0ef
a100-llm-05:3937316:3937505 [7] NCCL INFO NET/IB: IbDev 7 Port 1 qpn 1108 query_ece={supported=1, vendor_id=0x15b3, options=0x30000000, comp_mask=0x0}
a100-llm-05:3937316:3937505 [7] NCCL INFO NET/IB: NCCL Dev 12 IbDev 8 Port 1 qpn 852 mtu 5 GID 3 (0/57B013C6FFFF0000) ctsFifoRkey=0x158140 ctsFifoLkey=0x158140
a100-llm-05:3937316:3937505 [7] NCCL INFO NET/IB: IbDev 8 Port 1 qpn 852 query_ece={supported=1, vendor_id=0x15b3, options=0x30000000, comp_mask=0x0}
a100-llm-05:3937316:3937497 [6] NCCL INFO NET/IB: NCCL Dev 12 IbDev 7 Port 1 qpn 1109 mtu 5 GID 3 (0/4E5A13C6FFFF0000) ctsFifoRkey=0x18f9f9 ctsFifoLkey=0x18f9f9
a100-llm-05:3937316:3937497 [6] NCCL INFO NET/IB: IbDev 7 Port 1 qpn 1109 query_ece={supported=1, vendor_id=0x15b3, options=0x30000000, comp_mask=0x0}
a100-llm-05:3937316:3937516 [4] NCCL INFO Channel 01/0 : 4[4] -> 5[5] [send] via NET/IB/11/GDRDMA
a100-llm-05:3937316:3937497 [6] NCCL INFO NET/IB: NCCL Dev 12 IbDev 8 Port 1 qpn 853 mtu 5 GID 3 (0/57B013C6FFFF0000) ctsFifoRkey=0x158d4c ctsFifoLkey=0x158d4c
a100-llm-05:3937316:3937497 [6] NCCL INFO NET/IB: IbDev 8 Port 1 qpn 853 query_ece={supported=1, vendor_id=0x15b3, options=0x30000000, comp_mask=0x0}
a100-llm-05:3937316:3937497 [6] NCCL INFO NET/IB: NCCL Dev 12 IbDev 7 Port 1 qpn 1111 mtu 5 GID 3 (0/4E5A13C6FFFF0000) ctsFifoRkey=0x190704 ctsFifoLkey=0x190704
a100-llm-05:3937316:3937497 [6] NCCL INFO NET/IB: IbDev 7 Port 1 qpn 1111 query_ece={supported=1, vendor_id=0x15b3, options=0x30000000, comp_mask=0x0}
a100-llm-05:3937316:3937497 [6] NCCL INFO NET/IB: NCCL Dev 12 IbDev 8 Port 1 qpn 854 mtu 5 GID 3 (0/57B013C6FFFF0000) ctsFifoRkey=0x159958 ctsFifoLkey=0x159958
a100-llm-05:3937316:3937497 [6] NCCL INFO NET/IB: IbDev 8 Port 1 qpn 854 query_ece={supported=1, vendor_id=0x15b3, options=0x30000000, comp_mask=0x0}
a100-llm-05:3937316:3937498 [5] NCCL INFO NET/IB: NCCL Dev 11 IbDev 5 Port 1 qpn 1108 mtu 5 GID 3 (0/520113C6FFFF0000) ctsFifoRkey=0x197a77 ctsFifoLkey=0x197a77
a100-llm-05:3937316:3937498 [5] NCCL INFO NET/IB: IbDev 5 Port 1 qpn 1108 query_ece={supported=1, vendor_id=0x15b3, options=0x30000000, comp_mask=0x0}
a100-llm-05:3937316:3937498 [5] NCCL INFO NET/IB: NCCL Dev 11 IbDev 6 Port 1 qpn 852 mtu 5 GID 3 (0/B90713C6FFFF0000) ctsFifoRkey=0x15ab6a ctsFifoLkey=0x15ab6a
a100-llm-05:3937316:3937498 [5] NCCL INFO NET/IB: IbDev 6 Port 1 qpn 852 query_ece={supported=1, vendor_id=0x15b3, options=0x30000000, comp_mask=0x0}
a100-llm-05:3937316:3937507 [4] NCCL INFO NET/IB: NCCL Dev 11 IbDev 5 Port 1 qpn 1109 mtu 5 GID 3 (0/520113C6FFFF0000) ctsFifoRkey=0x198685 ctsFifoLkey=0x198685
a100-llm-05:3937316:3937507 [4] NCCL INFO NET/IB: IbDev 5 Port 1 qpn 1109 query_ece={supported=1, vendor_id=0x15b3, options=0x30000000, comp_mask=0x0}
a100-llm-05:3937316:3937509 [2] NCCL INFO NET/IB: NCCL Dev 10 IbDev 3 Port 1 qpn 1108 mtu 5 GID 3 (0/220D13C6FFFF0000) ctsFifoRkey=0x194e4c ctsFifoLkey=0x194e4c
a100-llm-05:3937316:3937509 [2] NCCL INFO NET/IB: IbDev 3 Port 1 qpn 1108 query_ece={supported=1, vendor_id=0x15b3, options=0x30000000, comp_mask=0x0}
a100-llm-05:3937316:3937509 [2] NCCL INFO NET/IB: NCCL Dev 10 IbDev 4 Port 1 qpn 852 mtu 5 GID 3 (0/422613C6FFFF0000) ctsFifoRkey=0x15f4b3 ctsFifoLkey=0x15f4b3
a100-llm-05:3937316:3937509 [2] NCCL INFO NET/IB: IbDev 4 Port 1 qpn 852 query_ece={supported=1, vendor_id=0x15b3, options=0x30000000, comp_mask=0x0}
a100-llm-05:3937316:3937507 [4] NCCL INFO NET/IB: NCCL Dev 11 IbDev 6 Port 1 qpn 853 mtu 5 GID 3 (0/B90713C6FFFF0000) ctsFifoRkey=0x15b776 ctsFifoLkey=0x15b776
a100-llm-05:3937316:3937507 [4] NCCL INFO NET/IB: IbDev 6 Port 1 qpn 853 query_ece={supported=1, vendor_id=0x15b3, options=0x30000000, comp_mask=0x0}
a100-llm-05:3937316:3937503 [1] NCCL INFO NET/IB: NCCL Dev 9 IbDev 1 Port 1 qpn 1110 mtu 5 GID 3 (0/F34413C6FFFF0000) ctsFifoRkey=0x198e8d ctsFifoLkey=0x198e8d
a100-llm-05:3937316:3937503 [1] NCCL INFO NET/IB: IbDev 1 Port 1 qpn 1110 query_ece={supported=1, vendor_id=0x15b3, options=0x30000000, comp_mask=0x0}
a100-llm-05:3937316:3937503 [1] NCCL INFO NET/IB: NCCL Dev 9 IbDev 2 Port 1 qpn 854 mtu 5 GID 3 (0/173F13C6FFFF0000) ctsFifoRkey=0x159c5c ctsFifoLkey=0x159c5c
a100-llm-05:3937316:3937503 [1] NCCL INFO NET/IB: IbDev 2 Port 1 qpn 854 query_ece={supported=1, vendor_id=0x15b3, options=0x30000000, comp_mask=0x0}
a100-llm-05:3937316:3937500 [0] NCCL INFO NET/IB: NCCL Dev 9 IbDev 1 Port 1 qpn 1111 mtu 5 GID 3 (0/F34413C6FFFF0000) ctsFifoRkey=0x199a99 ctsFifoLkey=0x199a99
a100-llm-05:3937316:3937500 [0] NCCL INFO NET/IB: IbDev 1 Port 1 qpn 1111 query_ece={supported=1, vendor_id=0x15b3, options=0x30000000, comp_mask=0x0}
a100-llm-05:3937316:3937500 [0] NCCL INFO NET/IB: NCCL Dev 9 IbDev 2 Port 1 qpn 855 mtu 5 GID 3 (0/173F13C6FFFF0000) ctsFifoRkey=0x15a666 ctsFifoLkey=0x15a666
a100-llm-05:3937316:3937500 [0] NCCL INFO NET/IB: IbDev 2 Port 1 qpn 855 query_ece={supported=1, vendor_id=0x15b3, options=0x30000000, comp_mask=0x0}
a100-llm-05:3937316:3937503 [1] NCCL INFO NET/IB: NCCL Dev 9 IbDev 1 Port 1 qpn 1112 mtu 5 GID 3 (0/F34413C6FFFF0000) ctsFifoRkey=0x19a7a5 ctsFifoLkey=0x19a7a5
a100-llm-05:3937316:3937503 [1] NCCL INFO NET/IB: IbDev 1 Port 1 qpn 1112 query_ece={supported=1, vendor_id=0x15b3, options=0x30000000, comp_mask=0x0}
a100-llm-05:3937316:3937503 [1] NCCL INFO NET/IB: NCCL Dev 9 IbDev 2 Port 1 qpn 856 mtu 5 GID 3 (0/173F13C6FFFF0000) ctsFifoRkey=0x15b271 ctsFifoLkey=0x15b271
a100-llm-05:3937316:3937503 [1] NCCL INFO NET/IB: IbDev 2 Port 1 qpn 856 query_ece={supported=1, vendor_id=0x15b3, options=0x30000000, comp_mask=0x0}
a100-llm-05:3937316:3937507 [4] NCCL INFO NET/IB: NCCL Dev 11 IbDev 5 Port 1 qpn 1110 mtu 5 GID 3 (0/520113C6FFFF0000) ctsFifoRkey=0x199291 ctsFifoLkey=0x199291
a100-llm-05:3937316:3937507 [4] NCCL INFO NET/IB: IbDev 5 Port 1 qpn 1110 query_ece={supported=1, vendor_id=0x15b3, options=0x30000000, comp_mask=0x0}
a100-llm-05:3937316:3937507 [4] NCCL INFO NET/IB: NCCL Dev 11 IbDev 6 Port 1 qpn 854 mtu 5 GID 3 (0/B90713C6FFFF0000) ctsFifoRkey=0x15c382 ctsFifoLkey=0x15c382
a100-llm-05:3937316:3937507 [4] NCCL INFO NET/IB: IbDev 6 Port 1 qpn 854 query_ece={supported=1, vendor_id=0x15b3, options=0x30000000, comp_mask=0x0}
a100-llm-05:3937316:3937500 [0] NCCL INFO NET/IB: NCCL Dev 9 IbDev 1 Port 1 qpn 1113 mtu 5 GID 3 (0/F34413C6FFFF0000) ctsFifoRkey=0x19b2b2 ctsFifoLkey=0x19b2b2
a100-llm-05:3937316:3937500 [0] NCCL INFO NET/IB: IbDev 1 Port 1 qpn 1113 query_ece={supported=1, vendor_id=0x15b3, options=0x30000000, comp_mask=0x0}
a100-llm-05:3937316:3937500 [0] NCCL INFO NET/IB: NCCL Dev 9 IbDev 2 Port 1 qpn 857 mtu 5 GID 3 (0/173F13C6FFFF0000) ctsFifoRkey=0x15bf7e ctsFifoLkey=0x15bf7e
a100-llm-05:3937316:3937500 [0] NCCL INFO NET/IB: IbDev 2 Port 1 qpn 857 query_ece={supported=1, vendor_id=0x15b3, options=0x30000000, comp_mask=0x0}
a100-llm-05:3937316:3937497 [6] NCCL INFO NET/IB: IbDev 7 Port 1 qpn 1109 set_ece={supported=1, vendor_id=0x15b3, options=0x30000000, comp_mask=0x0}
a100-llm-05:3937316:3937497 [6] NCCL INFO NET/IB: IbDev 8 Port 1 qpn 853 set_ece={supported=1, vendor_id=0x15b3, options=0x30000000, comp_mask=0x0}
a100-llm-05:3937316:3937503 [1] NCCL INFO NET/IB: IbDev 1 Port 1 qpn 1110 set_ece={supported=1, vendor_id=0x15b3, options=0x30000000, comp_mask=0x0}
a100-llm-05:3937316:3937503 [1] NCCL INFO NET/IB: IbDev 2 Port 1 qpn 854 set_ece={supported=1, vendor_id=0x15b3, options=0x30000000, comp_mask=0x0}
a100-llm-05:3937316:3937507 [4] NCCL INFO NET/IB: IbDev 5 Port 1 qpn 1109 set_ece={supported=1, vendor_id=0x15b3, options=0x30000000, comp_mask=0x0}
a100-llm-05:3937316:3937500 [0] NCCL INFO NET/IB: IbDev 1 Port 1 qpn 1111 set_ece={supported=1, vendor_id=0x15b3, options=0x30000000, comp_mask=0x0}
a100-llm-05:3937316:3937505 [7] NCCL INFO NET/IB: IbDev 7 Port 1 qpn 1108 set_ece={supported=1, vendor_id=0x15b3, options=0x30000000, comp_mask=0x0}
a100-llm-05:3937316:3937507 [4] NCCL INFO NET/IB: IbDev 6 Port 1 qpn 853 set_ece={supported=1, vendor_id=0x15b3, options=0x30000000, comp_mask=0x0}
a100-llm-05:3937316:3937500 [0] NCCL INFO NET/IB: IbDev 2 Port 1 qpn 855 set_ece={supported=1, vendor_id=0x15b3, options=0x30000000, comp_mask=0x0}
a100-llm-05:3937316:3937505 [7] NCCL INFO NET/IB: IbDev 8 Port 1 qpn 852 set_ece={supported=1, vendor_id=0x15b3, options=0x30000000, comp_mask=0x0}
a100-llm-05:3937316:3937509 [2] NCCL INFO NET/IB: IbDev 3 Port 1 qpn 1108 set_ece={supported=1, vendor_id=0x15b3, options=0x30000000, comp_mask=0x0}
a100-llm-05:3937316:3937509 [2] NCCL INFO NET/IB: IbDev 4 Port 1 qpn 852 set_ece={supported=1, vendor_id=0x15b3, options=0x30000000, comp_mask=0x0}
a100-llm-05:3937316:3937508 [3] NCCL INFO NET/IB: NCCL Dev 10 IbDev 3 Port 1 qpn 1115 mtu 5 GID 3 (0/220D13C6FFFF0000) ctsFifoRkey=0x19817d ctsFifoLkey=0x19817d
a100-llm-05:3937316:3937508 [3] NCCL INFO NET/IB: IbDev 3 Port 1 qpn 1115 query_ece={supported=1, vendor_id=0x15b3, options=0x30000000, comp_mask=0x0}
a100-llm-05:3937316:3937498 [5] NCCL INFO NET/IB: NCCL Dev 11 IbDev 5 Port 1 qpn 1113 mtu 5 GID 3 (0/520113C6FFFF0000) ctsFifoRkey=0x19a9a8 ctsFifoLkey=0x19a9a8
a100-llm-05:3937316:3937498 [5] NCCL INFO NET/IB: IbDev 5 Port 1 qpn 1113 query_ece={supported=1, vendor_id=0x15b3, options=0x30000000, comp_mask=0x0}
a100-llm-05:3937316:3937498 [5] NCCL INFO NET/IB: NCCL Dev 11 IbDev 6 Port 1 qpn 857 mtu 5 GID 3 (0/B90713C6FFFF0000) ctsFifoRkey=0x15d49a ctsFifoLkey=0x15d49a
a100-llm-05:3937316:3937498 [5] NCCL INFO NET/IB: IbDev 6 Port 1 qpn 857 query_ece={supported=1, vendor_id=0x15b3, options=0x30000000, comp_mask=0x0}
a100-llm-05:3937316:3937508 [3] NCCL INFO NET/IB: NCCL Dev 10 IbDev 4 Port 1 qpn 858 mtu 5 GID 3 (0/422613C6FFFF0000) ctsFifoRkey=0x1624e4 ctsFifoLkey=0x1624e4
a100-llm-05:3937316:3937508 [3] NCCL INFO NET/IB: IbDev 4 Port 1 qpn 858 query_ece={supported=1, vendor_id=0x15b3, options=0x30000000, comp_mask=0x0}
a100-llm-05:3937316:3937497 [6] NCCL INFO NET/IB: IbDev 7 Port 1 qpn 1111 set_ece={supported=1, vendor_id=0x15b3, options=0x30000000, comp_mask=0x0}
a100-llm-05:3937316:3937497 [6] NCCL INFO NET/IB: IbDev 8 Port 1 qpn 854 set_ece={supported=1, vendor_id=0x15b3, options=0x30000000, comp_mask=0x0}
a100-llm-05:3937316:3937508 [3] NCCL INFO NET/IB: NCCL Dev 10 IbDev 3 Port 1 qpn 1116 mtu 5 GID 3 (0/220D13C6FFFF0000) ctsFifoRkey=0x198e8d ctsFifoLkey=0x198e8d
a100-llm-05:3937316:3937508 [3] NCCL INFO NET/IB: IbDev 3 Port 1 qpn 1116 query_ece={supported=1, vendor_id=0x15b3, options=0x30000000, comp_mask=0x0}
a100-llm-05:3937316:3937508 [3] NCCL INFO NET/IB: NCCL Dev 10 IbDev 4 Port 1 qpn 860 mtu 5 GID 3 (0/422613C6FFFF0000) ctsFifoRkey=0x1630ef ctsFifoLkey=0x1630ef
a100-llm-05:3937316:3937508 [3] NCCL INFO NET/IB: IbDev 4 Port 1 qpn 860 query_ece={supported=1, vendor_id=0x15b3, options=0x30000000, comp_mask=0x0}
a100-llm-05:3937316:3937498 [5] NCCL INFO NET/IB: IbDev 5 Port 1 qpn 1108 set_ece={supported=1, vendor_id=0x15b3, options=0x30000000, comp_mask=0x0}
a100-llm-05:3937316:3937498 [5] NCCL INFO NET/IB: IbDev 6 Port 1 qpn 852 set_ece={supported=1, vendor_id=0x15b3, options=0x30000000, comp_mask=0x0}
a100-llm-05:3937316:3937500 [0] NCCL INFO NET/IB: IbDev 1 Port 1 qpn 1113 set_ece={supported=1, vendor_id=0x15b3, options=0x30000000, comp_mask=0x0}
a100-llm-05:3937316:3937503 [1] NCCL INFO NET/IB: IbDev 1 Port 1 qpn 1112 set_ece={supported=1, vendor_id=0x15b3, options=0x30000000, comp_mask=0x0}
a100-llm-05:3937316:3937500 [0] NCCL INFO NET/IB: IbDev 2 Port 1 qpn 857 set_ece={supported=1, vendor_id=0x15b3, options=0x30000000, comp_mask=0x0}
a100-llm-05:3937316:3937509 [2] NCCL INFO NET/IB: NCCL Dev 10 IbDev 3 Port 1 qpn 1117 mtu 5 GID 3 (0/220D13C6FFFF0000) ctsFifoRkey=0x199b99 ctsFifoLkey=0x199b99
a100-llm-05:3937316:3937509 [2] NCCL INFO NET/IB: IbDev 3 Port 1 qpn 1117 query_ece={supported=1, vendor_id=0x15b3, options=0x30000000, comp_mask=0x0}
a100-llm-05:3937316:3937509 [2] NCCL INFO NET/IB: NCCL Dev 10 IbDev 4 Port 1 qpn 861 mtu 5 GID 3 (0/422613C6FFFF0000) ctsFifoRkey=0x163dfc ctsFifoLkey=0x163dfc
a100-llm-05:3937316:3937509 [2] NCCL INFO NET/IB: IbDev 4 Port 1 qpn 861 query_ece={supported=1, vendor_id=0x15b3, options=0x30000000, comp_mask=0x0}
a100-llm-05:3937316:3937507 [4] NCCL INFO NET/IB: IbDev 5 Port 1 qpn 1110 set_ece={supported=1, vendor_id=0x15b3, options=0x30000000, comp_mask=0x0}
a100-llm-05:3937316:3937507 [4] NCCL INFO NET/IB: IbDev 6 Port 1 qpn 854 set_ece={supported=1, vendor_id=0x15b3, options=0x30000000, comp_mask=0x0}
a100-llm-05:3937316:3937503 [1] NCCL INFO NET/IB: IbDev 2 Port 1 qpn 856 set_ece={supported=1, vendor_id=0x15b3, options=0x30000000, comp_mask=0x0}
a100-llm-05:3937316:3937505 [7] NCCL INFO NET/IB: NCCL Dev 12 IbDev 7 Port 1 qpn 1117 mtu 5 GID 3 (0/4E5A13C6FFFF0000) ctsFifoRkey=0x193835 ctsFifoLkey=0x193835
a100-llm-05:3937316:3937505 [7] NCCL INFO NET/IB: IbDev 7 Port 1 qpn 1117 query_ece={supported=1, vendor_id=0x15b3, options=0x30000000, comp_mask=0x0}
a100-llm-05:3937316:3937505 [7] NCCL INFO NET/IB: NCCL Dev 12 IbDev 8 Port 1 qpn 861 mtu 5 GID 3 (0/57B013C6FFFF0000) ctsFifoRkey=0x15c886 ctsFifoLkey=0x15c886
a100-llm-05:3937316:3937505 [7] NCCL INFO NET/IB: IbDev 8 Port 1 qpn 861 query_ece={supported=1, vendor_id=0x15b3, options=0x30000000, comp_mask=0x0}
a100-llm-05:3937316:3937508 [3] NCCL INFO NET/IB: IbDev 3 Port 1 qpn 1115 set_ece={supported=1, vendor_id=0x15b3, options=0x30000000, comp_mask=0x0}
a100-llm-05:3937316:3937508 [3] NCCL INFO NET/IB: IbDev 4 Port 1 qpn 858 set_ece={supported=1, vendor_id=0x15b3, options=0x30000000, comp_mask=0x0}
a100-llm-05:3937316:3937498 [5] NCCL INFO NET/IB: IbDev 5 Port 1 qpn 1113 set_ece={supported=1, vendor_id=0x15b3, options=0x30000000, comp_mask=0x0}
a100-llm-05:3937316:3937498 [5] NCCL INFO NET/IB: IbDev 6 Port 1 qpn 857 set_ece={supported=1, vendor_id=0x15b3, options=0x30000000, comp_mask=0x0}
a100-llm-05:3937316:3937505 [7] NCCL INFO NET/IB: IbDev 7 Port 1 qpn 1117 set_ece={supported=1, vendor_id=0x15b3, options=0x30000000, comp_mask=0x0}
a100-llm-05:3937316:3937505 [7] NCCL INFO NET/IB: IbDev 8 Port 1 qpn 861 set_ece={supported=1, vendor_id=0x15b3, options=0x30000000, comp_mask=0x0}
a100-llm-05:3937316:3937508 [3] NCCL INFO NET/IB: IbDev 3 Port 1 qpn 1116 set_ece={supported=1, vendor_id=0x15b3, options=0x30000000, comp_mask=0x0}
a100-llm-05:3937316:3937509 [2] NCCL INFO NET/IB: IbDev 3 Port 1 qpn 1117 set_ece={supported=1, vendor_id=0x15b3, options=0x30000000, comp_mask=0x0}
a100-llm-05:3937316:3937508 [3] NCCL INFO NET/IB: IbDev 4 Port 1 qpn 860 set_ece={supported=1, vendor_id=0x15b3, options=0x30000000, comp_mask=0x0}
a100-llm-05:3937316:3937509 [2] NCCL INFO NET/IB: IbDev 4 Port 1 qpn 861 set_ece={supported=1, vendor_id=0x15b3, options=0x30000000, comp_mask=0x0}
[AIMD] FinalizeChunkRTT: cc=0x7f893c037420 slot=0 inflight_before=1
[AIMD] FinalizeChunkRTT: cc=0x7f89180c7180 slot=681 inflight_before=3
warmup done.
[AIMD] FinalizeChunkRTT: cc=0x7f8928017320 slot=239 inflight_before=2
[AIMD] FinalizeChunkRTT: cc=0x7f8934001000 slot=262 inflight_before=7
a100-llm-05:3937316:3937480 [0] NCCL INFO V2MIN: pressure=1.000 (fast=0.114 slow=0.001 dev=0.1131) state=SHRINK window=204 floor=204 high=3128 low=0 ncc=16
[AIMD] FinalizeChunkRTT: cc=0x7f89180c7180 slot=23 inflight_before=8
[AIMD] FinalizeChunkRTT: cc=0x7f8928017320 slot=709 inflight_before=8
[AIMD] FinalizeChunkRTT: cc=0x7f8934001000 slot=412 inflight_before=7
[AIMD] FinalizeChunkRTT: cc=0x7f892c001000 slot=476 inflight_before=1
[AIMD] FinalizeChunkRTT: cc=0x7f8938001000 slot=464 inflight_before=1
a100-llm-05:3937316:3937480 [0] NCCL INFO V2MIN: pressure=1.000 (fast=0.190 slow=0.001 dev=0.1885) state=SHRINK window=204 floor=204 high=7853 low=0 ncc=16
[AIMD] FinalizeChunkRTT: cc=0x7f8938001000 slot=1012 inflight_before=2
[AIMD] FinalizeChunkRTT: cc=0x7f8930001000 slot=40 inflight_before=1
[AIMD] FinalizeChunkRTT: cc=0x7f89180c7180 slot=698 inflight_before=1
[AIMD] FinalizeChunkRTT: cc=0x7f893c037420 slot=306 inflight_before=1
[AIMD] FinalizeChunkRTT: cc=0x7f8930001000 slot=934 inflight_before=1
a100-llm-05:3937316:3937480 [0] NCCL INFO V2MIN: pressure=1.000 (fast=0.085 slow=0.001 dev=0.0836) state=SHRINK window=204 floor=204 high=12579 low=0 ncc=16
[AIMD] FinalizeChunkRTT: cc=0x7f8928001000 slot=538 inflight_before=1
[AIMD] FinalizeChunkRTT: cc=0x7f892c001000 slot=437 inflight_before=1
[AIMD] FinalizeChunkRTT: cc=0x7f89240659a0 slot=816 inflight_before=2
[AIMD] FinalizeChunkRTT: cc=0x7f89240659a0 slot=212 inflight_before=2
CSV written to: det_v2_tuned_run7/bench_latency_20260416_184954.csv

========================================
  Oracle Experiment Results
========================================
Config: nDev=8  count=1048576  data=4.19 MB  iters=1000
NCCL_AIMD_ENABLE=1  NCCL_CC_ORACLE_FACTOR=(unset)

Wall-clock latency (us):
  mean= 16269.8  stddev= 13694.1
  p50 = 14741.0  p99   = 62414.3  max= 71688.6

Collective max GPU latency (us):
  mean= 16088.4  stddev= 13818.3
  p50 = 14608.4  p99   = 62379.4  max= 71663.6

Rank skew (us):
  mean=   650.5  stddev=  1968.6
  p50 =   172.0  p99   =  9191.4  max= 27949.1

Avg algo bandwidth: 0.45 GB/s
========================================

