a100-llm-05:4011949:4012196 [2] NCCL INFO Channel 00/0 : 1[1] -> 2[2] [receive] via NET/IB/10/GDRDMA
a100-llm-05:4011949:4012196 [2] NCCL INFO GPU Direct RDMA Enabled for GPU/0-1028176 (rank 2) - NET/0-10 (distance 5 <= 6, read 0, mode Default)
a100-llm-05:4011949:4012185 [2] NCCL INFO New proxy recv connection 1 from local rank 0, transport 2
a100-llm-05:4011949:4012196 [2] NCCL INFO Connected to proxy localRank 0 -> connection 0x7f8124000d88
a100-llm-05:4011949:4012196 [2] NCCL INFO Channel 01/0 : 1[1] -> 2[2] [receive] via NET/IB/10/GDRDMA
a100-llm-05:4011949:4012196 [2] NCCL INFO GPU Direct RDMA Enabled for GPU/0-1028176 (rank 2) - NET/0-10 (distance 5 <= 6, read 1, mode Default)
a100-llm-05:4011949:4012185 [2] NCCL INFO New proxy send connection 2 from local rank 0, transport 2
a100-llm-05:4011949:4012196 [2] NCCL INFO Connected to proxy localRank 0 -> connection 0x7f8124000e00
a100-llm-05:4011949:4012196 [2] NCCL INFO Channel 00/0 : 2[2] -> 3[3] [send] via NET/IB/10/GDRDMA
a100-llm-05:4011949:4012196 [2] NCCL INFO GPU Direct RDMA Enabled for GPU/0-1028176 (rank 2) - NET/0-10 (distance 5 <= 6, read 1, mode Default)
a100-llm-05:4011949:4012189 [0] NCCL INFO New proxy recv connection 0 from local rank 0, transport 2
a100-llm-05:4011949:4012193 [5] NCCL INFO Connected to proxy localRank 0 -> connection 0x7f8138000d10
a100-llm-05:4011949:4012181 [7] NCCL INFO New proxy recv connection 0 from local rank 0, transport 2
a100-llm-05:4011949:4012193 [5] NCCL INFO Channel 00/0 : 4[4] -> 5[5] [receive] via NET/IB/11/GDRDMA
a100-llm-05:4011949:4012193 [5] NCCL INFO GPU Direct RDMA Enabled for GPU/0-1036384 (rank 5) - NET/0-11 (distance 5 <= 6, read 0, mode Default)
a100-llm-05:4011949:4012178 [5] NCCL INFO New proxy recv connection 1 from local rank 0, transport 2
a100-llm-05:4011949:4012193 [5] NCCL INFO Connected to proxy localRank 0 -> connection 0x7f8138000d88
a100-llm-05:4011949:4012193 [5] NCCL INFO Channel 01/0 : 4[4] -> 5[5] [receive] via NET/IB/11/GDRDMA
a100-llm-05:4011949:4012193 [5] NCCL INFO GPU Direct RDMA Enabled for GPU/0-1036384 (rank 5) - NET/0-11 (distance 5 <= 6, read 1, mode Default)
a100-llm-05:4011949:4012178 [5] NCCL INFO New proxy send connection 2 from local rank 0, transport 2
a100-llm-05:4011949:4012193 [5] NCCL INFO Connected to proxy localRank 0 -> connection 0x7f8138000e00
a100-llm-05:4011949:4012185 [2] NCCL INFO New proxy send connection 3 from local rank 0, transport 2
a100-llm-05:4011949:4012192 [6] NCCL INFO Channel 00/0 : 5[5] -> 6[6] [receive] via NET/IB/12/GDRDMA
a100-llm-05:4011949:4012192 [6] NCCL INFO GPU Direct RDMA Enabled for GPU/0-1044560 (rank 6) - NET/0-12 (distance 5 <= 6, read 0, mode Default)
a100-llm-05:4011949:4012193 [5] NCCL INFO Channel 00/0 : 5[5] -> 6[6] [send] via NET/IB/11/GDRDMA
a100-llm-05:4011949:4012193 [5] NCCL INFO GPU Direct RDMA Enabled for GPU/0-1036384 (rank 5) - NET/0-11 (distance 5 <= 6, read 1, mode Default)
a100-llm-05:4011949:4012191 [7] NCCL INFO Connected to proxy localRank 0 -> connection 0x7f8120000d10
a100-llm-05:4011949:4012198 [0] NCCL INFO Connected to proxy localRank 0 -> connection 0x7f810c009e10
a100-llm-05:4011949:4012178 [5] NCCL INFO New proxy send connection 3 from local rank 0, transport 2
a100-llm-05:4011949:4012193 [5] NCCL INFO Connected to proxy localRank 0 -> connection 0x7f8138000e78
a100-llm-05:4011949:4012193 [5] NCCL INFO Channel 01/0 : 5[5] -> 6[6] [send] via NET/IB/11/GDRDMA
a100-llm-05:4011949:4012176 [3] NCCL INFO New proxy recv connection 0 from local rank 0, transport 2
a100-llm-05:4011949:4012198 [0] NCCL INFO Channel 00/0 : 7[7] -> 0[0] [receive] via NET/IB/9/GDRDMA
a100-llm-05:4011949:4012198 [0] NCCL INFO GPU Direct RDMA Enabled for GPU/0-1019984 (rank 0) - NET/0-9 (distance 5 <= 6, read 0, mode Default)
a100-llm-05:4011949:4012189 [0] NCCL INFO New proxy recv connection 1 from local rank 0, transport 2
a100-llm-05:4011949:4012198 [0] NCCL INFO Connected to proxy localRank 0 -> connection 0x7f810c009e88
a100-llm-05:4011949:4012198 [0] NCCL INFO Channel 01/0 : 7[7] -> 0[0] [receive] via NET/IB/9/GDRDMA
a100-llm-05:4011949:4012198 [0] NCCL INFO GPU Direct RDMA Enabled for GPU/0-1019984 (rank 0) - NET/0-9 (distance 5 <= 6, read 1, mode Default)
a100-llm-05:4011949:4012189 [0] NCCL INFO New proxy send connection 2 from local rank 0, transport 2
a100-llm-05:4011949:4012198 [0] NCCL INFO Connected to proxy localRank 0 -> connection 0x7f810c009f00
a100-llm-05:4011949:4012198 [0] NCCL INFO Channel 00/0 : 0[0] -> 1[1] [send] via NET/IB/9/GDRDMA
a100-llm-05:4011949:4012198 [0] NCCL INFO GPU Direct RDMA Enabled for GPU/0-1019984 (rank 0) - NET/0-9 (distance 5 <= 6, read 1, mode Default)
a100-llm-05:4011949:4012189 [0] NCCL INFO New proxy send connection 3 from local rank 0, transport 2
a100-llm-05:4011949:4012198 [0] NCCL INFO Connected to proxy localRank 0 -> connection 0x7f810c009f78
a100-llm-05:4011949:4012198 [0] NCCL INFO Channel 01/0 : 0[0] -> 1[1] [send] via NET/IB/9/GDRDMA
a100-llm-05:4011949:4012196 [2] NCCL INFO Connected to proxy localRank 0 -> connection 0x7f8124000e78
a100-llm-05:4011949:4012196 [2] NCCL INFO Channel 01/0 : 2[2] -> 3[3] [send] via NET/IB/10/GDRDMA
a100-llm-05:4011949:4012187 [1] NCCL INFO New proxy recv connection 0 from local rank 0, transport 2
a100-llm-05:4011949:4012191 [7] NCCL INFO Channel 00/0 : 6[6] -> 7[7] [receive] via NET/IB/12/GDRDMA
a100-llm-05:4011949:4012191 [7] NCCL INFO GPU Direct RDMA Enabled for GPU/0-1044576 (rank 7) - NET/0-12 (distance 5 <= 6, read 0, mode Default)
a100-llm-05:4011949:4012195 [3] NCCL INFO Connected to proxy localRank 0 -> connection 0x7f826bf870e0
a100-llm-05:4011949:4012195 [3] NCCL INFO Channel 00/0 : 2[2] -> 3[3] [receive] via NET/IB/10/GDRDMA
a100-llm-05:4011949:4012195 [3] NCCL INFO GPU Direct RDMA Enabled for GPU/0-1028192 (rank 3) - NET/0-10 (distance 5 <= 6, read 0, mode Default)
a100-llm-05:4011949:4012176 [3] NCCL INFO New proxy recv connection 1 from local rank 0, transport 2
a100-llm-05:4011949:4012195 [3] NCCL INFO Connected to proxy localRank 0 -> connection 0x7f826bf87158
a100-llm-05:4011949:4012195 [3] NCCL INFO Channel 01/0 : 2[2] -> 3[3] [receive] via NET/IB/10/GDRDMA
a100-llm-05:4011949:4012195 [3] NCCL INFO GPU Direct RDMA Enabled for GPU/0-1028192 (rank 3) - NET/0-10 (distance 5 <= 6, read 1, mode Default)
a100-llm-05:4011949:4012176 [3] NCCL INFO New proxy send connection 2 from local rank 0, transport 2
a100-llm-05:4011949:4012195 [3] NCCL INFO Connected to proxy localRank 0 -> connection 0x7f826bf871d0
a100-llm-05:4011949:4012195 [3] NCCL INFO Channel 00/0 : 3[3] -> 4[4] [send] via NET/IB/10/GDRDMA
a100-llm-05:4011949:4012195 [3] NCCL INFO GPU Direct RDMA Enabled for GPU/0-1028192 (rank 3) - NET/0-10 (distance 5 <= 6, read 1, mode Default)
a100-llm-05:4011949:4012176 [3] NCCL INFO New proxy send connection 3 from local rank 0, transport 2
a100-llm-05:4011949:4012195 [3] NCCL INFO Connected to proxy localRank 0 -> connection 0x7f826bf87248
a100-llm-05:4011949:4012195 [3] NCCL INFO Channel 01/0 : 3[3] -> 4[4] [send] via NET/IB/10/GDRDMA
a100-llm-05:4011949:4012181 [7] NCCL INFO New proxy recv connection 1 from local rank 0, transport 2
a100-llm-05:4011949:4012182 [6] NCCL INFO New proxy recv connection 1 from local rank 0, transport 2
a100-llm-05:4011949:4012191 [7] NCCL INFO Connected to proxy localRank 0 -> connection 0x7f8120000d88
a100-llm-05:4011949:4012197 [1] NCCL INFO Connected to proxy localRank 0 -> connection 0x7f8130000d10
a100-llm-05:4011949:4012192 [6] NCCL INFO Connected to proxy localRank 0 -> connection 0x7f8114000d88
a100-llm-05:4011949:4012197 [1] NCCL INFO Channel 00/0 : 0[0] -> 1[1] [receive] via NET/IB/9/GDRDMA
a100-llm-05:4011949:4012197 [1] NCCL INFO GPU Direct RDMA Enabled for GPU/0-1020000 (rank 1) - NET/0-9 (distance 5 <= 6, read 0, mode Default)
a100-llm-05:4011949:4012187 [1] NCCL INFO New proxy recv connection 1 from local rank 0, transport 2
a100-llm-05:4011949:4012197 [1] NCCL INFO Connected to proxy localRank 0 -> connection 0x7f8130000d88
a100-llm-05:4011949:4012197 [1] NCCL INFO Channel 01/0 : 0[0] -> 1[1] [receive] via NET/IB/9/GDRDMA
a100-llm-05:4011949:4012197 [1] NCCL INFO GPU Direct RDMA Enabled for GPU/0-1020000 (rank 1) - NET/0-9 (distance 5 <= 6, read 1, mode Default)
a100-llm-05:4011949:4012191 [7] NCCL INFO Channel 01/0 : 6[6] -> 7[7] [receive] via NET/IB/12/GDRDMA
a100-llm-05:4011949:4012191 [7] NCCL INFO GPU Direct RDMA Enabled for GPU/0-1044576 (rank 7) - NET/0-12 (distance 5 <= 6, read 1, mode Default)
a100-llm-05:4011949:4012187 [1] NCCL INFO New proxy send connection 2 from local rank 0, transport 2
a100-llm-05:4011949:4012197 [1] NCCL INFO Connected to proxy localRank 0 -> connection 0x7f8130000e00
a100-llm-05:4011949:4012181 [7] NCCL INFO New proxy send connection 2 from local rank 0, transport 2
a100-llm-05:4011949:4012197 [1] NCCL INFO Channel 00/0 : 1[1] -> 2[2] [send] via NET/IB/9/GDRDMA
a100-llm-05:4011949:4012197 [1] NCCL INFO GPU Direct RDMA Enabled for GPU/0-1020000 (rank 1) - NET/0-9 (distance 5 <= 6, read 1, mode Default)
a100-llm-05:4011949:4012187 [1] NCCL INFO New proxy send connection 3 from local rank 0, transport 2
a100-llm-05:4011949:4012197 [1] NCCL INFO Connected to proxy localRank 0 -> connection 0x7f8130000e78
a100-llm-05:4011949:4012197 [1] NCCL INFO Channel 01/0 : 1[1] -> 2[2] [send] via NET/IB/9/GDRDMA
a100-llm-05:4011949:4012191 [7] NCCL INFO Connected to proxy localRank 0 -> connection 0x7f8120000e00
a100-llm-05:4011949:4012171 [4] NCCL INFO New proxy recv connection 0 from local rank 0, transport 2
a100-llm-05:4011949:4012194 [4] NCCL INFO Connected to proxy localRank 0 -> connection 0x7f8184000d10
a100-llm-05:4011949:4012191 [7] NCCL INFO Channel 00/0 : 7[7] -> 0[0] [send] via NET/IB/12/GDRDMA
a100-llm-05:4011949:4012191 [7] NCCL INFO GPU Direct RDMA Enabled for GPU/0-1044576 (rank 7) - NET/0-12 (distance 5 <= 6, read 1, mode Default)
a100-llm-05:4011949:4012181 [7] NCCL INFO New proxy send connection 3 from local rank 0, transport 2
a100-llm-05:4011949:4012191 [7] NCCL INFO Connected to proxy localRank 0 -> connection 0x7f8120000e78
a100-llm-05:4011949:4012191 [7] NCCL INFO Channel 01/0 : 7[7] -> 0[0] [send] via NET/IB/12/GDRDMA
a100-llm-05:4011949:4012192 [6] NCCL INFO Channel 01/0 : 5[5] -> 6[6] [receive] via NET/IB/12/GDRDMA
a100-llm-05:4011949:4012192 [6] NCCL INFO GPU Direct RDMA Enabled for GPU/0-1044560 (rank 6) - NET/0-12 (distance 5 <= 6, read 1, mode Default)
a100-llm-05:4011949:4012194 [4] NCCL INFO Channel 00/0 : 3[3] -> 4[4] [receive] via NET/IB/11/GDRDMA
a100-llm-05:4011949:4012194 [4] NCCL INFO GPU Direct RDMA Enabled for GPU/0-1036368 (rank 4) - NET/0-11 (distance 5 <= 6, read 0, mode Default)
a100-llm-05:4011949:4012189 [0] NCCL INFO NET/IB: NCCL Dev 9 IbDev 1 Port 1 qpn 1276 mtu 5 GID 3 (0/F34413C6FFFF0000) ctsFifoRkey=0x71f20 ctsFifoLkey=0x71f20
a100-llm-05:4011949:4012189 [0] NCCL INFO NET/IB: IbDev 1 Port 1 qpn 1276 query_ece={supported=1, vendor_id=0x15b3, options=0x30000000, comp_mask=0x0}
a100-llm-05:4011949:4012189 [0] NCCL INFO NET/IB: NCCL Dev 9 IbDev 2 Port 1 qpn 1020 mtu 5 GID 3 (0/173F13C6FFFF0000) ctsFifoRkey=0x34d0a ctsFifoLkey=0x34d0a
a100-llm-05:4011949:4012189 [0] NCCL INFO NET/IB: IbDev 2 Port 1 qpn 1020 query_ece={supported=1, vendor_id=0x15b3, options=0x30000000, comp_mask=0x0}
a100-llm-05:4011949:4012189 [0] NCCL INFO NET/IB: NCCL Dev 9 IbDev 1 Port 1 qpn 1277 mtu 5 GID 3 (0/F34413C6FFFF0000) ctsFifoRkey=0x74141 ctsFifoLkey=0x74141
a100-llm-05:4011949:4012189 [0] NCCL INFO NET/IB: IbDev 1 Port 1 qpn 1277 query_ece={supported=1, vendor_id=0x15b3, options=0x30000000, comp_mask=0x0}
a100-llm-05:4011949:4012189 [0] NCCL INFO NET/IB: NCCL Dev 9 IbDev 2 Port 1 qpn 1021 mtu 5 GID 3 (0/173F13C6FFFF0000) ctsFifoRkey=0x37232 ctsFifoLkey=0x37232
a100-llm-05:4011949:4012189 [0] NCCL INFO NET/IB: IbDev 2 Port 1 qpn 1021 query_ece={supported=1, vendor_id=0x15b3, options=0x30000000, comp_mask=0x0}
a100-llm-05:4011949:4012182 [6] NCCL INFO New proxy send connection 2 from local rank 0, transport 2
a100-llm-05:4011949:4012189 [0] NCCL INFO NET/IB: IbDev 1 Port 1 qpn 1276 set_ece={supported=1, vendor_id=0x15b3, options=0x30000000, comp_mask=0x0}
a100-llm-05:4011949:4012189 [0] NCCL INFO NET/IB: IbDev 2 Port 1 qpn 1020 set_ece={supported=1, vendor_id=0x15b3, options=0x30000000, comp_mask=0x0}
a100-llm-05:4011949:4012171 [4] NCCL INFO New proxy recv connection 1 from local rank 0, transport 2
a100-llm-05:4011949:4012187 [1] NCCL INFO NET/IB: NCCL Dev 9 IbDev 1 Port 1 qpn 1280 mtu 5 GID 3 (0/F34413C6FFFF0000) ctsFifoRkey=0x78b8a ctsFifoLkey=0x78b8a
a100-llm-05:4011949:4012187 [1] NCCL INFO NET/IB: IbDev 1 Port 1 qpn 1280 query_ece={supported=1, vendor_id=0x15b3, options=0x30000000, comp_mask=0x0}
a100-llm-05:4011949:4012187 [1] NCCL INFO NET/IB: NCCL Dev 9 IbDev 2 Port 1 qpn 1024 mtu 5 GID 3 (0/173F13C6FFFF0000) ctsFifoRkey=0x3c180 ctsFifoLkey=0x3c180
a100-llm-05:4011949:4012187 [1] NCCL INFO NET/IB: IbDev 2 Port 1 qpn 1024 query_ece={supported=1, vendor_id=0x15b3, options=0x30000000, comp_mask=0x0}
a100-llm-05:4011949:4012192 [6] NCCL INFO Connected to proxy localRank 0 -> connection 0x7f8114000e00
a100-llm-05:4011949:4012194 [4] NCCL INFO Connected to proxy localRank 0 -> connection 0x7f8184000d88
a100-llm-05:4011949:4012189 [0] NCCL INFO NET/IB: IbDev 1 Port 1 qpn 1277 set_ece={supported=1, vendor_id=0x15b3, options=0x30000000, comp_mask=0x0}
a100-llm-05:4011949:4012189 [0] NCCL INFO NET/IB: IbDev 2 Port 1 qpn 1021 set_ece={supported=1, vendor_id=0x15b3, options=0x30000000, comp_mask=0x0}
a100-llm-05:4011949:4012187 [1] NCCL INFO NET/IB: NCCL Dev 9 IbDev 1 Port 1 qpn 1283 mtu 5 GID 3 (0/F34413C6FFFF0000) ctsFifoRkey=0x76666 ctsFifoLkey=0x76666
a100-llm-05:4011949:4012187 [1] NCCL INFO NET/IB: IbDev 1 Port 1 qpn 1283 query_ece={supported=1, vendor_id=0x15b3, options=0x30000000, comp_mask=0x0}
a100-llm-05:4011949:4012187 [1] NCCL INFO NET/IB: NCCL Dev 9 IbDev 2 Port 1 qpn 1027 mtu 5 GID 3 (0/173F13C6FFFF0000) ctsFifoRkey=0x39b5b ctsFifoLkey=0x39b5b
a100-llm-05:4011949:4012187 [1] NCCL INFO NET/IB: IbDev 2 Port 1 qpn 1027 query_ece={supported=1, vendor_id=0x15b3, options=0x30000000, comp_mask=0x0}
a100-llm-05:4011949:4012192 [6] NCCL INFO Channel 00/0 : 6[6] -> 7[7] [send] via NET/IB/12/GDRDMA
a100-llm-05:4011949:4012192 [6] NCCL INFO GPU Direct RDMA Enabled for GPU/0-1044560 (rank 6) - NET/0-12 (distance 5 <= 6, read 1, mode Default)
a100-llm-05:4011949:4012187 [1] NCCL INFO NET/IB: IbDev 1 Port 1 qpn 1283 set_ece={supported=1, vendor_id=0x15b3, options=0x30000000, comp_mask=0x0}
a100-llm-05:4011949:4012187 [1] NCCL INFO NET/IB: IbDev 2 Port 1 qpn 1027 set_ece={supported=1, vendor_id=0x15b3, options=0x30000000, comp_mask=0x0}
a100-llm-05:4011949:4012182 [6] NCCL INFO New proxy send connection 3 from local rank 0, transport 2
a100-llm-05:4011949:4012192 [6] NCCL INFO Connected to proxy localRank 0 -> connection 0x7f8114000e78
a100-llm-05:4011949:4012192 [6] NCCL INFO Channel 01/0 : 6[6] -> 7[7] [send] via NET/IB/12/GDRDMA
a100-llm-05:4011949:4012187 [1] NCCL INFO NET/IB: IbDev 1 Port 1 qpn 1280 set_ece={supported=1, vendor_id=0x15b3, options=0x30000000, comp_mask=0x0}
a100-llm-05:4011949:4012187 [1] NCCL INFO NET/IB: IbDev 2 Port 1 qpn 1024 set_ece={supported=1, vendor_id=0x15b3, options=0x30000000, comp_mask=0x0}
a100-llm-05:4011949:4012194 [4] NCCL INFO Channel 01/0 : 3[3] -> 4[4] [receive] via NET/IB/11/GDRDMA
a100-llm-05:4011949:4012194 [4] NCCL INFO GPU Direct RDMA Enabled for GPU/0-1036368 (rank 4) - NET/0-11 (distance 5 <= 6, read 1, mode Default)
a100-llm-05:4011949:4012171 [4] NCCL INFO New proxy send connection 2 from local rank 0, transport 2
a100-llm-05:4011949:4012182 [6] NCCL INFO NET/IB: NCCL Dev 12 IbDev 7 Port 1 qpn 1276 mtu 5 GID 3 (0/4E5A13C6FFFF0000) ctsFifoRkey=0x70d0c ctsFifoLkey=0x70d0c
a100-llm-05:4011949:4012182 [6] NCCL INFO NET/IB: IbDev 7 Port 1 qpn 1276 query_ece={supported=1, vendor_id=0x15b3, options=0x30000000, comp_mask=0x0}
a100-llm-05:4011949:4012182 [6] NCCL INFO NET/IB: NCCL Dev 12 IbDev 8 Port 1 qpn 1020 mtu 5 GID 3 (0/57B013C6FFFF0000) ctsFifoRkey=0x34505 ctsFifoLkey=0x34505
a100-llm-05:4011949:4012182 [6] NCCL INFO NET/IB: IbDev 8 Port 1 qpn 1020 query_ece={supported=1, vendor_id=0x15b3, options=0x30000000, comp_mask=0x0}
a100-llm-05:4011949:4012194 [4] NCCL INFO Connected to proxy localRank 0 -> connection 0x7f8184000e00
a100-llm-05:4011949:4012181 [7] NCCL INFO NET/IB: NCCL Dev 12 IbDev 7 Port 1 qpn 1277 mtu 5 GID 3 (0/4E5A13C6FFFF0000) ctsFifoRkey=0x6d7d6 ctsFifoLkey=0x6d7d6
a100-llm-05:4011949:4012181 [7] NCCL INFO NET/IB: IbDev 7 Port 1 qpn 1277 query_ece={supported=1, vendor_id=0x15b3, options=0x30000000, comp_mask=0x0}
a100-llm-05:4011949:4012181 [7] NCCL INFO NET/IB: NCCL Dev 12 IbDev 8 Port 1 qpn 1021 mtu 5 GID 3 (0/57B013C6FFFF0000) ctsFifoRkey=0x30fcd ctsFifoLkey=0x30fcd
a100-llm-05:4011949:4012181 [7] NCCL INFO NET/IB: IbDev 8 Port 1 qpn 1021 query_ece={supported=1, vendor_id=0x15b3, options=0x30000000, comp_mask=0x0}
a100-llm-05:4011949:4012194 [4] NCCL INFO Channel 00/0 : 4[4] -> 5[5] [send] via NET/IB/11/GDRDMA
a100-llm-05:4011949:4012194 [4] NCCL INFO GPU Direct RDMA Enabled for GPU/0-1036368 (rank 4) - NET/0-11 (distance 5 <= 6, read 1, mode Default)
a100-llm-05:4011949:4012182 [6] NCCL INFO NET/IB: IbDev 7 Port 1 qpn 1276 set_ece={supported=1, vendor_id=0x15b3, options=0x30000000, comp_mask=0x0}
a100-llm-05:4011949:4012171 [4] NCCL INFO New proxy send connection 3 from local rank 0, transport 2
a100-llm-05:4011949:4012181 [7] NCCL INFO NET/IB: IbDev 7 Port 1 qpn 1277 set_ece={supported=1, vendor_id=0x15b3, options=0x30000000, comp_mask=0x0}
a100-llm-05:4011949:4012182 [6] NCCL INFO NET/IB: IbDev 8 Port 1 qpn 1020 set_ece={supported=1, vendor_id=0x15b3, options=0x30000000, comp_mask=0x0}
a100-llm-05:4011949:4012181 [7] NCCL INFO NET/IB: IbDev 8 Port 1 qpn 1021 set_ece={supported=1, vendor_id=0x15b3, options=0x30000000, comp_mask=0x0}
a100-llm-05:4011949:4012194 [4] NCCL INFO Connected to proxy localRank 0 -> connection 0x7f8184000e78
a100-llm-05:4011949:4012182 [6] NCCL INFO NET/IB: NCCL Dev 12 IbDev 7 Port 1 qpn 1280 mtu 5 GID 3 (0/4E5A13C6FFFF0000) ctsFifoRkey=0x6e3e3 ctsFifoLkey=0x6e3e3
a100-llm-05:4011949:4012182 [6] NCCL INFO NET/IB: IbDev 7 Port 1 qpn 1280 query_ece={supported=1, vendor_id=0x15b3, options=0x30000000, comp_mask=0x0}
a100-llm-05:4011949:4012182 [6] NCCL INFO NET/IB: NCCL Dev 12 IbDev 8 Port 1 qpn 1024 mtu 5 GID 3 (0/57B013C6FFFF0000) ctsFifoRkey=0x31cdb ctsFifoLkey=0x31cdb
a100-llm-05:4011949:4012182 [6] NCCL INFO NET/IB: IbDev 8 Port 1 qpn 1024 query_ece={supported=1, vendor_id=0x15b3, options=0x30000000, comp_mask=0x0}
a100-llm-05:4011949:4012181 [7] NCCL INFO NET/IB: NCCL Dev 12 IbDev 7 Port 1 qpn 1281 mtu 5 GID 3 (0/4E5A13C6FFFF0000) ctsFifoRkey=0x6f0ee ctsFifoLkey=0x6f0ee
a100-llm-05:4011949:4012181 [7] NCCL INFO NET/IB: IbDev 7 Port 1 qpn 1281 query_ece={supported=1, vendor_id=0x15b3, options=0x30000000, comp_mask=0x0}
a100-llm-05:4011949:4012181 [7] NCCL INFO NET/IB: NCCL Dev 12 IbDev 8 Port 1 qpn 1025 mtu 5 GID 3 (0/57B013C6FFFF0000) ctsFifoRkey=0x32bea ctsFifoLkey=0x32bea
a100-llm-05:4011949:4012181 [7] NCCL INFO NET/IB: IbDev 8 Port 1 qpn 1025 query_ece={supported=1, vendor_id=0x15b3, options=0x30000000, comp_mask=0x0}
a100-llm-05:4011949:4012182 [6] NCCL INFO NET/IB: IbDev 7 Port 1 qpn 1280 set_ece={supported=1, vendor_id=0x15b3, options=0x30000000, comp_mask=0x0}
a100-llm-05:4011949:4012182 [6] NCCL INFO NET/IB: IbDev 8 Port 1 qpn 1024 set_ece={supported=1, vendor_id=0x15b3, options=0x30000000, comp_mask=0x0}
a100-llm-05:4011949:4012194 [4] NCCL INFO Channel 01/0 : 4[4] -> 5[5] [send] via NET/IB/11/GDRDMA
a100-llm-05:4011949:4012181 [7] NCCL INFO NET/IB: IbDev 7 Port 1 qpn 1281 set_ece={supported=1, vendor_id=0x15b3, options=0x30000000, comp_mask=0x0}
a100-llm-05:4011949:4012181 [7] NCCL INFO NET/IB: IbDev 8 Port 1 qpn 1025 set_ece={supported=1, vendor_id=0x15b3, options=0x30000000, comp_mask=0x0}
a100-llm-05:4011949:4012171 [4] NCCL INFO NET/IB: NCCL Dev 11 IbDev 5 Port 1 qpn 1276 mtu 5 GID 3 (0/520113C6FFFF0000) ctsFifoRkey=0x7706f ctsFifoLkey=0x7706f
a100-llm-05:4011949:4012171 [4] NCCL INFO NET/IB: IbDev 5 Port 1 qpn 1276 query_ece={supported=1, vendor_id=0x15b3, options=0x30000000, comp_mask=0x0}
a100-llm-05:4011949:4012171 [4] NCCL INFO NET/IB: NCCL Dev 11 IbDev 6 Port 1 qpn 1020 mtu 5 GID 3 (0/B90713C6FFFF0000) ctsFifoRkey=0x3a160 ctsFifoLkey=0x3a160
a100-llm-05:4011949:4012171 [4] NCCL INFO NET/IB: IbDev 6 Port 1 qpn 1020 query_ece={supported=1, vendor_id=0x15b3, options=0x30000000, comp_mask=0x0}
a100-llm-05:4011949:4012171 [4] NCCL INFO NET/IB: NCCL Dev 11 IbDev 5 Port 1 qpn 1277 mtu 5 GID 3 (0/520113C6FFFF0000) ctsFifoRkey=0x75756 ctsFifoLkey=0x75756
a100-llm-05:4011949:4012171 [4] NCCL INFO NET/IB: IbDev 5 Port 1 qpn 1277 query_ece={supported=1, vendor_id=0x15b3, options=0x30000000, comp_mask=0x0}
a100-llm-05:4011949:4012171 [4] NCCL INFO NET/IB: NCCL Dev 11 IbDev 6 Port 1 qpn 1021 mtu 5 GID 3 (0/B90713C6FFFF0000) ctsFifoRkey=0x38948 ctsFifoLkey=0x38948
a100-llm-05:4011949:4012171 [4] NCCL INFO NET/IB: IbDev 6 Port 1 qpn 1021 query_ece={supported=1, vendor_id=0x15b3, options=0x30000000, comp_mask=0x0}
a100-llm-05:4011949:4012178 [5] NCCL INFO NET/IB: NCCL Dev 11 IbDev 5 Port 1 qpn 1282 mtu 5 GID 3 (0/520113C6FFFF0000) ctsFifoRkey=0x7a2a1 ctsFifoLkey=0x7a2a1
a100-llm-05:4011949:4012178 [5] NCCL INFO NET/IB: IbDev 5 Port 1 qpn 1282 query_ece={supported=1, vendor_id=0x15b3, options=0x30000000, comp_mask=0x0}
a100-llm-05:4011949:4012178 [5] NCCL INFO NET/IB: NCCL Dev 11 IbDev 6 Port 1 qpn 1026 mtu 5 GID 3 (0/B90713C6FFFF0000) ctsFifoRkey=0x3d08f ctsFifoLkey=0x3d08f
a100-llm-05:4011949:4012178 [5] NCCL INFO NET/IB: IbDev 6 Port 1 qpn 1026 query_ece={supported=1, vendor_id=0x15b3, options=0x30000000, comp_mask=0x0}
a100-llm-05:4011949:4012171 [4] NCCL INFO NET/IB: IbDev 5 Port 1 qpn 1276 set_ece={supported=1, vendor_id=0x15b3, options=0x30000000, comp_mask=0x0}
a100-llm-05:4011949:4012171 [4] NCCL INFO NET/IB: IbDev 6 Port 1 qpn 1020 set_ece={supported=1, vendor_id=0x15b3, options=0x30000000, comp_mask=0x0}
a100-llm-05:4011949:4012178 [5] NCCL INFO NET/IB: NCCL Dev 11 IbDev 5 Port 1 qpn 1283 mtu 5 GID 3 (0/520113C6FFFF0000) ctsFifoRkey=0x78988 ctsFifoLkey=0x78988
a100-llm-05:4011949:4012178 [5] NCCL INFO NET/IB: IbDev 5 Port 1 qpn 1283 query_ece={supported=1, vendor_id=0x15b3, options=0x30000000, comp_mask=0x0}
a100-llm-05:4011949:4012178 [5] NCCL INFO NET/IB: NCCL Dev 11 IbDev 6 Port 1 qpn 1027 mtu 5 GID 3 (0/B90713C6FFFF0000) ctsFifoRkey=0x3b978 ctsFifoLkey=0x3b978
a100-llm-05:4011949:4012178 [5] NCCL INFO NET/IB: IbDev 6 Port 1 qpn 1027 query_ece={supported=1, vendor_id=0x15b3, options=0x30000000, comp_mask=0x0}
a100-llm-05:4011949:4012185 [2] NCCL INFO NET/IB: NCCL Dev 10 IbDev 3 Port 1 qpn 1280 mtu 5 GID 3 (0/220D13C6FFFF0000) ctsFifoRkey=0x76261 ctsFifoLkey=0x76261
a100-llm-05:4011949:4012185 [2] NCCL INFO NET/IB: IbDev 3 Port 1 qpn 1280 query_ece={supported=1, vendor_id=0x15b3, options=0x30000000, comp_mask=0x0}
a100-llm-05:4011949:4012185 [2] NCCL INFO NET/IB: NCCL Dev 10 IbDev 4 Port 1 qpn 1024 mtu 5 GID 3 (0/422613C6FFFF0000) ctsFifoRkey=0x3cb8b ctsFifoLkey=0x3cb8b
a100-llm-05:4011949:4012185 [2] NCCL INFO NET/IB: IbDev 4 Port 1 qpn 1024 query_ece={supported=1, vendor_id=0x15b3, options=0x30000000, comp_mask=0x0}
a100-llm-05:4011949:4012171 [4] NCCL INFO NET/IB: IbDev 5 Port 1 qpn 1277 set_ece={supported=1, vendor_id=0x15b3, options=0x30000000, comp_mask=0x0}
a100-llm-05:4011949:4012171 [4] NCCL INFO NET/IB: IbDev 6 Port 1 qpn 1021 set_ece={supported=1, vendor_id=0x15b3, options=0x30000000, comp_mask=0x0}
a100-llm-05:4011949:4012178 [5] NCCL INFO NET/IB: IbDev 5 Port 1 qpn 1283 set_ece={supported=1, vendor_id=0x15b3, options=0x30000000, comp_mask=0x0}
a100-llm-05:4011949:4012178 [5] NCCL INFO NET/IB: IbDev 6 Port 1 qpn 1027 set_ece={supported=1, vendor_id=0x15b3, options=0x30000000, comp_mask=0x0}
a100-llm-05:4011949:4012185 [2] NCCL INFO NET/IB: NCCL Dev 10 IbDev 3 Port 1 qpn 1281 mtu 5 GID 3 (0/220D13C6FFFF0000) ctsFifoRkey=0x74b49 ctsFifoLkey=0x74b49
a100-llm-05:4011949:4012185 [2] NCCL INFO NET/IB: IbDev 3 Port 1 qpn 1281 query_ece={supported=1, vendor_id=0x15b3, options=0x30000000, comp_mask=0x0}
a100-llm-05:4011949:4012185 [2] NCCL INFO NET/IB: NCCL Dev 10 IbDev 4 Port 1 qpn 1025 mtu 5 GID 3 (0/422613C6FFFF0000) ctsFifoRkey=0x3ad6c ctsFifoLkey=0x3ad6c
a100-llm-05:4011949:4012185 [2] NCCL INFO NET/IB: IbDev 4 Port 1 qpn 1025 query_ece={supported=1, vendor_id=0x15b3, options=0x30000000, comp_mask=0x0}
a100-llm-05:4011949:4012176 [3] NCCL INFO NET/IB: NCCL Dev 10 IbDev 3 Port 1 qpn 1284 mtu 5 GID 3 (0/220D13C6FFFF0000) ctsFifoRkey=0x73e3d ctsFifoLkey=0x73e3d
a100-llm-05:4011949:4012176 [3] NCCL INFO NET/IB: IbDev 3 Port 1 qpn 1284 query_ece={supported=1, vendor_id=0x15b3, options=0x30000000, comp_mask=0x0}
a100-llm-05:4011949:4012178 [5] NCCL INFO NET/IB: IbDev 5 Port 1 qpn 1282 set_ece={supported=1, vendor_id=0x15b3, options=0x30000000, comp_mask=0x0}
a100-llm-05:4011949:4012176 [3] NCCL INFO NET/IB: NCCL Dev 10 IbDev 4 Port 1 qpn 1028 mtu 5 GID 3 (0/422613C6FFFF0000) ctsFifoRkey=0x3a05f ctsFifoLkey=0x3a05f
a100-llm-05:4011949:4012176 [3] NCCL INFO NET/IB: IbDev 4 Port 1 qpn 1028 query_ece={supported=1, vendor_id=0x15b3, options=0x30000000, comp_mask=0x0}
a100-llm-05:4011949:4012178 [5] NCCL INFO NET/IB: IbDev 6 Port 1 qpn 1026 set_ece={supported=1, vendor_id=0x15b3, options=0x30000000, comp_mask=0x0}
a100-llm-05:4011949:4012176 [3] NCCL INFO NET/IB: NCCL Dev 10 IbDev 3 Port 1 qpn 1287 mtu 5 GID 3 (0/220D13C6FFFF0000) ctsFifoRkey=0x77b7a ctsFifoLkey=0x77b7a
a100-llm-05:4011949:4012176 [3] NCCL INFO NET/IB: IbDev 3 Port 1 qpn 1287 query_ece={supported=1, vendor_id=0x15b3, options=0x30000000, comp_mask=0x0}
a100-llm-05:4011949:4012176 [3] NCCL INFO NET/IB: NCCL Dev 10 IbDev 4 Port 1 qpn 1031 mtu 5 GID 3 (0/422613C6FFFF0000) ctsFifoRkey=0x3e7a4 ctsFifoLkey=0x3e7a4
a100-llm-05:4011949:4012176 [3] NCCL INFO NET/IB: IbDev 4 Port 1 qpn 1031 query_ece={supported=1, vendor_id=0x15b3, options=0x30000000, comp_mask=0x0}
a100-llm-05:4011949:4012185 [2] NCCL INFO NET/IB: IbDev 3 Port 1 qpn 1280 set_ece={supported=1, vendor_id=0x15b3, options=0x30000000, comp_mask=0x0}
a100-llm-05:4011949:4012185 [2] NCCL INFO NET/IB: IbDev 4 Port 1 qpn 1024 set_ece={supported=1, vendor_id=0x15b3, options=0x30000000, comp_mask=0x0}
a100-llm-05:4011949:4012185 [2] NCCL INFO NET/IB: IbDev 3 Port 1 qpn 1281 set_ece={supported=1, vendor_id=0x15b3, options=0x30000000, comp_mask=0x0}
a100-llm-05:4011949:4012185 [2] NCCL INFO NET/IB: IbDev 4 Port 1 qpn 1025 set_ece={supported=1, vendor_id=0x15b3, options=0x30000000, comp_mask=0x0}
a100-llm-05:4011949:4012176 [3] NCCL INFO NET/IB: IbDev 3 Port 1 qpn 1284 set_ece={supported=1, vendor_id=0x15b3, options=0x30000000, comp_mask=0x0}
a100-llm-05:4011949:4012176 [3] NCCL INFO NET/IB: IbDev 4 Port 1 qpn 1028 set_ece={supported=1, vendor_id=0x15b3, options=0x30000000, comp_mask=0x0}
a100-llm-05:4011949:4012176 [3] NCCL INFO NET/IB: IbDev 3 Port 1 qpn 1287 set_ece={supported=1, vendor_id=0x15b3, options=0x30000000, comp_mask=0x0}
a100-llm-05:4011949:4012176 [3] NCCL INFO NET/IB: IbDev 4 Port 1 qpn 1031 set_ece={supported=1, vendor_id=0x15b3, options=0x30000000, comp_mask=0x0}
[AIMD] FinalizeChunkRTT: cc=0x7f812c001000 slot=0 inflight_before=1
[AIMD] FinalizeChunkRTT: cc=0x7f811c001000 slot=687 inflight_before=8
warmup done.
[AIMD] FinalizeChunkRTT: cc=0x7f8134001000 slot=391 inflight_before=3
[AIMD] FinalizeChunkRTT: cc=0x7f811c001000 slot=598 inflight_before=1
a100-llm-05:4011949:4012115 [0] NCCL INFO V2MIN: pressure=1.000 (fast=0.118 slow=0.002 dev=0.1155) state=SHRINK window=204 floor=204 high=2926 low=0 ncc=16
[AIMD] FinalizeChunkRTT: cc=0x7f8124065400 slot=274 inflight_before=5
[AIMD] FinalizeChunkRTT: cc=0x7f8134001000 slot=961 inflight_before=8
[AIMD] FinalizeChunkRTT: cc=0x7f8140001000 slot=665 inflight_before=8
[AIMD] FinalizeChunkRTT: cc=0x7f8140001000 slot=466 inflight_before=1
[AIMD] FinalizeChunkRTT: cc=0x7f8140001000 slot=863 inflight_before=2
a100-llm-05:4011949:4012115 [0] NCCL INFO V2MIN: pressure=1.000 (fast=0.202 slow=0.002 dev=0.1999) state=SHRINK window=204 floor=204 high=7648 low=0 ncc=16
[AIMD] FinalizeChunkRTT: cc=0x7f811c017320 slot=432 inflight_before=2
[AIMD] FinalizeChunkRTT: cc=0x7f81201a7370 slot=873 inflight_before=1
[AIMD] FinalizeChunkRTT: cc=0x7f8124065400 slot=181 inflight_before=1
[AIMD] FinalizeChunkRTT: cc=0x7f811c001000 slot=686 inflight_before=1
[AIMD] FinalizeChunkRTT: cc=0x7f8130065420 slot=129 inflight_before=5
a100-llm-05:4011949:4012115 [0] NCCL INFO V2MIN: pressure=1.000 (fast=0.080 slow=0.002 dev=0.0772) state=SHRINK window=204 floor=204 high=12369 low=0 ncc=16
[AIMD] FinalizeChunkRTT: cc=0x7f8138006dc0 slot=516 inflight_before=1
[AIMD] FinalizeChunkRTT: cc=0x7f812c001000 slot=908 inflight_before=1
[AIMD] FinalizeChunkRTT: cc=0x7f812c001000 slot=892 inflight_before=1
[AIMD] FinalizeChunkRTT: cc=0x7f8138006dc0 slot=315 inflight_before=1
[AIMD] FinalizeChunkRTT: cc=0x7f8140001000 slot=822 inflight_before=7
a100-llm-05:4011949:4012115 [0] NCCL INFO V2MIN: pressure=1.000 (fast=0.216 slow=0.002 dev=0.2134) state=SHRINK window=204 floor=204 high=17091 low=0 ncc=16
[AIMD] FinalizeChunkRTT: cc=0x7f81201a7370 slot=333 inflight_before=8
[AIMD] FinalizeChunkRTT: cc=0x7f8134001000 slot=1000 inflight_before=2
[AIMD] FinalizeChunkRTT: cc=0x7f8140001000 slot=732 inflight_before=1
[AIMD] FinalizeChunkRTT: cc=0x7f8124065400 slot=254 inflight_before=7
[AIMD] FinalizeChunkRTT: cc=0x7f8124065640 slot=814 inflight_before=1
a100-llm-05:4011949:4012115 [0] NCCL INFO V2MIN: pressure=1.000 (fast=0.238 slow=0.002 dev=0.2358) state=SHRINK window=204 floor=204 high=21804 low=0 ncc=16
CSV written to: det_v3_sweep_run6/bench_latency_20260416_210614.csv

========================================
  Oracle Experiment Results
========================================
Config: nDev=8  count=1048576  data=4.19 MB  iters=1000
NCCL_AIMD_ENABLE=1  NCCL_CC_ORACLE_FACTOR=(unset)

Wall-clock latency (us):
  mean= 22703.3  stddev= 13704.2
  p50 = 20227.5  p99   = 64563.9  max= 83778.8

Collective max GPU latency (us):
  mean= 21692.2  stddev= 13301.8
  p50 = 19963.4  p99   = 61474.7  max= 83738.6

Rank skew (us):
  mean=  2439.3  stddev=  4282.3
  p50 =   242.7  p99   = 18504.8  max= 22756.4

Avg algo bandwidth: 0.32 GB/s
========================================

