a100-llm-05:3796845:3797011 [2] NCCL INFO Connected to proxy localRank 0 -> connection 0x7f6be4000d88
a100-llm-05:3796845:3797011 [2] NCCL INFO Channel 01/0 : 1[1] -> 2[2] [receive] via NET/IB/10/GDRDMA
a100-llm-05:3796845:3797011 [2] NCCL INFO GPU Direct RDMA Enabled for GPU/0-1028176 (rank 2) - NET/0-10 (distance 5 <= 6, read 1, mode Default)
a100-llm-05:3796845:3796990 [2] NCCL INFO New proxy send connection 2 from local rank 0, transport 2
a100-llm-05:3796845:3797011 [2] NCCL INFO Connected to proxy localRank 0 -> connection 0x7f6be4000e00
a100-llm-05:3796845:3797011 [2] NCCL INFO Channel 00/0 : 2[2] -> 3[3] [send] via NET/IB/10/GDRDMA
a100-llm-05:3796845:3797011 [2] NCCL INFO GPU Direct RDMA Enabled for GPU/0-1028176 (rank 2) - NET/0-10 (distance 5 <= 6, read 1, mode Default)
a100-llm-05:3796845:3796990 [2] NCCL INFO New proxy send connection 3 from local rank 0, transport 2
a100-llm-05:3796845:3797011 [2] NCCL INFO Connected to proxy localRank 0 -> connection 0x7f6be4000e78
a100-llm-05:3796845:3797011 [2] NCCL INFO Channel 01/0 : 2[2] -> 3[3] [send] via NET/IB/10/GDRDMA
a100-llm-05:3796845:3796996 [7] NCCL INFO New proxy recv connection 0 from local rank 0, transport 2
a100-llm-05:3796845:3796994 [3] NCCL INFO New proxy recv connection 0 from local rank 0, transport 2
a100-llm-05:3796845:3797006 [7] NCCL INFO Connected to proxy localRank 0 -> connection 0x7f6bb8000d10
a100-llm-05:3796845:3797010 [3] NCCL INFO Connected to proxy localRank 0 -> connection 0x7f6bd0000d10
a100-llm-05:3796845:3797010 [3] NCCL INFO Channel 00/0 : 2[2] -> 3[3] [receive] via NET/IB/10/GDRDMA
a100-llm-05:3796845:3797010 [3] NCCL INFO GPU Direct RDMA Enabled for GPU/0-1028192 (rank 3) - NET/0-10 (distance 5 <= 6, read 0, mode Default)
a100-llm-05:3796845:3796994 [3] NCCL INFO New proxy recv connection 1 from local rank 0, transport 2
a100-llm-05:3796845:3797010 [3] NCCL INFO Connected to proxy localRank 0 -> connection 0x7f6bd0000d88
a100-llm-05:3796845:3797010 [3] NCCL INFO Channel 01/0 : 2[2] -> 3[3] [receive] via NET/IB/10/GDRDMA
a100-llm-05:3796845:3797010 [3] NCCL INFO GPU Direct RDMA Enabled for GPU/0-1028192 (rank 3) - NET/0-10 (distance 5 <= 6, read 1, mode Default)
a100-llm-05:3796845:3796994 [3] NCCL INFO New proxy send connection 2 from local rank 0, transport 2
a100-llm-05:3796845:3797010 [3] NCCL INFO Connected to proxy localRank 0 -> connection 0x7f6bd0000e00
a100-llm-05:3796845:3797010 [3] NCCL INFO Channel 00/0 : 3[3] -> 4[4] [send] via NET/IB/10/GDRDMA
a100-llm-05:3796845:3797010 [3] NCCL INFO GPU Direct RDMA Enabled for GPU/0-1028192 (rank 3) - NET/0-10 (distance 5 <= 6, read 1, mode Default)
a100-llm-05:3796845:3796994 [3] NCCL INFO New proxy send connection 3 from local rank 0, transport 2
a100-llm-05:3796845:3797010 [3] NCCL INFO Connected to proxy localRank 0 -> connection 0x7f6bd0000e78
a100-llm-05:3796845:3797010 [3] NCCL INFO Channel 01/0 : 3[3] -> 4[4] [send] via NET/IB/10/GDRDMA
a100-llm-05:3796845:3797006 [7] NCCL INFO Channel 00/0 : 6[6] -> 7[7] [receive] via NET/IB/12/GDRDMA
a100-llm-05:3796845:3797006 [7] NCCL INFO GPU Direct RDMA Enabled for GPU/0-1044576 (rank 7) - NET/0-12 (distance 5 <= 6, read 0, mode Default)
a100-llm-05:3796845:3796993 [4] NCCL INFO New proxy recv connection 0 from local rank 0, transport 2
a100-llm-05:3796845:3796999 [6] NCCL INFO New proxy recv connection 0 from local rank 0, transport 2
a100-llm-05:3796845:3796996 [7] NCCL INFO New proxy recv connection 1 from local rank 0, transport 2
a100-llm-05:3796845:3797006 [7] NCCL INFO Connected to proxy localRank 0 -> connection 0x7f6bb8000d88
a100-llm-05:3796845:3797006 [7] NCCL INFO Channel 01/0 : 6[6] -> 7[7] [receive] via NET/IB/12/GDRDMA
a100-llm-05:3796845:3797006 [7] NCCL INFO GPU Direct RDMA Enabled for GPU/0-1044576 (rank 7) - NET/0-12 (distance 5 <= 6, read 1, mode Default)
a100-llm-05:3796845:3796996 [7] NCCL INFO New proxy send connection 2 from local rank 0, transport 2
a100-llm-05:3796845:3797006 [7] NCCL INFO Connected to proxy localRank 0 -> connection 0x7f6bb8000e00
a100-llm-05:3796845:3797006 [7] NCCL INFO Channel 00/0 : 7[7] -> 0[0] [send] via NET/IB/12/GDRDMA
a100-llm-05:3796845:3797006 [7] NCCL INFO GPU Direct RDMA Enabled for GPU/0-1044576 (rank 7) - NET/0-12 (distance 5 <= 6, read 1, mode Default)
a100-llm-05:3796845:3796996 [7] NCCL INFO New proxy send connection 3 from local rank 0, transport 2
a100-llm-05:3796845:3797006 [7] NCCL INFO Connected to proxy localRank 0 -> connection 0x7f6bb8000e78
a100-llm-05:3796845:3797006 [7] NCCL INFO Channel 01/0 : 7[7] -> 0[0] [send] via NET/IB/12/GDRDMA
a100-llm-05:3796845:3797007 [6] NCCL INFO Connected to proxy localRank 0 -> connection 0x7f6bb00010a0
a100-llm-05:3796845:3797002 [1] NCCL INFO New proxy recv connection 0 from local rank 0, transport 2
a100-llm-05:3796845:3797000 [0] NCCL INFO New proxy recv connection 0 from local rank 0, transport 2
a100-llm-05:3796845:3796992 [5] NCCL INFO New proxy recv connection 0 from local rank 0, transport 2
a100-llm-05:3796845:3797008 [5] NCCL INFO Connected to proxy localRank 0 -> connection 0x7f6bd8000d10
a100-llm-05:3796845:3797013 [0] NCCL INFO Connected to proxy localRank 0 -> connection 0x7f6bc0000d10
a100-llm-05:3796845:3797009 [4] NCCL INFO Connected to proxy localRank 0 -> connection 0x7f6bdc000d10
a100-llm-05:3796845:3797013 [0] NCCL INFO Channel 00/0 : 7[7] -> 0[0] [receive] via NET/IB/9/GDRDMA
a100-llm-05:3796845:3797013 [0] NCCL INFO GPU Direct RDMA Enabled for GPU/0-1019984 (rank 0) - NET/0-9 (distance 5 <= 6, read 0, mode Default)
a100-llm-05:3796845:3797007 [6] NCCL INFO Channel 00/0 : 5[5] -> 6[6] [receive] via NET/IB/12/GDRDMA
a100-llm-05:3796845:3797007 [6] NCCL INFO GPU Direct RDMA Enabled for GPU/0-1044560 (rank 6) - NET/0-12 (distance 5 <= 6, read 0, mode Default)
a100-llm-05:3796845:3796999 [6] NCCL INFO New proxy recv connection 1 from local rank 0, transport 2
a100-llm-05:3796845:3797008 [5] NCCL INFO Channel 00/0 : 4[4] -> 5[5] [receive] via NET/IB/11/GDRDMA
a100-llm-05:3796845:3797008 [5] NCCL INFO GPU Direct RDMA Enabled for GPU/0-1036384 (rank 5) - NET/0-11 (distance 5 <= 6, read 0, mode Default)
a100-llm-05:3796845:3797000 [0] NCCL INFO New proxy recv connection 1 from local rank 0, transport 2
a100-llm-05:3796845:3797013 [0] NCCL INFO Connected to proxy localRank 0 -> connection 0x7f6bc0000d88
a100-llm-05:3796845:3797007 [6] NCCL INFO Connected to proxy localRank 0 -> connection 0x7f6bb0001118
a100-llm-05:3796845:3797013 [0] NCCL INFO Channel 01/0 : 7[7] -> 0[0] [receive] via NET/IB/9/GDRDMA
a100-llm-05:3796845:3797013 [0] NCCL INFO GPU Direct RDMA Enabled for GPU/0-1019984 (rank 0) - NET/0-9 (distance 5 <= 6, read 1, mode Default)
a100-llm-05:3796845:3797000 [0] NCCL INFO New proxy send connection 2 from local rank 0, transport 2
a100-llm-05:3796845:3797007 [6] NCCL INFO Channel 01/0 : 5[5] -> 6[6] [receive] via NET/IB/12/GDRDMA
a100-llm-05:3796845:3797007 [6] NCCL INFO GPU Direct RDMA Enabled for GPU/0-1044560 (rank 6) - NET/0-12 (distance 5 <= 6, read 1, mode Default)
a100-llm-05:3796845:3796999 [6] NCCL INFO New proxy send connection 2 from local rank 0, transport 2
a100-llm-05:3796845:3797013 [0] NCCL INFO Connected to proxy localRank 0 -> connection 0x7f6bc0000e00
a100-llm-05:3796845:3797007 [6] NCCL INFO Connected to proxy localRank 0 -> connection 0x7f6bb0001190
a100-llm-05:3796845:3797013 [0] NCCL INFO Channel 00/0 : 0[0] -> 1[1] [send] via NET/IB/9/GDRDMA
a100-llm-05:3796845:3797013 [0] NCCL INFO GPU Direct RDMA Enabled for GPU/0-1019984 (rank 0) - NET/0-9 (distance 5 <= 6, read 1, mode Default)
a100-llm-05:3796845:3797000 [0] NCCL INFO New proxy send connection 3 from local rank 0, transport 2
a100-llm-05:3796845:3797007 [6] NCCL INFO Channel 00/0 : 6[6] -> 7[7] [send] via NET/IB/12/GDRDMA
a100-llm-05:3796845:3797007 [6] NCCL INFO GPU Direct RDMA Enabled for GPU/0-1044560 (rank 6) - NET/0-12 (distance 5 <= 6, read 1, mode Default)
a100-llm-05:3796845:3796999 [6] NCCL INFO New proxy send connection 3 from local rank 0, transport 2
a100-llm-05:3796845:3797013 [0] NCCL INFO Connected to proxy localRank 0 -> connection 0x7f6bc0000e78
a100-llm-05:3796845:3797007 [6] NCCL INFO Connected to proxy localRank 0 -> connection 0x7f6bb0001208
a100-llm-05:3796845:3797012 [1] NCCL INFO Connected to proxy localRank 0 -> connection 0x7f6bc4000d10
a100-llm-05:3796845:3797012 [1] NCCL INFO Channel 00/0 : 0[0] -> 1[1] [receive] via NET/IB/9/GDRDMA
a100-llm-05:3796845:3797012 [1] NCCL INFO GPU Direct RDMA Enabled for GPU/0-1020000 (rank 1) - NET/0-9 (distance 5 <= 6, read 0, mode Default)
a100-llm-05:3796845:3797002 [1] NCCL INFO New proxy recv connection 1 from local rank 0, transport 2
a100-llm-05:3796845:3797012 [1] NCCL INFO Connected to proxy localRank 0 -> connection 0x7f6bc4000d88
a100-llm-05:3796845:3797012 [1] NCCL INFO Channel 01/0 : 0[0] -> 1[1] [receive] via NET/IB/9/GDRDMA
a100-llm-05:3796845:3797012 [1] NCCL INFO GPU Direct RDMA Enabled for GPU/0-1020000 (rank 1) - NET/0-9 (distance 5 <= 6, read 1, mode Default)
a100-llm-05:3796845:3797002 [1] NCCL INFO New proxy send connection 2 from local rank 0, transport 2
a100-llm-05:3796845:3797012 [1] NCCL INFO Connected to proxy localRank 0 -> connection 0x7f6bc4000e00
a100-llm-05:3796845:3797012 [1] NCCL INFO Channel 00/0 : 1[1] -> 2[2] [send] via NET/IB/9/GDRDMA
a100-llm-05:3796845:3797012 [1] NCCL INFO GPU Direct RDMA Enabled for GPU/0-1020000 (rank 1) - NET/0-9 (distance 5 <= 6, read 1, mode Default)
a100-llm-05:3796845:3797002 [1] NCCL INFO New proxy send connection 3 from local rank 0, transport 2
a100-llm-05:3796845:3797012 [1] NCCL INFO Connected to proxy localRank 0 -> connection 0x7f6bc4000e78
a100-llm-05:3796845:3797012 [1] NCCL INFO Channel 01/0 : 1[1] -> 2[2] [send] via NET/IB/9/GDRDMA
a100-llm-05:3796845:3797013 [0] NCCL INFO Channel 01/0 : 0[0] -> 1[1] [send] via NET/IB/9/GDRDMA
a100-llm-05:3796845:3797007 [6] NCCL INFO Channel 01/0 : 6[6] -> 7[7] [send] via NET/IB/12/GDRDMA
a100-llm-05:3796845:3797000 [0] NCCL INFO NET/IB: NCCL Dev 9 IbDev 1 Port 1 qpn 700 mtu 5 GID 3 (0/F34413C6FFFF0000) ctsFifoRkey=0xc9897 ctsFifoLkey=0xc9897
a100-llm-05:3796845:3797000 [0] NCCL INFO NET/IB: IbDev 1 Port 1 qpn 700 query_ece={supported=1, vendor_id=0x15b3, options=0x30000000, comp_mask=0x0}
a100-llm-05:3796845:3797000 [0] NCCL INFO NET/IB: NCCL Dev 9 IbDev 2 Port 1 qpn 444 mtu 5 GID 3 (0/173F13C6FFFF0000) ctsFifoRkey=0x8df9e ctsFifoLkey=0x8df9e
a100-llm-05:3796845:3797000 [0] NCCL INFO NET/IB: IbDev 2 Port 1 qpn 444 query_ece={supported=1, vendor_id=0x15b3, options=0x30000000, comp_mask=0x0}
a100-llm-05:3796845:3797009 [4] NCCL INFO Channel 00/0 : 3[3] -> 4[4] [receive] via NET/IB/11/GDRDMA
a100-llm-05:3796845:3797009 [4] NCCL INFO GPU Direct RDMA Enabled for GPU/0-1036368 (rank 4) - NET/0-11 (distance 5 <= 6, read 0, mode Default)
a100-llm-05:3796845:3796992 [5] NCCL INFO New proxy recv connection 1 from local rank 0, transport 2
a100-llm-05:3796845:3797008 [5] NCCL INFO Connected to proxy localRank 0 -> connection 0x7f6bd8000d88
a100-llm-05:3796845:3796996 [7] NCCL INFO NET/IB: NCCL Dev 12 IbDev 7 Port 1 qpn 700 mtu 5 GID 3 (0/4E5A13C6FFFF0000) ctsFifoRkey=0xc3e3d ctsFifoLkey=0xc3e3d
a100-llm-05:3796845:3796996 [7] NCCL INFO NET/IB: IbDev 7 Port 1 qpn 700 query_ece={supported=1, vendor_id=0x15b3, options=0x30000000, comp_mask=0x0}
a100-llm-05:3796845:3796996 [7] NCCL INFO NET/IB: NCCL Dev 12 IbDev 8 Port 1 qpn 444 mtu 5 GID 3 (0/57B013C6FFFF0000) ctsFifoRkey=0x88a48 ctsFifoLkey=0x88a48
a100-llm-05:3796845:3796996 [7] NCCL INFO NET/IB: IbDev 8 Port 1 qpn 444 query_ece={supported=1, vendor_id=0x15b3, options=0x30000000, comp_mask=0x0}
a100-llm-05:3796845:3797008 [5] NCCL INFO Channel 01/0 : 4[4] -> 5[5] [receive] via NET/IB/11/GDRDMA
a100-llm-05:3796845:3797008 [5] NCCL INFO GPU Direct RDMA Enabled for GPU/0-1036384 (rank 5) - NET/0-11 (distance 5 <= 6, read 1, mode Default)
a100-llm-05:3796845:3796992 [5] NCCL INFO New proxy send connection 2 from local rank 0, transport 2
a100-llm-05:3796845:3797008 [5] NCCL INFO Connected to proxy localRank 0 -> connection 0x7f6bd8000e00
a100-llm-05:3796845:3797008 [5] NCCL INFO Channel 00/0 : 5[5] -> 6[6] [send] via NET/IB/11/GDRDMA
a100-llm-05:3796845:3797008 [5] NCCL INFO GPU Direct RDMA Enabled for GPU/0-1036384 (rank 5) - NET/0-11 (distance 5 <= 6, read 1, mode Default)
a100-llm-05:3796845:3796992 [5] NCCL INFO New proxy send connection 3 from local rank 0, transport 2
a100-llm-05:3796845:3797008 [5] NCCL INFO Connected to proxy localRank 0 -> connection 0x7f6bd8000e78
a100-llm-05:3796845:3797008 [5] NCCL INFO Channel 01/0 : 5[5] -> 6[6] [send] via NET/IB/11/GDRDMA
a100-llm-05:3796845:3797000 [0] NCCL INFO NET/IB: IbDev 1 Port 1 qpn 700 set_ece={supported=1, vendor_id=0x15b3, options=0x30000000, comp_mask=0x0}
a100-llm-05:3796845:3797000 [0] NCCL INFO NET/IB: IbDev 2 Port 1 qpn 444 set_ece={supported=1, vendor_id=0x15b3, options=0x30000000, comp_mask=0x0}
a100-llm-05:3796845:3796996 [7] NCCL INFO NET/IB: IbDev 7 Port 1 qpn 700 set_ece={supported=1, vendor_id=0x15b3, options=0x30000000, comp_mask=0x0}
a100-llm-05:3796845:3796996 [7] NCCL INFO NET/IB: IbDev 8 Port 1 qpn 444 set_ece={supported=1, vendor_id=0x15b3, options=0x30000000, comp_mask=0x0}
a100-llm-05:3796845:3797002 [1] NCCL INFO NET/IB: NCCL Dev 9 IbDev 1 Port 1 qpn 705 mtu 5 GID 3 (0/F34413C6FFFF0000) ctsFifoRkey=0xcbfbe ctsFifoLkey=0xcbfbe
a100-llm-05:3796845:3797002 [1] NCCL INFO NET/IB: IbDev 1 Port 1 qpn 705 query_ece={supported=1, vendor_id=0x15b3, options=0x30000000, comp_mask=0x0}
a100-llm-05:3796845:3797002 [1] NCCL INFO NET/IB: NCCL Dev 9 IbDev 2 Port 1 qpn 449 mtu 5 GID 3 (0/173F13C6FFFF0000) ctsFifoRkey=0x905c4 ctsFifoLkey=0x905c4
a100-llm-05:3796845:3797002 [1] NCCL INFO NET/IB: IbDev 2 Port 1 qpn 449 query_ece={supported=1, vendor_id=0x15b3, options=0x30000000, comp_mask=0x0}
a100-llm-05:3796845:3796993 [4] NCCL INFO New proxy recv connection 1 from local rank 0, transport 2
a100-llm-05:3796845:3797002 [1] NCCL INFO NET/IB: NCCL Dev 9 IbDev 1 Port 1 qpn 706 mtu 5 GID 3 (0/F34413C6FFFF0000) ctsFifoRkey=0xcc8ca ctsFifoLkey=0xcc8ca
a100-llm-05:3796845:3797002 [1] NCCL INFO NET/IB: IbDev 1 Port 1 qpn 706 query_ece={supported=1, vendor_id=0x15b3, options=0x30000000, comp_mask=0x0}
a100-llm-05:3796845:3797002 [1] NCCL INFO NET/IB: NCCL Dev 9 IbDev 2 Port 1 qpn 450 mtu 5 GID 3 (0/173F13C6FFFF0000) ctsFifoRkey=0x911d0 ctsFifoLkey=0x911d0
a100-llm-05:3796845:3797002 [1] NCCL INFO NET/IB: IbDev 2 Port 1 qpn 450 query_ece={supported=1, vendor_id=0x15b3, options=0x30000000, comp_mask=0x0}
a100-llm-05:3796845:3796996 [7] NCCL INFO NET/IB: NCCL Dev 12 IbDev 7 Port 1 qpn 701 mtu 5 GID 3 (0/4E5A13C6FFFF0000) ctsFifoRkey=0xc4b49 ctsFifoLkey=0xc4b49
a100-llm-05:3796845:3796996 [7] NCCL INFO NET/IB: IbDev 7 Port 1 qpn 701 query_ece={supported=1, vendor_id=0x15b3, options=0x30000000, comp_mask=0x0}
a100-llm-05:3796845:3796996 [7] NCCL INFO NET/IB: NCCL Dev 12 IbDev 8 Port 1 qpn 445 mtu 5 GID 3 (0/57B013C6FFFF0000) ctsFifoRkey=0x89655 ctsFifoLkey=0x89655
a100-llm-05:3796845:3796996 [7] NCCL INFO NET/IB: IbDev 8 Port 1 qpn 445 query_ece={supported=1, vendor_id=0x15b3, options=0x30000000, comp_mask=0x0}
a100-llm-05:3796845:3797002 [1] NCCL INFO NET/IB: IbDev 1 Port 1 qpn 705 set_ece={supported=1, vendor_id=0x15b3, options=0x30000000, comp_mask=0x0}
a100-llm-05:3796845:3797009 [4] NCCL INFO Connected to proxy localRank 0 -> connection 0x7f6bdc000d88
a100-llm-05:3796845:3797002 [1] NCCL INFO NET/IB: IbDev 2 Port 1 qpn 449 set_ece={supported=1, vendor_id=0x15b3, options=0x30000000, comp_mask=0x0}
a100-llm-05:3796845:3797000 [0] NCCL INFO NET/IB: NCCL Dev 9 IbDev 1 Port 1 qpn 707 mtu 5 GID 3 (0/F34413C6FFFF0000) ctsFifoRkey=0xcd4d3 ctsFifoLkey=0xcd4d3
a100-llm-05:3796845:3797000 [0] NCCL INFO NET/IB: IbDev 1 Port 1 qpn 707 query_ece={supported=1, vendor_id=0x15b3, options=0x30000000, comp_mask=0x0}
a100-llm-05:3796845:3797000 [0] NCCL INFO NET/IB: NCCL Dev 9 IbDev 2 Port 1 qpn 451 mtu 5 GID 3 (0/173F13C6FFFF0000) ctsFifoRkey=0x91ddc ctsFifoLkey=0x91ddc
a100-llm-05:3796845:3797000 [0] NCCL INFO NET/IB: IbDev 2 Port 1 qpn 451 query_ece={supported=1, vendor_id=0x15b3, options=0x30000000, comp_mask=0x0}
a100-llm-05:3796845:3796999 [6] NCCL INFO NET/IB: NCCL Dev 12 IbDev 7 Port 1 qpn 702 mtu 5 GID 3 (0/4E5A13C6FFFF0000) ctsFifoRkey=0xc5756 ctsFifoLkey=0xc5756
a100-llm-05:3796845:3796999 [6] NCCL INFO NET/IB: IbDev 7 Port 1 qpn 702 query_ece={supported=1, vendor_id=0x15b3, options=0x30000000, comp_mask=0x0}
a100-llm-05:3796845:3797009 [4] NCCL INFO Channel 01/0 : 3[3] -> 4[4] [receive] via NET/IB/11/GDRDMA
a100-llm-05:3796845:3797009 [4] NCCL INFO GPU Direct RDMA Enabled for GPU/0-1036368 (rank 4) - NET/0-11 (distance 5 <= 6, read 1, mode Default)
a100-llm-05:3796845:3796999 [6] NCCL INFO NET/IB: NCCL Dev 12 IbDev 8 Port 1 qpn 446 mtu 5 GID 3 (0/57B013C6FFFF0000) ctsFifoRkey=0x8a461 ctsFifoLkey=0x8a461
a100-llm-05:3796845:3796999 [6] NCCL INFO NET/IB: IbDev 8 Port 1 qpn 446 query_ece={supported=1, vendor_id=0x15b3, options=0x30000000, comp_mask=0x0}
a100-llm-05:3796845:3796993 [4] NCCL INFO New proxy send connection 2 from local rank 0, transport 2
a100-llm-05:3796845:3797009 [4] NCCL INFO Connected to proxy localRank 0 -> connection 0x7f6bdc000e00
a100-llm-05:3796845:3797002 [1] NCCL INFO NET/IB: IbDev 1 Port 1 qpn 706 set_ece={supported=1, vendor_id=0x15b3, options=0x30000000, comp_mask=0x0}
a100-llm-05:3796845:3797000 [0] NCCL INFO NET/IB: IbDev 1 Port 1 qpn 707 set_ece={supported=1, vendor_id=0x15b3, options=0x30000000, comp_mask=0x0}
a100-llm-05:3796845:3797002 [1] NCCL INFO NET/IB: IbDev 2 Port 1 qpn 450 set_ece={supported=1, vendor_id=0x15b3, options=0x30000000, comp_mask=0x0}
a100-llm-05:3796845:3797000 [0] NCCL INFO NET/IB: IbDev 2 Port 1 qpn 451 set_ece={supported=1, vendor_id=0x15b3, options=0x30000000, comp_mask=0x0}
a100-llm-05:3796845:3797009 [4] NCCL INFO Channel 00/0 : 4[4] -> 5[5] [send] via NET/IB/11/GDRDMA
a100-llm-05:3796845:3797009 [4] NCCL INFO GPU Direct RDMA Enabled for GPU/0-1036368 (rank 4) - NET/0-11 (distance 5 <= 6, read 1, mode Default)
a100-llm-05:3796845:3796993 [4] NCCL INFO New proxy send connection 3 from local rank 0, transport 2
a100-llm-05:3796845:3797009 [4] NCCL INFO Connected to proxy localRank 0 -> connection 0x7f6bdc000e78
a100-llm-05:3796845:3796996 [7] NCCL INFO NET/IB: IbDev 7 Port 1 qpn 701 set_ece={supported=1, vendor_id=0x15b3, options=0x30000000, comp_mask=0x0}
a100-llm-05:3796845:3796996 [7] NCCL INFO NET/IB: IbDev 8 Port 1 qpn 445 set_ece={supported=1, vendor_id=0x15b3, options=0x30000000, comp_mask=0x0}
a100-llm-05:3796845:3796999 [6] NCCL INFO NET/IB: IbDev 7 Port 1 qpn 702 set_ece={supported=1, vendor_id=0x15b3, options=0x30000000, comp_mask=0x0}
a100-llm-05:3796845:3796999 [6] NCCL INFO NET/IB: IbDev 8 Port 1 qpn 446 set_ece={supported=1, vendor_id=0x15b3, options=0x30000000, comp_mask=0x0}
a100-llm-05:3796845:3797009 [4] NCCL INFO Channel 01/0 : 4[4] -> 5[5] [send] via NET/IB/11/GDRDMA
a100-llm-05:3796845:3796999 [6] NCCL INFO NET/IB: NCCL Dev 12 IbDev 7 Port 1 qpn 705 mtu 5 GID 3 (0/4E5A13C6FFFF0000) ctsFifoRkey=0xc6e6e ctsFifoLkey=0xc6e6e
a100-llm-05:3796845:3796999 [6] NCCL INFO NET/IB: IbDev 7 Port 1 qpn 705 query_ece={supported=1, vendor_id=0x15b3, options=0x30000000, comp_mask=0x0}
a100-llm-05:3796845:3796999 [6] NCCL INFO NET/IB: NCCL Dev 12 IbDev 8 Port 1 qpn 449 mtu 5 GID 3 (0/57B013C6FFFF0000) ctsFifoRkey=0x8b978 ctsFifoLkey=0x8b978
a100-llm-05:3796845:3796999 [6] NCCL INFO NET/IB: IbDev 8 Port 1 qpn 449 query_ece={supported=1, vendor_id=0x15b3, options=0x30000000, comp_mask=0x0}
a100-llm-05:3796845:3796993 [4] NCCL INFO NET/IB: NCCL Dev 11 IbDev 5 Port 1 qpn 700 mtu 5 GID 3 (0/520113C6FFFF0000) ctsFifoRkey=0xcbbba ctsFifoLkey=0xcbbba
a100-llm-05:3796845:3796993 [4] NCCL INFO NET/IB: IbDev 5 Port 1 qpn 700 query_ece={supported=1, vendor_id=0x15b3, options=0x30000000, comp_mask=0x0}
a100-llm-05:3796845:3796993 [4] NCCL INFO NET/IB: NCCL Dev 11 IbDev 6 Port 1 qpn 444 mtu 5 GID 3 (0/B90713C6FFFF0000) ctsFifoRkey=0x8ecab ctsFifoLkey=0x8ecab
a100-llm-05:3796845:3796993 [4] NCCL INFO NET/IB: IbDev 6 Port 1 qpn 444 query_ece={supported=1, vendor_id=0x15b3, options=0x30000000, comp_mask=0x0}
a100-llm-05:3796845:3796993 [4] NCCL INFO NET/IB: NCCL Dev 11 IbDev 5 Port 1 qpn 702 mtu 5 GID 3 (0/520113C6FFFF0000) ctsFifoRkey=0xcc7c6 ctsFifoLkey=0xcc7c6
a100-llm-05:3796845:3796993 [4] NCCL INFO NET/IB: IbDev 5 Port 1 qpn 702 query_ece={supported=1, vendor_id=0x15b3, options=0x30000000, comp_mask=0x0}
a100-llm-05:3796845:3796993 [4] NCCL INFO NET/IB: NCCL Dev 11 IbDev 6 Port 1 qpn 445 mtu 5 GID 3 (0/B90713C6FFFF0000) ctsFifoRkey=0x8f8b7 ctsFifoLkey=0x8f8b7
a100-llm-05:3796845:3796993 [4] NCCL INFO NET/IB: IbDev 6 Port 1 qpn 445 query_ece={supported=1, vendor_id=0x15b3, options=0x30000000, comp_mask=0x0}
a100-llm-05:3796845:3796999 [6] NCCL INFO NET/IB: IbDev 7 Port 1 qpn 705 set_ece={supported=1, vendor_id=0x15b3, options=0x30000000, comp_mask=0x0}
a100-llm-05:3796845:3796999 [6] NCCL INFO NET/IB: IbDev 8 Port 1 qpn 449 set_ece={supported=1, vendor_id=0x15b3, options=0x30000000, comp_mask=0x0}
a100-llm-05:3796845:3796992 [5] NCCL INFO NET/IB: NCCL Dev 11 IbDev 5 Port 1 qpn 701 mtu 5 GID 3 (0/520113C6FFFF0000) ctsFifoRkey=0xcd2d1 ctsFifoLkey=0xcd2d1
a100-llm-05:3796845:3796992 [5] NCCL INFO NET/IB: IbDev 5 Port 1 qpn 701 query_ece={supported=1, vendor_id=0x15b3, options=0x30000000, comp_mask=0x0}
a100-llm-05:3796845:3796992 [5] NCCL INFO NET/IB: NCCL Dev 11 IbDev 6 Port 1 qpn 446 mtu 5 GID 3 (0/B90713C6FFFF0000) ctsFifoRkey=0x903c2 ctsFifoLkey=0x903c2
a100-llm-05:3796845:3796992 [5] NCCL INFO NET/IB: IbDev 6 Port 1 qpn 446 query_ece={supported=1, vendor_id=0x15b3, options=0x30000000, comp_mask=0x0}
a100-llm-05:3796845:3796990 [2] NCCL INFO NET/IB: NCCL Dev 10 IbDev 3 Port 1 qpn 704 mtu 5 GID 3 (0/220D13C6FFFF0000) ctsFifoRkey=0xca2a1 ctsFifoLkey=0xca2a1
a100-llm-05:3796845:3796990 [2] NCCL INFO NET/IB: IbDev 3 Port 1 qpn 704 query_ece={supported=1, vendor_id=0x15b3, options=0x30000000, comp_mask=0x0}
a100-llm-05:3796845:3796990 [2] NCCL INFO NET/IB: NCCL Dev 10 IbDev 4 Port 1 qpn 448 mtu 5 GID 3 (0/422613C6FFFF0000) ctsFifoRkey=0x928e7 ctsFifoLkey=0x928e7
a100-llm-05:3796845:3796990 [2] NCCL INFO NET/IB: IbDev 4 Port 1 qpn 448 query_ece={supported=1, vendor_id=0x15b3, options=0x30000000, comp_mask=0x0}
a100-llm-05:3796845:3796990 [2] NCCL INFO NET/IB: NCCL Dev 10 IbDev 3 Port 1 qpn 705 mtu 5 GID 3 (0/220D13C6FFFF0000) ctsFifoRkey=0xcaead ctsFifoLkey=0xcaead
a100-llm-05:3796845:3796990 [2] NCCL INFO NET/IB: IbDev 3 Port 1 qpn 705 query_ece={supported=1, vendor_id=0x15b3, options=0x30000000, comp_mask=0x0}
a100-llm-05:3796845:3796990 [2] NCCL INFO NET/IB: NCCL Dev 10 IbDev 4 Port 1 qpn 449 mtu 5 GID 3 (0/422613C6FFFF0000) ctsFifoRkey=0x934f3 ctsFifoLkey=0x934f3
a100-llm-05:3796845:3796990 [2] NCCL INFO NET/IB: IbDev 4 Port 1 qpn 449 query_ece={supported=1, vendor_id=0x15b3, options=0x30000000, comp_mask=0x0}
a100-llm-05:3796845:3796992 [5] NCCL INFO NET/IB: NCCL Dev 11 IbDev 5 Port 1 qpn 705 mtu 5 GID 3 (0/520113C6FFFF0000) ctsFifoRkey=0xcebea ctsFifoLkey=0xcebea
a100-llm-05:3796845:3796992 [5] NCCL INFO NET/IB: IbDev 5 Port 1 qpn 705 query_ece={supported=1, vendor_id=0x15b3, options=0x30000000, comp_mask=0x0}
a100-llm-05:3796845:3796992 [5] NCCL INFO NET/IB: NCCL Dev 11 IbDev 6 Port 1 qpn 449 mtu 5 GID 3 (0/B90713C6FFFF0000) ctsFifoRkey=0x91bda ctsFifoLkey=0x91bda
a100-llm-05:3796845:3796992 [5] NCCL INFO NET/IB: IbDev 6 Port 1 qpn 449 query_ece={supported=1, vendor_id=0x15b3, options=0x30000000, comp_mask=0x0}
a100-llm-05:3796845:3796993 [4] NCCL INFO NET/IB: IbDev 5 Port 1 qpn 700 set_ece={supported=1, vendor_id=0x15b3, options=0x30000000, comp_mask=0x0}
a100-llm-05:3796845:3796994 [3] NCCL INFO NET/IB: NCCL Dev 10 IbDev 3 Port 1 qpn 706 mtu 5 GID 3 (0/220D13C6FFFF0000) ctsFifoRkey=0xcbab9 ctsFifoLkey=0xcbab9
a100-llm-05:3796845:3796994 [3] NCCL INFO NET/IB: IbDev 3 Port 1 qpn 706 query_ece={supported=1, vendor_id=0x15b3, options=0x30000000, comp_mask=0x0}
a100-llm-05:3796845:3796994 [3] NCCL INFO NET/IB: NCCL Dev 10 IbDev 4 Port 1 qpn 450 mtu 5 GID 3 (0/422613C6FFFF0000) ctsFifoRkey=0x93ffe ctsFifoLkey=0x93ffe
a100-llm-05:3796845:3796994 [3] NCCL INFO NET/IB: IbDev 4 Port 1 qpn 450 query_ece={supported=1, vendor_id=0x15b3, options=0x30000000, comp_mask=0x0}
a100-llm-05:3796845:3796993 [4] NCCL INFO NET/IB: IbDev 6 Port 1 qpn 444 set_ece={supported=1, vendor_id=0x15b3, options=0x30000000, comp_mask=0x0}
a100-llm-05:3796845:3796990 [2] NCCL INFO NET/IB: IbDev 3 Port 1 qpn 704 set_ece={supported=1, vendor_id=0x15b3, options=0x30000000, comp_mask=0x0}
a100-llm-05:3796845:3796990 [2] NCCL INFO NET/IB: IbDev 4 Port 1 qpn 448 set_ece={supported=1, vendor_id=0x15b3, options=0x30000000, comp_mask=0x0}
a100-llm-05:3796845:3796994 [3] NCCL INFO NET/IB: NCCL Dev 10 IbDev 3 Port 1 qpn 709 mtu 5 GID 3 (0/220D13C6FFFF0000) ctsFifoRkey=0xcd2d1 ctsFifoLkey=0xcd2d1
a100-llm-05:3796845:3796994 [3] NCCL INFO NET/IB: IbDev 3 Port 1 qpn 709 query_ece={supported=1, vendor_id=0x15b3, options=0x30000000, comp_mask=0x0}
a100-llm-05:3796845:3796994 [3] NCCL INFO NET/IB: NCCL Dev 10 IbDev 4 Port 1 qpn 453 mtu 5 GID 3 (0/422613C6FFFF0000) ctsFifoRkey=0x95216 ctsFifoLkey=0x95216
a100-llm-05:3796845:3796994 [3] NCCL INFO NET/IB: IbDev 4 Port 1 qpn 453 query_ece={supported=1, vendor_id=0x15b3, options=0x30000000, comp_mask=0x0}
a100-llm-05:3796845:3796992 [5] NCCL INFO NET/IB: IbDev 5 Port 1 qpn 705 set_ece={supported=1, vendor_id=0x15b3, options=0x30000000, comp_mask=0x0}
a100-llm-05:3796845:3796992 [5] NCCL INFO NET/IB: IbDev 6 Port 1 qpn 449 set_ece={supported=1, vendor_id=0x15b3, options=0x30000000, comp_mask=0x0}
a100-llm-05:3796845:3796993 [4] NCCL INFO NET/IB: IbDev 5 Port 1 qpn 702 set_ece={supported=1, vendor_id=0x15b3, options=0x30000000, comp_mask=0x0}
a100-llm-05:3796845:3796993 [4] NCCL INFO NET/IB: IbDev 6 Port 1 qpn 445 set_ece={supported=1, vendor_id=0x15b3, options=0x30000000, comp_mask=0x0}
a100-llm-05:3796845:3796990 [2] NCCL INFO NET/IB: IbDev 3 Port 1 qpn 705 set_ece={supported=1, vendor_id=0x15b3, options=0x30000000, comp_mask=0x0}
a100-llm-05:3796845:3796990 [2] NCCL INFO NET/IB: IbDev 4 Port 1 qpn 449 set_ece={supported=1, vendor_id=0x15b3, options=0x30000000, comp_mask=0x0}
a100-llm-05:3796845:3796994 [3] NCCL INFO NET/IB: IbDev 3 Port 1 qpn 706 set_ece={supported=1, vendor_id=0x15b3, options=0x30000000, comp_mask=0x0}
a100-llm-05:3796845:3796994 [3] NCCL INFO NET/IB: IbDev 4 Port 1 qpn 450 set_ece={supported=1, vendor_id=0x15b3, options=0x30000000, comp_mask=0x0}
a100-llm-05:3796845:3796992 [5] NCCL INFO NET/IB: IbDev 5 Port 1 qpn 701 set_ece={supported=1, vendor_id=0x15b3, options=0x30000000, comp_mask=0x0}
a100-llm-05:3796845:3796992 [5] NCCL INFO NET/IB: IbDev 6 Port 1 qpn 446 set_ece={supported=1, vendor_id=0x15b3, options=0x30000000, comp_mask=0x0}
a100-llm-05:3796845:3796994 [3] NCCL INFO NET/IB: IbDev 3 Port 1 qpn 709 set_ece={supported=1, vendor_id=0x15b3, options=0x30000000, comp_mask=0x0}
a100-llm-05:3796845:3796994 [3] NCCL INFO NET/IB: IbDev 4 Port 1 qpn 453 set_ece={supported=1, vendor_id=0x15b3, options=0x30000000, comp_mask=0x0}
[AIMD] FinalizeChunkRTT: cc=0x7f6bdc0659a0 slot=0 inflight_before=1
warmup done.
[AIMD] FinalizeChunkRTT: cc=0x7f6bd4001000 slot=908 inflight_before=2
[AIMD] FinalizeChunkRTT: cc=0x7f6bc40659a0 slot=908 inflight_before=1
[AIMD] FinalizeChunkRTT: cc=0x7f6bdc065be0 slot=626 inflight_before=1
a100-llm-05:3796845:3796982 [0] NCCL INFO V2MIN: pressure=1.000 (fast=0.111 slow=0.002 dev=0.1082) state=SHRINK window=204 floor=204 high=3109 low=0 ncc=16
[AIMD] FinalizeChunkRTT: cc=0x7f6bc40659a0 slot=288 inflight_before=1
[AIMD] FinalizeChunkRTT: cc=0x7f6bc40659a0 slot=988 inflight_before=1
[AIMD] FinalizeChunkRTT: cc=0x7f6bd8006de0 slot=692 inflight_before=1
[AIMD] FinalizeChunkRTT: cc=0x7f6bdc0659a0 slot=321 inflight_before=3
[AIMD] FinalizeChunkRTT: cc=0x7f6bdc0659a0 slot=760 inflight_before=1
a100-llm-05:3796845:3796982 [0] NCCL INFO V2MIN: pressure=1.000 (fast=0.095 slow=0.002 dev=0.0930) state=SHRINK window=204 floor=204 high=7823 low=0 ncc=16
[AIMD] FinalizeChunkRTT: cc=0x7f6bd4001000 slot=59 inflight_before=5
[AIMD] FinalizeChunkRTT: cc=0x7f6bdc0659a0 slot=485 inflight_before=1
[AIMD] FinalizeChunkRTT: cc=0x7f6bcc001000 slot=182 inflight_before=1
[AIMD] FinalizeChunkRTT: cc=0x7f6bd4001000 slot=588 inflight_before=1
[AIMD] FinalizeChunkRTT: cc=0x7f6bdc0659a0 slot=970 inflight_before=2
a100-llm-05:3796845:3796982 [0] NCCL INFO V2MIN: pressure=1.000 (fast=0.152 slow=0.002 dev=0.1494) state=SHRINK window=204 floor=204 high=12539 low=0 ncc=16
[AIMD] FinalizeChunkRTT: cc=0x7f6bd8006de0 slot=460 inflight_before=1
[AIMD] FinalizeChunkRTT: cc=0x7f6bc8001000 slot=1000 inflight_before=1
[AIMD] FinalizeChunkRTT: cc=0x7f6bc8001000 slot=389 inflight_before=1
[AIMD] FinalizeChunkRTT: cc=0x7f6bdc0659a0 slot=878 inflight_before=1
[AIMD] FinalizeChunkRTT: cc=0x7f6bdc0659a0 slot=596 inflight_before=1
a100-llm-05:3796845:3796982 [0] NCCL INFO V2MIN: pressure=1.000 (fast=0.111 slow=0.002 dev=0.1083) state=SHRINK window=204 floor=204 high=17263 low=0 ncc=16
[AIMD] FinalizeChunkRTT: cc=0x7f6bc40659a0 slot=79 inflight_before=3
[AIMD] FinalizeChunkRTT: cc=0x7f6bd4001000 slot=621 inflight_before=1
[AIMD] FinalizeChunkRTT: cc=0x7f6bdc0659a0 slot=87 inflight_before=1
[AIMD] FinalizeChunkRTT: cc=0x7f6bd0065400 slot=606 inflight_before=2
[AIMD] FinalizeChunkRTT: cc=0x7f6bd4001000 slot=17 inflight_before=6
a100-llm-05:3796845:3796982 [0] NCCL INFO V2MIN: pressure=1.000 (fast=0.101 slow=0.002 dev=0.0983) state=SHRINK window=204 floor=204 high=21976 low=0 ncc=16
[AIMD] FinalizeChunkRTT: cc=0x7f6bcc017320 slot=464 inflight_before=1
[AIMD] FinalizeChunkRTT: cc=0x7f6bc00c76e0 slot=939 inflight_before=1
CSV written to: det_v1_baseline_run1/bench_latency_20260416_154919.csv

========================================
  Oracle Experiment Results
========================================
Config: nDev=8  count=1048576  data=4.19 MB  iters=1000
NCCL_AIMD_ENABLE=1  NCCL_CC_ORACLE_FACTOR=(unset)

Wall-clock latency (us):
  mean= 25065.9  stddev= 13296.8
  p50 = 21633.1  p99   = 67112.3  max= 86898.5

Collective max GPU latency (us):
  mean= 22605.4  stddev= 11636.1
  p50 = 19974.1  p99   = 58903.7  max= 70941.7

Rank skew (us):
  mean=  3123.3  stddev=  5041.2
  p50 =   250.9  p99   = 19816.8  max= 23843.8

Avg algo bandwidth: 0.29 GB/s
========================================

