a100-llm-05:3714944:3715055 [7] NCCL INFO GPU Direct RDMA Enabled for GPU/0-1044576 (rank 7) - NET/0-12 (distance 5 <= 6, read 0, mode Default)
a100-llm-05:3714944:3715041 [0] NCCL INFO New proxy recv connection 0 from local rank 0, transport 2
a100-llm-05:3714944:3715062 [0] NCCL INFO Connected to proxy localRank 0 -> connection 0x7f620c000d10
a100-llm-05:3714944:3715062 [0] NCCL INFO Channel 00/0 : 7[7] -> 0[0] [receive] via NET/IB/9/GDRDMA
a100-llm-05:3714944:3715062 [0] NCCL INFO GPU Direct RDMA Enabled for GPU/0-1019984 (rank 0) - NET/0-9 (distance 5 <= 6, read 0, mode Default)
a100-llm-05:3714944:3715041 [0] NCCL INFO New proxy recv connection 1 from local rank 0, transport 2
a100-llm-05:3714944:3715062 [0] NCCL INFO Connected to proxy localRank 0 -> connection 0x7f620c000d88
a100-llm-05:3714944:3715039 [3] NCCL INFO New proxy recv connection 0 from local rank 0, transport 2
a100-llm-05:3714944:3715059 [3] NCCL INFO Connected to proxy localRank 0 -> connection 0x7f630ffa2020
a100-llm-05:3714944:3715062 [0] NCCL INFO Channel 01/0 : 7[7] -> 0[0] [receive] via NET/IB/9/GDRDMA
a100-llm-05:3714944:3715062 [0] NCCL INFO GPU Direct RDMA Enabled for GPU/0-1019984 (rank 0) - NET/0-9 (distance 5 <= 6, read 1, mode Default)
a100-llm-05:3714944:3715041 [0] NCCL INFO New proxy send connection 2 from local rank 0, transport 2
a100-llm-05:3714944:3715062 [0] NCCL INFO Connected to proxy localRank 0 -> connection 0x7f620c000e00
a100-llm-05:3714944:3715062 [0] NCCL INFO Channel 00/0 : 0[0] -> 1[1] [send] via NET/IB/9/GDRDMA
a100-llm-05:3714944:3715062 [0] NCCL INFO GPU Direct RDMA Enabled for GPU/0-1019984 (rank 0) - NET/0-9 (distance 5 <= 6, read 1, mode Default)
a100-llm-05:3714944:3715041 [0] NCCL INFO New proxy send connection 3 from local rank 0, transport 2
a100-llm-05:3714944:3715062 [0] NCCL INFO Connected to proxy localRank 0 -> connection 0x7f620c000e78
a100-llm-05:3714944:3715062 [0] NCCL INFO Channel 01/0 : 0[0] -> 1[1] [send] via NET/IB/9/GDRDMA
a100-llm-05:3714944:3715043 [7] NCCL INFO New proxy recv connection 1 from local rank 0, transport 2
a100-llm-05:3714944:3715055 [7] NCCL INFO Connected to proxy localRank 0 -> connection 0x7f61c8000d88
a100-llm-05:3714944:3715061 [1] NCCL INFO Connected to proxy localRank 0 -> connection 0x7f62f7fc2380
a100-llm-05:3714944:3715059 [3] NCCL INFO Channel 00/0 : 2[2] -> 3[3] [receive] via NET/IB/10/GDRDMA
a100-llm-05:3714944:3715059 [3] NCCL INFO GPU Direct RDMA Enabled for GPU/0-1028192 (rank 3) - NET/0-10 (distance 5 <= 6, read 0, mode Default)
a100-llm-05:3714944:3715058 [4] NCCL INFO Connected to proxy localRank 0 -> connection 0x7f63073a79e0
a100-llm-05:3714944:3715061 [1] NCCL INFO Channel 00/0 : 0[0] -> 1[1] [receive] via NET/IB/9/GDRDMA
a100-llm-05:3714944:3715061 [1] NCCL INFO GPU Direct RDMA Enabled for GPU/0-1020000 (rank 1) - NET/0-9 (distance 5 <= 6, read 0, mode Default)
a100-llm-05:3714944:3715052 [6] NCCL INFO New proxy recv connection 0 from local rank 0, transport 2
a100-llm-05:3714944:3715051 [5] NCCL INFO New proxy recv connection 0 from local rank 0, transport 2
a100-llm-05:3714944:3715057 [5] NCCL INFO Connected to proxy localRank 0 -> connection 0x7f61d8c593e0
a100-llm-05:3714944:3715039 [3] NCCL INFO New proxy recv connection 1 from local rank 0, transport 2
a100-llm-05:3714944:3715056 [6] NCCL INFO Connected to proxy localRank 0 -> connection 0x7f61bc000d10
a100-llm-05:3714944:3715057 [5] NCCL INFO Channel 00/0 : 4[4] -> 5[5] [receive] via NET/IB/11/GDRDMA
a100-llm-05:3714944:3715057 [5] NCCL INFO GPU Direct RDMA Enabled for GPU/0-1036384 (rank 5) - NET/0-11 (distance 5 <= 6, read 0, mode Default)
a100-llm-05:3714944:3715051 [5] NCCL INFO New proxy recv connection 1 from local rank 0, transport 2
a100-llm-05:3714944:3715057 [5] NCCL INFO Connected to proxy localRank 0 -> connection 0x7f61d8c59458
a100-llm-05:3714944:3715057 [5] NCCL INFO Channel 01/0 : 4[4] -> 5[5] [receive] via NET/IB/11/GDRDMA
a100-llm-05:3714944:3715057 [5] NCCL INFO GPU Direct RDMA Enabled for GPU/0-1036384 (rank 5) - NET/0-11 (distance 5 <= 6, read 1, mode Default)
a100-llm-05:3714944:3715058 [4] NCCL INFO Channel 00/0 : 3[3] -> 4[4] [receive] via NET/IB/11/GDRDMA
a100-llm-05:3714944:3715058 [4] NCCL INFO GPU Direct RDMA Enabled for GPU/0-1036368 (rank 4) - NET/0-11 (distance 5 <= 6, read 0, mode Default)
a100-llm-05:3714944:3715051 [5] NCCL INFO New proxy send connection 2 from local rank 0, transport 2
a100-llm-05:3714944:3715057 [5] NCCL INFO Connected to proxy localRank 0 -> connection 0x7f61d8c594d0
a100-llm-05:3714944:3715057 [5] NCCL INFO Channel 00/0 : 5[5] -> 6[6] [send] via NET/IB/11/GDRDMA
a100-llm-05:3714944:3715057 [5] NCCL INFO GPU Direct RDMA Enabled for GPU/0-1036384 (rank 5) - NET/0-11 (distance 5 <= 6, read 1, mode Default)
a100-llm-05:3714944:3715059 [3] NCCL INFO Connected to proxy localRank 0 -> connection 0x7f630ffa2098
a100-llm-05:3714944:3715051 [5] NCCL INFO New proxy send connection 3 from local rank 0, transport 2
a100-llm-05:3714944:3715057 [5] NCCL INFO Connected to proxy localRank 0 -> connection 0x7f61d8c59548
a100-llm-05:3714944:3715057 [5] NCCL INFO Channel 01/0 : 5[5] -> 6[6] [send] via NET/IB/11/GDRDMA
a100-llm-05:3714944:3715045 [1] NCCL INFO New proxy recv connection 1 from local rank 0, transport 2
a100-llm-05:3714944:3715061 [1] NCCL INFO Connected to proxy localRank 0 -> connection 0x7f62f7fc23f8
a100-llm-05:3714944:3715059 [3] NCCL INFO Channel 01/0 : 2[2] -> 3[3] [receive] via NET/IB/10/GDRDMA
a100-llm-05:3714944:3715059 [3] NCCL INFO GPU Direct RDMA Enabled for GPU/0-1028192 (rank 3) - NET/0-10 (distance 5 <= 6, read 1, mode Default)
a100-llm-05:3714944:3715056 [6] NCCL INFO Channel 00/0 : 5[5] -> 6[6] [receive] via NET/IB/12/GDRDMA
a100-llm-05:3714944:3715056 [6] NCCL INFO GPU Direct RDMA Enabled for GPU/0-1044560 (rank 6) - NET/0-12 (distance 5 <= 6, read 0, mode Default)
a100-llm-05:3714944:3715052 [6] NCCL INFO New proxy recv connection 1 from local rank 0, transport 2
a100-llm-05:3714944:3715039 [3] NCCL INFO New proxy send connection 2 from local rank 0, transport 2
a100-llm-05:3714944:3715059 [3] NCCL INFO Connected to proxy localRank 0 -> connection 0x7f630ffa2110
a100-llm-05:3714944:3715056 [6] NCCL INFO Connected to proxy localRank 0 -> connection 0x7f61bc000d88
a100-llm-05:3714944:3715059 [3] NCCL INFO Channel 00/0 : 3[3] -> 4[4] [send] via NET/IB/10/GDRDMA
a100-llm-05:3714944:3715059 [3] NCCL INFO GPU Direct RDMA Enabled for GPU/0-1028192 (rank 3) - NET/0-10 (distance 5 <= 6, read 1, mode Default)
a100-llm-05:3714944:3715039 [3] NCCL INFO New proxy send connection 3 from local rank 0, transport 2
a100-llm-05:3714944:3715059 [3] NCCL INFO Connected to proxy localRank 0 -> connection 0x7f630ffa2188
a100-llm-05:3714944:3715056 [6] NCCL INFO Channel 01/0 : 5[5] -> 6[6] [receive] via NET/IB/12/GDRDMA
a100-llm-05:3714944:3715056 [6] NCCL INFO GPU Direct RDMA Enabled for GPU/0-1044560 (rank 6) - NET/0-12 (distance 5 <= 6, read 1, mode Default)
a100-llm-05:3714944:3715052 [6] NCCL INFO New proxy send connection 2 from local rank 0, transport 2
a100-llm-05:3714944:3715056 [6] NCCL INFO Connected to proxy localRank 0 -> connection 0x7f61bc000e00
a100-llm-05:3714944:3715059 [3] NCCL INFO Channel 01/0 : 3[3] -> 4[4] [send] via NET/IB/10/GDRDMA
a100-llm-05:3714944:3715056 [6] NCCL INFO Channel 00/0 : 6[6] -> 7[7] [send] via NET/IB/12/GDRDMA
a100-llm-05:3714944:3715056 [6] NCCL INFO GPU Direct RDMA Enabled for GPU/0-1044560 (rank 6) - NET/0-12 (distance 5 <= 6, read 1, mode Default)
a100-llm-05:3714944:3715052 [6] NCCL INFO New proxy send connection 3 from local rank 0, transport 2
a100-llm-05:3714944:3715056 [6] NCCL INFO Connected to proxy localRank 0 -> connection 0x7f61bc000e78
a100-llm-05:3714944:3715056 [6] NCCL INFO Channel 01/0 : 6[6] -> 7[7] [send] via NET/IB/12/GDRDMA
a100-llm-05:3714944:3715047 [2] NCCL INFO New proxy recv connection 0 from local rank 0, transport 2
a100-llm-05:3714944:3715049 [4] NCCL INFO New proxy recv connection 1 from local rank 0, transport 2
a100-llm-05:3714944:3715055 [7] NCCL INFO Channel 01/0 : 6[6] -> 7[7] [receive] via NET/IB/12/GDRDMA
a100-llm-05:3714944:3715055 [7] NCCL INFO GPU Direct RDMA Enabled for GPU/0-1044576 (rank 7) - NET/0-12 (distance 5 <= 6, read 1, mode Default)
a100-llm-05:3714944:3715060 [2] NCCL INFO Connected to proxy localRank 0 -> connection 0x7f61dcd08da0
a100-llm-05:3714944:3715060 [2] NCCL INFO Channel 00/0 : 1[1] -> 2[2] [receive] via NET/IB/10/GDRDMA
a100-llm-05:3714944:3715060 [2] NCCL INFO GPU Direct RDMA Enabled for GPU/0-1028176 (rank 2) - NET/0-10 (distance 5 <= 6, read 0, mode Default)
a100-llm-05:3714944:3715047 [2] NCCL INFO New proxy recv connection 1 from local rank 0, transport 2
a100-llm-05:3714944:3715060 [2] NCCL INFO Connected to proxy localRank 0 -> connection 0x7f61dcd08e18
a100-llm-05:3714944:3715043 [7] NCCL INFO New proxy send connection 2 from local rank 0, transport 2
a100-llm-05:3714944:3715058 [4] NCCL INFO Connected to proxy localRank 0 -> connection 0x7f63073a7a58
a100-llm-05:3714944:3715061 [1] NCCL INFO Channel 01/0 : 0[0] -> 1[1] [receive] via NET/IB/9/GDRDMA
a100-llm-05:3714944:3715061 [1] NCCL INFO GPU Direct RDMA Enabled for GPU/0-1020000 (rank 1) - NET/0-9 (distance 5 <= 6, read 1, mode Default)
a100-llm-05:3714944:3715055 [7] NCCL INFO Connected to proxy localRank 0 -> connection 0x7f61c8000e00
a100-llm-05:3714944:3715055 [7] NCCL INFO Channel 00/0 : 7[7] -> 0[0] [send] via NET/IB/12/GDRDMA
a100-llm-05:3714944:3715055 [7] NCCL INFO GPU Direct RDMA Enabled for GPU/0-1044576 (rank 7) - NET/0-12 (distance 5 <= 6, read 1, mode Default)
a100-llm-05:3714944:3715045 [1] NCCL INFO New proxy send connection 2 from local rank 0, transport 2
a100-llm-05:3714944:3715060 [2] NCCL INFO Channel 01/0 : 1[1] -> 2[2] [receive] via NET/IB/10/GDRDMA
a100-llm-05:3714944:3715060 [2] NCCL INFO GPU Direct RDMA Enabled for GPU/0-1028176 (rank 2) - NET/0-10 (distance 5 <= 6, read 1, mode Default)
a100-llm-05:3714944:3715047 [2] NCCL INFO New proxy send connection 2 from local rank 0, transport 2
a100-llm-05:3714944:3715060 [2] NCCL INFO Connected to proxy localRank 0 -> connection 0x7f61dcd08e90
a100-llm-05:3714944:3715060 [2] NCCL INFO Channel 00/0 : 2[2] -> 3[3] [send] via NET/IB/10/GDRDMA
a100-llm-05:3714944:3715060 [2] NCCL INFO GPU Direct RDMA Enabled for GPU/0-1028176 (rank 2) - NET/0-10 (distance 5 <= 6, read 1, mode Default)
a100-llm-05:3714944:3715047 [2] NCCL INFO New proxy send connection 3 from local rank 0, transport 2
a100-llm-05:3714944:3715060 [2] NCCL INFO Connected to proxy localRank 0 -> connection 0x7f61dcd08f08
a100-llm-05:3714944:3715060 [2] NCCL INFO Channel 01/0 : 2[2] -> 3[3] [send] via NET/IB/10/GDRDMA
a100-llm-05:3714944:3715061 [1] NCCL INFO Connected to proxy localRank 0 -> connection 0x7f62f7fc2470
a100-llm-05:3714944:3715043 [7] NCCL INFO New proxy send connection 3 from local rank 0, transport 2
a100-llm-05:3714944:3715058 [4] NCCL INFO Channel 01/0 : 3[3] -> 4[4] [receive] via NET/IB/11/GDRDMA
a100-llm-05:3714944:3715058 [4] NCCL INFO GPU Direct RDMA Enabled for GPU/0-1036368 (rank 4) - NET/0-11 (distance 5 <= 6, read 1, mode Default)
a100-llm-05:3714944:3715049 [4] NCCL INFO New proxy send connection 2 from local rank 0, transport 2
a100-llm-05:3714944:3715055 [7] NCCL INFO Connected to proxy localRank 0 -> connection 0x7f61c8000e78
a100-llm-05:3714944:3715061 [1] NCCL INFO Channel 00/0 : 1[1] -> 2[2] [send] via NET/IB/9/GDRDMA
a100-llm-05:3714944:3715061 [1] NCCL INFO GPU Direct RDMA Enabled for GPU/0-1020000 (rank 1) - NET/0-9 (distance 5 <= 6, read 1, mode Default)
a100-llm-05:3714944:3715045 [1] NCCL INFO New proxy send connection 3 from local rank 0, transport 2
a100-llm-05:3714944:3715058 [4] NCCL INFO Connected to proxy localRank 0 -> connection 0x7f63073a7ad0
a100-llm-05:3714944:3715061 [1] NCCL INFO Connected to proxy localRank 0 -> connection 0x7f62f7fc24e8
a100-llm-05:3714944:3715055 [7] NCCL INFO Channel 01/0 : 7[7] -> 0[0] [send] via NET/IB/12/GDRDMA
a100-llm-05:3714944:3715061 [1] NCCL INFO Channel 01/0 : 1[1] -> 2[2] [send] via NET/IB/9/GDRDMA
a100-llm-05:3714944:3715052 [6] NCCL INFO NET/IB: NCCL Dev 12 IbDev 7 Port 1 qpn 556 mtu 5 GID 3 (0/4E5A13C6FFFF0000) ctsFifoRkey=0x80907 ctsFifoLkey=0x80907
a100-llm-05:3714944:3715052 [6] NCCL INFO NET/IB: IbDev 7 Port 1 qpn 556 query_ece={supported=1, vendor_id=0x15b3, options=0x30000000, comp_mask=0x0}
a100-llm-05:3714944:3715052 [6] NCCL INFO NET/IB: NCCL Dev 12 IbDev 8 Port 1 qpn 300 mtu 5 GID 3 (0/57B013C6FFFF0000) ctsFifoRkey=0x44504 ctsFifoLkey=0x44504
a100-llm-05:3714944:3715052 [6] NCCL INFO NET/IB: IbDev 8 Port 1 qpn 300 query_ece={supported=1, vendor_id=0x15b3, options=0x30000000, comp_mask=0x0}
a100-llm-05:3714944:3715058 [4] NCCL INFO Channel 00/0 : 4[4] -> 5[5] [send] via NET/IB/11/GDRDMA
a100-llm-05:3714944:3715058 [4] NCCL INFO GPU Direct RDMA Enabled for GPU/0-1036368 (rank 4) - NET/0-11 (distance 5 <= 6, read 1, mode Default)
a100-llm-05:3714944:3715052 [6] NCCL INFO NET/IB: NCCL Dev 12 IbDev 7 Port 1 qpn 557 mtu 5 GID 3 (0/4E5A13C6FFFF0000) ctsFifoRkey=0x52423 ctsFifoLkey=0x52423
a100-llm-05:3714944:3715052 [6] NCCL INFO NET/IB: IbDev 7 Port 1 qpn 557 query_ece={supported=1, vendor_id=0x15b3, options=0x30000000, comp_mask=0x0}
a100-llm-05:3714944:3715052 [6] NCCL INFO NET/IB: NCCL Dev 12 IbDev 8 Port 1 qpn 301 mtu 5 GID 3 (0/57B013C6FFFF0000) ctsFifoRkey=0x15e1d ctsFifoLkey=0x15e1d
a100-llm-05:3714944:3715052 [6] NCCL INFO NET/IB: IbDev 8 Port 1 qpn 301 query_ece={supported=1, vendor_id=0x15b3, options=0x30000000, comp_mask=0x0}
a100-llm-05:3714944:3715049 [4] NCCL INFO New proxy send connection 3 from local rank 0, transport 2
a100-llm-05:3714944:3715045 [1] NCCL INFO NET/IB: NCCL Dev 9 IbDev 1 Port 1 qpn 556 mtu 5 GID 3 (0/F34413C6FFFF0000) ctsFifoRkey=0x82d2d ctsFifoLkey=0x82d2d
a100-llm-05:3714944:3715045 [1] NCCL INFO NET/IB: IbDev 1 Port 1 qpn 556 query_ece={supported=1, vendor_id=0x15b3, options=0x30000000, comp_mask=0x0}
a100-llm-05:3714944:3715045 [1] NCCL INFO NET/IB: NCCL Dev 9 IbDev 2 Port 1 qpn 300 mtu 5 GID 3 (0/173F13C6FFFF0000) ctsFifoRkey=0x46a29 ctsFifoLkey=0x46a29
a100-llm-05:3714944:3715045 [1] NCCL INFO NET/IB: IbDev 2 Port 1 qpn 300 query_ece={supported=1, vendor_id=0x15b3, options=0x30000000, comp_mask=0x0}
a100-llm-05:3714944:3715052 [6] NCCL INFO NET/IB: IbDev 7 Port 1 qpn 556 set_ece={supported=1, vendor_id=0x15b3, options=0x30000000, comp_mask=0x0}
a100-llm-05:3714944:3715052 [6] NCCL INFO NET/IB: IbDev 8 Port 1 qpn 300 set_ece={supported=1, vendor_id=0x15b3, options=0x30000000, comp_mask=0x0}
a100-llm-05:3714944:3715041 [0] NCCL INFO NET/IB: NCCL Dev 9 IbDev 1 Port 1 qpn 557 mtu 5 GID 3 (0/F34413C6FFFF0000) ctsFifoRkey=0x51819 ctsFifoLkey=0x51819
a100-llm-05:3714944:3715041 [0] NCCL INFO NET/IB: IbDev 1 Port 1 qpn 557 query_ece={supported=1, vendor_id=0x15b3, options=0x30000000, comp_mask=0x0}
a100-llm-05:3714944:3715045 [1] NCCL INFO NET/IB: NCCL Dev 9 IbDev 1 Port 1 qpn 558 mtu 5 GID 3 (0/F34413C6FFFF0000) ctsFifoRkey=0x83638 ctsFifoLkey=0x83638
a100-llm-05:3714944:3715045 [1] NCCL INFO NET/IB: IbDev 1 Port 1 qpn 558 query_ece={supported=1, vendor_id=0x15b3, options=0x30000000, comp_mask=0x0}
a100-llm-05:3714944:3715041 [0] NCCL INFO NET/IB: NCCL Dev 9 IbDev 2 Port 1 qpn 301 mtu 5 GID 3 (0/173F13C6FFFF0000) ctsFifoRkey=0x14807 ctsFifoLkey=0x14807
a100-llm-05:3714944:3715041 [0] NCCL INFO NET/IB: IbDev 2 Port 1 qpn 301 query_ece={supported=1, vendor_id=0x15b3, options=0x30000000, comp_mask=0x0}
a100-llm-05:3714944:3715045 [1] NCCL INFO NET/IB: NCCL Dev 9 IbDev 2 Port 1 qpn 302 mtu 5 GID 3 (0/173F13C6FFFF0000) ctsFifoRkey=0x47635 ctsFifoLkey=0x47635
a100-llm-05:3714944:3715045 [1] NCCL INFO NET/IB: IbDev 2 Port 1 qpn 302 query_ece={supported=1, vendor_id=0x15b3, options=0x30000000, comp_mask=0x0}
a100-llm-05:3714944:3715043 [7] NCCL INFO NET/IB: NCCL Dev 12 IbDev 7 Port 1 qpn 560 mtu 5 GID 3 (0/4E5A13C6FFFF0000) ctsFifoRkey=0x81514 ctsFifoLkey=0x81514
a100-llm-05:3714944:3715043 [7] NCCL INFO NET/IB: IbDev 7 Port 1 qpn 560 query_ece={supported=1, vendor_id=0x15b3, options=0x30000000, comp_mask=0x0}
a100-llm-05:3714944:3715043 [7] NCCL INFO NET/IB: NCCL Dev 12 IbDev 8 Port 1 qpn 304 mtu 5 GID 3 (0/57B013C6FFFF0000) ctsFifoRkey=0x45211 ctsFifoLkey=0x45211
a100-llm-05:3714944:3715043 [7] NCCL INFO NET/IB: IbDev 8 Port 1 qpn 304 query_ece={supported=1, vendor_id=0x15b3, options=0x30000000, comp_mask=0x0}
a100-llm-05:3714944:3715041 [0] NCCL INFO NET/IB: NCCL Dev 9 IbDev 1 Port 1 qpn 559 mtu 5 GID 3 (0/F34413C6FFFF0000) ctsFifoRkey=0x84141 ctsFifoLkey=0x84141
a100-llm-05:3714944:3715041 [0] NCCL INFO NET/IB: IbDev 1 Port 1 qpn 559 query_ece={supported=1, vendor_id=0x15b3, options=0x30000000, comp_mask=0x0}
a100-llm-05:3714944:3715041 [0] NCCL INFO NET/IB: NCCL Dev 9 IbDev 2 Port 1 qpn 303 mtu 5 GID 3 (0/173F13C6FFFF0000) ctsFifoRkey=0x48340 ctsFifoLkey=0x48340
a100-llm-05:3714944:3715041 [0] NCCL INFO NET/IB: IbDev 2 Port 1 qpn 303 query_ece={supported=1, vendor_id=0x15b3, options=0x30000000, comp_mask=0x0}
a100-llm-05:3714944:3715058 [4] NCCL INFO Connected to proxy localRank 0 -> connection 0x7f63073a7b48
a100-llm-05:3714944:3715052 [6] NCCL INFO NET/IB: IbDev 7 Port 1 qpn 557 set_ece={supported=1, vendor_id=0x15b3, options=0x30000000, comp_mask=0x0}
a100-llm-05:3714944:3715052 [6] NCCL INFO NET/IB: IbDev 8 Port 1 qpn 301 set_ece={supported=1, vendor_id=0x15b3, options=0x30000000, comp_mask=0x0}
a100-llm-05:3714944:3715041 [0] NCCL INFO NET/IB: IbDev 1 Port 1 qpn 557 set_ece={supported=1, vendor_id=0x15b3, options=0x30000000, comp_mask=0x0}
a100-llm-05:3714944:3715041 [0] NCCL INFO NET/IB: IbDev 2 Port 1 qpn 301 set_ece={supported=1, vendor_id=0x15b3, options=0x30000000, comp_mask=0x0}
a100-llm-05:3714944:3715043 [7] NCCL INFO NET/IB: NCCL Dev 12 IbDev 7 Port 1 qpn 563 mtu 5 GID 3 (0/4E5A13C6FFFF0000) ctsFifoRkey=0x82d2d ctsFifoLkey=0x82d2d
a100-llm-05:3714944:3715043 [7] NCCL INFO NET/IB: IbDev 7 Port 1 qpn 563 query_ece={supported=1, vendor_id=0x15b3, options=0x30000000, comp_mask=0x0}
a100-llm-05:3714944:3715043 [7] NCCL INFO NET/IB: NCCL Dev 12 IbDev 8 Port 1 qpn 307 mtu 5 GID 3 (0/57B013C6FFFF0000) ctsFifoRkey=0x4682a ctsFifoLkey=0x4682a
a100-llm-05:3714944:3715043 [7] NCCL INFO NET/IB: IbDev 8 Port 1 qpn 307 query_ece={supported=1, vendor_id=0x15b3, options=0x30000000, comp_mask=0x0}
a100-llm-05:3714944:3715045 [1] NCCL INFO NET/IB: IbDev 1 Port 1 qpn 556 set_ece={supported=1, vendor_id=0x15b3, options=0x30000000, comp_mask=0x0}
a100-llm-05:3714944:3715045 [1] NCCL INFO NET/IB: IbDev 2 Port 1 qpn 300 set_ece={supported=1, vendor_id=0x15b3, options=0x30000000, comp_mask=0x0}
a100-llm-05:3714944:3715041 [0] NCCL INFO NET/IB: IbDev 1 Port 1 qpn 559 set_ece={supported=1, vendor_id=0x15b3, options=0x30000000, comp_mask=0x0}
a100-llm-05:3714944:3715041 [0] NCCL INFO NET/IB: IbDev 2 Port 1 qpn 303 set_ece={supported=1, vendor_id=0x15b3, options=0x30000000, comp_mask=0x0}
a100-llm-05:3714944:3715043 [7] NCCL INFO NET/IB: IbDev 7 Port 1 qpn 560 set_ece={supported=1, vendor_id=0x15b3, options=0x30000000, comp_mask=0x0}
a100-llm-05:3714944:3715043 [7] NCCL INFO NET/IB: IbDev 8 Port 1 qpn 304 set_ece={supported=1, vendor_id=0x15b3, options=0x30000000, comp_mask=0x0}
a100-llm-05:3714944:3715045 [1] NCCL INFO NET/IB: IbDev 1 Port 1 qpn 558 set_ece={supported=1, vendor_id=0x15b3, options=0x30000000, comp_mask=0x0}
a100-llm-05:3714944:3715045 [1] NCCL INFO NET/IB: IbDev 2 Port 1 qpn 302 set_ece={supported=1, vendor_id=0x15b3, options=0x30000000, comp_mask=0x0}
a100-llm-05:3714944:3715043 [7] NCCL INFO NET/IB: IbDev 7 Port 1 qpn 563 set_ece={supported=1, vendor_id=0x15b3, options=0x30000000, comp_mask=0x0}
a100-llm-05:3714944:3715043 [7] NCCL INFO NET/IB: IbDev 8 Port 1 qpn 307 set_ece={supported=1, vendor_id=0x15b3, options=0x30000000, comp_mask=0x0}
a100-llm-05:3714944:3715058 [4] NCCL INFO Channel 01/0 : 4[4] -> 5[5] [send] via NET/IB/11/GDRDMA
a100-llm-05:3714944:3715039 [3] NCCL INFO NET/IB: NCCL Dev 10 IbDev 3 Port 1 qpn 560 mtu 5 GID 3 (0/220D13C6FFFF0000) ctsFifoRkey=0x83030 ctsFifoLkey=0x83030
a100-llm-05:3714944:3715039 [3] NCCL INFO NET/IB: IbDev 3 Port 1 qpn 560 query_ece={supported=1, vendor_id=0x15b3, options=0x30000000, comp_mask=0x0}
a100-llm-05:3714944:3715039 [3] NCCL INFO NET/IB: NCCL Dev 10 IbDev 4 Port 1 qpn 304 mtu 5 GID 3 (0/422613C6FFFF0000) ctsFifoRkey=0x49e5c ctsFifoLkey=0x49e5c
a100-llm-05:3714944:3715039 [3] NCCL INFO NET/IB: IbDev 4 Port 1 qpn 304 query_ece={supported=1, vendor_id=0x15b3, options=0x30000000, comp_mask=0x0}
a100-llm-05:3714944:3715047 [2] NCCL INFO NET/IB: NCCL Dev 10 IbDev 3 Port 1 qpn 561 mtu 5 GID 3 (0/220D13C6FFFF0000) ctsFifoRkey=0x83e3d ctsFifoLkey=0x83e3d
a100-llm-05:3714944:3715047 [2] NCCL INFO NET/IB: IbDev 3 Port 1 qpn 561 query_ece={supported=1, vendor_id=0x15b3, options=0x30000000, comp_mask=0x0}
a100-llm-05:3714944:3715047 [2] NCCL INFO NET/IB: NCCL Dev 10 IbDev 4 Port 1 qpn 305 mtu 5 GID 3 (0/422613C6FFFF0000) ctsFifoRkey=0x4aa69 ctsFifoLkey=0x4aa69
a100-llm-05:3714944:3715047 [2] NCCL INFO NET/IB: IbDev 4 Port 1 qpn 305 query_ece={supported=1, vendor_id=0x15b3, options=0x30000000, comp_mask=0x0}
a100-llm-05:3714944:3715039 [3] NCCL INFO NET/IB: NCCL Dev 10 IbDev 3 Port 1 qpn 562 mtu 5 GID 3 (0/220D13C6FFFF0000) ctsFifoRkey=0x84a49 ctsFifoLkey=0x84a49
a100-llm-05:3714944:3715039 [3] NCCL INFO NET/IB: IbDev 3 Port 1 qpn 562 query_ece={supported=1, vendor_id=0x15b3, options=0x30000000, comp_mask=0x0}
a100-llm-05:3714944:3715047 [2] NCCL INFO NET/IB: NCCL Dev 10 IbDev 3 Port 1 qpn 563 mtu 5 GID 3 (0/220D13C6FFFF0000) ctsFifoRkey=0x85555 ctsFifoLkey=0x85555
a100-llm-05:3714944:3715047 [2] NCCL INFO NET/IB: IbDev 3 Port 1 qpn 563 query_ece={supported=1, vendor_id=0x15b3, options=0x30000000, comp_mask=0x0}
a100-llm-05:3714944:3715047 [2] NCCL INFO NET/IB: NCCL Dev 10 IbDev 4 Port 1 qpn 307 mtu 5 GID 3 (0/422613C6FFFF0000) ctsFifoRkey=0x4c281 ctsFifoLkey=0x4c281
a100-llm-05:3714944:3715047 [2] NCCL INFO NET/IB: IbDev 4 Port 1 qpn 307 query_ece={supported=1, vendor_id=0x15b3, options=0x30000000, comp_mask=0x0}
a100-llm-05:3714944:3715039 [3] NCCL INFO NET/IB: NCCL Dev 10 IbDev 4 Port 1 qpn 306 mtu 5 GID 3 (0/422613C6FFFF0000) ctsFifoRkey=0x4b675 ctsFifoLkey=0x4b675
a100-llm-05:3714944:3715039 [3] NCCL INFO NET/IB: IbDev 4 Port 1 qpn 306 query_ece={supported=1, vendor_id=0x15b3, options=0x30000000, comp_mask=0x0}
a100-llm-05:3714944:3715051 [5] NCCL INFO NET/IB: NCCL Dev 11 IbDev 5 Port 1 qpn 557 mtu 5 GID 3 (0/520113C6FFFF0000) ctsFifoRkey=0x84040 ctsFifoLkey=0x84040
a100-llm-05:3714944:3715051 [5] NCCL INFO NET/IB: IbDev 5 Port 1 qpn 557 query_ece={supported=1, vendor_id=0x15b3, options=0x30000000, comp_mask=0x0}
a100-llm-05:3714944:3715051 [5] NCCL INFO NET/IB: NCCL Dev 11 IbDev 6 Port 1 qpn 301 mtu 5 GID 3 (0/B90713C6FFFF0000) ctsFifoRkey=0x47837 ctsFifoLkey=0x47837
a100-llm-05:3714944:3715051 [5] NCCL INFO NET/IB: IbDev 6 Port 1 qpn 301 query_ece={supported=1, vendor_id=0x15b3, options=0x30000000, comp_mask=0x0}
a100-llm-05:3714944:3715049 [4] NCCL INFO NET/IB: NCCL Dev 11 IbDev 5 Port 1 qpn 559 mtu 5 GID 3 (0/520113C6FFFF0000) ctsFifoRkey=0x85957 ctsFifoLkey=0x85957
a100-llm-05:3714944:3715049 [4] NCCL INFO NET/IB: IbDev 5 Port 1 qpn 559 query_ece={supported=1, vendor_id=0x15b3, options=0x30000000, comp_mask=0x0}
a100-llm-05:3714944:3715049 [4] NCCL INFO NET/IB: NCCL Dev 11 IbDev 6 Port 1 qpn 303 mtu 5 GID 3 (0/B90713C6FFFF0000) ctsFifoRkey=0x48f4e ctsFifoLkey=0x48f4e
a100-llm-05:3714944:3715049 [4] NCCL INFO NET/IB: IbDev 6 Port 1 qpn 303 query_ece={supported=1, vendor_id=0x15b3, options=0x30000000, comp_mask=0x0}
a100-llm-05:3714944:3715039 [3] NCCL INFO NET/IB: IbDev 3 Port 1 qpn 560 set_ece={supported=1, vendor_id=0x15b3, options=0x30000000, comp_mask=0x0}
a100-llm-05:3714944:3715047 [2] NCCL INFO NET/IB: IbDev 3 Port 1 qpn 563 set_ece={supported=1, vendor_id=0x15b3, options=0x30000000, comp_mask=0x0}
a100-llm-05:3714944:3715039 [3] NCCL INFO NET/IB: IbDev 4 Port 1 qpn 304 set_ece={supported=1, vendor_id=0x15b3, options=0x30000000, comp_mask=0x0}
a100-llm-05:3714944:3715047 [2] NCCL INFO NET/IB: IbDev 4 Port 1 qpn 307 set_ece={supported=1, vendor_id=0x15b3, options=0x30000000, comp_mask=0x0}
a100-llm-05:3714944:3715049 [4] NCCL INFO NET/IB: NCCL Dev 11 IbDev 5 Port 1 qpn 562 mtu 5 GID 3 (0/520113C6FFFF0000) ctsFifoRkey=0x87674 ctsFifoLkey=0x87674
a100-llm-05:3714944:3715049 [4] NCCL INFO NET/IB: IbDev 5 Port 1 qpn 562 query_ece={supported=1, vendor_id=0x15b3, options=0x30000000, comp_mask=0x0}
a100-llm-05:3714944:3715049 [4] NCCL INFO NET/IB: NCCL Dev 11 IbDev 6 Port 1 qpn 306 mtu 5 GID 3 (0/B90713C6FFFF0000) ctsFifoRkey=0x4a766 ctsFifoLkey=0x4a766
a100-llm-05:3714944:3715049 [4] NCCL INFO NET/IB: IbDev 6 Port 1 qpn 306 query_ece={supported=1, vendor_id=0x15b3, options=0x30000000, comp_mask=0x0}
a100-llm-05:3714944:3715051 [5] NCCL INFO NET/IB: IbDev 5 Port 1 qpn 557 set_ece={supported=1, vendor_id=0x15b3, options=0x30000000, comp_mask=0x0}
a100-llm-05:3714944:3715051 [5] NCCL INFO NET/IB: IbDev 6 Port 1 qpn 301 set_ece={supported=1, vendor_id=0x15b3, options=0x30000000, comp_mask=0x0}
a100-llm-05:3714944:3715049 [4] NCCL INFO NET/IB: IbDev 5 Port 1 qpn 559 set_ece={supported=1, vendor_id=0x15b3, options=0x30000000, comp_mask=0x0}
a100-llm-05:3714944:3715049 [4] NCCL INFO NET/IB: IbDev 6 Port 1 qpn 303 set_ece={supported=1, vendor_id=0x15b3, options=0x30000000, comp_mask=0x0}
a100-llm-05:3714944:3715039 [3] NCCL INFO NET/IB: IbDev 3 Port 1 qpn 562 set_ece={supported=1, vendor_id=0x15b3, options=0x30000000, comp_mask=0x0}
a100-llm-05:3714944:3715039 [3] NCCL INFO NET/IB: IbDev 4 Port 1 qpn 306 set_ece={supported=1, vendor_id=0x15b3, options=0x30000000, comp_mask=0x0}
a100-llm-05:3714944:3715047 [2] NCCL INFO NET/IB: IbDev 3 Port 1 qpn 561 set_ece={supported=1, vendor_id=0x15b3, options=0x30000000, comp_mask=0x0}
a100-llm-05:3714944:3715047 [2] NCCL INFO NET/IB: IbDev 4 Port 1 qpn 305 set_ece={supported=1, vendor_id=0x15b3, options=0x30000000, comp_mask=0x0}
a100-llm-05:3714944:3715049 [4] NCCL INFO NET/IB: IbDev 5 Port 1 qpn 562 set_ece={supported=1, vendor_id=0x15b3, options=0x30000000, comp_mask=0x0}
a100-llm-05:3714944:3715049 [4] NCCL INFO NET/IB: IbDev 6 Port 1 qpn 306 set_ece={supported=1, vendor_id=0x15b3, options=0x30000000, comp_mask=0x0}
a100-llm-05:3714944:3715051 [5] NCCL INFO NET/IB: NCCL Dev 11 IbDev 5 Port 1 qpn 567 mtu 5 GID 3 (0/520113C6FFFF0000) ctsFifoRkey=0x89897 ctsFifoLkey=0x89897
a100-llm-05:3714944:3715051 [5] NCCL INFO NET/IB: IbDev 5 Port 1 qpn 567 query_ece={supported=1, vendor_id=0x15b3, options=0x30000000, comp_mask=0x0}
a100-llm-05:3714944:3715051 [5] NCCL INFO NET/IB: NCCL Dev 11 IbDev 6 Port 1 qpn 311 mtu 5 GID 3 (0/B90713C6FFFF0000) ctsFifoRkey=0x4c483 ctsFifoLkey=0x4c483
a100-llm-05:3714944:3715051 [5] NCCL INFO NET/IB: IbDev 6 Port 1 qpn 311 query_ece={supported=1, vendor_id=0x15b3, options=0x30000000, comp_mask=0x0}
a100-llm-05:3714944:3715051 [5] NCCL INFO NET/IB: IbDev 5 Port 1 qpn 567 set_ece={supported=1, vendor_id=0x15b3, options=0x30000000, comp_mask=0x0}
a100-llm-05:3714944:3715051 [5] NCCL INFO NET/IB: IbDev 6 Port 1 qpn 311 set_ece={supported=1, vendor_id=0x15b3, options=0x30000000, comp_mask=0x0}
[AIMD] FinalizeChunkRTT: cc=0x7f61cc001000 slot=0 inflight_before=1
[AIMD] FinalizeChunkRTT: cc=0x7f61d4001000 slot=659 inflight_before=2
warmup done.
[AIMD] FinalizeChunkRTT: cc=0x7f61d4001000 slot=391 inflight_before=8
[AIMD] FinalizeChunkRTT: cc=0x7f61b0001000 slot=66 inflight_before=5
a100-llm-05:3714944:3715032 [0] NCCL INFO V2MIN: pressure=1.000 (fast=0.098 slow=0.001 dev=0.0963) state=SHRINK window=204 floor=204 high=3065 low=0 ncc=16
[AIMD] FinalizeChunkRTT: cc=0x7f61b0001000 slot=780 inflight_before=5
[AIMD] FinalizeChunkRTT: cc=0x7f61d4001000 slot=344 inflight_before=1
[AIMD] FinalizeChunkRTT: cc=0x7f61c8006de0 slot=929 inflight_before=3
[AIMD] FinalizeChunkRTT: cc=0x7f61d4017320 slot=581 inflight_before=2
[AIMD] FinalizeChunkRTT: cc=0x7f61d4001000 slot=187 inflight_before=2
a100-llm-05:3714944:3715032 [0] NCCL INFO V2MIN: pressure=1.000 (fast=0.071 slow=0.001 dev=0.0694) state=SHRINK window=204 floor=204 high=7788 low=0 ncc=16
[AIMD] FinalizeChunkRTT: cc=0x7f61c4001000 slot=676 inflight_before=1
[AIMD] FinalizeChunkRTT: cc=0x7f61cc001000 slot=20 inflight_before=4
[AIMD] FinalizeChunkRTT: cc=0x7f61b8001000 slot=393 inflight_before=1
[AIMD] FinalizeChunkRTT: cc=0x7f61bc0659a0 slot=912 inflight_before=1
[AIMD] FinalizeChunkRTT: cc=0x7f61b8001000 slot=476 inflight_before=1
a100-llm-05:3714944:3715032 [0] NCCL INFO V2MIN: pressure=1.000 (fast=0.095 slow=0.001 dev=0.0936) state=SHRINK window=204 floor=204 high=12486 low=0 ncc=16
[AIMD] FinalizeChunkRTT: cc=0x7f61c8006de0 slot=26 inflight_before=1
[AIMD] FinalizeChunkRTT: cc=0x7f61d4001000 slot=306 inflight_before=1
[AIMD] FinalizeChunkRTT: cc=0x7f61bc0659a0 slot=765 inflight_before=3
[AIMD] FinalizeChunkRTT: cc=0x7f61c4001000 slot=108 inflight_before=1
[AIMD] FinalizeChunkRTT: cc=0x7f61b0001000 slot=558 inflight_before=3
a100-llm-05:3714944:3715032 [0] NCCL INFO V2MIN: pressure=1.000 (fast=0.170 slow=0.001 dev=0.1688) state=SHRINK window=204 floor=204 high=17208 low=0 ncc=16
[AIMD] FinalizeChunkRTT: cc=0x7f61c0001000 slot=151 inflight_before=8
[AIMD] FinalizeChunkRTT: cc=0x7f61b0001000 slot=636 inflight_before=1
[AIMD] FinalizeChunkRTT: cc=0x7f61bc0659a0 slot=52 inflight_before=1
[AIMD] FinalizeChunkRTT: cc=0x7f61c4001000 slot=538 inflight_before=1
[AIMD] FinalizeChunkRTT: cc=0x7f61c4001000 slot=1000 inflight_before=1
a100-llm-05:3714944:3715032 [0] NCCL INFO V2MIN: pressure=1.000 (fast=0.066 slow=0.001 dev=0.0644) state=SHRINK window=204 floor=204 high=21922 low=0 ncc=16
[AIMD] FinalizeChunkRTT: cc=0x7f61cc001000 slot=382 inflight_before=1
[AIMD] FinalizeChunkRTT: cc=0x7f61cc001000 slot=845 inflight_before=1
[AIMD] FinalizeChunkRTT: cc=0x7f61c4001000 slot=324 inflight_before=1
[AIMD] FinalizeChunkRTT: cc=0x7f61c4001000 slot=828 inflight_before=1
[AIMD] FinalizeChunkRTT: cc=0x7f61cc001000 slot=249 inflight_before=3
CSV written to: timeline_p0_run3/bench_latency_20260416_123221.csv

========================================
  Oracle Experiment Results
========================================
Config: nDev=8  count=1048576  data=4.19 MB  iters=1000
NCCL_AIMD_ENABLE=1  NCCL_CC_ORACLE_FACTOR=(unset)

Wall-clock latency (us):
  mean= 27202.8  stddev= 12359.0
  p50 = 24678.0  p99   = 64417.2  max=110025.7

Collective max GPU latency (us):
  mean= 26367.1  stddev= 12047.0
  p50 = 23749.6  p99   = 63581.4  max=107828.2

Rank skew (us):
  mean=  6185.0  stddev=  5447.7
  p50 =  3924.0  p99   = 23729.3  max= 27724.8

Avg algo bandwidth: 0.27 GB/s
========================================

a100-llm-05:3714944:3715032 [0] NCCL INFO V2MIN: pressure=1.000 (fast=0.046 slow=0.001 dev=0.0442) state=SHRINK window=204 floor=204 high=26644 low=0 ncc=16
