a100-llm-05:3919800:3919952 [2] NCCL INFO Connected to proxy localRank 0 -> connection 0x7f2ea7825938
a100-llm-05:3919800:3919952 [2] NCCL INFO Channel 01/0 : 1[1] -> 2[2] [receive] via NET/IB/10/GDRDMA
a100-llm-05:3919800:3919952 [2] NCCL INFO GPU Direct RDMA Enabled for GPU/0-1028176 (rank 2) - NET/0-10 (distance 5 <= 6, read 1, mode Default)
a100-llm-05:3919800:3919935 [2] NCCL INFO New proxy send connection 2 from local rank 0, transport 2
a100-llm-05:3919800:3919952 [2] NCCL INFO Connected to proxy localRank 0 -> connection 0x7f2ea78259b0
a100-llm-05:3919800:3919952 [2] NCCL INFO Channel 00/0 : 2[2] -> 3[3] [send] via NET/IB/10/GDRDMA
a100-llm-05:3919800:3919952 [2] NCCL INFO GPU Direct RDMA Enabled for GPU/0-1028176 (rank 2) - NET/0-10 (distance 5 <= 6, read 1, mode Default)
a100-llm-05:3919800:3919935 [2] NCCL INFO New proxy send connection 3 from local rank 0, transport 2
a100-llm-05:3919800:3919952 [2] NCCL INFO Connected to proxy localRank 0 -> connection 0x7f2ea7825a28
a100-llm-05:3919800:3919952 [2] NCCL INFO Channel 01/0 : 2[2] -> 3[3] [send] via NET/IB/10/GDRDMA
a100-llm-05:3919800:3919938 [4] NCCL INFO New proxy recv connection 0 from local rank 0, transport 2
a100-llm-05:3919800:3919931 [1] NCCL INFO New proxy recv connection 0 from local rank 0, transport 2
a100-llm-05:3919800:3919950 [4] NCCL INFO Connected to proxy localRank 0 -> connection 0x7f2d60000d10
a100-llm-05:3919800:3919953 [1] NCCL INFO Connected to proxy localRank 0 -> connection 0x7f2d68000d10
a100-llm-05:3919800:3919950 [4] NCCL INFO Channel 00/0 : 3[3] -> 4[4] [receive] via NET/IB/11/GDRDMA
a100-llm-05:3919800:3919950 [4] NCCL INFO GPU Direct RDMA Enabled for GPU/0-1036368 (rank 4) - NET/0-11 (distance 5 <= 6, read 0, mode Default)
a100-llm-05:3919800:3919953 [1] NCCL INFO Channel 00/0 : 0[0] -> 1[1] [receive] via NET/IB/9/GDRDMA
a100-llm-05:3919800:3919953 [1] NCCL INFO GPU Direct RDMA Enabled for GPU/0-1020000 (rank 1) - NET/0-9 (distance 5 <= 6, read 0, mode Default)
a100-llm-05:3919800:3919941 [6] NCCL INFO New proxy recv connection 0 from local rank 0, transport 2
a100-llm-05:3919800:3919938 [4] NCCL INFO New proxy recv connection 1 from local rank 0, transport 2
a100-llm-05:3919800:3919950 [4] NCCL INFO Connected to proxy localRank 0 -> connection 0x7f2d60000d88
a100-llm-05:3919800:3919950 [4] NCCL INFO Channel 01/0 : 3[3] -> 4[4] [receive] via NET/IB/11/GDRDMA
a100-llm-05:3919800:3919950 [4] NCCL INFO GPU Direct RDMA Enabled for GPU/0-1036368 (rank 4) - NET/0-11 (distance 5 <= 6, read 1, mode Default)
a100-llm-05:3919800:3919938 [4] NCCL INFO New proxy send connection 2 from local rank 0, transport 2
a100-llm-05:3919800:3919950 [4] NCCL INFO Connected to proxy localRank 0 -> connection 0x7f2d60000e00
a100-llm-05:3919800:3919942 [7] NCCL INFO New proxy recv connection 0 from local rank 0, transport 2
a100-llm-05:3919800:3919937 [3] NCCL INFO New proxy recv connection 0 from local rank 0, transport 2
a100-llm-05:3919800:3919951 [3] NCCL INFO Connected to proxy localRank 0 -> connection 0x7f2d54000d10
a100-llm-05:3919800:3919951 [3] NCCL INFO Channel 00/0 : 2[2] -> 3[3] [receive] via NET/IB/10/GDRDMA
a100-llm-05:3919800:3919951 [3] NCCL INFO GPU Direct RDMA Enabled for GPU/0-1028192 (rank 3) - NET/0-10 (distance 5 <= 6, read 0, mode Default)
a100-llm-05:3919800:3919937 [3] NCCL INFO New proxy recv connection 1 from local rank 0, transport 2
a100-llm-05:3919800:3919951 [3] NCCL INFO Connected to proxy localRank 0 -> connection 0x7f2d54000d88
a100-llm-05:3919800:3919951 [3] NCCL INFO Channel 01/0 : 2[2] -> 3[3] [receive] via NET/IB/10/GDRDMA
a100-llm-05:3919800:3919951 [3] NCCL INFO GPU Direct RDMA Enabled for GPU/0-1028192 (rank 3) - NET/0-10 (distance 5 <= 6, read 1, mode Default)
a100-llm-05:3919800:3919937 [3] NCCL INFO New proxy send connection 2 from local rank 0, transport 2
a100-llm-05:3919800:3919951 [3] NCCL INFO Connected to proxy localRank 0 -> connection 0x7f2d54000e00
a100-llm-05:3919800:3919951 [3] NCCL INFO Channel 00/0 : 3[3] -> 4[4] [send] via NET/IB/10/GDRDMA
a100-llm-05:3919800:3919951 [3] NCCL INFO GPU Direct RDMA Enabled for GPU/0-1028192 (rank 3) - NET/0-10 (distance 5 <= 6, read 1, mode Default)
a100-llm-05:3919800:3919948 [6] NCCL INFO Connected to proxy localRank 0 -> connection 0x7f2d44000d10
a100-llm-05:3919800:3919932 [0] NCCL INFO New proxy recv connection 0 from local rank 0, transport 2
a100-llm-05:3919800:3919954 [0] NCCL INFO Connected to proxy localRank 0 -> connection 0x7f2e9bfc0fb0
a100-llm-05:3919800:3919947 [7] NCCL INFO Connected to proxy localRank 0 -> connection 0x7f2d3c009e10
a100-llm-05:3919800:3919948 [6] NCCL INFO Channel 00/0 : 5[5] -> 6[6] [receive] via NET/IB/12/GDRDMA
a100-llm-05:3919800:3919948 [6] NCCL INFO GPU Direct RDMA Enabled for GPU/0-1044560 (rank 6) - NET/0-12 (distance 5 <= 6, read 0, mode Default)
a100-llm-05:3919800:3919941 [6] NCCL INFO New proxy recv connection 1 from local rank 0, transport 2
a100-llm-05:3919800:3919948 [6] NCCL INFO Connected to proxy localRank 0 -> connection 0x7f2d44000d88
a100-llm-05:3919800:3919948 [6] NCCL INFO Channel 01/0 : 5[5] -> 6[6] [receive] via NET/IB/12/GDRDMA
a100-llm-05:3919800:3919948 [6] NCCL INFO GPU Direct RDMA Enabled for GPU/0-1044560 (rank 6) - NET/0-12 (distance 5 <= 6, read 1, mode Default)
a100-llm-05:3919800:3919941 [6] NCCL INFO New proxy send connection 2 from local rank 0, transport 2
a100-llm-05:3919800:3919948 [6] NCCL INFO Connected to proxy localRank 0 -> connection 0x7f2d44000e00
a100-llm-05:3919800:3919948 [6] NCCL INFO Channel 00/0 : 6[6] -> 7[7] [send] via NET/IB/12/GDRDMA
a100-llm-05:3919800:3919948 [6] NCCL INFO GPU Direct RDMA Enabled for GPU/0-1044560 (rank 6) - NET/0-12 (distance 5 <= 6, read 1, mode Default)
a100-llm-05:3919800:3919941 [6] NCCL INFO New proxy send connection 3 from local rank 0, transport 2
a100-llm-05:3919800:3919948 [6] NCCL INFO Connected to proxy localRank 0 -> connection 0x7f2d44000e78
a100-llm-05:3919800:3919948 [6] NCCL INFO Channel 01/0 : 6[6] -> 7[7] [send] via NET/IB/12/GDRDMA
a100-llm-05:3919800:3919937 [3] NCCL INFO New proxy send connection 3 from local rank 0, transport 2
a100-llm-05:3919800:3919950 [4] NCCL INFO Channel 00/0 : 4[4] -> 5[5] [send] via NET/IB/11/GDRDMA
a100-llm-05:3919800:3919950 [4] NCCL INFO GPU Direct RDMA Enabled for GPU/0-1036368 (rank 4) - NET/0-11 (distance 5 <= 6, read 1, mode Default)
a100-llm-05:3919800:3919943 [5] NCCL INFO New proxy recv connection 0 from local rank 0, transport 2
a100-llm-05:3919800:3919931 [1] NCCL INFO New proxy recv connection 1 from local rank 0, transport 2
a100-llm-05:3919800:3919954 [0] NCCL INFO Channel 00/0 : 7[7] -> 0[0] [receive] via NET/IB/9/GDRDMA
a100-llm-05:3919800:3919954 [0] NCCL INFO GPU Direct RDMA Enabled for GPU/0-1019984 (rank 0) - NET/0-9 (distance 5 <= 6, read 0, mode Default)
a100-llm-05:3919800:3919949 [5] NCCL INFO Connected to proxy localRank 0 -> connection 0x7f2d48000d10
a100-llm-05:3919800:3919947 [7] NCCL INFO Channel 00/0 : 6[6] -> 7[7] [receive] via NET/IB/12/GDRDMA
a100-llm-05:3919800:3919947 [7] NCCL INFO GPU Direct RDMA Enabled for GPU/0-1044576 (rank 7) - NET/0-12 (distance 5 <= 6, read 0, mode Default)
a100-llm-05:3919800:3919951 [3] NCCL INFO Connected to proxy localRank 0 -> connection 0x7f2d54000e78
a100-llm-05:3919800:3919932 [0] NCCL INFO New proxy recv connection 1 from local rank 0, transport 2
a100-llm-05:3919800:3919953 [1] NCCL INFO Connected to proxy localRank 0 -> connection 0x7f2d68000d88
a100-llm-05:3919800:3919942 [7] NCCL INFO New proxy recv connection 1 from local rank 0, transport 2
a100-llm-05:3919800:3919947 [7] NCCL INFO Connected to proxy localRank 0 -> connection 0x7f2d3c009e88
a100-llm-05:3919800:3919938 [4] NCCL INFO New proxy send connection 3 from local rank 0, transport 2
a100-llm-05:3919800:3919954 [0] NCCL INFO Connected to proxy localRank 0 -> connection 0x7f2e9bfc1028
a100-llm-05:3919800:3919950 [4] NCCL INFO Connected to proxy localRank 0 -> connection 0x7f2d60000e78
a100-llm-05:3919800:3919951 [3] NCCL INFO Channel 01/0 : 3[3] -> 4[4] [send] via NET/IB/10/GDRDMA
a100-llm-05:3919800:3919949 [5] NCCL INFO Channel 00/0 : 4[4] -> 5[5] [receive] via NET/IB/11/GDRDMA
a100-llm-05:3919800:3919949 [5] NCCL INFO GPU Direct RDMA Enabled for GPU/0-1036384 (rank 5) - NET/0-11 (distance 5 <= 6, read 0, mode Default)
a100-llm-05:3919800:3919943 [5] NCCL INFO New proxy recv connection 1 from local rank 0, transport 2
a100-llm-05:3919800:3919949 [5] NCCL INFO Connected to proxy localRank 0 -> connection 0x7f2d48000d88
a100-llm-05:3919800:3919949 [5] NCCL INFO Channel 01/0 : 4[4] -> 5[5] [receive] via NET/IB/11/GDRDMA
a100-llm-05:3919800:3919949 [5] NCCL INFO GPU Direct RDMA Enabled for GPU/0-1036384 (rank 5) - NET/0-11 (distance 5 <= 6, read 1, mode Default)
a100-llm-05:3919800:3919943 [5] NCCL INFO New proxy send connection 2 from local rank 0, transport 2
a100-llm-05:3919800:3919949 [5] NCCL INFO Connected to proxy localRank 0 -> connection 0x7f2d48000e00
a100-llm-05:3919800:3919949 [5] NCCL INFO Channel 00/0 : 5[5] -> 6[6] [send] via NET/IB/11/GDRDMA
a100-llm-05:3919800:3919949 [5] NCCL INFO GPU Direct RDMA Enabled for GPU/0-1036384 (rank 5) - NET/0-11 (distance 5 <= 6, read 1, mode Default)
a100-llm-05:3919800:3919943 [5] NCCL INFO New proxy send connection 3 from local rank 0, transport 2
a100-llm-05:3919800:3919949 [5] NCCL INFO Connected to proxy localRank 0 -> connection 0x7f2d48000e78
a100-llm-05:3919800:3919949 [5] NCCL INFO Channel 01/0 : 5[5] -> 6[6] [send] via NET/IB/11/GDRDMA
a100-llm-05:3919800:3919954 [0] NCCL INFO Channel 01/0 : 7[7] -> 0[0] [receive] via NET/IB/9/GDRDMA
a100-llm-05:3919800:3919947 [7] NCCL INFO Channel 01/0 : 6[6] -> 7[7] [receive] via NET/IB/12/GDRDMA
a100-llm-05:3919800:3919954 [0] NCCL INFO GPU Direct RDMA Enabled for GPU/0-1019984 (rank 0) - NET/0-9 (distance 5 <= 6, read 1, mode Default)
a100-llm-05:3919800:3919947 [7] NCCL INFO GPU Direct RDMA Enabled for GPU/0-1044576 (rank 7) - NET/0-12 (distance 5 <= 6, read 1, mode Default)
a100-llm-05:3919800:3919942 [7] NCCL INFO New proxy send connection 2 from local rank 0, transport 2
a100-llm-05:3919800:3919932 [0] NCCL INFO New proxy send connection 2 from local rank 0, transport 2
a100-llm-05:3919800:3919947 [7] NCCL INFO Connected to proxy localRank 0 -> connection 0x7f2d3c009f00
a100-llm-05:3919800:3919954 [0] NCCL INFO Connected to proxy localRank 0 -> connection 0x7f2e9bfc10a0
a100-llm-05:3919800:3919950 [4] NCCL INFO Channel 01/0 : 4[4] -> 5[5] [send] via NET/IB/11/GDRDMA
a100-llm-05:3919800:3919953 [1] NCCL INFO Channel 01/0 : 0[0] -> 1[1] [receive] via NET/IB/9/GDRDMA
a100-llm-05:3919800:3919953 [1] NCCL INFO GPU Direct RDMA Enabled for GPU/0-1020000 (rank 1) - NET/0-9 (distance 5 <= 6, read 1, mode Default)
a100-llm-05:3919800:3919931 [1] NCCL INFO New proxy send connection 2 from local rank 0, transport 2
a100-llm-05:3919800:3919953 [1] NCCL INFO Connected to proxy localRank 0 -> connection 0x7f2d68000e00
a100-llm-05:3919800:3919947 [7] NCCL INFO Channel 00/0 : 7[7] -> 0[0] [send] via NET/IB/12/GDRDMA
a100-llm-05:3919800:3919947 [7] NCCL INFO GPU Direct RDMA Enabled for GPU/0-1044576 (rank 7) - NET/0-12 (distance 5 <= 6, read 1, mode Default)
a100-llm-05:3919800:3919954 [0] NCCL INFO Channel 00/0 : 0[0] -> 1[1] [send] via NET/IB/9/GDRDMA
a100-llm-05:3919800:3919954 [0] NCCL INFO GPU Direct RDMA Enabled for GPU/0-1019984 (rank 0) - NET/0-9 (distance 5 <= 6, read 1, mode Default)
a100-llm-05:3919800:3919932 [0] NCCL INFO New proxy send connection 3 from local rank 0, transport 2
a100-llm-05:3919800:3919954 [0] NCCL INFO Connected to proxy localRank 0 -> connection 0x7f2e9bfc1118
a100-llm-05:3919800:3919954 [0] NCCL INFO Channel 01/0 : 0[0] -> 1[1] [send] via NET/IB/9/GDRDMA
a100-llm-05:3919800:3919953 [1] NCCL INFO Channel 00/0 : 1[1] -> 2[2] [send] via NET/IB/9/GDRDMA
a100-llm-05:3919800:3919953 [1] NCCL INFO GPU Direct RDMA Enabled for GPU/0-1020000 (rank 1) - NET/0-9 (distance 5 <= 6, read 1, mode Default)
a100-llm-05:3919800:3919931 [1] NCCL INFO New proxy send connection 3 from local rank 0, transport 2
a100-llm-05:3919800:3919938 [4] NCCL INFO NET/IB: NCCL Dev 11 IbDev 5 Port 1 qpn 1036 mtu 5 GID 3 (0/520113C6FFFF0000) ctsFifoRkey=0x172a29 ctsFifoLkey=0x172a29
a100-llm-05:3919800:3919938 [4] NCCL INFO NET/IB: IbDev 5 Port 1 qpn 1036 query_ece={supported=1, vendor_id=0x15b3, options=0x30000000, comp_mask=0x0}
a100-llm-05:3919800:3919938 [4] NCCL INFO NET/IB: NCCL Dev 11 IbDev 6 Port 1 qpn 780 mtu 5 GID 3 (0/B90713C6FFFF0000) ctsFifoRkey=0x136f33 ctsFifoLkey=0x136f33
a100-llm-05:3919800:3919938 [4] NCCL INFO NET/IB: IbDev 6 Port 1 qpn 780 query_ece={supported=1, vendor_id=0x15b3, options=0x30000000, comp_mask=0x0}
a100-llm-05:3919800:3919937 [3] NCCL INFO NET/IB: NCCL Dev 10 IbDev 3 Port 1 qpn 1036 mtu 5 GID 3 (0/220D13C6FFFF0000) ctsFifoRkey=0x171615 ctsFifoLkey=0x171615
a100-llm-05:3919800:3919937 [3] NCCL INFO NET/IB: IbDev 3 Port 1 qpn 1036 query_ece={supported=1, vendor_id=0x15b3, options=0x30000000, comp_mask=0x0}
a100-llm-05:3919800:3919942 [7] NCCL INFO New proxy send connection 3 from local rank 0, transport 2
a100-llm-05:3919800:3919947 [7] NCCL INFO Connected to proxy localRank 0 -> connection 0x7f2d3c009f78
a100-llm-05:3919800:3919937 [3] NCCL INFO NET/IB: NCCL Dev 10 IbDev 4 Port 1 qpn 780 mtu 5 GID 3 (0/422613C6FFFF0000) ctsFifoRkey=0x13bc7a ctsFifoLkey=0x13bc7a
a100-llm-05:3919800:3919937 [3] NCCL INFO NET/IB: IbDev 4 Port 1 qpn 780 query_ece={supported=1, vendor_id=0x15b3, options=0x30000000, comp_mask=0x0}
a100-llm-05:3919800:3919938 [4] NCCL INFO NET/IB: NCCL Dev 11 IbDev 5 Port 1 qpn 1037 mtu 5 GID 3 (0/520113C6FFFF0000) ctsFifoRkey=0x173735 ctsFifoLkey=0x173735
a100-llm-05:3919800:3919938 [4] NCCL INFO NET/IB: IbDev 5 Port 1 qpn 1037 query_ece={supported=1, vendor_id=0x15b3, options=0x30000000, comp_mask=0x0}
a100-llm-05:3919800:3919938 [4] NCCL INFO NET/IB: NCCL Dev 11 IbDev 6 Port 1 qpn 781 mtu 5 GID 3 (0/B90713C6FFFF0000) ctsFifoRkey=0x137b3b ctsFifoLkey=0x137b3b
a100-llm-05:3919800:3919938 [4] NCCL INFO NET/IB: IbDev 6 Port 1 qpn 781 query_ece={supported=1, vendor_id=0x15b3, options=0x30000000, comp_mask=0x0}
a100-llm-05:3919800:3919937 [3] NCCL INFO NET/IB: NCCL Dev 10 IbDev 3 Port 1 qpn 1037 mtu 5 GID 3 (0/220D13C6FFFF0000) ctsFifoRkey=0x172221 ctsFifoLkey=0x172221
a100-llm-05:3919800:3919937 [3] NCCL INFO NET/IB: IbDev 3 Port 1 qpn 1037 query_ece={supported=1, vendor_id=0x15b3, options=0x30000000, comp_mask=0x0}
a100-llm-05:3919800:3919937 [3] NCCL INFO NET/IB: NCCL Dev 10 IbDev 4 Port 1 qpn 781 mtu 5 GID 3 (0/422613C6FFFF0000) ctsFifoRkey=0x13c987 ctsFifoLkey=0x13c987
a100-llm-05:3919800:3919937 [3] NCCL INFO NET/IB: IbDev 4 Port 1 qpn 781 query_ece={supported=1, vendor_id=0x15b3, options=0x30000000, comp_mask=0x0}
a100-llm-05:3919800:3919937 [3] NCCL INFO NET/IB: IbDev 3 Port 1 qpn 1036 set_ece={supported=1, vendor_id=0x15b3, options=0x30000000, comp_mask=0x0}
a100-llm-05:3919800:3919937 [3] NCCL INFO NET/IB: IbDev 4 Port 1 qpn 780 set_ece={supported=1, vendor_id=0x15b3, options=0x30000000, comp_mask=0x0}
a100-llm-05:3919800:3919947 [7] NCCL INFO Channel 01/0 : 7[7] -> 0[0] [send] via NET/IB/12/GDRDMA
a100-llm-05:3919800:3919937 [3] NCCL INFO NET/IB: IbDev 3 Port 1 qpn 1037 set_ece={supported=1, vendor_id=0x15b3, options=0x30000000, comp_mask=0x0}
a100-llm-05:3919800:3919953 [1] NCCL INFO Connected to proxy localRank 0 -> connection 0x7f2d68000e78
a100-llm-05:3919800:3919938 [4] NCCL INFO NET/IB: IbDev 5 Port 1 qpn 1036 set_ece={supported=1, vendor_id=0x15b3, options=0x30000000, comp_mask=0x0}
a100-llm-05:3919800:3919937 [3] NCCL INFO NET/IB: IbDev 4 Port 1 qpn 781 set_ece={supported=1, vendor_id=0x15b3, options=0x30000000, comp_mask=0x0}
a100-llm-05:3919800:3919938 [4] NCCL INFO NET/IB: IbDev 6 Port 1 qpn 780 set_ece={supported=1, vendor_id=0x15b3, options=0x30000000, comp_mask=0x0}
a100-llm-05:3919800:3919938 [4] NCCL INFO NET/IB: IbDev 5 Port 1 qpn 1037 set_ece={supported=1, vendor_id=0x15b3, options=0x30000000, comp_mask=0x0}
a100-llm-05:3919800:3919938 [4] NCCL INFO NET/IB: IbDev 6 Port 1 qpn 781 set_ece={supported=1, vendor_id=0x15b3, options=0x30000000, comp_mask=0x0}
a100-llm-05:3919800:3919943 [5] NCCL INFO NET/IB: NCCL Dev 11 IbDev 5 Port 1 qpn 1046 mtu 5 GID 3 (0/520113C6FFFF0000) ctsFifoRkey=0x177572 ctsFifoLkey=0x177572
a100-llm-05:3919800:3919943 [5] NCCL INFO NET/IB: IbDev 5 Port 1 qpn 1046 query_ece={supported=1, vendor_id=0x15b3, options=0x30000000, comp_mask=0x0}
a100-llm-05:3919800:3919943 [5] NCCL INFO NET/IB: NCCL Dev 11 IbDev 6 Port 1 qpn 790 mtu 5 GID 3 (0/B90713C6FFFF0000) ctsFifoRkey=0x13b674 ctsFifoLkey=0x13b674
a100-llm-05:3919800:3919943 [5] NCCL INFO NET/IB: IbDev 6 Port 1 qpn 790 query_ece={supported=1, vendor_id=0x15b3, options=0x30000000, comp_mask=0x0}
a100-llm-05:3919800:3919941 [6] NCCL INFO NET/IB: NCCL Dev 12 IbDev 7 Port 1 qpn 1036 mtu 5 GID 3 (0/4E5A13C6FFFF0000) ctsFifoRkey=0x16b6b5 ctsFifoLkey=0x16b6b5
a100-llm-05:3919800:3919941 [6] NCCL INFO NET/IB: IbDev 7 Port 1 qpn 1036 query_ece={supported=1, vendor_id=0x15b3, options=0x30000000, comp_mask=0x0}
a100-llm-05:3919800:3919941 [6] NCCL INFO NET/IB: NCCL Dev 12 IbDev 8 Port 1 qpn 780 mtu 5 GID 3 (0/57B013C6FFFF0000) ctsFifoRkey=0x1329e8 ctsFifoLkey=0x1329e8
a100-llm-05:3919800:3919941 [6] NCCL INFO NET/IB: IbDev 8 Port 1 qpn 780 query_ece={supported=1, vendor_id=0x15b3, options=0x30000000, comp_mask=0x0}
a100-llm-05:3919800:3919953 [1] NCCL INFO Channel 01/0 : 1[1] -> 2[2] [send] via NET/IB/9/GDRDMA
a100-llm-05:3919800:3919943 [5] NCCL INFO NET/IB: IbDev 5 Port 1 qpn 1046 set_ece={supported=1, vendor_id=0x15b3, options=0x30000000, comp_mask=0x0}
a100-llm-05:3919800:3919943 [5] NCCL INFO NET/IB: IbDev 6 Port 1 qpn 790 set_ece={supported=1, vendor_id=0x15b3, options=0x30000000, comp_mask=0x0}
a100-llm-05:3919800:3919941 [6] NCCL INFO NET/IB: NCCL Dev 12 IbDev 7 Port 1 qpn 1040 mtu 5 GID 3 (0/4E5A13C6FFFF0000) ctsFifoRkey=0x16cecd ctsFifoLkey=0x16cecd
a100-llm-05:3919800:3919941 [6] NCCL INFO NET/IB: IbDev 7 Port 1 qpn 1040 query_ece={supported=1, vendor_id=0x15b3, options=0x30000000, comp_mask=0x0}
a100-llm-05:3919800:3919941 [6] NCCL INFO NET/IB: NCCL Dev 12 IbDev 8 Port 1 qpn 783 mtu 5 GID 3 (0/57B013C6FFFF0000) ctsFifoRkey=0x134303 ctsFifoLkey=0x134303
a100-llm-05:3919800:3919941 [6] NCCL INFO NET/IB: IbDev 8 Port 1 qpn 783 query_ece={supported=1, vendor_id=0x15b3, options=0x30000000, comp_mask=0x0}
a100-llm-05:3919800:3919943 [5] NCCL INFO NET/IB: NCCL Dev 11 IbDev 5 Port 1 qpn 1047 mtu 5 GID 3 (0/520113C6FFFF0000) ctsFifoRkey=0x177f80 ctsFifoLkey=0x177f80
a100-llm-05:3919800:3919943 [5] NCCL INFO NET/IB: IbDev 5 Port 1 qpn 1047 query_ece={supported=1, vendor_id=0x15b3, options=0x30000000, comp_mask=0x0}
a100-llm-05:3919800:3919943 [5] NCCL INFO NET/IB: NCCL Dev 11 IbDev 6 Port 1 qpn 791 mtu 5 GID 3 (0/B90713C6FFFF0000) ctsFifoRkey=0x13c180 ctsFifoLkey=0x13c180
a100-llm-05:3919800:3919943 [5] NCCL INFO NET/IB: IbDev 6 Port 1 qpn 791 query_ece={supported=1, vendor_id=0x15b3, options=0x30000000, comp_mask=0x0}
a100-llm-05:3919800:3919941 [6] NCCL INFO NET/IB: IbDev 7 Port 1 qpn 1036 set_ece={supported=1, vendor_id=0x15b3, options=0x30000000, comp_mask=0x0}
a100-llm-05:3919800:3919941 [6] NCCL INFO NET/IB: IbDev 8 Port 1 qpn 780 set_ece={supported=1, vendor_id=0x15b3, options=0x30000000, comp_mask=0x0}
a100-llm-05:3919800:3919943 [5] NCCL INFO NET/IB: IbDev 5 Port 1 qpn 1047 set_ece={supported=1, vendor_id=0x15b3, options=0x30000000, comp_mask=0x0}
a100-llm-05:3919800:3919943 [5] NCCL INFO NET/IB: IbDev 6 Port 1 qpn 791 set_ece={supported=1, vendor_id=0x15b3, options=0x30000000, comp_mask=0x0}
a100-llm-05:3919800:3919942 [7] NCCL INFO NET/IB: NCCL Dev 12 IbDev 7 Port 1 qpn 1044 mtu 5 GID 3 (0/4E5A13C6FFFF0000) ctsFifoRkey=0x16f1f0 ctsFifoLkey=0x16f1f0
a100-llm-05:3919800:3919942 [7] NCCL INFO NET/IB: IbDev 7 Port 1 qpn 1044 query_ece={supported=1, vendor_id=0x15b3, options=0x30000000, comp_mask=0x0}
a100-llm-05:3919800:3919932 [0] NCCL INFO NET/IB: NCCL Dev 9 IbDev 1 Port 1 qpn 1036 mtu 5 GID 3 (0/F34413C6FFFF0000) ctsFifoRkey=0x173e3d ctsFifoLkey=0x173e3d
a100-llm-05:3919800:3919932 [0] NCCL INFO NET/IB: IbDev 1 Port 1 qpn 1036 query_ece={supported=1, vendor_id=0x15b3, options=0x30000000, comp_mask=0x0}
a100-llm-05:3919800:3919942 [7] NCCL INFO NET/IB: NCCL Dev 12 IbDev 8 Port 1 qpn 788 mtu 5 GID 3 (0/57B013C6FFFF0000) ctsFifoRkey=0x136b28 ctsFifoLkey=0x136b28
a100-llm-05:3919800:3919942 [7] NCCL INFO NET/IB: IbDev 8 Port 1 qpn 788 query_ece={supported=1, vendor_id=0x15b3, options=0x30000000, comp_mask=0x0}
a100-llm-05:3919800:3919932 [0] NCCL INFO NET/IB: NCCL Dev 9 IbDev 2 Port 1 qpn 780 mtu 5 GID 3 (0/173F13C6FFFF0000) ctsFifoRkey=0x135818 ctsFifoLkey=0x135818
a100-llm-05:3919800:3919932 [0] NCCL INFO NET/IB: IbDev 2 Port 1 qpn 780 query_ece={supported=1, vendor_id=0x15b3, options=0x30000000, comp_mask=0x0}
a100-llm-05:3919800:3919941 [6] NCCL INFO NET/IB: IbDev 7 Port 1 qpn 1040 set_ece={supported=1, vendor_id=0x15b3, options=0x30000000, comp_mask=0x0}
a100-llm-05:3919800:3919941 [6] NCCL INFO NET/IB: IbDev 8 Port 1 qpn 783 set_ece={supported=1, vendor_id=0x15b3, options=0x30000000, comp_mask=0x0}
a100-llm-05:3919800:3919932 [0] NCCL INFO NET/IB: NCCL Dev 9 IbDev 1 Port 1 qpn 1039 mtu 5 GID 3 (0/F34413C6FFFF0000) ctsFifoRkey=0x175655 ctsFifoLkey=0x175655
a100-llm-05:3919800:3919932 [0] NCCL INFO NET/IB: IbDev 1 Port 1 qpn 1039 query_ece={supported=1, vendor_id=0x15b3, options=0x30000000, comp_mask=0x0}
a100-llm-05:3919800:3919932 [0] NCCL INFO NET/IB: NCCL Dev 9 IbDev 2 Port 1 qpn 783 mtu 5 GID 3 (0/173F13C6FFFF0000) ctsFifoRkey=0x13702f ctsFifoLkey=0x13702f
a100-llm-05:3919800:3919932 [0] NCCL INFO NET/IB: IbDev 2 Port 1 qpn 783 query_ece={supported=1, vendor_id=0x15b3, options=0x30000000, comp_mask=0x0}
a100-llm-05:3919800:3919932 [0] NCCL INFO NET/IB: IbDev 1 Port 1 qpn 1036 set_ece={supported=1, vendor_id=0x15b3, options=0x30000000, comp_mask=0x0}
a100-llm-05:3919800:3919942 [7] NCCL INFO NET/IB: NCCL Dev 12 IbDev 7 Port 1 qpn 1047 mtu 5 GID 3 (0/4E5A13C6FFFF0000) ctsFifoRkey=0x170807 ctsFifoLkey=0x170807
a100-llm-05:3919800:3919942 [7] NCCL INFO NET/IB: IbDev 7 Port 1 qpn 1047 query_ece={supported=1, vendor_id=0x15b3, options=0x30000000, comp_mask=0x0}
a100-llm-05:3919800:3919942 [7] NCCL INFO NET/IB: NCCL Dev 12 IbDev 8 Port 1 qpn 791 mtu 5 GID 3 (0/57B013C6FFFF0000) ctsFifoRkey=0x138443 ctsFifoLkey=0x138443
a100-llm-05:3919800:3919942 [7] NCCL INFO NET/IB: IbDev 8 Port 1 qpn 791 query_ece={supported=1, vendor_id=0x15b3, options=0x30000000, comp_mask=0x0}
a100-llm-05:3919800:3919932 [0] NCCL INFO NET/IB: IbDev 2 Port 1 qpn 780 set_ece={supported=1, vendor_id=0x15b3, options=0x30000000, comp_mask=0x0}
a100-llm-05:3919800:3919931 [1] NCCL INFO NET/IB: NCCL Dev 9 IbDev 1 Port 1 qpn 1042 mtu 5 GID 3 (0/F34413C6FFFF0000) ctsFifoRkey=0x176f6e ctsFifoLkey=0x176f6e
a100-llm-05:3919800:3919931 [1] NCCL INFO NET/IB: IbDev 1 Port 1 qpn 1042 query_ece={supported=1, vendor_id=0x15b3, options=0x30000000, comp_mask=0x0}
a100-llm-05:3919800:3919931 [1] NCCL INFO NET/IB: NCCL Dev 9 IbDev 2 Port 1 qpn 786 mtu 5 GID 3 (0/173F13C6FFFF0000) ctsFifoRkey=0x138746 ctsFifoLkey=0x138746
a100-llm-05:3919800:3919931 [1] NCCL INFO NET/IB: IbDev 2 Port 1 qpn 786 query_ece={supported=1, vendor_id=0x15b3, options=0x30000000, comp_mask=0x0}
a100-llm-05:3919800:3919942 [7] NCCL INFO NET/IB: IbDev 7 Port 1 qpn 1044 set_ece={supported=1, vendor_id=0x15b3, options=0x30000000, comp_mask=0x0}
a100-llm-05:3919800:3919942 [7] NCCL INFO NET/IB: IbDev 8 Port 1 qpn 788 set_ece={supported=1, vendor_id=0x15b3, options=0x30000000, comp_mask=0x0}
a100-llm-05:3919800:3919932 [0] NCCL INFO NET/IB: IbDev 1 Port 1 qpn 1039 set_ece={supported=1, vendor_id=0x15b3, options=0x30000000, comp_mask=0x0}
a100-llm-05:3919800:3919932 [0] NCCL INFO NET/IB: IbDev 2 Port 1 qpn 783 set_ece={supported=1, vendor_id=0x15b3, options=0x30000000, comp_mask=0x0}
a100-llm-05:3919800:3919931 [1] NCCL INFO NET/IB: NCCL Dev 9 IbDev 1 Port 1 qpn 1045 mtu 5 GID 3 (0/F34413C6FFFF0000) ctsFifoRkey=0x178886 ctsFifoLkey=0x178886
a100-llm-05:3919800:3919931 [1] NCCL INFO NET/IB: IbDev 1 Port 1 qpn 1045 query_ece={supported=1, vendor_id=0x15b3, options=0x30000000, comp_mask=0x0}
a100-llm-05:3919800:3919931 [1] NCCL INFO NET/IB: NCCL Dev 9 IbDev 2 Port 1 qpn 789 mtu 5 GID 3 (0/173F13C6FFFF0000) ctsFifoRkey=0x13a05f ctsFifoLkey=0x13a05f
a100-llm-05:3919800:3919931 [1] NCCL INFO NET/IB: IbDev 2 Port 1 qpn 789 query_ece={supported=1, vendor_id=0x15b3, options=0x30000000, comp_mask=0x0}
a100-llm-05:3919800:3919935 [2] NCCL INFO NET/IB: NCCL Dev 10 IbDev 3 Port 1 qpn 1040 mtu 5 GID 3 (0/220D13C6FFFF0000) ctsFifoRkey=0x173b3a ctsFifoLkey=0x173b3a
a100-llm-05:3919800:3919935 [2] NCCL INFO NET/IB: IbDev 3 Port 1 qpn 1040 query_ece={supported=1, vendor_id=0x15b3, options=0x30000000, comp_mask=0x0}
a100-llm-05:3919800:3919935 [2] NCCL INFO NET/IB: NCCL Dev 10 IbDev 4 Port 1 qpn 784 mtu 5 GID 3 (0/422613C6FFFF0000) ctsFifoRkey=0x13e2a0 ctsFifoLkey=0x13e2a0
a100-llm-05:3919800:3919935 [2] NCCL INFO NET/IB: IbDev 4 Port 1 qpn 784 query_ece={supported=1, vendor_id=0x15b3, options=0x30000000, comp_mask=0x0}
a100-llm-05:3919800:3919931 [1] NCCL INFO NET/IB: IbDev 1 Port 1 qpn 1045 set_ece={supported=1, vendor_id=0x15b3, options=0x30000000, comp_mask=0x0}
a100-llm-05:3919800:3919935 [2] NCCL INFO NET/IB: NCCL Dev 10 IbDev 3 Port 1 qpn 1044 mtu 5 GID 3 (0/220D13C6FFFF0000) ctsFifoRkey=0x175c5b ctsFifoLkey=0x175c5b
a100-llm-05:3919800:3919935 [2] NCCL INFO NET/IB: IbDev 3 Port 1 qpn 1044 query_ece={supported=1, vendor_id=0x15b3, options=0x30000000, comp_mask=0x0}
a100-llm-05:3919800:3919931 [1] NCCL INFO NET/IB: IbDev 2 Port 1 qpn 789 set_ece={supported=1, vendor_id=0x15b3, options=0x30000000, comp_mask=0x0}
a100-llm-05:3919800:3919935 [2] NCCL INFO NET/IB: NCCL Dev 10 IbDev 4 Port 1 qpn 788 mtu 5 GID 3 (0/422613C6FFFF0000) ctsFifoRkey=0x1407c6 ctsFifoLkey=0x1407c6
a100-llm-05:3919800:3919935 [2] NCCL INFO NET/IB: IbDev 4 Port 1 qpn 788 query_ece={supported=1, vendor_id=0x15b3, options=0x30000000, comp_mask=0x0}
a100-llm-05:3919800:3919931 [1] NCCL INFO NET/IB: IbDev 1 Port 1 qpn 1042 set_ece={supported=1, vendor_id=0x15b3, options=0x30000000, comp_mask=0x0}
a100-llm-05:3919800:3919931 [1] NCCL INFO NET/IB: IbDev 2 Port 1 qpn 786 set_ece={supported=1, vendor_id=0x15b3, options=0x30000000, comp_mask=0x0}
a100-llm-05:3919800:3919935 [2] NCCL INFO NET/IB: IbDev 3 Port 1 qpn 1040 set_ece={supported=1, vendor_id=0x15b3, options=0x30000000, comp_mask=0x0}
a100-llm-05:3919800:3919935 [2] NCCL INFO NET/IB: IbDev 4 Port 1 qpn 784 set_ece={supported=1, vendor_id=0x15b3, options=0x30000000, comp_mask=0x0}
a100-llm-05:3919800:3919942 [7] NCCL INFO NET/IB: IbDev 7 Port 1 qpn 1047 set_ece={supported=1, vendor_id=0x15b3, options=0x30000000, comp_mask=0x0}
a100-llm-05:3919800:3919942 [7] NCCL INFO NET/IB: IbDev 8 Port 1 qpn 791 set_ece={supported=1, vendor_id=0x15b3, options=0x30000000, comp_mask=0x0}
a100-llm-05:3919800:3919935 [2] NCCL INFO NET/IB: IbDev 3 Port 1 qpn 1044 set_ece={supported=1, vendor_id=0x15b3, options=0x30000000, comp_mask=0x0}
a100-llm-05:3919800:3919935 [2] NCCL INFO NET/IB: IbDev 4 Port 1 qpn 788 set_ece={supported=1, vendor_id=0x15b3, options=0x30000000, comp_mask=0x0}
[AIMD] FinalizeChunkRTT: cc=0x7f2d54037420 slot=0 inflight_before=1
warmup done.
[AIMD] FinalizeChunkRTT: cc=0x7f2d4c001000 slot=614 inflight_before=1
[AIMD] FinalizeChunkRTT: cc=0x7f2d58001000 slot=355 inflight_before=5
[AIMD] FinalizeChunkRTT: cc=0x7f2d68006de0 slot=331 inflight_before=8
a100-llm-05:3919800:3919917 [0] NCCL INFO V2MIN: pressure=1.000 (fast=0.115 slow=0.001 dev=0.1139) state=SHRINK window=204 floor=204 high=3075 low=0 ncc=16
[AIMD] FinalizeChunkRTT: cc=0x7f2d50001000 slot=63 inflight_before=8
[AIMD] FinalizeChunkRTT: cc=0x7f2d54037660 slot=243 inflight_before=1
[AIMD] FinalizeChunkRTT: cc=0x7f2d58001000 slot=636 inflight_before=7
[AIMD] FinalizeChunkRTT: cc=0x7f2d4c001000 slot=144 inflight_before=4
[AIMD] FinalizeChunkRTT: cc=0x7f2da4002200 slot=636 inflight_before=1
a100-llm-05:3919800:3919917 [0] NCCL INFO V2MIN: pressure=1.000 (fast=0.236 slow=0.001 dev=0.2349) state=SHRINK window=204 floor=204 high=7800 low=0 ncc=16
[AIMD] FinalizeChunkRTT: cc=0x7f2d54037660 slot=97 inflight_before=1
[AIMD] FinalizeChunkRTT: cc=0x7f2d54037420 slot=618 inflight_before=3
[AIMD] FinalizeChunkRTT: cc=0x7f2d60098cf0 slot=65 inflight_before=3
[AIMD] FinalizeChunkRTT: cc=0x7f2da4002200 slot=491 inflight_before=1
[AIMD] FinalizeChunkRTT: cc=0x7f2da4002200 slot=842 inflight_before=1
a100-llm-05:3919800:3919917 [0] NCCL INFO V2MIN: pressure=1.000 (fast=0.197 slow=0.001 dev=0.1960) state=SHRINK window=204 floor=204 high=12525 low=0 ncc=16
[AIMD] FinalizeChunkRTT: cc=0x7f2d58001000 slot=109 inflight_before=1
[AIMD] FinalizeChunkRTT: cc=0x7f2d4c001000 slot=556 inflight_before=1
[AIMD] FinalizeChunkRTT: cc=0x7f2d50001000 slot=50 inflight_before=1
[AIMD] FinalizeChunkRTT: cc=0x7f2da4002200 slot=640 inflight_before=2
[AIMD] FinalizeChunkRTT: cc=0x7f2d58001000 slot=78 inflight_before=8
a100-llm-05:3919800:3919917 [0] NCCL INFO V2MIN: pressure=1.000 (fast=0.109 slow=0.001 dev=0.1077) state=SHRINK window=204 floor=204 high=17252 low=0 ncc=16
[AIMD] FinalizeChunkRTT: cc=0x7f2d50001000 slot=496 inflight_before=1
[AIMD] FinalizeChunkRTT: cc=0x7f2d58001000 slot=999 inflight_before=1
[AIMD] FinalizeChunkRTT: cc=0x7f2d54037420 slot=382 inflight_before=1
[AIMD] FinalizeChunkRTT: cc=0x7f2da4002200 slot=725 inflight_before=7
[AIMD] FinalizeChunkRTT: cc=0x7f2d54037420 slot=73 inflight_before=1
a100-llm-05:3919800:3919917 [0] NCCL INFO V2MIN: pressure=1.000 (fast=0.079 slow=0.001 dev=0.0776) state=SHRINK window=204 floor=204 high=21967 low=0 ncc=16
[AIMD] FinalizeChunkRTT: cc=0x7f2d4c001000 slot=505 inflight_before=1
[AIMD] FinalizeChunkRTT: cc=0x7f2da4002200 slot=1006 inflight_before=1
CSV written to: det_v2_tuned_run4/bench_latency_20260416_181841.csv

========================================
  Oracle Experiment Results
========================================
Config: nDev=8  count=1048576  data=4.19 MB  iters=1000
NCCL_AIMD_ENABLE=1  NCCL_CC_ORACLE_FACTOR=(unset)

Wall-clock latency (us):
  mean= 25300.8  stddev= 15201.5
  p50 = 23563.4  p99   = 66013.9  max= 91541.9

Collective max GPU latency (us):
  mean= 23691.8  stddev= 14161.9
  p50 = 22044.2  p99   = 62198.8  max= 88308.7

Rank skew (us):
  mean=  3159.3  stddev=  4901.0
  p50 =   581.1  p99   = 22314.3  max= 27711.5

Avg algo bandwidth: 0.29 GB/s
========================================

