a100-llm-05:3931531:3931680 [3] NCCL INFO Channel 00/0 : 2[2] -> 3[3] [receive] via NET/IB/10/GDRDMA
a100-llm-05:3931531:3931680 [3] NCCL INFO GPU Direct RDMA Enabled for GPU/0-1028192 (rank 3) - NET/0-10 (distance 5 <= 6, read 0, mode Default)
a100-llm-05:3931531:3931677 [6] NCCL INFO Channel 00/0 : 5[5] -> 6[6] [receive] via NET/IB/12/GDRDMA
a100-llm-05:3931531:3931677 [6] NCCL INFO GPU Direct RDMA Enabled for GPU/0-1044560 (rank 6) - NET/0-12 (distance 5 <= 6, read 0, mode Default)
a100-llm-05:3931531:3931672 [3] NCCL INFO New proxy recv connection 1 from local rank 0, transport 2
a100-llm-05:3931531:3931680 [3] NCCL INFO Connected to proxy localRank 0 -> connection 0x557552e230d8
a100-llm-05:3931531:3931680 [3] NCCL INFO Channel 01/0 : 2[2] -> 3[3] [receive] via NET/IB/10/GDRDMA
a100-llm-05:3931531:3931680 [3] NCCL INFO GPU Direct RDMA Enabled for GPU/0-1028192 (rank 3) - NET/0-10 (distance 5 <= 6, read 1, mode Default)
a100-llm-05:3931531:3931672 [3] NCCL INFO New proxy send connection 2 from local rank 0, transport 2
a100-llm-05:3931531:3931680 [3] NCCL INFO Connected to proxy localRank 0 -> connection 0x557552e23150
a100-llm-05:3931531:3931662 [6] NCCL INFO New proxy recv connection 1 from local rank 0, transport 2
a100-llm-05:3931531:3931677 [6] NCCL INFO Connected to proxy localRank 0 -> connection 0x7fac90000d88
a100-llm-05:3931531:3931680 [3] NCCL INFO Channel 00/0 : 3[3] -> 4[4] [send] via NET/IB/10/GDRDMA
a100-llm-05:3931531:3931680 [3] NCCL INFO GPU Direct RDMA Enabled for GPU/0-1028192 (rank 3) - NET/0-10 (distance 5 <= 6, read 1, mode Default)
a100-llm-05:3931531:3931672 [3] NCCL INFO New proxy send connection 3 from local rank 0, transport 2
a100-llm-05:3931531:3931680 [3] NCCL INFO Connected to proxy localRank 0 -> connection 0x557552e231c8
a100-llm-05:3931531:3931680 [3] NCCL INFO Channel 01/0 : 3[3] -> 4[4] [send] via NET/IB/10/GDRDMA
a100-llm-05:3931531:3931683 [0] NCCL INFO Connected to proxy localRank 0 -> connection 0x7fac8c000d10
a100-llm-05:3931531:3931679 [4] NCCL INFO Connected to proxy localRank 0 -> connection 0x7fac700010a0
a100-llm-05:3931531:3931679 [4] NCCL INFO Channel 00/0 : 3[3] -> 4[4] [receive] via NET/IB/11/GDRDMA
a100-llm-05:3931531:3931663 [5] NCCL INFO New proxy recv connection 0 from local rank 0, transport 2
a100-llm-05:3931531:3931679 [4] NCCL INFO GPU Direct RDMA Enabled for GPU/0-1036368 (rank 4) - NET/0-11 (distance 5 <= 6, read 0, mode Default)
a100-llm-05:3931531:3931677 [6] NCCL INFO Channel 01/0 : 5[5] -> 6[6] [receive] via NET/IB/12/GDRDMA
a100-llm-05:3931531:3931677 [6] NCCL INFO GPU Direct RDMA Enabled for GPU/0-1044560 (rank 6) - NET/0-12 (distance 5 <= 6, read 1, mode Default)
a100-llm-05:3931531:3931683 [0] NCCL INFO Channel 00/0 : 7[7] -> 0[0] [receive] via NET/IB/9/GDRDMA
a100-llm-05:3931531:3931683 [0] NCCL INFO GPU Direct RDMA Enabled for GPU/0-1019984 (rank 0) - NET/0-9 (distance 5 <= 6, read 0, mode Default)
a100-llm-05:3931531:3931665 [2] NCCL INFO New proxy recv connection 0 from local rank 0, transport 2
a100-llm-05:3931531:3931659 [0] NCCL INFO New proxy recv connection 1 from local rank 0, transport 2
a100-llm-05:3931531:3931683 [0] NCCL INFO Connected to proxy localRank 0 -> connection 0x7fac8c000d88
a100-llm-05:3931531:3931658 [7] NCCL INFO New proxy recv connection 0 from local rank 0, transport 2
a100-llm-05:3931531:3931676 [7] NCCL INFO Connected to proxy localRank 0 -> connection 0x7fac98000d10
a100-llm-05:3931531:3931668 [1] NCCL INFO New proxy recv connection 0 from local rank 0, transport 2
a100-llm-05:3931531:3931662 [6] NCCL INFO New proxy send connection 2 from local rank 0, transport 2
a100-llm-05:3931531:3931677 [6] NCCL INFO Connected to proxy localRank 0 -> connection 0x7fac90000e00
a100-llm-05:3931531:3931674 [4] NCCL INFO New proxy recv connection 1 from local rank 0, transport 2
a100-llm-05:3931531:3931679 [4] NCCL INFO Connected to proxy localRank 0 -> connection 0x7fac70001118
a100-llm-05:3931531:3931679 [4] NCCL INFO Channel 01/0 : 3[3] -> 4[4] [receive] via NET/IB/11/GDRDMA
a100-llm-05:3931531:3931679 [4] NCCL INFO GPU Direct RDMA Enabled for GPU/0-1036368 (rank 4) - NET/0-11 (distance 5 <= 6, read 1, mode Default)
a100-llm-05:3931531:3931674 [4] NCCL INFO New proxy send connection 2 from local rank 0, transport 2
a100-llm-05:3931531:3931679 [4] NCCL INFO Connected to proxy localRank 0 -> connection 0x7fac70001190
a100-llm-05:3931531:3931679 [4] NCCL INFO Channel 00/0 : 4[4] -> 5[5] [send] via NET/IB/11/GDRDMA
a100-llm-05:3931531:3931679 [4] NCCL INFO GPU Direct RDMA Enabled for GPU/0-1036368 (rank 4) - NET/0-11 (distance 5 <= 6, read 1, mode Default)
a100-llm-05:3931531:3931674 [4] NCCL INFO New proxy send connection 3 from local rank 0, transport 2
a100-llm-05:3931531:3931679 [4] NCCL INFO Connected to proxy localRank 0 -> connection 0x7fac70001208
a100-llm-05:3931531:3931679 [4] NCCL INFO Channel 01/0 : 4[4] -> 5[5] [send] via NET/IB/11/GDRDMA
a100-llm-05:3931531:3931676 [7] NCCL INFO Channel 00/0 : 6[6] -> 7[7] [receive] via NET/IB/12/GDRDMA
a100-llm-05:3931531:3931676 [7] NCCL INFO GPU Direct RDMA Enabled for GPU/0-1044576 (rank 7) - NET/0-12 (distance 5 <= 6, read 0, mode Default)
a100-llm-05:3931531:3931658 [7] NCCL INFO New proxy recv connection 1 from local rank 0, transport 2
a100-llm-05:3931531:3931676 [7] NCCL INFO Connected to proxy localRank 0 -> connection 0x7fac98000d88
a100-llm-05:3931531:3931677 [6] NCCL INFO Channel 00/0 : 6[6] -> 7[7] [send] via NET/IB/12/GDRDMA
a100-llm-05:3931531:3931677 [6] NCCL INFO GPU Direct RDMA Enabled for GPU/0-1044560 (rank 6) - NET/0-12 (distance 5 <= 6, read 1, mode Default)
a100-llm-05:3931531:3931676 [7] NCCL INFO Channel 01/0 : 6[6] -> 7[7] [receive] via NET/IB/12/GDRDMA
a100-llm-05:3931531:3931676 [7] NCCL INFO GPU Direct RDMA Enabled for GPU/0-1044576 (rank 7) - NET/0-12 (distance 5 <= 6, read 1, mode Default)
a100-llm-05:3931531:3931658 [7] NCCL INFO New proxy send connection 2 from local rank 0, transport 2
a100-llm-05:3931531:3931676 [7] NCCL INFO Connected to proxy localRank 0 -> connection 0x7fac98000e00
a100-llm-05:3931531:3931681 [2] NCCL INFO Connected to proxy localRank 0 -> connection 0x7fac7c000d10
a100-llm-05:3931531:3931676 [7] NCCL INFO Channel 00/0 : 7[7] -> 0[0] [send] via NET/IB/12/GDRDMA
a100-llm-05:3931531:3931676 [7] NCCL INFO GPU Direct RDMA Enabled for GPU/0-1044576 (rank 7) - NET/0-12 (distance 5 <= 6, read 1, mode Default)
a100-llm-05:3931531:3931658 [7] NCCL INFO New proxy send connection 3 from local rank 0, transport 2
a100-llm-05:3931531:3931676 [7] NCCL INFO Connected to proxy localRank 0 -> connection 0x7fac98000e78
a100-llm-05:3931531:3931676 [7] NCCL INFO Channel 01/0 : 7[7] -> 0[0] [send] via NET/IB/12/GDRDMA
a100-llm-05:3931531:3931678 [5] NCCL INFO Connected to proxy localRank 0 -> connection 0x7fac74000d10
a100-llm-05:3931531:3931678 [5] NCCL INFO Channel 00/0 : 4[4] -> 5[5] [receive] via NET/IB/11/GDRDMA
a100-llm-05:3931531:3931678 [5] NCCL INFO GPU Direct RDMA Enabled for GPU/0-1036384 (rank 5) - NET/0-11 (distance 5 <= 6, read 0, mode Default)
a100-llm-05:3931531:3931663 [5] NCCL INFO New proxy recv connection 1 from local rank 0, transport 2
a100-llm-05:3931531:3931678 [5] NCCL INFO Connected to proxy localRank 0 -> connection 0x7fac74000d88
a100-llm-05:3931531:3931678 [5] NCCL INFO Channel 01/0 : 4[4] -> 5[5] [receive] via NET/IB/11/GDRDMA
a100-llm-05:3931531:3931678 [5] NCCL INFO GPU Direct RDMA Enabled for GPU/0-1036384 (rank 5) - NET/0-11 (distance 5 <= 6, read 1, mode Default)
a100-llm-05:3931531:3931663 [5] NCCL INFO New proxy send connection 2 from local rank 0, transport 2
a100-llm-05:3931531:3931678 [5] NCCL INFO Connected to proxy localRank 0 -> connection 0x7fac74000e00
a100-llm-05:3931531:3931678 [5] NCCL INFO Channel 00/0 : 5[5] -> 6[6] [send] via NET/IB/11/GDRDMA
a100-llm-05:3931531:3931678 [5] NCCL INFO GPU Direct RDMA Enabled for GPU/0-1036384 (rank 5) - NET/0-11 (distance 5 <= 6, read 1, mode Default)
a100-llm-05:3931531:3931663 [5] NCCL INFO New proxy send connection 3 from local rank 0, transport 2
a100-llm-05:3931531:3931678 [5] NCCL INFO Connected to proxy localRank 0 -> connection 0x7fac74000e78
a100-llm-05:3931531:3931678 [5] NCCL INFO Channel 01/0 : 5[5] -> 6[6] [send] via NET/IB/11/GDRDMA
a100-llm-05:3931531:3931681 [2] NCCL INFO Channel 00/0 : 1[1] -> 2[2] [receive] via NET/IB/10/GDRDMA
a100-llm-05:3931531:3931681 [2] NCCL INFO GPU Direct RDMA Enabled for GPU/0-1028176 (rank 2) - NET/0-10 (distance 5 <= 6, read 0, mode Default)
a100-llm-05:3931531:3931665 [2] NCCL INFO New proxy recv connection 1 from local rank 0, transport 2
a100-llm-05:3931531:3931681 [2] NCCL INFO Connected to proxy localRank 0 -> connection 0x7fac7c000d88
a100-llm-05:3931531:3931681 [2] NCCL INFO Channel 01/0 : 1[1] -> 2[2] [receive] via NET/IB/10/GDRDMA
a100-llm-05:3931531:3931681 [2] NCCL INFO GPU Direct RDMA Enabled for GPU/0-1028176 (rank 2) - NET/0-10 (distance 5 <= 6, read 1, mode Default)
a100-llm-05:3931531:3931665 [2] NCCL INFO New proxy send connection 2 from local rank 0, transport 2
a100-llm-05:3931531:3931681 [2] NCCL INFO Connected to proxy localRank 0 -> connection 0x7fac7c000e00
a100-llm-05:3931531:3931681 [2] NCCL INFO Channel 00/0 : 2[2] -> 3[3] [send] via NET/IB/10/GDRDMA
a100-llm-05:3931531:3931681 [2] NCCL INFO GPU Direct RDMA Enabled for GPU/0-1028176 (rank 2) - NET/0-10 (distance 5 <= 6, read 1, mode Default)
a100-llm-05:3931531:3931665 [2] NCCL INFO New proxy send connection 3 from local rank 0, transport 2
a100-llm-05:3931531:3931681 [2] NCCL INFO Connected to proxy localRank 0 -> connection 0x7fac7c000e78
a100-llm-05:3931531:3931681 [2] NCCL INFO Channel 01/0 : 2[2] -> 3[3] [send] via NET/IB/10/GDRDMA
a100-llm-05:3931531:3931662 [6] NCCL INFO New proxy send connection 3 from local rank 0, transport 2
a100-llm-05:3931531:3931682 [1] NCCL INFO Connected to proxy localRank 0 -> connection 0x7fac70004db0
a100-llm-05:3931531:3931677 [6] NCCL INFO Connected to proxy localRank 0 -> connection 0x7fac90000e78
a100-llm-05:3931531:3931682 [1] NCCL INFO Channel 00/0 : 0[0] -> 1[1] [receive] via NET/IB/9/GDRDMA
a100-llm-05:3931531:3931682 [1] NCCL INFO GPU Direct RDMA Enabled for GPU/0-1020000 (rank 1) - NET/0-9 (distance 5 <= 6, read 0, mode Default)
a100-llm-05:3931531:3931683 [0] NCCL INFO Channel 01/0 : 7[7] -> 0[0] [receive] via NET/IB/9/GDRDMA
a100-llm-05:3931531:3931683 [0] NCCL INFO GPU Direct RDMA Enabled for GPU/0-1019984 (rank 0) - NET/0-9 (distance 5 <= 6, read 1, mode Default)
a100-llm-05:3931531:3931668 [1] NCCL INFO New proxy recv connection 1 from local rank 0, transport 2
a100-llm-05:3931531:3931672 [3] NCCL INFO NET/IB: NCCL Dev 10 IbDev 3 Port 1 qpn 1084 mtu 5 GID 3 (0/220D13C6FFFF0000) ctsFifoRkey=0x188e8d ctsFifoLkey=0x188e8d
a100-llm-05:3931531:3931672 [3] NCCL INFO NET/IB: IbDev 3 Port 1 qpn 1084 query_ece={supported=1, vendor_id=0x15b3, options=0x30000000, comp_mask=0x0}
a100-llm-05:3931531:3931672 [3] NCCL INFO NET/IB: NCCL Dev 10 IbDev 4 Port 1 qpn 828 mtu 5 GID 3 (0/422613C6FFFF0000) ctsFifoRkey=0x1536f5 ctsFifoLkey=0x1536f5
a100-llm-05:3931531:3931672 [3] NCCL INFO NET/IB: IbDev 4 Port 1 qpn 828 query_ece={supported=1, vendor_id=0x15b3, options=0x30000000, comp_mask=0x0}
a100-llm-05:3931531:3931659 [0] NCCL INFO New proxy send connection 2 from local rank 0, transport 2
a100-llm-05:3931531:3931683 [0] NCCL INFO Connected to proxy localRank 0 -> connection 0x7fac8c000e00
a100-llm-05:3931531:3931672 [3] NCCL INFO NET/IB: NCCL Dev 10 IbDev 3 Port 1 qpn 1085 mtu 5 GID 3 (0/220D13C6FFFF0000) ctsFifoRkey=0x189a99 ctsFifoLkey=0x189a99
a100-llm-05:3931531:3931672 [3] NCCL INFO NET/IB: IbDev 3 Port 1 qpn 1085 query_ece={supported=1, vendor_id=0x15b3, options=0x30000000, comp_mask=0x0}
a100-llm-05:3931531:3931672 [3] NCCL INFO NET/IB: NCCL Dev 10 IbDev 4 Port 1 qpn 829 mtu 5 GID 3 (0/422613C6FFFF0000) ctsFifoRkey=0x154101 ctsFifoLkey=0x154101
a100-llm-05:3931531:3931672 [3] NCCL INFO NET/IB: IbDev 4 Port 1 qpn 829 query_ece={supported=1, vendor_id=0x15b3, options=0x30000000, comp_mask=0x0}
a100-llm-05:3931531:3931672 [3] NCCL INFO NET/IB: IbDev 3 Port 1 qpn 1084 set_ece={supported=1, vendor_id=0x15b3, options=0x30000000, comp_mask=0x0}
a100-llm-05:3931531:3931672 [3] NCCL INFO NET/IB: IbDev 4 Port 1 qpn 828 set_ece={supported=1, vendor_id=0x15b3, options=0x30000000, comp_mask=0x0}
a100-llm-05:3931531:3931682 [1] NCCL INFO Connected to proxy localRank 0 -> connection 0x7fac70004e28
a100-llm-05:3931531:3931672 [3] NCCL INFO NET/IB: IbDev 3 Port 1 qpn 1085 set_ece={supported=1, vendor_id=0x15b3, options=0x30000000, comp_mask=0x0}
a100-llm-05:3931531:3931672 [3] NCCL INFO NET/IB: IbDev 4 Port 1 qpn 829 set_ece={supported=1, vendor_id=0x15b3, options=0x30000000, comp_mask=0x0}
a100-llm-05:3931531:3931683 [0] NCCL INFO Channel 00/0 : 0[0] -> 1[1] [send] via NET/IB/9/GDRDMA
a100-llm-05:3931531:3931683 [0] NCCL INFO GPU Direct RDMA Enabled for GPU/0-1019984 (rank 0) - NET/0-9 (distance 5 <= 6, read 1, mode Default)
a100-llm-05:3931531:3931677 [6] NCCL INFO Channel 01/0 : 6[6] -> 7[7] [send] via NET/IB/12/GDRDMA
a100-llm-05:3931531:3931659 [0] NCCL INFO New proxy send connection 3 from local rank 0, transport 2
a100-llm-05:3931531:3931683 [0] NCCL INFO Connected to proxy localRank 0 -> connection 0x7fac8c000e78
a100-llm-05:3931531:3931683 [0] NCCL INFO Channel 01/0 : 0[0] -> 1[1] [send] via NET/IB/9/GDRDMA
a100-llm-05:3931531:3931682 [1] NCCL INFO Channel 01/0 : 0[0] -> 1[1] [receive] via NET/IB/9/GDRDMA
a100-llm-05:3931531:3931682 [1] NCCL INFO GPU Direct RDMA Enabled for GPU/0-1020000 (rank 1) - NET/0-9 (distance 5 <= 6, read 1, mode Default)
a100-llm-05:3931531:3931668 [1] NCCL INFO New proxy send connection 2 from local rank 0, transport 2
a100-llm-05:3931531:3931682 [1] NCCL INFO Connected to proxy localRank 0 -> connection 0x7fac70004ea0
a100-llm-05:3931531:3931682 [1] NCCL INFO Channel 00/0 : 1[1] -> 2[2] [send] via NET/IB/9/GDRDMA
a100-llm-05:3931531:3931682 [1] NCCL INFO GPU Direct RDMA Enabled for GPU/0-1020000 (rank 1) - NET/0-9 (distance 5 <= 6, read 1, mode Default)
a100-llm-05:3931531:3931668 [1] NCCL INFO New proxy send connection 3 from local rank 0, transport 2
a100-llm-05:3931531:3931682 [1] NCCL INFO Connected to proxy localRank 0 -> connection 0x7fac70004f18
a100-llm-05:3931531:3931682 [1] NCCL INFO Channel 01/0 : 1[1] -> 2[2] [send] via NET/IB/9/GDRDMA
a100-llm-05:3931531:3931659 [0] NCCL INFO NET/IB: NCCL Dev 9 IbDev 1 Port 1 qpn 1084 mtu 5 GID 3 (0/F34413C6FFFF0000) ctsFifoRkey=0x18bebd ctsFifoLkey=0x18bebd
a100-llm-05:3931531:3931659 [0] NCCL INFO NET/IB: IbDev 1 Port 1 qpn 1084 query_ece={supported=1, vendor_id=0x15b3, options=0x30000000, comp_mask=0x0}
a100-llm-05:3931531:3931659 [0] NCCL INFO NET/IB: NCCL Dev 9 IbDev 2 Port 1 qpn 828 mtu 5 GID 3 (0/173F13C6FFFF0000) ctsFifoRkey=0x14cd8e ctsFifoLkey=0x14cd8e
a100-llm-05:3931531:3931659 [0] NCCL INFO NET/IB: IbDev 2 Port 1 qpn 828 query_ece={supported=1, vendor_id=0x15b3, options=0x30000000, comp_mask=0x0}
a100-llm-05:3931531:3931659 [0] NCCL INFO NET/IB: NCCL Dev 9 IbDev 1 Port 1 qpn 1085 mtu 5 GID 3 (0/F34413C6FFFF0000) ctsFifoRkey=0x18cac9 ctsFifoLkey=0x18cac9
a100-llm-05:3931531:3931659 [0] NCCL INFO NET/IB: IbDev 1 Port 1 qpn 1085 query_ece={supported=1, vendor_id=0x15b3, options=0x30000000, comp_mask=0x0}
a100-llm-05:3931531:3931659 [0] NCCL INFO NET/IB: NCCL Dev 9 IbDev 2 Port 1 qpn 829 mtu 5 GID 3 (0/173F13C6FFFF0000) ctsFifoRkey=0x14db96 ctsFifoLkey=0x14db96
a100-llm-05:3931531:3931659 [0] NCCL INFO NET/IB: IbDev 2 Port 1 qpn 829 query_ece={supported=1, vendor_id=0x15b3, options=0x30000000, comp_mask=0x0}
a100-llm-05:3931531:3931674 [4] NCCL INFO NET/IB: NCCL Dev 11 IbDev 5 Port 1 qpn 1088 mtu 5 GID 3 (0/520113C6FFFF0000) ctsFifoRkey=0x18cfce ctsFifoLkey=0x18cfce
a100-llm-05:3931531:3931674 [4] NCCL INFO NET/IB: IbDev 5 Port 1 qpn 1088 query_ece={supported=1, vendor_id=0x15b3, options=0x30000000, comp_mask=0x0}
a100-llm-05:3931531:3931674 [4] NCCL INFO NET/IB: NCCL Dev 11 IbDev 6 Port 1 qpn 832 mtu 5 GID 3 (0/B90713C6FFFF0000) ctsFifoRkey=0x1502bf ctsFifoLkey=0x1502bf
a100-llm-05:3931531:3931674 [4] NCCL INFO NET/IB: IbDev 6 Port 1 qpn 832 query_ece={supported=1, vendor_id=0x15b3, options=0x30000000, comp_mask=0x0}
a100-llm-05:3931531:3931665 [2] NCCL INFO NET/IB: NCCL Dev 10 IbDev 3 Port 1 qpn 1086 mtu 5 GID 3 (0/220D13C6FFFF0000) ctsFifoRkey=0x18a5a5 ctsFifoLkey=0x18a5a5
a100-llm-05:3931531:3931665 [2] NCCL INFO NET/IB: IbDev 3 Port 1 qpn 1086 query_ece={supported=1, vendor_id=0x15b3, options=0x30000000, comp_mask=0x0}
a100-llm-05:3931531:3931665 [2] NCCL INFO NET/IB: NCCL Dev 10 IbDev 4 Port 1 qpn 830 mtu 5 GID 3 (0/422613C6FFFF0000) ctsFifoRkey=0x154d0c ctsFifoLkey=0x154d0c
a100-llm-05:3931531:3931665 [2] NCCL INFO NET/IB: IbDev 4 Port 1 qpn 830 query_ece={supported=1, vendor_id=0x15b3, options=0x30000000, comp_mask=0x0}
a100-llm-05:3931531:3931658 [7] NCCL INFO NET/IB: NCCL Dev 12 IbDev 7 Port 1 qpn 1085 mtu 5 GID 3 (0/4E5A13C6FFFF0000) ctsFifoRkey=0x182e2d ctsFifoLkey=0x182e2d
a100-llm-05:3931531:3931658 [7] NCCL INFO NET/IB: IbDev 7 Port 1 qpn 1085 query_ece={supported=1, vendor_id=0x15b3, options=0x30000000, comp_mask=0x0}
a100-llm-05:3931531:3931658 [7] NCCL INFO NET/IB: NCCL Dev 12 IbDev 8 Port 1 qpn 829 mtu 5 GID 3 (0/57B013C6FFFF0000) ctsFifoRkey=0x14c281 ctsFifoLkey=0x14c281
a100-llm-05:3931531:3931658 [7] NCCL INFO NET/IB: IbDev 8 Port 1 qpn 829 query_ece={supported=1, vendor_id=0x15b3, options=0x30000000, comp_mask=0x0}
a100-llm-05:3931531:3931662 [6] NCCL INFO NET/IB: NCCL Dev 12 IbDev 7 Port 1 qpn 1084 mtu 5 GID 3 (0/4E5A13C6FFFF0000) ctsFifoRkey=0x183a39 ctsFifoLkey=0x183a39
a100-llm-05:3931531:3931662 [6] NCCL INFO NET/IB: IbDev 7 Port 1 qpn 1084 query_ece={supported=1, vendor_id=0x15b3, options=0x30000000, comp_mask=0x0}
a100-llm-05:3931531:3931659 [0] NCCL INFO NET/IB: IbDev 1 Port 1 qpn 1084 set_ece={supported=1, vendor_id=0x15b3, options=0x30000000, comp_mask=0x0}
a100-llm-05:3931531:3931662 [6] NCCL INFO NET/IB: NCCL Dev 12 IbDev 8 Port 1 qpn 828 mtu 5 GID 3 (0/57B013C6FFFF0000) ctsFifoRkey=0x14ce8d ctsFifoLkey=0x14ce8d
a100-llm-05:3931531:3931662 [6] NCCL INFO NET/IB: IbDev 8 Port 1 qpn 828 query_ece={supported=1, vendor_id=0x15b3, options=0x30000000, comp_mask=0x0}
a100-llm-05:3931531:3931659 [0] NCCL INFO NET/IB: IbDev 2 Port 1 qpn 828 set_ece={supported=1, vendor_id=0x15b3, options=0x30000000, comp_mask=0x0}
a100-llm-05:3931531:3931674 [4] NCCL INFO NET/IB: NCCL Dev 11 IbDev 5 Port 1 qpn 1089 mtu 5 GID 3 (0/520113C6FFFF0000) ctsFifoRkey=0x18dbda ctsFifoLkey=0x18dbda
a100-llm-05:3931531:3931674 [4] NCCL INFO NET/IB: IbDev 5 Port 1 qpn 1089 query_ece={supported=1, vendor_id=0x15b3, options=0x30000000, comp_mask=0x0}
a100-llm-05:3931531:3931674 [4] NCCL INFO NET/IB: NCCL Dev 11 IbDev 6 Port 1 qpn 833 mtu 5 GID 3 (0/B90713C6FFFF0000) ctsFifoRkey=0x150fce ctsFifoLkey=0x150fce
a100-llm-05:3931531:3931674 [4] NCCL INFO NET/IB: IbDev 6 Port 1 qpn 833 query_ece={supported=1, vendor_id=0x15b3, options=0x30000000, comp_mask=0x0}
a100-llm-05:3931531:3931665 [2] NCCL INFO NET/IB: NCCL Dev 10 IbDev 3 Port 1 qpn 1087 mtu 5 GID 3 (0/220D13C6FFFF0000) ctsFifoRkey=0x18b0b0 ctsFifoLkey=0x18b0b0
a100-llm-05:3931531:3931665 [2] NCCL INFO NET/IB: IbDev 3 Port 1 qpn 1087 query_ece={supported=1, vendor_id=0x15b3, options=0x30000000, comp_mask=0x0}
a100-llm-05:3931531:3931658 [7] NCCL INFO NET/IB: NCCL Dev 12 IbDev 7 Port 1 qpn 1086 mtu 5 GID 3 (0/4E5A13C6FFFF0000) ctsFifoRkey=0x184745 ctsFifoLkey=0x184745
a100-llm-05:3931531:3931658 [7] NCCL INFO NET/IB: IbDev 7 Port 1 qpn 1086 query_ece={supported=1, vendor_id=0x15b3, options=0x30000000, comp_mask=0x0}
a100-llm-05:3931531:3931668 [1] NCCL INFO NET/IB: NCCL Dev 9 IbDev 1 Port 1 qpn 1088 mtu 5 GID 3 (0/F34413C6FFFF0000) ctsFifoRkey=0x18e2e0 ctsFifoLkey=0x18e2e0
a100-llm-05:3931531:3931668 [1] NCCL INFO NET/IB: IbDev 1 Port 1 qpn 1088 query_ece={supported=1, vendor_id=0x15b3, options=0x30000000, comp_mask=0x0}
a100-llm-05:3931531:3931658 [7] NCCL INFO NET/IB: NCCL Dev 12 IbDev 8 Port 1 qpn 830 mtu 5 GID 3 (0/57B013C6FFFF0000) ctsFifoRkey=0x14da99 ctsFifoLkey=0x14da99
a100-llm-05:3931531:3931658 [7] NCCL INFO NET/IB: IbDev 8 Port 1 qpn 830 query_ece={supported=1, vendor_id=0x15b3, options=0x30000000, comp_mask=0x0}
a100-llm-05:3931531:3931668 [1] NCCL INFO NET/IB: NCCL Dev 9 IbDev 2 Port 1 qpn 832 mtu 5 GID 3 (0/173F13C6FFFF0000) ctsFifoRkey=0x14f2b2 ctsFifoLkey=0x14f2b2
a100-llm-05:3931531:3931668 [1] NCCL INFO NET/IB: IbDev 2 Port 1 qpn 832 query_ece={supported=1, vendor_id=0x15b3, options=0x30000000, comp_mask=0x0}
a100-llm-05:3931531:3931665 [2] NCCL INFO NET/IB: NCCL Dev 10 IbDev 4 Port 1 qpn 831 mtu 5 GID 3 (0/422613C6FFFF0000) ctsFifoRkey=0x155918 ctsFifoLkey=0x155918
a100-llm-05:3931531:3931665 [2] NCCL INFO NET/IB: IbDev 4 Port 1 qpn 831 query_ece={supported=1, vendor_id=0x15b3, options=0x30000000, comp_mask=0x0}
a100-llm-05:3931531:3931662 [6] NCCL INFO NET/IB: NCCL Dev 12 IbDev 7 Port 1 qpn 1087 mtu 5 GID 3 (0/4E5A13C6FFFF0000) ctsFifoRkey=0x185251 ctsFifoLkey=0x185251
a100-llm-05:3931531:3931662 [6] NCCL INFO NET/IB: IbDev 7 Port 1 qpn 1087 query_ece={supported=1, vendor_id=0x15b3, options=0x30000000, comp_mask=0x0}
a100-llm-05:3931531:3931662 [6] NCCL INFO NET/IB: NCCL Dev 12 IbDev 8 Port 1 qpn 831 mtu 5 GID 3 (0/57B013C6FFFF0000) ctsFifoRkey=0x14e6a5 ctsFifoLkey=0x14e6a5
a100-llm-05:3931531:3931662 [6] NCCL INFO NET/IB: IbDev 8 Port 1 qpn 831 query_ece={supported=1, vendor_id=0x15b3, options=0x30000000, comp_mask=0x0}
a100-llm-05:3931531:3931674 [4] NCCL INFO NET/IB: IbDev 5 Port 1 qpn 1088 set_ece={supported=1, vendor_id=0x15b3, options=0x30000000, comp_mask=0x0}
a100-llm-05:3931531:3931674 [4] NCCL INFO NET/IB: IbDev 6 Port 1 qpn 832 set_ece={supported=1, vendor_id=0x15b3, options=0x30000000, comp_mask=0x0}
a100-llm-05:3931531:3931662 [6] NCCL INFO NET/IB: IbDev 7 Port 1 qpn 1084 set_ece={supported=1, vendor_id=0x15b3, options=0x30000000, comp_mask=0x0}
a100-llm-05:3931531:3931662 [6] NCCL INFO NET/IB: IbDev 8 Port 1 qpn 828 set_ece={supported=1, vendor_id=0x15b3, options=0x30000000, comp_mask=0x0}
a100-llm-05:3931531:3931663 [5] NCCL INFO NET/IB: NCCL Dev 11 IbDev 5 Port 1 qpn 1092 mtu 5 GID 3 (0/520113C6FFFF0000) ctsFifoRkey=0x18f3f2 ctsFifoLkey=0x18f3f2
a100-llm-05:3931531:3931663 [5] NCCL INFO NET/IB: IbDev 5 Port 1 qpn 1092 query_ece={supported=1, vendor_id=0x15b3, options=0x30000000, comp_mask=0x0}
a100-llm-05:3931531:3931663 [5] NCCL INFO NET/IB: NCCL Dev 11 IbDev 6 Port 1 qpn 836 mtu 5 GID 3 (0/B90713C6FFFF0000) ctsFifoRkey=0x1524e6 ctsFifoLkey=0x1524e6
a100-llm-05:3931531:3931663 [5] NCCL INFO NET/IB: IbDev 6 Port 1 qpn 836 query_ece={supported=1, vendor_id=0x15b3, options=0x30000000, comp_mask=0x0}
a100-llm-05:3931531:3931659 [0] NCCL INFO NET/IB: IbDev 1 Port 1 qpn 1085 set_ece={supported=1, vendor_id=0x15b3, options=0x30000000, comp_mask=0x0}
a100-llm-05:3931531:3931668 [1] NCCL INFO NET/IB: NCCL Dev 9 IbDev 1 Port 1 qpn 1093 mtu 5 GID 3 (0/F34413C6FFFF0000) ctsFifoRkey=0x190706 ctsFifoLkey=0x190706
a100-llm-05:3931531:3931668 [1] NCCL INFO NET/IB: IbDev 1 Port 1 qpn 1093 query_ece={supported=1, vendor_id=0x15b3, options=0x30000000, comp_mask=0x0}
a100-llm-05:3931531:3931668 [1] NCCL INFO NET/IB: NCCL Dev 9 IbDev 2 Port 1 qpn 837 mtu 5 GID 3 (0/173F13C6FFFF0000) ctsFifoRkey=0x1516d5 ctsFifoLkey=0x1516d5
a100-llm-05:3931531:3931668 [1] NCCL INFO NET/IB: IbDev 2 Port 1 qpn 837 query_ece={supported=1, vendor_id=0x15b3, options=0x30000000, comp_mask=0x0}
a100-llm-05:3931531:3931659 [0] NCCL INFO NET/IB: IbDev 2 Port 1 qpn 829 set_ece={supported=1, vendor_id=0x15b3, options=0x30000000, comp_mask=0x0}
a100-llm-05:3931531:3931658 [7] NCCL INFO NET/IB: IbDev 7 Port 1 qpn 1086 set_ece={supported=1, vendor_id=0x15b3, options=0x30000000, comp_mask=0x0}
a100-llm-05:3931531:3931658 [7] NCCL INFO NET/IB: IbDev 8 Port 1 qpn 830 set_ece={supported=1, vendor_id=0x15b3, options=0x30000000, comp_mask=0x0}
a100-llm-05:3931531:3931674 [4] NCCL INFO NET/IB: IbDev 5 Port 1 qpn 1089 set_ece={supported=1, vendor_id=0x15b3, options=0x30000000, comp_mask=0x0}
a100-llm-05:3931531:3931674 [4] NCCL INFO NET/IB: IbDev 6 Port 1 qpn 833 set_ece={supported=1, vendor_id=0x15b3, options=0x30000000, comp_mask=0x0}
a100-llm-05:3931531:3931668 [1] NCCL INFO NET/IB: IbDev 1 Port 1 qpn 1088 set_ece={supported=1, vendor_id=0x15b3, options=0x30000000, comp_mask=0x0}
a100-llm-05:3931531:3931668 [1] NCCL INFO NET/IB: IbDev 2 Port 1 qpn 832 set_ece={supported=1, vendor_id=0x15b3, options=0x30000000, comp_mask=0x0}
a100-llm-05:3931531:3931665 [2] NCCL INFO NET/IB: IbDev 3 Port 1 qpn 1086 set_ece={supported=1, vendor_id=0x15b3, options=0x30000000, comp_mask=0x0}
a100-llm-05:3931531:3931665 [2] NCCL INFO NET/IB: IbDev 4 Port 1 qpn 830 set_ece={supported=1, vendor_id=0x15b3, options=0x30000000, comp_mask=0x0}
a100-llm-05:3931531:3931663 [5] NCCL INFO NET/IB: NCCL Dev 11 IbDev 5 Port 1 qpn 1095 mtu 5 GID 3 (0/520113C6FFFF0000) ctsFifoRkey=0x190c0b ctsFifoLkey=0x190c0b
a100-llm-05:3931531:3931663 [5] NCCL INFO NET/IB: IbDev 5 Port 1 qpn 1095 query_ece={supported=1, vendor_id=0x15b3, options=0x30000000, comp_mask=0x0}
a100-llm-05:3931531:3931663 [5] NCCL INFO NET/IB: NCCL Dev 11 IbDev 6 Port 1 qpn 839 mtu 5 GID 3 (0/B90713C6FFFF0000) ctsFifoRkey=0x153efb ctsFifoLkey=0x153efb
a100-llm-05:3931531:3931663 [5] NCCL INFO NET/IB: IbDev 6 Port 1 qpn 839 query_ece={supported=1, vendor_id=0x15b3, options=0x30000000, comp_mask=0x0}
a100-llm-05:3931531:3931662 [6] NCCL INFO NET/IB: IbDev 7 Port 1 qpn 1087 set_ece={supported=1, vendor_id=0x15b3, options=0x30000000, comp_mask=0x0}
a100-llm-05:3931531:3931662 [6] NCCL INFO NET/IB: IbDev 8 Port 1 qpn 831 set_ece={supported=1, vendor_id=0x15b3, options=0x30000000, comp_mask=0x0}
a100-llm-05:3931531:3931658 [7] NCCL INFO NET/IB: IbDev 7 Port 1 qpn 1085 set_ece={supported=1, vendor_id=0x15b3, options=0x30000000, comp_mask=0x0}
a100-llm-05:3931531:3931658 [7] NCCL INFO NET/IB: IbDev 8 Port 1 qpn 829 set_ece={supported=1, vendor_id=0x15b3, options=0x30000000, comp_mask=0x0}
a100-llm-05:3931531:3931665 [2] NCCL INFO NET/IB: IbDev 3 Port 1 qpn 1087 set_ece={supported=1, vendor_id=0x15b3, options=0x30000000, comp_mask=0x0}
a100-llm-05:3931531:3931665 [2] NCCL INFO NET/IB: IbDev 4 Port 1 qpn 831 set_ece={supported=1, vendor_id=0x15b3, options=0x30000000, comp_mask=0x0}
a100-llm-05:3931531:3931663 [5] NCCL INFO NET/IB: IbDev 5 Port 1 qpn 1092 set_ece={supported=1, vendor_id=0x15b3, options=0x30000000, comp_mask=0x0}
a100-llm-05:3931531:3931663 [5] NCCL INFO NET/IB: IbDev 6 Port 1 qpn 836 set_ece={supported=1, vendor_id=0x15b3, options=0x30000000, comp_mask=0x0}
a100-llm-05:3931531:3931668 [1] NCCL INFO NET/IB: IbDev 1 Port 1 qpn 1093 set_ece={supported=1, vendor_id=0x15b3, options=0x30000000, comp_mask=0x0}
a100-llm-05:3931531:3931668 [1] NCCL INFO NET/IB: IbDev 2 Port 1 qpn 837 set_ece={supported=1, vendor_id=0x15b3, options=0x30000000, comp_mask=0x0}
a100-llm-05:3931531:3931663 [5] NCCL INFO NET/IB: IbDev 5 Port 1 qpn 1095 set_ece={supported=1, vendor_id=0x15b3, options=0x30000000, comp_mask=0x0}
a100-llm-05:3931531:3931663 [5] NCCL INFO NET/IB: IbDev 6 Port 1 qpn 839 set_ece={supported=1, vendor_id=0x15b3, options=0x30000000, comp_mask=0x0}
[AIMD] FinalizeChunkRTT: cc=0x7fac7c163370 slot=0 inflight_before=1
[AIMD] FinalizeChunkRTT: cc=0x7fac900c6aa0 slot=546 inflight_before=4
warmup done.
[AIMD] FinalizeChunkRTT: cc=0x7fac88001000 slot=167 inflight_before=8
[AIMD] FinalizeChunkRTT: cc=0x7fac900c6ce0 slot=186 inflight_before=1
a100-llm-05:3931531:3931649 [0] NCCL INFO V2MIN: pressure=1.000 (fast=0.112 slow=0.001 dev=0.1107) state=SHRINK window=204 floor=204 high=3223 low=0 ncc=16
[AIMD] FinalizeChunkRTT: cc=0x7fac6c001000 slot=893 inflight_before=3
[AIMD] FinalizeChunkRTT: cc=0x7fac84017320 slot=568 inflight_before=1
[AIMD] FinalizeChunkRTT: cc=0x7fac900c6aa0 slot=286 inflight_before=4
[AIMD] FinalizeChunkRTT: cc=0x7fac84001000 slot=987 inflight_before=2
[AIMD] FinalizeChunkRTT: cc=0x7fac78001000 slot=607 inflight_before=1
a100-llm-05:3931531:3931649 [0] NCCL INFO V2MIN: pressure=1.000 (fast=0.294 slow=0.001 dev=0.2923) state=SHRINK window=204 floor=204 high=7948 low=0 ncc=16
[AIMD] FinalizeChunkRTT: cc=0x7fac8c0c6c00 slot=257 inflight_before=8
[AIMD] FinalizeChunkRTT: cc=0x7fac8c0c6c00 slot=747 inflight_before=8
[AIMD] FinalizeChunkRTT: cc=0x7fac7c163370 slot=675 inflight_before=3
[AIMD] FinalizeChunkRTT: cc=0x7fac7c163370 slot=86 inflight_before=1
[AIMD] FinalizeChunkRTT: cc=0x7fac7c163370 slot=493 inflight_before=1
a100-llm-05:3931531:3931649 [0] NCCL INFO V2MIN: pressure=1.000 (fast=0.271 slow=0.001 dev=0.2699) state=SHRINK window=204 floor=204 high=12673 low=0 ncc=16
[AIMD] FinalizeChunkRTT: cc=0x7fac78001000 slot=909 inflight_before=1
[AIMD] FinalizeChunkRTT: cc=0x7fac7c163370 slot=267 inflight_before=1
[AIMD] FinalizeChunkRTT: cc=0x7fac900c6aa0 slot=78 inflight_before=8
[AIMD] FinalizeChunkRTT: cc=0x7fac74006de0 slot=496 inflight_before=1
[AIMD] FinalizeChunkRTT: cc=0x7fac84001000 slot=327 inflight_before=2
a100-llm-05:3931531:3931649 [0] NCCL INFO V2MIN: pressure=1.000 (fast=0.061 slow=0.001 dev=0.0595) state=SHRINK window=204 floor=204 high=17389 low=0 ncc=16
[AIMD] FinalizeChunkRTT: cc=0x7fac7c163370 slot=858 inflight_before=1
[AIMD] FinalizeChunkRTT: cc=0x7fac900c6aa0 slot=128 inflight_before=8
[AIMD] FinalizeChunkRTT: cc=0x7fac84001000 slot=632 inflight_before=1
CSV written to: det_v2_tuned_run6/bench_latency_20260416_183929.csv

========================================
  Oracle Experiment Results
========================================
Config: nDev=8  count=1048576  data=4.19 MB  iters=1000
NCCL_AIMD_ENABLE=1  NCCL_CC_ORACLE_FACTOR=(unset)

Wall-clock latency (us):
  mean= 20577.6  stddev= 16612.0
  p50 = 18590.3  p99   = 74865.3  max= 83216.4

Collective max GPU latency (us):
  mean= 19723.8  stddev= 16116.1
  p50 = 17899.0  p99   = 70272.9  max= 82700.3

Rank skew (us):
  mean=   691.4  stddev=  1991.0
  p50 =   162.8  p99   =  9396.7  max= 18366.5

Avg algo bandwidth: 0.36 GB/s
========================================

